2020-07-01 08:28:43 GC log file created /mnt/c/cassandra/apache-cassandra-3.11.4/bin/../logs/gc.log.2
OpenJDK 64-Bit Server VM (25.252-b09) for linux-amd64 JRE (1.8.0_252-8u252-b09-1ubuntu1-b09), built on Apr 16 2020 08:47:49 by "buildd" with gcc 9.3.0
Memory: 4k page, physical 16662648k(1337832k free), swap 50331648k(47733028k free)
CommandLine flags: -XX:+AlwaysPreTouch -XX:CICompilerCount=3 -XX:+CMSClassUnloadingEnabled -XX:+CMSEdenChunksRecordAlways -XX:CMSInitiatingOccupancyFraction=75 -XX:+CMSParallelInitialMarkEnabled -XX:+CMSParallelRemarkEnabled -XX:CMSWaitDuration=10000 -XX:CompileCommandFile=/mnt/c/cassandra/apache-cassandra-3.11.4/bin/../conf/hotspot_compiler -XX:GCLogFileSize=10485760 -XX:+HeapDumpOnOutOfMemoryError -XX:InitialHeapSize=4265607168 -XX:InitialTenuringThreshold=1 -XX:+ManagementServer -XX:MaxHeapSize=4265607168 -XX:MaxNewSize=419430400 -XX:MaxTenuringThreshold=1 -XX:MinHeapDeltaBytes=196608 -XX:NewSize=419430400 -XX:NumberOfGCLogFiles=10 -XX:OldPLABSize=16 -XX:OldSize=3846176768 -XX:OnOutOfMemoryError=kill -9 %p -XX:+PerfDisableSharedMem -XX:+PrintGC -XX:+PrintGCApplicationStoppedTime -XX:+PrintGCDateStamps -XX:+PrintGCDetails -XX:+PrintGCTimeStamps -XX:+PrintHeapAtGC -XX:+PrintPromotionFailure -XX:+PrintTenuringDistribution -XX:+ResizeTLAB -XX:StringTableSize=1000003 -XX:SurvivorRatio=8 -XX:ThreadPriorityPolicy=42 -XX:ThreadStackSize=256 -XX:-UseBiasedLocking -XX:+UseCMSInitiatingOccupancyOnly -XX:+UseCompressedClassPointers -XX:+UseCompressedOops -XX:+UseConcMarkSweepGC -XX:+UseCondCardMark -XX:+UseGCLogFileRotation -XX:-UseNUMA -XX:+UseParNewGC -XX:+UseTLAB -XX:+UseThreadPriorities 
{Heap before GC invocations=495085 (full 2):
 par new generation   total 368640K, used 327682K [0x00000006c1c00000, 0x00000006dac00000, 0x00000006dac00000)
  eden space 327680K, 100% used [0x00000006c1c00000, 0x00000006d5c00000, 0x00000006d5c00000)
  from space 40960K,   0% used [0x00000006d8400000, 0x00000006d8400810, 0x00000006dac00000)
  to   space 40960K,   0% used [0x00000006d5c00000, 0x00000006d5c00000, 0x00000006d8400000)
 concurrent mark-sweep generation total 3756032K, used 1080793K [0x00000006dac00000, 0x00000007c0000000, 0x00000007c0000000)
 Metaspace       used 42573K, capacity 43892K, committed 44572K, reserved 1087488K
  class space    used 5454K, capacity 5756K, committed 5960K, reserved 1048576K
2020-07-01T08:28:43.657+0200: 399878.300: [GC (Allocation Failure) 2020-07-01T08:28:43.658+0200: 399878.300: [ParNew
Desired survivor size 20971520 bytes, new threshold 1 (max 1)
- age   1:        304 bytes,        304 total
: 327682K->2K(368640K), 0.2094101 secs] 1408475K->1080795K(4124672K), 0.2096327 secs] [Times: user=0.00 sys=0.00, real=0.21 secs] 
Heap after GC invocations=495086 (full 2):
 par new generation   total 368640K, used 2K [0x00000006c1c00000, 0x00000006dac00000, 0x00000006dac00000)
  eden space 327680K,   0% used [0x00000006c1c00000, 0x00000006c1c00000, 0x00000006d5c00000)
  from space 40960K,   0% used [0x00000006d5c00000, 0x00000006d5c00810, 0x00000006d8400000)
  to   space 40960K,   0% used [0x00000006d8400000, 0x00000006d8400000, 0x00000006dac00000)
 concurrent mark-sweep generation total 3756032K, used 1080793K [0x00000006dac00000, 0x00000007c0000000, 0x00000007c0000000)
 Metaspace       used 42573K, capacity 43892K, committed 44572K, reserved 1087488K
  class space    used 5454K, capacity 5756K, committed 5960K, reserved 1048576K
}
2020-07-01T08:28:43.867+0200: 399878.510: Total time for which application threads were stopped: 0.2133739 seconds, Stopping threads took: 0.0000729 seconds
{Heap before GC invocations=495086 (full 2):
 par new generation   total 368640K, used 327682K [0x00000006c1c00000, 0x00000006dac00000, 0x00000006dac00000)
  eden space 327680K, 100% used [0x00000006c1c00000, 0x00000006d5c00000, 0x00000006d5c00000)
  from space 40960K,   0% used [0x00000006d5c00000, 0x00000006d5c00810, 0x00000006d8400000)
  to   space 40960K,   0% used [0x00000006d8400000, 0x00000006d8400000, 0x00000006dac00000)
 concurrent mark-sweep generation total 3756032K, used 1080793K [0x00000006dac00000, 0x00000007c0000000, 0x00000007c0000000)
 Metaspace       used 42573K, capacity 43892K, committed 44572K, reserved 1087488K
  class space    used 5454K, capacity 5756K, committed 5960K, reserved 1048576K
2020-07-01T08:28:44.489+0200: 399879.132: [GC (Allocation Failure) 2020-07-01T08:28:44.489+0200: 399879.132: [ParNew
Desired survivor size 20971520 bytes, new threshold 1 (max 1)
- age   1:        848 bytes,        848 total
: 327682K->4K(368640K), 0.0074806 secs] 1408475K->1080797K(4124672K), 0.0076363 secs] [Times: user=0.05 sys=0.00, real=0.00 secs] 
Heap after GC invocations=495087 (full 2):
 par new generation   total 368640K, used 4K [0x00000006c1c00000, 0x00000006dac00000, 0x00000006dac00000)
  eden space 327680K,   0% used [0x00000006c1c00000, 0x00000006c1c00000, 0x00000006d5c00000)
  from space 40960K,   0% used [0x00000006d8400000, 0x00000006d8401020, 0x00000006dac00000)
  to   space 40960K,   0% used [0x00000006d5c00000, 0x00000006d5c00000, 0x00000006d8400000)
 concurrent mark-sweep generation total 3756032K, used 1080793K [0x00000006dac00000, 0x00000007c0000000, 0x00000007c0000000)
 Metaspace       used 42573K, capacity 43892K, committed 44572K, reserved 1087488K
  class space    used 5454K, capacity 5756K, committed 5960K, reserved 1048576K
}
2020-07-01T08:28:44.497+0200: 399879.140: Total time for which application threads were stopped: 0.0079201 seconds, Stopping threads took: 0.0000491 seconds
{Heap before GC invocations=495087 (full 2):
 par new generation   total 368640K, used 327684K [0x00000006c1c00000, 0x00000006dac00000, 0x00000006dac00000)
  eden space 327680K, 100% used [0x00000006c1c00000, 0x00000006d5c00000, 0x00000006d5c00000)
  from space 40960K,   0% used [0x00000006d8400000, 0x00000006d8401020, 0x00000006dac00000)
  to   space 40960K,   0% used [0x00000006d5c00000, 0x00000006d5c00000, 0x00000006d8400000)
 concurrent mark-sweep generation total 3756032K, used 1080793K [0x00000006dac00000, 0x00000007c0000000, 0x00000007c0000000)
 Metaspace       used 42573K, capacity 43892K, committed 44572K, reserved 1087488K
  class space    used 5454K, capacity 5756K, committed 5960K, reserved 1048576K
2020-07-01T08:28:44.816+0200: 399879.459: [GC (Allocation Failure) 2020-07-01T08:28:44.816+0200: 399879.459: [ParNew
Desired survivor size 20971520 bytes, new threshold 1 (max 1)
- age   1:        240 bytes,        240 total
: 327684K->4K(368640K), 0.0111369 secs] 1408477K->1080797K(4124672K), 0.0112553 secs] [Times: user=0.03 sys=0.00, real=0.01 secs] 
Heap after GC invocations=495088 (full 2):
 par new generation   total 368640K, used 4K [0x00000006c1c00000, 0x00000006dac00000, 0x00000006dac00000)
  eden space 327680K,   0% used [0x00000006c1c00000, 0x00000006c1c00000, 0x00000006d5c00000)
  from space 40960K,   0% used [0x00000006d5c00000, 0x00000006d5c01020, 0x00000006d8400000)
  to   space 40960K,   0% used [0x00000006d8400000, 0x00000006d8400000, 0x00000006dac00000)
 concurrent mark-sweep generation total 3756032K, used 1080793K [0x00000006dac00000, 0x00000007c0000000, 0x00000007c0000000)
 Metaspace       used 42573K, capacity 43892K, committed 44572K, reserved 1087488K
  class space    used 5454K, capacity 5756K, committed 5960K, reserved 1048576K
}
2020-07-01T08:28:44.827+0200: 399879.470: Total time for which application threads were stopped: 0.0115534 seconds, Stopping threads took: 0.0000505 seconds
{Heap before GC invocations=495088 (full 2):
 par new generation   total 368640K, used 327684K [0x00000006c1c00000, 0x00000006dac00000, 0x00000006dac00000)
  eden space 327680K, 100% used [0x00000006c1c00000, 0x00000006d5c00000, 0x00000006d5c00000)
  from space 40960K,   0% used [0x00000006d5c00000, 0x00000006d5c01020, 0x00000006d8400000)
  to   space 40960K,   0% used [0x00000006d8400000, 0x00000006d8400000, 0x00000006dac00000)
 concurrent mark-sweep generation total 3756032K, used 1080793K [0x00000006dac00000, 0x00000007c0000000, 0x00000007c0000000)
 Metaspace       used 42573K, capacity 43892K, committed 44572K, reserved 1087488K
  class space    used 5454K, capacity 5756K, committed 5960K, reserved 1048576K
2020-07-01T08:28:45.156+0200: 399879.799: [GC (Allocation Failure) 2020-07-01T08:28:45.156+0200: 399879.799: [ParNew
Desired survivor size 20971520 bytes, new threshold 1 (max 1)
- age   1:        240 bytes,        240 total
: 327684K->4K(368640K), 0.0152549 secs] 1408477K->1080797K(4124672K), 0.0153800 secs] [Times: user=0.00 sys=0.00, real=0.02 secs] 
Heap after GC invocations=495089 (full 2):
 par new generation   total 368640K, used 4K [0x00000006c1c00000, 0x00000006dac00000, 0x00000006dac00000)
  eden space 327680K,   0% used [0x00000006c1c00000, 0x00000006c1c00000, 0x00000006d5c00000)
  from space 40960K,   0% used [0x00000006d8400000, 0x00000006d8401020, 0x00000006dac00000)
  to   space 40960K,   0% used [0x00000006d5c00000, 0x00000006d5c00000, 0x00000006d8400000)
 concurrent mark-sweep generation total 3756032K, used 1080793K [0x00000006dac00000, 0x00000007c0000000, 0x00000007c0000000)
 Metaspace       used 42573K, capacity 43892K, committed 44572K, reserved 1087488K
  class space    used 5454K, capacity 5756K, committed 5960K, reserved 1048576K
}
2020-07-01T08:28:45.172+0200: 399879.815: Total time for which application threads were stopped: 0.0180946 seconds, Stopping threads took: 0.0024294 seconds
{Heap before GC invocations=495089 (full 2):
 par new generation   total 368640K, used 327684K [0x00000006c1c00000, 0x00000006dac00000, 0x00000006dac00000)
  eden space 327680K, 100% used [0x00000006c1c00000, 0x00000006d5c00000, 0x00000006d5c00000)
  from space 40960K,   0% used [0x00000006d8400000, 0x00000006d8401020, 0x00000006dac00000)
  to   space 40960K,   0% used [0x00000006d5c00000, 0x00000006d5c00000, 0x00000006d8400000)
 concurrent mark-sweep generation total 3756032K, used 1080793K [0x00000006dac00000, 0x00000007c0000000, 0x00000007c0000000)
 Metaspace       used 42573K, capacity 43892K, committed 44572K, reserved 1087488K
  class space    used 5454K, capacity 5756K, committed 5960K, reserved 1048576K
2020-07-01T08:28:45.502+0200: 399880.145: [GC (Allocation Failure) 2020-07-01T08:28:45.502+0200: 399880.145: [ParNew
Desired survivor size 20971520 bytes, new threshold 1 (max 1)
- age   1:        760 bytes,        760 total
: 327684K->4K(368640K), 0.0141035 secs] 1408477K->1080797K(4124672K), 0.0142340 secs] [Times: user=0.03 sys=0.00, real=0.01 secs] 
Heap after GC invocations=495090 (full 2):
 par new generation   total 368640K, used 4K [0x00000006c1c00000, 0x00000006dac00000, 0x00000006dac00000)
  eden space 327680K,   0% used [0x00000006c1c00000, 0x00000006c1c00000, 0x00000006d5c00000)
  from space 40960K,   0% used [0x00000006d5c00000, 0x00000006d5c01020, 0x00000006d8400000)
  to   space 40960K,   0% used [0x00000006d8400000, 0x00000006d8400000, 0x00000006dac00000)
 concurrent mark-sweep generation total 3756032K, used 1080793K [0x00000006dac00000, 0x00000007c0000000, 0x00000007c0000000)
 Metaspace       used 42573K, capacity 43892K, committed 44572K, reserved 1087488K
  class space    used 5454K, capacity 5756K, committed 5960K, reserved 1048576K
}
2020-07-01T08:28:45.516+0200: 399880.159: Total time for which application threads were stopped: 0.0145991 seconds, Stopping threads took: 0.0000641 seconds
{Heap before GC invocations=495090 (full 2):
 par new generation   total 368640K, used 327684K [0x00000006c1c00000, 0x00000006dac00000, 0x00000006dac00000)
  eden space 327680K, 100% used [0x00000006c1c00000, 0x00000006d5c00000, 0x00000006d5c00000)
  from space 40960K,   0% used [0x00000006d5c00000, 0x00000006d5c01020, 0x00000006d8400000)
  to   space 40960K,   0% used [0x00000006d8400000, 0x00000006d8400000, 0x00000006dac00000)
 concurrent mark-sweep generation total 3756032K, used 1080793K [0x00000006dac00000, 0x00000007c0000000, 0x00000007c0000000)
 Metaspace       used 42573K, capacity 43892K, committed 44572K, reserved 1087488K
  class space    used 5454K, capacity 5756K, committed 5960K, reserved 1048576K
2020-07-01T08:28:45.829+0200: 399880.472: [GC (Allocation Failure) 2020-07-01T08:28:45.829+0200: 399880.472: [ParNew
Desired survivor size 20971520 bytes, new threshold 1 (max 1)
- age   1:        240 bytes,        240 total
: 327684K->6K(368640K), 0.0092646 secs] 1408477K->1080800K(4124672K), 0.0093938 secs] [Times: user=0.00 sys=0.00, real=0.01 secs] 
Heap after GC invocations=495091 (full 2):
 par new generation   total 368640K, used 6K [0x00000006c1c00000, 0x00000006dac00000, 0x00000006dac00000)
  eden space 327680K,   0% used [0x00000006c1c00000, 0x00000006c1c00000, 0x00000006d5c00000)
  from space 40960K,   0% used [0x00000006d8400000, 0x00000006d8401830, 0x00000006dac00000)
  to   space 40960K,   0% used [0x00000006d5c00000, 0x00000006d5c00000, 0x00000006d8400000)
 concurrent mark-sweep generation total 3756032K, used 1080794K [0x00000006dac00000, 0x00000007c0000000, 0x00000007c0000000)
 Metaspace       used 42573K, capacity 43892K, committed 44572K, reserved 1087488K
  class space    used 5454K, capacity 5756K, committed 5960K, reserved 1048576K
}
2020-07-01T08:28:45.839+0200: 399880.482: Total time for which application threads were stopped: 0.0098170 seconds, Stopping threads took: 0.0001141 seconds
{Heap before GC invocations=495091 (full 2):
 par new generation   total 368640K, used 327686K [0x00000006c1c00000, 0x00000006dac00000, 0x00000006dac00000)
  eden space 327680K, 100% used [0x00000006c1c00000, 0x00000006d5c00000, 0x00000006d5c00000)
  from space 40960K,   0% used [0x00000006d8400000, 0x00000006d8401830, 0x00000006dac00000)
  to   space 40960K,   0% used [0x00000006d5c00000, 0x00000006d5c00000, 0x00000006d8400000)
 concurrent mark-sweep generation total 3756032K, used 1080794K [0x00000006dac00000, 0x00000007c0000000, 0x00000007c0000000)
 Metaspace       used 42573K, capacity 43892K, committed 44572K, reserved 1087488K
  class space    used 5454K, capacity 5756K, committed 5960K, reserved 1048576K
2020-07-01T08:28:46.129+0200: 399880.772: [GC (Allocation Failure) 2020-07-01T08:28:46.129+0200: 399880.772: [ParNew
Desired survivor size 20971520 bytes, new threshold 1 (max 1)
- age   1:        240 bytes,        240 total
: 327686K->4K(368640K), 0.0113438 secs] 1408480K->1080798K(4124672K), 0.0114626 secs] [Times: user=0.04 sys=0.00, real=0.01 secs] 
Heap after GC invocations=495092 (full 2):
 par new generation   total 368640K, used 4K [0x00000006c1c00000, 0x00000006dac00000, 0x00000006dac00000)
  eden space 327680K,   0% used [0x00000006c1c00000, 0x00000006c1c00000, 0x00000006d5c00000)
  from space 40960K,   0% used [0x00000006d5c00000, 0x00000006d5c01020, 0x00000006d8400000)
  to   space 40960K,   0% used [0x00000006d8400000, 0x00000006d8400000, 0x00000006dac00000)
 concurrent mark-sweep generation total 3756032K, used 1080794K [0x00000006dac00000, 0x00000007c0000000, 0x00000007c0000000)
 Metaspace       used 42573K, capacity 43892K, committed 44572K, reserved 1087488K
  class space    used 5454K, capacity 5756K, committed 5960K, reserved 1048576K
}
2020-07-01T08:28:46.141+0200: 399880.784: Total time for which application threads were stopped: 0.0118174 seconds, Stopping threads took: 0.0001233 seconds
{Heap before GC invocations=495092 (full 2):
 par new generation   total 368640K, used 327684K [0x00000006c1c00000, 0x00000006dac00000, 0x00000006dac00000)
  eden space 327680K, 100% used [0x00000006c1c00000, 0x00000006d5c00000, 0x00000006d5c00000)
  from space 40960K,   0% used [0x00000006d5c00000, 0x00000006d5c01020, 0x00000006d8400000)
  to   space 40960K,   0% used [0x00000006d8400000, 0x00000006d8400000, 0x00000006dac00000)
 concurrent mark-sweep generation total 3756032K, used 1080794K [0x00000006dac00000, 0x00000007c0000000, 0x00000007c0000000)
 Metaspace       used 42573K, capacity 43892K, committed 44572K, reserved 1087488K
  class space    used 5454K, capacity 5756K, committed 5960K, reserved 1048576K
2020-07-01T08:28:46.423+0200: 399881.066: [GC (Allocation Failure) 2020-07-01T08:28:46.423+0200: 399881.066: [ParNew
Desired survivor size 20971520 bytes, new threshold 1 (max 1)
- age   1:        304 bytes,        304 total
: 327684K->4K(368640K), 0.0135448 secs] 1408478K->1080798K(4124672K), 0.0136779 secs] [Times: user=0.00 sys=0.00, real=0.01 secs] 
Heap after GC invocations=495093 (full 2):
 par new generation   total 368640K, used 4K [0x00000006c1c00000, 0x00000006dac00000, 0x00000006dac00000)
  eden space 327680K,   0% used [0x00000006c1c00000, 0x00000006c1c00000, 0x00000006d5c00000)
  from space 40960K,   0% used [0x00000006d8400000, 0x00000006d8401020, 0x00000006dac00000)
  to   space 40960K,   0% used [0x00000006d5c00000, 0x00000006d5c00000, 0x00000006d8400000)
 concurrent mark-sweep generation total 3756032K, used 1080794K [0x00000006dac00000, 0x00000007c0000000, 0x00000007c0000000)
 Metaspace       used 42573K, capacity 43892K, committed 44572K, reserved 1087488K
  class space    used 5454K, capacity 5756K, committed 5960K, reserved 1048576K
}
2020-07-01T08:28:46.436+0200: 399881.079: Total time for which application threads were stopped: 0.0140160 seconds, Stopping threads took: 0.0000977 seconds
{Heap before GC invocations=495093 (full 2):
 par new generation   total 368640K, used 327684K [0x00000006c1c00000, 0x00000006dac00000, 0x00000006dac00000)
  eden space 327680K, 100% used [0x00000006c1c00000, 0x00000006d5c00000, 0x00000006d5c00000)
  from space 40960K,   0% used [0x00000006d8400000, 0x00000006d8401020, 0x00000006dac00000)
  to   space 40960K,   0% used [0x00000006d5c00000, 0x00000006d5c00000, 0x00000006d8400000)
 concurrent mark-sweep generation total 3756032K, used 1080794K [0x00000006dac00000, 0x00000007c0000000, 0x00000007c0000000)
 Metaspace       used 42573K, capacity 43892K, committed 44572K, reserved 1087488K
  class space    used 5454K, capacity 5756K, committed 5960K, reserved 1048576K
2020-07-01T08:28:46.742+0200: 399881.385: [GC (Allocation Failure) 2020-07-01T08:28:46.742+0200: 399881.385: [ParNew
Desired survivor size 20971520 bytes, new threshold 1 (max 1)
- age   1:        272 bytes,        272 total
: 327684K->4K(368640K), 0.0095582 secs] 1408478K->1080798K(4124672K), 0.0097364 secs] [Times: user=0.03 sys=0.00, real=0.01 secs] 
Heap after GC invocations=495094 (full 2):
 par new generation   total 368640K, used 4K [0x00000006c1c00000, 0x00000006dac00000, 0x00000006dac00000)
  eden space 327680K,   0% used [0x00000006c1c00000, 0x00000006c1c00000, 0x00000006d5c00000)
  from space 40960K,   0% used [0x00000006d5c00000, 0x00000006d5c01020, 0x00000006d8400000)
  to   space 40960K,   0% used [0x00000006d8400000, 0x00000006d8400000, 0x00000006dac00000)
 concurrent mark-sweep generation total 3756032K, used 1080794K [0x00000006dac00000, 0x00000007c0000000, 0x00000007c0000000)
 Metaspace       used 42573K, capacity 43892K, committed 44572K, reserved 1087488K
  class space    used 5454K, capacity 5756K, committed 5960K, reserved 1048576K
}
2020-07-01T08:28:46.752+0200: 399881.395: Total time for which application threads were stopped: 0.0102504 seconds, Stopping threads took: 0.0002621 seconds
{Heap before GC invocations=495094 (full 2):
 par new generation   total 368640K, used 327684K [0x00000006c1c00000, 0x00000006dac00000, 0x00000006dac00000)
  eden space 327680K, 100% used [0x00000006c1c00000, 0x00000006d5c00000, 0x00000006d5c00000)
  from space 40960K,   0% used [0x00000006d5c00000, 0x00000006d5c01020, 0x00000006d8400000)
  to   space 40960K,   0% used [0x00000006d8400000, 0x00000006d8400000, 0x00000006dac00000)
 concurrent mark-sweep generation total 3756032K, used 1080794K [0x00000006dac00000, 0x00000007c0000000, 0x00000007c0000000)
 Metaspace       used 42573K, capacity 43892K, committed 44572K, reserved 1087488K
  class space    used 5454K, capacity 5756K, committed 5960K, reserved 1048576K
2020-07-01T08:28:47.036+0200: 399881.679: [GC (Allocation Failure) 2020-07-01T08:28:47.037+0200: 399881.679: [ParNew
Desired survivor size 20971520 bytes, new threshold 1 (max 1)
- age   1:        240 bytes,        240 total
: 327684K->6K(368640K), 0.0071631 secs] 1408478K->1080800K(4124672K), 0.0074544 secs] [Times: user=0.05 sys=0.00, real=0.01 secs] 
Heap after GC invocations=495095 (full 2):
 par new generation   total 368640K, used 6K [0x00000006c1c00000, 0x00000006dac00000, 0x00000006dac00000)
  eden space 327680K,   0% used [0x00000006c1c00000, 0x00000006c1c00000, 0x00000006d5c00000)
  from space 40960K,   0% used [0x00000006d8400000, 0x00000006d8401830, 0x00000006dac00000)
  to   space 40960K,   0% used [0x00000006d5c00000, 0x00000006d5c00000, 0x00000006d8400000)
 concurrent mark-sweep generation total 3756032K, used 1080794K [0x00000006dac00000, 0x00000007c0000000, 0x00000007c0000000)
 Metaspace       used 42573K, capacity 43892K, committed 44572K, reserved 1087488K
  class space    used 5454K, capacity 5756K, committed 5960K, reserved 1048576K
}
2020-07-01T08:28:47.044+0200: 399881.687: Total time for which application threads were stopped: 0.0077515 seconds, Stopping threads took: 0.0000519 seconds
{Heap before GC invocations=495095 (full 2):
 par new generation   total 368640K, used 327686K [0x00000006c1c00000, 0x00000006dac00000, 0x00000006dac00000)
  eden space 327680K, 100% used [0x00000006c1c00000, 0x00000006d5c00000, 0x00000006d5c00000)
  from space 40960K,   0% used [0x00000006d8400000, 0x00000006d8401830, 0x00000006dac00000)
  to   space 40960K,   0% used [0x00000006d5c00000, 0x00000006d5c00000, 0x00000006d8400000)
 concurrent mark-sweep generation total 3756032K, used 1080794K [0x00000006dac00000, 0x00000007c0000000, 0x00000007c0000000)
 Metaspace       used 42573K, capacity 43892K, committed 44572K, reserved 1087488K
  class space    used 5454K, capacity 5756K, committed 5960K, reserved 1048576K
2020-07-01T08:28:47.330+0200: 399881.973: [GC (Allocation Failure) 2020-07-01T08:28:47.330+0200: 399881.973: [ParNew
Desired survivor size 20971520 bytes, new threshold 1 (max 1)
- age   1:        304 bytes,        304 total
: 327686K->4K(368640K), 0.0123856 secs] 1408480K->1080798K(4124672K), 0.0125447 secs] [Times: user=0.03 sys=0.00, real=0.01 secs] 
Heap after GC invocations=495096 (full 2):
 par new generation   total 368640K, used 4K [0x00000006c1c00000, 0x00000006dac00000, 0x00000006dac00000)
  eden space 327680K,   0% used [0x00000006c1c00000, 0x00000006c1c00000, 0x00000006d5c00000)
  from space 40960K,   0% used [0x00000006d5c00000, 0x00000006d5c01020, 0x00000006d8400000)
  to   space 40960K,   0% used [0x00000006d8400000, 0x00000006d8400000, 0x00000006dac00000)
 concurrent mark-sweep generation total 3756032K, used 1080794K [0x00000006dac00000, 0x00000007c0000000, 0x00000007c0000000)
 Metaspace       used 42573K, capacity 43892K, committed 44572K, reserved 1087488K
  class space    used 5454K, capacity 5756K, committed 5960K, reserved 1048576K
}
2020-07-01T08:28:47.343+0200: 399881.985: Total time for which application threads were stopped: 0.0129428 seconds, Stopping threads took: 0.0001566 seconds
{Heap before GC invocations=495096 (full 2):
 par new generation   total 368640K, used 327684K [0x00000006c1c00000, 0x00000006dac00000, 0x00000006dac00000)
  eden space 327680K, 100% used [0x00000006c1c00000, 0x00000006d5c00000, 0x00000006d5c00000)
  from space 40960K,   0% used [0x00000006d5c00000, 0x00000006d5c01020, 0x00000006d8400000)
  to   space 40960K,   0% used [0x00000006d8400000, 0x00000006d8400000, 0x00000006dac00000)
 concurrent mark-sweep generation total 3756032K, used 1080794K [0x00000006dac00000, 0x00000007c0000000, 0x00000007c0000000)
 Metaspace       used 42573K, capacity 43892K, committed 44572K, reserved 1087488K
  class space    used 5454K, capacity 5756K, committed 5960K, reserved 1048576K
2020-07-01T08:28:47.628+0200: 399882.271: [GC (Allocation Failure) 2020-07-01T08:28:47.628+0200: 399882.271: [ParNew
Desired survivor size 20971520 bytes, new threshold 1 (max 1)
- age   1:        504 bytes,        504 total
: 327684K->6K(368640K), 0.0093855 secs] 1408478K->1080800K(4124672K), 0.0095219 secs] [Times: user=0.03 sys=0.00, real=0.00 secs] 
Heap after GC invocations=495097 (full 2):
 par new generation   total 368640K, used 6K [0x00000006c1c00000, 0x00000006dac00000, 0x00000006dac00000)
  eden space 327680K,   0% used [0x00000006c1c00000, 0x00000006c1c00000, 0x00000006d5c00000)
  from space 40960K,   0% used [0x00000006d8400000, 0x00000006d8401830, 0x00000006dac00000)
  to   space 40960K,   0% used [0x00000006d5c00000, 0x00000006d5c00000, 0x00000006d8400000)
 concurrent mark-sweep generation total 3756032K, used 1080794K [0x00000006dac00000, 0x00000007c0000000, 0x00000007c0000000)
 Metaspace       used 42573K, capacity 43892K, committed 44572K, reserved 1087488K
  class space    used 5454K, capacity 5756K, committed 5960K, reserved 1048576K
}
2020-07-01T08:28:47.638+0200: 399882.280: Total time for which application threads were stopped: 0.0100478 seconds, Stopping threads took: 0.0002756 seconds
{Heap before GC invocations=495097 (full 2):
 par new generation   total 368640K, used 327686K [0x00000006c1c00000, 0x00000006dac00000, 0x00000006dac00000)
  eden space 327680K, 100% used [0x00000006c1c00000, 0x00000006d5c00000, 0x00000006d5c00000)
  from space 40960K,   0% used [0x00000006d8400000, 0x00000006d8401830, 0x00000006dac00000)
  to   space 40960K,   0% used [0x00000006d5c00000, 0x00000006d5c00000, 0x00000006d8400000)
 concurrent mark-sweep generation total 3756032K, used 1080794K [0x00000006dac00000, 0x00000007c0000000, 0x00000007c0000000)
 Metaspace       used 42573K, capacity 43892K, committed 44572K, reserved 1087488K
  class space    used 5454K, capacity 5756K, committed 5960K, reserved 1048576K
2020-07-01T08:28:47.928+0200: 399882.571: [GC (Allocation Failure) 2020-07-01T08:28:47.928+0200: 399882.571: [ParNew
Desired survivor size 20971520 bytes, new threshold 1 (max 1)
- age   1:        272 bytes,        272 total
: 327686K->4K(368640K), 0.0086260 secs] 1408480K->1080798K(4124672K), 0.0087999 secs] [Times: user=0.03 sys=0.00, real=0.00 secs] 
Heap after GC invocations=495098 (full 2):
 par new generation   total 368640K, used 4K [0x00000006c1c00000, 0x00000006dac00000, 0x00000006dac00000)
  eden space 327680K,   0% used [0x00000006c1c00000, 0x00000006c1c00000, 0x00000006d5c00000)
  from space 40960K,   0% used [0x00000006d5c00000, 0x00000006d5c01020, 0x00000006d8400000)
  to   space 40960K,   0% used [0x00000006d8400000, 0x00000006d8400000, 0x00000006dac00000)
 concurrent mark-sweep generation total 3756032K, used 1080794K [0x00000006dac00000, 0x00000007c0000000, 0x00000007c0000000)
 Metaspace       used 42573K, capacity 43892K, committed 44572K, reserved 1087488K
  class space    used 5454K, capacity 5756K, committed 5960K, reserved 1048576K
}
2020-07-01T08:28:47.937+0200: 399882.580: Total time for which application threads were stopped: 0.0091827 seconds, Stopping threads took: 0.0001066 seconds
{Heap before GC invocations=495098 (full 2):
 par new generation   total 368640K, used 327684K [0x00000006c1c00000, 0x00000006dac00000, 0x00000006dac00000)
  eden space 327680K, 100% used [0x00000006c1c00000, 0x00000006d5c00000, 0x00000006d5c00000)
  from space 40960K,   0% used [0x00000006d5c00000, 0x00000006d5c01020, 0x00000006d8400000)
  to   space 40960K,   0% used [0x00000006d8400000, 0x00000006d8400000, 0x00000006dac00000)
 concurrent mark-sweep generation total 3756032K, used 1080794K [0x00000006dac00000, 0x00000007c0000000, 0x00000007c0000000)
 Metaspace       used 42573K, capacity 43892K, committed 44572K, reserved 1087488K
  class space    used 5454K, capacity 5756K, committed 5960K, reserved 1048576K
2020-07-01T08:28:48.233+0200: 399882.876: [GC (Allocation Failure) 2020-07-01T08:28:48.234+0200: 399882.876: [ParNew
Desired survivor size 20971520 bytes, new threshold 1 (max 1)
- age   1:        272 bytes,        272 total
: 327684K->4K(368640K), 0.0094768 secs] 1408478K->1080798K(4124672K), 0.0096040 secs] [Times: user=0.00 sys=0.00, real=0.01 secs] 
Heap after GC invocations=495099 (full 2):
 par new generation   total 368640K, used 4K [0x00000006c1c00000, 0x00000006dac00000, 0x00000006dac00000)
  eden space 327680K,   0% used [0x00000006c1c00000, 0x00000006c1c00000, 0x00000006d5c00000)
  from space 40960K,   0% used [0x00000006d8400000, 0x00000006d8401020, 0x00000006dac00000)
  to   space 40960K,   0% used [0x00000006d5c00000, 0x00000006d5c00000, 0x00000006d8400000)
 concurrent mark-sweep generation total 3756032K, used 1080794K [0x00000006dac00000, 0x00000007c0000000, 0x00000007c0000000)
 Metaspace       used 42573K, capacity 43892K, committed 44572K, reserved 1087488K
  class space    used 5454K, capacity 5756K, committed 5960K, reserved 1048576K
}
2020-07-01T08:28:48.243+0200: 399882.886: Total time for which application threads were stopped: 0.0098950 seconds, Stopping threads took: 0.0000564 seconds
{Heap before GC invocations=495099 (full 2):
 par new generation   total 368640K, used 327684K [0x00000006c1c00000, 0x00000006dac00000, 0x00000006dac00000)
  eden space 327680K, 100% used [0x00000006c1c00000, 0x00000006d5c00000, 0x00000006d5c00000)
  from space 40960K,   0% used [0x00000006d8400000, 0x00000006d8401020, 0x00000006dac00000)
  to   space 40960K,   0% used [0x00000006d5c00000, 0x00000006d5c00000, 0x00000006d8400000)
 concurrent mark-sweep generation total 3756032K, used 1080794K [0x00000006dac00000, 0x00000007c0000000, 0x00000007c0000000)
 Metaspace       used 42573K, capacity 43892K, committed 44572K, reserved 1087488K
  class space    used 5454K, capacity 5756K, committed 5960K, reserved 1048576K
2020-07-01T08:28:48.524+0200: 399883.167: [GC (Allocation Failure) 2020-07-01T08:28:48.525+0200: 399883.167: [ParNew
Desired survivor size 20971520 bytes, new threshold 1 (max 1)
- age   1:        272 bytes,        272 total
: 327684K->4K(368640K), 0.0119385 secs] 1408478K->1080798K(4124672K), 0.0122255 secs] [Times: user=0.04 sys=0.00, real=0.01 secs] 
Heap after GC invocations=495100 (full 2):
 par new generation   total 368640K, used 4K [0x00000006c1c00000, 0x00000006dac00000, 0x00000006dac00000)
  eden space 327680K,   0% used [0x00000006c1c00000, 0x00000006c1c00000, 0x00000006d5c00000)
  from space 40960K,   0% used [0x00000006d5c00000, 0x00000006d5c01020, 0x00000006d8400000)
  to   space 40960K,   0% used [0x00000006d8400000, 0x00000006d8400000, 0x00000006dac00000)
 concurrent mark-sweep generation total 3756032K, used 1080794K [0x00000006dac00000, 0x00000007c0000000, 0x00000007c0000000)
 Metaspace       used 42573K, capacity 43892K, committed 44572K, reserved 1087488K
  class space    used 5454K, capacity 5756K, committed 5960K, reserved 1048576K
}
2020-07-01T08:28:48.537+0200: 399883.180: Total time for which application threads were stopped: 0.0132624 seconds, Stopping threads took: 0.0000540 seconds
{Heap before GC invocations=495100 (full 2):
 par new generation   total 368640K, used 327684K [0x00000006c1c00000, 0x00000006dac00000, 0x00000006dac00000)
  eden space 327680K, 100% used [0x00000006c1c00000, 0x00000006d5c00000, 0x00000006d5c00000)
  from space 40960K,   0% used [0x00000006d5c00000, 0x00000006d5c01020, 0x00000006d8400000)
  to   space 40960K,   0% used [0x00000006d8400000, 0x00000006d8400000, 0x00000006dac00000)
 concurrent mark-sweep generation total 3756032K, used 1080794K [0x00000006dac00000, 0x00000007c0000000, 0x00000007c0000000)
 Metaspace       used 42573K, capacity 43892K, committed 44572K, reserved 1087488K
  class space    used 5454K, capacity 5756K, committed 5960K, reserved 1048576K
2020-07-01T08:28:48.816+0200: 399883.459: [GC (Allocation Failure) 2020-07-01T08:28:48.817+0200: 399883.459: [ParNew
Desired survivor size 20971520 bytes, new threshold 1 (max 1)
- age   1:        240 bytes,        240 total
: 327684K->4K(368640K), 0.0099922 secs] 1408478K->1080798K(4124672K), 0.0101233 secs] [Times: user=0.03 sys=0.00, real=0.01 secs] 
Heap after GC invocations=495101 (full 2):
 par new generation   total 368640K, used 4K [0x00000006c1c00000, 0x00000006dac00000, 0x00000006dac00000)
  eden space 327680K,   0% used [0x00000006c1c00000, 0x00000006c1c00000, 0x00000006d5c00000)
  from space 40960K,   0% used [0x00000006d8400000, 0x00000006d8401020, 0x00000006dac00000)
  to   space 40960K,   0% used [0x00000006d5c00000, 0x00000006d5c00000, 0x00000006d8400000)
 concurrent mark-sweep generation total 3756032K, used 1080794K [0x00000006dac00000, 0x00000007c0000000, 0x00000007c0000000)
 Metaspace       used 42573K, capacity 43892K, committed 44572K, reserved 1087488K
  class space    used 5454K, capacity 5756K, committed 5960K, reserved 1048576K
}
2020-07-01T08:28:48.827+0200: 399883.469: Total time for which application threads were stopped: 0.0104786 seconds, Stopping threads took: 0.0001244 seconds
{Heap before GC invocations=495101 (full 2):
 par new generation   total 368640K, used 327684K [0x00000006c1c00000, 0x00000006dac00000, 0x00000006dac00000)
  eden space 327680K, 100% used [0x00000006c1c00000, 0x00000006d5c00000, 0x00000006d5c00000)
  from space 40960K,   0% used [0x00000006d8400000, 0x00000006d8401020, 0x00000006dac00000)
  to   space 40960K,   0% used [0x00000006d5c00000, 0x00000006d5c00000, 0x00000006d8400000)
 concurrent mark-sweep generation total 3756032K, used 1080794K [0x00000006dac00000, 0x00000007c0000000, 0x00000007c0000000)
 Metaspace       used 42573K, capacity 43892K, committed 44572K, reserved 1087488K
  class space    used 5454K, capacity 5756K, committed 5960K, reserved 1048576K
2020-07-01T08:28:49.123+0200: 399883.765: [GC (Allocation Failure) 2020-07-01T08:28:49.123+0200: 399883.766: [ParNew
Desired survivor size 20971520 bytes, new threshold 1 (max 1)
- age   1:        240 bytes,        240 total
: 327684K->4K(368640K), 0.0159772 secs] 1408478K->1080798K(4124672K), 0.0160991 secs] [Times: user=0.00 sys=0.00, real=0.02 secs] 
Heap after GC invocations=495102 (full 2):
 par new generation   total 368640K, used 4K [0x00000006c1c00000, 0x00000006dac00000, 0x00000006dac00000)
  eden space 327680K,   0% used [0x00000006c1c00000, 0x00000006c1c00000, 0x00000006d5c00000)
  from space 40960K,   0% used [0x00000006d5c00000, 0x00000006d5c01020, 0x00000006d8400000)
  to   space 40960K,   0% used [0x00000006d8400000, 0x00000006d8400000, 0x00000006dac00000)
 concurrent mark-sweep generation total 3756032K, used 1080794K [0x00000006dac00000, 0x00000007c0000000, 0x00000007c0000000)
 Metaspace       used 42573K, capacity 43892K, committed 44572K, reserved 1087488K
  class space    used 5454K, capacity 5756K, committed 5960K, reserved 1048576K
}
2020-07-01T08:28:49.139+0200: 399883.782: Total time for which application threads were stopped: 0.0164300 seconds, Stopping threads took: 0.0000967 seconds
{Heap before GC invocations=495102 (full 2):
 par new generation   total 368640K, used 327684K [0x00000006c1c00000, 0x00000006dac00000, 0x00000006dac00000)
  eden space 327680K, 100% used [0x00000006c1c00000, 0x00000006d5c00000, 0x00000006d5c00000)
  from space 40960K,   0% used [0x00000006d5c00000, 0x00000006d5c01020, 0x00000006d8400000)
  to   space 40960K,   0% used [0x00000006d8400000, 0x00000006d8400000, 0x00000006dac00000)
 concurrent mark-sweep generation total 3756032K, used 1080794K [0x00000006dac00000, 0x00000007c0000000, 0x00000007c0000000)
 Metaspace       used 42573K, capacity 43892K, committed 44572K, reserved 1087488K
  class space    used 5454K, capacity 5756K, committed 5960K, reserved 1048576K
2020-07-01T08:28:49.428+0200: 399884.070: [GC (Allocation Failure) 2020-07-01T08:28:49.428+0200: 399884.071: [ParNew
Desired survivor size 20971520 bytes, new threshold 1 (max 1)
- age   1:        336 bytes,        336 total
: 327684K->6K(368640K), 0.0101883 secs] 1408478K->1080800K(4124672K), 0.0103263 secs] [Times: user=0.03 sys=0.00, real=0.02 secs] 
Heap after GC invocations=495103 (full 2):
 par new generation   total 368640K, used 6K [0x00000006c1c00000, 0x00000006dac00000, 0x00000006dac00000)
  eden space 327680K,   0% used [0x00000006c1c00000, 0x00000006c1c00000, 0x00000006d5c00000)
  from space 40960K,   0% used [0x00000006d8400000, 0x00000006d8401830, 0x00000006dac00000)
  to   space 40960K,   0% used [0x00000006d5c00000, 0x00000006d5c00000, 0x00000006d8400000)
 concurrent mark-sweep generation total 3756032K, used 1080794K [0x00000006dac00000, 0x00000007c0000000, 0x00000007c0000000)
 Metaspace       used 42573K, capacity 43892K, committed 44572K, reserved 1087488K
  class space    used 5454K, capacity 5756K, committed 5960K, reserved 1048576K
}
2020-07-01T08:28:49.438+0200: 399884.081: Total time for which application threads were stopped: 0.0107090 seconds, Stopping threads took: 0.0001291 seconds
{Heap before GC invocations=495103 (full 2):
 par new generation   total 368640K, used 327686K [0x00000006c1c00000, 0x00000006dac00000, 0x00000006dac00000)
  eden space 327680K, 100% used [0x00000006c1c00000, 0x00000006d5c00000, 0x00000006d5c00000)
  from space 40960K,   0% used [0x00000006d8400000, 0x00000006d8401830, 0x00000006dac00000)
  to   space 40960K,   0% used [0x00000006d5c00000, 0x00000006d5c00000, 0x00000006d8400000)
 concurrent mark-sweep generation total 3756032K, used 1080794K [0x00000006dac00000, 0x00000007c0000000, 0x00000007c0000000)
 Metaspace       used 42573K, capacity 43892K, committed 44572K, reserved 1087488K
  class space    used 5454K, capacity 5756K, committed 5960K, reserved 1048576K
2020-07-01T08:28:49.717+0200: 399884.360: [GC (Allocation Failure) 2020-07-01T08:28:49.718+0200: 399884.360: [ParNew
Desired survivor size 20971520 bytes, new threshold 1 (max 1)
- age   1:        240 bytes,        240 total
: 327686K->4K(368640K), 0.0110446 secs] 1408480K->1080799K(4124672K), 0.0112063 secs] [Times: user=0.00 sys=0.00, real=0.02 secs] 
Heap after GC invocations=495104 (full 2):
 par new generation   total 368640K, used 4K [0x00000006c1c00000, 0x00000006dac00000, 0x00000006dac00000)
  eden space 327680K,   0% used [0x00000006c1c00000, 0x00000006c1c00000, 0x00000006d5c00000)
  from space 40960K,   0% used [0x00000006d5c00000, 0x00000006d5c01020, 0x00000006d8400000)
  to   space 40960K,   0% used [0x00000006d8400000, 0x00000006d8400000, 0x00000006dac00000)
 concurrent mark-sweep generation total 3756032K, used 1080795K [0x00000006dac00000, 0x00000007c0000000, 0x00000007c0000000)
 Metaspace       used 42573K, capacity 43892K, committed 44572K, reserved 1087488K
  class space    used 5454K, capacity 5756K, committed 5960K, reserved 1048576K
}
2020-07-01T08:28:49.729+0200: 399884.372: Total time for which application threads were stopped: 0.0117245 seconds, Stopping threads took: 0.0000890 seconds
{Heap before GC invocations=495104 (full 2):
 par new generation   total 368640K, used 327684K [0x00000006c1c00000, 0x00000006dac00000, 0x00000006dac00000)
  eden space 327680K, 100% used [0x00000006c1c00000, 0x00000006d5c00000, 0x00000006d5c00000)
  from space 40960K,   0% used [0x00000006d5c00000, 0x00000006d5c01020, 0x00000006d8400000)
  to   space 40960K,   0% used [0x00000006d8400000, 0x00000006d8400000, 0x00000006dac00000)
 concurrent mark-sweep generation total 3756032K, used 1080795K [0x00000006dac00000, 0x00000007c0000000, 0x00000007c0000000)
 Metaspace       used 42573K, capacity 43892K, committed 44572K, reserved 1087488K
  class space    used 5454K, capacity 5756K, committed 5960K, reserved 1048576K
2020-07-01T08:28:50.017+0200: 399884.660: [GC (Allocation Failure) 2020-07-01T08:28:50.017+0200: 399884.660: [ParNew
Desired survivor size 20971520 bytes, new threshold 1 (max 1)
- age   1:        240 bytes,        240 total
: 327684K->4K(368640K), 0.0098565 secs] 1408479K->1080799K(4124672K), 0.0099822 secs] [Times: user=0.03 sys=0.00, real=0.01 secs] 
Heap after GC invocations=495105 (full 2):
 par new generation   total 368640K, used 4K [0x00000006c1c00000, 0x00000006dac00000, 0x00000006dac00000)
  eden space 327680K,   0% used [0x00000006c1c00000, 0x00000006c1c00000, 0x00000006d5c00000)
  from space 40960K,   0% used [0x00000006d8400000, 0x00000006d8401020, 0x00000006dac00000)
  to   space 40960K,   0% used [0x00000006d5c00000, 0x00000006d5c00000, 0x00000006d8400000)
 concurrent mark-sweep generation total 3756032K, used 1080795K [0x00000006dac00000, 0x00000007c0000000, 0x00000007c0000000)
 Metaspace       used 42573K, capacity 43892K, committed 44572K, reserved 1087488K
  class space    used 5454K, capacity 5756K, committed 5960K, reserved 1048576K
}
2020-07-01T08:28:50.027+0200: 399884.670: Total time for which application threads were stopped: 0.0103677 seconds, Stopping threads took: 0.0001009 seconds
{Heap before GC invocations=495105 (full 2):
 par new generation   total 368640K, used 327684K [0x00000006c1c00000, 0x00000006dac00000, 0x00000006dac00000)
  eden space 327680K, 100% used [0x00000006c1c00000, 0x00000006d5c00000, 0x00000006d5c00000)
  from space 40960K,   0% used [0x00000006d8400000, 0x00000006d8401020, 0x00000006dac00000)
  to   space 40960K,   0% used [0x00000006d5c00000, 0x00000006d5c00000, 0x00000006d8400000)
 concurrent mark-sweep generation total 3756032K, used 1080795K [0x00000006dac00000, 0x00000007c0000000, 0x00000007c0000000)
 Metaspace       used 42573K, capacity 43892K, committed 44572K, reserved 1087488K
  class space    used 5454K, capacity 5756K, committed 5960K, reserved 1048576K
2020-07-01T08:28:50.316+0200: 399884.959: [GC (Allocation Failure) 2020-07-01T08:28:50.316+0200: 399884.959: [ParNew
Desired survivor size 20971520 bytes, new threshold 1 (max 1)
- age   1:        336 bytes,        336 total
: 327684K->4K(368640K), 0.0109658 secs] 1408479K->1080799K(4124672K), 0.0111112 secs] [Times: user=0.04 sys=0.00, real=0.01 secs] 
Heap after GC invocations=495106 (full 2):
 par new generation   total 368640K, used 4K [0x00000006c1c00000, 0x00000006dac00000, 0x00000006dac00000)
  eden space 327680K,   0% used [0x00000006c1c00000, 0x00000006c1c00000, 0x00000006d5c00000)
  from space 40960K,   0% used [0x00000006d5c00000, 0x00000006d5c01020, 0x00000006d8400000)
  to   space 40960K,   0% used [0x00000006d8400000, 0x00000006d8400000, 0x00000006dac00000)
 concurrent mark-sweep generation total 3756032K, used 1080795K [0x00000006dac00000, 0x00000007c0000000, 0x00000007c0000000)
 Metaspace       used 42573K, capacity 43892K, committed 44572K, reserved 1087488K
  class space    used 5454K, capacity 5756K, committed 5960K, reserved 1048576K
}
2020-07-01T08:28:50.327+0200: 399884.970: Total time for which application threads were stopped: 0.0114551 seconds, Stopping threads took: 0.0000971 seconds
{Heap before GC invocations=495106 (full 2):
 par new generation   total 368640K, used 327684K [0x00000006c1c00000, 0x00000006dac00000, 0x00000006dac00000)
  eden space 327680K, 100% used [0x00000006c1c00000, 0x00000006d5c00000, 0x00000006d5c00000)
  from space 40960K,   0% used [0x00000006d5c00000, 0x00000006d5c01020, 0x00000006d8400000)
  to   space 40960K,   0% used [0x00000006d8400000, 0x00000006d8400000, 0x00000006dac00000)
 concurrent mark-sweep generation total 3756032K, used 1080795K [0x00000006dac00000, 0x00000007c0000000, 0x00000007c0000000)
 Metaspace       used 42573K, capacity 43892K, committed 44572K, reserved 1087488K
  class space    used 5454K, capacity 5756K, committed 5960K, reserved 1048576K
2020-07-01T08:28:50.604+0200: 399885.247: [GC (Allocation Failure) 2020-07-01T08:28:50.605+0200: 399885.248: [ParNew
Desired survivor size 20971520 bytes, new threshold 1 (max 1)
- age   1:        272 bytes,        272 total
: 327684K->4K(368640K), 0.0102718 secs] 1408479K->1080799K(4124672K), 0.0104861 secs] [Times: user=0.00 sys=0.02, real=0.01 secs] 
Heap after GC invocations=495107 (full 2):
 par new generation   total 368640K, used 4K [0x00000006c1c00000, 0x00000006dac00000, 0x00000006dac00000)
  eden space 327680K,   0% used [0x00000006c1c00000, 0x00000006c1c00000, 0x00000006d5c00000)
  from space 40960K,   0% used [0x00000006d8400000, 0x00000006d8401020, 0x00000006dac00000)
  to   space 40960K,   0% used [0x00000006d5c00000, 0x00000006d5c00000, 0x00000006d8400000)
 concurrent mark-sweep generation total 3756032K, used 1080795K [0x00000006dac00000, 0x00000007c0000000, 0x00000007c0000000)
 Metaspace       used 42573K, capacity 43892K, committed 44572K, reserved 1087488K
  class space    used 5454K, capacity 5756K, committed 5960K, reserved 1048576K
}
2020-07-01T08:28:50.615+0200: 399885.258: Total time for which application threads were stopped: 0.0108877 seconds, Stopping threads took: 0.0000935 seconds
{Heap before GC invocations=495107 (full 2):
 par new generation   total 368640K, used 327684K [0x00000006c1c00000, 0x00000006dac00000, 0x00000006dac00000)
  eden space 327680K, 100% used [0x00000006c1c00000, 0x00000006d5c00000, 0x00000006d5c00000)
  from space 40960K,   0% used [0x00000006d8400000, 0x00000006d8401020, 0x00000006dac00000)
  to   space 40960K,   0% used [0x00000006d5c00000, 0x00000006d5c00000, 0x00000006d8400000)
 concurrent mark-sweep generation total 3756032K, used 1080795K [0x00000006dac00000, 0x00000007c0000000, 0x00000007c0000000)
 Metaspace       used 42573K, capacity 43892K, committed 44572K, reserved 1087488K
  class space    used 5454K, capacity 5756K, committed 5960K, reserved 1048576K
2020-07-01T08:28:50.924+0200: 399885.567: [GC (Allocation Failure) 2020-07-01T08:28:50.924+0200: 399885.567: [ParNew
Desired survivor size 20971520 bytes, new threshold 1 (max 1)
- age   1:        272 bytes,        272 total
: 327684K->4K(368640K), 0.0101887 secs] 1408479K->1080799K(4124672K), 0.0103339 secs] [Times: user=0.03 sys=0.00, real=0.01 secs] 
Heap after GC invocations=495108 (full 2):
 par new generation   total 368640K, used 4K [0x00000006c1c00000, 0x00000006dac00000, 0x00000006dac00000)
  eden space 327680K,   0% used [0x00000006c1c00000, 0x00000006c1c00000, 0x00000006d5c00000)
  from space 40960K,   0% used [0x00000006d5c00000, 0x00000006d5c01020, 0x00000006d8400000)
  to   space 40960K,   0% used [0x00000006d8400000, 0x00000006d8400000, 0x00000006dac00000)
 concurrent mark-sweep generation total 3756032K, used 1080795K [0x00000006dac00000, 0x00000007c0000000, 0x00000007c0000000)
 Metaspace       used 42573K, capacity 43892K, committed 44572K, reserved 1087488K
  class space    used 5454K, capacity 5756K, committed 5960K, reserved 1048576K
}
2020-07-01T08:28:50.934+0200: 399885.577: Total time for which application threads were stopped: 0.0107008 seconds, Stopping threads took: 0.0001251 seconds
{Heap before GC invocations=495108 (full 2):
 par new generation   total 368640K, used 327684K [0x00000006c1c00000, 0x00000006dac00000, 0x00000006dac00000)
  eden space 327680K, 100% used [0x00000006c1c00000, 0x00000006d5c00000, 0x00000006d5c00000)
  from space 40960K,   0% used [0x00000006d5c00000, 0x00000006d5c01020, 0x00000006d8400000)
  to   space 40960K,   0% used [0x00000006d8400000, 0x00000006d8400000, 0x00000006dac00000)
 concurrent mark-sweep generation total 3756032K, used 1080795K [0x00000006dac00000, 0x00000007c0000000, 0x00000007c0000000)
 Metaspace       used 42573K, capacity 43892K, committed 44572K, reserved 1087488K
  class space    used 5454K, capacity 5756K, committed 5960K, reserved 1048576K
2020-07-01T08:28:51.205+0200: 399885.848: [GC (Allocation Failure) 2020-07-01T08:28:51.206+0200: 399885.848: [ParNew
Desired survivor size 20971520 bytes, new threshold 1 (max 1)
- age   1:        272 bytes,        272 total
: 327684K->4K(368640K), 0.0106095 secs] 1408479K->1080799K(4124672K), 0.0108824 secs] [Times: user=0.03 sys=0.00, real=0.01 secs] 
Heap after GC invocations=495109 (full 2):
 par new generation   total 368640K, used 4K [0x00000006c1c00000, 0x00000006dac00000, 0x00000006dac00000)
  eden space 327680K,   0% used [0x00000006c1c00000, 0x00000006c1c00000, 0x00000006d5c00000)
  from space 40960K,   0% used [0x00000006d8400000, 0x00000006d8401020, 0x00000006dac00000)
  to   space 40960K,   0% used [0x00000006d5c00000, 0x00000006d5c00000, 0x00000006d8400000)
 concurrent mark-sweep generation total 3756032K, used 1080795K [0x00000006dac00000, 0x00000007c0000000, 0x00000007c0000000)
 Metaspace       used 42573K, capacity 43892K, committed 44572K, reserved 1087488K
  class space    used 5454K, capacity 5756K, committed 5960K, reserved 1048576K
}
2020-07-01T08:28:51.216+0200: 399885.859: Total time for which application threads were stopped: 0.0112109 seconds, Stopping threads took: 0.0000907 seconds
{Heap before GC invocations=495109 (full 2):
 par new generation   total 368640K, used 327684K [0x00000006c1c00000, 0x00000006dac00000, 0x00000006dac00000)
  eden space 327680K, 100% used [0x00000006c1c00000, 0x00000006d5c00000, 0x00000006d5c00000)
  from space 40960K,   0% used [0x00000006d8400000, 0x00000006d8401020, 0x00000006dac00000)
  to   space 40960K,   0% used [0x00000006d5c00000, 0x00000006d5c00000, 0x00000006d8400000)
 concurrent mark-sweep generation total 3756032K, used 1080795K [0x00000006dac00000, 0x00000007c0000000, 0x00000007c0000000)
 Metaspace       used 42573K, capacity 43892K, committed 44572K, reserved 1087488K
  class space    used 5454K, capacity 5756K, committed 5960K, reserved 1048576K
2020-07-01T08:28:51.503+0200: 399886.145: [GC (Allocation Failure) 2020-07-01T08:28:51.503+0200: 399886.145: [ParNew
Desired survivor size 20971520 bytes, new threshold 1 (max 1)
- age   1:        304 bytes,        304 total
: 327684K->4K(368640K), 0.0132587 secs] 1408479K->1080799K(4124672K), 0.0133728 secs] [Times: user=0.04 sys=0.00, real=0.01 secs] 
Heap after GC invocations=495110 (full 2):
 par new generation   total 368640K, used 4K [0x00000006c1c00000, 0x00000006dac00000, 0x00000006dac00000)
  eden space 327680K,   0% used [0x00000006c1c00000, 0x00000006c1c00000, 0x00000006d5c00000)
  from space 40960K,   0% used [0x00000006d5c00000, 0x00000006d5c01020, 0x00000006d8400000)
  to   space 40960K,   0% used [0x00000006d8400000, 0x00000006d8400000, 0x00000006dac00000)
 concurrent mark-sweep generation total 3756032K, used 1080795K [0x00000006dac00000, 0x00000007c0000000, 0x00000007c0000000)
 Metaspace       used 42573K, capacity 43892K, committed 44572K, reserved 1087488K
  class space    used 5454K, capacity 5756K, committed 5960K, reserved 1048576K
}
2020-07-01T08:28:51.516+0200: 399886.159: Total time for which application threads were stopped: 0.0138968 seconds, Stopping threads took: 0.0002778 seconds
{Heap before GC invocations=495110 (full 2):
 par new generation   total 368640K, used 327684K [0x00000006c1c00000, 0x00000006dac00000, 0x00000006dac00000)
  eden space 327680K, 100% used [0x00000006c1c00000, 0x00000006d5c00000, 0x00000006d5c00000)
  from space 40960K,   0% used [0x00000006d5c00000, 0x00000006d5c01020, 0x00000006d8400000)
  to   space 40960K,   0% used [0x00000006d8400000, 0x00000006d8400000, 0x00000006dac00000)
 concurrent mark-sweep generation total 3756032K, used 1080795K [0x00000006dac00000, 0x00000007c0000000, 0x00000007c0000000)
 Metaspace       used 42573K, capacity 43892K, committed 44572K, reserved 1087488K
  class space    used 5454K, capacity 5756K, committed 5960K, reserved 1048576K
2020-07-01T08:28:51.837+0200: 399886.479: [GC (Allocation Failure) 2020-07-01T08:28:51.837+0200: 399886.479: [ParNew
Desired survivor size 20971520 bytes, new threshold 1 (max 1)
- age   1:        272 bytes,        272 total
: 327684K->4K(368640K), 0.0095112 secs] 1408479K->1080799K(4124672K), 0.0096291 secs] [Times: user=0.03 sys=0.00, real=0.01 secs] 
Heap after GC invocations=495111 (full 2):
 par new generation   total 368640K, used 4K [0x00000006c1c00000, 0x00000006dac00000, 0x00000006dac00000)
  eden space 327680K,   0% used [0x00000006c1c00000, 0x00000006c1c00000, 0x00000006d5c00000)
  from space 40960K,   0% used [0x00000006d8400000, 0x00000006d8401020, 0x00000006dac00000)
  to   space 40960K,   0% used [0x00000006d5c00000, 0x00000006d5c00000, 0x00000006d8400000)
 concurrent mark-sweep generation total 3756032K, used 1080795K [0x00000006dac00000, 0x00000007c0000000, 0x00000007c0000000)
 Metaspace       used 42573K, capacity 43892K, committed 44572K, reserved 1087488K
  class space    used 5454K, capacity 5756K, committed 5960K, reserved 1048576K
}
2020-07-01T08:28:51.846+0200: 399886.489: Total time for which application threads were stopped: 0.0099628 seconds, Stopping threads took: 0.0000545 seconds
{Heap before GC invocations=495111 (full 2):
 par new generation   total 368640K, used 327684K [0x00000006c1c00000, 0x00000006dac00000, 0x00000006dac00000)
  eden space 327680K, 100% used [0x00000006c1c00000, 0x00000006d5c00000, 0x00000006d5c00000)
  from space 40960K,   0% used [0x00000006d8400000, 0x00000006d8401020, 0x00000006dac00000)
  to   space 40960K,   0% used [0x00000006d5c00000, 0x00000006d5c00000, 0x00000006d8400000)
 concurrent mark-sweep generation total 3756032K, used 1080795K [0x00000006dac00000, 0x00000007c0000000, 0x00000007c0000000)
 Metaspace       used 42573K, capacity 43892K, committed 44572K, reserved 1087488K
  class space    used 5454K, capacity 5756K, committed 5960K, reserved 1048576K
2020-07-01T08:28:52.158+0200: 399886.800: [GC (Allocation Failure) 2020-07-01T08:28:52.158+0200: 399886.800: [ParNew
Desired survivor size 20971520 bytes, new threshold 1 (max 1)
- age   1:        240 bytes,        240 total
: 327684K->2K(368640K), 0.0490862 secs] 1408479K->1080797K(4124672K), 0.0491893 secs] [Times: user=0.03 sys=0.00, real=0.05 secs] 
Heap after GC invocations=495112 (full 2):
 par new generation   total 368640K, used 2K [0x00000006c1c00000, 0x00000006dac00000, 0x00000006dac00000)
  eden space 327680K,   0% used [0x00000006c1c00000, 0x00000006c1c00000, 0x00000006d5c00000)
  from space 40960K,   0% used [0x00000006d5c00000, 0x00000006d5c00810, 0x00000006d8400000)
  to   space 40960K,   0% used [0x00000006d8400000, 0x00000006d8400000, 0x00000006dac00000)
 concurrent mark-sweep generation total 3756032K, used 1080795K [0x00000006dac00000, 0x00000007c0000000, 0x00000007c0000000)
 Metaspace       used 42573K, capacity 43892K, committed 44572K, reserved 1087488K
  class space    used 5454K, capacity 5756K, committed 5960K, reserved 1048576K
}
2020-07-01T08:28:52.207+0200: 399886.850: Total time for which application threads were stopped: 0.0494761 seconds, Stopping threads took: 0.0000491 seconds
{Heap before GC invocations=495112 (full 2):
 par new generation   total 368640K, used 327682K [0x00000006c1c00000, 0x00000006dac00000, 0x00000006dac00000)
  eden space 327680K, 100% used [0x00000006c1c00000, 0x00000006d5c00000, 0x00000006d5c00000)
  from space 40960K,   0% used [0x00000006d5c00000, 0x00000006d5c00810, 0x00000006d8400000)
  to   space 40960K,   0% used [0x00000006d8400000, 0x00000006d8400000, 0x00000006dac00000)
 concurrent mark-sweep generation total 3756032K, used 1080795K [0x00000006dac00000, 0x00000007c0000000, 0x00000007c0000000)
 Metaspace       used 42573K, capacity 43892K, committed 44572K, reserved 1087488K
  class space    used 5454K, capacity 5756K, committed 5960K, reserved 1048576K
2020-07-01T08:28:52.537+0200: 399887.179: [GC (Allocation Failure) 2020-07-01T08:28:52.537+0200: 399887.180: [ParNew
Desired survivor size 20971520 bytes, new threshold 1 (max 1)
- age   1:        304 bytes,        304 total
: 327682K->2K(368640K), 0.0318735 secs] 1408477K->1080797K(4124672K), 0.0319831 secs] [Times: user=0.01 sys=0.00, real=0.04 secs] 
Heap after GC invocations=495113 (full 2):
 par new generation   total 368640K, used 2K [0x00000006c1c00000, 0x00000006dac00000, 0x00000006dac00000)
  eden space 327680K,   0% used [0x00000006c1c00000, 0x00000006c1c00000, 0x00000006d5c00000)
  from space 40960K,   0% used [0x00000006d8400000, 0x00000006d8400810, 0x00000006dac00000)
  to   space 40960K,   0% used [0x00000006d5c00000, 0x00000006d5c00000, 0x00000006d8400000)
 concurrent mark-sweep generation total 3756032K, used 1080795K [0x00000006dac00000, 0x00000007c0000000, 0x00000007c0000000)
 Metaspace       used 42573K, capacity 43892K, committed 44572K, reserved 1087488K
  class space    used 5454K, capacity 5756K, committed 5960K, reserved 1048576K
}
2020-07-01T08:28:52.569+0200: 399887.212: Total time for which application threads were stopped: 0.0324855 seconds, Stopping threads took: 0.0002602 seconds
{Heap before GC invocations=495113 (full 2):
 par new generation   total 368640K, used 327682K [0x00000006c1c00000, 0x00000006dac00000, 0x00000006dac00000)
  eden space 327680K, 100% used [0x00000006c1c00000, 0x00000006d5c00000, 0x00000006d5c00000)
  from space 40960K,   0% used [0x00000006d8400000, 0x00000006d8400810, 0x00000006dac00000)
  to   space 40960K,   0% used [0x00000006d5c00000, 0x00000006d5c00000, 0x00000006d8400000)
 concurrent mark-sweep generation total 3756032K, used 1080795K [0x00000006dac00000, 0x00000007c0000000, 0x00000007c0000000)
 Metaspace       used 42573K, capacity 43892K, committed 44572K, reserved 1087488K
  class space    used 5454K, capacity 5756K, committed 5960K, reserved 1048576K
2020-07-01T08:28:52.891+0200: 399887.534: [GC (Allocation Failure) 2020-07-01T08:28:52.892+0200: 399887.534: [ParNew
Desired survivor size 20971520 bytes, new threshold 1 (max 1)
- age   1:        240 bytes,        240 total
: 327682K->4K(368640K), 0.0189397 secs] 1408477K->1080799K(4124672K), 0.0190720 secs] [Times: user=0.01 sys=0.00, real=0.02 secs] 
Heap after GC invocations=495114 (full 2):
 par new generation   total 368640K, used 4K [0x00000006c1c00000, 0x00000006dac00000, 0x00000006dac00000)
  eden space 327680K,   0% used [0x00000006c1c00000, 0x00000006c1c00000, 0x00000006d5c00000)
  from space 40960K,   0% used [0x00000006d5c00000, 0x00000006d5c01020, 0x00000006d8400000)
  to   space 40960K,   0% used [0x00000006d8400000, 0x00000006d8400000, 0x00000006dac00000)
 concurrent mark-sweep generation total 3756032K, used 1080795K [0x00000006dac00000, 0x00000007c0000000, 0x00000007c0000000)
 Metaspace       used 42573K, capacity 43892K, committed 44572K, reserved 1087488K
  class space    used 5454K, capacity 5756K, committed 5960K, reserved 1048576K
}
2020-07-01T08:28:52.911+0200: 399887.553: Total time for which application threads were stopped: 0.0200745 seconds, Stopping threads took: 0.0007484 seconds
{Heap before GC invocations=495114 (full 2):
 par new generation   total 368640K, used 327684K [0x00000006c1c00000, 0x00000006dac00000, 0x00000006dac00000)
  eden space 327680K, 100% used [0x00000006c1c00000, 0x00000006d5c00000, 0x00000006d5c00000)
  from space 40960K,   0% used [0x00000006d5c00000, 0x00000006d5c01020, 0x00000006d8400000)
  to   space 40960K,   0% used [0x00000006d8400000, 0x00000006d8400000, 0x00000006dac00000)
 concurrent mark-sweep generation total 3756032K, used 1080795K [0x00000006dac00000, 0x00000007c0000000, 0x00000007c0000000)
 Metaspace       used 42573K, capacity 43892K, committed 44572K, reserved 1087488K
  class space    used 5454K, capacity 5756K, committed 5960K, reserved 1048576K
2020-07-01T08:28:53.309+0200: 399887.952: [GC (Allocation Failure) 2020-07-01T08:28:53.309+0200: 399887.952: [ParNew
Desired survivor size 20971520 bytes, new threshold 1 (max 1)
- age   1:        272 bytes,        272 total
: 327684K->4K(368640K), 0.0151698 secs] 1408479K->1080799K(4124672K), 0.0152966 secs] [Times: user=0.01 sys=0.02, real=0.01 secs] 
Heap after GC invocations=495115 (full 2):
 par new generation   total 368640K, used 4K [0x00000006c1c00000, 0x00000006dac00000, 0x00000006dac00000)
  eden space 327680K,   0% used [0x00000006c1c00000, 0x00000006c1c00000, 0x00000006d5c00000)
  from space 40960K,   0% used [0x00000006d8400000, 0x00000006d8401020, 0x00000006dac00000)
  to   space 40960K,   0% used [0x00000006d5c00000, 0x00000006d5c00000, 0x00000006d8400000)
 concurrent mark-sweep generation total 3756032K, used 1080795K [0x00000006dac00000, 0x00000007c0000000, 0x00000007c0000000)
 Metaspace       used 42573K, capacity 43892K, committed 44572K, reserved 1087488K
  class space    used 5454K, capacity 5756K, committed 5960K, reserved 1048576K
}
2020-07-01T08:28:53.325+0200: 399887.967: Total time for which application threads were stopped: 0.0155998 seconds, Stopping threads took: 0.0000503 seconds
{Heap before GC invocations=495115 (full 2):
 par new generation   total 368640K, used 327684K [0x00000006c1c00000, 0x00000006dac00000, 0x00000006dac00000)
  eden space 327680K, 100% used [0x00000006c1c00000, 0x00000006d5c00000, 0x00000006d5c00000)
  from space 40960K,   0% used [0x00000006d8400000, 0x00000006d8401020, 0x00000006dac00000)
  to   space 40960K,   0% used [0x00000006d5c00000, 0x00000006d5c00000, 0x00000006d8400000)
 concurrent mark-sweep generation total 3756032K, used 1080795K [0x00000006dac00000, 0x00000007c0000000, 0x00000007c0000000)
 Metaspace       used 42573K, capacity 43892K, committed 44572K, reserved 1087488K
  class space    used 5454K, capacity 5756K, committed 5960K, reserved 1048576K
2020-07-01T08:28:53.641+0200: 399888.284: [GC (Allocation Failure) 2020-07-01T08:28:53.641+0200: 399888.284: [ParNew
Desired survivor size 20971520 bytes, new threshold 1 (max 1)
- age   1:        304 bytes,        304 total
: 327684K->4K(368640K), 0.0091508 secs] 1408479K->1080799K(4124672K), 0.0092757 secs] [Times: user=0.00 sys=0.00, real=0.01 secs] 
Heap after GC invocations=495116 (full 2):
 par new generation   total 368640K, used 4K [0x00000006c1c00000, 0x00000006dac00000, 0x00000006dac00000)
  eden space 327680K,   0% used [0x00000006c1c00000, 0x00000006c1c00000, 0x00000006d5c00000)
  from space 40960K,   0% used [0x00000006d5c00000, 0x00000006d5c01020, 0x00000006d8400000)
  to   space 40960K,   0% used [0x00000006d8400000, 0x00000006d8400000, 0x00000006dac00000)
 concurrent mark-sweep generation total 3756032K, used 1080795K [0x00000006dac00000, 0x00000007c0000000, 0x00000007c0000000)
 Metaspace       used 42573K, capacity 43892K, committed 44572K, reserved 1087488K
  class space    used 5454K, capacity 5756K, committed 5960K, reserved 1048576K
}
2020-07-01T08:28:53.650+0200: 399888.293: Total time for which application threads were stopped: 0.0096012 seconds, Stopping threads took: 0.0000949 seconds
{Heap before GC invocations=495116 (full 2):
 par new generation   total 368640K, used 327684K [0x00000006c1c00000, 0x00000006dac00000, 0x00000006dac00000)
  eden space 327680K, 100% used [0x00000006c1c00000, 0x00000006d5c00000, 0x00000006d5c00000)
  from space 40960K,   0% used [0x00000006d5c00000, 0x00000006d5c01020, 0x00000006d8400000)
  to   space 40960K,   0% used [0x00000006d8400000, 0x00000006d8400000, 0x00000006dac00000)
 concurrent mark-sweep generation total 3756032K, used 1080795K [0x00000006dac00000, 0x00000007c0000000, 0x00000007c0000000)
 Metaspace       used 42573K, capacity 43892K, committed 44572K, reserved 1087488K
  class space    used 5454K, capacity 5756K, committed 5960K, reserved 1048576K
2020-07-01T08:28:53.922+0200: 399888.565: [GC (Allocation Failure) 2020-07-01T08:28:53.922+0200: 399888.565: [ParNew
Desired survivor size 20971520 bytes, new threshold 1 (max 1)
- age   1:        240 bytes,        240 total
: 327684K->4K(368640K), 0.0106199 secs] 1408479K->1080799K(4124672K), 0.0108919 secs] [Times: user=0.00 sys=0.00, real=0.01 secs] 
Heap after GC invocations=495117 (full 2):
 par new generation   total 368640K, used 4K [0x00000006c1c00000, 0x00000006dac00000, 0x00000006dac00000)
  eden space 327680K,   0% used [0x00000006c1c00000, 0x00000006c1c00000, 0x00000006d5c00000)
  from space 40960K,   0% used [0x00000006d8400000, 0x00000006d8401020, 0x00000006dac00000)
  to   space 40960K,   0% used [0x00000006d5c00000, 0x00000006d5c00000, 0x00000006d8400000)
 concurrent mark-sweep generation total 3756032K, used 1080795K [0x00000006dac00000, 0x00000007c0000000, 0x00000007c0000000)
 Metaspace       used 42573K, capacity 43892K, committed 44572K, reserved 1087488K
  class space    used 5454K, capacity 5756K, committed 5960K, reserved 1048576K
}
2020-07-01T08:28:53.933+0200: 399888.576: Total time for which application threads were stopped: 0.0112597 seconds, Stopping threads took: 0.0000998 seconds
{Heap before GC invocations=495117 (full 2):
 par new generation   total 368640K, used 327684K [0x00000006c1c00000, 0x00000006dac00000, 0x00000006dac00000)
  eden space 327680K, 100% used [0x00000006c1c00000, 0x00000006d5c00000, 0x00000006d5c00000)
  from space 40960K,   0% used [0x00000006d8400000, 0x00000006d8401020, 0x00000006dac00000)
  to   space 40960K,   0% used [0x00000006d5c00000, 0x00000006d5c00000, 0x00000006d8400000)
 concurrent mark-sweep generation total 3756032K, used 1080795K [0x00000006dac00000, 0x00000007c0000000, 0x00000007c0000000)
 Metaspace       used 42573K, capacity 43892K, committed 44572K, reserved 1087488K
  class space    used 5454K, capacity 5756K, committed 5960K, reserved 1048576K
2020-07-01T08:28:54.209+0200: 399888.852: [GC (Allocation Failure) 2020-07-01T08:28:54.210+0200: 399888.852: [ParNew
Desired survivor size 20971520 bytes, new threshold 1 (max 1)
- age   1:        240 bytes,        240 total
: 327684K->4K(368640K), 0.0101790 secs] 1408479K->1080799K(4124672K), 0.0103361 secs] [Times: user=0.03 sys=0.00, real=0.01 secs] 
Heap after GC invocations=495118 (full 2):
 par new generation   total 368640K, used 4K [0x00000006c1c00000, 0x00000006dac00000, 0x00000006dac00000)
  eden space 327680K,   0% used [0x00000006c1c00000, 0x00000006c1c00000, 0x00000006d5c00000)
  from space 40960K,   0% used [0x00000006d5c00000, 0x00000006d5c01020, 0x00000006d8400000)
  to   space 40960K,   0% used [0x00000006d8400000, 0x00000006d8400000, 0x00000006dac00000)
 concurrent mark-sweep generation total 3756032K, used 1080795K [0x00000006dac00000, 0x00000007c0000000, 0x00000007c0000000)
 Metaspace       used 42573K, capacity 43892K, committed 44572K, reserved 1087488K
  class space    used 5454K, capacity 5756K, committed 5960K, reserved 1048576K
}
2020-07-01T08:28:54.220+0200: 399888.863: Total time for which application threads were stopped: 0.0107002 seconds, Stopping threads took: 0.0000961 seconds
{Heap before GC invocations=495118 (full 2):
 par new generation   total 368640K, used 327684K [0x00000006c1c00000, 0x00000006dac00000, 0x00000006dac00000)
  eden space 327680K, 100% used [0x00000006c1c00000, 0x00000006d5c00000, 0x00000006d5c00000)
  from space 40960K,   0% used [0x00000006d5c00000, 0x00000006d5c01020, 0x00000006d8400000)
  to   space 40960K,   0% used [0x00000006d8400000, 0x00000006d8400000, 0x00000006dac00000)
 concurrent mark-sweep generation total 3756032K, used 1080795K [0x00000006dac00000, 0x00000007c0000000, 0x00000007c0000000)
 Metaspace       used 42573K, capacity 43892K, committed 44572K, reserved 1087488K
  class space    used 5454K, capacity 5756K, committed 5960K, reserved 1048576K
2020-07-01T08:28:54.527+0200: 399889.169: [GC (Allocation Failure) 2020-07-01T08:28:54.527+0200: 399889.169: [ParNew
Desired survivor size 20971520 bytes, new threshold 1 (max 1)
- age   1:        336 bytes,        336 total
: 327684K->4K(368640K), 0.0100986 secs] 1408479K->1080799K(4124672K), 0.0102351 secs] [Times: user=0.00 sys=0.00, real=0.01 secs] 
Heap after GC invocations=495119 (full 2):
 par new generation   total 368640K, used 4K [0x00000006c1c00000, 0x00000006dac00000, 0x00000006dac00000)
  eden space 327680K,   0% used [0x00000006c1c00000, 0x00000006c1c00000, 0x00000006d5c00000)
  from space 40960K,   0% used [0x00000006d8400000, 0x00000006d8401020, 0x00000006dac00000)
  to   space 40960K,   0% used [0x00000006d5c00000, 0x00000006d5c00000, 0x00000006d8400000)
 concurrent mark-sweep generation total 3756032K, used 1080795K [0x00000006dac00000, 0x00000007c0000000, 0x00000007c0000000)
 Metaspace       used 42573K, capacity 43892K, committed 44572K, reserved 1087488K
  class space    used 5454K, capacity 5756K, committed 5960K, reserved 1048576K
}
2020-07-01T08:28:54.537+0200: 399889.180: Total time for which application threads were stopped: 0.0105956 seconds, Stopping threads took: 0.0001084 seconds
{Heap before GC invocations=495119 (full 2):
 par new generation   total 368640K, used 327684K [0x00000006c1c00000, 0x00000006dac00000, 0x00000006dac00000)
  eden space 327680K, 100% used [0x00000006c1c00000, 0x00000006d5c00000, 0x00000006d5c00000)
  from space 40960K,   0% used [0x00000006d8400000, 0x00000006d8401020, 0x00000006dac00000)
  to   space 40960K,   0% used [0x00000006d5c00000, 0x00000006d5c00000, 0x00000006d8400000)
 concurrent mark-sweep generation total 3756032K, used 1080795K [0x00000006dac00000, 0x00000007c0000000, 0x00000007c0000000)
 Metaspace       used 42573K, capacity 43892K, committed 44572K, reserved 1087488K
  class space    used 5454K, capacity 5756K, committed 5960K, reserved 1048576K
2020-07-01T08:28:54.819+0200: 399889.462: [GC (Allocation Failure) 2020-07-01T08:28:54.819+0200: 399889.462: [ParNew
Desired survivor size 20971520 bytes, new threshold 1 (max 1)
- age   1:        240 bytes,        240 total
: 327684K->4K(368640K), 0.0104381 secs] 1408479K->1080799K(4124672K), 0.0105615 secs] [Times: user=0.03 sys=0.00, real=0.01 secs] 
Heap after GC invocations=495120 (full 2):
 par new generation   total 368640K, used 4K [0x00000006c1c00000, 0x00000006dac00000, 0x00000006dac00000)
  eden space 327680K,   0% used [0x00000006c1c00000, 0x00000006c1c00000, 0x00000006d5c00000)
  from space 40960K,   0% used [0x00000006d5c00000, 0x00000006d5c01020, 0x00000006d8400000)
  to   space 40960K,   0% used [0x00000006d8400000, 0x00000006d8400000, 0x00000006dac00000)
 concurrent mark-sweep generation total 3756032K, used 1080795K [0x00000006dac00000, 0x00000007c0000000, 0x00000007c0000000)
 Metaspace       used 42573K, capacity 43892K, committed 44572K, reserved 1087488K
  class space    used 5454K, capacity 5756K, committed 5960K, reserved 1048576K
}
2020-07-01T08:28:54.830+0200: 399889.473: Total time for which application threads were stopped: 0.0109187 seconds, Stopping threads took: 0.0001003 seconds
{Heap before GC invocations=495120 (full 2):
 par new generation   total 368640K, used 327684K [0x00000006c1c00000, 0x00000006dac00000, 0x00000006dac00000)
  eden space 327680K, 100% used [0x00000006c1c00000, 0x00000006d5c00000, 0x00000006d5c00000)
  from space 40960K,   0% used [0x00000006d5c00000, 0x00000006d5c01020, 0x00000006d8400000)
  to   space 40960K,   0% used [0x00000006d8400000, 0x00000006d8400000, 0x00000006dac00000)
 concurrent mark-sweep generation total 3756032K, used 1080795K [0x00000006dac00000, 0x00000007c0000000, 0x00000007c0000000)
 Metaspace       used 42573K, capacity 43892K, committed 44572K, reserved 1087488K
  class space    used 5454K, capacity 5756K, committed 5960K, reserved 1048576K
2020-07-01T08:28:55.115+0200: 399889.757: [GC (Allocation Failure) 2020-07-01T08:28:55.115+0200: 399889.758: [ParNew
Desired survivor size 20971520 bytes, new threshold 1 (max 1)
- age   1:        240 bytes,        240 total
: 327684K->4K(368640K), 0.0103106 secs] 1408479K->1080799K(4124672K), 0.0104310 secs] [Times: user=0.03 sys=0.00, real=0.01 secs] 
Heap after GC invocations=495121 (full 2):
 par new generation   total 368640K, used 4K [0x00000006c1c00000, 0x00000006dac00000, 0x00000006dac00000)
  eden space 327680K,   0% used [0x00000006c1c00000, 0x00000006c1c00000, 0x00000006d5c00000)
  from space 40960K,   0% used [0x00000006d8400000, 0x00000006d8401020, 0x00000006dac00000)
  to   space 40960K,   0% used [0x00000006d5c00000, 0x00000006d5c00000, 0x00000006d8400000)
 concurrent mark-sweep generation total 3756032K, used 1080795K [0x00000006dac00000, 0x00000007c0000000, 0x00000007c0000000)
 Metaspace       used 42573K, capacity 43892K, committed 44572K, reserved 1087488K
  class space    used 5454K, capacity 5756K, committed 5960K, reserved 1048576K
}
2020-07-01T08:28:55.125+0200: 399889.768: Total time for which application threads were stopped: 0.0109019 seconds, Stopping threads took: 0.0002115 seconds
{Heap before GC invocations=495121 (full 2):
 par new generation   total 368640K, used 327684K [0x00000006c1c00000, 0x00000006dac00000, 0x00000006dac00000)
  eden space 327680K, 100% used [0x00000006c1c00000, 0x00000006d5c00000, 0x00000006d5c00000)
  from space 40960K,   0% used [0x00000006d8400000, 0x00000006d8401020, 0x00000006dac00000)
  to   space 40960K,   0% used [0x00000006d5c00000, 0x00000006d5c00000, 0x00000006d8400000)
 concurrent mark-sweep generation total 3756032K, used 1080795K [0x00000006dac00000, 0x00000007c0000000, 0x00000007c0000000)
 Metaspace       used 42573K, capacity 43892K, committed 44572K, reserved 1087488K
  class space    used 5454K, capacity 5756K, committed 5960K, reserved 1048576K
2020-07-01T08:28:55.428+0200: 399890.071: [GC (Allocation Failure) 2020-07-01T08:28:55.428+0200: 399890.071: [ParNew
Desired survivor size 20971520 bytes, new threshold 1 (max 1)
- age   1:        832 bytes,        832 total
: 327684K->4K(368640K), 0.0116386 secs] 1408479K->1080799K(4124672K), 0.0117588 secs] [Times: user=0.01 sys=0.00, real=0.01 secs] 
Heap after GC invocations=495122 (full 2):
 par new generation   total 368640K, used 4K [0x00000006c1c00000, 0x00000006dac00000, 0x00000006dac00000)
  eden space 327680K,   0% used [0x00000006c1c00000, 0x00000006c1c00000, 0x00000006d5c00000)
  from space 40960K,   0% used [0x00000006d5c00000, 0x00000006d5c01020, 0x00000006d8400000)
  to   space 40960K,   0% used [0x00000006d8400000, 0x00000006d8400000, 0x00000006dac00000)
 concurrent mark-sweep generation total 3756032K, used 1080795K [0x00000006dac00000, 0x00000007c0000000, 0x00000007c0000000)
 Metaspace       used 42573K, capacity 43892K, committed 44572K, reserved 1087488K
  class space    used 5454K, capacity 5756K, committed 5960K, reserved 1048576K
}
2020-07-01T08:28:55.440+0200: 399890.083: Total time for which application threads were stopped: 0.0122827 seconds, Stopping threads took: 0.0000494 seconds
{Heap before GC invocations=495122 (full 2):
 par new generation   total 368640K, used 327684K [0x00000006c1c00000, 0x00000006dac00000, 0x00000006dac00000)
  eden space 327680K, 100% used [0x00000006c1c00000, 0x00000006d5c00000, 0x00000006d5c00000)
  from space 40960K,   0% used [0x00000006d5c00000, 0x00000006d5c01020, 0x00000006d8400000)
  to   space 40960K,   0% used [0x00000006d8400000, 0x00000006d8400000, 0x00000006dac00000)
 concurrent mark-sweep generation total 3756032K, used 1080795K [0x00000006dac00000, 0x00000007c0000000, 0x00000007c0000000)
 Metaspace       used 42573K, capacity 43892K, committed 44572K, reserved 1087488K
  class space    used 5454K, capacity 5756K, committed 5960K, reserved 1048576K
2020-07-01T08:28:55.738+0200: 399890.381: [GC (Allocation Failure) 2020-07-01T08:28:55.738+0200: 399890.381: [ParNew
Desired survivor size 20971520 bytes, new threshold 1 (max 1)
- age   1:        272 bytes,        272 total
: 327684K->4K(368640K), 0.0094975 secs] 1408479K->1080799K(4124672K), 0.0096271 secs] [Times: user=0.03 sys=0.00, real=0.01 secs] 
Heap after GC invocations=495123 (full 2):
 par new generation   total 368640K, used 4K [0x00000006c1c00000, 0x00000006dac00000, 0x00000006dac00000)
  eden space 327680K,   0% used [0x00000006c1c00000, 0x00000006c1c00000, 0x00000006d5c00000)
  from space 40960K,   0% used [0x00000006d8400000, 0x00000006d8401020, 0x00000006dac00000)
  to   space 40960K,   0% used [0x00000006d5c00000, 0x00000006d5c00000, 0x00000006d8400000)
 concurrent mark-sweep generation total 3756032K, used 1080795K [0x00000006dac00000, 0x00000007c0000000, 0x00000007c0000000)
 Metaspace       used 42573K, capacity 43892K, committed 44572K, reserved 1087488K
  class space    used 5454K, capacity 5756K, committed 5960K, reserved 1048576K
}
2020-07-01T08:28:55.748+0200: 399890.391: Total time for which application threads were stopped: 0.0099636 seconds, Stopping threads took: 0.0000964 seconds
{Heap before GC invocations=495123 (full 2):
 par new generation   total 368640K, used 327684K [0x00000006c1c00000, 0x00000006dac00000, 0x00000006dac00000)
  eden space 327680K, 100% used [0x00000006c1c00000, 0x00000006d5c00000, 0x00000006d5c00000)
  from space 40960K,   0% used [0x00000006d8400000, 0x00000006d8401020, 0x00000006dac00000)
  to   space 40960K,   0% used [0x00000006d5c00000, 0x00000006d5c00000, 0x00000006d8400000)
 concurrent mark-sweep generation total 3756032K, used 1080795K [0x00000006dac00000, 0x00000007c0000000, 0x00000007c0000000)
 Metaspace       used 42573K, capacity 43892K, committed 44572K, reserved 1087488K
  class space    used 5454K, capacity 5756K, committed 5960K, reserved 1048576K
2020-07-01T08:28:56.055+0200: 399890.698: [GC (Allocation Failure) 2020-07-01T08:28:56.055+0200: 399890.698: [ParNew
Desired survivor size 20971520 bytes, new threshold 1 (max 1)
- age   1:        272 bytes,        272 total
: 327684K->6K(368640K), 0.0082979 secs] 1408479K->1080801K(4124672K), 0.0084144 secs] [Times: user=0.03 sys=0.02, real=0.01 secs] 
Heap after GC invocations=495124 (full 2):
 par new generation   total 368640K, used 6K [0x00000006c1c00000, 0x00000006dac00000, 0x00000006dac00000)
  eden space 327680K,   0% used [0x00000006c1c00000, 0x00000006c1c00000, 0x00000006d5c00000)
  from space 40960K,   0% used [0x00000006d5c00000, 0x00000006d5c01830, 0x00000006d8400000)
  to   space 40960K,   0% used [0x00000006d8400000, 0x00000006d8400000, 0x00000006dac00000)
 concurrent mark-sweep generation total 3756032K, used 1080795K [0x00000006dac00000, 0x00000007c0000000, 0x00000007c0000000)
 Metaspace       used 42573K, capacity 43892K, committed 44572K, reserved 1087488K
  class space    used 5454K, capacity 5756K, committed 5960K, reserved 1048576K
}
2020-07-01T08:28:56.063+0200: 399890.706: Total time for which application threads were stopped: 0.0087524 seconds, Stopping threads took: 0.0000943 seconds
{Heap before GC invocations=495124 (full 2):
 par new generation   total 368640K, used 327686K [0x00000006c1c00000, 0x00000006dac00000, 0x00000006dac00000)
  eden space 327680K, 100% used [0x00000006c1c00000, 0x00000006d5c00000, 0x00000006d5c00000)
  from space 40960K,   0% used [0x00000006d5c00000, 0x00000006d5c01830, 0x00000006d8400000)
  to   space 40960K,   0% used [0x00000006d8400000, 0x00000006d8400000, 0x00000006dac00000)
 concurrent mark-sweep generation total 3756032K, used 1080795K [0x00000006dac00000, 0x00000007c0000000, 0x00000007c0000000)
 Metaspace       used 42573K, capacity 43892K, committed 44572K, reserved 1087488K
  class space    used 5454K, capacity 5756K, committed 5960K, reserved 1048576K
2020-07-01T08:28:56.370+0200: 399891.012: [GC (Allocation Failure) 2020-07-01T08:28:56.370+0200: 399891.013: [ParNew
Desired survivor size 20971520 bytes, new threshold 1 (max 1)
- age   1:        272 bytes,        272 total
: 327686K->4K(368640K), 0.0137531 secs] 1408481K->1080799K(4124672K), 0.0138677 secs] [Times: user=0.02 sys=0.00, real=0.01 secs] 
Heap after GC invocations=495125 (full 2):
 par new generation   total 368640K, used 4K [0x00000006c1c00000, 0x00000006dac00000, 0x00000006dac00000)
  eden space 327680K,   0% used [0x00000006c1c00000, 0x00000006c1c00000, 0x00000006d5c00000)
  from space 40960K,   0% used [0x00000006d8400000, 0x00000006d8401020, 0x00000006dac00000)
  to   space 40960K,   0% used [0x00000006d5c00000, 0x00000006d5c00000, 0x00000006d8400000)
 concurrent mark-sweep generation total 3756032K, used 1080795K [0x00000006dac00000, 0x00000007c0000000, 0x00000007c0000000)
 Metaspace       used 42573K, capacity 43892K, committed 44572K, reserved 1087488K
  class space    used 5454K, capacity 5756K, committed 5960K, reserved 1048576K
}
2020-07-01T08:28:56.384+0200: 399891.026: Total time for which application threads were stopped: 0.0141608 seconds, Stopping threads took: 0.0000504 seconds
{Heap before GC invocations=495125 (full 2):
 par new generation   total 368640K, used 327684K [0x00000006c1c00000, 0x00000006dac00000, 0x00000006dac00000)
  eden space 327680K, 100% used [0x00000006c1c00000, 0x00000006d5c00000, 0x00000006d5c00000)
  from space 40960K,   0% used [0x00000006d8400000, 0x00000006d8401020, 0x00000006dac00000)
  to   space 40960K,   0% used [0x00000006d5c00000, 0x00000006d5c00000, 0x00000006d8400000)
 concurrent mark-sweep generation total 3756032K, used 1080795K [0x00000006dac00000, 0x00000007c0000000, 0x00000007c0000000)
 Metaspace       used 42573K, capacity 43892K, committed 44572K, reserved 1087488K
  class space    used 5454K, capacity 5756K, committed 5960K, reserved 1048576K
2020-07-01T08:28:56.701+0200: 399891.344: [GC (Allocation Failure) 2020-07-01T08:28:56.701+0200: 399891.344: [ParNew
Desired survivor size 20971520 bytes, new threshold 1 (max 1)
- age   1:        304 bytes,        304 total
: 327684K->4K(368640K), 0.0117883 secs] 1408479K->1080799K(4124672K), 0.0118915 secs] [Times: user=0.00 sys=0.00, real=0.01 secs] 
Heap after GC invocations=495126 (full 2):
 par new generation   total 368640K, used 4K [0x00000006c1c00000, 0x00000006dac00000, 0x00000006dac00000)
  eden space 327680K,   0% used [0x00000006c1c00000, 0x00000006c1c00000, 0x00000006d5c00000)
  from space 40960K,   0% used [0x00000006d5c00000, 0x00000006d5c01020, 0x00000006d8400000)
  to   space 40960K,   0% used [0x00000006d8400000, 0x00000006d8400000, 0x00000006dac00000)
 concurrent mark-sweep generation total 3756032K, used 1080795K [0x00000006dac00000, 0x00000007c0000000, 0x00000007c0000000)
 Metaspace       used 42573K, capacity 43892K, committed 44572K, reserved 1087488K
  class space    used 5454K, capacity 5756K, committed 5960K, reserved 1048576K
}
2020-07-01T08:28:56.713+0200: 399891.356: Total time for which application threads were stopped: 0.0122612 seconds, Stopping threads took: 0.0001211 seconds
{Heap before GC invocations=495126 (full 2):
 par new generation   total 368640K, used 327684K [0x00000006c1c00000, 0x00000006dac00000, 0x00000006dac00000)
  eden space 327680K, 100% used [0x00000006c1c00000, 0x00000006d5c00000, 0x00000006d5c00000)
  from space 40960K,   0% used [0x00000006d5c00000, 0x00000006d5c01020, 0x00000006d8400000)
  to   space 40960K,   0% used [0x00000006d8400000, 0x00000006d8400000, 0x00000006dac00000)
 concurrent mark-sweep generation total 3756032K, used 1080795K [0x00000006dac00000, 0x00000007c0000000, 0x00000007c0000000)
 Metaspace       used 42573K, capacity 43892K, committed 44572K, reserved 1087488K
  class space    used 5454K, capacity 5756K, committed 5960K, reserved 1048576K
2020-07-01T08:28:57.010+0200: 399891.652: [GC (Allocation Failure) 2020-07-01T08:28:57.010+0200: 399891.653: [ParNew
Desired survivor size 20971520 bytes, new threshold 1 (max 1)
- age   1:        240 bytes,        240 total
: 327684K->2K(368640K), 0.0198710 secs] 1408479K->1080798K(4124672K), 0.0199749 secs] [Times: user=0.02 sys=0.00, real=0.02 secs] 
Heap after GC invocations=495127 (full 2):
 par new generation   total 368640K, used 2K [0x00000006c1c00000, 0x00000006dac00000, 0x00000006dac00000)
  eden space 327680K,   0% used [0x00000006c1c00000, 0x00000006c1c00000, 0x00000006d5c00000)
  from space 40960K,   0% used [0x00000006d8400000, 0x00000006d8400810, 0x00000006dac00000)
  to   space 40960K,   0% used [0x00000006d5c00000, 0x00000006d5c00000, 0x00000006d8400000)
 concurrent mark-sweep generation total 3756032K, used 1080796K [0x00000006dac00000, 0x00000007c0000000, 0x00000007c0000000)
 Metaspace       used 42573K, capacity 43892K, committed 44572K, reserved 1087488K
  class space    used 5454K, capacity 5756K, committed 5960K, reserved 1048576K
}
2020-07-01T08:28:57.030+0200: 399891.673: Total time for which application threads were stopped: 0.0202554 seconds, Stopping threads took: 0.0000470 seconds
{Heap before GC invocations=495127 (full 2):
 par new generation   total 368640K, used 327682K [0x00000006c1c00000, 0x00000006dac00000, 0x00000006dac00000)
  eden space 327680K, 100% used [0x00000006c1c00000, 0x00000006d5c00000, 0x00000006d5c00000)
  from space 40960K,   0% used [0x00000006d8400000, 0x00000006d8400810, 0x00000006dac00000)
  to   space 40960K,   0% used [0x00000006d5c00000, 0x00000006d5c00000, 0x00000006d8400000)
 concurrent mark-sweep generation total 3756032K, used 1080796K [0x00000006dac00000, 0x00000007c0000000, 0x00000007c0000000)
 Metaspace       used 42573K, capacity 43892K, committed 44572K, reserved 1087488K
  class space    used 5454K, capacity 5756K, committed 5960K, reserved 1048576K
2020-07-01T08:28:57.340+0200: 399891.983: [GC (Allocation Failure) 2020-07-01T08:28:57.340+0200: 399891.983: [ParNew
Desired survivor size 20971520 bytes, new threshold 1 (max 1)
- age   1:        272 bytes,        272 total
: 327682K->4K(368640K), 0.0121001 secs] 1408478K->1080800K(4124672K), 0.0122227 secs] [Times: user=0.00 sys=0.00, real=0.01 secs] 
Heap after GC invocations=495128 (full 2):
 par new generation   total 368640K, used 4K [0x00000006c1c00000, 0x00000006dac00000, 0x00000006dac00000)
  eden space 327680K,   0% used [0x00000006c1c00000, 0x00000006c1c00000, 0x00000006d5c00000)
  from space 40960K,   0% used [0x00000006d5c00000, 0x00000006d5c01020, 0x00000006d8400000)
  to   space 40960K,   0% used [0x00000006d8400000, 0x00000006d8400000, 0x00000006dac00000)
 concurrent mark-sweep generation total 3756032K, used 1080796K [0x00000006dac00000, 0x00000007c0000000, 0x00000007c0000000)
 Metaspace       used 42573K, capacity 43892K, committed 44572K, reserved 1087488K
  class space    used 5454K, capacity 5756K, committed 5960K, reserved 1048576K
}
2020-07-01T08:28:57.352+0200: 399891.995: Total time for which application threads were stopped: 0.0125720 seconds, Stopping threads took: 0.0001019 seconds
{Heap before GC invocations=495128 (full 2):
 par new generation   total 368640K, used 327684K [0x00000006c1c00000, 0x00000006dac00000, 0x00000006dac00000)
  eden space 327680K, 100% used [0x00000006c1c00000, 0x00000006d5c00000, 0x00000006d5c00000)
  from space 40960K,   0% used [0x00000006d5c00000, 0x00000006d5c01020, 0x00000006d8400000)
  to   space 40960K,   0% used [0x00000006d8400000, 0x00000006d8400000, 0x00000006dac00000)
 concurrent mark-sweep generation total 3756032K, used 1080796K [0x00000006dac00000, 0x00000007c0000000, 0x00000007c0000000)
 Metaspace       used 42573K, capacity 43892K, committed 44572K, reserved 1087488K
  class space    used 5454K, capacity 5756K, committed 5960K, reserved 1048576K
2020-07-01T08:28:57.679+0200: 399892.322: [GC (Allocation Failure) 2020-07-01T08:28:57.679+0200: 399892.322: [ParNew
Desired survivor size 20971520 bytes, new threshold 1 (max 1)
- age   1:        536 bytes,        536 total
: 327684K->4K(368640K), 0.0099253 secs] 1408480K->1080800K(4124672K), 0.0101637 secs] [Times: user=0.03 sys=0.00, real=0.01 secs] 
Heap after GC invocations=495129 (full 2):
 par new generation   total 368640K, used 4K [0x00000006c1c00000, 0x00000006dac00000, 0x00000006dac00000)
  eden space 327680K,   0% used [0x00000006c1c00000, 0x00000006c1c00000, 0x00000006d5c00000)
  from space 40960K,   0% used [0x00000006d8400000, 0x00000006d8401020, 0x00000006dac00000)
  to   space 40960K,   0% used [0x00000006d5c00000, 0x00000006d5c00000, 0x00000006d8400000)
 concurrent mark-sweep generation total 3756032K, used 1080796K [0x00000006dac00000, 0x00000007c0000000, 0x00000007c0000000)
 Metaspace       used 42573K, capacity 43892K, committed 44572K, reserved 1087488K
  class space    used 5454K, capacity 5756K, committed 5960K, reserved 1048576K
}
2020-07-01T08:28:57.689+0200: 399892.332: Total time for which application threads were stopped: 0.0104541 seconds, Stopping threads took: 0.0000518 seconds
{Heap before GC invocations=495129 (full 2):
 par new generation   total 368640K, used 327684K [0x00000006c1c00000, 0x00000006dac00000, 0x00000006dac00000)
  eden space 327680K, 100% used [0x00000006c1c00000, 0x00000006d5c00000, 0x00000006d5c00000)
  from space 40960K,   0% used [0x00000006d8400000, 0x00000006d8401020, 0x00000006dac00000)
  to   space 40960K,   0% used [0x00000006d5c00000, 0x00000006d5c00000, 0x00000006d8400000)
 concurrent mark-sweep generation total 3756032K, used 1080796K [0x00000006dac00000, 0x00000007c0000000, 0x00000007c0000000)
 Metaspace       used 42573K, capacity 43892K, committed 44572K, reserved 1087488K
  class space    used 5454K, capacity 5756K, committed 5960K, reserved 1048576K
2020-07-01T08:28:57.963+0200: 399892.606: [GC (Allocation Failure) 2020-07-01T08:28:57.963+0200: 399892.606: [ParNew
Desired survivor size 20971520 bytes, new threshold 1 (max 1)
- age   1:        240 bytes,        240 total
: 327684K->4K(368640K), 0.0101977 secs] 1408480K->1080800K(4124672K), 0.0103306 secs] [Times: user=0.03 sys=0.00, real=0.01 secs] 
Heap after GC invocations=495130 (full 2):
 par new generation   total 368640K, used 4K [0x00000006c1c00000, 0x00000006dac00000, 0x00000006dac00000)
  eden space 327680K,   0% used [0x00000006c1c00000, 0x00000006c1c00000, 0x00000006d5c00000)
  from space 40960K,   0% used [0x00000006d5c00000, 0x00000006d5c01020, 0x00000006d8400000)
  to   space 40960K,   0% used [0x00000006d8400000, 0x00000006d8400000, 0x00000006dac00000)
 concurrent mark-sweep generation total 3756032K, used 1080796K [0x00000006dac00000, 0x00000007c0000000, 0x00000007c0000000)
 Metaspace       used 42573K, capacity 43892K, committed 44572K, reserved 1087488K
  class space    used 5454K, capacity 5756K, committed 5960K, reserved 1048576K
}
2020-07-01T08:28:57.973+0200: 399892.616: Total time for which application threads were stopped: 0.0107177 seconds, Stopping threads took: 0.0000947 seconds
{Heap before GC invocations=495130 (full 2):
 par new generation   total 368640K, used 327684K [0x00000006c1c00000, 0x00000006dac00000, 0x00000006dac00000)
  eden space 327680K, 100% used [0x00000006c1c00000, 0x00000006d5c00000, 0x00000006d5c00000)
  from space 40960K,   0% used [0x00000006d5c00000, 0x00000006d5c01020, 0x00000006d8400000)
  to   space 40960K,   0% used [0x00000006d8400000, 0x00000006d8400000, 0x00000006dac00000)
 concurrent mark-sweep generation total 3756032K, used 1080796K [0x00000006dac00000, 0x00000007c0000000, 0x00000007c0000000)
 Metaspace       used 42573K, capacity 43892K, committed 44572K, reserved 1087488K
  class space    used 5454K, capacity 5756K, committed 5960K, reserved 1048576K
2020-07-01T08:28:58.264+0200: 399892.907: [GC (Allocation Failure) 2020-07-01T08:28:58.265+0200: 399892.907: [ParNew
Desired survivor size 20971520 bytes, new threshold 1 (max 1)
- age   1:        272 bytes,        272 total
: 327684K->4K(368640K), 0.0090274 secs] 1408480K->1080800K(4124672K), 0.0091428 secs] [Times: user=0.00 sys=0.00, real=0.01 secs] 
Heap after GC invocations=495131 (full 2):
 par new generation   total 368640K, used 4K [0x00000006c1c00000, 0x00000006dac00000, 0x00000006dac00000)
  eden space 327680K,   0% used [0x00000006c1c00000, 0x00000006c1c00000, 0x00000006d5c00000)
  from space 40960K,   0% used [0x00000006d8400000, 0x00000006d8401020, 0x00000006dac00000)
  to   space 40960K,   0% used [0x00000006d5c00000, 0x00000006d5c00000, 0x00000006d8400000)
 concurrent mark-sweep generation total 3756032K, used 1080796K [0x00000006dac00000, 0x00000007c0000000, 0x00000007c0000000)
 Metaspace       used 42573K, capacity 43892K, committed 44572K, reserved 1087488K
  class space    used 5454K, capacity 5756K, committed 5960K, reserved 1048576K
}
2020-07-01T08:28:58.274+0200: 399892.917: Total time for which application threads were stopped: 0.0094753 seconds, Stopping threads took: 0.0000983 seconds
{Heap before GC invocations=495131 (full 2):
 par new generation   total 368640K, used 327684K [0x00000006c1c00000, 0x00000006dac00000, 0x00000006dac00000)
  eden space 327680K, 100% used [0x00000006c1c00000, 0x00000006d5c00000, 0x00000006d5c00000)
  from space 40960K,   0% used [0x00000006d8400000, 0x00000006d8401020, 0x00000006dac00000)
  to   space 40960K,   0% used [0x00000006d5c00000, 0x00000006d5c00000, 0x00000006d8400000)
 concurrent mark-sweep generation total 3756032K, used 1080796K [0x00000006dac00000, 0x00000007c0000000, 0x00000007c0000000)
 Metaspace       used 42573K, capacity 43892K, committed 44572K, reserved 1087488K
  class space    used 5454K, capacity 5756K, committed 5960K, reserved 1048576K
2020-07-01T08:28:58.542+0200: 399893.185: [GC (Allocation Failure) 2020-07-01T08:28:58.542+0200: 399893.185: [ParNew
Desired survivor size 20971520 bytes, new threshold 1 (max 1)
- age   1:        304 bytes,        304 total
: 327684K->4K(368640K), 0.0095069 secs] 1408480K->1080800K(4124672K), 0.0096167 secs] [Times: user=0.03 sys=0.00, real=0.01 secs] 
Heap after GC invocations=495132 (full 2):
 par new generation   total 368640K, used 4K [0x00000006c1c00000, 0x00000006dac00000, 0x00000006dac00000)
  eden space 327680K,   0% used [0x00000006c1c00000, 0x00000006c1c00000, 0x00000006d5c00000)
  from space 40960K,   0% used [0x00000006d5c00000, 0x00000006d5c01020, 0x00000006d8400000)
  to   space 40960K,   0% used [0x00000006d8400000, 0x00000006d8400000, 0x00000006dac00000)
 concurrent mark-sweep generation total 3756032K, used 1080796K [0x00000006dac00000, 0x00000007c0000000, 0x00000007c0000000)
 Metaspace       used 42573K, capacity 43892K, committed 44572K, reserved 1087488K
  class space    used 5454K, capacity 5756K, committed 5960K, reserved 1048576K
}
2020-07-01T08:28:58.552+0200: 399893.195: Total time for which application threads were stopped: 0.0099090 seconds, Stopping threads took: 0.0000543 seconds
{Heap before GC invocations=495132 (full 2):
 par new generation   total 368640K, used 327684K [0x00000006c1c00000, 0x00000006dac00000, 0x00000006dac00000)
  eden space 327680K, 100% used [0x00000006c1c00000, 0x00000006d5c00000, 0x00000006d5c00000)
  from space 40960K,   0% used [0x00000006d5c00000, 0x00000006d5c01020, 0x00000006d8400000)
  to   space 40960K,   0% used [0x00000006d8400000, 0x00000006d8400000, 0x00000006dac00000)
 concurrent mark-sweep generation total 3756032K, used 1080796K [0x00000006dac00000, 0x00000007c0000000, 0x00000007c0000000)
 Metaspace       used 42573K, capacity 43892K, committed 44572K, reserved 1087488K
  class space    used 5454K, capacity 5756K, committed 5960K, reserved 1048576K
2020-07-01T08:28:58.840+0200: 399893.483: [GC (Allocation Failure) 2020-07-01T08:28:58.840+0200: 399893.483: [ParNew
Desired survivor size 20971520 bytes, new threshold 1 (max 1)
- age   1:        240 bytes,        240 total
: 327684K->4K(368640K), 0.0127621 secs] 1408480K->1080800K(4124672K), 0.0128782 secs] [Times: user=0.00 sys=0.00, real=0.01 secs] 
Heap after GC invocations=495133 (full 2):
 par new generation   total 368640K, used 4K [0x00000006c1c00000, 0x00000006dac00000, 0x00000006dac00000)
  eden space 327680K,   0% used [0x00000006c1c00000, 0x00000006c1c00000, 0x00000006d5c00000)
  from space 40960K,   0% used [0x00000006d8400000, 0x00000006d8401020, 0x00000006dac00000)
  to   space 40960K,   0% used [0x00000006d5c00000, 0x00000006d5c00000, 0x00000006d8400000)
 concurrent mark-sweep generation total 3756032K, used 1080796K [0x00000006dac00000, 0x00000007c0000000, 0x00000007c0000000)
 Metaspace       used 42573K, capacity 43892K, committed 44572K, reserved 1087488K
  class space    used 5454K, capacity 5756K, committed 5960K, reserved 1048576K
}
2020-07-01T08:28:58.853+0200: 399893.496: Total time for which application threads were stopped: 0.0131646 seconds, Stopping threads took: 0.0000503 seconds
{Heap before GC invocations=495133 (full 2):
 par new generation   total 368640K, used 327684K [0x00000006c1c00000, 0x00000006dac00000, 0x00000006dac00000)
  eden space 327680K, 100% used [0x00000006c1c00000, 0x00000006d5c00000, 0x00000006d5c00000)
  from space 40960K,   0% used [0x00000006d8400000, 0x00000006d8401020, 0x00000006dac00000)
  to   space 40960K,   0% used [0x00000006d5c00000, 0x00000006d5c00000, 0x00000006d8400000)
 concurrent mark-sweep generation total 3756032K, used 1080796K [0x00000006dac00000, 0x00000007c0000000, 0x00000007c0000000)
 Metaspace       used 42573K, capacity 43892K, committed 44572K, reserved 1087488K
  class space    used 5454K, capacity 5756K, committed 5960K, reserved 1048576K
2020-07-01T08:28:59.182+0200: 399893.825: [GC (Allocation Failure) 2020-07-01T08:28:59.182+0200: 399893.825: [ParNew
Desired survivor size 20971520 bytes, new threshold 1 (max 1)
- age   1:        272 bytes,        272 total
: 327684K->4K(368640K), 0.0078510 secs] 1408480K->1080800K(4124672K), 0.0079756 secs] [Times: user=0.03 sys=0.00, real=0.01 secs] 
Heap after GC invocations=495134 (full 2):
 par new generation   total 368640K, used 4K [0x00000006c1c00000, 0x00000006dac00000, 0x00000006dac00000)
  eden space 327680K,   0% used [0x00000006c1c00000, 0x00000006c1c00000, 0x00000006d5c00000)
  from space 40960K,   0% used [0x00000006d5c00000, 0x00000006d5c01020, 0x00000006d8400000)
  to   space 40960K,   0% used [0x00000006d8400000, 0x00000006d8400000, 0x00000006dac00000)
 concurrent mark-sweep generation total 3756032K, used 1080796K [0x00000006dac00000, 0x00000007c0000000, 0x00000007c0000000)
 Metaspace       used 42573K, capacity 43892K, committed 44572K, reserved 1087488K
  class space    used 5454K, capacity 5756K, committed 5960K, reserved 1048576K
}
2020-07-01T08:28:59.190+0200: 399893.833: Total time for which application threads were stopped: 0.0083931 seconds, Stopping threads took: 0.0001561 seconds
{Heap before GC invocations=495134 (full 2):
 par new generation   total 368640K, used 327684K [0x00000006c1c00000, 0x00000006dac00000, 0x00000006dac00000)
  eden space 327680K, 100% used [0x00000006c1c00000, 0x00000006d5c00000, 0x00000006d5c00000)
  from space 40960K,   0% used [0x00000006d5c00000, 0x00000006d5c01020, 0x00000006d8400000)
  to   space 40960K,   0% used [0x00000006d8400000, 0x00000006d8400000, 0x00000006dac00000)
 concurrent mark-sweep generation total 3756032K, used 1080796K [0x00000006dac00000, 0x00000007c0000000, 0x00000007c0000000)
 Metaspace       used 42573K, capacity 43892K, committed 44572K, reserved 1087488K
  class space    used 5454K, capacity 5756K, committed 5960K, reserved 1048576K
2020-07-01T08:28:59.503+0200: 399894.146: [GC (Allocation Failure) 2020-07-01T08:28:59.503+0200: 399894.146: [ParNew
Desired survivor size 20971520 bytes, new threshold 1 (max 1)
- age   1:        336 bytes,        336 total
: 327684K->2K(368640K), 0.0203775 secs] 1408480K->1080798K(4124672K), 0.0205024 secs] [Times: user=0.00 sys=0.00, real=0.02 secs] 
Heap after GC invocations=495135 (full 2):
 par new generation   total 368640K, used 2K [0x00000006c1c00000, 0x00000006dac00000, 0x00000006dac00000)
  eden space 327680K,   0% used [0x00000006c1c00000, 0x00000006c1c00000, 0x00000006d5c00000)
  from space 40960K,   0% used [0x00000006d8400000, 0x00000006d8400810, 0x00000006dac00000)
  to   space 40960K,   0% used [0x00000006d5c00000, 0x00000006d5c00000, 0x00000006d8400000)
 concurrent mark-sweep generation total 3756032K, used 1080796K [0x00000006dac00000, 0x00000007c0000000, 0x00000007c0000000)
 Metaspace       used 42573K, capacity 43892K, committed 44572K, reserved 1087488K
  class space    used 5454K, capacity 5756K, committed 5960K, reserved 1048576K
}
2020-07-01T08:28:59.524+0200: 399894.166: Total time for which application threads were stopped: 0.0207936 seconds, Stopping threads took: 0.0000489 seconds
{Heap before GC invocations=495135 (full 2):
 par new generation   total 368640K, used 327682K [0x00000006c1c00000, 0x00000006dac00000, 0x00000006dac00000)
  eden space 327680K, 100% used [0x00000006c1c00000, 0x00000006d5c00000, 0x00000006d5c00000)
  from space 40960K,   0% used [0x00000006d8400000, 0x00000006d8400810, 0x00000006dac00000)
  to   space 40960K,   0% used [0x00000006d5c00000, 0x00000006d5c00000, 0x00000006d8400000)
 concurrent mark-sweep generation total 3756032K, used 1080796K [0x00000006dac00000, 0x00000007c0000000, 0x00000007c0000000)
 Metaspace       used 42573K, capacity 43892K, committed 44572K, reserved 1087488K
  class space    used 5454K, capacity 5756K, committed 5960K, reserved 1048576K
2020-07-01T08:28:59.825+0200: 399894.468: [GC (Allocation Failure) 2020-07-01T08:28:59.826+0200: 399894.468: [ParNew
Desired survivor size 20971520 bytes, new threshold 1 (max 1)
- age   1:        240 bytes,        240 total
: 327682K->4K(368640K), 0.0105907 secs] 1408478K->1080800K(4124672K), 0.0107171 secs] [Times: user=0.00 sys=0.00, real=0.01 secs] 
Heap after GC invocations=495136 (full 2):
 par new generation   total 368640K, used 4K [0x00000006c1c00000, 0x00000006dac00000, 0x00000006dac00000)
  eden space 327680K,   0% used [0x00000006c1c00000, 0x00000006c1c00000, 0x00000006d5c00000)
  from space 40960K,   0% used [0x00000006d5c00000, 0x00000006d5c01020, 0x00000006d8400000)
  to   space 40960K,   0% used [0x00000006d8400000, 0x00000006d8400000, 0x00000006dac00000)
 concurrent mark-sweep generation total 3756032K, used 1080796K [0x00000006dac00000, 0x00000007c0000000, 0x00000007c0000000)
 Metaspace       used 42573K, capacity 43892K, committed 44572K, reserved 1087488K
  class space    used 5454K, capacity 5756K, committed 5960K, reserved 1048576K
}
2020-07-01T08:28:59.836+0200: 399894.479: Total time for which application threads were stopped: 0.0110659 seconds, Stopping threads took: 0.0000998 seconds
{Heap before GC invocations=495136 (full 2):
 par new generation   total 368640K, used 327684K [0x00000006c1c00000, 0x00000006dac00000, 0x00000006dac00000)
  eden space 327680K, 100% used [0x00000006c1c00000, 0x00000006d5c00000, 0x00000006d5c00000)
  from space 40960K,   0% used [0x00000006d5c00000, 0x00000006d5c01020, 0x00000006d8400000)
  to   space 40960K,   0% used [0x00000006d8400000, 0x00000006d8400000, 0x00000006dac00000)
 concurrent mark-sweep generation total 3756032K, used 1080796K [0x00000006dac00000, 0x00000007c0000000, 0x00000007c0000000)
 Metaspace       used 42573K, capacity 43892K, committed 44572K, reserved 1087488K
  class space    used 5454K, capacity 5756K, committed 5960K, reserved 1048576K
2020-07-01T08:29:00.160+0200: 399894.803: [GC (Allocation Failure) 2020-07-01T08:29:00.160+0200: 399894.803: [ParNew
Desired survivor size 20971520 bytes, new threshold 1 (max 1)
- age   1:        240 bytes,        240 total
: 327684K->2K(368640K), 0.0204871 secs] 1408480K->1080798K(4124672K), 0.0206056 secs] [Times: user=0.01 sys=0.00, real=0.02 secs] 
Heap after GC invocations=495137 (full 2):
 par new generation   total 368640K, used 2K [0x00000006c1c00000, 0x00000006dac00000, 0x00000006dac00000)
  eden space 327680K,   0% used [0x00000006c1c00000, 0x00000006c1c00000, 0x00000006d5c00000)
  from space 40960K,   0% used [0x00000006d8400000, 0x00000006d8400810, 0x00000006dac00000)
  to   space 40960K,   0% used [0x00000006d5c00000, 0x00000006d5c00000, 0x00000006d8400000)
 concurrent mark-sweep generation total 3756032K, used 1080796K [0x00000006dac00000, 0x00000007c0000000, 0x00000007c0000000)
 Metaspace       used 42573K, capacity 43892K, committed 44572K, reserved 1087488K
  class space    used 5454K, capacity 5756K, committed 5960K, reserved 1048576K
}
2020-07-01T08:29:00.181+0200: 399894.823: Total time for which application threads were stopped: 0.0210364 seconds, Stopping threads took: 0.0001683 seconds
{Heap before GC invocations=495137 (full 2):
 par new generation   total 368640K, used 327682K [0x00000006c1c00000, 0x00000006dac00000, 0x00000006dac00000)
  eden space 327680K, 100% used [0x00000006c1c00000, 0x00000006d5c00000, 0x00000006d5c00000)
  from space 40960K,   0% used [0x00000006d8400000, 0x00000006d8400810, 0x00000006dac00000)
  to   space 40960K,   0% used [0x00000006d5c00000, 0x00000006d5c00000, 0x00000006d8400000)
 concurrent mark-sweep generation total 3756032K, used 1080796K [0x00000006dac00000, 0x00000007c0000000, 0x00000007c0000000)
 Metaspace       used 42573K, capacity 43892K, committed 44572K, reserved 1087488K
  class space    used 5454K, capacity 5756K, committed 5960K, reserved 1048576K
2020-07-01T08:29:00.456+0200: 399895.099: [GC (Allocation Failure) 2020-07-01T08:29:00.456+0200: 399895.099: [ParNew
Desired survivor size 20971520 bytes, new threshold 1 (max 1)
- age   1:        304 bytes,        304 total
: 327682K->4K(368640K), 0.0101160 secs] 1408478K->1080800K(4124672K), 0.0102475 secs] [Times: user=0.03 sys=0.00, real=0.01 secs] 
Heap after GC invocations=495138 (full 2):
 par new generation   total 368640K, used 4K [0x00000006c1c00000, 0x00000006dac00000, 0x00000006dac00000)
  eden space 327680K,   0% used [0x00000006c1c00000, 0x00000006c1c00000, 0x00000006d5c00000)
  from space 40960K,   0% used [0x00000006d5c00000, 0x00000006d5c01020, 0x00000006d8400000)
  to   space 40960K,   0% used [0x00000006d8400000, 0x00000006d8400000, 0x00000006dac00000)
 concurrent mark-sweep generation total 3756032K, used 1080796K [0x00000006dac00000, 0x00000007c0000000, 0x00000007c0000000)
 Metaspace       used 42573K, capacity 43892K, committed 44572K, reserved 1087488K
  class space    used 5454K, capacity 5756K, committed 5960K, reserved 1048576K
}
2020-07-01T08:29:00.466+0200: 399895.109: Total time for which application threads were stopped: 0.0106078 seconds, Stopping threads took: 0.0001207 seconds
{Heap before GC invocations=495138 (full 2):
 par new generation   total 368640K, used 327684K [0x00000006c1c00000, 0x00000006dac00000, 0x00000006dac00000)
  eden space 327680K, 100% used [0x00000006c1c00000, 0x00000006d5c00000, 0x00000006d5c00000)
  from space 40960K,   0% used [0x00000006d5c00000, 0x00000006d5c01020, 0x00000006d8400000)
  to   space 40960K,   0% used [0x00000006d8400000, 0x00000006d8400000, 0x00000006dac00000)
 concurrent mark-sweep generation total 3756032K, used 1080796K [0x00000006dac00000, 0x00000007c0000000, 0x00000007c0000000)
 Metaspace       used 42573K, capacity 43892K, committed 44572K, reserved 1087488K
  class space    used 5454K, capacity 5756K, committed 5960K, reserved 1048576K
2020-07-01T08:29:00.740+0200: 399895.383: [GC (Allocation Failure) 2020-07-01T08:29:00.741+0200: 399895.383: [ParNew
Desired survivor size 20971520 bytes, new threshold 1 (max 1)
- age   1:        240 bytes,        240 total
: 327684K->4K(368640K), 0.0099857 secs] 1408480K->1080800K(4124672K), 0.0101055 secs] [Times: user=0.03 sys=0.00, real=0.01 secs] 
Heap after GC invocations=495139 (full 2):
 par new generation   total 368640K, used 4K [0x00000006c1c00000, 0x00000006dac00000, 0x00000006dac00000)
  eden space 327680K,   0% used [0x00000006c1c00000, 0x00000006c1c00000, 0x00000006d5c00000)
  from space 40960K,   0% used [0x00000006d8400000, 0x00000006d8401020, 0x00000006dac00000)
  to   space 40960K,   0% used [0x00000006d5c00000, 0x00000006d5c00000, 0x00000006d8400000)
 concurrent mark-sweep generation total 3756032K, used 1080796K [0x00000006dac00000, 0x00000007c0000000, 0x00000007c0000000)
 Metaspace       used 42573K, capacity 43892K, committed 44572K, reserved 1087488K
  class space    used 5454K, capacity 5756K, committed 5960K, reserved 1048576K
}
2020-07-01T08:29:00.751+0200: 399895.393: Total time for which application threads were stopped: 0.0104797 seconds, Stopping threads took: 0.0001275 seconds
{Heap before GC invocations=495139 (full 2):
 par new generation   total 368640K, used 327684K [0x00000006c1c00000, 0x00000006dac00000, 0x00000006dac00000)
  eden space 327680K, 100% used [0x00000006c1c00000, 0x00000006d5c00000, 0x00000006d5c00000)
  from space 40960K,   0% used [0x00000006d8400000, 0x00000006d8401020, 0x00000006dac00000)
  to   space 40960K,   0% used [0x00000006d5c00000, 0x00000006d5c00000, 0x00000006d8400000)
 concurrent mark-sweep generation total 3756032K, used 1080796K [0x00000006dac00000, 0x00000007c0000000, 0x00000007c0000000)
 Metaspace       used 42573K, capacity 43892K, committed 44572K, reserved 1087488K
  class space    used 5454K, capacity 5756K, committed 5960K, reserved 1048576K
2020-07-01T08:29:01.030+0200: 399895.672: [GC (Allocation Failure) 2020-07-01T08:29:01.030+0200: 399895.672: [ParNew
Desired survivor size 20971520 bytes, new threshold 1 (max 1)
- age   1:        240 bytes,        240 total
: 327684K->4K(368640K), 0.0100332 secs] 1408480K->1080800K(4124672K), 0.0101558 secs] [Times: user=0.00 sys=0.00, real=0.01 secs] 
Heap after GC invocations=495140 (full 2):
 par new generation   total 368640K, used 4K [0x00000006c1c00000, 0x00000006dac00000, 0x00000006dac00000)
  eden space 327680K,   0% used [0x00000006c1c00000, 0x00000006c1c00000, 0x00000006d5c00000)
  from space 40960K,   0% used [0x00000006d5c00000, 0x00000006d5c01020, 0x00000006d8400000)
  to   space 40960K,   0% used [0x00000006d8400000, 0x00000006d8400000, 0x00000006dac00000)
 concurrent mark-sweep generation total 3756032K, used 1080796K [0x00000006dac00000, 0x00000007c0000000, 0x00000007c0000000)
 Metaspace       used 42573K, capacity 43892K, committed 44572K, reserved 1087488K
  class space    used 5454K, capacity 5756K, committed 5960K, reserved 1048576K
}
2020-07-01T08:29:01.040+0200: 399895.683: Total time for which application threads were stopped: 0.0106892 seconds, Stopping threads took: 0.0002200 seconds
{Heap before GC invocations=495140 (full 2):
 par new generation   total 368640K, used 327684K [0x00000006c1c00000, 0x00000006dac00000, 0x00000006dac00000)
  eden space 327680K, 100% used [0x00000006c1c00000, 0x00000006d5c00000, 0x00000006d5c00000)
  from space 40960K,   0% used [0x00000006d5c00000, 0x00000006d5c01020, 0x00000006d8400000)
  to   space 40960K,   0% used [0x00000006d8400000, 0x00000006d8400000, 0x00000006dac00000)
 concurrent mark-sweep generation total 3756032K, used 1080796K [0x00000006dac00000, 0x00000007c0000000, 0x00000007c0000000)
 Metaspace       used 42573K, capacity 43892K, committed 44572K, reserved 1087488K
  class space    used 5454K, capacity 5756K, committed 5960K, reserved 1048576K
2020-07-01T08:29:01.315+0200: 399895.958: [GC (Allocation Failure) 2020-07-01T08:29:01.315+0200: 399895.958: [ParNew
Desired survivor size 20971520 bytes, new threshold 1 (max 1)
- age   1:        240 bytes,        240 total
: 327684K->4K(368640K), 0.0095489 secs] 1408480K->1080800K(4124672K), 0.0096736 secs] [Times: user=0.02 sys=0.02, real=0.01 secs] 
Heap after GC invocations=495141 (full 2):
 par new generation   total 368640K, used 4K [0x00000006c1c00000, 0x00000006dac00000, 0x00000006dac00000)
  eden space 327680K,   0% used [0x00000006c1c00000, 0x00000006c1c00000, 0x00000006d5c00000)
  from space 40960K,   0% used [0x00000006d8400000, 0x00000006d8401020, 0x00000006dac00000)
  to   space 40960K,   0% used [0x00000006d5c00000, 0x00000006d5c00000, 0x00000006d8400000)
 concurrent mark-sweep generation total 3756032K, used 1080796K [0x00000006dac00000, 0x00000007c0000000, 0x00000007c0000000)
 Metaspace       used 42573K, capacity 43892K, committed 44572K, reserved 1087488K
  class space    used 5454K, capacity 5756K, committed 5960K, reserved 1048576K
}
2020-07-01T08:29:01.325+0200: 399895.967: Total time for which application threads were stopped: 0.0101725 seconds, Stopping threads took: 0.0000825 seconds
{Heap before GC invocations=495141 (full 2):
 par new generation   total 368640K, used 327684K [0x00000006c1c00000, 0x00000006dac00000, 0x00000006dac00000)
  eden space 327680K, 100% used [0x00000006c1c00000, 0x00000006d5c00000, 0x00000006d5c00000)
  from space 40960K,   0% used [0x00000006d8400000, 0x00000006d8401020, 0x00000006dac00000)
  to   space 40960K,   0% used [0x00000006d5c00000, 0x00000006d5c00000, 0x00000006d8400000)
 concurrent mark-sweep generation total 3756032K, used 1080796K [0x00000006dac00000, 0x00000007c0000000, 0x00000007c0000000)
 Metaspace       used 42573K, capacity 43892K, committed 44572K, reserved 1087488K
  class space    used 5454K, capacity 5756K, committed 5960K, reserved 1048576K
2020-07-01T08:29:01.595+0200: 399896.237: [GC (Allocation Failure) 2020-07-01T08:29:01.595+0200: 399896.237: [ParNew
Desired survivor size 20971520 bytes, new threshold 1 (max 1)
- age   1:        304 bytes,        304 total
: 327684K->6K(368640K), 0.0076438 secs] 1408480K->1080802K(4124672K), 0.0077702 secs] [Times: user=0.00 sys=0.00, real=0.01 secs] 
Heap after GC invocations=495142 (full 2):
 par new generation   total 368640K, used 6K [0x00000006c1c00000, 0x00000006dac00000, 0x00000006dac00000)
  eden space 327680K,   0% used [0x00000006c1c00000, 0x00000006c1c00000, 0x00000006d5c00000)
  from space 40960K,   0% used [0x00000006d5c00000, 0x00000006d5c01830, 0x00000006d8400000)
  to   space 40960K,   0% used [0x00000006d8400000, 0x00000006d8400000, 0x00000006dac00000)
 concurrent mark-sweep generation total 3756032K, used 1080796K [0x00000006dac00000, 0x00000007c0000000, 0x00000007c0000000)
 Metaspace       used 42573K, capacity 43892K, committed 44572K, reserved 1087488K
  class space    used 5454K, capacity 5756K, committed 5960K, reserved 1048576K
}
2020-07-01T08:29:01.602+0200: 399896.245: Total time for which application threads were stopped: 0.0081233 seconds, Stopping threads took: 0.0001150 seconds
{Heap before GC invocations=495142 (full 2):
 par new generation   total 368640K, used 327686K [0x00000006c1c00000, 0x00000006dac00000, 0x00000006dac00000)
  eden space 327680K, 100% used [0x00000006c1c00000, 0x00000006d5c00000, 0x00000006d5c00000)
  from space 40960K,   0% used [0x00000006d5c00000, 0x00000006d5c01830, 0x00000006d8400000)
  to   space 40960K,   0% used [0x00000006d8400000, 0x00000006d8400000, 0x00000006dac00000)
 concurrent mark-sweep generation total 3756032K, used 1080796K [0x00000006dac00000, 0x00000007c0000000, 0x00000007c0000000)
 Metaspace       used 42573K, capacity 43892K, committed 44572K, reserved 1087488K
  class space    used 5454K, capacity 5756K, committed 5960K, reserved 1048576K
2020-07-01T08:29:01.883+0200: 399896.526: [GC (Allocation Failure) 2020-07-01T08:29:01.883+0200: 399896.526: [ParNew
Desired survivor size 20971520 bytes, new threshold 1 (max 1)
- age   1:        272 bytes,        272 total
: 327686K->4K(368640K), 0.0081755 secs] 1408482K->1080800K(4124672K), 0.0083014 secs] [Times: user=0.03 sys=0.00, real=0.01 secs] 
Heap after GC invocations=495143 (full 2):
 par new generation   total 368640K, used 4K [0x00000006c1c00000, 0x00000006dac00000, 0x00000006dac00000)
  eden space 327680K,   0% used [0x00000006c1c00000, 0x00000006c1c00000, 0x00000006d5c00000)
  from space 40960K,   0% used [0x00000006d8400000, 0x00000006d8401020, 0x00000006dac00000)
  to   space 40960K,   0% used [0x00000006d5c00000, 0x00000006d5c00000, 0x00000006d8400000)
 concurrent mark-sweep generation total 3756032K, used 1080796K [0x00000006dac00000, 0x00000007c0000000, 0x00000007c0000000)
 Metaspace       used 42573K, capacity 43892K, committed 44572K, reserved 1087488K
  class space    used 5454K, capacity 5756K, committed 5960K, reserved 1048576K
}
2020-07-01T08:29:01.892+0200: 399896.534: Total time for which application threads were stopped: 0.0086366 seconds, Stopping threads took: 0.0000946 seconds
{Heap before GC invocations=495143 (full 2):
 par new generation   total 368640K, used 327684K [0x00000006c1c00000, 0x00000006dac00000, 0x00000006dac00000)
  eden space 327680K, 100% used [0x00000006c1c00000, 0x00000006d5c00000, 0x00000006d5c00000)
  from space 40960K,   0% used [0x00000006d8400000, 0x00000006d8401020, 0x00000006dac00000)
  to   space 40960K,   0% used [0x00000006d5c00000, 0x00000006d5c00000, 0x00000006d8400000)
 concurrent mark-sweep generation total 3756032K, used 1080796K [0x00000006dac00000, 0x00000007c0000000, 0x00000007c0000000)
 Metaspace       used 42573K, capacity 43892K, committed 44572K, reserved 1087488K
  class space    used 5454K, capacity 5756K, committed 5960K, reserved 1048576K
2020-07-01T08:29:02.157+0200: 399896.800: [GC (Allocation Failure) 2020-07-01T08:29:02.157+0200: 399896.800: [ParNew
Desired survivor size 20971520 bytes, new threshold 1 (max 1)
- age   1:        240 bytes,        240 total
: 327684K->2K(368640K), 0.0117122 secs] 1408480K->1080798K(4124672K), 0.0118189 secs] [Times: user=0.03 sys=0.00, real=0.02 secs] 
Heap after GC invocations=495144 (full 2):
 par new generation   total 368640K, used 2K [0x00000006c1c00000, 0x00000006dac00000, 0x00000006dac00000)
  eden space 327680K,   0% used [0x00000006c1c00000, 0x00000006c1c00000, 0x00000006d5c00000)
  from space 40960K,   0% used [0x00000006d5c00000, 0x00000006d5c00810, 0x00000006d8400000)
  to   space 40960K,   0% used [0x00000006d8400000, 0x00000006d8400000, 0x00000006dac00000)
 concurrent mark-sweep generation total 3756032K, used 1080796K [0x00000006dac00000, 0x00000007c0000000, 0x00000007c0000000)
 Metaspace       used 42573K, capacity 43892K, committed 44572K, reserved 1087488K
  class space    used 5454K, capacity 5756K, committed 5960K, reserved 1048576K
}
2020-07-01T08:29:02.169+0200: 399896.812: Total time for which application threads were stopped: 0.0122071 seconds, Stopping threads took: 0.0001477 seconds
{Heap before GC invocations=495144 (full 2):
 par new generation   total 368640K, used 327682K [0x00000006c1c00000, 0x00000006dac00000, 0x00000006dac00000)
  eden space 327680K, 100% used [0x00000006c1c00000, 0x00000006d5c00000, 0x00000006d5c00000)
  from space 40960K,   0% used [0x00000006d5c00000, 0x00000006d5c00810, 0x00000006d8400000)
  to   space 40960K,   0% used [0x00000006d8400000, 0x00000006d8400000, 0x00000006dac00000)
 concurrent mark-sweep generation total 3756032K, used 1080796K [0x00000006dac00000, 0x00000007c0000000, 0x00000007c0000000)
 Metaspace       used 42573K, capacity 43892K, committed 44572K, reserved 1087488K
  class space    used 5454K, capacity 5756K, committed 5960K, reserved 1048576K
2020-07-01T08:29:02.459+0200: 399897.102: [GC (Allocation Failure) 2020-07-01T08:29:02.459+0200: 399897.102: [ParNew
Desired survivor size 20971520 bytes, new threshold 1 (max 1)
- age   1:        272 bytes,        272 total
: 327682K->2K(368640K), 0.0167797 secs] 1408478K->1080798K(4124672K), 0.0168868 secs] [Times: user=0.01 sys=0.00, real=0.01 secs] 
Heap after GC invocations=495145 (full 2):
 par new generation   total 368640K, used 2K [0x00000006c1c00000, 0x00000006dac00000, 0x00000006dac00000)
  eden space 327680K,   0% used [0x00000006c1c00000, 0x00000006c1c00000, 0x00000006d5c00000)
  from space 40960K,   0% used [0x00000006d8400000, 0x00000006d8400810, 0x00000006dac00000)
  to   space 40960K,   0% used [0x00000006d5c00000, 0x00000006d5c00000, 0x00000006d8400000)
 concurrent mark-sweep generation total 3756032K, used 1080796K [0x00000006dac00000, 0x00000007c0000000, 0x00000007c0000000)
 Metaspace       used 42573K, capacity 43892K, committed 44572K, reserved 1087488K
  class space    used 5454K, capacity 5756K, committed 5960K, reserved 1048576K
}
2020-07-01T08:29:02.476+0200: 399897.119: Total time for which application threads were stopped: 0.0172473 seconds, Stopping threads took: 0.0000467 seconds
{Heap before GC invocations=495145 (full 2):
 par new generation   total 368640K, used 327682K [0x00000006c1c00000, 0x00000006dac00000, 0x00000006dac00000)
  eden space 327680K, 100% used [0x00000006c1c00000, 0x00000006d5c00000, 0x00000006d5c00000)
  from space 40960K,   0% used [0x00000006d8400000, 0x00000006d8400810, 0x00000006dac00000)
  to   space 40960K,   0% used [0x00000006d5c00000, 0x00000006d5c00000, 0x00000006d8400000)
 concurrent mark-sweep generation total 3756032K, used 1080796K [0x00000006dac00000, 0x00000007c0000000, 0x00000007c0000000)
 Metaspace       used 42573K, capacity 43892K, committed 44572K, reserved 1087488K
  class space    used 5454K, capacity 5756K, committed 5960K, reserved 1048576K
2020-07-01T08:29:02.764+0200: 399897.406: [GC (Allocation Failure) 2020-07-01T08:29:02.764+0200: 399897.406: [ParNew
Desired survivor size 20971520 bytes, new threshold 1 (max 1)
- age   1:        480 bytes,        480 total
: 327682K->4K(368640K), 0.0109916 secs] 1408478K->1080800K(4124672K), 0.0111147 secs] [Times: user=0.00 sys=0.00, real=0.01 secs] 
Heap after GC invocations=495146 (full 2):
 par new generation   total 368640K, used 4K [0x00000006c1c00000, 0x00000006dac00000, 0x00000006dac00000)
  eden space 327680K,   0% used [0x00000006c1c00000, 0x00000006c1c00000, 0x00000006d5c00000)
  from space 40960K,   0% used [0x00000006d5c00000, 0x00000006d5c01020, 0x00000006d8400000)
  to   space 40960K,   0% used [0x00000006d8400000, 0x00000006d8400000, 0x00000006dac00000)
 concurrent mark-sweep generation total 3756032K, used 1080796K [0x00000006dac00000, 0x00000007c0000000, 0x00000007c0000000)
 Metaspace       used 42573K, capacity 43892K, committed 44572K, reserved 1087488K
  class space    used 5454K, capacity 5756K, committed 5960K, reserved 1048576K
}
2020-07-01T08:29:02.775+0200: 399897.418: Total time for which application threads were stopped: 0.0114950 seconds, Stopping threads took: 0.0000970 seconds
{Heap before GC invocations=495146 (full 2):
 par new generation   total 368640K, used 327684K [0x00000006c1c00000, 0x00000006dac00000, 0x00000006dac00000)
  eden space 327680K, 100% used [0x00000006c1c00000, 0x00000006d5c00000, 0x00000006d5c00000)
  from space 40960K,   0% used [0x00000006d5c00000, 0x00000006d5c01020, 0x00000006d8400000)
  to   space 40960K,   0% used [0x00000006d8400000, 0x00000006d8400000, 0x00000006dac00000)
 concurrent mark-sweep generation total 3756032K, used 1080796K [0x00000006dac00000, 0x00000007c0000000, 0x00000007c0000000)
 Metaspace       used 42573K, capacity 43892K, committed 44572K, reserved 1087488K
  class space    used 5454K, capacity 5756K, committed 5960K, reserved 1048576K
2020-07-01T08:29:03.042+0200: 399897.685: [GC (Allocation Failure) 2020-07-01T08:29:03.042+0200: 399897.685: [ParNew
Desired survivor size 20971520 bytes, new threshold 1 (max 1)
- age   1:        240 bytes,        240 total
: 327684K->4K(368640K), 0.0105575 secs] 1408480K->1080801K(4124672K), 0.0106930 secs] [Times: user=0.00 sys=0.01, real=0.01 secs] 
Heap after GC invocations=495147 (full 2):
 par new generation   total 368640K, used 4K [0x00000006c1c00000, 0x00000006dac00000, 0x00000006dac00000)
  eden space 327680K,   0% used [0x00000006c1c00000, 0x00000006c1c00000, 0x00000006d5c00000)
  from space 40960K,   0% used [0x00000006d8400000, 0x00000006d8401020, 0x00000006dac00000)
  to   space 40960K,   0% used [0x00000006d5c00000, 0x00000006d5c00000, 0x00000006d8400000)
 concurrent mark-sweep generation total 3756032K, used 1080796K [0x00000006dac00000, 0x00000007c0000000, 0x00000007c0000000)
 Metaspace       used 42573K, capacity 43892K, committed 44572K, reserved 1087488K
  class space    used 5454K, capacity 5756K, committed 5960K, reserved 1048576K
}
2020-07-01T08:29:03.053+0200: 399897.695: Total time for which application threads were stopped: 0.0110652 seconds, Stopping threads took: 0.0001197 seconds
{Heap before GC invocations=495147 (full 2):
 par new generation   total 368640K, used 327684K [0x00000006c1c00000, 0x00000006dac00000, 0x00000006dac00000)
  eden space 327680K, 100% used [0x00000006c1c00000, 0x00000006d5c00000, 0x00000006d5c00000)
  from space 40960K,   0% used [0x00000006d8400000, 0x00000006d8401020, 0x00000006dac00000)
  to   space 40960K,   0% used [0x00000006d5c00000, 0x00000006d5c00000, 0x00000006d8400000)
 concurrent mark-sweep generation total 3756032K, used 1080796K [0x00000006dac00000, 0x00000007c0000000, 0x00000007c0000000)
 Metaspace       used 42573K, capacity 43892K, committed 44572K, reserved 1087488K
  class space    used 5454K, capacity 5756K, committed 5960K, reserved 1048576K
2020-07-01T08:29:03.331+0200: 399897.974: [GC (Allocation Failure) 2020-07-01T08:29:03.331+0200: 399897.974: [ParNew
Desired survivor size 20971520 bytes, new threshold 1 (max 1)
- age   1:        272 bytes,        272 total
: 327684K->4K(368640K), 0.0190274 secs] 1408481K->1080801K(4124672K), 0.0192050 secs] [Times: user=0.03 sys=0.00, real=0.02 secs] 
Heap after GC invocations=495148 (full 2):
 par new generation   total 368640K, used 4K [0x00000006c1c00000, 0x00000006dac00000, 0x00000006dac00000)
  eden space 327680K,   0% used [0x00000006c1c00000, 0x00000006c1c00000, 0x00000006d5c00000)
  from space 40960K,   0% used [0x00000006d5c00000, 0x00000006d5c01020, 0x00000006d8400000)
  to   space 40960K,   0% used [0x00000006d8400000, 0x00000006d8400000, 0x00000006dac00000)
 concurrent mark-sweep generation total 3756032K, used 1080796K [0x00000006dac00000, 0x00000007c0000000, 0x00000007c0000000)
 Metaspace       used 42573K, capacity 43892K, committed 44572K, reserved 1087488K
  class space    used 5454K, capacity 5756K, committed 5960K, reserved 1048576K
}
2020-07-01T08:29:03.350+0200: 399897.993: Total time for which application threads were stopped: 0.0196912 seconds, Stopping threads took: 0.0000944 seconds
{Heap before GC invocations=495148 (full 2):
 par new generation   total 368640K, used 327684K [0x00000006c1c00000, 0x00000006dac00000, 0x00000006dac00000)
  eden space 327680K, 100% used [0x00000006c1c00000, 0x00000006d5c00000, 0x00000006d5c00000)
  from space 40960K,   0% used [0x00000006d5c00000, 0x00000006d5c01020, 0x00000006d8400000)
  to   space 40960K,   0% used [0x00000006d8400000, 0x00000006d8400000, 0x00000006dac00000)
 concurrent mark-sweep generation total 3756032K, used 1080796K [0x00000006dac00000, 0x00000007c0000000, 0x00000007c0000000)
 Metaspace       used 42573K, capacity 43892K, committed 44572K, reserved 1087488K
  class space    used 5454K, capacity 5756K, committed 5960K, reserved 1048576K
2020-07-01T08:29:03.643+0200: 399898.286: [GC (Allocation Failure) 2020-07-01T08:29:03.643+0200: 399898.286: [ParNew
Desired survivor size 20971520 bytes, new threshold 1 (max 1)
- age   1:        320 bytes,        320 total
: 327684K->4K(368640K), 0.0102954 secs] 1408481K->1080801K(4124672K), 0.0104169 secs] [Times: user=0.03 sys=0.00, real=0.01 secs] 
Heap after GC invocations=495149 (full 2):
 par new generation   total 368640K, used 4K [0x00000006c1c00000, 0x00000006dac00000, 0x00000006dac00000)
  eden space 327680K,   0% used [0x00000006c1c00000, 0x00000006c1c00000, 0x00000006d5c00000)
  from space 40960K,   0% used [0x00000006d8400000, 0x00000006d8401020, 0x00000006dac00000)
  to   space 40960K,   0% used [0x00000006d5c00000, 0x00000006d5c00000, 0x00000006d8400000)
 concurrent mark-sweep generation total 3756032K, used 1080796K [0x00000006dac00000, 0x00000007c0000000, 0x00000007c0000000)
 Metaspace       used 42573K, capacity 43892K, committed 44572K, reserved 1087488K
  class space    used 5454K, capacity 5756K, committed 5960K, reserved 1048576K
}
2020-07-01T08:29:03.654+0200: 399898.297: Total time for which application threads were stopped: 0.0108007 seconds, Stopping threads took: 0.0000966 seconds
{Heap before GC invocations=495149 (full 2):
 par new generation   total 368640K, used 327684K [0x00000006c1c00000, 0x00000006dac00000, 0x00000006dac00000)
  eden space 327680K, 100% used [0x00000006c1c00000, 0x00000006d5c00000, 0x00000006d5c00000)
  from space 40960K,   0% used [0x00000006d8400000, 0x00000006d8401020, 0x00000006dac00000)
  to   space 40960K,   0% used [0x00000006d5c00000, 0x00000006d5c00000, 0x00000006d8400000)
 concurrent mark-sweep generation total 3756032K, used 1080796K [0x00000006dac00000, 0x00000007c0000000, 0x00000007c0000000)
 Metaspace       used 42573K, capacity 43892K, committed 44572K, reserved 1087488K
  class space    used 5454K, capacity 5756K, committed 5960K, reserved 1048576K
2020-07-01T08:29:03.929+0200: 399898.572: [GC (Allocation Failure) 2020-07-01T08:29:03.929+0200: 399898.572: [ParNew
Desired survivor size 20971520 bytes, new threshold 1 (max 1)
- age   1:        240 bytes,        240 total
: 327684K->4K(368640K), 0.0086524 secs] 1408481K->1080801K(4124672K), 0.0087763 secs] [Times: user=0.03 sys=0.00, real=0.01 secs] 
Heap after GC invocations=495150 (full 2):
 par new generation   total 368640K, used 4K [0x00000006c1c00000, 0x00000006dac00000, 0x00000006dac00000)
  eden space 327680K,   0% used [0x00000006c1c00000, 0x00000006c1c00000, 0x00000006d5c00000)
  from space 40960K,   0% used [0x00000006d5c00000, 0x00000006d5c01020, 0x00000006d8400000)
  to   space 40960K,   0% used [0x00000006d8400000, 0x00000006d8400000, 0x00000006dac00000)
 concurrent mark-sweep generation total 3756032K, used 1080797K [0x00000006dac00000, 0x00000007c0000000, 0x00000007c0000000)
 Metaspace       used 42573K, capacity 43892K, committed 44572K, reserved 1087488K
  class space    used 5454K, capacity 5756K, committed 5960K, reserved 1048576K
}
2020-07-01T08:29:03.938+0200: 399898.581: Total time for which application threads were stopped: 0.0091452 seconds, Stopping threads took: 0.0001080 seconds
{Heap before GC invocations=495150 (full 2):
 par new generation   total 368640K, used 327684K [0x00000006c1c00000, 0x00000006dac00000, 0x00000006dac00000)
  eden space 327680K, 100% used [0x00000006c1c00000, 0x00000006d5c00000, 0x00000006d5c00000)
  from space 40960K,   0% used [0x00000006d5c00000, 0x00000006d5c01020, 0x00000006d8400000)
  to   space 40960K,   0% used [0x00000006d8400000, 0x00000006d8400000, 0x00000006dac00000)
 concurrent mark-sweep generation total 3756032K, used 1080797K [0x00000006dac00000, 0x00000007c0000000, 0x00000007c0000000)
 Metaspace       used 42573K, capacity 43892K, committed 44572K, reserved 1087488K
  class space    used 5454K, capacity 5756K, committed 5960K, reserved 1048576K
2020-07-01T08:29:04.219+0200: 399898.861: [GC (Allocation Failure) 2020-07-01T08:29:04.219+0200: 399898.861: [ParNew
Desired survivor size 20971520 bytes, new threshold 1 (max 1)
- age   1:        240 bytes,        240 total
: 327684K->6K(368640K), 0.0070327 secs] 1408481K->1080803K(4124672K), 0.0071623 secs] [Times: user=0.00 sys=0.00, real=0.00 secs] 
Heap after GC invocations=495151 (full 2):
 par new generation   total 368640K, used 6K [0x00000006c1c00000, 0x00000006dac00000, 0x00000006dac00000)
  eden space 327680K,   0% used [0x00000006c1c00000, 0x00000006c1c00000, 0x00000006d5c00000)
  from space 40960K,   0% used [0x00000006d8400000, 0x00000006d8401830, 0x00000006dac00000)
  to   space 40960K,   0% used [0x00000006d5c00000, 0x00000006d5c00000, 0x00000006d8400000)
 concurrent mark-sweep generation total 3756032K, used 1080797K [0x00000006dac00000, 0x00000007c0000000, 0x00000007c0000000)
 Metaspace       used 42573K, capacity 43892K, committed 44572K, reserved 1087488K
  class space    used 5454K, capacity 5756K, committed 5960K, reserved 1048576K
}
2020-07-01T08:29:04.226+0200: 399898.869: Total time for which application threads were stopped: 0.0074936 seconds, Stopping threads took: 0.0000982 seconds
{Heap before GC invocations=495151 (full 2):
 par new generation   total 368640K, used 327686K [0x00000006c1c00000, 0x00000006dac00000, 0x00000006dac00000)
  eden space 327680K, 100% used [0x00000006c1c00000, 0x00000006d5c00000, 0x00000006d5c00000)
  from space 40960K,   0% used [0x00000006d8400000, 0x00000006d8401830, 0x00000006dac00000)
  to   space 40960K,   0% used [0x00000006d5c00000, 0x00000006d5c00000, 0x00000006d8400000)
 concurrent mark-sweep generation total 3756032K, used 1080797K [0x00000006dac00000, 0x00000007c0000000, 0x00000007c0000000)
 Metaspace       used 42573K, capacity 43892K, committed 44572K, reserved 1087488K
  class space    used 5454K, capacity 5756K, committed 5960K, reserved 1048576K
2020-07-01T08:29:04.503+0200: 399899.146: [GC (Allocation Failure) 2020-07-01T08:29:04.503+0200: 399899.146: [ParNew
Desired survivor size 20971520 bytes, new threshold 1 (max 1)
- age   1:        336 bytes,        336 total
: 327686K->4K(368640K), 0.0104837 secs] 1408483K->1080801K(4124672K), 0.0106693 secs] [Times: user=0.04 sys=0.00, real=0.01 secs] 
Heap after GC invocations=495152 (full 2):
 par new generation   total 368640K, used 4K [0x00000006c1c00000, 0x00000006dac00000, 0x00000006dac00000)
  eden space 327680K,   0% used [0x00000006c1c00000, 0x00000006c1c00000, 0x00000006d5c00000)
  from space 40960K,   0% used [0x00000006d5c00000, 0x00000006d5c01020, 0x00000006d8400000)
  to   space 40960K,   0% used [0x00000006d8400000, 0x00000006d8400000, 0x00000006dac00000)
 concurrent mark-sweep generation total 3756032K, used 1080797K [0x00000006dac00000, 0x00000007c0000000, 0x00000007c0000000)
 Metaspace       used 42573K, capacity 43892K, committed 44572K, reserved 1087488K
  class space    used 5454K, capacity 5756K, committed 5960K, reserved 1048576K
}
2020-07-01T08:29:04.514+0200: 399899.157: Total time for which application threads were stopped: 0.0109541 seconds, Stopping threads took: 0.0000535 seconds
{Heap before GC invocations=495152 (full 2):
 par new generation   total 368640K, used 327684K [0x00000006c1c00000, 0x00000006dac00000, 0x00000006dac00000)
  eden space 327680K, 100% used [0x00000006c1c00000, 0x00000006d5c00000, 0x00000006d5c00000)
  from space 40960K,   0% used [0x00000006d5c00000, 0x00000006d5c01020, 0x00000006d8400000)
  to   space 40960K,   0% used [0x00000006d8400000, 0x00000006d8400000, 0x00000006dac00000)
 concurrent mark-sweep generation total 3756032K, used 1080797K [0x00000006dac00000, 0x00000007c0000000, 0x00000007c0000000)
 Metaspace       used 42573K, capacity 43892K, committed 44572K, reserved 1087488K
  class space    used 5454K, capacity 5756K, committed 5960K, reserved 1048576K
2020-07-01T08:29:04.787+0200: 399899.429: [GC (Allocation Failure) 2020-07-01T08:29:04.787+0200: 399899.430: [ParNew
Desired survivor size 20971520 bytes, new threshold 1 (max 1)
- age   1:        240 bytes,        240 total
: 327684K->4K(368640K), 0.0101647 secs] 1408481K->1080801K(4124672K), 0.0105648 secs] [Times: user=0.03 sys=0.00, real=0.01 secs] 
Heap after GC invocations=495153 (full 2):
 par new generation   total 368640K, used 4K [0x00000006c1c00000, 0x00000006dac00000, 0x00000006dac00000)
  eden space 327680K,   0% used [0x00000006c1c00000, 0x00000006c1c00000, 0x00000006d5c00000)
  from space 40960K,   0% used [0x00000006d8400000, 0x00000006d8401020, 0x00000006dac00000)
  to   space 40960K,   0% used [0x00000006d5c00000, 0x00000006d5c00000, 0x00000006d8400000)
 concurrent mark-sweep generation total 3756032K, used 1080797K [0x00000006dac00000, 0x00000007c0000000, 0x00000007c0000000)
 Metaspace       used 42573K, capacity 43892K, committed 44572K, reserved 1087488K
  class space    used 5454K, capacity 5756K, committed 5960K, reserved 1048576K
}
2020-07-01T08:29:04.797+0200: 399899.440: Total time for which application threads were stopped: 0.0112347 seconds, Stopping threads took: 0.0003731 seconds
{Heap before GC invocations=495153 (full 2):
 par new generation   total 368640K, used 327684K [0x00000006c1c00000, 0x00000006dac00000, 0x00000006dac00000)
  eden space 327680K, 100% used [0x00000006c1c00000, 0x00000006d5c00000, 0x00000006d5c00000)
  from space 40960K,   0% used [0x00000006d8400000, 0x00000006d8401020, 0x00000006dac00000)
  to   space 40960K,   0% used [0x00000006d5c00000, 0x00000006d5c00000, 0x00000006d8400000)
 concurrent mark-sweep generation total 3756032K, used 1080797K [0x00000006dac00000, 0x00000007c0000000, 0x00000007c0000000)
 Metaspace       used 42573K, capacity 43892K, committed 44572K, reserved 1087488K
  class space    used 5454K, capacity 5756K, committed 5960K, reserved 1048576K
2020-07-01T08:29:05.076+0200: 399899.719: [GC (Allocation Failure) 2020-07-01T08:29:05.076+0200: 399899.719: [ParNew
Desired survivor size 20971520 bytes, new threshold 1 (max 1)
- age   1:        464 bytes,        464 total
: 327684K->4K(368640K), 0.0104561 secs] 1408481K->1080801K(4124672K), 0.0105892 secs] [Times: user=0.00 sys=0.00, real=0.01 secs] 
Heap after GC invocations=495154 (full 2):
 par new generation   total 368640K, used 4K [0x00000006c1c00000, 0x00000006dac00000, 0x00000006dac00000)
  eden space 327680K,   0% used [0x00000006c1c00000, 0x00000006c1c00000, 0x00000006d5c00000)
  from space 40960K,   0% used [0x00000006d5c00000, 0x00000006d5c01020, 0x00000006d8400000)
  to   space 40960K,   0% used [0x00000006d8400000, 0x00000006d8400000, 0x00000006dac00000)
 concurrent mark-sweep generation total 3756032K, used 1080797K [0x00000006dac00000, 0x00000007c0000000, 0x00000007c0000000)
 Metaspace       used 42573K, capacity 43892K, committed 44572K, reserved 1087488K
  class space    used 5454K, capacity 5756K, committed 5960K, reserved 1048576K
}
2020-07-01T08:29:05.087+0200: 399899.729: Total time for which application threads were stopped: 0.0110440 seconds, Stopping threads took: 0.0002064 seconds
{Heap before GC invocations=495154 (full 2):
 par new generation   total 368640K, used 327684K [0x00000006c1c00000, 0x00000006dac00000, 0x00000006dac00000)
  eden space 327680K, 100% used [0x00000006c1c00000, 0x00000006d5c00000, 0x00000006d5c00000)
  from space 40960K,   0% used [0x00000006d5c00000, 0x00000006d5c01020, 0x00000006d8400000)
  to   space 40960K,   0% used [0x00000006d8400000, 0x00000006d8400000, 0x00000006dac00000)
 concurrent mark-sweep generation total 3756032K, used 1080797K [0x00000006dac00000, 0x00000007c0000000, 0x00000007c0000000)
 Metaspace       used 42573K, capacity 43892K, committed 44572K, reserved 1087488K
  class space    used 5454K, capacity 5756K, committed 5960K, reserved 1048576K
2020-07-01T08:29:05.370+0200: 399900.013: [GC (Allocation Failure) 2020-07-01T08:29:05.370+0200: 399900.013: [ParNew
Desired survivor size 20971520 bytes, new threshold 1 (max 1)
- age   1:        272 bytes,        272 total
: 327684K->4K(368640K), 0.0134689 secs] 1408481K->1080801K(4124672K), 0.0135966 secs] [Times: user=0.02 sys=0.00, real=0.01 secs] 
Heap after GC invocations=495155 (full 2):
 par new generation   total 368640K, used 4K [0x00000006c1c00000, 0x00000006dac00000, 0x00000006dac00000)
  eden space 327680K,   0% used [0x00000006c1c00000, 0x00000006c1c00000, 0x00000006d5c00000)
  from space 40960K,   0% used [0x00000006d8400000, 0x00000006d8401020, 0x00000006dac00000)
  to   space 40960K,   0% used [0x00000006d5c00000, 0x00000006d5c00000, 0x00000006d8400000)
 concurrent mark-sweep generation total 3756032K, used 1080797K [0x00000006dac00000, 0x00000007c0000000, 0x00000007c0000000)
 Metaspace       used 42573K, capacity 43892K, committed 44572K, reserved 1087488K
  class space    used 5454K, capacity 5756K, committed 5960K, reserved 1048576K
}
2020-07-01T08:29:05.384+0200: 399900.027: Total time for which application threads were stopped: 0.0141369 seconds, Stopping threads took: 0.0002787 seconds
{Heap before GC invocations=495155 (full 2):
 par new generation   total 368640K, used 327684K [0x00000006c1c00000, 0x00000006dac00000, 0x00000006dac00000)
  eden space 327680K, 100% used [0x00000006c1c00000, 0x00000006d5c00000, 0x00000006d5c00000)
  from space 40960K,   0% used [0x00000006d8400000, 0x00000006d8401020, 0x00000006dac00000)
  to   space 40960K,   0% used [0x00000006d5c00000, 0x00000006d5c00000, 0x00000006d8400000)
 concurrent mark-sweep generation total 3756032K, used 1080797K [0x00000006dac00000, 0x00000007c0000000, 0x00000007c0000000)
 Metaspace       used 42573K, capacity 43892K, committed 44572K, reserved 1087488K
  class space    used 5454K, capacity 5756K, committed 5960K, reserved 1048576K
2020-07-01T08:29:05.670+0200: 399900.313: [GC (Allocation Failure) 2020-07-01T08:29:05.670+0200: 399900.313: [ParNew
Desired survivor size 20971520 bytes, new threshold 1 (max 1)
- age   1:        760 bytes,        760 total
: 327684K->4K(368640K), 0.0108129 secs] 1408481K->1080801K(4124672K), 0.0110084 secs] [Times: user=0.00 sys=0.00, real=0.01 secs] 
Heap after GC invocations=495156 (full 2):
 par new generation   total 368640K, used 4K [0x00000006c1c00000, 0x00000006dac00000, 0x00000006dac00000)
  eden space 327680K,   0% used [0x00000006c1c00000, 0x00000006c1c00000, 0x00000006d5c00000)
  from space 40960K,   0% used [0x00000006d5c00000, 0x00000006d5c01020, 0x00000006d8400000)
  to   space 40960K,   0% used [0x00000006d8400000, 0x00000006d8400000, 0x00000006dac00000)
 concurrent mark-sweep generation total 3756032K, used 1080797K [0x00000006dac00000, 0x00000007c0000000, 0x00000007c0000000)
 Metaspace       used 42573K, capacity 43892K, committed 44572K, reserved 1087488K
  class space    used 5454K, capacity 5756K, committed 5960K, reserved 1048576K
}
2020-07-01T08:29:05.681+0200: 399900.324: Total time for which application threads were stopped: 0.0114405 seconds, Stopping threads took: 0.0000539 seconds
{Heap before GC invocations=495156 (full 2):
 par new generation   total 368640K, used 327684K [0x00000006c1c00000, 0x00000006dac00000, 0x00000006dac00000)
  eden space 327680K, 100% used [0x00000006c1c00000, 0x00000006d5c00000, 0x00000006d5c00000)
  from space 40960K,   0% used [0x00000006d5c00000, 0x00000006d5c01020, 0x00000006d8400000)
  to   space 40960K,   0% used [0x00000006d8400000, 0x00000006d8400000, 0x00000006dac00000)
 concurrent mark-sweep generation total 3756032K, used 1080797K [0x00000006dac00000, 0x00000007c0000000, 0x00000007c0000000)
 Metaspace       used 42573K, capacity 43892K, committed 44572K, reserved 1087488K
  class space    used 5454K, capacity 5756K, committed 5960K, reserved 1048576K
2020-07-01T08:29:05.959+0200: 399900.601: [GC (Allocation Failure) 2020-07-01T08:29:05.959+0200: 399900.601: [ParNew
Desired survivor size 20971520 bytes, new threshold 1 (max 1)
- age   1:        240 bytes,        240 total
: 327684K->4K(368640K), 0.0095919 secs] 1408481K->1080801K(4124672K), 0.0097171 secs] [Times: user=0.05 sys=0.00, real=0.01 secs] 
Heap after GC invocations=495157 (full 2):
 par new generation   total 368640K, used 4K [0x00000006c1c00000, 0x00000006dac00000, 0x00000006dac00000)
  eden space 327680K,   0% used [0x00000006c1c00000, 0x00000006c1c00000, 0x00000006d5c00000)
  from space 40960K,   0% used [0x00000006d8400000, 0x00000006d8401020, 0x00000006dac00000)
  to   space 40960K,   0% used [0x00000006d5c00000, 0x00000006d5c00000, 0x00000006d8400000)
 concurrent mark-sweep generation total 3756032K, used 1080797K [0x00000006dac00000, 0x00000007c0000000, 0x00000007c0000000)
 Metaspace       used 42573K, capacity 43892K, committed 44572K, reserved 1087488K
  class space    used 5454K, capacity 5756K, committed 5960K, reserved 1048576K
}
2020-07-01T08:29:05.968+0200: 399900.611: Total time for which application threads were stopped: 0.0100584 seconds, Stopping threads took: 0.0000976 seconds
{Heap before GC invocations=495157 (full 2):
 par new generation   total 368640K, used 327684K [0x00000006c1c00000, 0x00000006dac00000, 0x00000006dac00000)
  eden space 327680K, 100% used [0x00000006c1c00000, 0x00000006d5c00000, 0x00000006d5c00000)
  from space 40960K,   0% used [0x00000006d8400000, 0x00000006d8401020, 0x00000006dac00000)
  to   space 40960K,   0% used [0x00000006d5c00000, 0x00000006d5c00000, 0x00000006d8400000)
 concurrent mark-sweep generation total 3756032K, used 1080797K [0x00000006dac00000, 0x00000007c0000000, 0x00000007c0000000)
 Metaspace       used 42573K, capacity 43892K, committed 44572K, reserved 1087488K
  class space    used 5454K, capacity 5756K, committed 5960K, reserved 1048576K
2020-07-01T08:29:06.290+0200: 399900.933: [GC (Allocation Failure) 2020-07-01T08:29:06.290+0200: 399900.933: [ParNew
Desired survivor size 20971520 bytes, new threshold 1 (max 1)
- age   1:        240 bytes,        240 total
: 327684K->4K(368640K), 0.0118983 secs] 1408481K->1080801K(4124672K), 0.0120108 secs] [Times: user=0.04 sys=0.00, real=0.01 secs] 
Heap after GC invocations=495158 (full 2):
 par new generation   total 368640K, used 4K [0x00000006c1c00000, 0x00000006dac00000, 0x00000006dac00000)
  eden space 327680K,   0% used [0x00000006c1c00000, 0x00000006c1c00000, 0x00000006d5c00000)
  from space 40960K,   0% used [0x00000006d5c00000, 0x00000006d5c01020, 0x00000006d8400000)
  to   space 40960K,   0% used [0x00000006d8400000, 0x00000006d8400000, 0x00000006dac00000)
 concurrent mark-sweep generation total 3756032K, used 1080797K [0x00000006dac00000, 0x00000007c0000000, 0x00000007c0000000)
 Metaspace       used 42573K, capacity 43892K, committed 44572K, reserved 1087488K
  class space    used 5454K, capacity 5756K, committed 5960K, reserved 1048576K
}
2020-07-01T08:29:06.302+0200: 399900.945: Total time for which application threads were stopped: 0.0123155 seconds, Stopping threads took: 0.0000530 seconds
{Heap before GC invocations=495158 (full 2):
 par new generation   total 368640K, used 327684K [0x00000006c1c00000, 0x00000006dac00000, 0x00000006dac00000)
  eden space 327680K, 100% used [0x00000006c1c00000, 0x00000006d5c00000, 0x00000006d5c00000)
  from space 40960K,   0% used [0x00000006d5c00000, 0x00000006d5c01020, 0x00000006d8400000)
  to   space 40960K,   0% used [0x00000006d8400000, 0x00000006d8400000, 0x00000006dac00000)
 concurrent mark-sweep generation total 3756032K, used 1080797K [0x00000006dac00000, 0x00000007c0000000, 0x00000007c0000000)
 Metaspace       used 42573K, capacity 43892K, committed 44572K, reserved 1087488K
  class space    used 5454K, capacity 5756K, committed 5960K, reserved 1048576K
2020-07-01T08:29:06.595+0200: 399901.238: [GC (Allocation Failure) 2020-07-01T08:29:06.595+0200: 399901.238: [ParNew
Desired survivor size 20971520 bytes, new threshold 1 (max 1)
- age   1:        304 bytes,        304 total
: 327684K->4K(368640K), 0.0136832 secs] 1408481K->1080801K(4124672K), 0.0137991 secs] [Times: user=0.03 sys=0.00, real=0.02 secs] 
Heap after GC invocations=495159 (full 2):
 par new generation   total 368640K, used 4K [0x00000006c1c00000, 0x00000006dac00000, 0x00000006dac00000)
  eden space 327680K,   0% used [0x00000006c1c00000, 0x00000006c1c00000, 0x00000006d5c00000)
  from space 40960K,   0% used [0x00000006d8400000, 0x00000006d8401020, 0x00000006dac00000)
  to   space 40960K,   0% used [0x00000006d5c00000, 0x00000006d5c00000, 0x00000006d8400000)
 concurrent mark-sweep generation total 3756032K, used 1080797K [0x00000006dac00000, 0x00000007c0000000, 0x00000007c0000000)
 Metaspace       used 42573K, capacity 43892K, committed 44572K, reserved 1087488K
  class space    used 5454K, capacity 5756K, committed 5960K, reserved 1048576K
}
2020-07-01T08:29:06.609+0200: 399901.252: Total time for which application threads were stopped: 0.0140900 seconds, Stopping threads took: 0.0000486 seconds
{Heap before GC invocations=495159 (full 2):
 par new generation   total 368640K, used 327684K [0x00000006c1c00000, 0x00000006dac00000, 0x00000006dac00000)
  eden space 327680K, 100% used [0x00000006c1c00000, 0x00000006d5c00000, 0x00000006d5c00000)
  from space 40960K,   0% used [0x00000006d8400000, 0x00000006d8401020, 0x00000006dac00000)
  to   space 40960K,   0% used [0x00000006d5c00000, 0x00000006d5c00000, 0x00000006d8400000)
 concurrent mark-sweep generation total 3756032K, used 1080797K [0x00000006dac00000, 0x00000007c0000000, 0x00000007c0000000)
 Metaspace       used 42573K, capacity 43892K, committed 44572K, reserved 1087488K
  class space    used 5454K, capacity 5756K, committed 5960K, reserved 1048576K
2020-07-01T08:29:06.889+0200: 399901.531: [GC (Allocation Failure) 2020-07-01T08:29:06.889+0200: 399901.532: [ParNew
Desired survivor size 20971520 bytes, new threshold 1 (max 1)
- age   1:        272 bytes,        272 total
: 327684K->2K(368640K), 0.0202562 secs] 1408481K->1080799K(4124672K), 0.0203620 secs] [Times: user=0.00 sys=0.00, real=0.02 secs] 
Heap after GC invocations=495160 (full 2):
 par new generation   total 368640K, used 2K [0x00000006c1c00000, 0x00000006dac00000, 0x00000006dac00000)
  eden space 327680K,   0% used [0x00000006c1c00000, 0x00000006c1c00000, 0x00000006d5c00000)
  from space 40960K,   0% used [0x00000006d5c00000, 0x00000006d5c00810, 0x00000006d8400000)
  to   space 40960K,   0% used [0x00000006d8400000, 0x00000006d8400000, 0x00000006dac00000)
 concurrent mark-sweep generation total 3756032K, used 1080797K [0x00000006dac00000, 0x00000007c0000000, 0x00000007c0000000)
 Metaspace       used 42573K, capacity 43892K, committed 44572K, reserved 1087488K
  class space    used 5454K, capacity 5756K, committed 5960K, reserved 1048576K
}
2020-07-01T08:29:06.909+0200: 399901.552: Total time for which application threads were stopped: 0.0206725 seconds, Stopping threads took: 0.0000524 seconds
{Heap before GC invocations=495160 (full 2):
 par new generation   total 368640K, used 327682K [0x00000006c1c00000, 0x00000006dac00000, 0x00000006dac00000)
  eden space 327680K, 100% used [0x00000006c1c00000, 0x00000006d5c00000, 0x00000006d5c00000)
  from space 40960K,   0% used [0x00000006d5c00000, 0x00000006d5c00810, 0x00000006d8400000)
  to   space 40960K,   0% used [0x00000006d8400000, 0x00000006d8400000, 0x00000006dac00000)
 concurrent mark-sweep generation total 3756032K, used 1080797K [0x00000006dac00000, 0x00000007c0000000, 0x00000007c0000000)
 Metaspace       used 42573K, capacity 43892K, committed 44572K, reserved 1087488K
  class space    used 5454K, capacity 5756K, committed 5960K, reserved 1048576K
2020-07-01T08:29:07.188+0200: 399901.831: [GC (Allocation Failure) 2020-07-01T08:29:07.188+0200: 399901.831: [ParNew
Desired survivor size 20971520 bytes, new threshold 1 (max 1)
- age   1:        240 bytes,        240 total
: 327682K->2K(368640K), 0.0731184 secs] 1408479K->1080800K(4124672K), 0.0732320 secs] [Times: user=0.02 sys=0.00, real=0.07 secs] 
Heap after GC invocations=495161 (full 2):
 par new generation   total 368640K, used 2K [0x00000006c1c00000, 0x00000006dac00000, 0x00000006dac00000)
  eden space 327680K,   0% used [0x00000006c1c00000, 0x00000006c1c00000, 0x00000006d5c00000)
  from space 40960K,   0% used [0x00000006d8400000, 0x00000006d8400810, 0x00000006dac00000)
  to   space 40960K,   0% used [0x00000006d5c00000, 0x00000006d5c00000, 0x00000006d8400000)
 concurrent mark-sweep generation total 3756032K, used 1080797K [0x00000006dac00000, 0x00000007c0000000, 0x00000007c0000000)
 Metaspace       used 42573K, capacity 43892K, committed 44572K, reserved 1087488K
  class space    used 5454K, capacity 5756K, committed 5960K, reserved 1048576K
}
2020-07-01T08:29:07.262+0200: 399901.904: Total time for which application threads were stopped: 0.0735160 seconds, Stopping threads took: 0.0000457 seconds
{Heap before GC invocations=495161 (full 2):
 par new generation   total 368640K, used 327682K [0x00000006c1c00000, 0x00000006dac00000, 0x00000006dac00000)
  eden space 327680K, 100% used [0x00000006c1c00000, 0x00000006d5c00000, 0x00000006d5c00000)
  from space 40960K,   0% used [0x00000006d8400000, 0x00000006d8400810, 0x00000006dac00000)
  to   space 40960K,   0% used [0x00000006d5c00000, 0x00000006d5c00000, 0x00000006d8400000)
 concurrent mark-sweep generation total 3756032K, used 1080797K [0x00000006dac00000, 0x00000007c0000000, 0x00000007c0000000)
 Metaspace       used 42573K, capacity 43892K, committed 44572K, reserved 1087488K
  class space    used 5454K, capacity 5756K, committed 5960K, reserved 1048576K
2020-07-01T08:29:07.680+0200: 399902.322: [GC (Allocation Failure) 2020-07-01T08:29:07.680+0200: 399902.323: [ParNew
Desired survivor size 20971520 bytes, new threshold 1 (max 1)
- age   1:        600 bytes,        600 total
: 327682K->6K(368640K), 0.0131141 secs] 1408480K->1080804K(4124672K), 0.0132145 secs] [Times: user=0.03 sys=0.00, real=0.01 secs] 
Heap after GC invocations=495162 (full 2):
 par new generation   total 368640K, used 6K [0x00000006c1c00000, 0x00000006dac00000, 0x00000006dac00000)
  eden space 327680K,   0% used [0x00000006c1c00000, 0x00000006c1c00000, 0x00000006d5c00000)
  from space 40960K,   0% used [0x00000006d5c00000, 0x00000006d5c01830, 0x00000006d8400000)
  to   space 40960K,   0% used [0x00000006d8400000, 0x00000006d8400000, 0x00000006dac00000)
 concurrent mark-sweep generation total 3756032K, used 1080797K [0x00000006dac00000, 0x00000007c0000000, 0x00000007c0000000)
 Metaspace       used 42573K, capacity 43892K, committed 44572K, reserved 1087488K
  class space    used 5454K, capacity 5756K, committed 5960K, reserved 1048576K
}
2020-07-01T08:29:07.693+0200: 399902.336: Total time for which application threads were stopped: 0.0135429 seconds, Stopping threads took: 0.0000918 seconds
{Heap before GC invocations=495162 (full 2):
 par new generation   total 368640K, used 327686K [0x00000006c1c00000, 0x00000006dac00000, 0x00000006dac00000)
  eden space 327680K, 100% used [0x00000006c1c00000, 0x00000006d5c00000, 0x00000006d5c00000)
  from space 40960K,   0% used [0x00000006d5c00000, 0x00000006d5c01830, 0x00000006d8400000)
  to   space 40960K,   0% used [0x00000006d8400000, 0x00000006d8400000, 0x00000006dac00000)
 concurrent mark-sweep generation total 3756032K, used 1080797K [0x00000006dac00000, 0x00000007c0000000, 0x00000007c0000000)
 Metaspace       used 42573K, capacity 43892K, committed 44572K, reserved 1087488K
  class space    used 5454K, capacity 5756K, committed 5960K, reserved 1048576K
2020-07-01T08:29:07.965+0200: 399902.608: [GC (Allocation Failure) 2020-07-01T08:29:07.965+0200: 399902.608: [ParNew
Desired survivor size 20971520 bytes, new threshold 1 (max 1)
- age   1:        240 bytes,        240 total
: 327686K->4K(368640K), 0.0101865 secs] 1408484K->1080802K(4124672K), 0.0103314 secs] [Times: user=0.00 sys=0.00, real=0.01 secs] 
Heap after GC invocations=495163 (full 2):
 par new generation   total 368640K, used 4K [0x00000006c1c00000, 0x00000006dac00000, 0x00000006dac00000)
  eden space 327680K,   0% used [0x00000006c1c00000, 0x00000006c1c00000, 0x00000006d5c00000)
  from space 40960K,   0% used [0x00000006d8400000, 0x00000006d8401020, 0x00000006dac00000)
  to   space 40960K,   0% used [0x00000006d5c00000, 0x00000006d5c00000, 0x00000006d8400000)
 concurrent mark-sweep generation total 3756032K, used 1080798K [0x00000006dac00000, 0x00000007c0000000, 0x00000007c0000000)
 Metaspace       used 42573K, capacity 43892K, committed 44572K, reserved 1087488K
  class space    used 5454K, capacity 5756K, committed 5960K, reserved 1048576K
}
2020-07-01T08:29:07.976+0200: 399902.619: Total time for which application threads were stopped: 0.0106548 seconds, Stopping threads took: 0.0000800 seconds
{Heap before GC invocations=495163 (full 2):
 par new generation   total 368640K, used 327684K [0x00000006c1c00000, 0x00000006dac00000, 0x00000006dac00000)
  eden space 327680K, 100% used [0x00000006c1c00000, 0x00000006d5c00000, 0x00000006d5c00000)
  from space 40960K,   0% used [0x00000006d8400000, 0x00000006d8401020, 0x00000006dac00000)
  to   space 40960K,   0% used [0x00000006d5c00000, 0x00000006d5c00000, 0x00000006d8400000)
 concurrent mark-sweep generation total 3756032K, used 1080798K [0x00000006dac00000, 0x00000007c0000000, 0x00000007c0000000)
 Metaspace       used 42573K, capacity 43892K, committed 44572K, reserved 1087488K
  class space    used 5454K, capacity 5756K, committed 5960K, reserved 1048576K
2020-07-01T08:29:08.263+0200: 399902.906: [GC (Allocation Failure) 2020-07-01T08:29:08.263+0200: 399902.906: [ParNew
Desired survivor size 20971520 bytes, new threshold 1 (max 1)
- age   1:        240 bytes,        240 total
: 327684K->4K(368640K), 0.0067937 secs] 1408482K->1080802K(4124672K), 0.0069212 secs] [Times: user=0.00 sys=0.00, real=0.01 secs] 
Heap after GC invocations=495164 (full 2):
 par new generation   total 368640K, used 4K [0x00000006c1c00000, 0x00000006dac00000, 0x00000006dac00000)
  eden space 327680K,   0% used [0x00000006c1c00000, 0x00000006c1c00000, 0x00000006d5c00000)
  from space 40960K,   0% used [0x00000006d5c00000, 0x00000006d5c01020, 0x00000006d8400000)
  to   space 40960K,   0% used [0x00000006d8400000, 0x00000006d8400000, 0x00000006dac00000)
 concurrent mark-sweep generation total 3756032K, used 1080798K [0x00000006dac00000, 0x00000007c0000000, 0x00000007c0000000)
 Metaspace       used 42573K, capacity 43892K, committed 44572K, reserved 1087488K
  class space    used 5454K, capacity 5756K, committed 5960K, reserved 1048576K
}
2020-07-01T08:29:08.270+0200: 399902.913: Total time for which application threads were stopped: 0.0072641 seconds, Stopping threads took: 0.0000926 seconds
{Heap before GC invocations=495164 (full 2):
 par new generation   total 368640K, used 327684K [0x00000006c1c00000, 0x00000006dac00000, 0x00000006dac00000)
  eden space 327680K, 100% used [0x00000006c1c00000, 0x00000006d5c00000, 0x00000006d5c00000)
  from space 40960K,   0% used [0x00000006d5c00000, 0x00000006d5c01020, 0x00000006d8400000)
  to   space 40960K,   0% used [0x00000006d8400000, 0x00000006d8400000, 0x00000006dac00000)
 concurrent mark-sweep generation total 3756032K, used 1080798K [0x00000006dac00000, 0x00000007c0000000, 0x00000007c0000000)
 Metaspace       used 42573K, capacity 43892K, committed 44572K, reserved 1087488K
  class space    used 5454K, capacity 5756K, committed 5960K, reserved 1048576K
2020-07-01T08:29:08.558+0200: 399903.201: [GC (Allocation Failure) 2020-07-01T08:29:08.559+0200: 399903.201: [ParNew
Desired survivor size 20971520 bytes, new threshold 1 (max 1)
- age   1:        272 bytes,        272 total
: 327684K->4K(368640K), 0.0088616 secs] 1408482K->1080802K(4124672K), 0.0089862 secs] [Times: user=0.00 sys=0.00, real=0.00 secs] 
Heap after GC invocations=495165 (full 2):
 par new generation   total 368640K, used 4K [0x00000006c1c00000, 0x00000006dac00000, 0x00000006dac00000)
  eden space 327680K,   0% used [0x00000006c1c00000, 0x00000006c1c00000, 0x00000006d5c00000)
  from space 40960K,   0% used [0x00000006d8400000, 0x00000006d8401020, 0x00000006dac00000)
  to   space 40960K,   0% used [0x00000006d5c00000, 0x00000006d5c00000, 0x00000006d8400000)
 concurrent mark-sweep generation total 3756032K, used 1080798K [0x00000006dac00000, 0x00000007c0000000, 0x00000007c0000000)
 Metaspace       used 42573K, capacity 43892K, committed 44572K, reserved 1087488K
  class space    used 5454K, capacity 5756K, committed 5960K, reserved 1048576K
}
2020-07-01T08:29:08.568+0200: 399903.211: Total time for which application threads were stopped: 0.0095743 seconds, Stopping threads took: 0.0000919 seconds
{Heap before GC invocations=495165 (full 2):
 par new generation   total 368640K, used 327684K [0x00000006c1c00000, 0x00000006dac00000, 0x00000006dac00000)
  eden space 327680K, 100% used [0x00000006c1c00000, 0x00000006d5c00000, 0x00000006d5c00000)
  from space 40960K,   0% used [0x00000006d8400000, 0x00000006d8401020, 0x00000006dac00000)
  to   space 40960K,   0% used [0x00000006d5c00000, 0x00000006d5c00000, 0x00000006d8400000)
 concurrent mark-sweep generation total 3756032K, used 1080798K [0x00000006dac00000, 0x00000007c0000000, 0x00000007c0000000)
 Metaspace       used 42573K, capacity 43892K, committed 44572K, reserved 1087488K
  class space    used 5454K, capacity 5756K, committed 5960K, reserved 1048576K
2020-07-01T08:29:08.883+0200: 399903.526: [GC (Allocation Failure) 2020-07-01T08:29:08.883+0200: 399903.526: [ParNew
Desired survivor size 20971520 bytes, new threshold 1 (max 1)
- age   1:        272 bytes,        272 total
: 327684K->6K(368640K), 0.0088528 secs] 1408482K->1080804K(4124672K), 0.0089565 secs] [Times: user=0.00 sys=0.00, real=0.01 secs] 
Heap after GC invocations=495166 (full 2):
 par new generation   total 368640K, used 6K [0x00000006c1c00000, 0x00000006dac00000, 0x00000006dac00000)
  eden space 327680K,   0% used [0x00000006c1c00000, 0x00000006c1c00000, 0x00000006d5c00000)
  from space 40960K,   0% used [0x00000006d5c00000, 0x00000006d5c01830, 0x00000006d8400000)
  to   space 40960K,   0% used [0x00000006d8400000, 0x00000006d8400000, 0x00000006dac00000)
 concurrent mark-sweep generation total 3756032K, used 1080798K [0x00000006dac00000, 0x00000007c0000000, 0x00000007c0000000)
 Metaspace       used 42573K, capacity 43892K, committed 44572K, reserved 1087488K
  class space    used 5454K, capacity 5756K, committed 5960K, reserved 1048576K
}
2020-07-01T08:29:08.892+0200: 399903.535: Total time for which application threads were stopped: 0.0092372 seconds, Stopping threads took: 0.0000483 seconds
{Heap before GC invocations=495166 (full 2):
 par new generation   total 368640K, used 327686K [0x00000006c1c00000, 0x00000006dac00000, 0x00000006dac00000)
  eden space 327680K, 100% used [0x00000006c1c00000, 0x00000006d5c00000, 0x00000006d5c00000)
  from space 40960K,   0% used [0x00000006d5c00000, 0x00000006d5c01830, 0x00000006d8400000)
  to   space 40960K,   0% used [0x00000006d8400000, 0x00000006d8400000, 0x00000006dac00000)
 concurrent mark-sweep generation total 3756032K, used 1080798K [0x00000006dac00000, 0x00000007c0000000, 0x00000007c0000000)
 Metaspace       used 42573K, capacity 43892K, committed 44572K, reserved 1087488K
  class space    used 5454K, capacity 5756K, committed 5960K, reserved 1048576K
2020-07-01T08:29:09.305+0200: 399903.948: [GC (Allocation Failure) 2020-07-01T08:29:09.305+0200: 399903.948: [ParNew
Desired survivor size 20971520 bytes, new threshold 1 (max 1)
- age   1:        240 bytes,        240 total
: 327686K->4K(368640K), 0.0095255 secs] 1408484K->1080802K(4124672K), 0.0096403 secs] [Times: user=0.03 sys=0.00, real=0.01 secs] 
Heap after GC invocations=495167 (full 2):
 par new generation   total 368640K, used 4K [0x00000006c1c00000, 0x00000006dac00000, 0x00000006dac00000)
  eden space 327680K,   0% used [0x00000006c1c00000, 0x00000006c1c00000, 0x00000006d5c00000)
  from space 40960K,   0% used [0x00000006d8400000, 0x00000006d8401020, 0x00000006dac00000)
  to   space 40960K,   0% used [0x00000006d5c00000, 0x00000006d5c00000, 0x00000006d8400000)
 concurrent mark-sweep generation total 3756032K, used 1080798K [0x00000006dac00000, 0x00000007c0000000, 0x00000007c0000000)
 Metaspace       used 42573K, capacity 43892K, committed 44572K, reserved 1087488K
  class space    used 5454K, capacity 5756K, committed 5960K, reserved 1048576K
}
2020-07-01T08:29:09.315+0200: 399903.958: Total time for which application threads were stopped: 0.0099320 seconds, Stopping threads took: 0.0000512 seconds
{Heap before GC invocations=495167 (full 2):
 par new generation   total 368640K, used 327684K [0x00000006c1c00000, 0x00000006dac00000, 0x00000006dac00000)
  eden space 327680K, 100% used [0x00000006c1c00000, 0x00000006d5c00000, 0x00000006d5c00000)
  from space 40960K,   0% used [0x00000006d8400000, 0x00000006d8401020, 0x00000006dac00000)
  to   space 40960K,   0% used [0x00000006d5c00000, 0x00000006d5c00000, 0x00000006d8400000)
 concurrent mark-sweep generation total 3756032K, used 1080798K [0x00000006dac00000, 0x00000007c0000000, 0x00000007c0000000)
 Metaspace       used 42573K, capacity 43892K, committed 44572K, reserved 1087488K
  class space    used 5454K, capacity 5756K, committed 5960K, reserved 1048576K
2020-07-01T08:29:09.622+0200: 399904.265: [GC (Allocation Failure) 2020-07-01T08:29:09.622+0200: 399904.265: [ParNew
Desired survivor size 20971520 bytes, new threshold 1 (max 1)
- age   1:        336 bytes,        336 total
: 327684K->2K(368640K), 0.0179760 secs] 1408482K->1080800K(4124672K), 0.0181066 secs] [Times: user=0.01 sys=0.00, real=0.02 secs] 
Heap after GC invocations=495168 (full 2):
 par new generation   total 368640K, used 2K [0x00000006c1c00000, 0x00000006dac00000, 0x00000006dac00000)
  eden space 327680K,   0% used [0x00000006c1c00000, 0x00000006c1c00000, 0x00000006d5c00000)
  from space 40960K,   0% used [0x00000006d5c00000, 0x00000006d5c00810, 0x00000006d8400000)
  to   space 40960K,   0% used [0x00000006d8400000, 0x00000006d8400000, 0x00000006dac00000)
 concurrent mark-sweep generation total 3756032K, used 1080798K [0x00000006dac00000, 0x00000007c0000000, 0x00000007c0000000)
 Metaspace       used 42573K, capacity 43892K, committed 44572K, reserved 1087488K
  class space    used 5454K, capacity 5756K, committed 5960K, reserved 1048576K
}
2020-07-01T08:29:09.640+0200: 399904.283: Total time for which application threads were stopped: 0.0185110 seconds, Stopping threads took: 0.0000496 seconds
{Heap before GC invocations=495168 (full 2):
 par new generation   total 368640K, used 327682K [0x00000006c1c00000, 0x00000006dac00000, 0x00000006dac00000)
  eden space 327680K, 100% used [0x00000006c1c00000, 0x00000006d5c00000, 0x00000006d5c00000)
  from space 40960K,   0% used [0x00000006d5c00000, 0x00000006d5c00810, 0x00000006d8400000)
  to   space 40960K,   0% used [0x00000006d8400000, 0x00000006d8400000, 0x00000006dac00000)
 concurrent mark-sweep generation total 3756032K, used 1080798K [0x00000006dac00000, 0x00000007c0000000, 0x00000007c0000000)
 Metaspace       used 42573K, capacity 43892K, committed 44572K, reserved 1087488K
  class space    used 5454K, capacity 5756K, committed 5960K, reserved 1048576K
2020-07-01T08:29:10.021+0200: 399904.664: [GC (Allocation Failure) 2020-07-01T08:29:10.022+0200: 399904.664: [ParNew
Desired survivor size 20971520 bytes, new threshold 1 (max 1)
- age   1:        240 bytes,        240 total
: 327682K->6K(368640K), 0.0086273 secs] 1408480K->1080804K(4124672K), 0.0092859 secs] [Times: user=0.05 sys=0.00, real=0.01 secs] 
Heap after GC invocations=495169 (full 2):
 par new generation   total 368640K, used 6K [0x00000006c1c00000, 0x00000006dac00000, 0x00000006dac00000)
  eden space 327680K,   0% used [0x00000006c1c00000, 0x00000006c1c00000, 0x00000006d5c00000)
  from space 40960K,   0% used [0x00000006d8400000, 0x00000006d8401830, 0x00000006dac00000)
  to   space 40960K,   0% used [0x00000006d5c00000, 0x00000006d5c00000, 0x00000006d8400000)
 concurrent mark-sweep generation total 3756032K, used 1080798K [0x00000006dac00000, 0x00000007c0000000, 0x00000007c0000000)
 Metaspace       used 42573K, capacity 43892K, committed 44572K, reserved 1087488K
  class space    used 5454K, capacity 5756K, committed 5960K, reserved 1048576K
}
2020-07-01T08:29:10.030+0200: 399904.673: Total time for which application threads were stopped: 0.0097368 seconds, Stopping threads took: 0.0000779 seconds
{Heap before GC invocations=495169 (full 2):
 par new generation   total 368640K, used 327686K [0x00000006c1c00000, 0x00000006dac00000, 0x00000006dac00000)
  eden space 327680K, 100% used [0x00000006c1c00000, 0x00000006d5c00000, 0x00000006d5c00000)
  from space 40960K,   0% used [0x00000006d8400000, 0x00000006d8401830, 0x00000006dac00000)
  to   space 40960K,   0% used [0x00000006d5c00000, 0x00000006d5c00000, 0x00000006d8400000)
 concurrent mark-sweep generation total 3756032K, used 1080798K [0x00000006dac00000, 0x00000007c0000000, 0x00000007c0000000)
 Metaspace       used 42573K, capacity 43892K, committed 44572K, reserved 1087488K
  class space    used 5454K, capacity 5756K, committed 5960K, reserved 1048576K
2020-07-01T08:29:10.352+0200: 399904.994: [GC (Allocation Failure) 2020-07-01T08:29:10.352+0200: 399904.994: [ParNew
Desired survivor size 20971520 bytes, new threshold 1 (max 1)
- age   1:        240 bytes,        240 total
: 327686K->4K(368640K), 0.0111570 secs] 1408484K->1080802K(4124672K), 0.0112761 secs] [Times: user=0.03 sys=0.00, real=0.01 secs] 
Heap after GC invocations=495170 (full 2):
 par new generation   total 368640K, used 4K [0x00000006c1c00000, 0x00000006dac00000, 0x00000006dac00000)
  eden space 327680K,   0% used [0x00000006c1c00000, 0x00000006c1c00000, 0x00000006d5c00000)
  from space 40960K,   0% used [0x00000006d5c00000, 0x00000006d5c01020, 0x00000006d8400000)
  to   space 40960K,   0% used [0x00000006d8400000, 0x00000006d8400000, 0x00000006dac00000)
 concurrent mark-sweep generation total 3756032K, used 1080798K [0x00000006dac00000, 0x00000007c0000000, 0x00000007c0000000)
 Metaspace       used 42573K, capacity 43892K, committed 44572K, reserved 1087488K
  class space    used 5454K, capacity 5756K, committed 5960K, reserved 1048576K
}
2020-07-01T08:29:10.363+0200: 399905.006: Total time for which application threads were stopped: 0.0116264 seconds, Stopping threads took: 0.0001069 seconds
{Heap before GC invocations=495170 (full 2):
 par new generation   total 368640K, used 327684K [0x00000006c1c00000, 0x00000006dac00000, 0x00000006dac00000)
  eden space 327680K, 100% used [0x00000006c1c00000, 0x00000006d5c00000, 0x00000006d5c00000)
  from space 40960K,   0% used [0x00000006d5c00000, 0x00000006d5c01020, 0x00000006d8400000)
  to   space 40960K,   0% used [0x00000006d8400000, 0x00000006d8400000, 0x00000006dac00000)
 concurrent mark-sweep generation total 3756032K, used 1080798K [0x00000006dac00000, 0x00000007c0000000, 0x00000007c0000000)
 Metaspace       used 42573K, capacity 43892K, committed 44572K, reserved 1087488K
  class space    used 5454K, capacity 5756K, committed 5960K, reserved 1048576K
2020-07-01T08:29:10.673+0200: 399905.316: [GC (Allocation Failure) 2020-07-01T08:29:10.673+0200: 399905.316: [ParNew
Desired survivor size 20971520 bytes, new threshold 1 (max 1)
- age   1:        304 bytes,        304 total
: 327684K->2K(368640K), 0.0196951 secs] 1408482K->1080800K(4124672K), 0.0198063 secs] [Times: user=0.02 sys=0.00, real=0.02 secs] 
Heap after GC invocations=495171 (full 2):
 par new generation   total 368640K, used 2K [0x00000006c1c00000, 0x00000006dac00000, 0x00000006dac00000)
  eden space 327680K,   0% used [0x00000006c1c00000, 0x00000006c1c00000, 0x00000006d5c00000)
  from space 40960K,   0% used [0x00000006d8400000, 0x00000006d8400810, 0x00000006dac00000)
  to   space 40960K,   0% used [0x00000006d5c00000, 0x00000006d5c00000, 0x00000006d8400000)
 concurrent mark-sweep generation total 3756032K, used 1080798K [0x00000006dac00000, 0x00000007c0000000, 0x00000007c0000000)
 Metaspace       used 42573K, capacity 43892K, committed 44572K, reserved 1087488K
  class space    used 5454K, capacity 5756K, committed 5960K, reserved 1048576K
}
2020-07-01T08:29:10.693+0200: 399905.336: Total time for which application threads were stopped: 0.0202483 seconds, Stopping threads took: 0.0002140 seconds
{Heap before GC invocations=495171 (full 2):
 par new generation   total 368640K, used 327682K [0x00000006c1c00000, 0x00000006dac00000, 0x00000006dac00000)
  eden space 327680K, 100% used [0x00000006c1c00000, 0x00000006d5c00000, 0x00000006d5c00000)
  from space 40960K,   0% used [0x00000006d8400000, 0x00000006d8400810, 0x00000006dac00000)
  to   space 40960K,   0% used [0x00000006d5c00000, 0x00000006d5c00000, 0x00000006d8400000)
 concurrent mark-sweep generation total 3756032K, used 1080798K [0x00000006dac00000, 0x00000007c0000000, 0x00000007c0000000)
 Metaspace       used 42573K, capacity 43892K, committed 44572K, reserved 1087488K
  class space    used 5454K, capacity 5756K, committed 5960K, reserved 1048576K
2020-07-01T08:29:10.971+0200: 399905.614: [GC (Allocation Failure) 2020-07-01T08:29:10.971+0200: 399905.614: [ParNew
Desired survivor size 20971520 bytes, new threshold 1 (max 1)
- age   1:        272 bytes,        272 total
: 327682K->6K(368640K), 0.0070386 secs] 1408480K->1080804K(4124672K), 0.0071659 secs] [Times: user=0.00 sys=0.00, real=0.01 secs] 
Heap after GC invocations=495172 (full 2):
 par new generation   total 368640K, used 6K [0x00000006c1c00000, 0x00000006dac00000, 0x00000006dac00000)
  eden space 327680K,   0% used [0x00000006c1c00000, 0x00000006c1c00000, 0x00000006d5c00000)
  from space 40960K,   0% used [0x00000006d5c00000, 0x00000006d5c01830, 0x00000006d8400000)
  to   space 40960K,   0% used [0x00000006d8400000, 0x00000006d8400000, 0x00000006dac00000)
 concurrent mark-sweep generation total 3756032K, used 1080798K [0x00000006dac00000, 0x00000007c0000000, 0x00000007c0000000)
 Metaspace       used 42573K, capacity 43892K, committed 44572K, reserved 1087488K
  class space    used 5454K, capacity 5756K, committed 5960K, reserved 1048576K
}
2020-07-01T08:29:10.978+0200: 399905.621: Total time for which application threads were stopped: 0.0076817 seconds, Stopping threads took: 0.0002769 seconds
{Heap before GC invocations=495172 (full 2):
 par new generation   total 368640K, used 327686K [0x00000006c1c00000, 0x00000006dac00000, 0x00000006dac00000)
  eden space 327680K, 100% used [0x00000006c1c00000, 0x00000006d5c00000, 0x00000006d5c00000)
  from space 40960K,   0% used [0x00000006d5c00000, 0x00000006d5c01830, 0x00000006d8400000)
  to   space 40960K,   0% used [0x00000006d8400000, 0x00000006d8400000, 0x00000006dac00000)
 concurrent mark-sweep generation total 3756032K, used 1080798K [0x00000006dac00000, 0x00000007c0000000, 0x00000007c0000000)
 Metaspace       used 42573K, capacity 43892K, committed 44572K, reserved 1087488K
  class space    used 5454K, capacity 5756K, committed 5960K, reserved 1048576K
2020-07-01T08:29:11.323+0200: 399905.966: [GC (Allocation Failure) 2020-07-01T08:29:11.323+0200: 399905.966: [ParNew
Desired survivor size 20971520 bytes, new threshold 1 (max 1)
- age   1:        240 bytes,        240 total
: 327686K->2K(368640K), 0.0224414 secs] 1408484K->1080800K(4124672K), 0.0225670 secs] [Times: user=0.01 sys=0.00, real=0.02 secs] 
Heap after GC invocations=495173 (full 2):
 par new generation   total 368640K, used 2K [0x00000006c1c00000, 0x00000006dac00000, 0x00000006dac00000)
  eden space 327680K,   0% used [0x00000006c1c00000, 0x00000006c1c00000, 0x00000006d5c00000)
  from space 40960K,   0% used [0x00000006d8400000, 0x00000006d8400810, 0x00000006dac00000)
  to   space 40960K,   0% used [0x00000006d5c00000, 0x00000006d5c00000, 0x00000006d8400000)
 concurrent mark-sweep generation total 3756032K, used 1080798K [0x00000006dac00000, 0x00000007c0000000, 0x00000007c0000000)
 Metaspace       used 42573K, capacity 43892K, committed 44572K, reserved 1087488K
  class space    used 5454K, capacity 5756K, committed 5960K, reserved 1048576K
}
2020-07-01T08:29:11.346+0200: 399905.989: Total time for which application threads were stopped: 0.0228708 seconds, Stopping threads took: 0.0000578 seconds
{Heap before GC invocations=495173 (full 2):
 par new generation   total 368640K, used 327682K [0x00000006c1c00000, 0x00000006dac00000, 0x00000006dac00000)
  eden space 327680K, 100% used [0x00000006c1c00000, 0x00000006d5c00000, 0x00000006d5c00000)
  from space 40960K,   0% used [0x00000006d8400000, 0x00000006d8400810, 0x00000006dac00000)
  to   space 40960K,   0% used [0x00000006d5c00000, 0x00000006d5c00000, 0x00000006d8400000)
 concurrent mark-sweep generation total 3756032K, used 1080798K [0x00000006dac00000, 0x00000007c0000000, 0x00000007c0000000)
 Metaspace       used 42573K, capacity 43892K, committed 44572K, reserved 1087488K
  class space    used 5454K, capacity 5756K, committed 5960K, reserved 1048576K
2020-07-01T08:29:11.689+0200: 399906.332: [GC (Allocation Failure) 2020-07-01T08:29:11.689+0200: 399906.332: [ParNew
Desired survivor size 20971520 bytes, new threshold 1 (max 1)
- age   1:        304 bytes,        304 total
: 327682K->4K(368640K), 0.0114280 secs] 1408480K->1080802K(4124672K), 0.0115329 secs] [Times: user=0.03 sys=0.00, real=0.01 secs] 
Heap after GC invocations=495174 (full 2):
 par new generation   total 368640K, used 4K [0x00000006c1c00000, 0x00000006dac00000, 0x00000006dac00000)
  eden space 327680K,   0% used [0x00000006c1c00000, 0x00000006c1c00000, 0x00000006d5c00000)
  from space 40960K,   0% used [0x00000006d5c00000, 0x00000006d5c01020, 0x00000006d8400000)
  to   space 40960K,   0% used [0x00000006d8400000, 0x00000006d8400000, 0x00000006dac00000)
 concurrent mark-sweep generation total 3756032K, used 1080798K [0x00000006dac00000, 0x00000007c0000000, 0x00000007c0000000)
 Metaspace       used 42573K, capacity 43892K, committed 44572K, reserved 1087488K
  class space    used 5454K, capacity 5756K, committed 5960K, reserved 1048576K
}
2020-07-01T08:29:11.701+0200: 399906.344: Total time for which application threads were stopped: 0.0122171 seconds, Stopping threads took: 0.0001406 seconds
{Heap before GC invocations=495174 (full 2):
 par new generation   total 368640K, used 327684K [0x00000006c1c00000, 0x00000006dac00000, 0x00000006dac00000)
  eden space 327680K, 100% used [0x00000006c1c00000, 0x00000006d5c00000, 0x00000006d5c00000)
  from space 40960K,   0% used [0x00000006d5c00000, 0x00000006d5c01020, 0x00000006d8400000)
  to   space 40960K,   0% used [0x00000006d8400000, 0x00000006d8400000, 0x00000006dac00000)
 concurrent mark-sweep generation total 3756032K, used 1080798K [0x00000006dac00000, 0x00000007c0000000, 0x00000007c0000000)
 Metaspace       used 42573K, capacity 43892K, committed 44572K, reserved 1087488K
  class space    used 5454K, capacity 5756K, committed 5960K, reserved 1048576K
2020-07-01T08:29:12.032+0200: 399906.675: [GC (Allocation Failure) 2020-07-01T08:29:12.032+0200: 399906.675: [ParNew
Desired survivor size 20971520 bytes, new threshold 1 (max 1)
- age   1:        272 bytes,        272 total
: 327684K->4K(368640K), 0.0095736 secs] 1408482K->1080802K(4124672K), 0.0097040 secs] [Times: user=0.00 sys=0.00, real=0.01 secs] 
Heap after GC invocations=495175 (full 2):
 par new generation   total 368640K, used 4K [0x00000006c1c00000, 0x00000006dac00000, 0x00000006dac00000)
  eden space 327680K,   0% used [0x00000006c1c00000, 0x00000006c1c00000, 0x00000006d5c00000)
  from space 40960K,   0% used [0x00000006d8400000, 0x00000006d8401020, 0x00000006dac00000)
  to   space 40960K,   0% used [0x00000006d5c00000, 0x00000006d5c00000, 0x00000006d8400000)
 concurrent mark-sweep generation total 3756032K, used 1080798K [0x00000006dac00000, 0x00000007c0000000, 0x00000007c0000000)
 Metaspace       used 42573K, capacity 43892K, committed 44572K, reserved 1087488K
  class space    used 5454K, capacity 5756K, committed 5960K, reserved 1048576K
}
2020-07-01T08:29:12.042+0200: 399906.685: Total time for which application threads were stopped: 0.0099880 seconds, Stopping threads took: 0.0000472 seconds
{Heap before GC invocations=495175 (full 2):
 par new generation   total 368640K, used 327684K [0x00000006c1c00000, 0x00000006dac00000, 0x00000006dac00000)
  eden space 327680K, 100% used [0x00000006c1c00000, 0x00000006d5c00000, 0x00000006d5c00000)
  from space 40960K,   0% used [0x00000006d8400000, 0x00000006d8401020, 0x00000006dac00000)
  to   space 40960K,   0% used [0x00000006d5c00000, 0x00000006d5c00000, 0x00000006d8400000)
 concurrent mark-sweep generation total 3756032K, used 1080798K [0x00000006dac00000, 0x00000007c0000000, 0x00000007c0000000)
 Metaspace       used 42573K, capacity 43892K, committed 44572K, reserved 1087488K
  class space    used 5454K, capacity 5756K, committed 5960K, reserved 1048576K
2020-07-01T08:29:12.350+0200: 399906.993: [GC (Allocation Failure) 2020-07-01T08:29:12.350+0200: 399906.993: [ParNew
Desired survivor size 20971520 bytes, new threshold 1 (max 1)
- age   1:        240 bytes,        240 total
: 327684K->6K(368640K), 0.0086273 secs] 1408482K->1080804K(4124672K), 0.0087458 secs] [Times: user=0.00 sys=0.00, real=0.01 secs] 
Heap after GC invocations=495176 (full 2):
 par new generation   total 368640K, used 6K [0x00000006c1c00000, 0x00000006dac00000, 0x00000006dac00000)
  eden space 327680K,   0% used [0x00000006c1c00000, 0x00000006c1c00000, 0x00000006d5c00000)
  from space 40960K,   0% used [0x00000006d5c00000, 0x00000006d5c01830, 0x00000006d8400000)
  to   space 40960K,   0% used [0x00000006d8400000, 0x00000006d8400000, 0x00000006dac00000)
 concurrent mark-sweep generation total 3756032K, used 1080798K [0x00000006dac00000, 0x00000007c0000000, 0x00000007c0000000)
 Metaspace       used 42573K, capacity 43892K, committed 44572K, reserved 1087488K
  class space    used 5454K, capacity 5756K, committed 5960K, reserved 1048576K
}
2020-07-01T08:29:12.359+0200: 399907.002: Total time for which application threads were stopped: 0.0090945 seconds, Stopping threads took: 0.0001122 seconds
{Heap before GC invocations=495176 (full 2):
 par new generation   total 368640K, used 327686K [0x00000006c1c00000, 0x00000006dac00000, 0x00000006dac00000)
  eden space 327680K, 100% used [0x00000006c1c00000, 0x00000006d5c00000, 0x00000006d5c00000)
  from space 40960K,   0% used [0x00000006d5c00000, 0x00000006d5c01830, 0x00000006d8400000)
  to   space 40960K,   0% used [0x00000006d8400000, 0x00000006d8400000, 0x00000006dac00000)
 concurrent mark-sweep generation total 3756032K, used 1080798K [0x00000006dac00000, 0x00000007c0000000, 0x00000007c0000000)
 Metaspace       used 42573K, capacity 43892K, committed 44572K, reserved 1087488K
  class space    used 5454K, capacity 5756K, committed 5960K, reserved 1048576K
2020-07-01T08:29:12.658+0200: 399907.301: [GC (Allocation Failure) 2020-07-01T08:29:12.658+0200: 399907.301: [ParNew
Desired survivor size 20971520 bytes, new threshold 1 (max 1)
- age   1:        304 bytes,        304 total
: 327686K->2K(368640K), 0.0358275 secs] 1408484K->1080800K(4124672K), 0.0359435 secs] [Times: user=0.04 sys=0.00, real=0.03 secs] 
Heap after GC invocations=495177 (full 2):
 par new generation   total 368640K, used 2K [0x00000006c1c00000, 0x00000006dac00000, 0x00000006dac00000)
  eden space 327680K,   0% used [0x00000006c1c00000, 0x00000006c1c00000, 0x00000006d5c00000)
  from space 40960K,   0% used [0x00000006d8400000, 0x00000006d8400810, 0x00000006dac00000)
  to   space 40960K,   0% used [0x00000006d5c00000, 0x00000006d5c00000, 0x00000006d8400000)
 concurrent mark-sweep generation total 3756032K, used 1080798K [0x00000006dac00000, 0x00000007c0000000, 0x00000007c0000000)
 Metaspace       used 42573K, capacity 43892K, committed 44572K, reserved 1087488K
  class space    used 5454K, capacity 5756K, committed 5960K, reserved 1048576K
}
2020-07-01T08:29:12.694+0200: 399907.337: Total time for which application threads were stopped: 0.0363481 seconds, Stopping threads took: 0.0000479 seconds
{Heap before GC invocations=495177 (full 2):
 par new generation   total 368640K, used 327682K [0x00000006c1c00000, 0x00000006dac00000, 0x00000006dac00000)
  eden space 327680K, 100% used [0x00000006c1c00000, 0x00000006d5c00000, 0x00000006d5c00000)
  from space 40960K,   0% used [0x00000006d8400000, 0x00000006d8400810, 0x00000006dac00000)
  to   space 40960K,   0% used [0x00000006d5c00000, 0x00000006d5c00000, 0x00000006d8400000)
 concurrent mark-sweep generation total 3756032K, used 1080798K [0x00000006dac00000, 0x00000007c0000000, 0x00000007c0000000)
 Metaspace       used 42573K, capacity 43892K, committed 44572K, reserved 1087488K
  class space    used 5454K, capacity 5756K, committed 5960K, reserved 1048576K
2020-07-01T08:29:12.995+0200: 399907.638: [GC (Allocation Failure) 2020-07-01T08:29:12.995+0200: 399907.638: [ParNew
Desired survivor size 20971520 bytes, new threshold 1 (max 1)
- age   1:        240 bytes,        240 total
: 327682K->2K(368640K), 0.0362719 secs] 1408480K->1080800K(4124672K), 0.0363967 secs] [Times: user=0.00 sys=0.00, real=0.04 secs] 
Heap after GC invocations=495178 (full 2):
 par new generation   total 368640K, used 2K [0x00000006c1c00000, 0x00000006dac00000, 0x00000006dac00000)
  eden space 327680K,   0% used [0x00000006c1c00000, 0x00000006c1c00000, 0x00000006d5c00000)
  from space 40960K,   0% used [0x00000006d5c00000, 0x00000006d5c00810, 0x00000006d8400000)
  to   space 40960K,   0% used [0x00000006d8400000, 0x00000006d8400000, 0x00000006dac00000)
 concurrent mark-sweep generation total 3756032K, used 1080798K [0x00000006dac00000, 0x00000007c0000000, 0x00000007c0000000)
 Metaspace       used 42573K, capacity 43892K, committed 44572K, reserved 1087488K
  class space    used 5454K, capacity 5756K, committed 5960K, reserved 1048576K
}
2020-07-01T08:29:13.032+0200: 399907.674: Total time for which application threads were stopped: 0.0367660 seconds, Stopping threads took: 0.0000471 seconds
{Heap before GC invocations=495178 (full 2):
 par new generation   total 368640K, used 327682K [0x00000006c1c00000, 0x00000006dac00000, 0x00000006dac00000)
  eden space 327680K, 100% used [0x00000006c1c00000, 0x00000006d5c00000, 0x00000006d5c00000)
  from space 40960K,   0% used [0x00000006d5c00000, 0x00000006d5c00810, 0x00000006d8400000)
  to   space 40960K,   0% used [0x00000006d8400000, 0x00000006d8400000, 0x00000006dac00000)
 concurrent mark-sweep generation total 3756032K, used 1080798K [0x00000006dac00000, 0x00000007c0000000, 0x00000007c0000000)
 Metaspace       used 42573K, capacity 43892K, committed 44572K, reserved 1087488K
  class space    used 5454K, capacity 5756K, committed 5960K, reserved 1048576K
2020-07-01T08:29:13.367+0200: 399908.009: [GC (Allocation Failure) 2020-07-01T08:29:13.367+0200: 399908.009: [ParNew
Desired survivor size 20971520 bytes, new threshold 1 (max 1)
- age   1:        240 bytes,        240 total
: 327682K->2K(368640K), 0.0344551 secs] 1408480K->1080800K(4124672K), 0.0345827 secs] [Times: user=0.03 sys=0.00, real=0.04 secs] 
Heap after GC invocations=495179 (full 2):
 par new generation   total 368640K, used 2K [0x00000006c1c00000, 0x00000006dac00000, 0x00000006dac00000)
  eden space 327680K,   0% used [0x00000006c1c00000, 0x00000006c1c00000, 0x00000006d5c00000)
  from space 40960K,   0% used [0x00000006d8400000, 0x00000006d8400810, 0x00000006dac00000)
  to   space 40960K,   0% used [0x00000006d5c00000, 0x00000006d5c00000, 0x00000006d8400000)
 concurrent mark-sweep generation total 3756032K, used 1080798K [0x00000006dac00000, 0x00000007c0000000, 0x00000007c0000000)
 Metaspace       used 42573K, capacity 43892K, committed 44572K, reserved 1087488K
  class space    used 5454K, capacity 5756K, committed 5960K, reserved 1048576K
}
2020-07-01T08:29:13.401+0200: 399908.044: Total time for which application threads were stopped: 0.0353237 seconds, Stopping threads took: 0.0000497 seconds
{Heap before GC invocations=495179 (full 2):
 par new generation   total 368640K, used 327682K [0x00000006c1c00000, 0x00000006dac00000, 0x00000006dac00000)
  eden space 327680K, 100% used [0x00000006c1c00000, 0x00000006d5c00000, 0x00000006d5c00000)
  from space 40960K,   0% used [0x00000006d8400000, 0x00000006d8400810, 0x00000006dac00000)
  to   space 40960K,   0% used [0x00000006d5c00000, 0x00000006d5c00000, 0x00000006d8400000)
 concurrent mark-sweep generation total 3756032K, used 1080798K [0x00000006dac00000, 0x00000007c0000000, 0x00000007c0000000)
 Metaspace       used 42573K, capacity 43892K, committed 44572K, reserved 1087488K
  class space    used 5454K, capacity 5756K, committed 5960K, reserved 1048576K
2020-07-01T08:29:14.109+0200: 399908.751: [GC (Allocation Failure) 2020-07-01T08:29:14.109+0200: 399908.752: [ParNew
Desired survivor size 20971520 bytes, new threshold 1 (max 1)
- age   1:        304 bytes,        304 total
: 327682K->4K(368640K), 0.0324821 secs] 1408480K->1080802K(4124672K), 0.0325997 secs] [Times: user=0.03 sys=0.00, real=0.03 secs] 
Heap after GC invocations=495180 (full 2):
 par new generation   total 368640K, used 4K [0x00000006c1c00000, 0x00000006dac00000, 0x00000006dac00000)
  eden space 327680K,   0% used [0x00000006c1c00000, 0x00000006c1c00000, 0x00000006d5c00000)
  from space 40960K,   0% used [0x00000006d5c00000, 0x00000006d5c01020, 0x00000006d8400000)
  to   space 40960K,   0% used [0x00000006d8400000, 0x00000006d8400000, 0x00000006dac00000)
 concurrent mark-sweep generation total 3756032K, used 1080798K [0x00000006dac00000, 0x00000007c0000000, 0x00000007c0000000)
 Metaspace       used 42573K, capacity 43892K, committed 44572K, reserved 1087488K
  class space    used 5454K, capacity 5756K, committed 5960K, reserved 1048576K
}
2020-07-01T08:29:14.141+0200: 399908.784: Total time for which application threads were stopped: 0.0328894 seconds, Stopping threads took: 0.0000508 seconds
{Heap before GC invocations=495180 (full 2):
 par new generation   total 368640K, used 327684K [0x00000006c1c00000, 0x00000006dac00000, 0x00000006dac00000)
  eden space 327680K, 100% used [0x00000006c1c00000, 0x00000006d5c00000, 0x00000006d5c00000)
  from space 40960K,   0% used [0x00000006d5c00000, 0x00000006d5c01020, 0x00000006d8400000)
  to   space 40960K,   0% used [0x00000006d8400000, 0x00000006d8400000, 0x00000006dac00000)
 concurrent mark-sweep generation total 3756032K, used 1080798K [0x00000006dac00000, 0x00000007c0000000, 0x00000007c0000000)
 Metaspace       used 42573K, capacity 43892K, committed 44572K, reserved 1087488K
  class space    used 5454K, capacity 5756K, committed 5960K, reserved 1048576K
2020-07-01T08:29:14.455+0200: 399909.098: [GC (Allocation Failure) 2020-07-01T08:29:14.455+0200: 399909.098: [ParNew
Desired survivor size 20971520 bytes, new threshold 1 (max 1)
- age   1:        272 bytes,        272 total
: 327684K->4K(368640K), 0.0148184 secs] 1408482K->1080802K(4124672K), 0.0149385 secs] [Times: user=0.03 sys=0.00, real=0.02 secs] 
Heap after GC invocations=495181 (full 2):
 par new generation   total 368640K, used 4K [0x00000006c1c00000, 0x00000006dac00000, 0x00000006dac00000)
  eden space 327680K,   0% used [0x00000006c1c00000, 0x00000006c1c00000, 0x00000006d5c00000)
  from space 40960K,   0% used [0x00000006d8400000, 0x00000006d8401020, 0x00000006dac00000)
  to   space 40960K,   0% used [0x00000006d5c00000, 0x00000006d5c00000, 0x00000006d8400000)
 concurrent mark-sweep generation total 3756032K, used 1080798K [0x00000006dac00000, 0x00000007c0000000, 0x00000007c0000000)
 Metaspace       used 42573K, capacity 43892K, committed 44572K, reserved 1087488K
  class space    used 5454K, capacity 5756K, committed 5960K, reserved 1048576K
}
2020-07-01T08:29:14.470+0200: 399909.113: Total time for which application threads were stopped: 0.0152350 seconds, Stopping threads took: 0.0000510 seconds
{Heap before GC invocations=495181 (full 2):
 par new generation   total 368640K, used 327684K [0x00000006c1c00000, 0x00000006dac00000, 0x00000006dac00000)
  eden space 327680K, 100% used [0x00000006c1c00000, 0x00000006d5c00000, 0x00000006d5c00000)
  from space 40960K,   0% used [0x00000006d8400000, 0x00000006d8401020, 0x00000006dac00000)
  to   space 40960K,   0% used [0x00000006d5c00000, 0x00000006d5c00000, 0x00000006d8400000)
 concurrent mark-sweep generation total 3756032K, used 1080798K [0x00000006dac00000, 0x00000007c0000000, 0x00000007c0000000)
 Metaspace       used 42573K, capacity 43892K, committed 44572K, reserved 1087488K
  class space    used 5454K, capacity 5756K, committed 5960K, reserved 1048576K
2020-07-01T08:29:14.792+0200: 399909.435: [GC (Allocation Failure) 2020-07-01T08:29:14.793+0200: 399909.435: [ParNew
Desired survivor size 20971520 bytes, new threshold 1 (max 1)
- age   1:        304 bytes,        304 total
: 327684K->4K(368640K), 0.0110503 secs] 1408482K->1080802K(4124672K), 0.0111767 secs] [Times: user=0.00 sys=0.01, real=0.01 secs] 
Heap after GC invocations=495182 (full 2):
 par new generation   total 368640K, used 4K [0x00000006c1c00000, 0x00000006dac00000, 0x00000006dac00000)
  eden space 327680K,   0% used [0x00000006c1c00000, 0x00000006c1c00000, 0x00000006d5c00000)
  from space 40960K,   0% used [0x00000006d5c00000, 0x00000006d5c01020, 0x00000006d8400000)
  to   space 40960K,   0% used [0x00000006d8400000, 0x00000006d8400000, 0x00000006dac00000)
 concurrent mark-sweep generation total 3756032K, used 1080798K [0x00000006dac00000, 0x00000007c0000000, 0x00000007c0000000)
 Metaspace       used 42573K, capacity 43892K, committed 44572K, reserved 1087488K
  class space    used 5454K, capacity 5756K, committed 5960K, reserved 1048576K
}
2020-07-01T08:29:14.804+0200: 399909.447: Total time for which application threads were stopped: 0.0115182 seconds, Stopping threads took: 0.0000950 seconds
{Heap before GC invocations=495182 (full 2):
 par new generation   total 368640K, used 327684K [0x00000006c1c00000, 0x00000006dac00000, 0x00000006dac00000)
  eden space 327680K, 100% used [0x00000006c1c00000, 0x00000006d5c00000, 0x00000006d5c00000)
  from space 40960K,   0% used [0x00000006d5c00000, 0x00000006d5c01020, 0x00000006d8400000)
  to   space 40960K,   0% used [0x00000006d8400000, 0x00000006d8400000, 0x00000006dac00000)
 concurrent mark-sweep generation total 3756032K, used 1080798K [0x00000006dac00000, 0x00000007c0000000, 0x00000007c0000000)
 Metaspace       used 42573K, capacity 43892K, committed 44572K, reserved 1087488K
  class space    used 5454K, capacity 5756K, committed 5960K, reserved 1048576K
2020-07-01T08:29:15.093+0200: 399909.735: [GC (Allocation Failure) 2020-07-01T08:29:15.093+0200: 399909.735: [ParNew
Desired survivor size 20971520 bytes, new threshold 1 (max 1)
- age   1:        240 bytes,        240 total
: 327684K->4K(368640K), 0.0125621 secs] 1408482K->1080802K(4124672K), 0.0126845 secs] [Times: user=0.02 sys=0.00, real=0.01 secs] 
Heap after GC invocations=495183 (full 2):
 par new generation   total 368640K, used 4K [0x00000006c1c00000, 0x00000006dac00000, 0x00000006dac00000)
  eden space 327680K,   0% used [0x00000006c1c00000, 0x00000006c1c00000, 0x00000006d5c00000)
  from space 40960K,   0% used [0x00000006d8400000, 0x00000006d8401020, 0x00000006dac00000)
  to   space 40960K,   0% used [0x00000006d5c00000, 0x00000006d5c00000, 0x00000006d8400000)
 concurrent mark-sweep generation total 3756032K, used 1080798K [0x00000006dac00000, 0x00000007c0000000, 0x00000007c0000000)
 Metaspace       used 42573K, capacity 43892K, committed 44572K, reserved 1087488K
  class space    used 5454K, capacity 5756K, committed 5960K, reserved 1048576K
}
2020-07-01T08:29:15.105+0200: 399909.748: Total time for which application threads were stopped: 0.0137869 seconds, Stopping threads took: 0.0002252 seconds
{Heap before GC invocations=495183 (full 2):
 par new generation   total 368640K, used 327684K [0x00000006c1c00000, 0x00000006dac00000, 0x00000006dac00000)
  eden space 327680K, 100% used [0x00000006c1c00000, 0x00000006d5c00000, 0x00000006d5c00000)
  from space 40960K,   0% used [0x00000006d8400000, 0x00000006d8401020, 0x00000006dac00000)
  to   space 40960K,   0% used [0x00000006d5c00000, 0x00000006d5c00000, 0x00000006d8400000)
 concurrent mark-sweep generation total 3756032K, used 1080798K [0x00000006dac00000, 0x00000007c0000000, 0x00000007c0000000)
 Metaspace       used 42573K, capacity 43892K, committed 44572K, reserved 1087488K
  class space    used 5454K, capacity 5756K, committed 5960K, reserved 1048576K
2020-07-01T08:29:15.450+0200: 399910.093: [GC (Allocation Failure) 2020-07-01T08:29:15.450+0200: 399910.093: [ParNew
Desired survivor size 20971520 bytes, new threshold 1 (max 1)
- age   1:        240 bytes,        240 total
: 327684K->4K(368640K), 0.0162043 secs] 1408482K->1080802K(4124672K), 0.0163159 secs] [Times: user=0.03 sys=0.00, real=0.01 secs] 
Heap after GC invocations=495184 (full 2):
 par new generation   total 368640K, used 4K [0x00000006c1c00000, 0x00000006dac00000, 0x00000006dac00000)
  eden space 327680K,   0% used [0x00000006c1c00000, 0x00000006c1c00000, 0x00000006d5c00000)
  from space 40960K,   0% used [0x00000006d5c00000, 0x00000006d5c01020, 0x00000006d8400000)
  to   space 40960K,   0% used [0x00000006d8400000, 0x00000006d8400000, 0x00000006dac00000)
 concurrent mark-sweep generation total 3756032K, used 1080798K [0x00000006dac00000, 0x00000007c0000000, 0x00000007c0000000)
 Metaspace       used 42573K, capacity 43892K, committed 44572K, reserved 1087488K
  class space    used 5454K, capacity 5756K, committed 5960K, reserved 1048576K
}
2020-07-01T08:29:15.466+0200: 399910.109: Total time for which application threads were stopped: 0.0166025 seconds, Stopping threads took: 0.0000507 seconds
{Heap before GC invocations=495184 (full 2):
 par new generation   total 368640K, used 327684K [0x00000006c1c00000, 0x00000006dac00000, 0x00000006dac00000)
  eden space 327680K, 100% used [0x00000006c1c00000, 0x00000006d5c00000, 0x00000006d5c00000)
  from space 40960K,   0% used [0x00000006d5c00000, 0x00000006d5c01020, 0x00000006d8400000)
  to   space 40960K,   0% used [0x00000006d8400000, 0x00000006d8400000, 0x00000006dac00000)
 concurrent mark-sweep generation total 3756032K, used 1080798K [0x00000006dac00000, 0x00000007c0000000, 0x00000007c0000000)
 Metaspace       used 42573K, capacity 43892K, committed 44572K, reserved 1087488K
  class space    used 5454K, capacity 5756K, committed 5960K, reserved 1048576K
2020-07-01T08:29:15.759+0200: 399910.402: [GC (Allocation Failure) 2020-07-01T08:29:15.759+0200: 399910.402: [ParNew
Desired survivor size 20971520 bytes, new threshold 1 (max 1)
- age   1:        760 bytes,        760 total
: 327684K->4K(368640K), 0.0113689 secs] 1408482K->1080802K(4124672K), 0.0115099 secs] [Times: user=0.03 sys=0.00, real=0.01 secs] 
Heap after GC invocations=495185 (full 2):
 par new generation   total 368640K, used 4K [0x00000006c1c00000, 0x00000006dac00000, 0x00000006dac00000)
  eden space 327680K,   0% used [0x00000006c1c00000, 0x00000006c1c00000, 0x00000006d5c00000)
  from space 40960K,   0% used [0x00000006d8400000, 0x00000006d8401020, 0x00000006dac00000)
  to   space 40960K,   0% used [0x00000006d5c00000, 0x00000006d5c00000, 0x00000006d8400000)
 concurrent mark-sweep generation total 3756032K, used 1080798K [0x00000006dac00000, 0x00000007c0000000, 0x00000007c0000000)
 Metaspace       used 42573K, capacity 43892K, committed 44572K, reserved 1087488K
  class space    used 5454K, capacity 5756K, committed 5960K, reserved 1048576K
}
2020-07-01T08:29:15.770+0200: 399910.413: Total time for which application threads were stopped: 0.0118003 seconds, Stopping threads took: 0.0000506 seconds
{Heap before GC invocations=495185 (full 2):
 par new generation   total 368640K, used 327684K [0x00000006c1c00000, 0x00000006dac00000, 0x00000006dac00000)
  eden space 327680K, 100% used [0x00000006c1c00000, 0x00000006d5c00000, 0x00000006d5c00000)
  from space 40960K,   0% used [0x00000006d8400000, 0x00000006d8401020, 0x00000006dac00000)
  to   space 40960K,   0% used [0x00000006d5c00000, 0x00000006d5c00000, 0x00000006d8400000)
 concurrent mark-sweep generation total 3756032K, used 1080798K [0x00000006dac00000, 0x00000007c0000000, 0x00000007c0000000)
 Metaspace       used 42573K, capacity 43892K, committed 44572K, reserved 1087488K
  class space    used 5454K, capacity 5756K, committed 5960K, reserved 1048576K
2020-07-01T08:29:16.089+0200: 399910.731: [GC (Allocation Failure) 2020-07-01T08:29:16.089+0200: 399910.732: [ParNew
Desired survivor size 20971520 bytes, new threshold 1 (max 1)
- age   1:        240 bytes,        240 total
: 327684K->4K(368640K), 0.0112775 secs] 1408482K->1080803K(4124672K), 0.0115088 secs] [Times: user=0.02 sys=0.00, real=0.01 secs] 
Heap after GC invocations=495186 (full 2):
 par new generation   total 368640K, used 4K [0x00000006c1c00000, 0x00000006dac00000, 0x00000006dac00000)
  eden space 327680K,   0% used [0x00000006c1c00000, 0x00000006c1c00000, 0x00000006d5c00000)
  from space 40960K,   0% used [0x00000006d5c00000, 0x00000006d5c01020, 0x00000006d8400000)
  to   space 40960K,   0% used [0x00000006d8400000, 0x00000006d8400000, 0x00000006dac00000)
 concurrent mark-sweep generation total 3756032K, used 1080799K [0x00000006dac00000, 0x00000007c0000000, 0x00000007c0000000)
 Metaspace       used 42573K, capacity 43892K, committed 44572K, reserved 1087488K
  class space    used 5454K, capacity 5756K, committed 5960K, reserved 1048576K
}
2020-07-01T08:29:16.100+0200: 399910.743: Total time for which application threads were stopped: 0.0119020 seconds, Stopping threads took: 0.0001192 seconds
{Heap before GC invocations=495186 (full 2):
 par new generation   total 368640K, used 327684K [0x00000006c1c00000, 0x00000006dac00000, 0x00000006dac00000)
  eden space 327680K, 100% used [0x00000006c1c00000, 0x00000006d5c00000, 0x00000006d5c00000)
  from space 40960K,   0% used [0x00000006d5c00000, 0x00000006d5c01020, 0x00000006d8400000)
  to   space 40960K,   0% used [0x00000006d8400000, 0x00000006d8400000, 0x00000006dac00000)
 concurrent mark-sweep generation total 3756032K, used 1080799K [0x00000006dac00000, 0x00000007c0000000, 0x00000007c0000000)
 Metaspace       used 42573K, capacity 43892K, committed 44572K, reserved 1087488K
  class space    used 5454K, capacity 5756K, committed 5960K, reserved 1048576K
2020-07-01T08:29:16.377+0200: 399911.020: [GC (Allocation Failure) 2020-07-01T08:29:16.378+0200: 399911.020: [ParNew
Desired survivor size 20971520 bytes, new threshold 1 (max 1)
- age   1:        240 bytes,        240 total
: 327684K->4K(368640K), 0.0106690 secs] 1408483K->1080803K(4124672K), 0.0108075 secs] [Times: user=0.03 sys=0.00, real=0.02 secs] 
Heap after GC invocations=495187 (full 2):
 par new generation   total 368640K, used 4K [0x00000006c1c00000, 0x00000006dac00000, 0x00000006dac00000)
  eden space 327680K,   0% used [0x00000006c1c00000, 0x00000006c1c00000, 0x00000006d5c00000)
  from space 40960K,   0% used [0x00000006d8400000, 0x00000006d8401020, 0x00000006dac00000)
  to   space 40960K,   0% used [0x00000006d5c00000, 0x00000006d5c00000, 0x00000006d8400000)
 concurrent mark-sweep generation total 3756032K, used 1080799K [0x00000006dac00000, 0x00000007c0000000, 0x00000007c0000000)
 Metaspace       used 42573K, capacity 43892K, committed 44572K, reserved 1087488K
  class space    used 5454K, capacity 5756K, committed 5960K, reserved 1048576K
}
2020-07-01T08:29:16.388+0200: 399911.031: Total time for which application threads were stopped: 0.0112901 seconds, Stopping threads took: 0.0002390 seconds
{Heap before GC invocations=495187 (full 2):
 par new generation   total 368640K, used 327684K [0x00000006c1c00000, 0x00000006dac00000, 0x00000006dac00000)
  eden space 327680K, 100% used [0x00000006c1c00000, 0x00000006d5c00000, 0x00000006d5c00000)
  from space 40960K,   0% used [0x00000006d8400000, 0x00000006d8401020, 0x00000006dac00000)
  to   space 40960K,   0% used [0x00000006d5c00000, 0x00000006d5c00000, 0x00000006d8400000)
 concurrent mark-sweep generation total 3756032K, used 1080799K [0x00000006dac00000, 0x00000007c0000000, 0x00000007c0000000)
 Metaspace       used 42573K, capacity 43892K, committed 44572K, reserved 1087488K
  class space    used 5454K, capacity 5756K, committed 5960K, reserved 1048576K
2020-07-01T08:29:16.685+0200: 399911.328: [GC (Allocation Failure) 2020-07-01T08:29:16.685+0200: 399911.328: [ParNew
Desired survivor size 20971520 bytes, new threshold 1 (max 1)
- age   1:        272 bytes,        272 total
: 327684K->2K(368640K), 0.0212931 secs] 1408483K->1080801K(4124672K), 0.0214183 secs] [Times: user=0.02 sys=0.00, real=0.02 secs] 
Heap after GC invocations=495188 (full 2):
 par new generation   total 368640K, used 2K [0x00000006c1c00000, 0x00000006dac00000, 0x00000006dac00000)
  eden space 327680K,   0% used [0x00000006c1c00000, 0x00000006c1c00000, 0x00000006d5c00000)
  from space 40960K,   0% used [0x00000006d5c00000, 0x00000006d5c00810, 0x00000006d8400000)
  to   space 40960K,   0% used [0x00000006d8400000, 0x00000006d8400000, 0x00000006dac00000)
 concurrent mark-sweep generation total 3756032K, used 1080799K [0x00000006dac00000, 0x00000007c0000000, 0x00000007c0000000)
 Metaspace       used 42573K, capacity 43892K, committed 44572K, reserved 1087488K
  class space    used 5454K, capacity 5756K, committed 5960K, reserved 1048576K
}
2020-07-01T08:29:16.707+0200: 399911.349: Total time for which application threads were stopped: 0.0217884 seconds, Stopping threads took: 0.0000498 seconds
{Heap before GC invocations=495188 (full 2):
 par new generation   total 368640K, used 327682K [0x00000006c1c00000, 0x00000006dac00000, 0x00000006dac00000)
  eden space 327680K, 100% used [0x00000006c1c00000, 0x00000006d5c00000, 0x00000006d5c00000)
  from space 40960K,   0% used [0x00000006d5c00000, 0x00000006d5c00810, 0x00000006d8400000)
  to   space 40960K,   0% used [0x00000006d8400000, 0x00000006d8400000, 0x00000006dac00000)
 concurrent mark-sweep generation total 3756032K, used 1080799K [0x00000006dac00000, 0x00000007c0000000, 0x00000007c0000000)
 Metaspace       used 42573K, capacity 43892K, committed 44572K, reserved 1087488K
  class space    used 5454K, capacity 5756K, committed 5960K, reserved 1048576K
2020-07-01T08:29:17.024+0200: 399911.667: [GC (Allocation Failure) 2020-07-01T08:29:17.024+0200: 399911.667: [ParNew
Desired survivor size 20971520 bytes, new threshold 1 (max 1)
- age   1:        304 bytes,        304 total
: 327682K->2K(368640K), 0.0160442 secs] 1408481K->1080801K(4124672K), 0.0161585 secs] [Times: user=0.02 sys=0.00, real=0.02 secs] 
Heap after GC invocations=495189 (full 2):
 par new generation   total 368640K, used 2K [0x00000006c1c00000, 0x00000006dac00000, 0x00000006dac00000)
  eden space 327680K,   0% used [0x00000006c1c00000, 0x00000006c1c00000, 0x00000006d5c00000)
  from space 40960K,   0% used [0x00000006d8400000, 0x00000006d8400810, 0x00000006dac00000)
  to   space 40960K,   0% used [0x00000006d5c00000, 0x00000006d5c00000, 0x00000006d8400000)
 concurrent mark-sweep generation total 3756032K, used 1080799K [0x00000006dac00000, 0x00000007c0000000, 0x00000007c0000000)
 Metaspace       used 42573K, capacity 43892K, committed 44572K, reserved 1087488K
  class space    used 5454K, capacity 5756K, committed 5960K, reserved 1048576K
}
2020-07-01T08:29:17.040+0200: 399911.683: Total time for which application threads were stopped: 0.0165067 seconds, Stopping threads took: 0.0001152 seconds
{Heap before GC invocations=495189 (full 2):
 par new generation   total 368640K, used 327682K [0x00000006c1c00000, 0x00000006dac00000, 0x00000006dac00000)
  eden space 327680K, 100% used [0x00000006c1c00000, 0x00000006d5c00000, 0x00000006d5c00000)
  from space 40960K,   0% used [0x00000006d8400000, 0x00000006d8400810, 0x00000006dac00000)
  to   space 40960K,   0% used [0x00000006d5c00000, 0x00000006d5c00000, 0x00000006d8400000)
 concurrent mark-sweep generation total 3756032K, used 1080799K [0x00000006dac00000, 0x00000007c0000000, 0x00000007c0000000)
 Metaspace       used 42573K, capacity 43892K, committed 44572K, reserved 1087488K
  class space    used 5454K, capacity 5756K, committed 5960K, reserved 1048576K
2020-07-01T08:29:17.336+0200: 399911.979: [GC (Allocation Failure) 2020-07-01T08:29:17.336+0200: 399911.979: [ParNew
Desired survivor size 20971520 bytes, new threshold 1 (max 1)
- age   1:        240 bytes,        240 total
: 327682K->4K(368640K), 0.0192908 secs] 1408481K->1080803K(4124672K), 0.0193973 secs] [Times: user=0.04 sys=0.00, real=0.02 secs] 
Heap after GC invocations=495190 (full 2):
 par new generation   total 368640K, used 4K [0x00000006c1c00000, 0x00000006dac00000, 0x00000006dac00000)
  eden space 327680K,   0% used [0x00000006c1c00000, 0x00000006c1c00000, 0x00000006d5c00000)
  from space 40960K,   0% used [0x00000006d5c00000, 0x00000006d5c01020, 0x00000006d8400000)
  to   space 40960K,   0% used [0x00000006d8400000, 0x00000006d8400000, 0x00000006dac00000)
 concurrent mark-sweep generation total 3756032K, used 1080799K [0x00000006dac00000, 0x00000007c0000000, 0x00000007c0000000)
 Metaspace       used 42573K, capacity 43892K, committed 44572K, reserved 1087488K
  class space    used 5454K, capacity 5756K, committed 5960K, reserved 1048576K
}
2020-07-01T08:29:17.356+0200: 399911.998: Total time for which application threads were stopped: 0.0196837 seconds, Stopping threads took: 0.0000501 seconds
{Heap before GC invocations=495190 (full 2):
 par new generation   total 368640K, used 327684K [0x00000006c1c00000, 0x00000006dac00000, 0x00000006dac00000)
  eden space 327680K, 100% used [0x00000006c1c00000, 0x00000006d5c00000, 0x00000006d5c00000)
  from space 40960K,   0% used [0x00000006d5c00000, 0x00000006d5c01020, 0x00000006d8400000)
  to   space 40960K,   0% used [0x00000006d8400000, 0x00000006d8400000, 0x00000006dac00000)
 concurrent mark-sweep generation total 3756032K, used 1080799K [0x00000006dac00000, 0x00000007c0000000, 0x00000007c0000000)
 Metaspace       used 42573K, capacity 43892K, committed 44572K, reserved 1087488K
  class space    used 5454K, capacity 5756K, committed 5960K, reserved 1048576K
2020-07-01T08:29:17.656+0200: 399912.298: [GC (Allocation Failure) 2020-07-01T08:29:17.656+0200: 399912.298: [ParNew
Desired survivor size 20971520 bytes, new threshold 1 (max 1)
- age   1:        504 bytes,        504 total
: 327684K->4K(368640K), 0.0219162 secs] 1408483K->1080803K(4124672K), 0.0220940 secs] [Times: user=0.00 sys=0.00, real=0.02 secs] 
Heap after GC invocations=495191 (full 2):
 par new generation   total 368640K, used 4K [0x00000006c1c00000, 0x00000006dac00000, 0x00000006dac00000)
  eden space 327680K,   0% used [0x00000006c1c00000, 0x00000006c1c00000, 0x00000006d5c00000)
  from space 40960K,   0% used [0x00000006d8400000, 0x00000006d8401020, 0x00000006dac00000)
  to   space 40960K,   0% used [0x00000006d5c00000, 0x00000006d5c00000, 0x00000006d8400000)
 concurrent mark-sweep generation total 3756032K, used 1080799K [0x00000006dac00000, 0x00000007c0000000, 0x00000007c0000000)
 Metaspace       used 42573K, capacity 43892K, committed 44572K, reserved 1087488K
  class space    used 5454K, capacity 5756K, committed 5960K, reserved 1048576K
}
2020-07-01T08:29:17.678+0200: 399912.321: Total time for which application threads were stopped: 0.0224868 seconds, Stopping threads took: 0.0001598 seconds
{Heap before GC invocations=495191 (full 2):
 par new generation   total 368640K, used 327684K [0x00000006c1c00000, 0x00000006dac00000, 0x00000006dac00000)
  eden space 327680K, 100% used [0x00000006c1c00000, 0x00000006d5c00000, 0x00000006d5c00000)
  from space 40960K,   0% used [0x00000006d8400000, 0x00000006d8401020, 0x00000006dac00000)
  to   space 40960K,   0% used [0x00000006d5c00000, 0x00000006d5c00000, 0x00000006d8400000)
 concurrent mark-sweep generation total 3756032K, used 1080799K [0x00000006dac00000, 0x00000007c0000000, 0x00000007c0000000)
 Metaspace       used 42573K, capacity 43892K, committed 44572K, reserved 1087488K
  class space    used 5454K, capacity 5756K, committed 5960K, reserved 1048576K
2020-07-01T08:29:17.955+0200: 399912.598: [GC (Allocation Failure) 2020-07-01T08:29:17.955+0200: 399912.598: [ParNew
Desired survivor size 20971520 bytes, new threshold 1 (max 1)
- age   1:        336 bytes,        336 total
: 327684K->4K(368640K), 0.0111710 secs] 1408483K->1080803K(4124672K), 0.0113092 secs] [Times: user=0.04 sys=0.00, real=0.01 secs] 
Heap after GC invocations=495192 (full 2):
 par new generation   total 368640K, used 4K [0x00000006c1c00000, 0x00000006dac00000, 0x00000006dac00000)
  eden space 327680K,   0% used [0x00000006c1c00000, 0x00000006c1c00000, 0x00000006d5c00000)
  from space 40960K,   0% used [0x00000006d5c00000, 0x00000006d5c01020, 0x00000006d8400000)
  to   space 40960K,   0% used [0x00000006d8400000, 0x00000006d8400000, 0x00000006dac00000)
 concurrent mark-sweep generation total 3756032K, used 1080799K [0x00000006dac00000, 0x00000007c0000000, 0x00000007c0000000)
 Metaspace       used 42573K, capacity 43892K, committed 44572K, reserved 1087488K
  class space    used 5454K, capacity 5756K, committed 5960K, reserved 1048576K
}
2020-07-01T08:29:17.967+0200: 399912.610: Total time for which application threads were stopped: 0.0116723 seconds, Stopping threads took: 0.0000978 seconds
{Heap before GC invocations=495192 (full 2):
 par new generation   total 368640K, used 327684K [0x00000006c1c00000, 0x00000006dac00000, 0x00000006dac00000)
  eden space 327680K, 100% used [0x00000006c1c00000, 0x00000006d5c00000, 0x00000006d5c00000)
  from space 40960K,   0% used [0x00000006d5c00000, 0x00000006d5c01020, 0x00000006d8400000)
  to   space 40960K,   0% used [0x00000006d8400000, 0x00000006d8400000, 0x00000006dac00000)
 concurrent mark-sweep generation total 3756032K, used 1080799K [0x00000006dac00000, 0x00000007c0000000, 0x00000007c0000000)
 Metaspace       used 42573K, capacity 43892K, committed 44572K, reserved 1087488K
  class space    used 5454K, capacity 5756K, committed 5960K, reserved 1048576K
2020-07-01T08:29:18.277+0200: 399912.920: [GC (Allocation Failure) 2020-07-01T08:29:18.277+0200: 399912.920: [ParNew
Desired survivor size 20971520 bytes, new threshold 1 (max 1)
- age   1:        240 bytes,        240 total
: 327684K->4K(368640K), 0.0093537 secs] 1408483K->1080803K(4124672K), 0.0094813 secs] [Times: user=0.00 sys=0.00, real=0.01 secs] 
Heap after GC invocations=495193 (full 2):
 par new generation   total 368640K, used 4K [0x00000006c1c00000, 0x00000006dac00000, 0x00000006dac00000)
  eden space 327680K,   0% used [0x00000006c1c00000, 0x00000006c1c00000, 0x00000006d5c00000)
  from space 40960K,   0% used [0x00000006d8400000, 0x00000006d8401020, 0x00000006dac00000)
  to   space 40960K,   0% used [0x00000006d5c00000, 0x00000006d5c00000, 0x00000006d8400000)
 concurrent mark-sweep generation total 3756032K, used 1080799K [0x00000006dac00000, 0x00000007c0000000, 0x00000007c0000000)
 Metaspace       used 42573K, capacity 43892K, committed 44572K, reserved 1087488K
  class space    used 5454K, capacity 5756K, committed 5960K, reserved 1048576K
}
2020-07-01T08:29:18.287+0200: 399912.930: Total time for which application threads were stopped: 0.0098208 seconds, Stopping threads took: 0.0001029 seconds
{Heap before GC invocations=495193 (full 2):
 par new generation   total 368640K, used 327684K [0x00000006c1c00000, 0x00000006dac00000, 0x00000006dac00000)
  eden space 327680K, 100% used [0x00000006c1c00000, 0x00000006d5c00000, 0x00000006d5c00000)
  from space 40960K,   0% used [0x00000006d8400000, 0x00000006d8401020, 0x00000006dac00000)
  to   space 40960K,   0% used [0x00000006d5c00000, 0x00000006d5c00000, 0x00000006d8400000)
 concurrent mark-sweep generation total 3756032K, used 1080799K [0x00000006dac00000, 0x00000007c0000000, 0x00000007c0000000)
 Metaspace       used 42573K, capacity 43892K, committed 44572K, reserved 1087488K
  class space    used 5454K, capacity 5756K, committed 5960K, reserved 1048576K
2020-07-01T08:29:18.561+0200: 399913.204: [GC (Allocation Failure) 2020-07-01T08:29:18.561+0200: 399913.204: [ParNew
Desired survivor size 20971520 bytes, new threshold 1 (max 1)
- age   1:        240 bytes,        240 total
: 327684K->4K(368640K), 0.0119492 secs] 1408483K->1080803K(4124672K), 0.0120718 secs] [Times: user=0.00 sys=0.00, real=0.01 secs] 
Heap after GC invocations=495194 (full 2):
 par new generation   total 368640K, used 4K [0x00000006c1c00000, 0x00000006dac00000, 0x00000006dac00000)
  eden space 327680K,   0% used [0x00000006c1c00000, 0x00000006c1c00000, 0x00000006d5c00000)
  from space 40960K,   0% used [0x00000006d5c00000, 0x00000006d5c01020, 0x00000006d8400000)
  to   space 40960K,   0% used [0x00000006d8400000, 0x00000006d8400000, 0x00000006dac00000)
 concurrent mark-sweep generation total 3756032K, used 1080799K [0x00000006dac00000, 0x00000007c0000000, 0x00000007c0000000)
 Metaspace       used 42573K, capacity 43892K, committed 44572K, reserved 1087488K
  class space    used 5454K, capacity 5756K, committed 5960K, reserved 1048576K
}
2020-07-01T08:29:18.573+0200: 399913.216: Total time for which application threads were stopped: 0.0123638 seconds, Stopping threads took: 0.0000546 seconds
{Heap before GC invocations=495194 (full 2):
 par new generation   total 368640K, used 327684K [0x00000006c1c00000, 0x00000006dac00000, 0x00000006dac00000)
  eden space 327680K, 100% used [0x00000006c1c00000, 0x00000006d5c00000, 0x00000006d5c00000)
  from space 40960K,   0% used [0x00000006d5c00000, 0x00000006d5c01020, 0x00000006d8400000)
  to   space 40960K,   0% used [0x00000006d8400000, 0x00000006d8400000, 0x00000006dac00000)
 concurrent mark-sweep generation total 3756032K, used 1080799K [0x00000006dac00000, 0x00000007c0000000, 0x00000007c0000000)
 Metaspace       used 42573K, capacity 43892K, committed 44572K, reserved 1087488K
  class space    used 5454K, capacity 5756K, committed 5960K, reserved 1048576K
2020-07-01T08:29:18.879+0200: 399913.522: [GC (Allocation Failure) 2020-07-01T08:29:18.879+0200: 399913.522: [ParNew
Desired survivor size 20971520 bytes, new threshold 1 (max 1)
- age   1:        304 bytes,        304 total
: 327684K->4K(368640K), 0.0095416 secs] 1408483K->1080803K(4124672K), 0.0096503 secs] [Times: user=0.03 sys=0.00, real=0.01 secs] 
Heap after GC invocations=495195 (full 2):
 par new generation   total 368640K, used 4K [0x00000006c1c00000, 0x00000006dac00000, 0x00000006dac00000)
  eden space 327680K,   0% used [0x00000006c1c00000, 0x00000006c1c00000, 0x00000006d5c00000)
  from space 40960K,   0% used [0x00000006d8400000, 0x00000006d8401020, 0x00000006dac00000)
  to   space 40960K,   0% used [0x00000006d5c00000, 0x00000006d5c00000, 0x00000006d8400000)
 concurrent mark-sweep generation total 3756032K, used 1080799K [0x00000006dac00000, 0x00000007c0000000, 0x00000007c0000000)
 Metaspace       used 42573K, capacity 43892K, committed 44572K, reserved 1087488K
  class space    used 5454K, capacity 5756K, committed 5960K, reserved 1048576K
}
2020-07-01T08:29:18.889+0200: 399913.532: Total time for which application threads were stopped: 0.0099923 seconds, Stopping threads took: 0.0001090 seconds
{Heap before GC invocations=495195 (full 2):
 par new generation   total 368640K, used 327684K [0x00000006c1c00000, 0x00000006dac00000, 0x00000006dac00000)
  eden space 327680K, 100% used [0x00000006c1c00000, 0x00000006d5c00000, 0x00000006d5c00000)
  from space 40960K,   0% used [0x00000006d8400000, 0x00000006d8401020, 0x00000006dac00000)
  to   space 40960K,   0% used [0x00000006d5c00000, 0x00000006d5c00000, 0x00000006d8400000)
 concurrent mark-sweep generation total 3756032K, used 1080799K [0x00000006dac00000, 0x00000007c0000000, 0x00000007c0000000)
 Metaspace       used 42573K, capacity 43892K, committed 44572K, reserved 1087488K
  class space    used 5454K, capacity 5756K, committed 5960K, reserved 1048576K
2020-07-01T08:29:19.192+0200: 399913.835: [GC (Allocation Failure) 2020-07-01T08:29:19.192+0200: 399913.835: [ParNew
Desired survivor size 20971520 bytes, new threshold 1 (max 1)
- age   1:        240 bytes,        240 total
: 327684K->4K(368640K), 0.0118160 secs] 1408483K->1080803K(4124672K), 0.0119308 secs] [Times: user=0.03 sys=0.00, real=0.01 secs] 
Heap after GC invocations=495196 (full 2):
 par new generation   total 368640K, used 4K [0x00000006c1c00000, 0x00000006dac00000, 0x00000006dac00000)
  eden space 327680K,   0% used [0x00000006c1c00000, 0x00000006c1c00000, 0x00000006d5c00000)
  from space 40960K,   0% used [0x00000006d5c00000, 0x00000006d5c01020, 0x00000006d8400000)
  to   space 40960K,   0% used [0x00000006d8400000, 0x00000006d8400000, 0x00000006dac00000)
 concurrent mark-sweep generation total 3756032K, used 1080799K [0x00000006dac00000, 0x00000007c0000000, 0x00000007c0000000)
 Metaspace       used 42573K, capacity 43892K, committed 44572K, reserved 1087488K
  class space    used 5454K, capacity 5756K, committed 5960K, reserved 1048576K
}
2020-07-01T08:29:19.204+0200: 399913.847: Total time for which application threads were stopped: 0.0124464 seconds, Stopping threads took: 0.0000460 seconds
{Heap before GC invocations=495196 (full 2):
 par new generation   total 368640K, used 327684K [0x00000006c1c00000, 0x00000006dac00000, 0x00000006dac00000)
  eden space 327680K, 100% used [0x00000006c1c00000, 0x00000006d5c00000, 0x00000006d5c00000)
  from space 40960K,   0% used [0x00000006d5c00000, 0x00000006d5c01020, 0x00000006d8400000)
  to   space 40960K,   0% used [0x00000006d8400000, 0x00000006d8400000, 0x00000006dac00000)
 concurrent mark-sweep generation total 3756032K, used 1080799K [0x00000006dac00000, 0x00000007c0000000, 0x00000007c0000000)
 Metaspace       used 42573K, capacity 43892K, committed 44572K, reserved 1087488K
  class space    used 5454K, capacity 5756K, committed 5960K, reserved 1048576K
2020-07-01T08:29:19.500+0200: 399914.143: [GC (Allocation Failure) 2020-07-01T08:29:19.500+0200: 399914.143: [ParNew
Desired survivor size 20971520 bytes, new threshold 1 (max 1)
- age   1:        272 bytes,        272 total
: 327684K->4K(368640K), 0.0075169 secs] 1408483K->1080803K(4124672K), 0.0076777 secs] [Times: user=0.00 sys=0.00, real=0.00 secs] 
Heap after GC invocations=495197 (full 2):
 par new generation   total 368640K, used 4K [0x00000006c1c00000, 0x00000006dac00000, 0x00000006dac00000)
  eden space 327680K,   0% used [0x00000006c1c00000, 0x00000006c1c00000, 0x00000006d5c00000)
  from space 40960K,   0% used [0x00000006d8400000, 0x00000006d8401020, 0x00000006dac00000)
  to   space 40960K,   0% used [0x00000006d5c00000, 0x00000006d5c00000, 0x00000006d8400000)
 concurrent mark-sweep generation total 3756032K, used 1080799K [0x00000006dac00000, 0x00000007c0000000, 0x00000007c0000000)
 Metaspace       used 42573K, capacity 43892K, committed 44572K, reserved 1087488K
  class space    used 5454K, capacity 5756K, committed 5960K, reserved 1048576K
}
2020-07-01T08:29:19.507+0200: 399914.150: Total time for which application threads were stopped: 0.0080283 seconds, Stopping threads took: 0.0000976 seconds
{Heap before GC invocations=495197 (full 2):
 par new generation   total 368640K, used 327684K [0x00000006c1c00000, 0x00000006dac00000, 0x00000006dac00000)
  eden space 327680K, 100% used [0x00000006c1c00000, 0x00000006d5c00000, 0x00000006d5c00000)
  from space 40960K,   0% used [0x00000006d8400000, 0x00000006d8401020, 0x00000006dac00000)
  to   space 40960K,   0% used [0x00000006d5c00000, 0x00000006d5c00000, 0x00000006d8400000)
 concurrent mark-sweep generation total 3756032K, used 1080799K [0x00000006dac00000, 0x00000007c0000000, 0x00000007c0000000)
 Metaspace       used 42573K, capacity 43892K, committed 44572K, reserved 1087488K
  class space    used 5454K, capacity 5756K, committed 5960K, reserved 1048576K
2020-07-01T08:29:19.826+0200: 399914.469: [GC (Allocation Failure) 2020-07-01T08:29:19.826+0200: 399914.469: [ParNew
Desired survivor size 20971520 bytes, new threshold 1 (max 1)
- age   1:        304 bytes,        304 total
: 327684K->6K(368640K), 0.0079739 secs] 1408483K->1080805K(4124672K), 0.0080919 secs] [Times: user=0.00 sys=0.00, real=0.01 secs] 
Heap after GC invocations=495198 (full 2):
 par new generation   total 368640K, used 6K [0x00000006c1c00000, 0x00000006dac00000, 0x00000006dac00000)
  eden space 327680K,   0% used [0x00000006c1c00000, 0x00000006c1c00000, 0x00000006d5c00000)
  from space 40960K,   0% used [0x00000006d5c00000, 0x00000006d5c01830, 0x00000006d8400000)
  to   space 40960K,   0% used [0x00000006d8400000, 0x00000006d8400000, 0x00000006dac00000)
 concurrent mark-sweep generation total 3756032K, used 1080799K [0x00000006dac00000, 0x00000007c0000000, 0x00000007c0000000)
 Metaspace       used 42573K, capacity 43892K, committed 44572K, reserved 1087488K
  class space    used 5454K, capacity 5756K, committed 5960K, reserved 1048576K
}
2020-07-01T08:29:19.834+0200: 399914.477: Total time for which application threads were stopped: 0.0083741 seconds, Stopping threads took: 0.0000578 seconds
{Heap before GC invocations=495198 (full 2):
 par new generation   total 368640K, used 327686K [0x00000006c1c00000, 0x00000006dac00000, 0x00000006dac00000)
  eden space 327680K, 100% used [0x00000006c1c00000, 0x00000006d5c00000, 0x00000006d5c00000)
  from space 40960K,   0% used [0x00000006d5c00000, 0x00000006d5c01830, 0x00000006d8400000)
  to   space 40960K,   0% used [0x00000006d8400000, 0x00000006d8400000, 0x00000006dac00000)
 concurrent mark-sweep generation total 3756032K, used 1080799K [0x00000006dac00000, 0x00000007c0000000, 0x00000007c0000000)
 Metaspace       used 42573K, capacity 43892K, committed 44572K, reserved 1087488K
  class space    used 5454K, capacity 5756K, committed 5960K, reserved 1048576K
2020-07-01T08:29:20.115+0200: 399914.758: [GC (Allocation Failure) 2020-07-01T08:29:20.115+0200: 399914.758: [ParNew
Desired survivor size 20971520 bytes, new threshold 1 (max 1)
- age   1:        240 bytes,        240 total
: 327686K->4K(368640K), 0.0089358 secs] 1408485K->1080803K(4124672K), 0.0090710 secs] [Times: user=0.04 sys=0.00, real=0.01 secs] 
Heap after GC invocations=495199 (full 2):
 par new generation   total 368640K, used 4K [0x00000006c1c00000, 0x00000006dac00000, 0x00000006dac00000)
  eden space 327680K,   0% used [0x00000006c1c00000, 0x00000006c1c00000, 0x00000006d5c00000)
  from space 40960K,   0% used [0x00000006d8400000, 0x00000006d8401020, 0x00000006dac00000)
  to   space 40960K,   0% used [0x00000006d5c00000, 0x00000006d5c00000, 0x00000006d8400000)
 concurrent mark-sweep generation total 3756032K, used 1080799K [0x00000006dac00000, 0x00000007c0000000, 0x00000007c0000000)
 Metaspace       used 42573K, capacity 43892K, committed 44572K, reserved 1087488K
  class space    used 5454K, capacity 5756K, committed 5960K, reserved 1048576K
}
2020-07-01T08:29:20.124+0200: 399914.767: Total time for which application threads were stopped: 0.0094291 seconds, Stopping threads took: 0.0001181 seconds
{Heap before GC invocations=495199 (full 2):
 par new generation   total 368640K, used 327684K [0x00000006c1c00000, 0x00000006dac00000, 0x00000006dac00000)
  eden space 327680K, 100% used [0x00000006c1c00000, 0x00000006d5c00000, 0x00000006d5c00000)
  from space 40960K,   0% used [0x00000006d8400000, 0x00000006d8401020, 0x00000006dac00000)
  to   space 40960K,   0% used [0x00000006d5c00000, 0x00000006d5c00000, 0x00000006d8400000)
 concurrent mark-sweep generation total 3756032K, used 1080799K [0x00000006dac00000, 0x00000007c0000000, 0x00000007c0000000)
 Metaspace       used 42573K, capacity 43892K, committed 44572K, reserved 1087488K
  class space    used 5454K, capacity 5756K, committed 5960K, reserved 1048576K
2020-07-01T08:29:20.424+0200: 399915.067: [GC (Allocation Failure) 2020-07-01T08:29:20.424+0200: 399915.067: [ParNew
Desired survivor size 20971520 bytes, new threshold 1 (max 1)
- age   1:        240 bytes,        240 total
: 327684K->2K(368640K), 0.0173861 secs] 1408483K->1080801K(4124672K), 0.0174820 secs] [Times: user=0.02 sys=0.00, real=0.02 secs] 
Heap after GC invocations=495200 (full 2):
 par new generation   total 368640K, used 2K [0x00000006c1c00000, 0x00000006dac00000, 0x00000006dac00000)
  eden space 327680K,   0% used [0x00000006c1c00000, 0x00000006c1c00000, 0x00000006d5c00000)
  from space 40960K,   0% used [0x00000006d5c00000, 0x00000006d5c00810, 0x00000006d8400000)
  to   space 40960K,   0% used [0x00000006d8400000, 0x00000006d8400000, 0x00000006dac00000)
 concurrent mark-sweep generation total 3756032K, used 1080799K [0x00000006dac00000, 0x00000007c0000000, 0x00000007c0000000)
 Metaspace       used 42573K, capacity 43892K, committed 44572K, reserved 1087488K
  class space    used 5454K, capacity 5756K, committed 5960K, reserved 1048576K
}
2020-07-01T08:29:20.441+0200: 399915.084: Total time for which application threads were stopped: 0.0177666 seconds, Stopping threads took: 0.0000503 seconds
{Heap before GC invocations=495200 (full 2):
 par new generation   total 368640K, used 327682K [0x00000006c1c00000, 0x00000006dac00000, 0x00000006dac00000)
  eden space 327680K, 100% used [0x00000006c1c00000, 0x00000006d5c00000, 0x00000006d5c00000)
  from space 40960K,   0% used [0x00000006d5c00000, 0x00000006d5c00810, 0x00000006d8400000)
  to   space 40960K,   0% used [0x00000006d8400000, 0x00000006d8400000, 0x00000006dac00000)
 concurrent mark-sweep generation total 3756032K, used 1080799K [0x00000006dac00000, 0x00000007c0000000, 0x00000007c0000000)
 Metaspace       used 42573K, capacity 43892K, committed 44572K, reserved 1087488K
  class space    used 5454K, capacity 5756K, committed 5960K, reserved 1048576K
2020-07-01T08:29:20.725+0200: 399915.368: [GC (Allocation Failure) 2020-07-01T08:29:20.725+0200: 399915.368: [ParNew
Desired survivor size 20971520 bytes, new threshold 1 (max 1)
- age   1:        240 bytes,        240 total
: 327682K->4K(368640K), 0.0099211 secs] 1408481K->1080803K(4124672K), 0.0100416 secs] [Times: user=0.03 sys=0.00, real=0.01 secs] 
Heap after GC invocations=495201 (full 2):
 par new generation   total 368640K, used 4K [0x00000006c1c00000, 0x00000006dac00000, 0x00000006dac00000)
  eden space 327680K,   0% used [0x00000006c1c00000, 0x00000006c1c00000, 0x00000006d5c00000)
  from space 40960K,   0% used [0x00000006d8400000, 0x00000006d8401020, 0x00000006dac00000)
  to   space 40960K,   0% used [0x00000006d5c00000, 0x00000006d5c00000, 0x00000006d8400000)
 concurrent mark-sweep generation total 3756032K, used 1080799K [0x00000006dac00000, 0x00000007c0000000, 0x00000007c0000000)
 Metaspace       used 42573K, capacity 43892K, committed 44572K, reserved 1087488K
  class space    used 5454K, capacity 5756K, committed 5960K, reserved 1048576K
}
2020-07-01T08:29:20.735+0200: 399915.378: Total time for which application threads were stopped: 0.0103289 seconds, Stopping threads took: 0.0000504 seconds
{Heap before GC invocations=495201 (full 2):
 par new generation   total 368640K, used 327684K [0x00000006c1c00000, 0x00000006dac00000, 0x00000006dac00000)
  eden space 327680K, 100% used [0x00000006c1c00000, 0x00000006d5c00000, 0x00000006d5c00000)
  from space 40960K,   0% used [0x00000006d8400000, 0x00000006d8401020, 0x00000006dac00000)
  to   space 40960K,   0% used [0x00000006d5c00000, 0x00000006d5c00000, 0x00000006d8400000)
 concurrent mark-sweep generation total 3756032K, used 1080799K [0x00000006dac00000, 0x00000007c0000000, 0x00000007c0000000)
 Metaspace       used 42573K, capacity 43892K, committed 44572K, reserved 1087488K
  class space    used 5454K, capacity 5756K, committed 5960K, reserved 1048576K
2020-07-01T08:29:21.007+0200: 399915.650: [GC (Allocation Failure) 2020-07-01T08:29:21.007+0200: 399915.650: [ParNew
Desired survivor size 20971520 bytes, new threshold 1 (max 1)
- age   1:        304 bytes,        304 total
: 327684K->4K(368640K), 0.0106338 secs] 1408483K->1080803K(4124672K), 0.0107537 secs] [Times: user=0.03 sys=0.00, real=0.02 secs] 
Heap after GC invocations=495202 (full 2):
 par new generation   total 368640K, used 4K [0x00000006c1c00000, 0x00000006dac00000, 0x00000006dac00000)
  eden space 327680K,   0% used [0x00000006c1c00000, 0x00000006c1c00000, 0x00000006d5c00000)
  from space 40960K,   0% used [0x00000006d5c00000, 0x00000006d5c01020, 0x00000006d8400000)
  to   space 40960K,   0% used [0x00000006d8400000, 0x00000006d8400000, 0x00000006dac00000)
 concurrent mark-sweep generation total 3756032K, used 1080799K [0x00000006dac00000, 0x00000007c0000000, 0x00000007c0000000)
 Metaspace       used 42573K, capacity 43892K, committed 44572K, reserved 1087488K
  class space    used 5454K, capacity 5756K, committed 5960K, reserved 1048576K
}
2020-07-01T08:29:21.018+0200: 399915.661: Total time for which application threads were stopped: 0.0111177 seconds, Stopping threads took: 0.0001276 seconds
{Heap before GC invocations=495202 (full 2):
 par new generation   total 368640K, used 327684K [0x00000006c1c00000, 0x00000006dac00000, 0x00000006dac00000)
  eden space 327680K, 100% used [0x00000006c1c00000, 0x00000006d5c00000, 0x00000006d5c00000)
  from space 40960K,   0% used [0x00000006d5c00000, 0x00000006d5c01020, 0x00000006d8400000)
  to   space 40960K,   0% used [0x00000006d8400000, 0x00000006d8400000, 0x00000006dac00000)
 concurrent mark-sweep generation total 3756032K, used 1080799K [0x00000006dac00000, 0x00000007c0000000, 0x00000007c0000000)
 Metaspace       used 42573K, capacity 43892K, committed 44572K, reserved 1087488K
  class space    used 5454K, capacity 5756K, committed 5960K, reserved 1048576K
2020-07-01T08:29:21.339+0200: 399915.982: [GC (Allocation Failure) 2020-07-01T08:29:21.339+0200: 399915.982: [ParNew
Desired survivor size 20971520 bytes, new threshold 1 (max 1)
- age   1:        272 bytes,        272 total
: 327684K->4K(368640K), 0.0119423 secs] 1408483K->1080804K(4124672K), 0.0121002 secs] [Times: user=0.00 sys=0.02, real=0.01 secs] 
Heap after GC invocations=495203 (full 2):
 par new generation   total 368640K, used 4K [0x00000006c1c00000, 0x00000006dac00000, 0x00000006dac00000)
  eden space 327680K,   0% used [0x00000006c1c00000, 0x00000006c1c00000, 0x00000006d5c00000)
  from space 40960K,   0% used [0x00000006d8400000, 0x00000006d8401020, 0x00000006dac00000)
  to   space 40960K,   0% used [0x00000006d5c00000, 0x00000006d5c00000, 0x00000006d8400000)
 concurrent mark-sweep generation total 3756032K, used 1080800K [0x00000006dac00000, 0x00000007c0000000, 0x00000007c0000000)
 Metaspace       used 42573K, capacity 43892K, committed 44572K, reserved 1087488K
  class space    used 5454K, capacity 5756K, committed 5960K, reserved 1048576K
}
2020-07-01T08:29:21.351+0200: 399915.994: Total time for which application threads were stopped: 0.0124519 seconds, Stopping threads took: 0.0001002 seconds
{Heap before GC invocations=495203 (full 2):
 par new generation   total 368640K, used 327684K [0x00000006c1c00000, 0x00000006dac00000, 0x00000006dac00000)
  eden space 327680K, 100% used [0x00000006c1c00000, 0x00000006d5c00000, 0x00000006d5c00000)
  from space 40960K,   0% used [0x00000006d8400000, 0x00000006d8401020, 0x00000006dac00000)
  to   space 40960K,   0% used [0x00000006d5c00000, 0x00000006d5c00000, 0x00000006d8400000)
 concurrent mark-sweep generation total 3756032K, used 1080800K [0x00000006dac00000, 0x00000007c0000000, 0x00000007c0000000)
 Metaspace       used 42573K, capacity 43892K, committed 44572K, reserved 1087488K
  class space    used 5454K, capacity 5756K, committed 5960K, reserved 1048576K
2020-07-01T08:29:21.631+0200: 399916.274: [GC (Allocation Failure) 2020-07-01T08:29:21.631+0200: 399916.274: [ParNew
Desired survivor size 20971520 bytes, new threshold 1 (max 1)
- age   1:        240 bytes,        240 total
: 327684K->4K(368640K), 0.0099649 secs] 1408484K->1080804K(4124672K), 0.0100674 secs] [Times: user=0.03 sys=0.00, real=0.01 secs] 
Heap after GC invocations=495204 (full 2):
 par new generation   total 368640K, used 4K [0x00000006c1c00000, 0x00000006dac00000, 0x00000006dac00000)
  eden space 327680K,   0% used [0x00000006c1c00000, 0x00000006c1c00000, 0x00000006d5c00000)
  from space 40960K,   0% used [0x00000006d5c00000, 0x00000006d5c01020, 0x00000006d8400000)
  to   space 40960K,   0% used [0x00000006d8400000, 0x00000006d8400000, 0x00000006dac00000)
 concurrent mark-sweep generation total 3756032K, used 1080800K [0x00000006dac00000, 0x00000007c0000000, 0x00000007c0000000)
 Metaspace       used 42573K, capacity 43892K, committed 44572K, reserved 1087488K
  class space    used 5454K, capacity 5756K, committed 5960K, reserved 1048576K
}
2020-07-01T08:29:21.642+0200: 399916.284: Total time for which application threads were stopped: 0.0104046 seconds, Stopping threads took: 0.0000943 seconds
{Heap before GC invocations=495204 (full 2):
 par new generation   total 368640K, used 327684K [0x00000006c1c00000, 0x00000006dac00000, 0x00000006dac00000)
  eden space 327680K, 100% used [0x00000006c1c00000, 0x00000006d5c00000, 0x00000006d5c00000)
  from space 40960K,   0% used [0x00000006d5c00000, 0x00000006d5c01020, 0x00000006d8400000)
  to   space 40960K,   0% used [0x00000006d8400000, 0x00000006d8400000, 0x00000006dac00000)
 concurrent mark-sweep generation total 3756032K, used 1080800K [0x00000006dac00000, 0x00000007c0000000, 0x00000007c0000000)
 Metaspace       used 42573K, capacity 43892K, committed 44572K, reserved 1087488K
  class space    used 5454K, capacity 5756K, committed 5960K, reserved 1048576K
2020-07-01T08:29:21.939+0200: 399916.582: [GC (Allocation Failure) 2020-07-01T08:29:21.940+0200: 399916.582: [ParNew
Desired survivor size 20971520 bytes, new threshold 1 (max 1)
- age   1:        336 bytes,        336 total
: 327684K->2K(368640K), 0.0188050 secs] 1408484K->1080802K(4124672K), 0.0189813 secs] [Times: user=0.01 sys=0.00, real=0.02 secs] 
Heap after GC invocations=495205 (full 2):
 par new generation   total 368640K, used 2K [0x00000006c1c00000, 0x00000006dac00000, 0x00000006dac00000)
  eden space 327680K,   0% used [0x00000006c1c00000, 0x00000006c1c00000, 0x00000006d5c00000)
  from space 40960K,   0% used [0x00000006d8400000, 0x00000006d8400810, 0x00000006dac00000)
  to   space 40960K,   0% used [0x00000006d5c00000, 0x00000006d5c00000, 0x00000006d8400000)
 concurrent mark-sweep generation total 3756032K, used 1080800K [0x00000006dac00000, 0x00000007c0000000, 0x00000007c0000000)
 Metaspace       used 42573K, capacity 43892K, committed 44572K, reserved 1087488K
  class space    used 5454K, capacity 5756K, committed 5960K, reserved 1048576K
}
2020-07-01T08:29:21.959+0200: 399916.601: Total time for which application threads were stopped: 0.0192629 seconds, Stopping threads took: 0.0000503 seconds
{Heap before GC invocations=495205 (full 2):
 par new generation   total 368640K, used 327682K [0x00000006c1c00000, 0x00000006dac00000, 0x00000006dac00000)
  eden space 327680K, 100% used [0x00000006c1c00000, 0x00000006d5c00000, 0x00000006d5c00000)
  from space 40960K,   0% used [0x00000006d8400000, 0x00000006d8400810, 0x00000006dac00000)
  to   space 40960K,   0% used [0x00000006d5c00000, 0x00000006d5c00000, 0x00000006d8400000)
 concurrent mark-sweep generation total 3756032K, used 1080800K [0x00000006dac00000, 0x00000007c0000000, 0x00000007c0000000)
 Metaspace       used 42573K, capacity 43892K, committed 44572K, reserved 1087488K
  class space    used 5454K, capacity 5756K, committed 5960K, reserved 1048576K
2020-07-01T08:29:22.294+0200: 399916.937: [GC (Allocation Failure) 2020-07-01T08:29:22.294+0200: 399916.937: [ParNew
Desired survivor size 20971520 bytes, new threshold 1 (max 1)
- age   1:        272 bytes,        272 total
: 327682K->6K(368640K), 0.0097407 secs] 1408482K->1080806K(4124672K), 0.0099007 secs] [Times: user=0.00 sys=0.00, real=0.01 secs] 
Heap after GC invocations=495206 (full 2):
 par new generation   total 368640K, used 6K [0x00000006c1c00000, 0x00000006dac00000, 0x00000006dac00000)
  eden space 327680K,   0% used [0x00000006c1c00000, 0x00000006c1c00000, 0x00000006d5c00000)
  from space 40960K,   0% used [0x00000006d5c00000, 0x00000006d5c01830, 0x00000006d8400000)
  to   space 40960K,   0% used [0x00000006d8400000, 0x00000006d8400000, 0x00000006dac00000)
 concurrent mark-sweep generation total 3756032K, used 1080800K [0x00000006dac00000, 0x00000007c0000000, 0x00000007c0000000)
 Metaspace       used 42573K, capacity 43892K, committed 44572K, reserved 1087488K
  class space    used 5454K, capacity 5756K, committed 5960K, reserved 1048576K
}
2020-07-01T08:29:22.304+0200: 399916.947: Total time for which application threads were stopped: 0.0106309 seconds, Stopping threads took: 0.0004331 seconds
{Heap before GC invocations=495206 (full 2):
 par new generation   total 368640K, used 327686K [0x00000006c1c00000, 0x00000006dac00000, 0x00000006dac00000)
  eden space 327680K, 100% used [0x00000006c1c00000, 0x00000006d5c00000, 0x00000006d5c00000)
  from space 40960K,   0% used [0x00000006d5c00000, 0x00000006d5c01830, 0x00000006d8400000)
  to   space 40960K,   0% used [0x00000006d8400000, 0x00000006d8400000, 0x00000006dac00000)
 concurrent mark-sweep generation total 3756032K, used 1080800K [0x00000006dac00000, 0x00000007c0000000, 0x00000007c0000000)
 Metaspace       used 42573K, capacity 43892K, committed 44572K, reserved 1087488K
  class space    used 5454K, capacity 5756K, committed 5960K, reserved 1048576K
2020-07-01T08:29:22.633+0200: 399917.276: [GC (Allocation Failure) 2020-07-01T08:29:22.633+0200: 399917.276: [ParNew
Desired survivor size 20971520 bytes, new threshold 1 (max 1)
- age   1:        240 bytes,        240 total
: 327686K->4K(368640K), 0.0104646 secs] 1408486K->1080804K(4124672K), 0.0105880 secs] [Times: user=0.03 sys=0.00, real=0.01 secs] 
Heap after GC invocations=495207 (full 2):
 par new generation   total 368640K, used 4K [0x00000006c1c00000, 0x00000006dac00000, 0x00000006dac00000)
  eden space 327680K,   0% used [0x00000006c1c00000, 0x00000006c1c00000, 0x00000006d5c00000)
  from space 40960K,   0% used [0x00000006d8400000, 0x00000006d8401020, 0x00000006dac00000)
  to   space 40960K,   0% used [0x00000006d5c00000, 0x00000006d5c00000, 0x00000006d8400000)
 concurrent mark-sweep generation total 3756032K, used 1080800K [0x00000006dac00000, 0x00000007c0000000, 0x00000007c0000000)
 Metaspace       used 42573K, capacity 43892K, committed 44572K, reserved 1087488K
  class space    used 5454K, capacity 5756K, committed 5960K, reserved 1048576K
}
2020-07-01T08:29:22.643+0200: 399917.286: Total time for which application threads were stopped: 0.0109702 seconds, Stopping threads took: 0.0001323 seconds
{Heap before GC invocations=495207 (full 2):
 par new generation   total 368640K, used 327684K [0x00000006c1c00000, 0x00000006dac00000, 0x00000006dac00000)
  eden space 327680K, 100% used [0x00000006c1c00000, 0x00000006d5c00000, 0x00000006d5c00000)
  from space 40960K,   0% used [0x00000006d8400000, 0x00000006d8401020, 0x00000006dac00000)
  to   space 40960K,   0% used [0x00000006d5c00000, 0x00000006d5c00000, 0x00000006d8400000)
 concurrent mark-sweep generation total 3756032K, used 1080800K [0x00000006dac00000, 0x00000007c0000000, 0x00000007c0000000)
 Metaspace       used 42573K, capacity 43892K, committed 44572K, reserved 1087488K
  class space    used 5454K, capacity 5756K, committed 5960K, reserved 1048576K
2020-07-01T08:29:22.955+0200: 399917.598: [GC (Allocation Failure) 2020-07-01T08:29:22.955+0200: 399917.598: [ParNew
Desired survivor size 20971520 bytes, new threshold 1 (max 1)
- age   1:        304 bytes,        304 total
: 327684K->4K(368640K), 0.0115755 secs] 1408484K->1080804K(4124672K), 0.0117241 secs] [Times: user=0.04 sys=0.00, real=0.01 secs] 
Heap after GC invocations=495208 (full 2):
 par new generation   total 368640K, used 4K [0x00000006c1c00000, 0x00000006dac00000, 0x00000006dac00000)
  eden space 327680K,   0% used [0x00000006c1c00000, 0x00000006c1c00000, 0x00000006d5c00000)
  from space 40960K,   0% used [0x00000006d5c00000, 0x00000006d5c01020, 0x00000006d8400000)
  to   space 40960K,   0% used [0x00000006d8400000, 0x00000006d8400000, 0x00000006dac00000)
 concurrent mark-sweep generation total 3756032K, used 1080800K [0x00000006dac00000, 0x00000007c0000000, 0x00000007c0000000)
 Metaspace       used 42573K, capacity 43892K, committed 44572K, reserved 1087488K
  class space    used 5454K, capacity 5756K, committed 5960K, reserved 1048576K
}
2020-07-01T08:29:22.967+0200: 399917.610: Total time for which application threads were stopped: 0.0121079 seconds, Stopping threads took: 0.0001281 seconds
{Heap before GC invocations=495208 (full 2):
 par new generation   total 368640K, used 327684K [0x00000006c1c00000, 0x00000006dac00000, 0x00000006dac00000)
  eden space 327680K, 100% used [0x00000006c1c00000, 0x00000006d5c00000, 0x00000006d5c00000)
  from space 40960K,   0% used [0x00000006d5c00000, 0x00000006d5c01020, 0x00000006d8400000)
  to   space 40960K,   0% used [0x00000006d8400000, 0x00000006d8400000, 0x00000006dac00000)
 concurrent mark-sweep generation total 3756032K, used 1080800K [0x00000006dac00000, 0x00000007c0000000, 0x00000007c0000000)
 Metaspace       used 42573K, capacity 43892K, committed 44572K, reserved 1087488K
  class space    used 5454K, capacity 5756K, committed 5960K, reserved 1048576K
2020-07-01T08:29:23.285+0200: 399917.927: [GC (Allocation Failure) 2020-07-01T08:29:23.285+0200: 399917.928: [ParNew
Desired survivor size 20971520 bytes, new threshold 1 (max 1)
- age   1:        240 bytes,        240 total
: 327684K->2K(368640K), 0.0161819 secs] 1408484K->1080802K(4124672K), 0.0162883 secs] [Times: user=0.02 sys=0.00, real=0.02 secs] 
Heap after GC invocations=495209 (full 2):
 par new generation   total 368640K, used 2K [0x00000006c1c00000, 0x00000006dac00000, 0x00000006dac00000)
  eden space 327680K,   0% used [0x00000006c1c00000, 0x00000006c1c00000, 0x00000006d5c00000)
  from space 40960K,   0% used [0x00000006d8400000, 0x00000006d8400810, 0x00000006dac00000)
  to   space 40960K,   0% used [0x00000006d5c00000, 0x00000006d5c00000, 0x00000006d8400000)
 concurrent mark-sweep generation total 3756032K, used 1080800K [0x00000006dac00000, 0x00000007c0000000, 0x00000007c0000000)
 Metaspace       used 42573K, capacity 43892K, committed 44572K, reserved 1087488K
  class space    used 5454K, capacity 5756K, committed 5960K, reserved 1048576K
}
2020-07-01T08:29:23.301+0200: 399917.944: Total time for which application threads were stopped: 0.0166001 seconds, Stopping threads took: 0.0000514 seconds
{Heap before GC invocations=495209 (full 2):
 par new generation   total 368640K, used 327682K [0x00000006c1c00000, 0x00000006dac00000, 0x00000006dac00000)
  eden space 327680K, 100% used [0x00000006c1c00000, 0x00000006d5c00000, 0x00000006d5c00000)
  from space 40960K,   0% used [0x00000006d8400000, 0x00000006d8400810, 0x00000006dac00000)
  to   space 40960K,   0% used [0x00000006d5c00000, 0x00000006d5c00000, 0x00000006d8400000)
 concurrent mark-sweep generation total 3756032K, used 1080800K [0x00000006dac00000, 0x00000007c0000000, 0x00000007c0000000)
 Metaspace       used 42573K, capacity 43892K, committed 44572K, reserved 1087488K
  class space    used 5454K, capacity 5756K, committed 5960K, reserved 1048576K
2020-07-01T08:29:23.585+0200: 399918.228: [GC (Allocation Failure) 2020-07-01T08:29:23.585+0200: 399918.228: [ParNew
Desired survivor size 20971520 bytes, new threshold 1 (max 1)
- age   1:        272 bytes,        272 total
: 327682K->4K(368640K), 0.0092574 secs] 1408482K->1080804K(4124672K), 0.0094213 secs] [Times: user=0.02 sys=0.00, real=0.01 secs] 
Heap after GC invocations=495210 (full 2):
 par new generation   total 368640K, used 4K [0x00000006c1c00000, 0x00000006dac00000, 0x00000006dac00000)
  eden space 327680K,   0% used [0x00000006c1c00000, 0x00000006c1c00000, 0x00000006d5c00000)
  from space 40960K,   0% used [0x00000006d5c00000, 0x00000006d5c01020, 0x00000006d8400000)
  to   space 40960K,   0% used [0x00000006d8400000, 0x00000006d8400000, 0x00000006dac00000)
 concurrent mark-sweep generation total 3756032K, used 1080800K [0x00000006dac00000, 0x00000007c0000000, 0x00000007c0000000)
 Metaspace       used 42573K, capacity 43892K, committed 44572K, reserved 1087488K
  class space    used 5454K, capacity 5756K, committed 5960K, reserved 1048576K
}
2020-07-01T08:29:23.595+0200: 399918.238: Total time for which application threads were stopped: 0.0098089 seconds, Stopping threads took: 0.0000992 seconds
{Heap before GC invocations=495210 (full 2):
 par new generation   total 368640K, used 327684K [0x00000006c1c00000, 0x00000006dac00000, 0x00000006dac00000)
  eden space 327680K, 100% used [0x00000006c1c00000, 0x00000006d5c00000, 0x00000006d5c00000)
  from space 40960K,   0% used [0x00000006d5c00000, 0x00000006d5c01020, 0x00000006d8400000)
  to   space 40960K,   0% used [0x00000006d8400000, 0x00000006d8400000, 0x00000006dac00000)
 concurrent mark-sweep generation total 3756032K, used 1080800K [0x00000006dac00000, 0x00000007c0000000, 0x00000007c0000000)
 Metaspace       used 42573K, capacity 43892K, committed 44572K, reserved 1087488K
  class space    used 5454K, capacity 5756K, committed 5960K, reserved 1048576K
2020-07-01T08:29:23.893+0200: 399918.536: [GC (Allocation Failure) 2020-07-01T08:29:23.893+0200: 399918.536: [ParNew
Desired survivor size 20971520 bytes, new threshold 1 (max 1)
- age   1:        304 bytes,        304 total
: 327684K->4K(368640K), 0.0086685 secs] 1408484K->1080804K(4124672K), 0.0088131 secs] [Times: user=0.02 sys=0.00, real=0.01 secs] 
Heap after GC invocations=495211 (full 2):
 par new generation   total 368640K, used 4K [0x00000006c1c00000, 0x00000006dac00000, 0x00000006dac00000)
  eden space 327680K,   0% used [0x00000006c1c00000, 0x00000006c1c00000, 0x00000006d5c00000)
  from space 40960K,   0% used [0x00000006d8400000, 0x00000006d8401020, 0x00000006dac00000)
  to   space 40960K,   0% used [0x00000006d5c00000, 0x00000006d5c00000, 0x00000006d8400000)
 concurrent mark-sweep generation total 3756032K, used 1080800K [0x00000006dac00000, 0x00000007c0000000, 0x00000007c0000000)
 Metaspace       used 42573K, capacity 43892K, committed 44572K, reserved 1087488K
  class space    used 5454K, capacity 5756K, committed 5960K, reserved 1048576K
}
2020-07-01T08:29:23.902+0200: 399918.545: Total time for which application threads were stopped: 0.0091393 seconds, Stopping threads took: 0.0000658 seconds
{Heap before GC invocations=495211 (full 2):
 par new generation   total 368640K, used 327684K [0x00000006c1c00000, 0x00000006dac00000, 0x00000006dac00000)
  eden space 327680K, 100% used [0x00000006c1c00000, 0x00000006d5c00000, 0x00000006d5c00000)
  from space 40960K,   0% used [0x00000006d8400000, 0x00000006d8401020, 0x00000006dac00000)
  to   space 40960K,   0% used [0x00000006d5c00000, 0x00000006d5c00000, 0x00000006d8400000)
 concurrent mark-sweep generation total 3756032K, used 1080800K [0x00000006dac00000, 0x00000007c0000000, 0x00000007c0000000)
 Metaspace       used 42573K, capacity 43892K, committed 44572K, reserved 1087488K
  class space    used 5454K, capacity 5756K, committed 5960K, reserved 1048576K
2020-07-01T08:29:24.188+0200: 399918.830: [GC (Allocation Failure) 2020-07-01T08:29:24.188+0200: 399918.830: [ParNew
Desired survivor size 20971520 bytes, new threshold 1 (max 1)
- age   1:        240 bytes,        240 total
: 327684K->4K(368640K), 0.0106120 secs] 1408484K->1080804K(4124672K), 0.0107307 secs] [Times: user=0.00 sys=0.00, real=0.02 secs] 
Heap after GC invocations=495212 (full 2):
 par new generation   total 368640K, used 4K [0x00000006c1c00000, 0x00000006dac00000, 0x00000006dac00000)
  eden space 327680K,   0% used [0x00000006c1c00000, 0x00000006c1c00000, 0x00000006d5c00000)
  from space 40960K,   0% used [0x00000006d5c00000, 0x00000006d5c01020, 0x00000006d8400000)
  to   space 40960K,   0% used [0x00000006d8400000, 0x00000006d8400000, 0x00000006dac00000)
 concurrent mark-sweep generation total 3756032K, used 1080800K [0x00000006dac00000, 0x00000007c0000000, 0x00000007c0000000)
 Metaspace       used 42573K, capacity 43892K, committed 44572K, reserved 1087488K
  class space    used 5454K, capacity 5756K, committed 5960K, reserved 1048576K
}
2020-07-01T08:29:24.198+0200: 399918.841: Total time for which application threads were stopped: 0.0111433 seconds, Stopping threads took: 0.0001546 seconds
{Heap before GC invocations=495212 (full 2):
 par new generation   total 368640K, used 327684K [0x00000006c1c00000, 0x00000006dac00000, 0x00000006dac00000)
  eden space 327680K, 100% used [0x00000006c1c00000, 0x00000006d5c00000, 0x00000006d5c00000)
  from space 40960K,   0% used [0x00000006d5c00000, 0x00000006d5c01020, 0x00000006d8400000)
  to   space 40960K,   0% used [0x00000006d8400000, 0x00000006d8400000, 0x00000006dac00000)
 concurrent mark-sweep generation total 3756032K, used 1080800K [0x00000006dac00000, 0x00000007c0000000, 0x00000007c0000000)
 Metaspace       used 42573K, capacity 43892K, committed 44572K, reserved 1087488K
  class space    used 5454K, capacity 5756K, committed 5960K, reserved 1048576K
2020-07-01T08:29:24.522+0200: 399919.164: [GC (Allocation Failure) 2020-07-01T08:29:24.522+0200: 399919.164: [ParNew
Desired survivor size 20971520 bytes, new threshold 1 (max 1)
- age   1:        304 bytes,        304 total
: 327684K->4K(368640K), 0.0150395 secs] 1408484K->1080804K(4124672K), 0.0151734 secs] [Times: user=0.03 sys=0.00, real=0.01 secs] 
Heap after GC invocations=495213 (full 2):
 par new generation   total 368640K, used 4K [0x00000006c1c00000, 0x00000006dac00000, 0x00000006dac00000)
  eden space 327680K,   0% used [0x00000006c1c00000, 0x00000006c1c00000, 0x00000006d5c00000)
  from space 40960K,   0% used [0x00000006d8400000, 0x00000006d8401020, 0x00000006dac00000)
  to   space 40960K,   0% used [0x00000006d5c00000, 0x00000006d5c00000, 0x00000006d8400000)
 concurrent mark-sweep generation total 3756032K, used 1080800K [0x00000006dac00000, 0x00000007c0000000, 0x00000007c0000000)
 Metaspace       used 42573K, capacity 43892K, committed 44572K, reserved 1087488K
  class space    used 5454K, capacity 5756K, committed 5960K, reserved 1048576K
}
2020-07-01T08:29:24.537+0200: 399919.180: Total time for which application threads were stopped: 0.0155290 seconds, Stopping threads took: 0.0001031 seconds
{Heap before GC invocations=495213 (full 2):
 par new generation   total 368640K, used 327684K [0x00000006c1c00000, 0x00000006dac00000, 0x00000006dac00000)
  eden space 327680K, 100% used [0x00000006c1c00000, 0x00000006d5c00000, 0x00000006d5c00000)
  from space 40960K,   0% used [0x00000006d8400000, 0x00000006d8401020, 0x00000006dac00000)
  to   space 40960K,   0% used [0x00000006d5c00000, 0x00000006d5c00000, 0x00000006d8400000)
 concurrent mark-sweep generation total 3756032K, used 1080800K [0x00000006dac00000, 0x00000007c0000000, 0x00000007c0000000)
 Metaspace       used 42573K, capacity 43892K, committed 44572K, reserved 1087488K
  class space    used 5454K, capacity 5756K, committed 5960K, reserved 1048576K
2020-07-01T08:29:24.843+0200: 399919.486: [GC (Allocation Failure) 2020-07-01T08:29:24.843+0200: 399919.486: [ParNew
Desired survivor size 20971520 bytes, new threshold 1 (max 1)
- age   1:        304 bytes,        304 total
: 327684K->6K(368640K), 0.0118590 secs] 1408484K->1080806K(4124672K), 0.0119761 secs] [Times: user=0.00 sys=0.00, real=0.01 secs] 
Heap after GC invocations=495214 (full 2):
 par new generation   total 368640K, used 6K [0x00000006c1c00000, 0x00000006dac00000, 0x00000006dac00000)
  eden space 327680K,   0% used [0x00000006c1c00000, 0x00000006c1c00000, 0x00000006d5c00000)
  from space 40960K,   0% used [0x00000006d5c00000, 0x00000006d5c01830, 0x00000006d8400000)
  to   space 40960K,   0% used [0x00000006d8400000, 0x00000006d8400000, 0x00000006dac00000)
 concurrent mark-sweep generation total 3756032K, used 1080800K [0x00000006dac00000, 0x00000007c0000000, 0x00000007c0000000)
 Metaspace       used 42573K, capacity 43892K, committed 44572K, reserved 1087488K
  class space    used 5454K, capacity 5756K, committed 5960K, reserved 1048576K
}
2020-07-01T08:29:24.855+0200: 399919.498: Total time for which application threads were stopped: 0.0122631 seconds, Stopping threads took: 0.0000510 seconds
{Heap before GC invocations=495214 (full 2):
 par new generation   total 368640K, used 327686K [0x00000006c1c00000, 0x00000006dac00000, 0x00000006dac00000)
  eden space 327680K, 100% used [0x00000006c1c00000, 0x00000006d5c00000, 0x00000006d5c00000)
  from space 40960K,   0% used [0x00000006d5c00000, 0x00000006d5c01830, 0x00000006d8400000)
  to   space 40960K,   0% used [0x00000006d8400000, 0x00000006d8400000, 0x00000006dac00000)
 concurrent mark-sweep generation total 3756032K, used 1080800K [0x00000006dac00000, 0x00000007c0000000, 0x00000007c0000000)
 Metaspace       used 42573K, capacity 43892K, committed 44572K, reserved 1087488K
  class space    used 5454K, capacity 5756K, committed 5960K, reserved 1048576K
2020-07-01T08:29:25.190+0200: 399919.833: [GC (Allocation Failure) 2020-07-01T08:29:25.190+0200: 399919.833: [ParNew
Desired survivor size 20971520 bytes, new threshold 1 (max 1)
- age   1:        240 bytes,        240 total
: 327686K->4K(368640K), 0.0108388 secs] 1408486K->1080804K(4124672K), 0.0109595 secs] [Times: user=0.03 sys=0.00, real=0.01 secs] 
Heap after GC invocations=495215 (full 2):
 par new generation   total 368640K, used 4K [0x00000006c1c00000, 0x00000006dac00000, 0x00000006dac00000)
  eden space 327680K,   0% used [0x00000006c1c00000, 0x00000006c1c00000, 0x00000006d5c00000)
  from space 40960K,   0% used [0x00000006d8400000, 0x00000006d8401020, 0x00000006dac00000)
  to   space 40960K,   0% used [0x00000006d5c00000, 0x00000006d5c00000, 0x00000006d8400000)
 concurrent mark-sweep generation total 3756032K, used 1080800K [0x00000006dac00000, 0x00000007c0000000, 0x00000007c0000000)
 Metaspace       used 42573K, capacity 43892K, committed 44572K, reserved 1087488K
  class space    used 5454K, capacity 5756K, committed 5960K, reserved 1048576K
}
2020-07-01T08:29:25.201+0200: 399919.844: Total time for which application threads were stopped: 0.0112718 seconds, Stopping threads took: 0.0000487 seconds
{Heap before GC invocations=495215 (full 2):
 par new generation   total 368640K, used 327684K [0x00000006c1c00000, 0x00000006dac00000, 0x00000006dac00000)
  eden space 327680K, 100% used [0x00000006c1c00000, 0x00000006d5c00000, 0x00000006d5c00000)
  from space 40960K,   0% used [0x00000006d8400000, 0x00000006d8401020, 0x00000006dac00000)
  to   space 40960K,   0% used [0x00000006d5c00000, 0x00000006d5c00000, 0x00000006d8400000)
 concurrent mark-sweep generation total 3756032K, used 1080800K [0x00000006dac00000, 0x00000007c0000000, 0x00000007c0000000)
 Metaspace       used 42573K, capacity 43892K, committed 44572K, reserved 1087488K
  class space    used 5454K, capacity 5756K, committed 5960K, reserved 1048576K
2020-07-01T08:29:25.495+0200: 399920.137: [GC (Allocation Failure) 2020-07-01T08:29:25.495+0200: 399920.137: [ParNew
Desired survivor size 20971520 bytes, new threshold 1 (max 1)
- age   1:        272 bytes,        272 total
: 327684K->4K(368640K), 0.0112788 secs] 1408484K->1080804K(4124672K), 0.0113775 secs] [Times: user=0.03 sys=0.00, real=0.01 secs] 
Heap after GC invocations=495216 (full 2):
 par new generation   total 368640K, used 4K [0x00000006c1c00000, 0x00000006dac00000, 0x00000006dac00000)
  eden space 327680K,   0% used [0x00000006c1c00000, 0x00000006c1c00000, 0x00000006d5c00000)
  from space 40960K,   0% used [0x00000006d5c00000, 0x00000006d5c01020, 0x00000006d8400000)
  to   space 40960K,   0% used [0x00000006d8400000, 0x00000006d8400000, 0x00000006dac00000)
 concurrent mark-sweep generation total 3756032K, used 1080800K [0x00000006dac00000, 0x00000007c0000000, 0x00000007c0000000)
 Metaspace       used 42573K, capacity 43892K, committed 44572K, reserved 1087488K
  class space    used 5454K, capacity 5756K, committed 5960K, reserved 1048576K
}
2020-07-01T08:29:25.507+0200: 399920.149: Total time for which application threads were stopped: 0.0122610 seconds, Stopping threads took: 0.0001306 seconds
{Heap before GC invocations=495216 (full 2):
 par new generation   total 368640K, used 327684K [0x00000006c1c00000, 0x00000006dac00000, 0x00000006dac00000)
  eden space 327680K, 100% used [0x00000006c1c00000, 0x00000006d5c00000, 0x00000006d5c00000)
  from space 40960K,   0% used [0x00000006d5c00000, 0x00000006d5c01020, 0x00000006d8400000)
  to   space 40960K,   0% used [0x00000006d8400000, 0x00000006d8400000, 0x00000006dac00000)
 concurrent mark-sweep generation total 3756032K, used 1080800K [0x00000006dac00000, 0x00000007c0000000, 0x00000007c0000000)
 Metaspace       used 42573K, capacity 43892K, committed 44572K, reserved 1087488K
  class space    used 5454K, capacity 5756K, committed 5960K, reserved 1048576K
2020-07-01T08:29:25.823+0200: 399920.466: [GC (Allocation Failure) 2020-07-01T08:29:25.823+0200: 399920.466: [ParNew
Desired survivor size 20971520 bytes, new threshold 1 (max 1)
- age   1:        728 bytes,        728 total
: 327684K->4K(368640K), 0.0112380 secs] 1408484K->1080804K(4124672K), 0.0113758 secs] [Times: user=0.03 sys=0.00, real=0.01 secs] 
Heap after GC invocations=495217 (full 2):
 par new generation   total 368640K, used 4K [0x00000006c1c00000, 0x00000006dac00000, 0x00000006dac00000)
  eden space 327680K,   0% used [0x00000006c1c00000, 0x00000006c1c00000, 0x00000006d5c00000)
  from space 40960K,   0% used [0x00000006d8400000, 0x00000006d8401020, 0x00000006dac00000)
  to   space 40960K,   0% used [0x00000006d5c00000, 0x00000006d5c00000, 0x00000006d8400000)
 concurrent mark-sweep generation total 3756032K, used 1080800K [0x00000006dac00000, 0x00000007c0000000, 0x00000007c0000000)
 Metaspace       used 42573K, capacity 43892K, committed 44572K, reserved 1087488K
  class space    used 5454K, capacity 5756K, committed 5960K, reserved 1048576K
}
2020-07-01T08:29:25.834+0200: 399920.477: Total time for which application threads were stopped: 0.0117773 seconds, Stopping threads took: 0.0000964 seconds
{Heap before GC invocations=495217 (full 2):
 par new generation   total 368640K, used 327684K [0x00000006c1c00000, 0x00000006dac00000, 0x00000006dac00000)
  eden space 327680K, 100% used [0x00000006c1c00000, 0x00000006d5c00000, 0x00000006d5c00000)
  from space 40960K,   0% used [0x00000006d8400000, 0x00000006d8401020, 0x00000006dac00000)
  to   space 40960K,   0% used [0x00000006d5c00000, 0x00000006d5c00000, 0x00000006d8400000)
 concurrent mark-sweep generation total 3756032K, used 1080800K [0x00000006dac00000, 0x00000007c0000000, 0x00000007c0000000)
 Metaspace       used 42573K, capacity 43892K, committed 44572K, reserved 1087488K
  class space    used 5454K, capacity 5756K, committed 5960K, reserved 1048576K
2020-07-01T08:29:26.113+0200: 399920.756: [GC (Allocation Failure) 2020-07-01T08:29:26.113+0200: 399920.756: [ParNew
Desired survivor size 20971520 bytes, new threshold 1 (max 1)
- age   1:        272 bytes,        272 total
: 327684K->4K(368640K), 0.0087211 secs] 1408484K->1080804K(4124672K), 0.0088404 secs] [Times: user=0.05 sys=0.00, real=0.01 secs] 
Heap after GC invocations=495218 (full 2):
 par new generation   total 368640K, used 4K [0x00000006c1c00000, 0x00000006dac00000, 0x00000006dac00000)
  eden space 327680K,   0% used [0x00000006c1c00000, 0x00000006c1c00000, 0x00000006d5c00000)
  from space 40960K,   0% used [0x00000006d5c00000, 0x00000006d5c01020, 0x00000006d8400000)
  to   space 40960K,   0% used [0x00000006d8400000, 0x00000006d8400000, 0x00000006dac00000)
 concurrent mark-sweep generation total 3756032K, used 1080800K [0x00000006dac00000, 0x00000007c0000000, 0x00000007c0000000)
 Metaspace       used 42573K, capacity 43892K, committed 44572K, reserved 1087488K
  class space    used 5454K, capacity 5756K, committed 5960K, reserved 1048576K
}
2020-07-01T08:29:26.122+0200: 399920.765: Total time for which application threads were stopped: 0.0092110 seconds, Stopping threads took: 0.0001309 seconds
{Heap before GC invocations=495218 (full 2):
 par new generation   total 368640K, used 327684K [0x00000006c1c00000, 0x00000006dac00000, 0x00000006dac00000)
  eden space 327680K, 100% used [0x00000006c1c00000, 0x00000006d5c00000, 0x00000006d5c00000)
  from space 40960K,   0% used [0x00000006d5c00000, 0x00000006d5c01020, 0x00000006d8400000)
  to   space 40960K,   0% used [0x00000006d8400000, 0x00000006d8400000, 0x00000006dac00000)
 concurrent mark-sweep generation total 3756032K, used 1080800K [0x00000006dac00000, 0x00000007c0000000, 0x00000007c0000000)
 Metaspace       used 42573K, capacity 43892K, committed 44572K, reserved 1087488K
  class space    used 5454K, capacity 5756K, committed 5960K, reserved 1048576K
2020-07-01T08:29:26.431+0200: 399921.074: [GC (Allocation Failure) 2020-07-01T08:29:26.431+0200: 399921.074: [ParNew
Desired survivor size 20971520 bytes, new threshold 1 (max 1)
- age   1:        240 bytes,        240 total
: 327684K->8K(368640K), 0.0061824 secs] 1408484K->1080808K(4124672K), 0.0062739 secs] [Times: user=0.02 sys=0.00, real=0.00 secs] 
Heap after GC invocations=495219 (full 2):
 par new generation   total 368640K, used 8K [0x00000006c1c00000, 0x00000006dac00000, 0x00000006dac00000)
  eden space 327680K,   0% used [0x00000006c1c00000, 0x00000006c1c00000, 0x00000006d5c00000)
  from space 40960K,   0% used [0x00000006d8400000, 0x00000006d8402040, 0x00000006dac00000)
  to   space 40960K,   0% used [0x00000006d5c00000, 0x00000006d5c00000, 0x00000006d8400000)
 concurrent mark-sweep generation total 3756032K, used 1080800K [0x00000006dac00000, 0x00000007c0000000, 0x00000007c0000000)
 Metaspace       used 42573K, capacity 43892K, committed 44572K, reserved 1087488K
  class space    used 5454K, capacity 5756K, committed 5960K, reserved 1048576K
}
2020-07-01T08:29:26.437+0200: 399921.080: Total time for which application threads were stopped: 0.0075213 seconds, Stopping threads took: 0.0009747 seconds
{Heap before GC invocations=495219 (full 2):
 par new generation   total 368640K, used 327688K [0x00000006c1c00000, 0x00000006dac00000, 0x00000006dac00000)
  eden space 327680K, 100% used [0x00000006c1c00000, 0x00000006d5c00000, 0x00000006d5c00000)
  from space 40960K,   0% used [0x00000006d8400000, 0x00000006d8402040, 0x00000006dac00000)
  to   space 40960K,   0% used [0x00000006d5c00000, 0x00000006d5c00000, 0x00000006d8400000)
 concurrent mark-sweep generation total 3756032K, used 1080800K [0x00000006dac00000, 0x00000007c0000000, 0x00000007c0000000)
 Metaspace       used 42573K, capacity 43892K, committed 44572K, reserved 1087488K
  class space    used 5454K, capacity 5756K, committed 5960K, reserved 1048576K
2020-07-01T08:29:26.727+0200: 399921.370: [GC (Allocation Failure) 2020-07-01T08:29:26.727+0200: 399921.370: [ParNew
Desired survivor size 20971520 bytes, new threshold 1 (max 1)
- age   1:        240 bytes,        240 total
: 327688K->6K(368640K), 0.0093340 secs] 1408488K->1080806K(4124672K), 0.0095110 secs] [Times: user=0.05 sys=0.00, real=0.01 secs] 
Heap after GC invocations=495220 (full 2):
 par new generation   total 368640K, used 6K [0x00000006c1c00000, 0x00000006dac00000, 0x00000006dac00000)
  eden space 327680K,   0% used [0x00000006c1c00000, 0x00000006c1c00000, 0x00000006d5c00000)
  from space 40960K,   0% used [0x00000006d5c00000, 0x00000006d5c01830, 0x00000006d8400000)
  to   space 40960K,   0% used [0x00000006d8400000, 0x00000006d8400000, 0x00000006dac00000)
 concurrent mark-sweep generation total 3756032K, used 1080800K [0x00000006dac00000, 0x00000007c0000000, 0x00000007c0000000)
 Metaspace       used 42573K, capacity 43892K, committed 44572K, reserved 1087488K
  class space    used 5454K, capacity 5756K, committed 5960K, reserved 1048576K
}
2020-07-01T08:29:26.737+0200: 399921.380: Total time for which application threads were stopped: 0.0098131 seconds, Stopping threads took: 0.0000494 seconds
{Heap before GC invocations=495220 (full 2):
 par new generation   total 368640K, used 327686K [0x00000006c1c00000, 0x00000006dac00000, 0x00000006dac00000)
  eden space 327680K, 100% used [0x00000006c1c00000, 0x00000006d5c00000, 0x00000006d5c00000)
  from space 40960K,   0% used [0x00000006d5c00000, 0x00000006d5c01830, 0x00000006d8400000)
  to   space 40960K,   0% used [0x00000006d8400000, 0x00000006d8400000, 0x00000006dac00000)
 concurrent mark-sweep generation total 3756032K, used 1080800K [0x00000006dac00000, 0x00000007c0000000, 0x00000007c0000000)
 Metaspace       used 42573K, capacity 43892K, committed 44572K, reserved 1087488K
  class space    used 5454K, capacity 5756K, committed 5960K, reserved 1048576K
2020-07-01T08:29:27.063+0200: 399921.706: [GC (Allocation Failure) 2020-07-01T08:29:27.063+0200: 399921.706: [ParNew
Desired survivor size 20971520 bytes, new threshold 1 (max 1)
- age   1:        336 bytes,        336 total
: 327686K->8K(368640K), 0.0099647 secs] 1408486K->1080808K(4124672K), 0.0100852 secs] [Times: user=0.06 sys=0.00, real=0.01 secs] 
Heap after GC invocations=495221 (full 2):
 par new generation   total 368640K, used 8K [0x00000006c1c00000, 0x00000006dac00000, 0x00000006dac00000)
  eden space 327680K,   0% used [0x00000006c1c00000, 0x00000006c1c00000, 0x00000006d5c00000)
  from space 40960K,   0% used [0x00000006d8400000, 0x00000006d8402040, 0x00000006dac00000)
  to   space 40960K,   0% used [0x00000006d5c00000, 0x00000006d5c00000, 0x00000006d8400000)
 concurrent mark-sweep generation total 3756032K, used 1080800K [0x00000006dac00000, 0x00000007c0000000, 0x00000007c0000000)
 Metaspace       used 42573K, capacity 43892K, committed 44572K, reserved 1087488K
  class space    used 5454K, capacity 5756K, committed 5960K, reserved 1048576K
}
2020-07-01T08:29:27.074+0200: 399921.716: Total time for which application threads were stopped: 0.0103938 seconds, Stopping threads took: 0.0000541 seconds
{Heap before GC invocations=495221 (full 2):
 par new generation   total 368640K, used 327688K [0x00000006c1c00000, 0x00000006dac00000, 0x00000006dac00000)
  eden space 327680K, 100% used [0x00000006c1c00000, 0x00000006d5c00000, 0x00000006d5c00000)
  from space 40960K,   0% used [0x00000006d8400000, 0x00000006d8402040, 0x00000006dac00000)
  to   space 40960K,   0% used [0x00000006d5c00000, 0x00000006d5c00000, 0x00000006d8400000)
 concurrent mark-sweep generation total 3756032K, used 1080800K [0x00000006dac00000, 0x00000007c0000000, 0x00000007c0000000)
 Metaspace       used 42573K, capacity 43892K, committed 44572K, reserved 1087488K
  class space    used 5454K, capacity 5756K, committed 5960K, reserved 1048576K
2020-07-01T08:29:27.385+0200: 399922.028: [GC (Allocation Failure) 2020-07-01T08:29:27.385+0200: 399922.028: [ParNew
Desired survivor size 20971520 bytes, new threshold 1 (max 1)
- age   1:        240 bytes,        240 total
: 327688K->4K(368640K), 0.0058910 secs] 1408488K->1080804K(4124672K), 0.0061043 secs] [Times: user=0.05 sys=0.00, real=0.01 secs] 
Heap after GC invocations=495222 (full 2):
 par new generation   total 368640K, used 4K [0x00000006c1c00000, 0x00000006dac00000, 0x00000006dac00000)
  eden space 327680K,   0% used [0x00000006c1c00000, 0x00000006c1c00000, 0x00000006d5c00000)
  from space 40960K,   0% used [0x00000006d5c00000, 0x00000006d5c01020, 0x00000006d8400000)
  to   space 40960K,   0% used [0x00000006d8400000, 0x00000006d8400000, 0x00000006dac00000)
 concurrent mark-sweep generation total 3756032K, used 1080800K [0x00000006dac00000, 0x00000007c0000000, 0x00000007c0000000)
 Metaspace       used 42573K, capacity 43892K, committed 44572K, reserved 1087488K
  class space    used 5454K, capacity 5756K, committed 5960K, reserved 1048576K
}
2020-07-01T08:29:27.391+0200: 399922.034: Total time for which application threads were stopped: 0.0065065 seconds, Stopping threads took: 0.0001175 seconds
{Heap before GC invocations=495222 (full 2):
 par new generation   total 368640K, used 327684K [0x00000006c1c00000, 0x00000006dac00000, 0x00000006dac00000)
  eden space 327680K, 100% used [0x00000006c1c00000, 0x00000006d5c00000, 0x00000006d5c00000)
  from space 40960K,   0% used [0x00000006d5c00000, 0x00000006d5c01020, 0x00000006d8400000)
  to   space 40960K,   0% used [0x00000006d8400000, 0x00000006d8400000, 0x00000006dac00000)
 concurrent mark-sweep generation total 3756032K, used 1080800K [0x00000006dac00000, 0x00000007c0000000, 0x00000007c0000000)
 Metaspace       used 42573K, capacity 43892K, committed 44572K, reserved 1087488K
  class space    used 5454K, capacity 5756K, committed 5960K, reserved 1048576K
2020-07-01T08:29:27.707+0200: 399922.350: [GC (Allocation Failure) 2020-07-01T08:29:27.708+0200: 399922.350: [ParNew
Desired survivor size 20971520 bytes, new threshold 1 (max 1)
- age   1:        504 bytes,        504 total
: 327684K->8K(368640K), 0.0061151 secs] 1408484K->1080809K(4124672K), 0.0062250 secs] [Times: user=0.00 sys=0.00, real=0.01 secs] 
Heap after GC invocations=495223 (full 2):
 par new generation   total 368640K, used 8K [0x00000006c1c00000, 0x00000006dac00000, 0x00000006dac00000)
  eden space 327680K,   0% used [0x00000006c1c00000, 0x00000006c1c00000, 0x00000006d5c00000)
  from space 40960K,   0% used [0x00000006d8400000, 0x00000006d8402040, 0x00000006dac00000)
  to   space 40960K,   0% used [0x00000006d5c00000, 0x00000006d5c00000, 0x00000006d8400000)
 concurrent mark-sweep generation total 3756032K, used 1080800K [0x00000006dac00000, 0x00000007c0000000, 0x00000007c0000000)
 Metaspace       used 42573K, capacity 43892K, committed 44572K, reserved 1087488K
  class space    used 5454K, capacity 5756K, committed 5960K, reserved 1048576K
}
2020-07-01T08:29:27.714+0200: 399922.357: Total time for which application threads were stopped: 0.0065649 seconds, Stopping threads took: 0.0000579 seconds
{Heap before GC invocations=495223 (full 2):
 par new generation   total 368640K, used 327688K [0x00000006c1c00000, 0x00000006dac00000, 0x00000006dac00000)
  eden space 327680K, 100% used [0x00000006c1c00000, 0x00000006d5c00000, 0x00000006d5c00000)
  from space 40960K,   0% used [0x00000006d8400000, 0x00000006d8402040, 0x00000006dac00000)
  to   space 40960K,   0% used [0x00000006d5c00000, 0x00000006d5c00000, 0x00000006d8400000)
 concurrent mark-sweep generation total 3756032K, used 1080800K [0x00000006dac00000, 0x00000007c0000000, 0x00000007c0000000)
 Metaspace       used 42573K, capacity 43892K, committed 44572K, reserved 1087488K
  class space    used 5454K, capacity 5756K, committed 5960K, reserved 1048576K
2020-07-01T08:29:28.043+0200: 399922.686: [GC (Allocation Failure) 2020-07-01T08:29:28.043+0200: 399922.686: [ParNew
Desired survivor size 20971520 bytes, new threshold 1 (max 1)
- age   1:        304 bytes,        304 total
: 327688K->4K(368640K), 0.0101837 secs] 1408489K->1080805K(4124672K), 0.0104511 secs] [Times: user=0.00 sys=0.00, real=0.01 secs] 
Heap after GC invocations=495224 (full 2):
 par new generation   total 368640K, used 4K [0x00000006c1c00000, 0x00000006dac00000, 0x00000006dac00000)
  eden space 327680K,   0% used [0x00000006c1c00000, 0x00000006c1c00000, 0x00000006d5c00000)
  from space 40960K,   0% used [0x00000006d5c00000, 0x00000006d5c01020, 0x00000006d8400000)
  to   space 40960K,   0% used [0x00000006d8400000, 0x00000006d8400000, 0x00000006dac00000)
 concurrent mark-sweep generation total 3756032K, used 1080801K [0x00000006dac00000, 0x00000007c0000000, 0x00000007c0000000)
 Metaspace       used 42573K, capacity 43892K, committed 44572K, reserved 1087488K
  class space    used 5454K, capacity 5756K, committed 5960K, reserved 1048576K
}
2020-07-01T08:29:28.054+0200: 399922.697: Total time for which application threads were stopped: 0.0108013 seconds, Stopping threads took: 0.0001114 seconds
{Heap before GC invocations=495224 (full 2):
 par new generation   total 368640K, used 327684K [0x00000006c1c00000, 0x00000006dac00000, 0x00000006dac00000)
  eden space 327680K, 100% used [0x00000006c1c00000, 0x00000006d5c00000, 0x00000006d5c00000)
  from space 40960K,   0% used [0x00000006d5c00000, 0x00000006d5c01020, 0x00000006d8400000)
  to   space 40960K,   0% used [0x00000006d8400000, 0x00000006d8400000, 0x00000006dac00000)
 concurrent mark-sweep generation total 3756032K, used 1080801K [0x00000006dac00000, 0x00000007c0000000, 0x00000007c0000000)
 Metaspace       used 42573K, capacity 43892K, committed 44572K, reserved 1087488K
  class space    used 5454K, capacity 5756K, committed 5960K, reserved 1048576K
2020-07-01T08:29:28.367+0200: 399923.010: [GC (Allocation Failure) 2020-07-01T08:29:28.367+0200: 399923.010: [ParNew
Desired survivor size 20971520 bytes, new threshold 1 (max 1)
- age   1:        240 bytes,        240 total
: 327684K->4K(368640K), 0.0121460 secs] 1408485K->1080805K(4124672K), 0.0122634 secs] [Times: user=0.03 sys=0.00, real=0.02 secs] 
Heap after GC invocations=495225 (full 2):
 par new generation   total 368640K, used 4K [0x00000006c1c00000, 0x00000006dac00000, 0x00000006dac00000)
  eden space 327680K,   0% used [0x00000006c1c00000, 0x00000006c1c00000, 0x00000006d5c00000)
  from space 40960K,   0% used [0x00000006d8400000, 0x00000006d8401020, 0x00000006dac00000)
  to   space 40960K,   0% used [0x00000006d5c00000, 0x00000006d5c00000, 0x00000006d8400000)
 concurrent mark-sweep generation total 3756032K, used 1080801K [0x00000006dac00000, 0x00000007c0000000, 0x00000007c0000000)
 Metaspace       used 42573K, capacity 43892K, committed 44572K, reserved 1087488K
  class space    used 5454K, capacity 5756K, committed 5960K, reserved 1048576K
}
2020-07-01T08:29:28.379+0200: 399923.022: Total time for which application threads were stopped: 0.0125409 seconds, Stopping threads took: 0.0000487 seconds
{Heap before GC invocations=495225 (full 2):
 par new generation   total 368640K, used 327684K [0x00000006c1c00000, 0x00000006dac00000, 0x00000006dac00000)
  eden space 327680K, 100% used [0x00000006c1c00000, 0x00000006d5c00000, 0x00000006d5c00000)
  from space 40960K,   0% used [0x00000006d8400000, 0x00000006d8401020, 0x00000006dac00000)
  to   space 40960K,   0% used [0x00000006d5c00000, 0x00000006d5c00000, 0x00000006d8400000)
 concurrent mark-sweep generation total 3756032K, used 1080801K [0x00000006dac00000, 0x00000007c0000000, 0x00000007c0000000)
 Metaspace       used 42573K, capacity 43892K, committed 44572K, reserved 1087488K
  class space    used 5454K, capacity 5756K, committed 5960K, reserved 1048576K
2020-07-01T08:29:28.671+0200: 399923.314: [GC (Allocation Failure) 2020-07-01T08:29:28.671+0200: 399923.314: [ParNew
Desired survivor size 20971520 bytes, new threshold 1 (max 1)
- age   1:        240 bytes,        240 total
: 327684K->4K(368640K), 0.0095950 secs] 1408485K->1080805K(4124672K), 0.0097001 secs] [Times: user=0.00 sys=0.00, real=0.01 secs] 
Heap after GC invocations=495226 (full 2):
 par new generation   total 368640K, used 4K [0x00000006c1c00000, 0x00000006dac00000, 0x00000006dac00000)
  eden space 327680K,   0% used [0x00000006c1c00000, 0x00000006c1c00000, 0x00000006d5c00000)
  from space 40960K,   0% used [0x00000006d5c00000, 0x00000006d5c01020, 0x00000006d8400000)
  to   space 40960K,   0% used [0x00000006d8400000, 0x00000006d8400000, 0x00000006dac00000)
 concurrent mark-sweep generation total 3756032K, used 1080801K [0x00000006dac00000, 0x00000007c0000000, 0x00000007c0000000)
 Metaspace       used 42573K, capacity 43892K, committed 44572K, reserved 1087488K
  class space    used 5454K, capacity 5756K, committed 5960K, reserved 1048576K
}
2020-07-01T08:29:28.681+0200: 399923.324: Total time for which application threads were stopped: 0.0101331 seconds, Stopping threads took: 0.0001071 seconds
{Heap before GC invocations=495226 (full 2):
 par new generation   total 368640K, used 327684K [0x00000006c1c00000, 0x00000006dac00000, 0x00000006dac00000)
  eden space 327680K, 100% used [0x00000006c1c00000, 0x00000006d5c00000, 0x00000006d5c00000)
  from space 40960K,   0% used [0x00000006d5c00000, 0x00000006d5c01020, 0x00000006d8400000)
  to   space 40960K,   0% used [0x00000006d8400000, 0x00000006d8400000, 0x00000006dac00000)
 concurrent mark-sweep generation total 3756032K, used 1080801K [0x00000006dac00000, 0x00000007c0000000, 0x00000007c0000000)
 Metaspace       used 42573K, capacity 43892K, committed 44572K, reserved 1087488K
  class space    used 5454K, capacity 5756K, committed 5960K, reserved 1048576K
2020-07-01T08:29:28.992+0200: 399923.635: [GC (Allocation Failure) 2020-07-01T08:29:28.992+0200: 399923.635: [ParNew
Desired survivor size 20971520 bytes, new threshold 1 (max 1)
- age   1:        304 bytes,        304 total
: 327684K->4K(368640K), 0.0098913 secs] 1408485K->1080805K(4124672K), 0.0100150 secs] [Times: user=0.03 sys=0.00, real=0.01 secs] 
Heap after GC invocations=495227 (full 2):
 par new generation   total 368640K, used 4K [0x00000006c1c00000, 0x00000006dac00000, 0x00000006dac00000)
  eden space 327680K,   0% used [0x00000006c1c00000, 0x00000006c1c00000, 0x00000006d5c00000)
  from space 40960K,   0% used [0x00000006d8400000, 0x00000006d8401020, 0x00000006dac00000)
  to   space 40960K,   0% used [0x00000006d5c00000, 0x00000006d5c00000, 0x00000006d8400000)
 concurrent mark-sweep generation total 3756032K, used 1080801K [0x00000006dac00000, 0x00000007c0000000, 0x00000007c0000000)
 Metaspace       used 42573K, capacity 43892K, committed 44572K, reserved 1087488K
  class space    used 5454K, capacity 5756K, committed 5960K, reserved 1048576K
}
2020-07-01T08:29:29.002+0200: 399923.645: Total time for which application threads were stopped: 0.0103671 seconds, Stopping threads took: 0.0000982 seconds
{Heap before GC invocations=495227 (full 2):
 par new generation   total 368640K, used 327684K [0x00000006c1c00000, 0x00000006dac00000, 0x00000006dac00000)
  eden space 327680K, 100% used [0x00000006c1c00000, 0x00000006d5c00000, 0x00000006d5c00000)
  from space 40960K,   0% used [0x00000006d8400000, 0x00000006d8401020, 0x00000006dac00000)
  to   space 40960K,   0% used [0x00000006d5c00000, 0x00000006d5c00000, 0x00000006d8400000)
 concurrent mark-sweep generation total 3756032K, used 1080801K [0x00000006dac00000, 0x00000007c0000000, 0x00000007c0000000)
 Metaspace       used 42573K, capacity 43892K, committed 44572K, reserved 1087488K
  class space    used 5454K, capacity 5756K, committed 5960K, reserved 1048576K
2020-07-01T08:29:29.279+0200: 399923.922: [GC (Allocation Failure) 2020-07-01T08:29:29.279+0200: 399923.922: [ParNew
Desired survivor size 20971520 bytes, new threshold 1 (max 1)
- age   1:        240 bytes,        240 total
: 327684K->4K(368640K), 0.0109921 secs] 1408485K->1080805K(4124672K), 0.0111034 secs] [Times: user=0.00 sys=0.00, real=0.01 secs] 
Heap after GC invocations=495228 (full 2):
 par new generation   total 368640K, used 4K [0x00000006c1c00000, 0x00000006dac00000, 0x00000006dac00000)
  eden space 327680K,   0% used [0x00000006c1c00000, 0x00000006c1c00000, 0x00000006d5c00000)
  from space 40960K,   0% used [0x00000006d5c00000, 0x00000006d5c01020, 0x00000006d8400000)
  to   space 40960K,   0% used [0x00000006d8400000, 0x00000006d8400000, 0x00000006dac00000)
 concurrent mark-sweep generation total 3756032K, used 1080801K [0x00000006dac00000, 0x00000007c0000000, 0x00000007c0000000)
 Metaspace       used 42573K, capacity 43892K, committed 44572K, reserved 1087488K
  class space    used 5454K, capacity 5756K, committed 5960K, reserved 1048576K
}
2020-07-01T08:29:29.290+0200: 399923.933: Total time for which application threads were stopped: 0.0114824 seconds, Stopping threads took: 0.0001381 seconds
{Heap before GC invocations=495228 (full 2):
 par new generation   total 368640K, used 327684K [0x00000006c1c00000, 0x00000006dac00000, 0x00000006dac00000)
  eden space 327680K, 100% used [0x00000006c1c00000, 0x00000006d5c00000, 0x00000006d5c00000)
  from space 40960K,   0% used [0x00000006d5c00000, 0x00000006d5c01020, 0x00000006d8400000)
  to   space 40960K,   0% used [0x00000006d8400000, 0x00000006d8400000, 0x00000006dac00000)
 concurrent mark-sweep generation total 3756032K, used 1080801K [0x00000006dac00000, 0x00000007c0000000, 0x00000007c0000000)
 Metaspace       used 42573K, capacity 43892K, committed 44572K, reserved 1087488K
  class space    used 5454K, capacity 5756K, committed 5960K, reserved 1048576K
2020-07-01T08:29:29.632+0200: 399924.275: [GC (Allocation Failure) 2020-07-01T08:29:29.632+0200: 399924.275: [ParNew
Desired survivor size 20971520 bytes, new threshold 1 (max 1)
- age   1:        304 bytes,        304 total
: 327684K->4K(368640K), 0.0119076 secs] 1408485K->1080805K(4124672K), 0.0120377 secs] [Times: user=0.01 sys=0.00, real=0.01 secs] 
Heap after GC invocations=495229 (full 2):
 par new generation   total 368640K, used 4K [0x00000006c1c00000, 0x00000006dac00000, 0x00000006dac00000)
  eden space 327680K,   0% used [0x00000006c1c00000, 0x00000006c1c00000, 0x00000006d5c00000)
  from space 40960K,   0% used [0x00000006d8400000, 0x00000006d8401020, 0x00000006dac00000)
  to   space 40960K,   0% used [0x00000006d5c00000, 0x00000006d5c00000, 0x00000006d8400000)
 concurrent mark-sweep generation total 3756032K, used 1080801K [0x00000006dac00000, 0x00000007c0000000, 0x00000007c0000000)
 Metaspace       used 42573K, capacity 43892K, committed 44572K, reserved 1087488K
  class space    used 5454K, capacity 5756K, committed 5960K, reserved 1048576K
}
2020-07-01T08:29:29.644+0200: 399924.287: Total time for which application threads were stopped: 0.0123667 seconds, Stopping threads took: 0.0000947 seconds
{Heap before GC invocations=495229 (full 2):
 par new generation   total 368640K, used 327684K [0x00000006c1c00000, 0x00000006dac00000, 0x00000006dac00000)
  eden space 327680K, 100% used [0x00000006c1c00000, 0x00000006d5c00000, 0x00000006d5c00000)
  from space 40960K,   0% used [0x00000006d8400000, 0x00000006d8401020, 0x00000006dac00000)
  to   space 40960K,   0% used [0x00000006d5c00000, 0x00000006d5c00000, 0x00000006d8400000)
 concurrent mark-sweep generation total 3756032K, used 1080801K [0x00000006dac00000, 0x00000007c0000000, 0x00000007c0000000)
 Metaspace       used 42573K, capacity 43892K, committed 44572K, reserved 1087488K
  class space    used 5454K, capacity 5756K, committed 5960K, reserved 1048576K
2020-07-01T08:29:29.916+0200: 399924.559: [GC (Allocation Failure) 2020-07-01T08:29:29.916+0200: 399924.559: [ParNew
Desired survivor size 20971520 bytes, new threshold 1 (max 1)
- age   1:        304 bytes,        304 total
: 327684K->2K(368640K), 0.0171158 secs] 1408485K->1080803K(4124672K), 0.0172450 secs] [Times: user=0.03 sys=0.00, real=0.02 secs] 
Heap after GC invocations=495230 (full 2):
 par new generation   total 368640K, used 2K [0x00000006c1c00000, 0x00000006dac00000, 0x00000006dac00000)
  eden space 327680K,   0% used [0x00000006c1c00000, 0x00000006c1c00000, 0x00000006d5c00000)
  from space 40960K,   0% used [0x00000006d5c00000, 0x00000006d5c00810, 0x00000006d8400000)
  to   space 40960K,   0% used [0x00000006d8400000, 0x00000006d8400000, 0x00000006dac00000)
 concurrent mark-sweep generation total 3756032K, used 1080801K [0x00000006dac00000, 0x00000007c0000000, 0x00000007c0000000)
 Metaspace       used 42573K, capacity 43892K, committed 44572K, reserved 1087488K
  class space    used 5454K, capacity 5756K, committed 5960K, reserved 1048576K
}
2020-07-01T08:29:29.933+0200: 399924.576: Total time for which application threads were stopped: 0.0175234 seconds, Stopping threads took: 0.0000485 seconds
{Heap before GC invocations=495230 (full 2):
 par new generation   total 368640K, used 327682K [0x00000006c1c00000, 0x00000006dac00000, 0x00000006dac00000)
  eden space 327680K, 100% used [0x00000006c1c00000, 0x00000006d5c00000, 0x00000006d5c00000)
  from space 40960K,   0% used [0x00000006d5c00000, 0x00000006d5c00810, 0x00000006d8400000)
  to   space 40960K,   0% used [0x00000006d8400000, 0x00000006d8400000, 0x00000006dac00000)
 concurrent mark-sweep generation total 3756032K, used 1080801K [0x00000006dac00000, 0x00000007c0000000, 0x00000007c0000000)
 Metaspace       used 42573K, capacity 43892K, committed 44572K, reserved 1087488K
  class space    used 5454K, capacity 5756K, committed 5960K, reserved 1048576K
2020-07-01T08:29:30.277+0200: 399924.919: [GC (Allocation Failure) 2020-07-01T08:29:30.277+0200: 399924.919: [ParNew
Desired survivor size 20971520 bytes, new threshold 1 (max 1)
- age   1:        240 bytes,        240 total
: 327682K->4K(368640K), 0.0137319 secs] 1408483K->1080805K(4124672K), 0.0139727 secs] [Times: user=0.00 sys=0.00, real=0.02 secs] 
Heap after GC invocations=495231 (full 2):
 par new generation   total 368640K, used 4K [0x00000006c1c00000, 0x00000006dac00000, 0x00000006dac00000)
  eden space 327680K,   0% used [0x00000006c1c00000, 0x00000006c1c00000, 0x00000006d5c00000)
  from space 40960K,   0% used [0x00000006d8400000, 0x00000006d8401020, 0x00000006dac00000)
  to   space 40960K,   0% used [0x00000006d5c00000, 0x00000006d5c00000, 0x00000006d8400000)
 concurrent mark-sweep generation total 3756032K, used 1080801K [0x00000006dac00000, 0x00000007c0000000, 0x00000007c0000000)
 Metaspace       used 42573K, capacity 43892K, committed 44572K, reserved 1087488K
  class space    used 5454K, capacity 5756K, committed 5960K, reserved 1048576K
}
2020-07-01T08:29:30.291+0200: 399924.933: Total time for which application threads were stopped: 0.0143795 seconds, Stopping threads took: 0.0001594 seconds
{Heap before GC invocations=495231 (full 2):
 par new generation   total 368640K, used 327684K [0x00000006c1c00000, 0x00000006dac00000, 0x00000006dac00000)
  eden space 327680K, 100% used [0x00000006c1c00000, 0x00000006d5c00000, 0x00000006d5c00000)
  from space 40960K,   0% used [0x00000006d8400000, 0x00000006d8401020, 0x00000006dac00000)
  to   space 40960K,   0% used [0x00000006d5c00000, 0x00000006d5c00000, 0x00000006d8400000)
 concurrent mark-sweep generation total 3756032K, used 1080801K [0x00000006dac00000, 0x00000007c0000000, 0x00000007c0000000)
 Metaspace       used 42573K, capacity 43892K, committed 44572K, reserved 1087488K
  class space    used 5454K, capacity 5756K, committed 5960K, reserved 1048576K
2020-07-01T08:29:30.571+0200: 399925.214: [GC (Allocation Failure) 2020-07-01T08:29:30.572+0200: 399925.214: [ParNew
Desired survivor size 20971520 bytes, new threshold 1 (max 1)
- age   1:        240 bytes,        240 total
: 327684K->2K(368640K), 0.0168497 secs] 1408485K->1080803K(4124672K), 0.0169803 secs] [Times: user=0.01 sys=0.00, real=0.02 secs] 
Heap after GC invocations=495232 (full 2):
 par new generation   total 368640K, used 2K [0x00000006c1c00000, 0x00000006dac00000, 0x00000006dac00000)
  eden space 327680K,   0% used [0x00000006c1c00000, 0x00000006c1c00000, 0x00000006d5c00000)
  from space 40960K,   0% used [0x00000006d5c00000, 0x00000006d5c00810, 0x00000006d8400000)
  to   space 40960K,   0% used [0x00000006d8400000, 0x00000006d8400000, 0x00000006dac00000)
 concurrent mark-sweep generation total 3756032K, used 1080801K [0x00000006dac00000, 0x00000007c0000000, 0x00000007c0000000)
 Metaspace       used 42573K, capacity 43892K, committed 44572K, reserved 1087488K
  class space    used 5454K, capacity 5756K, committed 5960K, reserved 1048576K
}
2020-07-01T08:29:30.589+0200: 399925.231: Total time for which application threads were stopped: 0.0173159 seconds, Stopping threads took: 0.0000972 seconds
{Heap before GC invocations=495232 (full 2):
 par new generation   total 368640K, used 327682K [0x00000006c1c00000, 0x00000006dac00000, 0x00000006dac00000)
  eden space 327680K, 100% used [0x00000006c1c00000, 0x00000006d5c00000, 0x00000006d5c00000)
  from space 40960K,   0% used [0x00000006d5c00000, 0x00000006d5c00810, 0x00000006d8400000)
  to   space 40960K,   0% used [0x00000006d8400000, 0x00000006d8400000, 0x00000006dac00000)
 concurrent mark-sweep generation total 3756032K, used 1080801K [0x00000006dac00000, 0x00000007c0000000, 0x00000007c0000000)
 Metaspace       used 42573K, capacity 43892K, committed 44572K, reserved 1087488K
  class space    used 5454K, capacity 5756K, committed 5960K, reserved 1048576K
2020-07-01T08:29:30.889+0200: 399925.532: [GC (Allocation Failure) 2020-07-01T08:29:30.889+0200: 399925.532: [ParNew
Desired survivor size 20971520 bytes, new threshold 1 (max 1)
- age   1:        304 bytes,        304 total
: 327682K->4K(368640K), 0.0089816 secs] 1408483K->1080805K(4124672K), 0.0091196 secs] [Times: user=0.00 sys=0.00, real=0.01 secs] 
Heap after GC invocations=495233 (full 2):
 par new generation   total 368640K, used 4K [0x00000006c1c00000, 0x00000006dac00000, 0x00000006dac00000)
  eden space 327680K,   0% used [0x00000006c1c00000, 0x00000006c1c00000, 0x00000006d5c00000)
  from space 40960K,   0% used [0x00000006d8400000, 0x00000006d8401020, 0x00000006dac00000)
  to   space 40960K,   0% used [0x00000006d5c00000, 0x00000006d5c00000, 0x00000006d8400000)
 concurrent mark-sweep generation total 3756032K, used 1080801K [0x00000006dac00000, 0x00000007c0000000, 0x00000007c0000000)
 Metaspace       used 42573K, capacity 43892K, committed 44572K, reserved 1087488K
  class space    used 5454K, capacity 5756K, committed 5960K, reserved 1048576K
}
2020-07-01T08:29:30.899+0200: 399925.541: Total time for which application threads were stopped: 0.0096106 seconds, Stopping threads took: 0.0001061 seconds
{Heap before GC invocations=495233 (full 2):
 par new generation   total 368640K, used 327684K [0x00000006c1c00000, 0x00000006dac00000, 0x00000006dac00000)
  eden space 327680K, 100% used [0x00000006c1c00000, 0x00000006d5c00000, 0x00000006d5c00000)
  from space 40960K,   0% used [0x00000006d8400000, 0x00000006d8401020, 0x00000006dac00000)
  to   space 40960K,   0% used [0x00000006d5c00000, 0x00000006d5c00000, 0x00000006d8400000)
 concurrent mark-sweep generation total 3756032K, used 1080801K [0x00000006dac00000, 0x00000007c0000000, 0x00000007c0000000)
 Metaspace       used 42573K, capacity 43892K, committed 44572K, reserved 1087488K
  class space    used 5454K, capacity 5756K, committed 5960K, reserved 1048576K
2020-07-01T08:29:31.215+0200: 399925.858: [GC (Allocation Failure) 2020-07-01T08:29:31.215+0200: 399925.858: [ParNew
Desired survivor size 20971520 bytes, new threshold 1 (max 1)
- age   1:        240 bytes,        240 total
: 327684K->6K(368640K), 0.0189970 secs] 1408485K->1080807K(4124672K), 0.0191268 secs] [Times: user=0.00 sys=0.00, real=0.02 secs] 
Heap after GC invocations=495234 (full 2):
 par new generation   total 368640K, used 6K [0x00000006c1c00000, 0x00000006dac00000, 0x00000006dac00000)
  eden space 327680K,   0% used [0x00000006c1c00000, 0x00000006c1c00000, 0x00000006d5c00000)
  from space 40960K,   0% used [0x00000006d5c00000, 0x00000006d5c01830, 0x00000006d8400000)
  to   space 40960K,   0% used [0x00000006d8400000, 0x00000006d8400000, 0x00000006dac00000)
 concurrent mark-sweep generation total 3756032K, used 1080801K [0x00000006dac00000, 0x00000007c0000000, 0x00000007c0000000)
 Metaspace       used 42573K, capacity 43892K, committed 44572K, reserved 1087488K
  class space    used 5454K, capacity 5756K, committed 5960K, reserved 1048576K
}
2020-07-01T08:29:31.234+0200: 399925.877: Total time for which application threads were stopped: 0.0194681 seconds, Stopping threads took: 0.0000972 seconds
{Heap before GC invocations=495234 (full 2):
 par new generation   total 368640K, used 327686K [0x00000006c1c00000, 0x00000006dac00000, 0x00000006dac00000)
  eden space 327680K, 100% used [0x00000006c1c00000, 0x00000006d5c00000, 0x00000006d5c00000)
  from space 40960K,   0% used [0x00000006d5c00000, 0x00000006d5c01830, 0x00000006d8400000)
  to   space 40960K,   0% used [0x00000006d8400000, 0x00000006d8400000, 0x00000006dac00000)
 concurrent mark-sweep generation total 3756032K, used 1080801K [0x00000006dac00000, 0x00000007c0000000, 0x00000007c0000000)
 Metaspace       used 42573K, capacity 43892K, committed 44572K, reserved 1087488K
  class space    used 5454K, capacity 5756K, committed 5960K, reserved 1048576K
2020-07-01T08:29:31.534+0200: 399926.176: [GC (Allocation Failure) 2020-07-01T08:29:31.534+0200: 399926.177: [ParNew
Desired survivor size 20971520 bytes, new threshold 1 (max 1)
- age   1:        272 bytes,        272 total
: 327686K->4K(368640K), 0.0108681 secs] 1408487K->1080805K(4124672K), 0.0109862 secs] [Times: user=0.03 sys=0.00, real=0.01 secs] 
Heap after GC invocations=495235 (full 2):
 par new generation   total 368640K, used 4K [0x00000006c1c00000, 0x00000006dac00000, 0x00000006dac00000)
  eden space 327680K,   0% used [0x00000006c1c00000, 0x00000006c1c00000, 0x00000006d5c00000)
  from space 40960K,   0% used [0x00000006d8400000, 0x00000006d8401020, 0x00000006dac00000)
  to   space 40960K,   0% used [0x00000006d5c00000, 0x00000006d5c00000, 0x00000006d8400000)
 concurrent mark-sweep generation total 3756032K, used 1080801K [0x00000006dac00000, 0x00000007c0000000, 0x00000007c0000000)
 Metaspace       used 42573K, capacity 43892K, committed 44572K, reserved 1087488K
  class space    used 5454K, capacity 5756K, committed 5960K, reserved 1048576K
}
2020-07-01T08:29:31.545+0200: 399926.188: Total time for which application threads were stopped: 0.0113594 seconds, Stopping threads took: 0.0001155 seconds
{Heap before GC invocations=495235 (full 2):
 par new generation   total 368640K, used 327684K [0x00000006c1c00000, 0x00000006dac00000, 0x00000006dac00000)
  eden space 327680K, 100% used [0x00000006c1c00000, 0x00000006d5c00000, 0x00000006d5c00000)
  from space 40960K,   0% used [0x00000006d8400000, 0x00000006d8401020, 0x00000006dac00000)
  to   space 40960K,   0% used [0x00000006d5c00000, 0x00000006d5c00000, 0x00000006d8400000)
 concurrent mark-sweep generation total 3756032K, used 1080801K [0x00000006dac00000, 0x00000007c0000000, 0x00000007c0000000)
 Metaspace       used 42573K, capacity 43892K, committed 44572K, reserved 1087488K
  class space    used 5454K, capacity 5756K, committed 5960K, reserved 1048576K
2020-07-01T08:29:31.815+0200: 399926.458: [GC (Allocation Failure) 2020-07-01T08:29:31.816+0200: 399926.458: [ParNew
Desired survivor size 20971520 bytes, new threshold 1 (max 1)
- age   1:        272 bytes,        272 total
: 327684K->4K(368640K), 0.0117759 secs] 1408485K->1080805K(4124672K), 0.0119060 secs] [Times: user=0.03 sys=0.00, real=0.01 secs] 
Heap after GC invocations=495236 (full 2):
 par new generation   total 368640K, used 4K [0x00000006c1c00000, 0x00000006dac00000, 0x00000006dac00000)
  eden space 327680K,   0% used [0x00000006c1c00000, 0x00000006c1c00000, 0x00000006d5c00000)
  from space 40960K,   0% used [0x00000006d5c00000, 0x00000006d5c01020, 0x00000006d8400000)
  to   space 40960K,   0% used [0x00000006d8400000, 0x00000006d8400000, 0x00000006dac00000)
 concurrent mark-sweep generation total 3756032K, used 1080801K [0x00000006dac00000, 0x00000007c0000000, 0x00000007c0000000)
 Metaspace       used 42573K, capacity 43892K, committed 44572K, reserved 1087488K
  class space    used 5454K, capacity 5756K, committed 5960K, reserved 1048576K
}
2020-07-01T08:29:31.827+0200: 399926.470: Total time for which application threads were stopped: 0.0123725 seconds, Stopping threads took: 0.0001780 seconds
{Heap before GC invocations=495236 (full 2):
 par new generation   total 368640K, used 327684K [0x00000006c1c00000, 0x00000006dac00000, 0x00000006dac00000)
  eden space 327680K, 100% used [0x00000006c1c00000, 0x00000006d5c00000, 0x00000006d5c00000)
  from space 40960K,   0% used [0x00000006d5c00000, 0x00000006d5c01020, 0x00000006d8400000)
  to   space 40960K,   0% used [0x00000006d8400000, 0x00000006d8400000, 0x00000006dac00000)
 concurrent mark-sweep generation total 3756032K, used 1080801K [0x00000006dac00000, 0x00000007c0000000, 0x00000007c0000000)
 Metaspace       used 42573K, capacity 43892K, committed 44572K, reserved 1087488K
  class space    used 5454K, capacity 5756K, committed 5960K, reserved 1048576K
2020-07-01T08:29:32.128+0200: 399926.771: [GC (Allocation Failure) 2020-07-01T08:29:32.128+0200: 399926.771: [ParNew
Desired survivor size 20971520 bytes, new threshold 1 (max 1)
- age   1:        304 bytes,        304 total
: 327684K->4K(368640K), 0.0109127 secs] 1408485K->1080805K(4124672K), 0.0110677 secs] [Times: user=0.03 sys=0.00, real=0.01 secs] 
Heap after GC invocations=495237 (full 2):
 par new generation   total 368640K, used 4K [0x00000006c1c00000, 0x00000006dac00000, 0x00000006dac00000)
  eden space 327680K,   0% used [0x00000006c1c00000, 0x00000006c1c00000, 0x00000006d5c00000)
  from space 40960K,   0% used [0x00000006d8400000, 0x00000006d8401020, 0x00000006dac00000)
  to   space 40960K,   0% used [0x00000006d5c00000, 0x00000006d5c00000, 0x00000006d8400000)
 concurrent mark-sweep generation total 3756032K, used 1080801K [0x00000006dac00000, 0x00000007c0000000, 0x00000007c0000000)
 Metaspace       used 42573K, capacity 43892K, committed 44572K, reserved 1087488K
  class space    used 5454K, capacity 5756K, committed 5960K, reserved 1048576K
}
2020-07-01T08:29:32.139+0200: 399926.782: Total time for which application threads were stopped: 0.0114258 seconds, Stopping threads took: 0.0001062 seconds
{Heap before GC invocations=495237 (full 2):
 par new generation   total 368640K, used 327684K [0x00000006c1c00000, 0x00000006dac00000, 0x00000006dac00000)
  eden space 327680K, 100% used [0x00000006c1c00000, 0x00000006d5c00000, 0x00000006d5c00000)
  from space 40960K,   0% used [0x00000006d8400000, 0x00000006d8401020, 0x00000006dac00000)
  to   space 40960K,   0% used [0x00000006d5c00000, 0x00000006d5c00000, 0x00000006d8400000)
 concurrent mark-sweep generation total 3756032K, used 1080801K [0x00000006dac00000, 0x00000007c0000000, 0x00000007c0000000)
 Metaspace       used 42573K, capacity 43892K, committed 44572K, reserved 1087488K
  class space    used 5454K, capacity 5756K, committed 5960K, reserved 1048576K
2020-07-01T08:29:32.422+0200: 399927.065: [GC (Allocation Failure) 2020-07-01T08:29:32.423+0200: 399927.065: [ParNew
Desired survivor size 20971520 bytes, new threshold 1 (max 1)
- age   1:        240 bytes,        240 total
: 327684K->2K(368640K), 0.0256711 secs] 1408485K->1080803K(4124672K), 0.0257950 secs] [Times: user=0.02 sys=0.00, real=0.03 secs] 
Heap after GC invocations=495238 (full 2):
 par new generation   total 368640K, used 2K [0x00000006c1c00000, 0x00000006dac00000, 0x00000006dac00000)
  eden space 327680K,   0% used [0x00000006c1c00000, 0x00000006c1c00000, 0x00000006d5c00000)
  from space 40960K,   0% used [0x00000006d5c00000, 0x00000006d5c00810, 0x00000006d8400000)
  to   space 40960K,   0% used [0x00000006d8400000, 0x00000006d8400000, 0x00000006dac00000)
 concurrent mark-sweep generation total 3756032K, used 1080801K [0x00000006dac00000, 0x00000007c0000000, 0x00000007c0000000)
 Metaspace       used 42573K, capacity 43892K, committed 44572K, reserved 1087488K
  class space    used 5454K, capacity 5756K, committed 5960K, reserved 1048576K
}
2020-07-01T08:29:32.448+0200: 399927.091: Total time for which application threads were stopped: 0.0260819 seconds, Stopping threads took: 0.0000488 seconds
{Heap before GC invocations=495238 (full 2):
 par new generation   total 368640K, used 327682K [0x00000006c1c00000, 0x00000006dac00000, 0x00000006dac00000)
  eden space 327680K, 100% used [0x00000006c1c00000, 0x00000006d5c00000, 0x00000006d5c00000)
  from space 40960K,   0% used [0x00000006d5c00000, 0x00000006d5c00810, 0x00000006d8400000)
  to   space 40960K,   0% used [0x00000006d8400000, 0x00000006d8400000, 0x00000006dac00000)
 concurrent mark-sweep generation total 3756032K, used 1080801K [0x00000006dac00000, 0x00000007c0000000, 0x00000007c0000000)
 Metaspace       used 42573K, capacity 43892K, committed 44572K, reserved 1087488K
  class space    used 5454K, capacity 5756K, committed 5960K, reserved 1048576K
2020-07-01T08:29:32.769+0200: 399927.412: [GC (Allocation Failure) 2020-07-01T08:29:32.770+0200: 399927.412: [ParNew
Desired survivor size 20971520 bytes, new threshold 1 (max 1)
- age   1:        272 bytes,        272 total
: 327682K->4K(368640K), 0.0097824 secs] 1408483K->1080805K(4124672K), 0.0099033 secs] [Times: user=0.03 sys=0.00, real=0.01 secs] 
Heap after GC invocations=495239 (full 2):
 par new generation   total 368640K, used 4K [0x00000006c1c00000, 0x00000006dac00000, 0x00000006dac00000)
  eden space 327680K,   0% used [0x00000006c1c00000, 0x00000006c1c00000, 0x00000006d5c00000)
  from space 40960K,   0% used [0x00000006d8400000, 0x00000006d8401020, 0x00000006dac00000)
  to   space 40960K,   0% used [0x00000006d5c00000, 0x00000006d5c00000, 0x00000006d8400000)
 concurrent mark-sweep generation total 3756032K, used 1080801K [0x00000006dac00000, 0x00000007c0000000, 0x00000007c0000000)
 Metaspace       used 42573K, capacity 43892K, committed 44572K, reserved 1087488K
  class space    used 5454K, capacity 5756K, committed 5960K, reserved 1048576K
}
2020-07-01T08:29:32.779+0200: 399927.422: Total time for which application threads were stopped: 0.0104657 seconds, Stopping threads took: 0.0002518 seconds
{Heap before GC invocations=495239 (full 2):
 par new generation   total 368640K, used 327684K [0x00000006c1c00000, 0x00000006dac00000, 0x00000006dac00000)
  eden space 327680K, 100% used [0x00000006c1c00000, 0x00000006d5c00000, 0x00000006d5c00000)
  from space 40960K,   0% used [0x00000006d8400000, 0x00000006d8401020, 0x00000006dac00000)
  to   space 40960K,   0% used [0x00000006d5c00000, 0x00000006d5c00000, 0x00000006d8400000)
 concurrent mark-sweep generation total 3756032K, used 1080801K [0x00000006dac00000, 0x00000007c0000000, 0x00000007c0000000)
 Metaspace       used 42573K, capacity 43892K, committed 44572K, reserved 1087488K
  class space    used 5454K, capacity 5756K, committed 5960K, reserved 1048576K
2020-07-01T08:29:33.081+0200: 399927.724: [GC (Allocation Failure) 2020-07-01T08:29:33.081+0200: 399927.724: [ParNew
Desired survivor size 20971520 bytes, new threshold 1 (max 1)
- age   1:        304 bytes,        304 total
: 327684K->2K(368640K), 0.0277920 secs] 1408485K->1080803K(4124672K), 0.0279295 secs] [Times: user=0.03 sys=0.00, real=0.03 secs] 
Heap after GC invocations=495240 (full 2):
 par new generation   total 368640K, used 2K [0x00000006c1c00000, 0x00000006dac00000, 0x00000006dac00000)
  eden space 327680K,   0% used [0x00000006c1c00000, 0x00000006c1c00000, 0x00000006d5c00000)
  from space 40960K,   0% used [0x00000006d5c00000, 0x00000006d5c00810, 0x00000006d8400000)
  to   space 40960K,   0% used [0x00000006d8400000, 0x00000006d8400000, 0x00000006dac00000)
 concurrent mark-sweep generation total 3756032K, used 1080801K [0x00000006dac00000, 0x00000007c0000000, 0x00000007c0000000)
 Metaspace       used 42573K, capacity 43892K, committed 44572K, reserved 1087488K
  class space    used 5454K, capacity 5756K, committed 5960K, reserved 1048576K
}
2020-07-01T08:29:33.109+0200: 399927.752: Total time for which application threads were stopped: 0.0282278 seconds, Stopping threads took: 0.0000658 seconds
{Heap before GC invocations=495240 (full 2):
 par new generation   total 368640K, used 327682K [0x00000006c1c00000, 0x00000006dac00000, 0x00000006dac00000)
  eden space 327680K, 100% used [0x00000006c1c00000, 0x00000006d5c00000, 0x00000006d5c00000)
  from space 40960K,   0% used [0x00000006d5c00000, 0x00000006d5c00810, 0x00000006d8400000)
  to   space 40960K,   0% used [0x00000006d8400000, 0x00000006d8400000, 0x00000006dac00000)
 concurrent mark-sweep generation total 3756032K, used 1080801K [0x00000006dac00000, 0x00000007c0000000, 0x00000007c0000000)
 Metaspace       used 42573K, capacity 43892K, committed 44572K, reserved 1087488K
  class space    used 5454K, capacity 5756K, committed 5960K, reserved 1048576K
2020-07-01T08:29:33.391+0200: 399928.034: [GC (Allocation Failure) 2020-07-01T08:29:33.391+0200: 399928.034: [ParNew
Desired survivor size 20971520 bytes, new threshold 1 (max 1)
- age   1:        240 bytes,        240 total
: 327682K->4K(368640K), 0.0080079 secs] 1408483K->1080805K(4124672K), 0.0081657 secs] [Times: user=0.00 sys=0.00, real=0.01 secs] 
Heap after GC invocations=495241 (full 2):
 par new generation   total 368640K, used 4K [0x00000006c1c00000, 0x00000006dac00000, 0x00000006dac00000)
  eden space 327680K,   0% used [0x00000006c1c00000, 0x00000006c1c00000, 0x00000006d5c00000)
  from space 40960K,   0% used [0x00000006d8400000, 0x00000006d8401020, 0x00000006dac00000)
  to   space 40960K,   0% used [0x00000006d5c00000, 0x00000006d5c00000, 0x00000006d8400000)
 concurrent mark-sweep generation total 3756032K, used 1080801K [0x00000006dac00000, 0x00000007c0000000, 0x00000007c0000000)
 Metaspace       used 42573K, capacity 43892K, committed 44572K, reserved 1087488K
  class space    used 5454K, capacity 5756K, committed 5960K, reserved 1048576K
}
2020-07-01T08:29:33.399+0200: 399928.042: Total time for which application threads were stopped: 0.0085514 seconds, Stopping threads took: 0.0000498 seconds
{Heap before GC invocations=495241 (full 2):
 par new generation   total 368640K, used 327684K [0x00000006c1c00000, 0x00000006dac00000, 0x00000006dac00000)
  eden space 327680K, 100% used [0x00000006c1c00000, 0x00000006d5c00000, 0x00000006d5c00000)
  from space 40960K,   0% used [0x00000006d8400000, 0x00000006d8401020, 0x00000006dac00000)
  to   space 40960K,   0% used [0x00000006d5c00000, 0x00000006d5c00000, 0x00000006d8400000)
 concurrent mark-sweep generation total 3756032K, used 1080801K [0x00000006dac00000, 0x00000007c0000000, 0x00000007c0000000)
 Metaspace       used 42573K, capacity 43892K, committed 44572K, reserved 1087488K
  class space    used 5454K, capacity 5756K, committed 5960K, reserved 1048576K
2020-07-01T08:29:33.686+0200: 399928.329: [GC (Allocation Failure) 2020-07-01T08:29:33.686+0200: 399928.329: [ParNew
Desired survivor size 20971520 bytes, new threshold 1 (max 1)
- age   1:        240 bytes,        240 total
: 327684K->4K(368640K), 0.0119356 secs] 1408485K->1080805K(4124672K), 0.0120617 secs] [Times: user=0.00 sys=0.00, real=0.02 secs] 
Heap after GC invocations=495242 (full 2):
 par new generation   total 368640K, used 4K [0x00000006c1c00000, 0x00000006dac00000, 0x00000006dac00000)
  eden space 327680K,   0% used [0x00000006c1c00000, 0x00000006c1c00000, 0x00000006d5c00000)
  from space 40960K,   0% used [0x00000006d5c00000, 0x00000006d5c01020, 0x00000006d8400000)
  to   space 40960K,   0% used [0x00000006d8400000, 0x00000006d8400000, 0x00000006dac00000)
 concurrent mark-sweep generation total 3756032K, used 1080801K [0x00000006dac00000, 0x00000007c0000000, 0x00000007c0000000)
 Metaspace       used 42573K, capacity 43892K, committed 44572K, reserved 1087488K
  class space    used 5454K, capacity 5756K, committed 5960K, reserved 1048576K
}
2020-07-01T08:29:33.698+0200: 399928.341: Total time for which application threads were stopped: 0.0124871 seconds, Stopping threads took: 0.0001923 seconds
{Heap before GC invocations=495242 (full 2):
 par new generation   total 368640K, used 327684K [0x00000006c1c00000, 0x00000006dac00000, 0x00000006dac00000)
  eden space 327680K, 100% used [0x00000006c1c00000, 0x00000006d5c00000, 0x00000006d5c00000)
  from space 40960K,   0% used [0x00000006d5c00000, 0x00000006d5c01020, 0x00000006d8400000)
  to   space 40960K,   0% used [0x00000006d8400000, 0x00000006d8400000, 0x00000006dac00000)
 concurrent mark-sweep generation total 3756032K, used 1080801K [0x00000006dac00000, 0x00000007c0000000, 0x00000007c0000000)
 Metaspace       used 42573K, capacity 43892K, committed 44572K, reserved 1087488K
  class space    used 5454K, capacity 5756K, committed 5960K, reserved 1048576K
2020-07-01T08:29:33.991+0200: 399928.634: [GC (Allocation Failure) 2020-07-01T08:29:33.991+0200: 399928.634: [ParNew
Desired survivor size 20971520 bytes, new threshold 1 (max 1)
- age   1:        304 bytes,        304 total
: 327684K->4K(368640K), 0.0104584 secs] 1408485K->1080805K(4124672K), 0.0105882 secs] [Times: user=0.02 sys=0.00, real=0.01 secs] 
Heap after GC invocations=495243 (full 2):
 par new generation   total 368640K, used 4K [0x00000006c1c00000, 0x00000006dac00000, 0x00000006dac00000)
  eden space 327680K,   0% used [0x00000006c1c00000, 0x00000006c1c00000, 0x00000006d5c00000)
  from space 40960K,   0% used [0x00000006d8400000, 0x00000006d8401020, 0x00000006dac00000)
  to   space 40960K,   0% used [0x00000006d5c00000, 0x00000006d5c00000, 0x00000006d8400000)
 concurrent mark-sweep generation total 3756032K, used 1080801K [0x00000006dac00000, 0x00000007c0000000, 0x00000007c0000000)
 Metaspace       used 42573K, capacity 43892K, committed 44572K, reserved 1087488K
  class space    used 5454K, capacity 5756K, committed 5960K, reserved 1048576K
}
2020-07-01T08:29:34.002+0200: 399928.645: Total time for which application threads were stopped: 0.0108754 seconds, Stopping threads took: 0.0000524 seconds
{Heap before GC invocations=495243 (full 2):
 par new generation   total 368640K, used 327684K [0x00000006c1c00000, 0x00000006dac00000, 0x00000006dac00000)
  eden space 327680K, 100% used [0x00000006c1c00000, 0x00000006d5c00000, 0x00000006d5c00000)
  from space 40960K,   0% used [0x00000006d8400000, 0x00000006d8401020, 0x00000006dac00000)
  to   space 40960K,   0% used [0x00000006d5c00000, 0x00000006d5c00000, 0x00000006d8400000)
 concurrent mark-sweep generation total 3756032K, used 1080801K [0x00000006dac00000, 0x00000007c0000000, 0x00000007c0000000)
 Metaspace       used 42573K, capacity 43892K, committed 44572K, reserved 1087488K
  class space    used 5454K, capacity 5756K, committed 5960K, reserved 1048576K
2020-07-01T08:29:34.310+0200: 399928.952: [GC (Allocation Failure) 2020-07-01T08:29:34.310+0200: 399928.953: [ParNew
Desired survivor size 20971520 bytes, new threshold 1 (max 1)
- age   1:        240 bytes,        240 total
: 327684K->6K(368640K), 0.0079630 secs] 1408485K->1080807K(4124672K), 0.0080832 secs] [Times: user=0.00 sys=0.00, real=0.01 secs] 
Heap after GC invocations=495244 (full 2):
 par new generation   total 368640K, used 6K [0x00000006c1c00000, 0x00000006dac00000, 0x00000006dac00000)
  eden space 327680K,   0% used [0x00000006c1c00000, 0x00000006c1c00000, 0x00000006d5c00000)
  from space 40960K,   0% used [0x00000006d5c00000, 0x00000006d5c01830, 0x00000006d8400000)
  to   space 40960K,   0% used [0x00000006d8400000, 0x00000006d8400000, 0x00000006dac00000)
 concurrent mark-sweep generation total 3756032K, used 1080801K [0x00000006dac00000, 0x00000007c0000000, 0x00000007c0000000)
 Metaspace       used 42573K, capacity 43892K, committed 44572K, reserved 1087488K
  class space    used 5454K, capacity 5756K, committed 5960K, reserved 1048576K
}
2020-07-01T08:29:34.318+0200: 399928.961: Total time for which application threads were stopped: 0.0085046 seconds, Stopping threads took: 0.0001768 seconds
{Heap before GC invocations=495244 (full 2):
 par new generation   total 368640K, used 327686K [0x00000006c1c00000, 0x00000006dac00000, 0x00000006dac00000)
  eden space 327680K, 100% used [0x00000006c1c00000, 0x00000006d5c00000, 0x00000006d5c00000)
  from space 40960K,   0% used [0x00000006d5c00000, 0x00000006d5c01830, 0x00000006d8400000)
  to   space 40960K,   0% used [0x00000006d8400000, 0x00000006d8400000, 0x00000006dac00000)
 concurrent mark-sweep generation total 3756032K, used 1080801K [0x00000006dac00000, 0x00000007c0000000, 0x00000007c0000000)
 Metaspace       used 42573K, capacity 43892K, committed 44572K, reserved 1087488K
  class space    used 5454K, capacity 5756K, committed 5960K, reserved 1048576K
2020-07-01T08:29:34.618+0200: 399929.261: [GC (Allocation Failure) 2020-07-01T08:29:34.618+0200: 399929.261: [ParNew
Desired survivor size 20971520 bytes, new threshold 1 (max 1)
- age   1:        272 bytes,        272 total
: 327686K->4K(368640K), 0.0102561 secs] 1408487K->1080805K(4124672K), 0.0104042 secs] [Times: user=0.03 sys=0.00, real=0.01 secs] 
Heap after GC invocations=495245 (full 2):
 par new generation   total 368640K, used 4K [0x00000006c1c00000, 0x00000006dac00000, 0x00000006dac00000)
  eden space 327680K,   0% used [0x00000006c1c00000, 0x00000006c1c00000, 0x00000006d5c00000)
  from space 40960K,   0% used [0x00000006d8400000, 0x00000006d8401020, 0x00000006dac00000)
  to   space 40960K,   0% used [0x00000006d5c00000, 0x00000006d5c00000, 0x00000006d8400000)
 concurrent mark-sweep generation total 3756032K, used 1080801K [0x00000006dac00000, 0x00000007c0000000, 0x00000007c0000000)
 Metaspace       used 42573K, capacity 43892K, committed 44572K, reserved 1087488K
  class space    used 5454K, capacity 5756K, committed 5960K, reserved 1048576K
}
2020-07-01T08:29:34.629+0200: 399929.272: Total time for which application threads were stopped: 0.0107671 seconds, Stopping threads took: 0.0001106 seconds
{Heap before GC invocations=495245 (full 2):
 par new generation   total 368640K, used 327684K [0x00000006c1c00000, 0x00000006dac00000, 0x00000006dac00000)
  eden space 327680K, 100% used [0x00000006c1c00000, 0x00000006d5c00000, 0x00000006d5c00000)
  from space 40960K,   0% used [0x00000006d8400000, 0x00000006d8401020, 0x00000006dac00000)
  to   space 40960K,   0% used [0x00000006d5c00000, 0x00000006d5c00000, 0x00000006d8400000)
 concurrent mark-sweep generation total 3756032K, used 1080801K [0x00000006dac00000, 0x00000007c0000000, 0x00000007c0000000)
 Metaspace       used 42573K, capacity 43892K, committed 44572K, reserved 1087488K
  class space    used 5454K, capacity 5756K, committed 5960K, reserved 1048576K
2020-07-01T08:29:34.905+0200: 399929.547: [GC (Allocation Failure) 2020-07-01T08:29:34.905+0200: 399929.548: [ParNew
Desired survivor size 20971520 bytes, new threshold 1 (max 1)
- age   1:        272 bytes,        272 total
: 327684K->4K(368640K), 0.0096847 secs] 1408485K->1080805K(4124672K), 0.0098089 secs] [Times: user=0.00 sys=0.00, real=0.01 secs] 
Heap after GC invocations=495246 (full 2):
 par new generation   total 368640K, used 4K [0x00000006c1c00000, 0x00000006dac00000, 0x00000006dac00000)
  eden space 327680K,   0% used [0x00000006c1c00000, 0x00000006c1c00000, 0x00000006d5c00000)
  from space 40960K,   0% used [0x00000006d5c00000, 0x00000006d5c01020, 0x00000006d8400000)
  to   space 40960K,   0% used [0x00000006d8400000, 0x00000006d8400000, 0x00000006dac00000)
 concurrent mark-sweep generation total 3756032K, used 1080801K [0x00000006dac00000, 0x00000007c0000000, 0x00000007c0000000)
 Metaspace       used 42573K, capacity 43892K, committed 44572K, reserved 1087488K
  class space    used 5454K, capacity 5756K, committed 5960K, reserved 1048576K
}
2020-07-01T08:29:34.915+0200: 399929.557: Total time for which application threads were stopped: 0.0101782 seconds, Stopping threads took: 0.0000969 seconds
{Heap before GC invocations=495246 (full 2):
 par new generation   total 368640K, used 327684K [0x00000006c1c00000, 0x00000006dac00000, 0x00000006dac00000)
  eden space 327680K, 100% used [0x00000006c1c00000, 0x00000006d5c00000, 0x00000006d5c00000)
  from space 40960K,   0% used [0x00000006d5c00000, 0x00000006d5c01020, 0x00000006d8400000)
  to   space 40960K,   0% used [0x00000006d8400000, 0x00000006d8400000, 0x00000006dac00000)
 concurrent mark-sweep generation total 3756032K, used 1080801K [0x00000006dac00000, 0x00000007c0000000, 0x00000007c0000000)
 Metaspace       used 42573K, capacity 43892K, committed 44572K, reserved 1087488K
  class space    used 5454K, capacity 5756K, committed 5960K, reserved 1048576K
2020-07-01T08:29:35.210+0200: 399929.852: [GC (Allocation Failure) 2020-07-01T08:29:35.210+0200: 399929.852: [ParNew
Desired survivor size 20971520 bytes, new threshold 1 (max 1)
- age   1:        272 bytes,        272 total
: 327684K->4K(368640K), 0.0131794 secs] 1408485K->1080805K(4124672K), 0.0132973 secs] [Times: user=0.01 sys=0.00, real=0.01 secs] 
Heap after GC invocations=495247 (full 2):
 par new generation   total 368640K, used 4K [0x00000006c1c00000, 0x00000006dac00000, 0x00000006dac00000)
  eden space 327680K,   0% used [0x00000006c1c00000, 0x00000006c1c00000, 0x00000006d5c00000)
  from space 40960K,   0% used [0x00000006d8400000, 0x00000006d8401020, 0x00000006dac00000)
  to   space 40960K,   0% used [0x00000006d5c00000, 0x00000006d5c00000, 0x00000006d8400000)
 concurrent mark-sweep generation total 3756032K, used 1080801K [0x00000006dac00000, 0x00000007c0000000, 0x00000007c0000000)
 Metaspace       used 42573K, capacity 43892K, committed 44572K, reserved 1087488K
  class space    used 5454K, capacity 5756K, committed 5960K, reserved 1048576K
}
2020-07-01T08:29:35.223+0200: 399929.866: Total time for which application threads were stopped: 0.0135781 seconds, Stopping threads took: 0.0000468 seconds
{Heap before GC invocations=495247 (full 2):
 par new generation   total 368640K, used 327684K [0x00000006c1c00000, 0x00000006dac00000, 0x00000006dac00000)
  eden space 327680K, 100% used [0x00000006c1c00000, 0x00000006d5c00000, 0x00000006d5c00000)
  from space 40960K,   0% used [0x00000006d8400000, 0x00000006d8401020, 0x00000006dac00000)
  to   space 40960K,   0% used [0x00000006d5c00000, 0x00000006d5c00000, 0x00000006d8400000)
 concurrent mark-sweep generation total 3756032K, used 1080801K [0x00000006dac00000, 0x00000007c0000000, 0x00000007c0000000)
 Metaspace       used 42573K, capacity 43892K, committed 44572K, reserved 1087488K
  class space    used 5454K, capacity 5756K, committed 5960K, reserved 1048576K
2020-07-01T08:29:35.517+0200: 399930.160: [GC (Allocation Failure) 2020-07-01T08:29:35.517+0200: 399930.160: [ParNew
Desired survivor size 20971520 bytes, new threshold 1 (max 1)
- age   1:        240 bytes,        240 total
: 327684K->4K(368640K), 0.0125061 secs] 1408485K->1080805K(4124672K), 0.0126416 secs] [Times: user=0.04 sys=0.00, real=0.02 secs] 
Heap after GC invocations=495248 (full 2):
 par new generation   total 368640K, used 4K [0x00000006c1c00000, 0x00000006dac00000, 0x00000006dac00000)
  eden space 327680K,   0% used [0x00000006c1c00000, 0x00000006c1c00000, 0x00000006d5c00000)
  from space 40960K,   0% used [0x00000006d5c00000, 0x00000006d5c01020, 0x00000006d8400000)
  to   space 40960K,   0% used [0x00000006d8400000, 0x00000006d8400000, 0x00000006dac00000)
 concurrent mark-sweep generation total 3756032K, used 1080801K [0x00000006dac00000, 0x00000007c0000000, 0x00000007c0000000)
 Metaspace       used 42573K, capacity 43892K, committed 44572K, reserved 1087488K
  class space    used 5454K, capacity 5756K, committed 5960K, reserved 1048576K
}
2020-07-01T08:29:35.530+0200: 399930.173: Total time for which application threads were stopped: 0.0130490 seconds, Stopping threads took: 0.0000527 seconds
{Heap before GC invocations=495248 (full 2):
 par new generation   total 368640K, used 327684K [0x00000006c1c00000, 0x00000006dac00000, 0x00000006dac00000)
  eden space 327680K, 100% used [0x00000006c1c00000, 0x00000006d5c00000, 0x00000006d5c00000)
  from space 40960K,   0% used [0x00000006d5c00000, 0x00000006d5c01020, 0x00000006d8400000)
  to   space 40960K,   0% used [0x00000006d8400000, 0x00000006d8400000, 0x00000006dac00000)
 concurrent mark-sweep generation total 3756032K, used 1080801K [0x00000006dac00000, 0x00000007c0000000, 0x00000007c0000000)
 Metaspace       used 42573K, capacity 43892K, committed 44572K, reserved 1087488K
  class space    used 5454K, capacity 5756K, committed 5960K, reserved 1048576K
2020-07-01T08:29:35.805+0200: 399930.448: [GC (Allocation Failure) 2020-07-01T08:29:35.805+0200: 399930.448: [ParNew
Desired survivor size 20971520 bytes, new threshold 1 (max 1)
- age   1:        728 bytes,        728 total
: 327684K->4K(368640K), 0.0083534 secs] 1408485K->1080805K(4124672K), 0.0087238 secs] [Times: user=0.04 sys=0.00, real=0.01 secs] 
Heap after GC invocations=495249 (full 2):
 par new generation   total 368640K, used 4K [0x00000006c1c00000, 0x00000006dac00000, 0x00000006dac00000)
  eden space 327680K,   0% used [0x00000006c1c00000, 0x00000006c1c00000, 0x00000006d5c00000)
  from space 40960K,   0% used [0x00000006d8400000, 0x00000006d8401020, 0x00000006dac00000)
  to   space 40960K,   0% used [0x00000006d5c00000, 0x00000006d5c00000, 0x00000006d8400000)
 concurrent mark-sweep generation total 3756032K, used 1080801K [0x00000006dac00000, 0x00000007c0000000, 0x00000007c0000000)
 Metaspace       used 42573K, capacity 43892K, committed 44572K, reserved 1087488K
  class space    used 5454K, capacity 5756K, committed 5960K, reserved 1048576K
}
2020-07-01T08:29:35.814+0200: 399930.456: Total time for which application threads were stopped: 0.0092075 seconds, Stopping threads took: 0.0001824 seconds
{Heap before GC invocations=495249 (full 2):
 par new generation   total 368640K, used 327684K [0x00000006c1c00000, 0x00000006dac00000, 0x00000006dac00000)
  eden space 327680K, 100% used [0x00000006c1c00000, 0x00000006d5c00000, 0x00000006d5c00000)
  from space 40960K,   0% used [0x00000006d8400000, 0x00000006d8401020, 0x00000006dac00000)
  to   space 40960K,   0% used [0x00000006d5c00000, 0x00000006d5c00000, 0x00000006d8400000)
 concurrent mark-sweep generation total 3756032K, used 1080801K [0x00000006dac00000, 0x00000007c0000000, 0x00000007c0000000)
 Metaspace       used 42573K, capacity 43892K, committed 44572K, reserved 1087488K
  class space    used 5454K, capacity 5756K, committed 5960K, reserved 1048576K
2020-07-01T08:29:36.095+0200: 399930.738: [GC (Allocation Failure) 2020-07-01T08:29:36.095+0200: 399930.738: [ParNew
Desired survivor size 20971520 bytes, new threshold 1 (max 1)
- age   1:        304 bytes,        304 total
: 327684K->4K(368640K), 0.0121531 secs] 1408485K->1080806K(4124672K), 0.0123416 secs] [Times: user=0.01 sys=0.00, real=0.01 secs] 
Heap after GC invocations=495250 (full 2):
 par new generation   total 368640K, used 4K [0x00000006c1c00000, 0x00000006dac00000, 0x00000006dac00000)
  eden space 327680K,   0% used [0x00000006c1c00000, 0x00000006c1c00000, 0x00000006d5c00000)
  from space 40960K,   0% used [0x00000006d5c00000, 0x00000006d5c01020, 0x00000006d8400000)
  to   space 40960K,   0% used [0x00000006d8400000, 0x00000006d8400000, 0x00000006dac00000)
 concurrent mark-sweep generation total 3756032K, used 1080802K [0x00000006dac00000, 0x00000007c0000000, 0x00000007c0000000)
 Metaspace       used 42573K, capacity 43892K, committed 44572K, reserved 1087488K
  class space    used 5454K, capacity 5756K, committed 5960K, reserved 1048576K
}
2020-07-01T08:29:36.108+0200: 399930.751: Total time for which application threads were stopped: 0.0128450 seconds, Stopping threads took: 0.0000573 seconds
{Heap before GC invocations=495250 (full 2):
 par new generation   total 368640K, used 327684K [0x00000006c1c00000, 0x00000006dac00000, 0x00000006dac00000)
  eden space 327680K, 100% used [0x00000006c1c00000, 0x00000006d5c00000, 0x00000006d5c00000)
  from space 40960K,   0% used [0x00000006d5c00000, 0x00000006d5c01020, 0x00000006d8400000)
  to   space 40960K,   0% used [0x00000006d8400000, 0x00000006d8400000, 0x00000006dac00000)
 concurrent mark-sweep generation total 3756032K, used 1080802K [0x00000006dac00000, 0x00000007c0000000, 0x00000007c0000000)
 Metaspace       used 42573K, capacity 43892K, committed 44572K, reserved 1087488K
  class space    used 5454K, capacity 5756K, committed 5960K, reserved 1048576K
2020-07-01T08:29:36.396+0200: 399931.039: [GC (Allocation Failure) 2020-07-01T08:29:36.396+0200: 399931.039: [ParNew
Desired survivor size 20971520 bytes, new threshold 1 (max 1)
- age   1:        240 bytes,        240 total
: 327684K->4K(368640K), 0.0143322 secs] 1408486K->1080806K(4124672K), 0.0144575 secs] [Times: user=0.03 sys=0.00, real=0.02 secs] 
Heap after GC invocations=495251 (full 2):
 par new generation   total 368640K, used 4K [0x00000006c1c00000, 0x00000006dac00000, 0x00000006dac00000)
  eden space 327680K,   0% used [0x00000006c1c00000, 0x00000006c1c00000, 0x00000006d5c00000)
  from space 40960K,   0% used [0x00000006d8400000, 0x00000006d8401020, 0x00000006dac00000)
  to   space 40960K,   0% used [0x00000006d5c00000, 0x00000006d5c00000, 0x00000006d8400000)
 concurrent mark-sweep generation total 3756032K, used 1080802K [0x00000006dac00000, 0x00000007c0000000, 0x00000007c0000000)
 Metaspace       used 42573K, capacity 43892K, committed 44572K, reserved 1087488K
  class space    used 5454K, capacity 5756K, committed 5960K, reserved 1048576K
}
2020-07-01T08:29:36.411+0200: 399931.054: Total time for which application threads were stopped: 0.0147950 seconds, Stopping threads took: 0.0000997 seconds
{Heap before GC invocations=495251 (full 2):
 par new generation   total 368640K, used 327684K [0x00000006c1c00000, 0x00000006dac00000, 0x00000006dac00000)
  eden space 327680K, 100% used [0x00000006c1c00000, 0x00000006d5c00000, 0x00000006d5c00000)
  from space 40960K,   0% used [0x00000006d8400000, 0x00000006d8401020, 0x00000006dac00000)
  to   space 40960K,   0% used [0x00000006d5c00000, 0x00000006d5c00000, 0x00000006d8400000)
 concurrent mark-sweep generation total 3756032K, used 1080802K [0x00000006dac00000, 0x00000007c0000000, 0x00000007c0000000)
 Metaspace       used 42573K, capacity 43892K, committed 44572K, reserved 1087488K
  class space    used 5454K, capacity 5756K, committed 5960K, reserved 1048576K
2020-07-01T08:29:36.703+0200: 399931.345: [GC (Allocation Failure) 2020-07-01T08:29:36.703+0200: 399931.346: [ParNew
Desired survivor size 20971520 bytes, new threshold 1 (max 1)
- age   1:        240 bytes,        240 total
: 327684K->4K(368640K), 0.0106273 secs] 1408486K->1080806K(4124672K), 0.0107678 secs] [Times: user=0.00 sys=0.00, real=0.01 secs] 
Heap after GC invocations=495252 (full 2):
 par new generation   total 368640K, used 4K [0x00000006c1c00000, 0x00000006dac00000, 0x00000006dac00000)
  eden space 327680K,   0% used [0x00000006c1c00000, 0x00000006c1c00000, 0x00000006d5c00000)
  from space 40960K,   0% used [0x00000006d5c00000, 0x00000006d5c01020, 0x00000006d8400000)
  to   space 40960K,   0% used [0x00000006d8400000, 0x00000006d8400000, 0x00000006dac00000)
 concurrent mark-sweep generation total 3756032K, used 1080802K [0x00000006dac00000, 0x00000007c0000000, 0x00000007c0000000)
 Metaspace       used 42573K, capacity 43892K, committed 44572K, reserved 1087488K
  class space    used 5454K, capacity 5756K, committed 5960K, reserved 1048576K
}
2020-07-01T08:29:36.714+0200: 399931.356: Total time for which application threads were stopped: 0.0110880 seconds, Stopping threads took: 0.0000598 seconds
{Heap before GC invocations=495252 (full 2):
 par new generation   total 368640K, used 327684K [0x00000006c1c00000, 0x00000006dac00000, 0x00000006dac00000)
  eden space 327680K, 100% used [0x00000006c1c00000, 0x00000006d5c00000, 0x00000006d5c00000)
  from space 40960K,   0% used [0x00000006d5c00000, 0x00000006d5c01020, 0x00000006d8400000)
  to   space 40960K,   0% used [0x00000006d8400000, 0x00000006d8400000, 0x00000006dac00000)
 concurrent mark-sweep generation total 3756032K, used 1080802K [0x00000006dac00000, 0x00000007c0000000, 0x00000007c0000000)
 Metaspace       used 42573K, capacity 43892K, committed 44572K, reserved 1087488K
  class space    used 5454K, capacity 5756K, committed 5960K, reserved 1048576K
2020-07-01T08:29:36.997+0200: 399931.640: [GC (Allocation Failure) 2020-07-01T08:29:36.997+0200: 399931.640: [ParNew
Desired survivor size 20971520 bytes, new threshold 1 (max 1)
- age   1:        368 bytes,        368 total
: 327684K->2K(368640K), 0.0197614 secs] 1408486K->1080804K(4124672K), 0.0198886 secs] [Times: user=0.02 sys=0.00, real=0.02 secs] 
Heap after GC invocations=495253 (full 2):
 par new generation   total 368640K, used 2K [0x00000006c1c00000, 0x00000006dac00000, 0x00000006dac00000)
  eden space 327680K,   0% used [0x00000006c1c00000, 0x00000006c1c00000, 0x00000006d5c00000)
  from space 40960K,   0% used [0x00000006d8400000, 0x00000006d8400810, 0x00000006dac00000)
  to   space 40960K,   0% used [0x00000006d5c00000, 0x00000006d5c00000, 0x00000006d8400000)
 concurrent mark-sweep generation total 3756032K, used 1080802K [0x00000006dac00000, 0x00000007c0000000, 0x00000007c0000000)
 Metaspace       used 42573K, capacity 43892K, committed 44572K, reserved 1087488K
  class space    used 5454K, capacity 5756K, committed 5960K, reserved 1048576K
}
2020-07-01T08:29:37.017+0200: 399931.660: Total time for which application threads were stopped: 0.0203037 seconds, Stopping threads took: 0.0001558 seconds
{Heap before GC invocations=495253 (full 2):
 par new generation   total 368640K, used 327682K [0x00000006c1c00000, 0x00000006dac00000, 0x00000006dac00000)
  eden space 327680K, 100% used [0x00000006c1c00000, 0x00000006d5c00000, 0x00000006d5c00000)
  from space 40960K,   0% used [0x00000006d8400000, 0x00000006d8400810, 0x00000006dac00000)
  to   space 40960K,   0% used [0x00000006d5c00000, 0x00000006d5c00000, 0x00000006d8400000)
 concurrent mark-sweep generation total 3756032K, used 1080802K [0x00000006dac00000, 0x00000007c0000000, 0x00000007c0000000)
 Metaspace       used 42573K, capacity 43892K, committed 44572K, reserved 1087488K
  class space    used 5454K, capacity 5756K, committed 5960K, reserved 1048576K
2020-07-01T08:29:37.324+0200: 399931.967: [GC (Allocation Failure) 2020-07-01T08:29:37.324+0200: 399931.967: [ParNew
Desired survivor size 20971520 bytes, new threshold 1 (max 1)
- age   1:        240 bytes,        240 total
: 327682K->4K(368640K), 0.0107480 secs] 1408484K->1080806K(4124672K), 0.0108908 secs] [Times: user=0.00 sys=0.00, real=0.01 secs] 
Heap after GC invocations=495254 (full 2):
 par new generation   total 368640K, used 4K [0x00000006c1c00000, 0x00000006dac00000, 0x00000006dac00000)
  eden space 327680K,   0% used [0x00000006c1c00000, 0x00000006c1c00000, 0x00000006d5c00000)
  from space 40960K,   0% used [0x00000006d5c00000, 0x00000006d5c01020, 0x00000006d8400000)
  to   space 40960K,   0% used [0x00000006d8400000, 0x00000006d8400000, 0x00000006dac00000)
 concurrent mark-sweep generation total 3756032K, used 1080802K [0x00000006dac00000, 0x00000007c0000000, 0x00000007c0000000)
 Metaspace       used 42573K, capacity 43892K, committed 44572K, reserved 1087488K
  class space    used 5454K, capacity 5756K, committed 5960K, reserved 1048576K
}
2020-07-01T08:29:37.335+0200: 399931.978: Total time for which application threads were stopped: 0.0113089 seconds, Stopping threads took: 0.0001595 seconds
{Heap before GC invocations=495254 (full 2):
 par new generation   total 368640K, used 327684K [0x00000006c1c00000, 0x00000006dac00000, 0x00000006dac00000)
  eden space 327680K, 100% used [0x00000006c1c00000, 0x00000006d5c00000, 0x00000006d5c00000)
  from space 40960K,   0% used [0x00000006d5c00000, 0x00000006d5c01020, 0x00000006d8400000)
  to   space 40960K,   0% used [0x00000006d8400000, 0x00000006d8400000, 0x00000006dac00000)
 concurrent mark-sweep generation total 3756032K, used 1080802K [0x00000006dac00000, 0x00000007c0000000, 0x00000007c0000000)
 Metaspace       used 42573K, capacity 43892K, committed 44572K, reserved 1087488K
  class space    used 5454K, capacity 5756K, committed 5960K, reserved 1048576K
2020-07-01T08:29:37.616+0200: 399932.258: [GC (Allocation Failure) 2020-07-01T08:29:37.616+0200: 399932.258: [ParNew
Desired survivor size 20971520 bytes, new threshold 1 (max 1)
- age   1:        504 bytes,        504 total
: 327684K->2K(368640K), 0.0206705 secs] 1408486K->1080804K(4124672K), 0.0207877 secs] [Times: user=0.03 sys=0.00, real=0.02 secs] 
Heap after GC invocations=495255 (full 2):
 par new generation   total 368640K, used 2K [0x00000006c1c00000, 0x00000006dac00000, 0x00000006dac00000)
  eden space 327680K,   0% used [0x00000006c1c00000, 0x00000006c1c00000, 0x00000006d5c00000)
  from space 40960K,   0% used [0x00000006d8400000, 0x00000006d8400810, 0x00000006dac00000)
  to   space 40960K,   0% used [0x00000006d5c00000, 0x00000006d5c00000, 0x00000006d8400000)
 concurrent mark-sweep generation total 3756032K, used 1080802K [0x00000006dac00000, 0x00000007c0000000, 0x00000007c0000000)
 Metaspace       used 42573K, capacity 43892K, committed 44572K, reserved 1087488K
  class space    used 5454K, capacity 5756K, committed 5960K, reserved 1048576K
}
2020-07-01T08:29:37.636+0200: 399932.279: Total time for which application threads were stopped: 0.0214213 seconds, Stopping threads took: 0.0003946 seconds
{Heap before GC invocations=495255 (full 2):
 par new generation   total 368640K, used 327682K [0x00000006c1c00000, 0x00000006dac00000, 0x00000006dac00000)
  eden space 327680K, 100% used [0x00000006c1c00000, 0x00000006d5c00000, 0x00000006d5c00000)
  from space 40960K,   0% used [0x00000006d8400000, 0x00000006d8400810, 0x00000006dac00000)
  to   space 40960K,   0% used [0x00000006d5c00000, 0x00000006d5c00000, 0x00000006d8400000)
 concurrent mark-sweep generation total 3756032K, used 1080802K [0x00000006dac00000, 0x00000007c0000000, 0x00000007c0000000)
 Metaspace       used 42573K, capacity 43892K, committed 44572K, reserved 1087488K
  class space    used 5454K, capacity 5756K, committed 5960K, reserved 1048576K
2020-07-01T08:29:37.936+0200: 399932.578: [GC (Allocation Failure) 2020-07-01T08:29:37.936+0200: 399932.579: [ParNew
Desired survivor size 20971520 bytes, new threshold 1 (max 1)
- age   1:        304 bytes,        304 total
: 327682K->2K(368640K), 0.0211410 secs] 1408484K->1080804K(4124672K), 0.0212569 secs] [Times: user=0.01 sys=0.00, real=0.02 secs] 
Heap after GC invocations=495256 (full 2):
 par new generation   total 368640K, used 2K [0x00000006c1c00000, 0x00000006dac00000, 0x00000006dac00000)
  eden space 327680K,   0% used [0x00000006c1c00000, 0x00000006c1c00000, 0x00000006d5c00000)
  from space 40960K,   0% used [0x00000006d5c00000, 0x00000006d5c00810, 0x00000006d8400000)
  to   space 40960K,   0% used [0x00000006d8400000, 0x00000006d8400000, 0x00000006dac00000)
 concurrent mark-sweep generation total 3756032K, used 1080802K [0x00000006dac00000, 0x00000007c0000000, 0x00000007c0000000)
 Metaspace       used 42573K, capacity 43892K, committed 44572K, reserved 1087488K
  class space    used 5454K, capacity 5756K, committed 5960K, reserved 1048576K
}
2020-07-01T08:29:37.957+0200: 399932.600: Total time for which application threads were stopped: 0.0215524 seconds, Stopping threads took: 0.0000494 seconds
{Heap before GC invocations=495256 (full 2):
 par new generation   total 368640K, used 327682K [0x00000006c1c00000, 0x00000006dac00000, 0x00000006dac00000)
  eden space 327680K, 100% used [0x00000006c1c00000, 0x00000006d5c00000, 0x00000006d5c00000)
  from space 40960K,   0% used [0x00000006d5c00000, 0x00000006d5c00810, 0x00000006d8400000)
  to   space 40960K,   0% used [0x00000006d8400000, 0x00000006d8400000, 0x00000006dac00000)
 concurrent mark-sweep generation total 3756032K, used 1080802K [0x00000006dac00000, 0x00000007c0000000, 0x00000007c0000000)
 Metaspace       used 42573K, capacity 43892K, committed 44572K, reserved 1087488K
  class space    used 5454K, capacity 5756K, committed 5960K, reserved 1048576K
2020-07-01T08:29:38.244+0200: 399932.887: [GC (Allocation Failure) 2020-07-01T08:29:38.244+0200: 399932.887: [ParNew
Desired survivor size 20971520 bytes, new threshold 1 (max 1)
- age   1:        240 bytes,        240 total
: 327682K->2K(368640K), 0.0248790 secs] 1408484K->1080804K(4124672K), 0.0249973 secs] [Times: user=0.01 sys=0.00, real=0.03 secs] 
Heap after GC invocations=495257 (full 2):
 par new generation   total 368640K, used 2K [0x00000006c1c00000, 0x00000006dac00000, 0x00000006dac00000)
  eden space 327680K,   0% used [0x00000006c1c00000, 0x00000006c1c00000, 0x00000006d5c00000)
  from space 40960K,   0% used [0x00000006d8400000, 0x00000006d8400810, 0x00000006dac00000)
  to   space 40960K,   0% used [0x00000006d5c00000, 0x00000006d5c00000, 0x00000006d8400000)
 concurrent mark-sweep generation total 3756032K, used 1080802K [0x00000006dac00000, 0x00000007c0000000, 0x00000007c0000000)
 Metaspace       used 42573K, capacity 43892K, committed 44572K, reserved 1087488K
  class space    used 5454K, capacity 5756K, committed 5960K, reserved 1048576K
}
2020-07-01T08:29:38.269+0200: 399932.912: Total time for which application threads were stopped: 0.0253329 seconds, Stopping threads took: 0.0000511 seconds
{Heap before GC invocations=495257 (full 2):
 par new generation   total 368640K, used 327682K [0x00000006c1c00000, 0x00000006dac00000, 0x00000006dac00000)
  eden space 327680K, 100% used [0x00000006c1c00000, 0x00000006d5c00000, 0x00000006d5c00000)
  from space 40960K,   0% used [0x00000006d8400000, 0x00000006d8400810, 0x00000006dac00000)
  to   space 40960K,   0% used [0x00000006d5c00000, 0x00000006d5c00000, 0x00000006d8400000)
 concurrent mark-sweep generation total 3756032K, used 1080802K [0x00000006dac00000, 0x00000007c0000000, 0x00000007c0000000)
 Metaspace       used 42573K, capacity 43892K, committed 44572K, reserved 1087488K
  class space    used 5454K, capacity 5756K, committed 5960K, reserved 1048576K
2020-07-01T08:29:38.573+0200: 399933.216: [GC (Allocation Failure) 2020-07-01T08:29:38.574+0200: 399933.216: [ParNew
Desired survivor size 20971520 bytes, new threshold 1 (max 1)
- age   1:        240 bytes,        240 total
: 327682K->4K(368640K), 0.0113527 secs] 1408484K->1080806K(4124672K), 0.0114563 secs] [Times: user=0.00 sys=0.00, real=0.01 secs] 
Heap after GC invocations=495258 (full 2):
 par new generation   total 368640K, used 4K [0x00000006c1c00000, 0x00000006dac00000, 0x00000006dac00000)
  eden space 327680K,   0% used [0x00000006c1c00000, 0x00000006c1c00000, 0x00000006d5c00000)
  from space 40960K,   0% used [0x00000006d5c00000, 0x00000006d5c01020, 0x00000006d8400000)
  to   space 40960K,   0% used [0x00000006d8400000, 0x00000006d8400000, 0x00000006dac00000)
 concurrent mark-sweep generation total 3756032K, used 1080802K [0x00000006dac00000, 0x00000007c0000000, 0x00000007c0000000)
 Metaspace       used 42573K, capacity 43892K, committed 44572K, reserved 1087488K
  class space    used 5454K, capacity 5756K, committed 5960K, reserved 1048576K
}
2020-07-01T08:29:38.585+0200: 399933.228: Total time for which application threads were stopped: 0.0119141 seconds, Stopping threads took: 0.0002147 seconds
{Heap before GC invocations=495258 (full 2):
 par new generation   total 368640K, used 327684K [0x00000006c1c00000, 0x00000006dac00000, 0x00000006dac00000)
  eden space 327680K, 100% used [0x00000006c1c00000, 0x00000006d5c00000, 0x00000006d5c00000)
  from space 40960K,   0% used [0x00000006d5c00000, 0x00000006d5c01020, 0x00000006d8400000)
  to   space 40960K,   0% used [0x00000006d8400000, 0x00000006d8400000, 0x00000006dac00000)
 concurrent mark-sweep generation total 3756032K, used 1080802K [0x00000006dac00000, 0x00000007c0000000, 0x00000007c0000000)
 Metaspace       used 42573K, capacity 43892K, committed 44572K, reserved 1087488K
  class space    used 5454K, capacity 5756K, committed 5960K, reserved 1048576K
2020-07-01T08:29:38.900+0200: 399933.543: [GC (Allocation Failure) 2020-07-01T08:29:38.900+0200: 399933.543: [ParNew
Desired survivor size 20971520 bytes, new threshold 1 (max 1)
- age   1:        240 bytes,        240 total
: 327684K->4K(368640K), 0.0114558 secs] 1408486K->1080806K(4124672K), 0.0116188 secs] [Times: user=0.00 sys=0.00, real=0.01 secs] 
Heap after GC invocations=495259 (full 2):
 par new generation   total 368640K, used 4K [0x00000006c1c00000, 0x00000006dac00000, 0x00000006dac00000)
  eden space 327680K,   0% used [0x00000006c1c00000, 0x00000006c1c00000, 0x00000006d5c00000)
  from space 40960K,   0% used [0x00000006d8400000, 0x00000006d8401020, 0x00000006dac00000)
  to   space 40960K,   0% used [0x00000006d5c00000, 0x00000006d5c00000, 0x00000006d8400000)
 concurrent mark-sweep generation total 3756032K, used 1080802K [0x00000006dac00000, 0x00000007c0000000, 0x00000007c0000000)
 Metaspace       used 42573K, capacity 43892K, committed 44572K, reserved 1087488K
  class space    used 5454K, capacity 5756K, committed 5960K, reserved 1048576K
}
2020-07-01T08:29:38.912+0200: 399933.555: Total time for which application threads were stopped: 0.0119047 seconds, Stopping threads took: 0.0000475 seconds
{Heap before GC invocations=495259 (full 2):
 par new generation   total 368640K, used 327684K [0x00000006c1c00000, 0x00000006dac00000, 0x00000006dac00000)
  eden space 327680K, 100% used [0x00000006c1c00000, 0x00000006d5c00000, 0x00000006d5c00000)
  from space 40960K,   0% used [0x00000006d8400000, 0x00000006d8401020, 0x00000006dac00000)
  to   space 40960K,   0% used [0x00000006d5c00000, 0x00000006d5c00000, 0x00000006d8400000)
 concurrent mark-sweep generation total 3756032K, used 1080802K [0x00000006dac00000, 0x00000007c0000000, 0x00000007c0000000)
 Metaspace       used 42573K, capacity 43892K, committed 44572K, reserved 1087488K
  class space    used 5454K, capacity 5756K, committed 5960K, reserved 1048576K
2020-07-01T08:29:39.200+0200: 399933.843: [GC (Allocation Failure) 2020-07-01T08:29:39.200+0200: 399933.843: [ParNew
Desired survivor size 20971520 bytes, new threshold 1 (max 1)
- age   1:        304 bytes,        304 total
: 327684K->4K(368640K), 0.0127020 secs] 1408486K->1080806K(4124672K), 0.0128165 secs] [Times: user=0.00 sys=0.00, real=0.01 secs] 
Heap after GC invocations=495260 (full 2):
 par new generation   total 368640K, used 4K [0x00000006c1c00000, 0x00000006dac00000, 0x00000006dac00000)
  eden space 327680K,   0% used [0x00000006c1c00000, 0x00000006c1c00000, 0x00000006d5c00000)
  from space 40960K,   0% used [0x00000006d5c00000, 0x00000006d5c01020, 0x00000006d8400000)
  to   space 40960K,   0% used [0x00000006d8400000, 0x00000006d8400000, 0x00000006dac00000)
 concurrent mark-sweep generation total 3756032K, used 1080802K [0x00000006dac00000, 0x00000007c0000000, 0x00000007c0000000)
 Metaspace       used 42573K, capacity 43892K, committed 44572K, reserved 1087488K
  class space    used 5454K, capacity 5756K, committed 5960K, reserved 1048576K
}
2020-07-01T08:29:39.213+0200: 399933.856: Total time for which application threads were stopped: 0.0133770 seconds, Stopping threads took: 0.0002984 seconds
{Heap before GC invocations=495260 (full 2):
 par new generation   total 368640K, used 327684K [0x00000006c1c00000, 0x00000006dac00000, 0x00000006dac00000)
  eden space 327680K, 100% used [0x00000006c1c00000, 0x00000006d5c00000, 0x00000006d5c00000)
  from space 40960K,   0% used [0x00000006d5c00000, 0x00000006d5c01020, 0x00000006d8400000)
  to   space 40960K,   0% used [0x00000006d8400000, 0x00000006d8400000, 0x00000006dac00000)
 concurrent mark-sweep generation total 3756032K, used 1080802K [0x00000006dac00000, 0x00000007c0000000, 0x00000007c0000000)
 Metaspace       used 42573K, capacity 43892K, committed 44572K, reserved 1087488K
  class space    used 5454K, capacity 5756K, committed 5960K, reserved 1048576K
2020-07-01T08:29:39.535+0200: 399934.178: [GC (Allocation Failure) 2020-07-01T08:29:39.536+0200: 399934.178: [ParNew
Desired survivor size 20971520 bytes, new threshold 1 (max 1)
- age   1:        272 bytes,        272 total
: 327684K->4K(368640K), 0.0125771 secs] 1408486K->1080806K(4124672K), 0.0126947 secs] [Times: user=0.03 sys=0.00, real=0.02 secs] 
Heap after GC invocations=495261 (full 2):
 par new generation   total 368640K, used 4K [0x00000006c1c00000, 0x00000006dac00000, 0x00000006dac00000)
  eden space 327680K,   0% used [0x00000006c1c00000, 0x00000006c1c00000, 0x00000006d5c00000)
  from space 40960K,   0% used [0x00000006d8400000, 0x00000006d8401020, 0x00000006dac00000)
  to   space 40960K,   0% used [0x00000006d5c00000, 0x00000006d5c00000, 0x00000006d8400000)
 concurrent mark-sweep generation total 3756032K, used 1080802K [0x00000006dac00000, 0x00000007c0000000, 0x00000007c0000000)
 Metaspace       used 42573K, capacity 43892K, committed 44572K, reserved 1087488K
  class space    used 5454K, capacity 5756K, committed 5960K, reserved 1048576K
}
2020-07-01T08:29:39.548+0200: 399934.191: Total time for which application threads were stopped: 0.0134509 seconds, Stopping threads took: 0.0004829 seconds
{Heap before GC invocations=495261 (full 2):
 par new generation   total 368640K, used 327684K [0x00000006c1c00000, 0x00000006dac00000, 0x00000006dac00000)
  eden space 327680K, 100% used [0x00000006c1c00000, 0x00000006d5c00000, 0x00000006d5c00000)
  from space 40960K,   0% used [0x00000006d8400000, 0x00000006d8401020, 0x00000006dac00000)
  to   space 40960K,   0% used [0x00000006d5c00000, 0x00000006d5c00000, 0x00000006d8400000)
 concurrent mark-sweep generation total 3756032K, used 1080802K [0x00000006dac00000, 0x00000007c0000000, 0x00000007c0000000)
 Metaspace       used 42573K, capacity 43892K, committed 44572K, reserved 1087488K
  class space    used 5454K, capacity 5756K, committed 5960K, reserved 1048576K
2020-07-01T08:29:39.838+0200: 399934.481: [GC (Allocation Failure) 2020-07-01T08:29:39.968+0200: 399934.611: [ParNew
Desired survivor size 20971520 bytes, new threshold 1 (max 1)
- age   1:        240 bytes,        240 total
: 327684K->4K(368640K), 0.0126751 secs] 1408486K->1080806K(4124672K), 0.1421529 secs] [Times: user=0.01 sys=0.00, real=0.14 secs] 
Heap after GC invocations=495262 (full 2):
 par new generation   total 368640K, used 4K [0x00000006c1c00000, 0x00000006dac00000, 0x00000006dac00000)
  eden space 327680K,   0% used [0x00000006c1c00000, 0x00000006c1c00000, 0x00000006d5c00000)
  from space 40960K,   0% used [0x00000006d5c00000, 0x00000006d5c01020, 0x00000006d8400000)
  to   space 40960K,   0% used [0x00000006d8400000, 0x00000006d8400000, 0x00000006dac00000)
 concurrent mark-sweep generation total 3756032K, used 1080802K [0x00000006dac00000, 0x00000007c0000000, 0x00000007c0000000)
 Metaspace       used 42573K, capacity 43892K, committed 44572K, reserved 1087488K
  class space    used 5454K, capacity 5756K, committed 5960K, reserved 1048576K
}
2020-07-01T08:29:39.981+0200: 399934.624: Total time for which application threads were stopped: 0.1424402 seconds, Stopping threads took: 0.0000504 seconds
{Heap before GC invocations=495262 (full 2):
 par new generation   total 368640K, used 327684K [0x00000006c1c00000, 0x00000006dac00000, 0x00000006dac00000)
  eden space 327680K, 100% used [0x00000006c1c00000, 0x00000006d5c00000, 0x00000006d5c00000)
  from space 40960K,   0% used [0x00000006d5c00000, 0x00000006d5c01020, 0x00000006d8400000)
  to   space 40960K,   0% used [0x00000006d8400000, 0x00000006d8400000, 0x00000006dac00000)
 concurrent mark-sweep generation total 3756032K, used 1080802K [0x00000006dac00000, 0x00000007c0000000, 0x00000007c0000000)
 Metaspace       used 42573K, capacity 43892K, committed 44572K, reserved 1087488K
  class space    used 5454K, capacity 5756K, committed 5960K, reserved 1048576K
2020-07-01T08:29:40.263+0200: 399934.906: [GC (Allocation Failure) 2020-07-01T08:29:40.263+0200: 399934.906: [ParNew
Desired survivor size 20971520 bytes, new threshold 1 (max 1)
- age   1:        304 bytes,        304 total
: 327684K->4K(368640K), 0.0090820 secs] 1408486K->1080806K(4124672K), 0.0092453 secs] [Times: user=0.00 sys=0.00, real=0.01 secs] 
Heap after GC invocations=495263 (full 2):
 par new generation   total 368640K, used 4K [0x00000006c1c00000, 0x00000006dac00000, 0x00000006dac00000)
  eden space 327680K,   0% used [0x00000006c1c00000, 0x00000006c1c00000, 0x00000006d5c00000)
  from space 40960K,   0% used [0x00000006d8400000, 0x00000006d8401020, 0x00000006dac00000)
  to   space 40960K,   0% used [0x00000006d5c00000, 0x00000006d5c00000, 0x00000006d8400000)
 concurrent mark-sweep generation total 3756032K, used 1080802K [0x00000006dac00000, 0x00000007c0000000, 0x00000007c0000000)
 Metaspace       used 42573K, capacity 43892K, committed 44572K, reserved 1087488K
  class space    used 5454K, capacity 5756K, committed 5960K, reserved 1048576K
}
2020-07-01T08:29:40.272+0200: 399934.915: Total time for which application threads were stopped: 0.0097051 seconds, Stopping threads took: 0.0001893 seconds
{Heap before GC invocations=495263 (full 2):
 par new generation   total 368640K, used 327684K [0x00000006c1c00000, 0x00000006dac00000, 0x00000006dac00000)
  eden space 327680K, 100% used [0x00000006c1c00000, 0x00000006d5c00000, 0x00000006d5c00000)
  from space 40960K,   0% used [0x00000006d8400000, 0x00000006d8401020, 0x00000006dac00000)
  to   space 40960K,   0% used [0x00000006d5c00000, 0x00000006d5c00000, 0x00000006d8400000)
 concurrent mark-sweep generation total 3756032K, used 1080802K [0x00000006dac00000, 0x00000007c0000000, 0x00000007c0000000)
 Metaspace       used 42573K, capacity 43892K, committed 44572K, reserved 1087488K
  class space    used 5454K, capacity 5756K, committed 5960K, reserved 1048576K
2020-07-01T08:29:40.558+0200: 399935.201: [GC (Allocation Failure) 2020-07-01T08:29:40.559+0200: 399935.201: [ParNew
Desired survivor size 20971520 bytes, new threshold 1 (max 1)
- age   1:        240 bytes,        240 total
: 327684K->4K(368640K), 0.0159408 secs] 1408486K->1080806K(4124672K), 0.0161220 secs] [Times: user=0.00 sys=0.00, real=0.01 secs] 
Heap after GC invocations=495264 (full 2):
 par new generation   total 368640K, used 4K [0x00000006c1c00000, 0x00000006dac00000, 0x00000006dac00000)
  eden space 327680K,   0% used [0x00000006c1c00000, 0x00000006c1c00000, 0x00000006d5c00000)
  from space 40960K,   0% used [0x00000006d5c00000, 0x00000006d5c01020, 0x00000006d8400000)
  to   space 40960K,   0% used [0x00000006d8400000, 0x00000006d8400000, 0x00000006dac00000)
 concurrent mark-sweep generation total 3756032K, used 1080802K [0x00000006dac00000, 0x00000007c0000000, 0x00000007c0000000)
 Metaspace       used 42573K, capacity 43892K, committed 44572K, reserved 1087488K
  class space    used 5454K, capacity 5756K, committed 5960K, reserved 1048576K
}
2020-07-01T08:29:40.575+0200: 399935.217: Total time for which application threads were stopped: 0.0164119 seconds, Stopping threads took: 0.0000488 seconds
{Heap before GC invocations=495264 (full 2):
 par new generation   total 368640K, used 327684K [0x00000006c1c00000, 0x00000006dac00000, 0x00000006dac00000)
  eden space 327680K, 100% used [0x00000006c1c00000, 0x00000006d5c00000, 0x00000006d5c00000)
  from space 40960K,   0% used [0x00000006d5c00000, 0x00000006d5c01020, 0x00000006d8400000)
  to   space 40960K,   0% used [0x00000006d8400000, 0x00000006d8400000, 0x00000006dac00000)
 concurrent mark-sweep generation total 3756032K, used 1080802K [0x00000006dac00000, 0x00000007c0000000, 0x00000007c0000000)
 Metaspace       used 42573K, capacity 43892K, committed 44572K, reserved 1087488K
  class space    used 5454K, capacity 5756K, committed 5960K, reserved 1048576K
2020-07-01T08:29:40.869+0200: 399935.512: [GC (Allocation Failure) 2020-07-01T08:29:40.869+0200: 399935.512: [ParNew
Desired survivor size 20971520 bytes, new threshold 1 (max 1)
- age   1:        240 bytes,        240 total
: 327684K->4K(368640K), 0.0096717 secs] 1408486K->1080806K(4124672K), 0.0098047 secs] [Times: user=0.03 sys=0.00, real=0.01 secs] 
Heap after GC invocations=495265 (full 2):
 par new generation   total 368640K, used 4K [0x00000006c1c00000, 0x00000006dac00000, 0x00000006dac00000)
  eden space 327680K,   0% used [0x00000006c1c00000, 0x00000006c1c00000, 0x00000006d5c00000)
  from space 40960K,   0% used [0x00000006d8400000, 0x00000006d8401020, 0x00000006dac00000)
  to   space 40960K,   0% used [0x00000006d5c00000, 0x00000006d5c00000, 0x00000006d8400000)
 concurrent mark-sweep generation total 3756032K, used 1080802K [0x00000006dac00000, 0x00000007c0000000, 0x00000007c0000000)
 Metaspace       used 42573K, capacity 43892K, committed 44572K, reserved 1087488K
  class space    used 5454K, capacity 5756K, committed 5960K, reserved 1048576K
}
2020-07-01T08:29:40.879+0200: 399935.522: Total time for which application threads were stopped: 0.0101402 seconds, Stopping threads took: 0.0001000 seconds
{Heap before GC invocations=495265 (full 2):
 par new generation   total 368640K, used 327684K [0x00000006c1c00000, 0x00000006dac00000, 0x00000006dac00000)
  eden space 327680K, 100% used [0x00000006c1c00000, 0x00000006d5c00000, 0x00000006d5c00000)
  from space 40960K,   0% used [0x00000006d8400000, 0x00000006d8401020, 0x00000006dac00000)
  to   space 40960K,   0% used [0x00000006d5c00000, 0x00000006d5c00000, 0x00000006d8400000)
 concurrent mark-sweep generation total 3756032K, used 1080802K [0x00000006dac00000, 0x00000007c0000000, 0x00000007c0000000)
 Metaspace       used 42573K, capacity 43892K, committed 44572K, reserved 1087488K
  class space    used 5454K, capacity 5756K, committed 5960K, reserved 1048576K
2020-07-01T08:29:41.151+0200: 399935.794: [GC (Allocation Failure) 2020-07-01T08:29:41.151+0200: 399935.794: [ParNew
Desired survivor size 20971520 bytes, new threshold 1 (max 1)
- age   1:        304 bytes,        304 total
: 327684K->4K(368640K), 0.0088779 secs] 1408486K->1080806K(4124672K), 0.0089880 secs] [Times: user=0.03 sys=0.00, real=0.01 secs] 
Heap after GC invocations=495266 (full 2):
 par new generation   total 368640K, used 4K [0x00000006c1c00000, 0x00000006dac00000, 0x00000006dac00000)
  eden space 327680K,   0% used [0x00000006c1c00000, 0x00000006c1c00000, 0x00000006d5c00000)
  from space 40960K,   0% used [0x00000006d5c00000, 0x00000006d5c01020, 0x00000006d8400000)
  to   space 40960K,   0% used [0x00000006d8400000, 0x00000006d8400000, 0x00000006dac00000)
 concurrent mark-sweep generation total 3756032K, used 1080802K [0x00000006dac00000, 0x00000007c0000000, 0x00000007c0000000)
 Metaspace       used 42573K, capacity 43892K, committed 44572K, reserved 1087488K
  class space    used 5454K, capacity 5756K, committed 5960K, reserved 1048576K
}
2020-07-01T08:29:41.160+0200: 399935.803: Total time for which application threads were stopped: 0.0093380 seconds, Stopping threads took: 0.0001081 seconds
{Heap before GC invocations=495266 (full 2):
 par new generation   total 368640K, used 327684K [0x00000006c1c00000, 0x00000006dac00000, 0x00000006dac00000)
  eden space 327680K, 100% used [0x00000006c1c00000, 0x00000006d5c00000, 0x00000006d5c00000)
  from space 40960K,   0% used [0x00000006d5c00000, 0x00000006d5c01020, 0x00000006d8400000)
  to   space 40960K,   0% used [0x00000006d8400000, 0x00000006d8400000, 0x00000006dac00000)
 concurrent mark-sweep generation total 3756032K, used 1080802K [0x00000006dac00000, 0x00000007c0000000, 0x00000007c0000000)
 Metaspace       used 42573K, capacity 43892K, committed 44572K, reserved 1087488K
  class space    used 5454K, capacity 5756K, committed 5960K, reserved 1048576K
2020-07-01T08:29:41.454+0200: 399936.097: [GC (Allocation Failure) 2020-07-01T08:29:41.454+0200: 399936.097: [ParNew
Desired survivor size 20971520 bytes, new threshold 1 (max 1)
- age   1:        240 bytes,        240 total
: 327684K->6K(368640K), 0.0071440 secs] 1408486K->1080809K(4124672K), 0.0072575 secs] [Times: user=0.00 sys=0.00, real=0.01 secs] 
Heap after GC invocations=495267 (full 2):
 par new generation   total 368640K, used 6K [0x00000006c1c00000, 0x00000006dac00000, 0x00000006dac00000)
  eden space 327680K,   0% used [0x00000006c1c00000, 0x00000006c1c00000, 0x00000006d5c00000)
  from space 40960K,   0% used [0x00000006d8400000, 0x00000006d8401830, 0x00000006dac00000)
  to   space 40960K,   0% used [0x00000006d5c00000, 0x00000006d5c00000, 0x00000006d8400000)
 concurrent mark-sweep generation total 3756032K, used 1080802K [0x00000006dac00000, 0x00000007c0000000, 0x00000007c0000000)
 Metaspace       used 42573K, capacity 43892K, committed 44572K, reserved 1087488K
  class space    used 5454K, capacity 5756K, committed 5960K, reserved 1048576K
}
2020-07-01T08:29:41.462+0200: 399936.105: Total time for which application threads were stopped: 0.0083680 seconds, Stopping threads took: 0.0001098 seconds
{Heap before GC invocations=495267 (full 2):
 par new generation   total 368640K, used 327686K [0x00000006c1c00000, 0x00000006dac00000, 0x00000006dac00000)
  eden space 327680K, 100% used [0x00000006c1c00000, 0x00000006d5c00000, 0x00000006d5c00000)
  from space 40960K,   0% used [0x00000006d8400000, 0x00000006d8401830, 0x00000006dac00000)
  to   space 40960K,   0% used [0x00000006d5c00000, 0x00000006d5c00000, 0x00000006d8400000)
 concurrent mark-sweep generation total 3756032K, used 1080802K [0x00000006dac00000, 0x00000007c0000000, 0x00000007c0000000)
 Metaspace       used 42573K, capacity 43892K, committed 44572K, reserved 1087488K
  class space    used 5454K, capacity 5756K, committed 5960K, reserved 1048576K
2020-07-01T08:29:41.742+0200: 399936.385: [GC (Allocation Failure) 2020-07-01T08:29:41.742+0200: 399936.385: [ParNew
Desired survivor size 20971520 bytes, new threshold 1 (max 1)
- age   1:        240 bytes,        240 total
: 327686K->4K(368640K), 0.0112471 secs] 1408489K->1080807K(4124672K), 0.0113578 secs] [Times: user=0.00 sys=0.00, real=0.01 secs] 
Heap after GC invocations=495268 (full 2):
 par new generation   total 368640K, used 4K [0x00000006c1c00000, 0x00000006dac00000, 0x00000006dac00000)
  eden space 327680K,   0% used [0x00000006c1c00000, 0x00000006c1c00000, 0x00000006d5c00000)
  from space 40960K,   0% used [0x00000006d5c00000, 0x00000006d5c01020, 0x00000006d8400000)
  to   space 40960K,   0% used [0x00000006d8400000, 0x00000006d8400000, 0x00000006dac00000)
 concurrent mark-sweep generation total 3756032K, used 1080802K [0x00000006dac00000, 0x00000007c0000000, 0x00000007c0000000)
 Metaspace       used 42573K, capacity 43892K, committed 44572K, reserved 1087488K
  class space    used 5454K, capacity 5756K, committed 5960K, reserved 1048576K
}
2020-07-01T08:29:41.754+0200: 399936.396: Total time for which application threads were stopped: 0.0116627 seconds, Stopping threads took: 0.0000557 seconds
{Heap before GC invocations=495268 (full 2):
 par new generation   total 368640K, used 327684K [0x00000006c1c00000, 0x00000006dac00000, 0x00000006dac00000)
  eden space 327680K, 100% used [0x00000006c1c00000, 0x00000006d5c00000, 0x00000006d5c00000)
  from space 40960K,   0% used [0x00000006d5c00000, 0x00000006d5c01020, 0x00000006d8400000)
  to   space 40960K,   0% used [0x00000006d8400000, 0x00000006d8400000, 0x00000006dac00000)
 concurrent mark-sweep generation total 3756032K, used 1080802K [0x00000006dac00000, 0x00000007c0000000, 0x00000007c0000000)
 Metaspace       used 42573K, capacity 43892K, committed 44572K, reserved 1087488K
  class space    used 5454K, capacity 5756K, committed 5960K, reserved 1048576K
2020-07-01T08:29:42.031+0200: 399936.674: [GC (Allocation Failure) 2020-07-01T08:29:42.031+0200: 399936.674: [ParNew
Desired survivor size 20971520 bytes, new threshold 1 (max 1)
- age   1:        336 bytes,        336 total
: 327684K->4K(368640K), 0.0158629 secs] 1408487K->1080807K(4124672K), 0.0159894 secs] [Times: user=0.03 sys=0.00, real=0.01 secs] 
Heap after GC invocations=495269 (full 2):
 par new generation   total 368640K, used 4K [0x00000006c1c00000, 0x00000006dac00000, 0x00000006dac00000)
  eden space 327680K,   0% used [0x00000006c1c00000, 0x00000006c1c00000, 0x00000006d5c00000)
  from space 40960K,   0% used [0x00000006d8400000, 0x00000006d8401020, 0x00000006dac00000)
  to   space 40960K,   0% used [0x00000006d5c00000, 0x00000006d5c00000, 0x00000006d8400000)
 concurrent mark-sweep generation total 3756032K, used 1080802K [0x00000006dac00000, 0x00000007c0000000, 0x00000007c0000000)
 Metaspace       used 42573K, capacity 43892K, committed 44572K, reserved 1087488K
  class space    used 5454K, capacity 5756K, committed 5960K, reserved 1048576K
}
2020-07-01T08:29:42.047+0200: 399936.690: Total time for which application threads were stopped: 0.0162727 seconds, Stopping threads took: 0.0000507 seconds
{Heap before GC invocations=495269 (full 2):
 par new generation   total 368640K, used 327684K [0x00000006c1c00000, 0x00000006dac00000, 0x00000006dac00000)
  eden space 327680K, 100% used [0x00000006c1c00000, 0x00000006d5c00000, 0x00000006d5c00000)
  from space 40960K,   0% used [0x00000006d8400000, 0x00000006d8401020, 0x00000006dac00000)
  to   space 40960K,   0% used [0x00000006d5c00000, 0x00000006d5c00000, 0x00000006d8400000)
 concurrent mark-sweep generation total 3756032K, used 1080802K [0x00000006dac00000, 0x00000007c0000000, 0x00000007c0000000)
 Metaspace       used 42573K, capacity 43892K, committed 44572K, reserved 1087488K
  class space    used 5454K, capacity 5756K, committed 5960K, reserved 1048576K
2020-07-01T08:29:42.374+0200: 399937.017: [GC (Allocation Failure) 2020-07-01T08:29:42.374+0200: 399937.017: [ParNew
Desired survivor size 20971520 bytes, new threshold 1 (max 1)
- age   1:        240 bytes,        240 total
: 327684K->4K(368640K), 0.0154424 secs] 1408487K->1080807K(4124672K), 0.0155746 secs] [Times: user=0.03 sys=0.00, real=0.02 secs] 
Heap after GC invocations=495270 (full 2):
 par new generation   total 368640K, used 4K [0x00000006c1c00000, 0x00000006dac00000, 0x00000006dac00000)
  eden space 327680K,   0% used [0x00000006c1c00000, 0x00000006c1c00000, 0x00000006d5c00000)
  from space 40960K,   0% used [0x00000006d5c00000, 0x00000006d5c01020, 0x00000006d8400000)
  to   space 40960K,   0% used [0x00000006d8400000, 0x00000006d8400000, 0x00000006dac00000)
 concurrent mark-sweep generation total 3756032K, used 1080803K [0x00000006dac00000, 0x00000007c0000000, 0x00000007c0000000)
 Metaspace       used 42573K, capacity 43892K, committed 44572K, reserved 1087488K
  class space    used 5454K, capacity 5756K, committed 5960K, reserved 1048576K
}
2020-07-01T08:29:42.390+0200: 399937.033: Total time for which application threads were stopped: 0.0158580 seconds, Stopping threads took: 0.0000489 seconds
{Heap before GC invocations=495270 (full 2):
 par new generation   total 368640K, used 327684K [0x00000006c1c00000, 0x00000006dac00000, 0x00000006dac00000)
  eden space 327680K, 100% used [0x00000006c1c00000, 0x00000006d5c00000, 0x00000006d5c00000)
  from space 40960K,   0% used [0x00000006d5c00000, 0x00000006d5c01020, 0x00000006d8400000)
  to   space 40960K,   0% used [0x00000006d8400000, 0x00000006d8400000, 0x00000006dac00000)
 concurrent mark-sweep generation total 3756032K, used 1080803K [0x00000006dac00000, 0x00000007c0000000, 0x00000007c0000000)
 Metaspace       used 42573K, capacity 43892K, committed 44572K, reserved 1087488K
  class space    used 5454K, capacity 5756K, committed 5960K, reserved 1048576K
2020-07-01T08:29:42.699+0200: 399937.342: [GC (Allocation Failure) 2020-07-01T08:29:42.699+0200: 399937.342: [ParNew
Desired survivor size 20971520 bytes, new threshold 1 (max 1)
- age   1:        240 bytes,        240 total
: 327684K->6K(368640K), 0.0066536 secs] 1408487K->1080809K(4124672K), 0.0067746 secs] [Times: user=0.00 sys=0.00, real=0.00 secs] 
Heap after GC invocations=495271 (full 2):
 par new generation   total 368640K, used 6K [0x00000006c1c00000, 0x00000006dac00000, 0x00000006dac00000)
  eden space 327680K,   0% used [0x00000006c1c00000, 0x00000006c1c00000, 0x00000006d5c00000)
  from space 40960K,   0% used [0x00000006d8400000, 0x00000006d8401830, 0x00000006dac00000)
  to   space 40960K,   0% used [0x00000006d5c00000, 0x00000006d5c00000, 0x00000006d8400000)
 concurrent mark-sweep generation total 3756032K, used 1080803K [0x00000006dac00000, 0x00000007c0000000, 0x00000007c0000000)
 Metaspace       used 42573K, capacity 43892K, committed 44572K, reserved 1087488K
  class space    used 5454K, capacity 5756K, committed 5960K, reserved 1048576K
}
2020-07-01T08:29:42.706+0200: 399937.349: Total time for which application threads were stopped: 0.0071409 seconds, Stopping threads took: 0.0001304 seconds
{Heap before GC invocations=495271 (full 2):
 par new generation   total 368640K, used 327686K [0x00000006c1c00000, 0x00000006dac00000, 0x00000006dac00000)
  eden space 327680K, 100% used [0x00000006c1c00000, 0x00000006d5c00000, 0x00000006d5c00000)
  from space 40960K,   0% used [0x00000006d8400000, 0x00000006d8401830, 0x00000006dac00000)
  to   space 40960K,   0% used [0x00000006d5c00000, 0x00000006d5c00000, 0x00000006d8400000)
 concurrent mark-sweep generation total 3756032K, used 1080803K [0x00000006dac00000, 0x00000007c0000000, 0x00000007c0000000)
 Metaspace       used 42573K, capacity 43892K, committed 44572K, reserved 1087488K
  class space    used 5454K, capacity 5756K, committed 5960K, reserved 1048576K
2020-07-01T08:29:43.002+0200: 399937.645: [GC (Allocation Failure) 2020-07-01T08:29:43.002+0200: 399937.645: [ParNew
Desired survivor size 20971520 bytes, new threshold 1 (max 1)
- age   1:        240 bytes,        240 total
: 327686K->4K(368640K), 0.0112543 secs] 1408489K->1080807K(4124672K), 0.0113886 secs] [Times: user=0.02 sys=0.00, real=0.01 secs] 
Heap after GC invocations=495272 (full 2):
 par new generation   total 368640K, used 4K [0x00000006c1c00000, 0x00000006dac00000, 0x00000006dac00000)
  eden space 327680K,   0% used [0x00000006c1c00000, 0x00000006c1c00000, 0x00000006d5c00000)
  from space 40960K,   0% used [0x00000006d5c00000, 0x00000006d5c01020, 0x00000006d8400000)
  to   space 40960K,   0% used [0x00000006d8400000, 0x00000006d8400000, 0x00000006dac00000)
 concurrent mark-sweep generation total 3756032K, used 1080803K [0x00000006dac00000, 0x00000007c0000000, 0x00000007c0000000)
 Metaspace       used 42573K, capacity 43892K, committed 44572K, reserved 1087488K
  class space    used 5454K, capacity 5756K, committed 5960K, reserved 1048576K
}
2020-07-01T08:29:43.013+0200: 399937.656: Total time for which application threads were stopped: 0.0116853 seconds, Stopping threads took: 0.0000510 seconds
{Heap before GC invocations=495272 (full 2):
 par new generation   total 368640K, used 327684K [0x00000006c1c00000, 0x00000006dac00000, 0x00000006dac00000)
  eden space 327680K, 100% used [0x00000006c1c00000, 0x00000006d5c00000, 0x00000006d5c00000)
  from space 40960K,   0% used [0x00000006d5c00000, 0x00000006d5c01020, 0x00000006d8400000)
  to   space 40960K,   0% used [0x00000006d8400000, 0x00000006d8400000, 0x00000006dac00000)
 concurrent mark-sweep generation total 3756032K, used 1080803K [0x00000006dac00000, 0x00000007c0000000, 0x00000007c0000000)
 Metaspace       used 42573K, capacity 43892K, committed 44572K, reserved 1087488K
  class space    used 5454K, capacity 5756K, committed 5960K, reserved 1048576K
2020-07-01T08:29:43.311+0200: 399937.954: [GC (Allocation Failure) 2020-07-01T08:29:43.311+0200: 399937.954: [ParNew
Desired survivor size 20971520 bytes, new threshold 1 (max 1)
- age   1:        304 bytes,        304 total
: 327684K->4K(368640K), 0.0101513 secs] 1408487K->1080807K(4124672K), 0.0102624 secs] [Times: user=0.00 sys=0.00, real=0.01 secs] 
Heap after GC invocations=495273 (full 2):
 par new generation   total 368640K, used 4K [0x00000006c1c00000, 0x00000006dac00000, 0x00000006dac00000)
  eden space 327680K,   0% used [0x00000006c1c00000, 0x00000006c1c00000, 0x00000006d5c00000)
  from space 40960K,   0% used [0x00000006d8400000, 0x00000006d8401020, 0x00000006dac00000)
  to   space 40960K,   0% used [0x00000006d5c00000, 0x00000006d5c00000, 0x00000006d8400000)
 concurrent mark-sweep generation total 3756032K, used 1080803K [0x00000006dac00000, 0x00000007c0000000, 0x00000007c0000000)
 Metaspace       used 42573K, capacity 43892K, committed 44572K, reserved 1087488K
  class space    used 5454K, capacity 5756K, committed 5960K, reserved 1048576K
}
2020-07-01T08:29:43.322+0200: 399937.964: Total time for which application threads were stopped: 0.0106153 seconds, Stopping threads took: 0.0000982 seconds
{Heap before GC invocations=495273 (full 2):
 par new generation   total 368640K, used 327684K [0x00000006c1c00000, 0x00000006dac00000, 0x00000006dac00000)
  eden space 327680K, 100% used [0x00000006c1c00000, 0x00000006d5c00000, 0x00000006d5c00000)
  from space 40960K,   0% used [0x00000006d8400000, 0x00000006d8401020, 0x00000006dac00000)
  to   space 40960K,   0% used [0x00000006d5c00000, 0x00000006d5c00000, 0x00000006d8400000)
 concurrent mark-sweep generation total 3756032K, used 1080803K [0x00000006dac00000, 0x00000007c0000000, 0x00000007c0000000)
 Metaspace       used 42573K, capacity 43892K, committed 44572K, reserved 1087488K
  class space    used 5454K, capacity 5756K, committed 5960K, reserved 1048576K
2020-07-01T08:29:43.617+0200: 399938.260: [GC (Allocation Failure) 2020-07-01T08:29:43.617+0200: 399938.260: [ParNew
Desired survivor size 20971520 bytes, new threshold 1 (max 1)
- age   1:        240 bytes,        240 total
: 327684K->4K(368640K), 0.0095267 secs] 1408487K->1080807K(4124672K), 0.0096488 secs] [Times: user=0.03 sys=0.00, real=0.01 secs] 
Heap after GC invocations=495274 (full 2):
 par new generation   total 368640K, used 4K [0x00000006c1c00000, 0x00000006dac00000, 0x00000006dac00000)
  eden space 327680K,   0% used [0x00000006c1c00000, 0x00000006c1c00000, 0x00000006d5c00000)
  from space 40960K,   0% used [0x00000006d5c00000, 0x00000006d5c01020, 0x00000006d8400000)
  to   space 40960K,   0% used [0x00000006d8400000, 0x00000006d8400000, 0x00000006dac00000)
 concurrent mark-sweep generation total 3756032K, used 1080803K [0x00000006dac00000, 0x00000007c0000000, 0x00000007c0000000)
 Metaspace       used 42573K, capacity 43892K, committed 44572K, reserved 1087488K
  class space    used 5454K, capacity 5756K, committed 5960K, reserved 1048576K
}
2020-07-01T08:29:43.627+0200: 399938.270: Total time for which application threads were stopped: 0.0099965 seconds, Stopping threads took: 0.0001060 seconds
{Heap before GC invocations=495274 (full 2):
 par new generation   total 368640K, used 327684K [0x00000006c1c00000, 0x00000006dac00000, 0x00000006dac00000)
  eden space 327680K, 100% used [0x00000006c1c00000, 0x00000006d5c00000, 0x00000006d5c00000)
  from space 40960K,   0% used [0x00000006d5c00000, 0x00000006d5c01020, 0x00000006d8400000)
  to   space 40960K,   0% used [0x00000006d8400000, 0x00000006d8400000, 0x00000006dac00000)
 concurrent mark-sweep generation total 3756032K, used 1080803K [0x00000006dac00000, 0x00000007c0000000, 0x00000007c0000000)
 Metaspace       used 42573K, capacity 43892K, committed 44572K, reserved 1087488K
  class space    used 5454K, capacity 5756K, committed 5960K, reserved 1048576K
2020-07-01T08:29:43.899+0200: 399938.542: [GC (Allocation Failure) 2020-07-01T08:29:43.899+0200: 399938.542: [ParNew
Desired survivor size 20971520 bytes, new threshold 1 (max 1)
- age   1:        240 bytes,        240 total
: 327684K->2K(368640K), 0.0187312 secs] 1408487K->1080805K(4124672K), 0.0188563 secs] [Times: user=0.03 sys=0.00, real=0.02 secs] 
Heap after GC invocations=495275 (full 2):
 par new generation   total 368640K, used 2K [0x00000006c1c00000, 0x00000006dac00000, 0x00000006dac00000)
  eden space 327680K,   0% used [0x00000006c1c00000, 0x00000006c1c00000, 0x00000006d5c00000)
  from space 40960K,   0% used [0x00000006d8400000, 0x00000006d8400810, 0x00000006dac00000)
  to   space 40960K,   0% used [0x00000006d5c00000, 0x00000006d5c00000, 0x00000006d8400000)
 concurrent mark-sweep generation total 3756032K, used 1080803K [0x00000006dac00000, 0x00000007c0000000, 0x00000007c0000000)
 Metaspace       used 42573K, capacity 43892K, committed 44572K, reserved 1087488K
  class space    used 5454K, capacity 5756K, committed 5960K, reserved 1048576K
}
2020-07-01T08:29:43.918+0200: 399938.561: Total time for which application threads were stopped: 0.0191397 seconds, Stopping threads took: 0.0000492 seconds
{Heap before GC invocations=495275 (full 2):
 par new generation   total 368640K, used 327682K [0x00000006c1c00000, 0x00000006dac00000, 0x00000006dac00000)
  eden space 327680K, 100% used [0x00000006c1c00000, 0x00000006d5c00000, 0x00000006d5c00000)
  from space 40960K,   0% used [0x00000006d8400000, 0x00000006d8400810, 0x00000006dac00000)
  to   space 40960K,   0% used [0x00000006d5c00000, 0x00000006d5c00000, 0x00000006d8400000)
 concurrent mark-sweep generation total 3756032K, used 1080803K [0x00000006dac00000, 0x00000007c0000000, 0x00000007c0000000)
 Metaspace       used 42573K, capacity 43892K, committed 44572K, reserved 1087488K
  class space    used 5454K, capacity 5756K, committed 5960K, reserved 1048576K
2020-07-01T08:29:44.236+0200: 399938.879: [GC (Allocation Failure) 2020-07-01T08:29:44.236+0200: 399938.879: [ParNew
Desired survivor size 20971520 bytes, new threshold 1 (max 1)
- age   1:        304 bytes,        304 total
: 327682K->2K(368640K), 0.0186507 secs] 1408485K->1080805K(4124672K), 0.0187593 secs] [Times: user=0.02 sys=0.00, real=0.02 secs] 
Heap after GC invocations=495276 (full 2):
 par new generation   total 368640K, used 2K [0x00000006c1c00000, 0x00000006dac00000, 0x00000006dac00000)
  eden space 327680K,   0% used [0x00000006c1c00000, 0x00000006c1c00000, 0x00000006d5c00000)
  from space 40960K,   0% used [0x00000006d5c00000, 0x00000006d5c00810, 0x00000006d8400000)
  to   space 40960K,   0% used [0x00000006d8400000, 0x00000006d8400000, 0x00000006dac00000)
 concurrent mark-sweep generation total 3756032K, used 1080803K [0x00000006dac00000, 0x00000007c0000000, 0x00000007c0000000)
 Metaspace       used 42573K, capacity 43892K, committed 44572K, reserved 1087488K
  class space    used 5454K, capacity 5756K, committed 5960K, reserved 1048576K
}
2020-07-01T08:29:44.255+0200: 399938.898: Total time for which application threads were stopped: 0.0192519 seconds, Stopping threads took: 0.0002485 seconds
{Heap before GC invocations=495276 (full 2):
 par new generation   total 368640K, used 327682K [0x00000006c1c00000, 0x00000006dac00000, 0x00000006dac00000)
  eden space 327680K, 100% used [0x00000006c1c00000, 0x00000006d5c00000, 0x00000006d5c00000)
  from space 40960K,   0% used [0x00000006d5c00000, 0x00000006d5c00810, 0x00000006d8400000)
  to   space 40960K,   0% used [0x00000006d8400000, 0x00000006d8400000, 0x00000006dac00000)
 concurrent mark-sweep generation total 3756032K, used 1080803K [0x00000006dac00000, 0x00000007c0000000, 0x00000007c0000000)
 Metaspace       used 42573K, capacity 43892K, committed 44572K, reserved 1087488K
  class space    used 5454K, capacity 5756K, committed 5960K, reserved 1048576K
2020-07-01T08:29:44.555+0200: 399939.198: [GC (Allocation Failure) 2020-07-01T08:29:44.556+0200: 399939.198: [ParNew
Desired survivor size 20971520 bytes, new threshold 1 (max 1)
- age   1:        272 bytes,        272 total
: 327682K->2K(368640K), 0.0247513 secs] 1408485K->1080805K(4124672K), 0.0248965 secs] [Times: user=0.01 sys=0.00, real=0.03 secs] 
Heap after GC invocations=495277 (full 2):
 par new generation   total 368640K, used 2K [0x00000006c1c00000, 0x00000006dac00000, 0x00000006dac00000)
  eden space 327680K,   0% used [0x00000006c1c00000, 0x00000006c1c00000, 0x00000006d5c00000)
  from space 40960K,   0% used [0x00000006d8400000, 0x00000006d8400810, 0x00000006dac00000)
  to   space 40960K,   0% used [0x00000006d5c00000, 0x00000006d5c00000, 0x00000006d8400000)
 concurrent mark-sweep generation total 3756032K, used 1080803K [0x00000006dac00000, 0x00000007c0000000, 0x00000007c0000000)
 Metaspace       used 42573K, capacity 43892K, committed 44572K, reserved 1087488K
  class space    used 5454K, capacity 5756K, committed 5960K, reserved 1048576K
}
2020-07-01T08:29:44.580+0200: 399939.223: Total time for which application threads were stopped: 0.0251807 seconds, Stopping threads took: 0.0000519 seconds
{Heap before GC invocations=495277 (full 2):
 par new generation   total 368640K, used 327682K [0x00000006c1c00000, 0x00000006dac00000, 0x00000006dac00000)
  eden space 327680K, 100% used [0x00000006c1c00000, 0x00000006d5c00000, 0x00000006d5c00000)
  from space 40960K,   0% used [0x00000006d8400000, 0x00000006d8400810, 0x00000006dac00000)
  to   space 40960K,   0% used [0x00000006d5c00000, 0x00000006d5c00000, 0x00000006d8400000)
 concurrent mark-sweep generation total 3756032K, used 1080803K [0x00000006dac00000, 0x00000007c0000000, 0x00000007c0000000)
 Metaspace       used 42573K, capacity 43892K, committed 44572K, reserved 1087488K
  class space    used 5454K, capacity 5756K, committed 5960K, reserved 1048576K
2020-07-01T08:29:44.884+0200: 399939.527: [GC (Allocation Failure) 2020-07-01T08:29:44.885+0200: 399939.527: [ParNew
Desired survivor size 20971520 bytes, new threshold 1 (max 1)
- age   1:        240 bytes,        240 total
: 327682K->4K(368640K), 0.0096521 secs] 1408485K->1080807K(4124672K), 0.0097670 secs] [Times: user=0.03 sys=0.00, real=0.01 secs] 
Heap after GC invocations=495278 (full 2):
 par new generation   total 368640K, used 4K [0x00000006c1c00000, 0x00000006dac00000, 0x00000006dac00000)
  eden space 327680K,   0% used [0x00000006c1c00000, 0x00000006c1c00000, 0x00000006d5c00000)
  from space 40960K,   0% used [0x00000006d5c00000, 0x00000006d5c01020, 0x00000006d8400000)
  to   space 40960K,   0% used [0x00000006d8400000, 0x00000006d8400000, 0x00000006dac00000)
 concurrent mark-sweep generation total 3756032K, used 1080803K [0x00000006dac00000, 0x00000007c0000000, 0x00000007c0000000)
 Metaspace       used 42573K, capacity 43892K, committed 44572K, reserved 1087488K
  class space    used 5454K, capacity 5756K, committed 5960K, reserved 1048576K
}
2020-07-01T08:29:44.894+0200: 399939.537: Total time for which application threads were stopped: 0.0101086 seconds, Stopping threads took: 0.0001097 seconds
{Heap before GC invocations=495278 (full 2):
 par new generation   total 368640K, used 327684K [0x00000006c1c00000, 0x00000006dac00000, 0x00000006dac00000)
  eden space 327680K, 100% used [0x00000006c1c00000, 0x00000006d5c00000, 0x00000006d5c00000)
  from space 40960K,   0% used [0x00000006d5c00000, 0x00000006d5c01020, 0x00000006d8400000)
  to   space 40960K,   0% used [0x00000006d8400000, 0x00000006d8400000, 0x00000006dac00000)
 concurrent mark-sweep generation total 3756032K, used 1080803K [0x00000006dac00000, 0x00000007c0000000, 0x00000007c0000000)
 Metaspace       used 42573K, capacity 43892K, committed 44572K, reserved 1087488K
  class space    used 5454K, capacity 5756K, committed 5960K, reserved 1048576K
2020-07-01T08:29:45.200+0200: 399939.842: [GC (Allocation Failure) 2020-07-01T08:29:45.200+0200: 399939.842: [ParNew
Desired survivor size 20971520 bytes, new threshold 1 (max 1)
- age   1:        304 bytes,        304 total
: 327684K->2K(368640K), 0.0189734 secs] 1408487K->1080805K(4124672K), 0.0190891 secs] [Times: user=0.01 sys=0.00, real=0.02 secs] 
Heap after GC invocations=495279 (full 2):
 par new generation   total 368640K, used 2K [0x00000006c1c00000, 0x00000006dac00000, 0x00000006dac00000)
  eden space 327680K,   0% used [0x00000006c1c00000, 0x00000006c1c00000, 0x00000006d5c00000)
  from space 40960K,   0% used [0x00000006d8400000, 0x00000006d8400810, 0x00000006dac00000)
  to   space 40960K,   0% used [0x00000006d5c00000, 0x00000006d5c00000, 0x00000006d8400000)
 concurrent mark-sweep generation total 3756032K, used 1080803K [0x00000006dac00000, 0x00000007c0000000, 0x00000007c0000000)
 Metaspace       used 42573K, capacity 43892K, committed 44572K, reserved 1087488K
  class space    used 5454K, capacity 5756K, committed 5960K, reserved 1048576K
}
2020-07-01T08:29:45.219+0200: 399939.862: Total time for which application threads were stopped: 0.0193808 seconds, Stopping threads took: 0.0000514 seconds
{Heap before GC invocations=495279 (full 2):
 par new generation   total 368640K, used 327682K [0x00000006c1c00000, 0x00000006dac00000, 0x00000006dac00000)
  eden space 327680K, 100% used [0x00000006c1c00000, 0x00000006d5c00000, 0x00000006d5c00000)
  from space 40960K,   0% used [0x00000006d8400000, 0x00000006d8400810, 0x00000006dac00000)
  to   space 40960K,   0% used [0x00000006d5c00000, 0x00000006d5c00000, 0x00000006d8400000)
 concurrent mark-sweep generation total 3756032K, used 1080803K [0x00000006dac00000, 0x00000007c0000000, 0x00000007c0000000)
 Metaspace       used 42573K, capacity 43892K, committed 44572K, reserved 1087488K
  class space    used 5454K, capacity 5756K, committed 5960K, reserved 1048576K
2020-07-01T08:29:45.491+0200: 399940.133: [GC (Allocation Failure) 2020-07-01T08:29:45.491+0200: 399940.133: [ParNew
Desired survivor size 20971520 bytes, new threshold 1 (max 1)
- age   1:        240 bytes,        240 total
: 327682K->4K(368640K), 0.0107910 secs] 1408485K->1080807K(4124672K), 0.0109127 secs] [Times: user=0.03 sys=0.00, real=0.01 secs] 
Heap after GC invocations=495280 (full 2):
 par new generation   total 368640K, used 4K [0x00000006c1c00000, 0x00000006dac00000, 0x00000006dac00000)
  eden space 327680K,   0% used [0x00000006c1c00000, 0x00000006c1c00000, 0x00000006d5c00000)
  from space 40960K,   0% used [0x00000006d5c00000, 0x00000006d5c01020, 0x00000006d8400000)
  to   space 40960K,   0% used [0x00000006d8400000, 0x00000006d8400000, 0x00000006dac00000)
 concurrent mark-sweep generation total 3756032K, used 1080803K [0x00000006dac00000, 0x00000007c0000000, 0x00000007c0000000)
 Metaspace       used 42573K, capacity 43892K, committed 44572K, reserved 1087488K
  class space    used 5454K, capacity 5756K, committed 5960K, reserved 1048576K
}
2020-07-01T08:29:45.502+0200: 399940.144: Total time for which application threads were stopped: 0.0112662 seconds, Stopping threads took: 0.0001044 seconds
{Heap before GC invocations=495280 (full 2):
 par new generation   total 368640K, used 327684K [0x00000006c1c00000, 0x00000006dac00000, 0x00000006dac00000)
  eden space 327680K, 100% used [0x00000006c1c00000, 0x00000006d5c00000, 0x00000006d5c00000)
  from space 40960K,   0% used [0x00000006d5c00000, 0x00000006d5c01020, 0x00000006d8400000)
  to   space 40960K,   0% used [0x00000006d8400000, 0x00000006d8400000, 0x00000006dac00000)
 concurrent mark-sweep generation total 3756032K, used 1080803K [0x00000006dac00000, 0x00000007c0000000, 0x00000007c0000000)
 Metaspace       used 42573K, capacity 43892K, committed 44572K, reserved 1087488K
  class space    used 5454K, capacity 5756K, committed 5960K, reserved 1048576K
2020-07-01T08:29:45.787+0200: 399940.429: [GC (Allocation Failure) 2020-07-01T08:29:45.787+0200: 399940.430: [ParNew
Desired survivor size 20971520 bytes, new threshold 1 (max 1)
- age   1:        696 bytes,        696 total
: 327684K->4K(368640K), 0.0150323 secs] 1408487K->1080807K(4124672K), 0.0151548 secs] [Times: user=0.02 sys=0.00, real=0.02 secs] 
Heap after GC invocations=495281 (full 2):
 par new generation   total 368640K, used 4K [0x00000006c1c00000, 0x00000006dac00000, 0x00000006dac00000)
  eden space 327680K,   0% used [0x00000006c1c00000, 0x00000006c1c00000, 0x00000006d5c00000)
  from space 40960K,   0% used [0x00000006d8400000, 0x00000006d8401020, 0x00000006dac00000)
  to   space 40960K,   0% used [0x00000006d5c00000, 0x00000006d5c00000, 0x00000006d8400000)
 concurrent mark-sweep generation total 3756032K, used 1080803K [0x00000006dac00000, 0x00000007c0000000, 0x00000007c0000000)
 Metaspace       used 42573K, capacity 43892K, committed 44572K, reserved 1087488K
  class space    used 5454K, capacity 5756K, committed 5960K, reserved 1048576K
}
2020-07-01T08:29:45.802+0200: 399940.445: Total time for which application threads were stopped: 0.0154353 seconds, Stopping threads took: 0.0000517 seconds
{Heap before GC invocations=495281 (full 2):
 par new generation   total 368640K, used 327684K [0x00000006c1c00000, 0x00000006dac00000, 0x00000006dac00000)
  eden space 327680K, 100% used [0x00000006c1c00000, 0x00000006d5c00000, 0x00000006d5c00000)
  from space 40960K,   0% used [0x00000006d8400000, 0x00000006d8401020, 0x00000006dac00000)
  to   space 40960K,   0% used [0x00000006d5c00000, 0x00000006d5c00000, 0x00000006d8400000)
 concurrent mark-sweep generation total 3756032K, used 1080803K [0x00000006dac00000, 0x00000007c0000000, 0x00000007c0000000)
 Metaspace       used 42573K, capacity 43892K, committed 44572K, reserved 1087488K
  class space    used 5454K, capacity 5756K, committed 5960K, reserved 1048576K
2020-07-01T08:29:46.103+0200: 399940.746: [GC (Allocation Failure) 2020-07-01T08:29:46.103+0200: 399940.746: [ParNew
Desired survivor size 20971520 bytes, new threshold 1 (max 1)
- age   1:        304 bytes,        304 total
: 327684K->4K(368640K), 0.0077162 secs] 1408487K->1080807K(4124672K), 0.0078256 secs] [Times: user=0.03 sys=0.00, real=0.01 secs] 
Heap after GC invocations=495282 (full 2):
 par new generation   total 368640K, used 4K [0x00000006c1c00000, 0x00000006dac00000, 0x00000006dac00000)
  eden space 327680K,   0% used [0x00000006c1c00000, 0x00000006c1c00000, 0x00000006d5c00000)
  from space 40960K,   0% used [0x00000006d5c00000, 0x00000006d5c01020, 0x00000006d8400000)
  to   space 40960K,   0% used [0x00000006d8400000, 0x00000006d8400000, 0x00000006dac00000)
 concurrent mark-sweep generation total 3756032K, used 1080803K [0x00000006dac00000, 0x00000007c0000000, 0x00000007c0000000)
 Metaspace       used 42573K, capacity 43892K, committed 44572K, reserved 1087488K
  class space    used 5454K, capacity 5756K, committed 5960K, reserved 1048576K
}
2020-07-01T08:29:46.111+0200: 399940.754: Total time for which application threads were stopped: 0.0081233 seconds, Stopping threads took: 0.0000550 seconds
{Heap before GC invocations=495282 (full 2):
 par new generation   total 368640K, used 327684K [0x00000006c1c00000, 0x00000006dac00000, 0x00000006dac00000)
  eden space 327680K, 100% used [0x00000006c1c00000, 0x00000006d5c00000, 0x00000006d5c00000)
  from space 40960K,   0% used [0x00000006d5c00000, 0x00000006d5c01020, 0x00000006d8400000)
  to   space 40960K,   0% used [0x00000006d8400000, 0x00000006d8400000, 0x00000006dac00000)
 concurrent mark-sweep generation total 3756032K, used 1080803K [0x00000006dac00000, 0x00000007c0000000, 0x00000007c0000000)
 Metaspace       used 42573K, capacity 43892K, committed 44572K, reserved 1087488K
  class space    used 5454K, capacity 5756K, committed 5960K, reserved 1048576K
2020-07-01T08:29:46.397+0200: 399941.040: [GC (Allocation Failure) 2020-07-01T08:29:46.397+0200: 399941.040: [ParNew
Desired survivor size 20971520 bytes, new threshold 1 (max 1)
- age   1:        240 bytes,        240 total
: 327684K->4K(368640K), 0.0119536 secs] 1408487K->1080807K(4124672K), 0.0120894 secs] [Times: user=0.03 sys=0.00, real=0.02 secs] 
Heap after GC invocations=495283 (full 2):
 par new generation   total 368640K, used 4K [0x00000006c1c00000, 0x00000006dac00000, 0x00000006dac00000)
  eden space 327680K,   0% used [0x00000006c1c00000, 0x00000006c1c00000, 0x00000006d5c00000)
  from space 40960K,   0% used [0x00000006d8400000, 0x00000006d8401020, 0x00000006dac00000)
  to   space 40960K,   0% used [0x00000006d5c00000, 0x00000006d5c00000, 0x00000006d8400000)
 concurrent mark-sweep generation total 3756032K, used 1080803K [0x00000006dac00000, 0x00000007c0000000, 0x00000007c0000000)
 Metaspace       used 42573K, capacity 43892K, committed 44572K, reserved 1087488K
  class space    used 5454K, capacity 5756K, committed 5960K, reserved 1048576K
}
2020-07-01T08:29:46.409+0200: 399941.052: Total time for which application threads were stopped: 0.0123727 seconds, Stopping threads took: 0.0000477 seconds
{Heap before GC invocations=495283 (full 2):
 par new generation   total 368640K, used 327684K [0x00000006c1c00000, 0x00000006dac00000, 0x00000006dac00000)
  eden space 327680K, 100% used [0x00000006c1c00000, 0x00000006d5c00000, 0x00000006d5c00000)
  from space 40960K,   0% used [0x00000006d8400000, 0x00000006d8401020, 0x00000006dac00000)
  to   space 40960K,   0% used [0x00000006d5c00000, 0x00000006d5c00000, 0x00000006d8400000)
 concurrent mark-sweep generation total 3756032K, used 1080803K [0x00000006dac00000, 0x00000007c0000000, 0x00000007c0000000)
 Metaspace       used 42573K, capacity 43892K, committed 44572K, reserved 1087488K
  class space    used 5454K, capacity 5756K, committed 5960K, reserved 1048576K
2020-07-01T08:29:46.717+0200: 399941.359: [GC (Allocation Failure) 2020-07-01T08:29:46.717+0200: 399941.360: [ParNew
Desired survivor size 20971520 bytes, new threshold 1 (max 1)
- age   1:        272 bytes,        272 total
: 327684K->4K(368640K), 0.0112075 secs] 1408487K->1080807K(4124672K), 0.0113354 secs] [Times: user=0.00 sys=0.00, real=0.02 secs] 
Heap after GC invocations=495284 (full 2):
 par new generation   total 368640K, used 4K [0x00000006c1c00000, 0x00000006dac00000, 0x00000006dac00000)
  eden space 327680K,   0% used [0x00000006c1c00000, 0x00000006c1c00000, 0x00000006d5c00000)
  from space 40960K,   0% used [0x00000006d5c00000, 0x00000006d5c01020, 0x00000006d8400000)
  to   space 40960K,   0% used [0x00000006d8400000, 0x00000006d8400000, 0x00000006dac00000)
 concurrent mark-sweep generation total 3756032K, used 1080803K [0x00000006dac00000, 0x00000007c0000000, 0x00000007c0000000)
 Metaspace       used 42573K, capacity 43892K, committed 44572K, reserved 1087488K
  class space    used 5454K, capacity 5756K, committed 5960K, reserved 1048576K
}
2020-07-01T08:29:46.728+0200: 399941.371: Total time for which application threads were stopped: 0.0122735 seconds, Stopping threads took: 0.0000956 seconds
{Heap before GC invocations=495284 (full 2):
 par new generation   total 368640K, used 327684K [0x00000006c1c00000, 0x00000006dac00000, 0x00000006dac00000)
  eden space 327680K, 100% used [0x00000006c1c00000, 0x00000006d5c00000, 0x00000006d5c00000)
  from space 40960K,   0% used [0x00000006d5c00000, 0x00000006d5c01020, 0x00000006d8400000)
  to   space 40960K,   0% used [0x00000006d8400000, 0x00000006d8400000, 0x00000006dac00000)
 concurrent mark-sweep generation total 3756032K, used 1080803K [0x00000006dac00000, 0x00000007c0000000, 0x00000007c0000000)
 Metaspace       used 42573K, capacity 43892K, committed 44572K, reserved 1087488K
  class space    used 5454K, capacity 5756K, committed 5960K, reserved 1048576K
2020-07-01T08:29:47.082+0200: 399941.725: [GC (Allocation Failure) 2020-07-01T08:29:47.082+0200: 399941.725: [ParNew
Desired survivor size 20971520 bytes, new threshold 1 (max 1)
- age   1:        272 bytes,        272 total
: 327684K->2K(368640K), 0.0889201 secs] 1408487K->1080805K(4124672K), 0.0890328 secs] [Times: user=0.01 sys=0.00, real=0.09 secs] 
Heap after GC invocations=495285 (full 2):
 par new generation   total 368640K, used 2K [0x00000006c1c00000, 0x00000006dac00000, 0x00000006dac00000)
  eden space 327680K,   0% used [0x00000006c1c00000, 0x00000006c1c00000, 0x00000006d5c00000)
  from space 40960K,   0% used [0x00000006d8400000, 0x00000006d8400810, 0x00000006dac00000)
  to   space 40960K,   0% used [0x00000006d5c00000, 0x00000006d5c00000, 0x00000006d8400000)
 concurrent mark-sweep generation total 3756032K, used 1080803K [0x00000006dac00000, 0x00000007c0000000, 0x00000007c0000000)
 Metaspace       used 42573K, capacity 43892K, committed 44572K, reserved 1087488K
  class space    used 5454K, capacity 5756K, committed 5960K, reserved 1048576K
}
2020-07-01T08:29:47.171+0200: 399941.814: Total time for which application threads were stopped: 0.0900854 seconds, Stopping threads took: 0.0007416 seconds
{Heap before GC invocations=495285 (full 2):
 par new generation   total 368640K, used 327682K [0x00000006c1c00000, 0x00000006dac00000, 0x00000006dac00000)
  eden space 327680K, 100% used [0x00000006c1c00000, 0x00000006d5c00000, 0x00000006d5c00000)
  from space 40960K,   0% used [0x00000006d8400000, 0x00000006d8400810, 0x00000006dac00000)
  to   space 40960K,   0% used [0x00000006d5c00000, 0x00000006d5c00000, 0x00000006d8400000)
 concurrent mark-sweep generation total 3756032K, used 1080803K [0x00000006dac00000, 0x00000007c0000000, 0x00000007c0000000)
 Metaspace       used 42573K, capacity 43892K, committed 44572K, reserved 1087488K
  class space    used 5454K, capacity 5756K, committed 5960K, reserved 1048576K
2020-07-01T08:29:47.645+0200: 399942.287: [GC (Allocation Failure) 2020-07-01T08:29:47.645+0200: 399942.287: [ParNew
Desired survivor size 20971520 bytes, new threshold 1 (max 1)
- age   1:        568 bytes,        568 total
: 327682K->2K(368640K), 0.0459582 secs] 1408485K->1080805K(4124672K), 0.0460661 secs] [Times: user=0.02 sys=0.00, real=0.05 secs] 
Heap after GC invocations=495286 (full 2):
 par new generation   total 368640K, used 2K [0x00000006c1c00000, 0x00000006dac00000, 0x00000006dac00000)
  eden space 327680K,   0% used [0x00000006c1c00000, 0x00000006c1c00000, 0x00000006d5c00000)
  from space 40960K,   0% used [0x00000006d5c00000, 0x00000006d5c00810, 0x00000006d8400000)
  to   space 40960K,   0% used [0x00000006d8400000, 0x00000006d8400000, 0x00000006dac00000)
 concurrent mark-sweep generation total 3756032K, used 1080803K [0x00000006dac00000, 0x00000007c0000000, 0x00000007c0000000)
 Metaspace       used 42573K, capacity 43892K, committed 44572K, reserved 1087488K
  class space    used 5454K, capacity 5756K, committed 5960K, reserved 1048576K
}
2020-07-01T08:29:47.691+0200: 399942.334: Total time for which application threads were stopped: 0.0463719 seconds, Stopping threads took: 0.0000496 seconds
{Heap before GC invocations=495286 (full 2):
 par new generation   total 368640K, used 327682K [0x00000006c1c00000, 0x00000006dac00000, 0x00000006dac00000)
  eden space 327680K, 100% used [0x00000006c1c00000, 0x00000006d5c00000, 0x00000006d5c00000)
  from space 40960K,   0% used [0x00000006d5c00000, 0x00000006d5c00810, 0x00000006d8400000)
  to   space 40960K,   0% used [0x00000006d8400000, 0x00000006d8400000, 0x00000006dac00000)
 concurrent mark-sweep generation total 3756032K, used 1080803K [0x00000006dac00000, 0x00000007c0000000, 0x00000007c0000000)
 Metaspace       used 42573K, capacity 43892K, committed 44572K, reserved 1087488K
  class space    used 5454K, capacity 5756K, committed 5960K, reserved 1048576K
2020-07-01T08:29:48.196+0200: 399942.839: [GC (Allocation Failure) 2020-07-01T08:29:48.197+0200: 399942.839: [ParNew
Desired survivor size 20971520 bytes, new threshold 1 (max 1)
- age   1:        240 bytes,        240 total
: 327682K->2K(368640K), 0.0827286 secs] 1408485K->1080806K(4124672K), 0.0829505 secs] [Times: user=0.03 sys=0.00, real=0.09 secs] 
Heap after GC invocations=495287 (full 2):
 par new generation   total 368640K, used 2K [0x00000006c1c00000, 0x00000006dac00000, 0x00000006dac00000)
  eden space 327680K,   0% used [0x00000006c1c00000, 0x00000006c1c00000, 0x00000006d5c00000)
  from space 40960K,   0% used [0x00000006d8400000, 0x00000006d8400810, 0x00000006dac00000)
  to   space 40960K,   0% used [0x00000006d5c00000, 0x00000006d5c00000, 0x00000006d8400000)
 concurrent mark-sweep generation total 3756032K, used 1080804K [0x00000006dac00000, 0x00000007c0000000, 0x00000007c0000000)
 Metaspace       used 42573K, capacity 43892K, committed 44572K, reserved 1087488K
  class space    used 5454K, capacity 5756K, committed 5960K, reserved 1048576K
}
2020-07-01T08:29:48.279+0200: 399942.922: Total time for which application threads were stopped: 0.0832752 seconds, Stopping threads took: 0.0000513 seconds
{Heap before GC invocations=495287 (full 2):
 par new generation   total 368640K, used 327682K [0x00000006c1c00000, 0x00000006dac00000, 0x00000006dac00000)
  eden space 327680K, 100% used [0x00000006c1c00000, 0x00000006d5c00000, 0x00000006d5c00000)
  from space 40960K,   0% used [0x00000006d8400000, 0x00000006d8400810, 0x00000006dac00000)
  to   space 40960K,   0% used [0x00000006d5c00000, 0x00000006d5c00000, 0x00000006d8400000)
 concurrent mark-sweep generation total 3756032K, used 1080804K [0x00000006dac00000, 0x00000007c0000000, 0x00000007c0000000)
 Metaspace       used 42573K, capacity 43892K, committed 44572K, reserved 1087488K
  class space    used 5454K, capacity 5756K, committed 5960K, reserved 1048576K
2020-07-01T08:29:48.714+0200: 399943.357: [GC (Allocation Failure) 2020-07-01T08:29:48.714+0200: 399943.357: [ParNew
Desired survivor size 20971520 bytes, new threshold 1 (max 1)
- age   1:        336 bytes,        336 total
: 327682K->4K(368640K), 0.0113832 secs] 1408486K->1080808K(4124672K), 0.0114886 secs] [Times: user=0.00 sys=0.00, real=0.01 secs] 
Heap after GC invocations=495288 (full 2):
 par new generation   total 368640K, used 4K [0x00000006c1c00000, 0x00000006dac00000, 0x00000006dac00000)
  eden space 327680K,   0% used [0x00000006c1c00000, 0x00000006c1c00000, 0x00000006d5c00000)
  from space 40960K,   0% used [0x00000006d5c00000, 0x00000006d5c01020, 0x00000006d8400000)
  to   space 40960K,   0% used [0x00000006d8400000, 0x00000006d8400000, 0x00000006dac00000)
 concurrent mark-sweep generation total 3756032K, used 1080804K [0x00000006dac00000, 0x00000007c0000000, 0x00000007c0000000)
 Metaspace       used 42573K, capacity 43892K, committed 44572K, reserved 1087488K
  class space    used 5454K, capacity 5756K, committed 5960K, reserved 1048576K
}
2020-07-01T08:29:48.726+0200: 399943.369: Total time for which application threads were stopped: 0.0118450 seconds, Stopping threads took: 0.0000981 seconds
{Heap before GC invocations=495288 (full 2):
 par new generation   total 368640K, used 327684K [0x00000006c1c00000, 0x00000006dac00000, 0x00000006dac00000)
  eden space 327680K, 100% used [0x00000006c1c00000, 0x00000006d5c00000, 0x00000006d5c00000)
  from space 40960K,   0% used [0x00000006d5c00000, 0x00000006d5c01020, 0x00000006d8400000)
  to   space 40960K,   0% used [0x00000006d8400000, 0x00000006d8400000, 0x00000006dac00000)
 concurrent mark-sweep generation total 3756032K, used 1080804K [0x00000006dac00000, 0x00000007c0000000, 0x00000007c0000000)
 Metaspace       used 42573K, capacity 43892K, committed 44572K, reserved 1087488K
  class space    used 5454K, capacity 5756K, committed 5960K, reserved 1048576K
2020-07-01T08:29:49.042+0200: 399943.685: [GC (Allocation Failure) 2020-07-01T08:29:49.042+0200: 399943.685: [ParNew
Desired survivor size 20971520 bytes, new threshold 1 (max 1)
- age   1:        240 bytes,        240 total
: 327684K->4K(368640K), 0.0106817 secs] 1408488K->1080808K(4124672K), 0.0108080 secs] [Times: user=0.01 sys=0.00, real=0.01 secs] 
Heap after GC invocations=495289 (full 2):
 par new generation   total 368640K, used 4K [0x00000006c1c00000, 0x00000006dac00000, 0x00000006dac00000)
  eden space 327680K,   0% used [0x00000006c1c00000, 0x00000006c1c00000, 0x00000006d5c00000)
  from space 40960K,   0% used [0x00000006d8400000, 0x00000006d8401020, 0x00000006dac00000)
  to   space 40960K,   0% used [0x00000006d5c00000, 0x00000006d5c00000, 0x00000006d8400000)
 concurrent mark-sweep generation total 3756032K, used 1080804K [0x00000006dac00000, 0x00000007c0000000, 0x00000007c0000000)
 Metaspace       used 42573K, capacity 43892K, committed 44572K, reserved 1087488K
  class space    used 5454K, capacity 5756K, committed 5960K, reserved 1048576K
}
2020-07-01T08:29:49.053+0200: 399943.696: Total time for which application threads were stopped: 0.0111582 seconds, Stopping threads took: 0.0001112 seconds
{Heap before GC invocations=495289 (full 2):
 par new generation   total 368640K, used 327684K [0x00000006c1c00000, 0x00000006dac00000, 0x00000006dac00000)
  eden space 327680K, 100% used [0x00000006c1c00000, 0x00000006d5c00000, 0x00000006d5c00000)
  from space 40960K,   0% used [0x00000006d8400000, 0x00000006d8401020, 0x00000006dac00000)
  to   space 40960K,   0% used [0x00000006d5c00000, 0x00000006d5c00000, 0x00000006d8400000)
 concurrent mark-sweep generation total 3756032K, used 1080804K [0x00000006dac00000, 0x00000007c0000000, 0x00000007c0000000)
 Metaspace       used 42573K, capacity 43892K, committed 44572K, reserved 1087488K
  class space    used 5454K, capacity 5756K, committed 5960K, reserved 1048576K
2020-07-01T08:29:49.331+0200: 399943.974: [GC (Allocation Failure) 2020-07-01T08:29:49.331+0200: 399943.974: [ParNew
Desired survivor size 20971520 bytes, new threshold 1 (max 1)
- age   1:        240 bytes,        240 total
: 327684K->2K(368640K), 0.0333586 secs] 1408488K->1080806K(4124672K), 0.0334770 secs] [Times: user=0.02 sys=0.00, real=0.03 secs] 
Heap after GC invocations=495290 (full 2):
 par new generation   total 368640K, used 2K [0x00000006c1c00000, 0x00000006dac00000, 0x00000006dac00000)
  eden space 327680K,   0% used [0x00000006c1c00000, 0x00000006c1c00000, 0x00000006d5c00000)
  from space 40960K,   0% used [0x00000006d5c00000, 0x00000006d5c00810, 0x00000006d8400000)
  to   space 40960K,   0% used [0x00000006d8400000, 0x00000006d8400000, 0x00000006dac00000)
 concurrent mark-sweep generation total 3756032K, used 1080804K [0x00000006dac00000, 0x00000007c0000000, 0x00000007c0000000)
 Metaspace       used 42573K, capacity 43892K, committed 44572K, reserved 1087488K
  class space    used 5454K, capacity 5756K, committed 5960K, reserved 1048576K
}
2020-07-01T08:29:49.364+0200: 399944.007: Total time for which application threads were stopped: 0.0337816 seconds, Stopping threads took: 0.0000522 seconds
{Heap before GC invocations=495290 (full 2):
 par new generation   total 368640K, used 327682K [0x00000006c1c00000, 0x00000006dac00000, 0x00000006dac00000)
  eden space 327680K, 100% used [0x00000006c1c00000, 0x00000006d5c00000, 0x00000006d5c00000)
  from space 40960K,   0% used [0x00000006d5c00000, 0x00000006d5c00810, 0x00000006d8400000)
  to   space 40960K,   0% used [0x00000006d8400000, 0x00000006d8400000, 0x00000006dac00000)
 concurrent mark-sweep generation total 3756032K, used 1080804K [0x00000006dac00000, 0x00000007c0000000, 0x00000007c0000000)
 Metaspace       used 42573K, capacity 43892K, committed 44572K, reserved 1087488K
  class space    used 5454K, capacity 5756K, committed 5960K, reserved 1048576K
2020-07-01T08:29:49.705+0200: 399944.348: [GC (Allocation Failure) 2020-07-01T08:29:49.705+0200: 399944.348: [ParNew
Desired survivor size 20971520 bytes, new threshold 1 (max 1)
- age   1:        336 bytes,        336 total
: 327682K->4K(368640K), 0.0084612 secs] 1408486K->1080808K(4124672K), 0.0085929 secs] [Times: user=0.00 sys=0.00, real=0.01 secs] 
Heap after GC invocations=495291 (full 2):
 par new generation   total 368640K, used 4K [0x00000006c1c00000, 0x00000006dac00000, 0x00000006dac00000)
  eden space 327680K,   0% used [0x00000006c1c00000, 0x00000006c1c00000, 0x00000006d5c00000)
  from space 40960K,   0% used [0x00000006d8400000, 0x00000006d8401020, 0x00000006dac00000)
  to   space 40960K,   0% used [0x00000006d5c00000, 0x00000006d5c00000, 0x00000006d8400000)
 concurrent mark-sweep generation total 3756032K, used 1080804K [0x00000006dac00000, 0x00000007c0000000, 0x00000007c0000000)
 Metaspace       used 42573K, capacity 43892K, committed 44572K, reserved 1087488K
  class space    used 5454K, capacity 5756K, committed 5960K, reserved 1048576K
}
2020-07-01T08:29:49.713+0200: 399944.356: Total time for which application threads were stopped: 0.0089600 seconds, Stopping threads took: 0.0000936 seconds
{Heap before GC invocations=495291 (full 2):
 par new generation   total 368640K, used 327684K [0x00000006c1c00000, 0x00000006dac00000, 0x00000006dac00000)
  eden space 327680K, 100% used [0x00000006c1c00000, 0x00000006d5c00000, 0x00000006d5c00000)
  from space 40960K,   0% used [0x00000006d8400000, 0x00000006d8401020, 0x00000006dac00000)
  to   space 40960K,   0% used [0x00000006d5c00000, 0x00000006d5c00000, 0x00000006d8400000)
 concurrent mark-sweep generation total 3756032K, used 1080804K [0x00000006dac00000, 0x00000007c0000000, 0x00000007c0000000)
 Metaspace       used 42573K, capacity 43892K, committed 44572K, reserved 1087488K
  class space    used 5454K, capacity 5756K, committed 5960K, reserved 1048576K
2020-07-01T08:29:50.037+0200: 399944.680: [GC (Allocation Failure) 2020-07-01T08:29:50.037+0200: 399944.680: [ParNew
Desired survivor size 20971520 bytes, new threshold 1 (max 1)
- age   1:        240 bytes,        240 total
: 327684K->4K(368640K), 0.0168523 secs] 1408488K->1080808K(4124672K), 0.0169720 secs] [Times: user=0.02 sys=0.00, real=0.02 secs] 
Heap after GC invocations=495292 (full 2):
 par new generation   total 368640K, used 4K [0x00000006c1c00000, 0x00000006dac00000, 0x00000006dac00000)
  eden space 327680K,   0% used [0x00000006c1c00000, 0x00000006c1c00000, 0x00000006d5c00000)
  from space 40960K,   0% used [0x00000006d5c00000, 0x00000006d5c01020, 0x00000006d8400000)
  to   space 40960K,   0% used [0x00000006d8400000, 0x00000006d8400000, 0x00000006dac00000)
 concurrent mark-sweep generation total 3756032K, used 1080804K [0x00000006dac00000, 0x00000007c0000000, 0x00000007c0000000)
 Metaspace       used 42573K, capacity 43892K, committed 44572K, reserved 1087488K
  class space    used 5454K, capacity 5756K, committed 5960K, reserved 1048576K
}
2020-07-01T08:29:50.054+0200: 399944.697: Total time for which application threads were stopped: 0.0172605 seconds, Stopping threads took: 0.0000542 seconds
{Heap before GC invocations=495292 (full 2):
 par new generation   total 368640K, used 327684K [0x00000006c1c00000, 0x00000006dac00000, 0x00000006dac00000)
  eden space 327680K, 100% used [0x00000006c1c00000, 0x00000006d5c00000, 0x00000006d5c00000)
  from space 40960K,   0% used [0x00000006d5c00000, 0x00000006d5c01020, 0x00000006d8400000)
  to   space 40960K,   0% used [0x00000006d8400000, 0x00000006d8400000, 0x00000006dac00000)
 concurrent mark-sweep generation total 3756032K, used 1080804K [0x00000006dac00000, 0x00000007c0000000, 0x00000007c0000000)
 Metaspace       used 42573K, capacity 43892K, committed 44572K, reserved 1087488K
  class space    used 5454K, capacity 5756K, committed 5960K, reserved 1048576K
2020-07-01T08:29:50.334+0200: 399944.977: [GC (Allocation Failure) 2020-07-01T08:29:50.335+0200: 399944.977: [ParNew
Desired survivor size 20971520 bytes, new threshold 1 (max 1)
- age   1:        240 bytes,        240 total
: 327684K->4K(368640K), 0.0109549 secs] 1408488K->1080808K(4124672K), 0.0111072 secs] [Times: user=0.03 sys=0.00, real=0.01 secs] 
Heap after GC invocations=495293 (full 2):
 par new generation   total 368640K, used 4K [0x00000006c1c00000, 0x00000006dac00000, 0x00000006dac00000)
  eden space 327680K,   0% used [0x00000006c1c00000, 0x00000006c1c00000, 0x00000006d5c00000)
  from space 40960K,   0% used [0x00000006d8400000, 0x00000006d8401020, 0x00000006dac00000)
  to   space 40960K,   0% used [0x00000006d5c00000, 0x00000006d5c00000, 0x00000006d8400000)
 concurrent mark-sweep generation total 3756032K, used 1080804K [0x00000006dac00000, 0x00000007c0000000, 0x00000007c0000000)
 Metaspace       used 42573K, capacity 43892K, committed 44572K, reserved 1087488K
  class space    used 5454K, capacity 5756K, committed 5960K, reserved 1048576K
}
2020-07-01T08:29:50.346+0200: 399944.989: Total time for which application threads were stopped: 0.0122872 seconds, Stopping threads took: 0.0009150 seconds
{Heap before GC invocations=495293 (full 2):
 par new generation   total 368640K, used 327684K [0x00000006c1c00000, 0x00000006dac00000, 0x00000006dac00000)
  eden space 327680K, 100% used [0x00000006c1c00000, 0x00000006d5c00000, 0x00000006d5c00000)
  from space 40960K,   0% used [0x00000006d8400000, 0x00000006d8401020, 0x00000006dac00000)
  to   space 40960K,   0% used [0x00000006d5c00000, 0x00000006d5c00000, 0x00000006d8400000)
 concurrent mark-sweep generation total 3756032K, used 1080804K [0x00000006dac00000, 0x00000007c0000000, 0x00000007c0000000)
 Metaspace       used 42573K, capacity 43892K, committed 44572K, reserved 1087488K
  class space    used 5454K, capacity 5756K, committed 5960K, reserved 1048576K
2020-07-01T08:29:50.643+0200: 399945.286: [GC (Allocation Failure) 2020-07-01T08:29:50.643+0200: 399945.286: [ParNew
Desired survivor size 20971520 bytes, new threshold 1 (max 1)
- age   1:        304 bytes,        304 total
: 327684K->2K(368640K), 0.0352806 secs] 1408488K->1080806K(4124672K), 0.0353871 secs] [Times: user=0.01 sys=0.00, real=0.04 secs] 
Heap after GC invocations=495294 (full 2):
 par new generation   total 368640K, used 2K [0x00000006c1c00000, 0x00000006dac00000, 0x00000006dac00000)
  eden space 327680K,   0% used [0x00000006c1c00000, 0x00000006c1c00000, 0x00000006d5c00000)
  from space 40960K,   0% used [0x00000006d5c00000, 0x00000006d5c00810, 0x00000006d8400000)
  to   space 40960K,   0% used [0x00000006d8400000, 0x00000006d8400000, 0x00000006dac00000)
 concurrent mark-sweep generation total 3756032K, used 1080804K [0x00000006dac00000, 0x00000007c0000000, 0x00000007c0000000)
 Metaspace       used 42573K, capacity 43892K, committed 44572K, reserved 1087488K
  class space    used 5454K, capacity 5756K, committed 5960K, reserved 1048576K
}
2020-07-01T08:29:50.679+0200: 399945.321: Total time for which application threads were stopped: 0.0356841 seconds, Stopping threads took: 0.0000471 seconds
{Heap before GC invocations=495294 (full 2):
 par new generation   total 368640K, used 327682K [0x00000006c1c00000, 0x00000006dac00000, 0x00000006dac00000)
  eden space 327680K, 100% used [0x00000006c1c00000, 0x00000006d5c00000, 0x00000006d5c00000)
  from space 40960K,   0% used [0x00000006d5c00000, 0x00000006d5c00810, 0x00000006d8400000)
  to   space 40960K,   0% used [0x00000006d8400000, 0x00000006d8400000, 0x00000006dac00000)
 concurrent mark-sweep generation total 3756032K, used 1080804K [0x00000006dac00000, 0x00000007c0000000, 0x00000007c0000000)
 Metaspace       used 42573K, capacity 43892K, committed 44572K, reserved 1087488K
  class space    used 5454K, capacity 5756K, committed 5960K, reserved 1048576K
2020-07-01T08:29:50.996+0200: 399945.639: [GC (Allocation Failure) 2020-07-01T08:29:50.996+0200: 399945.639: [ParNew
Desired survivor size 20971520 bytes, new threshold 1 (max 1)
- age   1:        240 bytes,        240 total
: 327682K->4K(368640K), 0.0118896 secs] 1408486K->1080808K(4124672K), 0.0120012 secs] [Times: user=0.00 sys=0.00, real=0.02 secs] 
Heap after GC invocations=495295 (full 2):
 par new generation   total 368640K, used 4K [0x00000006c1c00000, 0x00000006dac00000, 0x00000006dac00000)
  eden space 327680K,   0% used [0x00000006c1c00000, 0x00000006c1c00000, 0x00000006d5c00000)
  from space 40960K,   0% used [0x00000006d8400000, 0x00000006d8401020, 0x00000006dac00000)
  to   space 40960K,   0% used [0x00000006d5c00000, 0x00000006d5c00000, 0x00000006d8400000)
 concurrent mark-sweep generation total 3756032K, used 1080804K [0x00000006dac00000, 0x00000007c0000000, 0x00000007c0000000)
 Metaspace       used 42573K, capacity 43892K, committed 44572K, reserved 1087488K
  class space    used 5454K, capacity 5756K, committed 5960K, reserved 1048576K
}
2020-07-01T08:29:51.008+0200: 399945.651: Total time for which application threads were stopped: 0.0122863 seconds, Stopping threads took: 0.0000475 seconds
{Heap before GC invocations=495295 (full 2):
 par new generation   total 368640K, used 327684K [0x00000006c1c00000, 0x00000006dac00000, 0x00000006dac00000)
  eden space 327680K, 100% used [0x00000006c1c00000, 0x00000006d5c00000, 0x00000006d5c00000)
  from space 40960K,   0% used [0x00000006d8400000, 0x00000006d8401020, 0x00000006dac00000)
  to   space 40960K,   0% used [0x00000006d5c00000, 0x00000006d5c00000, 0x00000006d8400000)
 concurrent mark-sweep generation total 3756032K, used 1080804K [0x00000006dac00000, 0x00000007c0000000, 0x00000007c0000000)
 Metaspace       used 42573K, capacity 43892K, committed 44572K, reserved 1087488K
  class space    used 5454K, capacity 5756K, committed 5960K, reserved 1048576K
2020-07-01T08:29:51.322+0200: 399945.965: [GC (Allocation Failure) 2020-07-01T08:29:51.322+0200: 399945.965: [ParNew
Desired survivor size 20971520 bytes, new threshold 1 (max 1)
- age   1:        240 bytes,        240 total
: 327684K->4K(368640K), 0.0151256 secs] 1408488K->1080808K(4124672K), 0.0152244 secs] [Times: user=0.00 sys=0.00, real=0.01 secs] 
Heap after GC invocations=495296 (full 2):
 par new generation   total 368640K, used 4K [0x00000006c1c00000, 0x00000006dac00000, 0x00000006dac00000)
  eden space 327680K,   0% used [0x00000006c1c00000, 0x00000006c1c00000, 0x00000006d5c00000)
  from space 40960K,   0% used [0x00000006d5c00000, 0x00000006d5c01020, 0x00000006d8400000)
  to   space 40960K,   0% used [0x00000006d8400000, 0x00000006d8400000, 0x00000006dac00000)
 concurrent mark-sweep generation total 3756032K, used 1080804K [0x00000006dac00000, 0x00000007c0000000, 0x00000007c0000000)
 Metaspace       used 42573K, capacity 43892K, committed 44572K, reserved 1087488K
  class space    used 5454K, capacity 5756K, committed 5960K, reserved 1048576K
}
2020-07-01T08:29:51.338+0200: 399945.981: Total time for which application threads were stopped: 0.0158125 seconds, Stopping threads took: 0.0000441 seconds
{Heap before GC invocations=495296 (full 2):
 par new generation   total 368640K, used 327684K [0x00000006c1c00000, 0x00000006dac00000, 0x00000006dac00000)
  eden space 327680K, 100% used [0x00000006c1c00000, 0x00000006d5c00000, 0x00000006d5c00000)
  from space 40960K,   0% used [0x00000006d5c00000, 0x00000006d5c01020, 0x00000006d8400000)
  to   space 40960K,   0% used [0x00000006d8400000, 0x00000006d8400000, 0x00000006dac00000)
 concurrent mark-sweep generation total 3756032K, used 1080804K [0x00000006dac00000, 0x00000007c0000000, 0x00000007c0000000)
 Metaspace       used 42573K, capacity 43892K, committed 44572K, reserved 1087488K
  class space    used 5454K, capacity 5756K, committed 5960K, reserved 1048576K
2020-07-01T08:29:51.637+0200: 399946.279: [GC (Allocation Failure) 2020-07-01T08:29:51.637+0200: 399946.280: [ParNew
Desired survivor size 20971520 bytes, new threshold 1 (max 1)
- age   1:        336 bytes,        336 total
: 327684K->4K(368640K), 0.0095667 secs] 1408488K->1080808K(4124672K), 0.0096733 secs] [Times: user=0.00 sys=0.00, real=0.01 secs] 
Heap after GC invocations=495297 (full 2):
 par new generation   total 368640K, used 4K [0x00000006c1c00000, 0x00000006dac00000, 0x00000006dac00000)
  eden space 327680K,   0% used [0x00000006c1c00000, 0x00000006c1c00000, 0x00000006d5c00000)
  from space 40960K,   0% used [0x00000006d8400000, 0x00000006d8401020, 0x00000006dac00000)
  to   space 40960K,   0% used [0x00000006d5c00000, 0x00000006d5c00000, 0x00000006d8400000)
 concurrent mark-sweep generation total 3756032K, used 1080804K [0x00000006dac00000, 0x00000007c0000000, 0x00000007c0000000)
 Metaspace       used 42573K, capacity 43892K, committed 44572K, reserved 1087488K
  class space    used 5454K, capacity 5756K, committed 5960K, reserved 1048576K
}
2020-07-01T08:29:51.646+0200: 399946.289: Total time for which application threads were stopped: 0.0100001 seconds, Stopping threads took: 0.0001008 seconds
{Heap before GC invocations=495297 (full 2):
 par new generation   total 368640K, used 327684K [0x00000006c1c00000, 0x00000006dac00000, 0x00000006dac00000)
  eden space 327680K, 100% used [0x00000006c1c00000, 0x00000006d5c00000, 0x00000006d5c00000)
  from space 40960K,   0% used [0x00000006d8400000, 0x00000006d8401020, 0x00000006dac00000)
  to   space 40960K,   0% used [0x00000006d5c00000, 0x00000006d5c00000, 0x00000006d8400000)
 concurrent mark-sweep generation total 3756032K, used 1080804K [0x00000006dac00000, 0x00000007c0000000, 0x00000007c0000000)
 Metaspace       used 42573K, capacity 43892K, committed 44572K, reserved 1087488K
  class space    used 5454K, capacity 5756K, committed 5960K, reserved 1048576K
2020-07-01T08:29:51.920+0200: 399946.563: [GC (Allocation Failure) 2020-07-01T08:29:51.920+0200: 399946.563: [ParNew
Desired survivor size 20971520 bytes, new threshold 1 (max 1)
- age   1:        272 bytes,        272 total
: 327684K->2K(368640K), 0.0219153 secs] 1408488K->1080806K(4124672K), 0.0220171 secs] [Times: user=0.02 sys=0.00, real=0.02 secs] 
Heap after GC invocations=495298 (full 2):
 par new generation   total 368640K, used 2K [0x00000006c1c00000, 0x00000006dac00000, 0x00000006dac00000)
  eden space 327680K,   0% used [0x00000006c1c00000, 0x00000006c1c00000, 0x00000006d5c00000)
  from space 40960K,   0% used [0x00000006d5c00000, 0x00000006d5c00810, 0x00000006d8400000)
  to   space 40960K,   0% used [0x00000006d8400000, 0x00000006d8400000, 0x00000006dac00000)
 concurrent mark-sweep generation total 3756032K, used 1080804K [0x00000006dac00000, 0x00000007c0000000, 0x00000007c0000000)
 Metaspace       used 42573K, capacity 43892K, committed 44572K, reserved 1087488K
  class space    used 5454K, capacity 5756K, committed 5960K, reserved 1048576K
}
2020-07-01T08:29:51.942+0200: 399946.585: Total time for which application threads were stopped: 0.0223132 seconds, Stopping threads took: 0.0000449 seconds
{Heap before GC invocations=495298 (full 2):
 par new generation   total 368640K, used 327682K [0x00000006c1c00000, 0x00000006dac00000, 0x00000006dac00000)
  eden space 327680K, 100% used [0x00000006c1c00000, 0x00000006d5c00000, 0x00000006d5c00000)
  from space 40960K,   0% used [0x00000006d5c00000, 0x00000006d5c00810, 0x00000006d8400000)
  to   space 40960K,   0% used [0x00000006d8400000, 0x00000006d8400000, 0x00000006dac00000)
 concurrent mark-sweep generation total 3756032K, used 1080804K [0x00000006dac00000, 0x00000007c0000000, 0x00000007c0000000)
 Metaspace       used 42573K, capacity 43892K, committed 44572K, reserved 1087488K
  class space    used 5454K, capacity 5756K, committed 5960K, reserved 1048576K
2020-07-01T08:29:52.269+0200: 399946.912: [GC (Allocation Failure) 2020-07-01T08:29:52.269+0200: 399946.912: [ParNew
Desired survivor size 20971520 bytes, new threshold 1 (max 1)
- age   1:        240 bytes,        240 total
: 327682K->4K(368640K), 0.0110302 secs] 1408486K->1080808K(4124672K), 0.0111454 secs] [Times: user=0.03 sys=0.00, real=0.01 secs] 
Heap after GC invocations=495299 (full 2):
 par new generation   total 368640K, used 4K [0x00000006c1c00000, 0x00000006dac00000, 0x00000006dac00000)
  eden space 327680K,   0% used [0x00000006c1c00000, 0x00000006c1c00000, 0x00000006d5c00000)
  from space 40960K,   0% used [0x00000006d8400000, 0x00000006d8401020, 0x00000006dac00000)
  to   space 40960K,   0% used [0x00000006d5c00000, 0x00000006d5c00000, 0x00000006d8400000)
 concurrent mark-sweep generation total 3756032K, used 1080804K [0x00000006dac00000, 0x00000007c0000000, 0x00000007c0000000)
 Metaspace       used 42573K, capacity 43892K, committed 44572K, reserved 1087488K
  class space    used 5454K, capacity 5756K, committed 5960K, reserved 1048576K
}
2020-07-01T08:29:52.281+0200: 399946.923: Total time for which application threads were stopped: 0.0114379 seconds, Stopping threads took: 0.0000519 seconds
{Heap before GC invocations=495299 (full 2):
 par new generation   total 368640K, used 327684K [0x00000006c1c00000, 0x00000006dac00000, 0x00000006dac00000)
  eden space 327680K, 100% used [0x00000006c1c00000, 0x00000006d5c00000, 0x00000006d5c00000)
  from space 40960K,   0% used [0x00000006d8400000, 0x00000006d8401020, 0x00000006dac00000)
  to   space 40960K,   0% used [0x00000006d5c00000, 0x00000006d5c00000, 0x00000006d8400000)
 concurrent mark-sweep generation total 3756032K, used 1080804K [0x00000006dac00000, 0x00000007c0000000, 0x00000007c0000000)
 Metaspace       used 42573K, capacity 43892K, committed 44572K, reserved 1087488K
  class space    used 5454K, capacity 5756K, committed 5960K, reserved 1048576K
2020-07-01T08:29:52.599+0200: 399947.242: [GC (Allocation Failure) 2020-07-01T08:29:52.599+0200: 399947.242: [ParNew
Desired survivor size 20971520 bytes, new threshold 1 (max 1)
- age   1:        336 bytes,        336 total
: 327684K->2K(368640K), 0.0644551 secs] 1408488K->1080806K(4124672K), 0.0645667 secs] [Times: user=0.01 sys=0.00, real=0.06 secs] 
Heap after GC invocations=495300 (full 2):
 par new generation   total 368640K, used 2K [0x00000006c1c00000, 0x00000006dac00000, 0x00000006dac00000)
  eden space 327680K,   0% used [0x00000006c1c00000, 0x00000006c1c00000, 0x00000006d5c00000)
  from space 40960K,   0% used [0x00000006d5c00000, 0x00000006d5c00810, 0x00000006d8400000)
  to   space 40960K,   0% used [0x00000006d8400000, 0x00000006d8400000, 0x00000006dac00000)
 concurrent mark-sweep generation total 3756032K, used 1080804K [0x00000006dac00000, 0x00000007c0000000, 0x00000007c0000000)
 Metaspace       used 42573K, capacity 43892K, committed 44572K, reserved 1087488K
  class space    used 5454K, capacity 5756K, committed 5960K, reserved 1048576K
}
2020-07-01T08:29:52.664+0200: 399947.306: Total time for which application threads were stopped: 0.0649156 seconds, Stopping threads took: 0.0000929 seconds
{Heap before GC invocations=495300 (full 2):
 par new generation   total 368640K, used 327682K [0x00000006c1c00000, 0x00000006dac00000, 0x00000006dac00000)
  eden space 327680K, 100% used [0x00000006c1c00000, 0x00000006d5c00000, 0x00000006d5c00000)
  from space 40960K,   0% used [0x00000006d5c00000, 0x00000006d5c00810, 0x00000006d8400000)
  to   space 40960K,   0% used [0x00000006d8400000, 0x00000006d8400000, 0x00000006dac00000)
 concurrent mark-sweep generation total 3756032K, used 1080804K [0x00000006dac00000, 0x00000007c0000000, 0x00000007c0000000)
 Metaspace       used 42573K, capacity 43892K, committed 44572K, reserved 1087488K
  class space    used 5454K, capacity 5756K, committed 5960K, reserved 1048576K
2020-07-01T08:29:52.946+0200: 399947.589: [GC (Allocation Failure) 2020-07-01T08:29:52.946+0200: 399947.589: [ParNew
Desired survivor size 20971520 bytes, new threshold 1 (max 1)
- age   1:        240 bytes,        240 total
: 327682K->4K(368640K), 0.0127405 secs] 1408486K->1080808K(4124672K), 0.0128514 secs] [Times: user=0.03 sys=0.00, real=0.02 secs] 
Heap after GC invocations=495301 (full 2):
 par new generation   total 368640K, used 4K [0x00000006c1c00000, 0x00000006dac00000, 0x00000006dac00000)
  eden space 327680K,   0% used [0x00000006c1c00000, 0x00000006c1c00000, 0x00000006d5c00000)
  from space 40960K,   0% used [0x00000006d8400000, 0x00000006d8401020, 0x00000006dac00000)
  to   space 40960K,   0% used [0x00000006d5c00000, 0x00000006d5c00000, 0x00000006d8400000)
 concurrent mark-sweep generation total 3756032K, used 1080804K [0x00000006dac00000, 0x00000007c0000000, 0x00000007c0000000)
 Metaspace       used 42573K, capacity 43892K, committed 44572K, reserved 1087488K
  class space    used 5454K, capacity 5756K, committed 5960K, reserved 1048576K
}
2020-07-01T08:29:52.959+0200: 399947.602: Total time for which application threads were stopped: 0.0132710 seconds, Stopping threads took: 0.0000945 seconds
{Heap before GC invocations=495301 (full 2):
 par new generation   total 368640K, used 327684K [0x00000006c1c00000, 0x00000006dac00000, 0x00000006dac00000)
  eden space 327680K, 100% used [0x00000006c1c00000, 0x00000006d5c00000, 0x00000006d5c00000)
  from space 40960K,   0% used [0x00000006d8400000, 0x00000006d8401020, 0x00000006dac00000)
  to   space 40960K,   0% used [0x00000006d5c00000, 0x00000006d5c00000, 0x00000006d8400000)
 concurrent mark-sweep generation total 3756032K, used 1080804K [0x00000006dac00000, 0x00000007c0000000, 0x00000007c0000000)
 Metaspace       used 42573K, capacity 43892K, committed 44572K, reserved 1087488K
  class space    used 5454K, capacity 5756K, committed 5960K, reserved 1048576K
2020-07-01T08:29:53.282+0200: 399947.925: [GC (Allocation Failure) 2020-07-01T08:29:53.282+0200: 399947.925: [ParNew
Desired survivor size 20971520 bytes, new threshold 1 (max 1)
- age   1:        240 bytes,        240 total
: 327684K->4K(368640K), 0.0131327 secs] 1408488K->1080808K(4124672K), 0.0132408 secs] [Times: user=0.03 sys=0.00, real=0.01 secs] 
Heap after GC invocations=495302 (full 2):
 par new generation   total 368640K, used 4K [0x00000006c1c00000, 0x00000006dac00000, 0x00000006dac00000)
  eden space 327680K,   0% used [0x00000006c1c00000, 0x00000006c1c00000, 0x00000006d5c00000)
  from space 40960K,   0% used [0x00000006d5c00000, 0x00000006d5c01020, 0x00000006d8400000)
  to   space 40960K,   0% used [0x00000006d8400000, 0x00000006d8400000, 0x00000006dac00000)
 concurrent mark-sweep generation total 3756032K, used 1080804K [0x00000006dac00000, 0x00000007c0000000, 0x00000007c0000000)
 Metaspace       used 42573K, capacity 43892K, committed 44572K, reserved 1087488K
  class space    used 5454K, capacity 5756K, committed 5960K, reserved 1048576K
}
2020-07-01T08:29:53.295+0200: 399947.938: Total time for which application threads were stopped: 0.0135767 seconds, Stopping threads took: 0.0000493 seconds
{Heap before GC invocations=495302 (full 2):
 par new generation   total 368640K, used 327684K [0x00000006c1c00000, 0x00000006dac00000, 0x00000006dac00000)
  eden space 327680K, 100% used [0x00000006c1c00000, 0x00000006d5c00000, 0x00000006d5c00000)
  from space 40960K,   0% used [0x00000006d5c00000, 0x00000006d5c01020, 0x00000006d8400000)
  to   space 40960K,   0% used [0x00000006d8400000, 0x00000006d8400000, 0x00000006dac00000)
 concurrent mark-sweep generation total 3756032K, used 1080804K [0x00000006dac00000, 0x00000007c0000000, 0x00000007c0000000)
 Metaspace       used 42573K, capacity 43892K, committed 44572K, reserved 1087488K
  class space    used 5454K, capacity 5756K, committed 5960K, reserved 1048576K
2020-07-01T08:29:53.836+0200: 399948.479: [GC (Allocation Failure) 2020-07-01T08:29:53.836+0200: 399948.479: [ParNew
Desired survivor size 20971520 bytes, new threshold 1 (max 1)
- age   1:        304 bytes,        304 total
: 327684K->4K(368640K), 0.0551781 secs] 1408488K->1080808K(4124672K), 0.0553070 secs] [Times: user=0.03 sys=0.00, real=0.06 secs] 
Heap after GC invocations=495303 (full 2):
 par new generation   total 368640K, used 4K [0x00000006c1c00000, 0x00000006dac00000, 0x00000006dac00000)
  eden space 327680K,   0% used [0x00000006c1c00000, 0x00000006c1c00000, 0x00000006d5c00000)
  from space 40960K,   0% used [0x00000006d8400000, 0x00000006d8401020, 0x00000006dac00000)
  to   space 40960K,   0% used [0x00000006d5c00000, 0x00000006d5c00000, 0x00000006d8400000)
 concurrent mark-sweep generation total 3756032K, used 1080804K [0x00000006dac00000, 0x00000007c0000000, 0x00000007c0000000)
 Metaspace       used 42573K, capacity 43892K, committed 44572K, reserved 1087488K
  class space    used 5454K, capacity 5756K, committed 5960K, reserved 1048576K
}
2020-07-01T08:29:53.891+0200: 399948.534: Total time for which application threads were stopped: 0.0560003 seconds, Stopping threads took: 0.0004174 seconds
{Heap before GC invocations=495303 (full 2):
 par new generation   total 368640K, used 327684K [0x00000006c1c00000, 0x00000006dac00000, 0x00000006dac00000)
  eden space 327680K, 100% used [0x00000006c1c00000, 0x00000006d5c00000, 0x00000006d5c00000)
  from space 40960K,   0% used [0x00000006d8400000, 0x00000006d8401020, 0x00000006dac00000)
  to   space 40960K,   0% used [0x00000006d5c00000, 0x00000006d5c00000, 0x00000006d8400000)
 concurrent mark-sweep generation total 3756032K, used 1080804K [0x00000006dac00000, 0x00000007c0000000, 0x00000007c0000000)
 Metaspace       used 42573K, capacity 43892K, committed 44572K, reserved 1087488K
  class space    used 5454K, capacity 5756K, committed 5960K, reserved 1048576K
2020-07-01T08:29:54.262+0200: 399948.905: [GC (Allocation Failure) 2020-07-01T08:29:54.262+0200: 399948.905: [ParNew
Desired survivor size 20971520 bytes, new threshold 1 (max 1)
- age   1:        240 bytes,        240 total
: 327684K->2K(368640K), 0.0378817 secs] 1408488K->1080806K(4124672K), 0.0379927 secs] [Times: user=0.01 sys=0.00, real=0.04 secs] 
Heap after GC invocations=495304 (full 2):
 par new generation   total 368640K, used 2K [0x00000006c1c00000, 0x00000006dac00000, 0x00000006dac00000)
  eden space 327680K,   0% used [0x00000006c1c00000, 0x00000006c1c00000, 0x00000006d5c00000)
  from space 40960K,   0% used [0x00000006d5c00000, 0x00000006d5c00810, 0x00000006d8400000)
  to   space 40960K,   0% used [0x00000006d8400000, 0x00000006d8400000, 0x00000006dac00000)
 concurrent mark-sweep generation total 3756032K, used 1080804K [0x00000006dac00000, 0x00000007c0000000, 0x00000007c0000000)
 Metaspace       used 42573K, capacity 43892K, committed 44572K, reserved 1087488K
  class space    used 5454K, capacity 5756K, committed 5960K, reserved 1048576K
}
2020-07-01T08:29:54.300+0200: 399948.943: Total time for which application threads were stopped: 0.0383656 seconds, Stopping threads took: 0.0000473 seconds
{Heap before GC invocations=495304 (full 2):
 par new generation   total 368640K, used 327682K [0x00000006c1c00000, 0x00000006dac00000, 0x00000006dac00000)
  eden space 327680K, 100% used [0x00000006c1c00000, 0x00000006d5c00000, 0x00000006d5c00000)
  from space 40960K,   0% used [0x00000006d5c00000, 0x00000006d5c00810, 0x00000006d8400000)
  to   space 40960K,   0% used [0x00000006d8400000, 0x00000006d8400000, 0x00000006dac00000)
 concurrent mark-sweep generation total 3756032K, used 1080804K [0x00000006dac00000, 0x00000007c0000000, 0x00000007c0000000)
 Metaspace       used 42573K, capacity 43892K, committed 44572K, reserved 1087488K
  class space    used 5454K, capacity 5756K, committed 5960K, reserved 1048576K
2020-07-01T08:29:54.645+0200: 399949.288: [GC (Allocation Failure) 2020-07-01T08:29:54.645+0200: 399949.288: [ParNew
Desired survivor size 20971520 bytes, new threshold 1 (max 1)
- age   1:        336 bytes,        336 total
: 327682K->2K(368640K), 0.0234203 secs] 1408486K->1080806K(4124672K), 0.0235277 secs] [Times: user=0.00 sys=0.00, real=0.03 secs] 
Heap after GC invocations=495305 (full 2):
 par new generation   total 368640K, used 2K [0x00000006c1c00000, 0x00000006dac00000, 0x00000006dac00000)
  eden space 327680K,   0% used [0x00000006c1c00000, 0x00000006c1c00000, 0x00000006d5c00000)
  from space 40960K,   0% used [0x00000006d8400000, 0x00000006d8400810, 0x00000006dac00000)
  to   space 40960K,   0% used [0x00000006d5c00000, 0x00000006d5c00000, 0x00000006d8400000)
 concurrent mark-sweep generation total 3756032K, used 1080804K [0x00000006dac00000, 0x00000007c0000000, 0x00000007c0000000)
 Metaspace       used 42573K, capacity 43892K, committed 44572K, reserved 1087488K
  class space    used 5454K, capacity 5756K, committed 5960K, reserved 1048576K
}
2020-07-01T08:29:54.669+0200: 399949.311: Total time for which application threads were stopped: 0.0238452 seconds, Stopping threads took: 0.0000648 seconds
{Heap before GC invocations=495305 (full 2):
 par new generation   total 368640K, used 327682K [0x00000006c1c00000, 0x00000006dac00000, 0x00000006dac00000)
  eden space 327680K, 100% used [0x00000006c1c00000, 0x00000006d5c00000, 0x00000006d5c00000)
  from space 40960K,   0% used [0x00000006d8400000, 0x00000006d8400810, 0x00000006dac00000)
  to   space 40960K,   0% used [0x00000006d5c00000, 0x00000006d5c00000, 0x00000006d8400000)
 concurrent mark-sweep generation total 3756032K, used 1080804K [0x00000006dac00000, 0x00000007c0000000, 0x00000007c0000000)
 Metaspace       used 42573K, capacity 43892K, committed 44572K, reserved 1087488K
  class space    used 5454K, capacity 5756K, committed 5960K, reserved 1048576K
2020-07-01T08:29:54.972+0200: 399949.615: [GC (Allocation Failure) 2020-07-01T08:29:54.972+0200: 399949.615: [ParNew
Desired survivor size 20971520 bytes, new threshold 1 (max 1)
- age   1:        240 bytes,        240 total
: 327682K->4K(368640K), 0.0129988 secs] 1408486K->1080808K(4124672K), 0.0131019 secs] [Times: user=0.03 sys=0.00, real=0.01 secs] 
Heap after GC invocations=495306 (full 2):
 par new generation   total 368640K, used 4K [0x00000006c1c00000, 0x00000006dac00000, 0x00000006dac00000)
  eden space 327680K,   0% used [0x00000006c1c00000, 0x00000006c1c00000, 0x00000006d5c00000)
  from space 40960K,   0% used [0x00000006d5c00000, 0x00000006d5c01020, 0x00000006d8400000)
  to   space 40960K,   0% used [0x00000006d8400000, 0x00000006d8400000, 0x00000006dac00000)
 concurrent mark-sweep generation total 3756032K, used 1080804K [0x00000006dac00000, 0x00000007c0000000, 0x00000007c0000000)
 Metaspace       used 42573K, capacity 43892K, committed 44572K, reserved 1087488K
  class space    used 5454K, capacity 5756K, committed 5960K, reserved 1048576K
}
2020-07-01T08:29:54.985+0200: 399949.628: Total time for which application threads were stopped: 0.0134121 seconds, Stopping threads took: 0.0000492 seconds
{Heap before GC invocations=495306 (full 2):
 par new generation   total 368640K, used 327684K [0x00000006c1c00000, 0x00000006dac00000, 0x00000006dac00000)
  eden space 327680K, 100% used [0x00000006c1c00000, 0x00000006d5c00000, 0x00000006d5c00000)
  from space 40960K,   0% used [0x00000006d5c00000, 0x00000006d5c01020, 0x00000006d8400000)
  to   space 40960K,   0% used [0x00000006d8400000, 0x00000006d8400000, 0x00000006dac00000)
 concurrent mark-sweep generation total 3756032K, used 1080804K [0x00000006dac00000, 0x00000007c0000000, 0x00000007c0000000)
 Metaspace       used 42573K, capacity 43892K, committed 44572K, reserved 1087488K
  class space    used 5454K, capacity 5756K, committed 5960K, reserved 1048576K
2020-07-01T08:29:55.314+0200: 399949.957: [GC (Allocation Failure) 2020-07-01T08:29:55.314+0200: 399949.957: [ParNew
Desired survivor size 20971520 bytes, new threshold 1 (max 1)
- age   1:        240 bytes,        240 total
: 327684K->6K(368640K), 0.0167965 secs] 1408488K->1080810K(4124672K), 0.0168979 secs] [Times: user=0.01 sys=0.00, real=0.02 secs] 
Heap after GC invocations=495307 (full 2):
 par new generation   total 368640K, used 6K [0x00000006c1c00000, 0x00000006dac00000, 0x00000006dac00000)
  eden space 327680K,   0% used [0x00000006c1c00000, 0x00000006c1c00000, 0x00000006d5c00000)
  from space 40960K,   0% used [0x00000006d8400000, 0x00000006d8401830, 0x00000006dac00000)
  to   space 40960K,   0% used [0x00000006d5c00000, 0x00000006d5c00000, 0x00000006d8400000)
 concurrent mark-sweep generation total 3756032K, used 1080804K [0x00000006dac00000, 0x00000007c0000000, 0x00000007c0000000)
 Metaspace       used 42573K, capacity 43892K, committed 44572K, reserved 1087488K
  class space    used 5454K, capacity 5756K, committed 5960K, reserved 1048576K
}
2020-07-01T08:29:55.331+0200: 399949.974: Total time for which application threads were stopped: 0.0174100 seconds, Stopping threads took: 0.0002605 seconds
{Heap before GC invocations=495307 (full 2):
 par new generation   total 368640K, used 327686K [0x00000006c1c00000, 0x00000006dac00000, 0x00000006dac00000)
  eden space 327680K, 100% used [0x00000006c1c00000, 0x00000006d5c00000, 0x00000006d5c00000)
  from space 40960K,   0% used [0x00000006d8400000, 0x00000006d8401830, 0x00000006dac00000)
  to   space 40960K,   0% used [0x00000006d5c00000, 0x00000006d5c00000, 0x00000006d8400000)
 concurrent mark-sweep generation total 3756032K, used 1080804K [0x00000006dac00000, 0x00000007c0000000, 0x00000007c0000000)
 Metaspace       used 42573K, capacity 43892K, committed 44572K, reserved 1087488K
  class space    used 5454K, capacity 5756K, committed 5960K, reserved 1048576K
2020-07-01T08:29:55.625+0200: 399950.267: [GC (Allocation Failure) 2020-07-01T08:29:55.625+0200: 399950.267: [ParNew
Desired survivor size 20971520 bytes, new threshold 1 (max 1)
- age   1:        272 bytes,        272 total
: 327686K->4K(368640K), 0.0128314 secs] 1408490K->1080808K(4124672K), 0.0129613 secs] [Times: user=0.02 sys=0.00, real=0.01 secs] 
Heap after GC invocations=495308 (full 2):
 par new generation   total 368640K, used 4K [0x00000006c1c00000, 0x00000006dac00000, 0x00000006dac00000)
  eden space 327680K,   0% used [0x00000006c1c00000, 0x00000006c1c00000, 0x00000006d5c00000)
  from space 40960K,   0% used [0x00000006d5c00000, 0x00000006d5c01020, 0x00000006d8400000)
  to   space 40960K,   0% used [0x00000006d8400000, 0x00000006d8400000, 0x00000006dac00000)
 concurrent mark-sweep generation total 3756032K, used 1080804K [0x00000006dac00000, 0x00000007c0000000, 0x00000007c0000000)
 Metaspace       used 42573K, capacity 43892K, committed 44572K, reserved 1087488K
  class space    used 5454K, capacity 5756K, committed 5960K, reserved 1048576K
}
2020-07-01T08:29:55.638+0200: 399950.280: Total time for which application threads were stopped: 0.0133336 seconds, Stopping threads took: 0.0000909 seconds
{Heap before GC invocations=495308 (full 2):
 par new generation   total 368640K, used 327684K [0x00000006c1c00000, 0x00000006dac00000, 0x00000006dac00000)
  eden space 327680K, 100% used [0x00000006c1c00000, 0x00000006d5c00000, 0x00000006d5c00000)
  from space 40960K,   0% used [0x00000006d5c00000, 0x00000006d5c01020, 0x00000006d8400000)
  to   space 40960K,   0% used [0x00000006d8400000, 0x00000006d8400000, 0x00000006dac00000)
 concurrent mark-sweep generation total 3756032K, used 1080804K [0x00000006dac00000, 0x00000007c0000000, 0x00000007c0000000)
 Metaspace       used 42573K, capacity 43892K, committed 44572K, reserved 1087488K
  class space    used 5454K, capacity 5756K, committed 5960K, reserved 1048576K
2020-07-01T08:29:56.010+0200: 399950.653: [GC (Allocation Failure) 2020-07-01T08:29:56.010+0200: 399950.653: [ParNew
Desired survivor size 20971520 bytes, new threshold 1 (max 1)
- age   1:        728 bytes,        728 total
: 327684K->2K(368640K), 0.0477822 secs] 1408488K->1080806K(4124672K), 0.0478906 secs] [Times: user=0.04 sys=0.00, real=0.05 secs] 
Heap after GC invocations=495309 (full 2):
 par new generation   total 368640K, used 2K [0x00000006c1c00000, 0x00000006dac00000, 0x00000006dac00000)
  eden space 327680K,   0% used [0x00000006c1c00000, 0x00000006c1c00000, 0x00000006d5c00000)
  from space 40960K,   0% used [0x00000006d8400000, 0x00000006d8400810, 0x00000006dac00000)
  to   space 40960K,   0% used [0x00000006d5c00000, 0x00000006d5c00000, 0x00000006d8400000)
 concurrent mark-sweep generation total 3756032K, used 1080804K [0x00000006dac00000, 0x00000007c0000000, 0x00000007c0000000)
 Metaspace       used 42573K, capacity 43892K, committed 44572K, reserved 1087488K
  class space    used 5454K, capacity 5756K, committed 5960K, reserved 1048576K
}
2020-07-01T08:29:56.058+0200: 399950.701: Total time for which application threads were stopped: 0.0486583 seconds, Stopping threads took: 0.0000628 seconds
{Heap before GC invocations=495309 (full 2):
 par new generation   total 368640K, used 327682K [0x00000006c1c00000, 0x00000006dac00000, 0x00000006dac00000)
  eden space 327680K, 100% used [0x00000006c1c00000, 0x00000006d5c00000, 0x00000006d5c00000)
  from space 40960K,   0% used [0x00000006d8400000, 0x00000006d8400810, 0x00000006dac00000)
  to   space 40960K,   0% used [0x00000006d5c00000, 0x00000006d5c00000, 0x00000006d8400000)
 concurrent mark-sweep generation total 3756032K, used 1080804K [0x00000006dac00000, 0x00000007c0000000, 0x00000007c0000000)
 Metaspace       used 42573K, capacity 43892K, committed 44572K, reserved 1087488K
  class space    used 5454K, capacity 5756K, committed 5960K, reserved 1048576K
2020-07-01T08:29:56.495+0200: 399951.137: [GC (Allocation Failure) 2020-07-01T08:29:56.495+0200: 399951.138: [ParNew
Desired survivor size 20971520 bytes, new threshold 1 (max 1)
- age   1:        240 bytes,        240 total
: 327682K->4K(368640K), 0.0382119 secs] 1408486K->1080809K(4124672K), 0.0383227 secs] [Times: user=0.00 sys=0.00, real=0.04 secs] 
Heap after GC invocations=495310 (full 2):
 par new generation   total 368640K, used 4K [0x00000006c1c00000, 0x00000006dac00000, 0x00000006dac00000)
  eden space 327680K,   0% used [0x00000006c1c00000, 0x00000006c1c00000, 0x00000006d5c00000)
  from space 40960K,   0% used [0x00000006d5c00000, 0x00000006d5c01020, 0x00000006d8400000)
  to   space 40960K,   0% used [0x00000006d8400000, 0x00000006d8400000, 0x00000006dac00000)
 concurrent mark-sweep generation total 3756032K, used 1080805K [0x00000006dac00000, 0x00000007c0000000, 0x00000007c0000000)
 Metaspace       used 42573K, capacity 43892K, committed 44572K, reserved 1087488K
  class space    used 5454K, capacity 5756K, committed 5960K, reserved 1048576K
}
2020-07-01T08:29:56.533+0200: 399951.176: Total time for which application threads were stopped: 0.0386109 seconds, Stopping threads took: 0.0000521 seconds
{Heap before GC invocations=495310 (full 2):
 par new generation   total 368640K, used 327684K [0x00000006c1c00000, 0x00000006dac00000, 0x00000006dac00000)
  eden space 327680K, 100% used [0x00000006c1c00000, 0x00000006d5c00000, 0x00000006d5c00000)
  from space 40960K,   0% used [0x00000006d5c00000, 0x00000006d5c01020, 0x00000006d8400000)
  to   space 40960K,   0% used [0x00000006d8400000, 0x00000006d8400000, 0x00000006dac00000)
 concurrent mark-sweep generation total 3756032K, used 1080805K [0x00000006dac00000, 0x00000007c0000000, 0x00000007c0000000)
 Metaspace       used 42573K, capacity 43892K, committed 44572K, reserved 1087488K
  class space    used 5454K, capacity 5756K, committed 5960K, reserved 1048576K
2020-07-01T08:29:56.981+0200: 399951.624: [GC (Allocation Failure) 2020-07-01T08:29:56.981+0200: 399951.624: [ParNew
Desired survivor size 20971520 bytes, new threshold 1 (max 1)
- age   1:        336 bytes,        336 total
: 327684K->4K(368640K), 0.0185957 secs] 1408489K->1080809K(4124672K), 0.0186984 secs] [Times: user=0.00 sys=0.00, real=0.02 secs] 
Heap after GC invocations=495311 (full 2):
 par new generation   total 368640K, used 4K [0x00000006c1c00000, 0x00000006dac00000, 0x00000006dac00000)
  eden space 327680K,   0% used [0x00000006c1c00000, 0x00000006c1c00000, 0x00000006d5c00000)
  from space 40960K,   0% used [0x00000006d8400000, 0x00000006d8401020, 0x00000006dac00000)
  to   space 40960K,   0% used [0x00000006d5c00000, 0x00000006d5c00000, 0x00000006d8400000)
 concurrent mark-sweep generation total 3756032K, used 1080805K [0x00000006dac00000, 0x00000007c0000000, 0x00000007c0000000)
 Metaspace       used 42573K, capacity 43892K, committed 44572K, reserved 1087488K
  class space    used 5454K, capacity 5756K, committed 5960K, reserved 1048576K
}
2020-07-01T08:29:57.000+0200: 399951.643: Total time for which application threads were stopped: 0.0189830 seconds, Stopping threads took: 0.0000502 seconds
{Heap before GC invocations=495311 (full 2):
 par new generation   total 368640K, used 327684K [0x00000006c1c00000, 0x00000006dac00000, 0x00000006dac00000)
  eden space 327680K, 100% used [0x00000006c1c00000, 0x00000006d5c00000, 0x00000006d5c00000)
  from space 40960K,   0% used [0x00000006d8400000, 0x00000006d8401020, 0x00000006dac00000)
  to   space 40960K,   0% used [0x00000006d5c00000, 0x00000006d5c00000, 0x00000006d8400000)
 concurrent mark-sweep generation total 3756032K, used 1080805K [0x00000006dac00000, 0x00000007c0000000, 0x00000007c0000000)
 Metaspace       used 42573K, capacity 43892K, committed 44572K, reserved 1087488K
  class space    used 5454K, capacity 5756K, committed 5960K, reserved 1048576K
2020-07-01T08:29:57.416+0200: 399952.058: [GC (Allocation Failure) 2020-07-01T08:29:57.416+0200: 399952.058: [ParNew
Desired survivor size 20971520 bytes, new threshold 1 (max 1)
- age   1:        240 bytes,        240 total
: 327684K->4K(368640K), 0.0238979 secs] 1408489K->1080809K(4124672K), 0.0240022 secs] [Times: user=0.03 sys=0.00, real=0.03 secs] 
Heap after GC invocations=495312 (full 2):
 par new generation   total 368640K, used 4K [0x00000006c1c00000, 0x00000006dac00000, 0x00000006dac00000)
  eden space 327680K,   0% used [0x00000006c1c00000, 0x00000006c1c00000, 0x00000006d5c00000)
  from space 40960K,   0% used [0x00000006d5c00000, 0x00000006d5c01020, 0x00000006d8400000)
  to   space 40960K,   0% used [0x00000006d8400000, 0x00000006d8400000, 0x00000006dac00000)
 concurrent mark-sweep generation total 3756032K, used 1080805K [0x00000006dac00000, 0x00000007c0000000, 0x00000007c0000000)
 Metaspace       used 42573K, capacity 43892K, committed 44572K, reserved 1087488K
  class space    used 5454K, capacity 5756K, committed 5960K, reserved 1048576K
}
2020-07-01T08:29:57.440+0200: 399952.083: Total time for which application threads were stopped: 0.0243104 seconds, Stopping threads took: 0.0000487 seconds
{Heap before GC invocations=495312 (full 2):
 par new generation   total 368640K, used 327684K [0x00000006c1c00000, 0x00000006dac00000, 0x00000006dac00000)
  eden space 327680K, 100% used [0x00000006c1c00000, 0x00000006d5c00000, 0x00000006d5c00000)
  from space 40960K,   0% used [0x00000006d5c00000, 0x00000006d5c01020, 0x00000006d8400000)
  to   space 40960K,   0% used [0x00000006d8400000, 0x00000006d8400000, 0x00000006dac00000)
 concurrent mark-sweep generation total 3756032K, used 1080805K [0x00000006dac00000, 0x00000007c0000000, 0x00000007c0000000)
 Metaspace       used 42573K, capacity 43892K, committed 44572K, reserved 1087488K
  class space    used 5454K, capacity 5756K, committed 5960K, reserved 1048576K
2020-07-01T08:29:57.769+0200: 399952.411: [GC (Allocation Failure) 2020-07-01T08:29:57.769+0200: 399952.411: [ParNew
Desired survivor size 20971520 bytes, new threshold 1 (max 1)
- age   1:        568 bytes,        568 total
: 327684K->8K(368640K), 0.0126385 secs] 1408489K->1080813K(4124672K), 0.0127544 secs] [Times: user=0.00 sys=0.00, real=0.01 secs] 
Heap after GC invocations=495313 (full 2):
 par new generation   total 368640K, used 8K [0x00000006c1c00000, 0x00000006dac00000, 0x00000006dac00000)
  eden space 327680K,   0% used [0x00000006c1c00000, 0x00000006c1c00000, 0x00000006d5c00000)
  from space 40960K,   0% used [0x00000006d8400000, 0x00000006d8402040, 0x00000006dac00000)
  to   space 40960K,   0% used [0x00000006d5c00000, 0x00000006d5c00000, 0x00000006d8400000)
 concurrent mark-sweep generation total 3756032K, used 1080805K [0x00000006dac00000, 0x00000007c0000000, 0x00000007c0000000)
 Metaspace       used 42573K, capacity 43892K, committed 44572K, reserved 1087488K
  class space    used 5454K, capacity 5756K, committed 5960K, reserved 1048576K
}
2020-07-01T08:29:57.781+0200: 399952.424: Total time for which application threads were stopped: 0.0130374 seconds, Stopping threads took: 0.0000472 seconds
{Heap before GC invocations=495313 (full 2):
 par new generation   total 368640K, used 327688K [0x00000006c1c00000, 0x00000006dac00000, 0x00000006dac00000)
  eden space 327680K, 100% used [0x00000006c1c00000, 0x00000006d5c00000, 0x00000006d5c00000)
  from space 40960K,   0% used [0x00000006d8400000, 0x00000006d8402040, 0x00000006dac00000)
  to   space 40960K,   0% used [0x00000006d5c00000, 0x00000006d5c00000, 0x00000006d8400000)
 concurrent mark-sweep generation total 3756032K, used 1080805K [0x00000006dac00000, 0x00000007c0000000, 0x00000007c0000000)
 Metaspace       used 42573K, capacity 43892K, committed 44572K, reserved 1087488K
  class space    used 5454K, capacity 5756K, committed 5960K, reserved 1048576K
2020-07-01T08:29:58.089+0200: 399952.732: [GC (Allocation Failure) 2020-07-01T08:29:58.089+0200: 399952.732: [ParNew
Desired survivor size 20971520 bytes, new threshold 1 (max 1)
- age   1:        240 bytes,        240 total
: 327688K->4K(368640K), 0.0139187 secs] 1408493K->1080809K(4124672K), 0.0140245 secs] [Times: user=0.00 sys=0.00, real=0.01 secs] 
Heap after GC invocations=495314 (full 2):
 par new generation   total 368640K, used 4K [0x00000006c1c00000, 0x00000006dac00000, 0x00000006dac00000)
  eden space 327680K,   0% used [0x00000006c1c00000, 0x00000006c1c00000, 0x00000006d5c00000)
  from space 40960K,   0% used [0x00000006d5c00000, 0x00000006d5c01020, 0x00000006d8400000)
  to   space 40960K,   0% used [0x00000006d8400000, 0x00000006d8400000, 0x00000006dac00000)
 concurrent mark-sweep generation total 3756032K, used 1080805K [0x00000006dac00000, 0x00000007c0000000, 0x00000007c0000000)
 Metaspace       used 42573K, capacity 43892K, committed 44572K, reserved 1087488K
  class space    used 5454K, capacity 5756K, committed 5960K, reserved 1048576K
}
2020-07-01T08:29:58.103+0200: 399952.746: Total time for which application threads were stopped: 0.0143201 seconds, Stopping threads took: 0.0000470 seconds
{Heap before GC invocations=495314 (full 2):
 par new generation   total 368640K, used 327684K [0x00000006c1c00000, 0x00000006dac00000, 0x00000006dac00000)
  eden space 327680K, 100% used [0x00000006c1c00000, 0x00000006d5c00000, 0x00000006d5c00000)
  from space 40960K,   0% used [0x00000006d5c00000, 0x00000006d5c01020, 0x00000006d8400000)
  to   space 40960K,   0% used [0x00000006d8400000, 0x00000006d8400000, 0x00000006dac00000)
 concurrent mark-sweep generation total 3756032K, used 1080805K [0x00000006dac00000, 0x00000007c0000000, 0x00000007c0000000)
 Metaspace       used 42573K, capacity 43892K, committed 44572K, reserved 1087488K
  class space    used 5454K, capacity 5756K, committed 5960K, reserved 1048576K
2020-07-01T08:29:58.427+0200: 399953.070: [GC (Allocation Failure) 2020-07-01T08:29:58.427+0200: 399953.070: [ParNew
Desired survivor size 20971520 bytes, new threshold 1 (max 1)
- age   1:        240 bytes,        240 total
: 327684K->4K(368640K), 0.0130899 secs] 1408489K->1080809K(4124672K), 0.0132072 secs] [Times: user=0.02 sys=0.00, real=0.02 secs] 
Heap after GC invocations=495315 (full 2):
 par new generation   total 368640K, used 4K [0x00000006c1c00000, 0x00000006dac00000, 0x00000006dac00000)
  eden space 327680K,   0% used [0x00000006c1c00000, 0x00000006c1c00000, 0x00000006d5c00000)
  from space 40960K,   0% used [0x00000006d8400000, 0x00000006d8401020, 0x00000006dac00000)
  to   space 40960K,   0% used [0x00000006d5c00000, 0x00000006d5c00000, 0x00000006d8400000)
 concurrent mark-sweep generation total 3756032K, used 1080805K [0x00000006dac00000, 0x00000007c0000000, 0x00000007c0000000)
 Metaspace       used 42573K, capacity 43892K, committed 44572K, reserved 1087488K
  class space    used 5454K, capacity 5756K, committed 5960K, reserved 1048576K
}
2020-07-01T08:29:58.440+0200: 399953.083: Total time for which application threads were stopped: 0.0136871 seconds, Stopping threads took: 0.0000488 seconds
{Heap before GC invocations=495315 (full 2):
 par new generation   total 368640K, used 327684K [0x00000006c1c00000, 0x00000006dac00000, 0x00000006dac00000)
  eden space 327680K, 100% used [0x00000006c1c00000, 0x00000006d5c00000, 0x00000006d5c00000)
  from space 40960K,   0% used [0x00000006d8400000, 0x00000006d8401020, 0x00000006dac00000)
  to   space 40960K,   0% used [0x00000006d5c00000, 0x00000006d5c00000, 0x00000006d8400000)
 concurrent mark-sweep generation total 3756032K, used 1080805K [0x00000006dac00000, 0x00000007c0000000, 0x00000007c0000000)
 Metaspace       used 42573K, capacity 43892K, committed 44572K, reserved 1087488K
  class space    used 5454K, capacity 5756K, committed 5960K, reserved 1048576K
2020-07-01T08:29:58.754+0200: 399953.396: [GC (Allocation Failure) 2020-07-01T08:29:58.754+0200: 399953.396: [ParNew
Desired survivor size 20971520 bytes, new threshold 1 (max 1)
- age   1:        304 bytes,        304 total
: 327684K->4K(368640K), 0.0125760 secs] 1408489K->1080809K(4124672K), 0.0126870 secs] [Times: user=0.01 sys=0.00, real=0.01 secs] 
Heap after GC invocations=495316 (full 2):
 par new generation   total 368640K, used 4K [0x00000006c1c00000, 0x00000006dac00000, 0x00000006dac00000)
  eden space 327680K,   0% used [0x00000006c1c00000, 0x00000006c1c00000, 0x00000006d5c00000)
  from space 40960K,   0% used [0x00000006d5c00000, 0x00000006d5c01020, 0x00000006d8400000)
  to   space 40960K,   0% used [0x00000006d8400000, 0x00000006d8400000, 0x00000006dac00000)
 concurrent mark-sweep generation total 3756032K, used 1080805K [0x00000006dac00000, 0x00000007c0000000, 0x00000007c0000000)
 Metaspace       used 42573K, capacity 43892K, committed 44572K, reserved 1087488K
  class space    used 5454K, capacity 5756K, committed 5960K, reserved 1048576K
}
2020-07-01T08:29:58.766+0200: 399953.409: Total time for which application threads were stopped: 0.0129832 seconds, Stopping threads took: 0.0000509 seconds
{Heap before GC invocations=495316 (full 2):
 par new generation   total 368640K, used 327684K [0x00000006c1c00000, 0x00000006dac00000, 0x00000006dac00000)
  eden space 327680K, 100% used [0x00000006c1c00000, 0x00000006d5c00000, 0x00000006d5c00000)
  from space 40960K,   0% used [0x00000006d5c00000, 0x00000006d5c01020, 0x00000006d8400000)
  to   space 40960K,   0% used [0x00000006d8400000, 0x00000006d8400000, 0x00000006dac00000)
 concurrent mark-sweep generation total 3756032K, used 1080805K [0x00000006dac00000, 0x00000007c0000000, 0x00000007c0000000)
 Metaspace       used 42573K, capacity 43892K, committed 44572K, reserved 1087488K
  class space    used 5454K, capacity 5756K, committed 5960K, reserved 1048576K
2020-07-01T08:29:59.055+0200: 399953.698: [GC (Allocation Failure) 2020-07-01T08:29:59.055+0200: 399953.698: [ParNew
Desired survivor size 20971520 bytes, new threshold 1 (max 1)
- age   1:        272 bytes,        272 total
: 327684K->4K(368640K), 0.0302887 secs] 1408489K->1080809K(4124672K), 0.0303900 secs] [Times: user=0.03 sys=0.00, real=0.03 secs] 
Heap after GC invocations=495317 (full 2):
 par new generation   total 368640K, used 4K [0x00000006c1c00000, 0x00000006dac00000, 0x00000006dac00000)
  eden space 327680K,   0% used [0x00000006c1c00000, 0x00000006c1c00000, 0x00000006d5c00000)
  from space 40960K,   0% used [0x00000006d8400000, 0x00000006d8401020, 0x00000006dac00000)
  to   space 40960K,   0% used [0x00000006d5c00000, 0x00000006d5c00000, 0x00000006d8400000)
 concurrent mark-sweep generation total 3756032K, used 1080805K [0x00000006dac00000, 0x00000007c0000000, 0x00000007c0000000)
 Metaspace       used 42573K, capacity 43892K, committed 44572K, reserved 1087488K
  class space    used 5454K, capacity 5756K, committed 5960K, reserved 1048576K
}
2020-07-01T08:29:59.086+0200: 399953.729: Total time for which application threads were stopped: 0.0306893 seconds, Stopping threads took: 0.0000469 seconds
{Heap before GC invocations=495317 (full 2):
 par new generation   total 368640K, used 327684K [0x00000006c1c00000, 0x00000006dac00000, 0x00000006dac00000)
  eden space 327680K, 100% used [0x00000006c1c00000, 0x00000006d5c00000, 0x00000006d5c00000)
  from space 40960K,   0% used [0x00000006d8400000, 0x00000006d8401020, 0x00000006dac00000)
  to   space 40960K,   0% used [0x00000006d5c00000, 0x00000006d5c00000, 0x00000006d8400000)
 concurrent mark-sweep generation total 3756032K, used 1080805K [0x00000006dac00000, 0x00000007c0000000, 0x00000007c0000000)
 Metaspace       used 42573K, capacity 43892K, committed 44572K, reserved 1087488K
  class space    used 5454K, capacity 5756K, committed 5960K, reserved 1048576K
2020-07-01T08:29:59.408+0200: 399954.051: [GC (Allocation Failure) 2020-07-01T08:29:59.408+0200: 399954.051: [ParNew
Desired survivor size 20971520 bytes, new threshold 1 (max 1)
- age   1:        240 bytes,        240 total
: 327684K->4K(368640K), 0.0106073 secs] 1408489K->1080809K(4124672K), 0.0107358 secs] [Times: user=0.01 sys=0.00, real=0.01 secs] 
Heap after GC invocations=495318 (full 2):
 par new generation   total 368640K, used 4K [0x00000006c1c00000, 0x00000006dac00000, 0x00000006dac00000)
  eden space 327680K,   0% used [0x00000006c1c00000, 0x00000006c1c00000, 0x00000006d5c00000)
  from space 40960K,   0% used [0x00000006d5c00000, 0x00000006d5c01020, 0x00000006d8400000)
  to   space 40960K,   0% used [0x00000006d8400000, 0x00000006d8400000, 0x00000006dac00000)
 concurrent mark-sweep generation total 3756032K, used 1080805K [0x00000006dac00000, 0x00000007c0000000, 0x00000007c0000000)
 Metaspace       used 42573K, capacity 43892K, committed 44572K, reserved 1087488K
  class space    used 5454K, capacity 5756K, committed 5960K, reserved 1048576K
}
2020-07-01T08:29:59.419+0200: 399954.062: Total time for which application threads were stopped: 0.0111921 seconds, Stopping threads took: 0.0001272 seconds
{Heap before GC invocations=495318 (full 2):
 par new generation   total 368640K, used 327684K [0x00000006c1c00000, 0x00000006dac00000, 0x00000006dac00000)
  eden space 327680K, 100% used [0x00000006c1c00000, 0x00000006d5c00000, 0x00000006d5c00000)
  from space 40960K,   0% used [0x00000006d5c00000, 0x00000006d5c01020, 0x00000006d8400000)
  to   space 40960K,   0% used [0x00000006d8400000, 0x00000006d8400000, 0x00000006dac00000)
 concurrent mark-sweep generation total 3756032K, used 1080805K [0x00000006dac00000, 0x00000007c0000000, 0x00000007c0000000)
 Metaspace       used 42573K, capacity 43892K, committed 44572K, reserved 1087488K
  class space    used 5454K, capacity 5756K, committed 5960K, reserved 1048576K
2020-07-01T08:29:59.729+0200: 399954.372: [GC (Allocation Failure) 2020-07-01T08:29:59.729+0200: 399954.372: [ParNew
Desired survivor size 20971520 bytes, new threshold 1 (max 1)
- age   1:        336 bytes,        336 total
: 327684K->2K(368640K), 0.0298592 secs] 1408489K->1080807K(4124672K), 0.0299976 secs] [Times: user=0.00 sys=0.00, real=0.03 secs] 
Heap after GC invocations=495319 (full 2):
 par new generation   total 368640K, used 2K [0x00000006c1c00000, 0x00000006dac00000, 0x00000006dac00000)
  eden space 327680K,   0% used [0x00000006c1c00000, 0x00000006c1c00000, 0x00000006d5c00000)
  from space 40960K,   0% used [0x00000006d8400000, 0x00000006d8400810, 0x00000006dac00000)
  to   space 40960K,   0% used [0x00000006d5c00000, 0x00000006d5c00000, 0x00000006d8400000)
 concurrent mark-sweep generation total 3756032K, used 1080805K [0x00000006dac00000, 0x00000007c0000000, 0x00000007c0000000)
 Metaspace       used 42573K, capacity 43892K, committed 44572K, reserved 1087488K
  class space    used 5454K, capacity 5756K, committed 5960K, reserved 1048576K
}
2020-07-01T08:29:59.759+0200: 399954.402: Total time for which application threads were stopped: 0.0302805 seconds, Stopping threads took: 0.0000489 seconds
{Heap before GC invocations=495319 (full 2):
 par new generation   total 368640K, used 327682K [0x00000006c1c00000, 0x00000006dac00000, 0x00000006dac00000)
  eden space 327680K, 100% used [0x00000006c1c00000, 0x00000006d5c00000, 0x00000006d5c00000)
  from space 40960K,   0% used [0x00000006d8400000, 0x00000006d8400810, 0x00000006dac00000)
  to   space 40960K,   0% used [0x00000006d5c00000, 0x00000006d5c00000, 0x00000006d8400000)
 concurrent mark-sweep generation total 3756032K, used 1080805K [0x00000006dac00000, 0x00000007c0000000, 0x00000007c0000000)
 Metaspace       used 42573K, capacity 43892K, committed 44572K, reserved 1087488K
  class space    used 5454K, capacity 5756K, committed 5960K, reserved 1048576K
2020-07-01T08:30:00.056+0200: 399954.699: [GC (Allocation Failure) 2020-07-01T08:30:00.056+0200: 399954.699: [ParNew
Desired survivor size 20971520 bytes, new threshold 1 (max 1)
- age   1:        240 bytes,        240 total
: 327682K->2K(368640K), 0.0297980 secs] 1408487K->1080807K(4124672K), 0.0299199 secs] [Times: user=0.03 sys=0.00, real=0.03 secs] 
Heap after GC invocations=495320 (full 2):
 par new generation   total 368640K, used 2K [0x00000006c1c00000, 0x00000006dac00000, 0x00000006dac00000)
  eden space 327680K,   0% used [0x00000006c1c00000, 0x00000006c1c00000, 0x00000006d5c00000)
  from space 40960K,   0% used [0x00000006d5c00000, 0x00000006d5c00810, 0x00000006d8400000)
  to   space 40960K,   0% used [0x00000006d8400000, 0x00000006d8400000, 0x00000006dac00000)
 concurrent mark-sweep generation total 3756032K, used 1080805K [0x00000006dac00000, 0x00000007c0000000, 0x00000007c0000000)
 Metaspace       used 42573K, capacity 43892K, committed 44572K, reserved 1087488K
  class space    used 5454K, capacity 5756K, committed 5960K, reserved 1048576K
}
2020-07-01T08:30:00.086+0200: 399954.729: Total time for which application threads were stopped: 0.0304499 seconds, Stopping threads took: 0.0002691 seconds
{Heap before GC invocations=495320 (full 2):
 par new generation   total 368640K, used 327682K [0x00000006c1c00000, 0x00000006dac00000, 0x00000006dac00000)
  eden space 327680K, 100% used [0x00000006c1c00000, 0x00000006d5c00000, 0x00000006d5c00000)
  from space 40960K,   0% used [0x00000006d5c00000, 0x00000006d5c00810, 0x00000006d8400000)
  to   space 40960K,   0% used [0x00000006d8400000, 0x00000006d8400000, 0x00000006dac00000)
 concurrent mark-sweep generation total 3756032K, used 1080805K [0x00000006dac00000, 0x00000007c0000000, 0x00000007c0000000)
 Metaspace       used 42573K, capacity 43892K, committed 44572K, reserved 1087488K
  class space    used 5454K, capacity 5756K, committed 5960K, reserved 1048576K
2020-07-01T08:30:00.381+0200: 399955.024: [GC (Allocation Failure) 2020-07-01T08:30:00.381+0200: 399955.024: [ParNew
Desired survivor size 20971520 bytes, new threshold 1 (max 1)
- age   1:        240 bytes,        240 total
: 327682K->4K(368640K), 0.0278837 secs] 1408487K->1080809K(4124672K), 0.0279910 secs] [Times: user=0.01 sys=0.00, real=0.03 secs] 
Heap after GC invocations=495321 (full 2):
 par new generation   total 368640K, used 4K [0x00000006c1c00000, 0x00000006dac00000, 0x00000006dac00000)
  eden space 327680K,   0% used [0x00000006c1c00000, 0x00000006c1c00000, 0x00000006d5c00000)
  from space 40960K,   0% used [0x00000006d8400000, 0x00000006d8401020, 0x00000006dac00000)
  to   space 40960K,   0% used [0x00000006d5c00000, 0x00000006d5c00000, 0x00000006d8400000)
 concurrent mark-sweep generation total 3756032K, used 1080805K [0x00000006dac00000, 0x00000007c0000000, 0x00000007c0000000)
 Metaspace       used 42573K, capacity 43892K, committed 44572K, reserved 1087488K
  class space    used 5454K, capacity 5756K, committed 5960K, reserved 1048576K
}
2020-07-01T08:30:00.409+0200: 399955.052: Total time for which application threads were stopped: 0.0297496 seconds, Stopping threads took: 0.0015072 seconds
{Heap before GC invocations=495321 (full 2):
 par new generation   total 368640K, used 327684K [0x00000006c1c00000, 0x00000006dac00000, 0x00000006dac00000)
  eden space 327680K, 100% used [0x00000006c1c00000, 0x00000006d5c00000, 0x00000006d5c00000)
  from space 40960K,   0% used [0x00000006d8400000, 0x00000006d8401020, 0x00000006dac00000)
  to   space 40960K,   0% used [0x00000006d5c00000, 0x00000006d5c00000, 0x00000006d8400000)
 concurrent mark-sweep generation total 3756032K, used 1080805K [0x00000006dac00000, 0x00000007c0000000, 0x00000007c0000000)
 Metaspace       used 42573K, capacity 43892K, committed 44572K, reserved 1087488K
  class space    used 5454K, capacity 5756K, committed 5960K, reserved 1048576K
2020-07-01T08:30:00.712+0200: 399955.355: [GC (Allocation Failure) 2020-07-01T08:30:00.712+0200: 399955.355: [ParNew
Desired survivor size 20971520 bytes, new threshold 1 (max 1)
- age   1:        272 bytes,        272 total
: 327684K->4K(368640K), 0.0104654 secs] 1408489K->1080809K(4124672K), 0.0105779 secs] [Times: user=0.04 sys=0.00, real=0.01 secs] 
Heap after GC invocations=495322 (full 2):
 par new generation   total 368640K, used 4K [0x00000006c1c00000, 0x00000006dac00000, 0x00000006dac00000)
  eden space 327680K,   0% used [0x00000006c1c00000, 0x00000006c1c00000, 0x00000006d5c00000)
  from space 40960K,   0% used [0x00000006d5c00000, 0x00000006d5c01020, 0x00000006d8400000)
  to   space 40960K,   0% used [0x00000006d8400000, 0x00000006d8400000, 0x00000006dac00000)
 concurrent mark-sweep generation total 3756032K, used 1080805K [0x00000006dac00000, 0x00000007c0000000, 0x00000007c0000000)
 Metaspace       used 42573K, capacity 43892K, committed 44572K, reserved 1087488K
  class space    used 5454K, capacity 5756K, committed 5960K, reserved 1048576K
}
2020-07-01T08:30:00.722+0200: 399955.365: Total time for which application threads were stopped: 0.0115712 seconds, Stopping threads took: 0.0007365 seconds
{Heap before GC invocations=495322 (full 2):
 par new generation   total 368640K, used 327684K [0x00000006c1c00000, 0x00000006dac00000, 0x00000006dac00000)
  eden space 327680K, 100% used [0x00000006c1c00000, 0x00000006d5c00000, 0x00000006d5c00000)
  from space 40960K,   0% used [0x00000006d5c00000, 0x00000006d5c01020, 0x00000006d8400000)
  to   space 40960K,   0% used [0x00000006d8400000, 0x00000006d8400000, 0x00000006dac00000)
 concurrent mark-sweep generation total 3756032K, used 1080805K [0x00000006dac00000, 0x00000007c0000000, 0x00000007c0000000)
 Metaspace       used 42573K, capacity 43892K, committed 44572K, reserved 1087488K
  class space    used 5454K, capacity 5756K, committed 5960K, reserved 1048576K
2020-07-01T08:30:01.016+0200: 399955.659: [GC (Allocation Failure) 2020-07-01T08:30:01.016+0200: 399955.659: [ParNew
Desired survivor size 20971520 bytes, new threshold 1 (max 1)
- age   1:        272 bytes,        272 total
: 327684K->2K(368640K), 0.0216782 secs] 1408489K->1080807K(4124672K), 0.0217793 secs] [Times: user=0.02 sys=0.00, real=0.02 secs] 
Heap after GC invocations=495323 (full 2):
 par new generation   total 368640K, used 2K [0x00000006c1c00000, 0x00000006dac00000, 0x00000006dac00000)
  eden space 327680K,   0% used [0x00000006c1c00000, 0x00000006c1c00000, 0x00000006d5c00000)
  from space 40960K,   0% used [0x00000006d8400000, 0x00000006d8400810, 0x00000006dac00000)
  to   space 40960K,   0% used [0x00000006d5c00000, 0x00000006d5c00000, 0x00000006d8400000)
 concurrent mark-sweep generation total 3756032K, used 1080805K [0x00000006dac00000, 0x00000007c0000000, 0x00000007c0000000)
 Metaspace       used 42573K, capacity 43892K, committed 44572K, reserved 1087488K
  class space    used 5454K, capacity 5756K, committed 5960K, reserved 1048576K
}
2020-07-01T08:30:01.038+0200: 399955.680: Total time for which application threads were stopped: 0.0220677 seconds, Stopping threads took: 0.0000518 seconds
{Heap before GC invocations=495323 (full 2):
 par new generation   total 368640K, used 327682K [0x00000006c1c00000, 0x00000006dac00000, 0x00000006dac00000)
  eden space 327680K, 100% used [0x00000006c1c00000, 0x00000006d5c00000, 0x00000006d5c00000)
  from space 40960K,   0% used [0x00000006d8400000, 0x00000006d8400810, 0x00000006dac00000)
  to   space 40960K,   0% used [0x00000006d5c00000, 0x00000006d5c00000, 0x00000006d8400000)
 concurrent mark-sweep generation total 3756032K, used 1080805K [0x00000006dac00000, 0x00000007c0000000, 0x00000007c0000000)
 Metaspace       used 42573K, capacity 43892K, committed 44572K, reserved 1087488K
  class space    used 5454K, capacity 5756K, committed 5960K, reserved 1048576K
2020-07-01T08:30:01.377+0200: 399956.020: [GC (Allocation Failure) 2020-07-01T08:30:01.377+0200: 399956.020: [ParNew
Desired survivor size 20971520 bytes, new threshold 1 (max 1)
- age   1:        240 bytes,        240 total
: 327682K->4K(368640K), 0.0138366 secs] 1408487K->1080809K(4124672K), 0.0139463 secs] [Times: user=0.03 sys=0.00, real=0.02 secs] 
Heap after GC invocations=495324 (full 2):
 par new generation   total 368640K, used 4K [0x00000006c1c00000, 0x00000006dac00000, 0x00000006dac00000)
  eden space 327680K,   0% used [0x00000006c1c00000, 0x00000006c1c00000, 0x00000006d5c00000)
  from space 40960K,   0% used [0x00000006d5c00000, 0x00000006d5c01020, 0x00000006d8400000)
  to   space 40960K,   0% used [0x00000006d8400000, 0x00000006d8400000, 0x00000006dac00000)
 concurrent mark-sweep generation total 3756032K, used 1080805K [0x00000006dac00000, 0x00000007c0000000, 0x00000007c0000000)
 Metaspace       used 42573K, capacity 43892K, committed 44572K, reserved 1087488K
  class space    used 5454K, capacity 5756K, committed 5960K, reserved 1048576K
}
2020-07-01T08:30:01.391+0200: 399956.034: Total time for which application threads were stopped: 0.0142431 seconds, Stopping threads took: 0.0000493 seconds
{Heap before GC invocations=495324 (full 2):
 par new generation   total 368640K, used 327684K [0x00000006c1c00000, 0x00000006dac00000, 0x00000006dac00000)
  eden space 327680K, 100% used [0x00000006c1c00000, 0x00000006d5c00000, 0x00000006d5c00000)
  from space 40960K,   0% used [0x00000006d5c00000, 0x00000006d5c01020, 0x00000006d8400000)
  to   space 40960K,   0% used [0x00000006d8400000, 0x00000006d8400000, 0x00000006dac00000)
 concurrent mark-sweep generation total 3756032K, used 1080805K [0x00000006dac00000, 0x00000007c0000000, 0x00000007c0000000)
 Metaspace       used 42573K, capacity 43892K, committed 44572K, reserved 1087488K
  class space    used 5454K, capacity 5756K, committed 5960K, reserved 1048576K
2020-07-01T08:30:01.718+0200: 399956.361: [GC (Allocation Failure) 2020-07-01T08:30:01.718+0200: 399956.361: [ParNew
Desired survivor size 20971520 bytes, new threshold 1 (max 1)
- age   1:        304 bytes,        304 total
: 327684K->4K(368640K), 0.0094671 secs] 1408489K->1080809K(4124672K), 0.0095764 secs] [Times: user=0.00 sys=0.00, real=0.00 secs] 
Heap after GC invocations=495325 (full 2):
 par new generation   total 368640K, used 4K [0x00000006c1c00000, 0x00000006dac00000, 0x00000006dac00000)
  eden space 327680K,   0% used [0x00000006c1c00000, 0x00000006c1c00000, 0x00000006d5c00000)
  from space 40960K,   0% used [0x00000006d8400000, 0x00000006d8401020, 0x00000006dac00000)
  to   space 40960K,   0% used [0x00000006d5c00000, 0x00000006d5c00000, 0x00000006d8400000)
 concurrent mark-sweep generation total 3756032K, used 1080805K [0x00000006dac00000, 0x00000007c0000000, 0x00000007c0000000)
 Metaspace       used 42573K, capacity 43892K, committed 44572K, reserved 1087488K
  class space    used 5454K, capacity 5756K, committed 5960K, reserved 1048576K
}
2020-07-01T08:30:01.727+0200: 399956.370: Total time for which application threads were stopped: 0.0100879 seconds, Stopping threads took: 0.0002626 seconds
{Heap before GC invocations=495325 (full 2):
 par new generation   total 368640K, used 327684K [0x00000006c1c00000, 0x00000006dac00000, 0x00000006dac00000)
  eden space 327680K, 100% used [0x00000006c1c00000, 0x00000006d5c00000, 0x00000006d5c00000)
  from space 40960K,   0% used [0x00000006d8400000, 0x00000006d8401020, 0x00000006dac00000)
  to   space 40960K,   0% used [0x00000006d5c00000, 0x00000006d5c00000, 0x00000006d8400000)
 concurrent mark-sweep generation total 3756032K, used 1080805K [0x00000006dac00000, 0x00000007c0000000, 0x00000007c0000000)
 Metaspace       used 42573K, capacity 43892K, committed 44572K, reserved 1087488K
  class space    used 5454K, capacity 5756K, committed 5960K, reserved 1048576K
2020-07-01T08:30:02.045+0200: 399956.688: [GC (Allocation Failure) 2020-07-01T08:30:02.045+0200: 399956.688: [ParNew
Desired survivor size 20971520 bytes, new threshold 1 (max 1)
- age   1:        304 bytes,        304 total
: 327684K->4K(368640K), 0.0135169 secs] 1408489K->1080809K(4124672K), 0.0136480 secs] [Times: user=0.01 sys=0.00, real=0.02 secs] 
Heap after GC invocations=495326 (full 2):
 par new generation   total 368640K, used 4K [0x00000006c1c00000, 0x00000006dac00000, 0x00000006dac00000)
  eden space 327680K,   0% used [0x00000006c1c00000, 0x00000006c1c00000, 0x00000006d5c00000)
  from space 40960K,   0% used [0x00000006d5c00000, 0x00000006d5c01020, 0x00000006d8400000)
  to   space 40960K,   0% used [0x00000006d8400000, 0x00000006d8400000, 0x00000006dac00000)
 concurrent mark-sweep generation total 3756032K, used 1080805K [0x00000006dac00000, 0x00000007c0000000, 0x00000007c0000000)
 Metaspace       used 42573K, capacity 43892K, committed 44572K, reserved 1087488K
  class space    used 5454K, capacity 5756K, committed 5960K, reserved 1048576K
}
2020-07-01T08:30:02.059+0200: 399956.702: Total time for which application threads were stopped: 0.0144208 seconds, Stopping threads took: 0.0000492 seconds
{Heap before GC invocations=495326 (full 2):
 par new generation   total 368640K, used 327684K [0x00000006c1c00000, 0x00000006dac00000, 0x00000006dac00000)
  eden space 327680K, 100% used [0x00000006c1c00000, 0x00000006d5c00000, 0x00000006d5c00000)
  from space 40960K,   0% used [0x00000006d5c00000, 0x00000006d5c01020, 0x00000006d8400000)
  to   space 40960K,   0% used [0x00000006d8400000, 0x00000006d8400000, 0x00000006dac00000)
 concurrent mark-sweep generation total 3756032K, used 1080805K [0x00000006dac00000, 0x00000007c0000000, 0x00000007c0000000)
 Metaspace       used 42573K, capacity 43892K, committed 44572K, reserved 1087488K
  class space    used 5454K, capacity 5756K, committed 5960K, reserved 1048576K
2020-07-01T08:30:02.369+0200: 399957.012: [GC (Allocation Failure) 2020-07-01T08:30:02.369+0200: 399957.012: [ParNew
Desired survivor size 20971520 bytes, new threshold 1 (max 1)
- age   1:        240 bytes,        240 total
: 327684K->4K(368640K), 0.0126595 secs] 1408489K->1080810K(4124672K), 0.0128113 secs] [Times: user=0.03 sys=0.00, real=0.01 secs] 
Heap after GC invocations=495327 (full 2):
 par new generation   total 368640K, used 4K [0x00000006c1c00000, 0x00000006dac00000, 0x00000006dac00000)
  eden space 327680K,   0% used [0x00000006c1c00000, 0x00000006c1c00000, 0x00000006d5c00000)
  from space 40960K,   0% used [0x00000006d8400000, 0x00000006d8401020, 0x00000006dac00000)
  to   space 40960K,   0% used [0x00000006d5c00000, 0x00000006d5c00000, 0x00000006d8400000)
 concurrent mark-sweep generation total 3756032K, used 1080806K [0x00000006dac00000, 0x00000007c0000000, 0x00000007c0000000)
 Metaspace       used 42573K, capacity 43892K, committed 44572K, reserved 1087488K
  class space    used 5454K, capacity 5756K, committed 5960K, reserved 1048576K
}
2020-07-01T08:30:02.382+0200: 399957.024: Total time for which application threads were stopped: 0.0130983 seconds, Stopping threads took: 0.0000516 seconds
{Heap before GC invocations=495327 (full 2):
 par new generation   total 368640K, used 327684K [0x00000006c1c00000, 0x00000006dac00000, 0x00000006dac00000)
  eden space 327680K, 100% used [0x00000006c1c00000, 0x00000006d5c00000, 0x00000006d5c00000)
  from space 40960K,   0% used [0x00000006d8400000, 0x00000006d8401020, 0x00000006dac00000)
  to   space 40960K,   0% used [0x00000006d5c00000, 0x00000006d5c00000, 0x00000006d8400000)
 concurrent mark-sweep generation total 3756032K, used 1080806K [0x00000006dac00000, 0x00000007c0000000, 0x00000007c0000000)
 Metaspace       used 42573K, capacity 43892K, committed 44572K, reserved 1087488K
  class space    used 5454K, capacity 5756K, committed 5960K, reserved 1048576K
2020-07-01T08:30:02.699+0200: 399957.341: [GC (Allocation Failure) 2020-07-01T08:30:02.699+0200: 399957.341: [ParNew
Desired survivor size 20971520 bytes, new threshold 1 (max 1)
- age   1:        480 bytes,        480 total
: 327684K->4K(368640K), 0.0103223 secs] 1408490K->1080810K(4124672K), 0.0104432 secs] [Times: user=0.00 sys=0.00, real=0.01 secs] 
Heap after GC invocations=495328 (full 2):
 par new generation   total 368640K, used 4K [0x00000006c1c00000, 0x00000006dac00000, 0x00000006dac00000)
  eden space 327680K,   0% used [0x00000006c1c00000, 0x00000006c1c00000, 0x00000006d5c00000)
  from space 40960K,   0% used [0x00000006d5c00000, 0x00000006d5c01020, 0x00000006d8400000)
  to   space 40960K,   0% used [0x00000006d8400000, 0x00000006d8400000, 0x00000006dac00000)
 concurrent mark-sweep generation total 3756032K, used 1080806K [0x00000006dac00000, 0x00000007c0000000, 0x00000007c0000000)
 Metaspace       used 42573K, capacity 43892K, committed 44572K, reserved 1087488K
  class space    used 5454K, capacity 5756K, committed 5960K, reserved 1048576K
}
2020-07-01T08:30:02.709+0200: 399957.352: Total time for which application threads were stopped: 0.0108026 seconds, Stopping threads took: 0.0001130 seconds
{Heap before GC invocations=495328 (full 2):
 par new generation   total 368640K, used 327684K [0x00000006c1c00000, 0x00000006dac00000, 0x00000006dac00000)
  eden space 327680K, 100% used [0x00000006c1c00000, 0x00000006d5c00000, 0x00000006d5c00000)
  from space 40960K,   0% used [0x00000006d5c00000, 0x00000006d5c01020, 0x00000006d8400000)
  to   space 40960K,   0% used [0x00000006d8400000, 0x00000006d8400000, 0x00000006dac00000)
 concurrent mark-sweep generation total 3756032K, used 1080806K [0x00000006dac00000, 0x00000007c0000000, 0x00000007c0000000)
 Metaspace       used 42573K, capacity 43892K, committed 44572K, reserved 1087488K
  class space    used 5454K, capacity 5756K, committed 5960K, reserved 1048576K
2020-07-01T08:30:02.991+0200: 399957.634: [GC (Allocation Failure) 2020-07-01T08:30:02.991+0200: 399957.634: [ParNew
Desired survivor size 20971520 bytes, new threshold 1 (max 1)
- age   1:        288 bytes,        288 total
: 327684K->2K(368640K), 0.0304829 secs] 1408490K->1080808K(4124672K), 0.0306002 secs] [Times: user=0.02 sys=0.00, real=0.03 secs] 
Heap after GC invocations=495329 (full 2):
 par new generation   total 368640K, used 2K [0x00000006c1c00000, 0x00000006dac00000, 0x00000006dac00000)
  eden space 327680K,   0% used [0x00000006c1c00000, 0x00000006c1c00000, 0x00000006d5c00000)
  from space 40960K,   0% used [0x00000006d8400000, 0x00000006d8400810, 0x00000006dac00000)
  to   space 40960K,   0% used [0x00000006d5c00000, 0x00000006d5c00000, 0x00000006d8400000)
 concurrent mark-sweep generation total 3756032K, used 1080806K [0x00000006dac00000, 0x00000007c0000000, 0x00000007c0000000)
 Metaspace       used 42573K, capacity 43892K, committed 44572K, reserved 1087488K
  class space    used 5454K, capacity 5756K, committed 5960K, reserved 1048576K
}
2020-07-01T08:30:03.022+0200: 399957.665: Total time for which application threads were stopped: 0.0310361 seconds, Stopping threads took: 0.0000505 seconds
{Heap before GC invocations=495329 (full 2):
 par new generation   total 368640K, used 327682K [0x00000006c1c00000, 0x00000006dac00000, 0x00000006dac00000)
  eden space 327680K, 100% used [0x00000006c1c00000, 0x00000006d5c00000, 0x00000006d5c00000)
  from space 40960K,   0% used [0x00000006d8400000, 0x00000006d8400810, 0x00000006dac00000)
  to   space 40960K,   0% used [0x00000006d5c00000, 0x00000006d5c00000, 0x00000006d8400000)
 concurrent mark-sweep generation total 3756032K, used 1080806K [0x00000006dac00000, 0x00000007c0000000, 0x00000007c0000000)
 Metaspace       used 42573K, capacity 43892K, committed 44572K, reserved 1087488K
  class space    used 5454K, capacity 5756K, committed 5960K, reserved 1048576K
2020-07-01T08:30:03.328+0200: 399957.971: [GC (Allocation Failure) 2020-07-01T08:30:03.328+0200: 399957.971: [ParNew
Desired survivor size 20971520 bytes, new threshold 1 (max 1)
- age   1:        240 bytes,        240 total
: 327682K->4K(368640K), 0.0078253 secs] 1408488K->1080810K(4124672K), 0.0079441 secs] [Times: user=0.00 sys=0.00, real=0.00 secs] 
Heap after GC invocations=495330 (full 2):
 par new generation   total 368640K, used 4K [0x00000006c1c00000, 0x00000006dac00000, 0x00000006dac00000)
  eden space 327680K,   0% used [0x00000006c1c00000, 0x00000006c1c00000, 0x00000006d5c00000)
  from space 40960K,   0% used [0x00000006d5c00000, 0x00000006d5c01020, 0x00000006d8400000)
  to   space 40960K,   0% used [0x00000006d8400000, 0x00000006d8400000, 0x00000006dac00000)
 concurrent mark-sweep generation total 3756032K, used 1080806K [0x00000006dac00000, 0x00000007c0000000, 0x00000007c0000000)
 Metaspace       used 42573K, capacity 43892K, committed 44572K, reserved 1087488K
  class space    used 5454K, capacity 5756K, committed 5960K, reserved 1048576K
}
2020-07-01T08:30:03.336+0200: 399957.979: Total time for which application threads were stopped: 0.0082876 seconds, Stopping threads took: 0.0000911 seconds
{Heap before GC invocations=495330 (full 2):
 par new generation   total 368640K, used 327684K [0x00000006c1c00000, 0x00000006dac00000, 0x00000006dac00000)
  eden space 327680K, 100% used [0x00000006c1c00000, 0x00000006d5c00000, 0x00000006d5c00000)
  from space 40960K,   0% used [0x00000006d5c00000, 0x00000006d5c01020, 0x00000006d8400000)
  to   space 40960K,   0% used [0x00000006d8400000, 0x00000006d8400000, 0x00000006dac00000)
 concurrent mark-sweep generation total 3756032K, used 1080806K [0x00000006dac00000, 0x00000007c0000000, 0x00000007c0000000)
 Metaspace       used 42573K, capacity 43892K, committed 44572K, reserved 1087488K
  class space    used 5454K, capacity 5756K, committed 5960K, reserved 1048576K
2020-07-01T08:30:04.143+0200: 399958.786: [GC (Allocation Failure) 2020-07-01T08:30:04.143+0200: 399958.786: [ParNew
Desired survivor size 20971520 bytes, new threshold 1 (max 1)
- age   1:        304 bytes,        304 total
: 327684K->4K(368640K), 0.0430484 secs] 1408490K->1080810K(4124672K), 0.0431569 secs] [Times: user=0.01 sys=0.00, real=0.04 secs] 
Heap after GC invocations=495331 (full 2):
 par new generation   total 368640K, used 4K [0x00000006c1c00000, 0x00000006dac00000, 0x00000006dac00000)
  eden space 327680K,   0% used [0x00000006c1c00000, 0x00000006c1c00000, 0x00000006d5c00000)
  from space 40960K,   0% used [0x00000006d8400000, 0x00000006d8401020, 0x00000006dac00000)
  to   space 40960K,   0% used [0x00000006d5c00000, 0x00000006d5c00000, 0x00000006d8400000)
 concurrent mark-sweep generation total 3756032K, used 1080806K [0x00000006dac00000, 0x00000007c0000000, 0x00000007c0000000)
 Metaspace       used 42573K, capacity 43892K, committed 44572K, reserved 1087488K
  class space    used 5454K, capacity 5756K, committed 5960K, reserved 1048576K
}
2020-07-01T08:30:04.186+0200: 399958.829: Total time for which application threads were stopped: 0.0434337 seconds, Stopping threads took: 0.0000478 seconds
{Heap before GC invocations=495331 (full 2):
 par new generation   total 368640K, used 327684K [0x00000006c1c00000, 0x00000006dac00000, 0x00000006dac00000)
  eden space 327680K, 100% used [0x00000006c1c00000, 0x00000006d5c00000, 0x00000006d5c00000)
  from space 40960K,   0% used [0x00000006d8400000, 0x00000006d8401020, 0x00000006dac00000)
  to   space 40960K,   0% used [0x00000006d5c00000, 0x00000006d5c00000, 0x00000006d8400000)
 concurrent mark-sweep generation total 3756032K, used 1080806K [0x00000006dac00000, 0x00000007c0000000, 0x00000007c0000000)
 Metaspace       used 42573K, capacity 43892K, committed 44572K, reserved 1087488K
  class space    used 5454K, capacity 5756K, committed 5960K, reserved 1048576K
2020-07-01T08:30:04.595+0200: 399959.238: [GC (Allocation Failure) 2020-07-01T08:30:04.595+0200: 399959.238: [ParNew
Desired survivor size 20971520 bytes, new threshold 1 (max 1)
- age   1:        240 bytes,        240 total
: 327684K->4K(368640K), 0.0374705 secs] 1408490K->1080810K(4124672K), 0.0375785 secs] [Times: user=0.03 sys=0.00, real=0.04 secs] 
Heap after GC invocations=495332 (full 2):
 par new generation   total 368640K, used 4K [0x00000006c1c00000, 0x00000006dac00000, 0x00000006dac00000)
  eden space 327680K,   0% used [0x00000006c1c00000, 0x00000006c1c00000, 0x00000006d5c00000)
  from space 40960K,   0% used [0x00000006d5c00000, 0x00000006d5c01020, 0x00000006d8400000)
  to   space 40960K,   0% used [0x00000006d8400000, 0x00000006d8400000, 0x00000006dac00000)
 concurrent mark-sweep generation total 3756032K, used 1080806K [0x00000006dac00000, 0x00000007c0000000, 0x00000007c0000000)
 Metaspace       used 42573K, capacity 43892K, committed 44572K, reserved 1087488K
  class space    used 5454K, capacity 5756K, committed 5960K, reserved 1048576K
}
2020-07-01T08:30:04.633+0200: 399959.275: Total time for which application threads were stopped: 0.0378748 seconds, Stopping threads took: 0.0000515 seconds
{Heap before GC invocations=495332 (full 2):
 par new generation   total 368640K, used 327684K [0x00000006c1c00000, 0x00000006dac00000, 0x00000006dac00000)
  eden space 327680K, 100% used [0x00000006c1c00000, 0x00000006d5c00000, 0x00000006d5c00000)
  from space 40960K,   0% used [0x00000006d5c00000, 0x00000006d5c01020, 0x00000006d8400000)
  to   space 40960K,   0% used [0x00000006d8400000, 0x00000006d8400000, 0x00000006dac00000)
 concurrent mark-sweep generation total 3756032K, used 1080806K [0x00000006dac00000, 0x00000007c0000000, 0x00000007c0000000)
 Metaspace       used 42573K, capacity 43892K, committed 44572K, reserved 1087488K
  class space    used 5454K, capacity 5756K, committed 5960K, reserved 1048576K
2020-07-01T08:30:05.054+0200: 399959.697: [GC (Allocation Failure) 2020-07-01T08:30:05.054+0200: 399959.697: [ParNew
Desired survivor size 20971520 bytes, new threshold 1 (max 1)
- age   1:        336 bytes,        336 total
: 327684K->4K(368640K), 0.0282325 secs] 1408490K->1080810K(4124672K), 0.0283630 secs] [Times: user=0.00 sys=0.00, real=0.03 secs] 
Heap after GC invocations=495333 (full 2):
 par new generation   total 368640K, used 4K [0x00000006c1c00000, 0x00000006dac00000, 0x00000006dac00000)
  eden space 327680K,   0% used [0x00000006c1c00000, 0x00000006c1c00000, 0x00000006d5c00000)
  from space 40960K,   0% used [0x00000006d8400000, 0x00000006d8401020, 0x00000006dac00000)
  to   space 40960K,   0% used [0x00000006d5c00000, 0x00000006d5c00000, 0x00000006d8400000)
 concurrent mark-sweep generation total 3756032K, used 1080806K [0x00000006dac00000, 0x00000007c0000000, 0x00000007c0000000)
 Metaspace       used 42573K, capacity 43892K, committed 44572K, reserved 1087488K
  class space    used 5454K, capacity 5756K, committed 5960K, reserved 1048576K
}
2020-07-01T08:30:05.082+0200: 399959.725: Total time for which application threads were stopped: 0.0287152 seconds, Stopping threads took: 0.0000622 seconds
{Heap before GC invocations=495333 (full 2):
 par new generation   total 368640K, used 327684K [0x00000006c1c00000, 0x00000006dac00000, 0x00000006dac00000)
  eden space 327680K, 100% used [0x00000006c1c00000, 0x00000006d5c00000, 0x00000006d5c00000)
  from space 40960K,   0% used [0x00000006d8400000, 0x00000006d8401020, 0x00000006dac00000)
  to   space 40960K,   0% used [0x00000006d5c00000, 0x00000006d5c00000, 0x00000006d8400000)
 concurrent mark-sweep generation total 3756032K, used 1080806K [0x00000006dac00000, 0x00000007c0000000, 0x00000007c0000000)
 Metaspace       used 42573K, capacity 43892K, committed 44572K, reserved 1087488K
  class space    used 5454K, capacity 5756K, committed 5960K, reserved 1048576K
2020-07-01T08:30:05.453+0200: 399960.096: [GC (Allocation Failure) 2020-07-01T08:30:05.453+0200: 399960.096: [ParNew
Desired survivor size 20971520 bytes, new threshold 1 (max 1)
- age   1:        240 bytes,        240 total
: 327684K->4K(368640K), 0.0223181 secs] 1408490K->1080810K(4124672K), 0.0224267 secs] [Times: user=0.03 sys=0.00, real=0.02 secs] 
Heap after GC invocations=495334 (full 2):
 par new generation   total 368640K, used 4K [0x00000006c1c00000, 0x00000006dac00000, 0x00000006dac00000)
  eden space 327680K,   0% used [0x00000006c1c00000, 0x00000006c1c00000, 0x00000006d5c00000)
  from space 40960K,   0% used [0x00000006d5c00000, 0x00000006d5c01020, 0x00000006d8400000)
  to   space 40960K,   0% used [0x00000006d8400000, 0x00000006d8400000, 0x00000006dac00000)
 concurrent mark-sweep generation total 3756032K, used 1080806K [0x00000006dac00000, 0x00000007c0000000, 0x00000007c0000000)
 Metaspace       used 42573K, capacity 43892K, committed 44572K, reserved 1087488K
  class space    used 5454K, capacity 5756K, committed 5960K, reserved 1048576K
}
2020-07-01T08:30:05.476+0200: 399960.119: Total time for which application threads were stopped: 0.0227293 seconds, Stopping threads took: 0.0000485 seconds
{Heap before GC invocations=495334 (full 2):
 par new generation   total 368640K, used 327684K [0x00000006c1c00000, 0x00000006dac00000, 0x00000006dac00000)
  eden space 327680K, 100% used [0x00000006c1c00000, 0x00000006d5c00000, 0x00000006d5c00000)
  from space 40960K,   0% used [0x00000006d5c00000, 0x00000006d5c01020, 0x00000006d8400000)
  to   space 40960K,   0% used [0x00000006d8400000, 0x00000006d8400000, 0x00000006dac00000)
 concurrent mark-sweep generation total 3756032K, used 1080806K [0x00000006dac00000, 0x00000007c0000000, 0x00000007c0000000)
 Metaspace       used 42573K, capacity 43892K, committed 44572K, reserved 1087488K
  class space    used 5454K, capacity 5756K, committed 5960K, reserved 1048576K
2020-07-01T08:30:05.791+0200: 399960.434: [GC (Allocation Failure) 2020-07-01T08:30:05.791+0200: 399960.434: [ParNew
Desired survivor size 20971520 bytes, new threshold 1 (max 1)
- age   1:        240 bytes,        240 total
: 327684K->2K(368640K), 0.0398335 secs] 1408490K->1080808K(4124672K), 0.0399521 secs] [Times: user=0.02 sys=0.00, real=0.04 secs] 
Heap after GC invocations=495335 (full 2):
 par new generation   total 368640K, used 2K [0x00000006c1c00000, 0x00000006dac00000, 0x00000006dac00000)
  eden space 327680K,   0% used [0x00000006c1c00000, 0x00000006c1c00000, 0x00000006d5c00000)
  from space 40960K,   0% used [0x00000006d8400000, 0x00000006d8400810, 0x00000006dac00000)
  to   space 40960K,   0% used [0x00000006d5c00000, 0x00000006d5c00000, 0x00000006d8400000)
 concurrent mark-sweep generation total 3756032K, used 1080806K [0x00000006dac00000, 0x00000007c0000000, 0x00000007c0000000)
 Metaspace       used 42573K, capacity 43892K, committed 44572K, reserved 1087488K
  class space    used 5454K, capacity 5756K, committed 5960K, reserved 1048576K
}
2020-07-01T08:30:05.831+0200: 399960.474: Total time for which application threads were stopped: 0.0402797 seconds, Stopping threads took: 0.0000508 seconds
{Heap before GC invocations=495335 (full 2):
 par new generation   total 368640K, used 327682K [0x00000006c1c00000, 0x00000006dac00000, 0x00000006dac00000)
  eden space 327680K, 100% used [0x00000006c1c00000, 0x00000006d5c00000, 0x00000006d5c00000)
  from space 40960K,   0% used [0x00000006d8400000, 0x00000006d8400810, 0x00000006dac00000)
  to   space 40960K,   0% used [0x00000006d5c00000, 0x00000006d5c00000, 0x00000006d8400000)
 concurrent mark-sweep generation total 3756032K, used 1080806K [0x00000006dac00000, 0x00000007c0000000, 0x00000007c0000000)
 Metaspace       used 42573K, capacity 43892K, committed 44572K, reserved 1087488K
  class space    used 5454K, capacity 5756K, committed 5960K, reserved 1048576K
2020-07-01T08:30:06.198+0200: 399960.841: [GC (Allocation Failure) 2020-07-01T08:30:06.198+0200: 399960.841: [ParNew
Desired survivor size 20971520 bytes, new threshold 1 (max 1)
- age   1:        984 bytes,        984 total
: 327682K->4K(368640K), 0.0152833 secs] 1408488K->1080810K(4124672K), 0.0153971 secs] [Times: user=0.00 sys=0.00, real=0.01 secs] 
Heap after GC invocations=495336 (full 2):
 par new generation   total 368640K, used 4K [0x00000006c1c00000, 0x00000006dac00000, 0x00000006dac00000)
  eden space 327680K,   0% used [0x00000006c1c00000, 0x00000006c1c00000, 0x00000006d5c00000)
  from space 40960K,   0% used [0x00000006d5c00000, 0x00000006d5c01020, 0x00000006d8400000)
  to   space 40960K,   0% used [0x00000006d8400000, 0x00000006d8400000, 0x00000006dac00000)
 concurrent mark-sweep generation total 3756032K, used 1080806K [0x00000006dac00000, 0x00000007c0000000, 0x00000007c0000000)
 Metaspace       used 42573K, capacity 43892K, committed 44572K, reserved 1087488K
  class space    used 5454K, capacity 5756K, committed 5960K, reserved 1048576K
}
2020-07-01T08:30:06.213+0200: 399960.856: Total time for which application threads were stopped: 0.0157032 seconds, Stopping threads took: 0.0000512 seconds
{Heap before GC invocations=495336 (full 2):
 par new generation   total 368640K, used 327684K [0x00000006c1c00000, 0x00000006dac00000, 0x00000006dac00000)
  eden space 327680K, 100% used [0x00000006c1c00000, 0x00000006d5c00000, 0x00000006d5c00000)
  from space 40960K,   0% used [0x00000006d5c00000, 0x00000006d5c01020, 0x00000006d8400000)
  to   space 40960K,   0% used [0x00000006d8400000, 0x00000006d8400000, 0x00000006dac00000)
 concurrent mark-sweep generation total 3756032K, used 1080806K [0x00000006dac00000, 0x00000007c0000000, 0x00000007c0000000)
 Metaspace       used 42573K, capacity 43892K, committed 44572K, reserved 1087488K
  class space    used 5454K, capacity 5756K, committed 5960K, reserved 1048576K
2020-07-01T08:30:06.525+0200: 399961.167: [GC (Allocation Failure) 2020-07-01T08:30:06.525+0200: 399961.167: [ParNew
Desired survivor size 20971520 bytes, new threshold 1 (max 1)
- age   1:        240 bytes,        240 total
: 327684K->4K(368640K), 0.0167921 secs] 1408490K->1080811K(4124672K), 0.0169102 secs] [Times: user=0.02 sys=0.00, real=0.02 secs] 
Heap after GC invocations=495337 (full 2):
 par new generation   total 368640K, used 4K [0x00000006c1c00000, 0x00000006dac00000, 0x00000006dac00000)
  eden space 327680K,   0% used [0x00000006c1c00000, 0x00000006c1c00000, 0x00000006d5c00000)
  from space 40960K,   0% used [0x00000006d8400000, 0x00000006d8401020, 0x00000006dac00000)
  to   space 40960K,   0% used [0x00000006d5c00000, 0x00000006d5c00000, 0x00000006d8400000)
 concurrent mark-sweep generation total 3756032K, used 1080807K [0x00000006dac00000, 0x00000007c0000000, 0x00000007c0000000)
 Metaspace       used 42573K, capacity 43892K, committed 44572K, reserved 1087488K
  class space    used 5454K, capacity 5756K, committed 5960K, reserved 1048576K
}
2020-07-01T08:30:06.542+0200: 399961.184: Total time for which application threads were stopped: 0.0171949 seconds, Stopping threads took: 0.0000503 seconds
{Heap before GC invocations=495337 (full 2):
 par new generation   total 368640K, used 327684K [0x00000006c1c00000, 0x00000006dac00000, 0x00000006dac00000)
  eden space 327680K, 100% used [0x00000006c1c00000, 0x00000006d5c00000, 0x00000006d5c00000)
  from space 40960K,   0% used [0x00000006d8400000, 0x00000006d8401020, 0x00000006dac00000)
  to   space 40960K,   0% used [0x00000006d5c00000, 0x00000006d5c00000, 0x00000006d8400000)
 concurrent mark-sweep generation total 3756032K, used 1080807K [0x00000006dac00000, 0x00000007c0000000, 0x00000007c0000000)
 Metaspace       used 42573K, capacity 43892K, committed 44572K, reserved 1087488K
  class space    used 5454K, capacity 5756K, committed 5960K, reserved 1048576K
2020-07-01T08:30:06.858+0200: 399961.501: [GC (Allocation Failure) 2020-07-01T08:30:06.858+0200: 399961.501: [ParNew
Desired survivor size 20971520 bytes, new threshold 1 (max 1)
- age   1:        240 bytes,        240 total
: 327684K->2K(368640K), 0.0320207 secs] 1408491K->1080809K(4124672K), 0.0321290 secs] [Times: user=0.01 sys=0.00, real=0.03 secs] 
Heap after GC invocations=495338 (full 2):
 par new generation   total 368640K, used 2K [0x00000006c1c00000, 0x00000006dac00000, 0x00000006dac00000)
  eden space 327680K,   0% used [0x00000006c1c00000, 0x00000006c1c00000, 0x00000006d5c00000)
  from space 40960K,   0% used [0x00000006d5c00000, 0x00000006d5c00810, 0x00000006d8400000)
  to   space 40960K,   0% used [0x00000006d8400000, 0x00000006d8400000, 0x00000006dac00000)
 concurrent mark-sweep generation total 3756032K, used 1080807K [0x00000006dac00000, 0x00000007c0000000, 0x00000007c0000000)
 Metaspace       used 42573K, capacity 43892K, committed 44572K, reserved 1087488K
  class space    used 5454K, capacity 5756K, committed 5960K, reserved 1048576K
}
2020-07-01T08:30:06.890+0200: 399961.533: Total time for which application threads were stopped: 0.0324067 seconds, Stopping threads took: 0.0000475 seconds
{Heap before GC invocations=495338 (full 2):
 par new generation   total 368640K, used 327682K [0x00000006c1c00000, 0x00000006dac00000, 0x00000006dac00000)
  eden space 327680K, 100% used [0x00000006c1c00000, 0x00000006d5c00000, 0x00000006d5c00000)
  from space 40960K,   0% used [0x00000006d5c00000, 0x00000006d5c00810, 0x00000006d8400000)
  to   space 40960K,   0% used [0x00000006d8400000, 0x00000006d8400000, 0x00000006dac00000)
 concurrent mark-sweep generation total 3756032K, used 1080807K [0x00000006dac00000, 0x00000007c0000000, 0x00000007c0000000)
 Metaspace       used 42573K, capacity 43892K, committed 44572K, reserved 1087488K
  class space    used 5454K, capacity 5756K, committed 5960K, reserved 1048576K
2020-07-01T08:30:07.212+0200: 399961.855: [GC (Allocation Failure) 2020-07-01T08:30:07.212+0200: 399961.855: [ParNew
Desired survivor size 20971520 bytes, new threshold 1 (max 1)
- age   1:        336 bytes,        336 total
: 327682K->2K(368640K), 0.0250748 secs] 1408489K->1080809K(4124672K), 0.0252057 secs] [Times: user=0.03 sys=0.00, real=0.02 secs] 
Heap after GC invocations=495339 (full 2):
 par new generation   total 368640K, used 2K [0x00000006c1c00000, 0x00000006dac00000, 0x00000006dac00000)
  eden space 327680K,   0% used [0x00000006c1c00000, 0x00000006c1c00000, 0x00000006d5c00000)
  from space 40960K,   0% used [0x00000006d8400000, 0x00000006d8400810, 0x00000006dac00000)
  to   space 40960K,   0% used [0x00000006d5c00000, 0x00000006d5c00000, 0x00000006d8400000)
 concurrent mark-sweep generation total 3756032K, used 1080807K [0x00000006dac00000, 0x00000007c0000000, 0x00000007c0000000)
 Metaspace       used 42573K, capacity 43892K, committed 44572K, reserved 1087488K
  class space    used 5454K, capacity 5756K, committed 5960K, reserved 1048576K
}
2020-07-01T08:30:07.237+0200: 399961.880: Total time for which application threads were stopped: 0.0337677 seconds, Stopping threads took: 0.0083054 seconds
{Heap before GC invocations=495339 (full 2):
 par new generation   total 368640K, used 327682K [0x00000006c1c00000, 0x00000006dac00000, 0x00000006dac00000)
  eden space 327680K, 100% used [0x00000006c1c00000, 0x00000006d5c00000, 0x00000006d5c00000)
  from space 40960K,   0% used [0x00000006d8400000, 0x00000006d8400810, 0x00000006dac00000)
  to   space 40960K,   0% used [0x00000006d5c00000, 0x00000006d5c00000, 0x00000006d8400000)
 concurrent mark-sweep generation total 3756032K, used 1080807K [0x00000006dac00000, 0x00000007c0000000, 0x00000007c0000000)
 Metaspace       used 42573K, capacity 43892K, committed 44572K, reserved 1087488K
  class space    used 5454K, capacity 5756K, committed 5960K, reserved 1048576K
2020-07-01T08:30:07.661+0200: 399962.304: [GC (Allocation Failure) 2020-07-01T08:30:07.661+0200: 399962.304: [ParNew
Desired survivor size 20971520 bytes, new threshold 1 (max 1)
- age   1:        504 bytes,        504 total
: 327682K->2K(368640K), 0.0589013 secs] 1408489K->1080809K(4124672K), 0.0590327 secs] [Times: user=0.00 sys=0.00, real=0.06 secs] 
Heap after GC invocations=495340 (full 2):
 par new generation   total 368640K, used 2K [0x00000006c1c00000, 0x00000006dac00000, 0x00000006dac00000)
  eden space 327680K,   0% used [0x00000006c1c00000, 0x00000006c1c00000, 0x00000006d5c00000)
  from space 40960K,   0% used [0x00000006d5c00000, 0x00000006d5c00810, 0x00000006d8400000)
  to   space 40960K,   0% used [0x00000006d8400000, 0x00000006d8400000, 0x00000006dac00000)
 concurrent mark-sweep generation total 3756032K, used 1080807K [0x00000006dac00000, 0x00000007c0000000, 0x00000007c0000000)
 Metaspace       used 42573K, capacity 43892K, committed 44572K, reserved 1087488K
  class space    used 5454K, capacity 5756K, committed 5960K, reserved 1048576K
}
2020-07-01T08:30:07.720+0200: 399962.363: Total time for which application threads were stopped: 0.0593257 seconds, Stopping threads took: 0.0000506 seconds
{Heap before GC invocations=495340 (full 2):
 par new generation   total 368640K, used 327682K [0x00000006c1c00000, 0x00000006dac00000, 0x00000006dac00000)
  eden space 327680K, 100% used [0x00000006c1c00000, 0x00000006d5c00000, 0x00000006d5c00000)
  from space 40960K,   0% used [0x00000006d5c00000, 0x00000006d5c00810, 0x00000006d8400000)
  to   space 40960K,   0% used [0x00000006d8400000, 0x00000006d8400000, 0x00000006dac00000)
 concurrent mark-sweep generation total 3756032K, used 1080807K [0x00000006dac00000, 0x00000007c0000000, 0x00000007c0000000)
 Metaspace       used 42573K, capacity 43892K, committed 44572K, reserved 1087488K
  class space    used 5454K, capacity 5756K, committed 5960K, reserved 1048576K
2020-07-01T08:30:08.044+0200: 399962.687: [GC (Allocation Failure) 2020-07-01T08:30:08.044+0200: 399962.687: [ParNew
Desired survivor size 20971520 bytes, new threshold 1 (max 1)
- age   1:        304 bytes,        304 total
: 327682K->4K(368640K), 0.0102985 secs] 1408489K->1080811K(4124672K), 0.0104188 secs] [Times: user=0.00 sys=0.00, real=0.01 secs] 
Heap after GC invocations=495341 (full 2):
 par new generation   total 368640K, used 4K [0x00000006c1c00000, 0x00000006dac00000, 0x00000006dac00000)
  eden space 327680K,   0% used [0x00000006c1c00000, 0x00000006c1c00000, 0x00000006d5c00000)
  from space 40960K,   0% used [0x00000006d8400000, 0x00000006d8401020, 0x00000006dac00000)
  to   space 40960K,   0% used [0x00000006d5c00000, 0x00000006d5c00000, 0x00000006d8400000)
 concurrent mark-sweep generation total 3756032K, used 1080807K [0x00000006dac00000, 0x00000007c0000000, 0x00000007c0000000)
 Metaspace       used 42573K, capacity 43892K, committed 44572K, reserved 1087488K
  class space    used 5454K, capacity 5756K, committed 5960K, reserved 1048576K
}
2020-07-01T08:30:08.055+0200: 399962.698: Total time for which application threads were stopped: 0.0107939 seconds, Stopping threads took: 0.0001308 seconds
{Heap before GC invocations=495341 (full 2):
 par new generation   total 368640K, used 327684K [0x00000006c1c00000, 0x00000006dac00000, 0x00000006dac00000)
  eden space 327680K, 100% used [0x00000006c1c00000, 0x00000006d5c00000, 0x00000006d5c00000)
  from space 40960K,   0% used [0x00000006d8400000, 0x00000006d8401020, 0x00000006dac00000)
  to   space 40960K,   0% used [0x00000006d5c00000, 0x00000006d5c00000, 0x00000006d8400000)
 concurrent mark-sweep generation total 3756032K, used 1080807K [0x00000006dac00000, 0x00000007c0000000, 0x00000007c0000000)
 Metaspace       used 42573K, capacity 43892K, committed 44572K, reserved 1087488K
  class space    used 5454K, capacity 5756K, committed 5960K, reserved 1048576K
2020-07-01T08:30:08.403+0200: 399963.046: [GC (Allocation Failure) 2020-07-01T08:30:08.403+0200: 399963.046: [ParNew
Desired survivor size 20971520 bytes, new threshold 1 (max 1)
- age   1:        240 bytes,        240 total
: 327684K->2K(368640K), 0.0389086 secs] 1408491K->1080809K(4124672K), 0.0390206 secs] [Times: user=0.00 sys=0.01, real=0.04 secs] 
Heap after GC invocations=495342 (full 2):
 par new generation   total 368640K, used 2K [0x00000006c1c00000, 0x00000006dac00000, 0x00000006dac00000)
  eden space 327680K,   0% used [0x00000006c1c00000, 0x00000006c1c00000, 0x00000006d5c00000)
  from space 40960K,   0% used [0x00000006d5c00000, 0x00000006d5c00810, 0x00000006d8400000)
  to   space 40960K,   0% used [0x00000006d8400000, 0x00000006d8400000, 0x00000006dac00000)
 concurrent mark-sweep generation total 3756032K, used 1080807K [0x00000006dac00000, 0x00000007c0000000, 0x00000007c0000000)
 Metaspace       used 42573K, capacity 43892K, committed 44572K, reserved 1087488K
  class space    used 5454K, capacity 5756K, committed 5960K, reserved 1048576K
}
2020-07-01T08:30:08.442+0200: 399963.085: Total time for which application threads were stopped: 0.0393147 seconds, Stopping threads took: 0.0000512 seconds
{Heap before GC invocations=495342 (full 2):
 par new generation   total 368640K, used 327682K [0x00000006c1c00000, 0x00000006dac00000, 0x00000006dac00000)
  eden space 327680K, 100% used [0x00000006c1c00000, 0x00000006d5c00000, 0x00000006d5c00000)
  from space 40960K,   0% used [0x00000006d5c00000, 0x00000006d5c00810, 0x00000006d8400000)
  to   space 40960K,   0% used [0x00000006d8400000, 0x00000006d8400000, 0x00000006dac00000)
 concurrent mark-sweep generation total 3756032K, used 1080807K [0x00000006dac00000, 0x00000007c0000000, 0x00000007c0000000)
 Metaspace       used 42573K, capacity 43892K, committed 44572K, reserved 1087488K
  class space    used 5454K, capacity 5756K, committed 5960K, reserved 1048576K
2020-07-01T08:30:08.850+0200: 399963.493: [GC (Allocation Failure) 2020-07-01T08:30:08.850+0200: 399963.493: [ParNew
Desired survivor size 20971520 bytes, new threshold 1 (max 1)
- age   1:        240 bytes,        240 total
: 327682K->2K(368640K), 0.0525915 secs] 1408489K->1080809K(4124672K), 0.0527065 secs] [Times: user=0.00 sys=0.00, real=0.05 secs] 
Heap after GC invocations=495343 (full 2):
 par new generation   total 368640K, used 2K [0x00000006c1c00000, 0x00000006dac00000, 0x00000006dac00000)
  eden space 327680K,   0% used [0x00000006c1c00000, 0x00000006c1c00000, 0x00000006d5c00000)
  from space 40960K,   0% used [0x00000006d8400000, 0x00000006d8400810, 0x00000006dac00000)
  to   space 40960K,   0% used [0x00000006d5c00000, 0x00000006d5c00000, 0x00000006d8400000)
 concurrent mark-sweep generation total 3756032K, used 1080807K [0x00000006dac00000, 0x00000007c0000000, 0x00000007c0000000)
 Metaspace       used 42573K, capacity 43892K, committed 44572K, reserved 1087488K
  class space    used 5454K, capacity 5756K, committed 5960K, reserved 1048576K
}
2020-07-01T08:30:08.902+0200: 399963.545: Total time for which application threads were stopped: 0.0529978 seconds, Stopping threads took: 0.0000481 seconds
{Heap before GC invocations=495343 (full 2):
 par new generation   total 368640K, used 327682K [0x00000006c1c00000, 0x00000006dac00000, 0x00000006dac00000)
  eden space 327680K, 100% used [0x00000006c1c00000, 0x00000006d5c00000, 0x00000006d5c00000)
  from space 40960K,   0% used [0x00000006d8400000, 0x00000006d8400810, 0x00000006dac00000)
  to   space 40960K,   0% used [0x00000006d5c00000, 0x00000006d5c00000, 0x00000006d8400000)
 concurrent mark-sweep generation total 3756032K, used 1080807K [0x00000006dac00000, 0x00000007c0000000, 0x00000007c0000000)
 Metaspace       used 42573K, capacity 43892K, committed 44572K, reserved 1087488K
  class space    used 5454K, capacity 5756K, committed 5960K, reserved 1048576K
2020-07-01T08:30:09.185+0200: 399963.828: [GC (Allocation Failure) 2020-07-01T08:30:09.185+0200: 399963.828: [ParNew
Desired survivor size 20971520 bytes, new threshold 1 (max 1)
- age   1:        304 bytes,        304 total
: 327682K->4K(368640K), 0.0137932 secs] 1408489K->1080811K(4124672K), 0.0139096 secs] [Times: user=0.00 sys=0.00, real=0.02 secs] 
Heap after GC invocations=495344 (full 2):
 par new generation   total 368640K, used 4K [0x00000006c1c00000, 0x00000006dac00000, 0x00000006dac00000)
  eden space 327680K,   0% used [0x00000006c1c00000, 0x00000006c1c00000, 0x00000006d5c00000)
  from space 40960K,   0% used [0x00000006d5c00000, 0x00000006d5c01020, 0x00000006d8400000)
  to   space 40960K,   0% used [0x00000006d8400000, 0x00000006d8400000, 0x00000006dac00000)
 concurrent mark-sweep generation total 3756032K, used 1080807K [0x00000006dac00000, 0x00000007c0000000, 0x00000007c0000000)
 Metaspace       used 42573K, capacity 43892K, committed 44572K, reserved 1087488K
  class space    used 5454K, capacity 5756K, committed 5960K, reserved 1048576K
}
2020-07-01T08:30:09.199+0200: 399963.842: Total time for which application threads were stopped: 0.0149110 seconds, Stopping threads took: 0.0000511 seconds
{Heap before GC invocations=495344 (full 2):
 par new generation   total 368640K, used 327684K [0x00000006c1c00000, 0x00000006dac00000, 0x00000006dac00000)
  eden space 327680K, 100% used [0x00000006c1c00000, 0x00000006d5c00000, 0x00000006d5c00000)
  from space 40960K,   0% used [0x00000006d5c00000, 0x00000006d5c01020, 0x00000006d8400000)
  to   space 40960K,   0% used [0x00000006d8400000, 0x00000006d8400000, 0x00000006dac00000)
 concurrent mark-sweep generation total 3756032K, used 1080807K [0x00000006dac00000, 0x00000007c0000000, 0x00000007c0000000)
 Metaspace       used 42573K, capacity 43892K, committed 44572K, reserved 1087488K
  class space    used 5454K, capacity 5756K, committed 5960K, reserved 1048576K
2020-07-01T08:30:09.531+0200: 399964.174: [GC (Allocation Failure) 2020-07-01T08:30:09.531+0200: 399964.174: [ParNew
Desired survivor size 20971520 bytes, new threshold 1 (max 1)
- age   1:        240 bytes,        240 total
: 327684K->2K(368640K), 0.0293520 secs] 1408491K->1080809K(4124672K), 0.0294531 secs] [Times: user=0.01 sys=0.00, real=0.03 secs] 
Heap after GC invocations=495345 (full 2):
 par new generation   total 368640K, used 2K [0x00000006c1c00000, 0x00000006dac00000, 0x00000006dac00000)
  eden space 327680K,   0% used [0x00000006c1c00000, 0x00000006c1c00000, 0x00000006d5c00000)
  from space 40960K,   0% used [0x00000006d8400000, 0x00000006d8400810, 0x00000006dac00000)
  to   space 40960K,   0% used [0x00000006d5c00000, 0x00000006d5c00000, 0x00000006d8400000)
 concurrent mark-sweep generation total 3756032K, used 1080807K [0x00000006dac00000, 0x00000007c0000000, 0x00000007c0000000)
 Metaspace       used 42573K, capacity 43892K, committed 44572K, reserved 1087488K
  class space    used 5454K, capacity 5756K, committed 5960K, reserved 1048576K
}
2020-07-01T08:30:09.561+0200: 399964.204: Total time for which application threads were stopped: 0.0297481 seconds, Stopping threads took: 0.0000494 seconds
{Heap before GC invocations=495345 (full 2):
 par new generation   total 368640K, used 327682K [0x00000006c1c00000, 0x00000006dac00000, 0x00000006dac00000)
  eden space 327680K, 100% used [0x00000006c1c00000, 0x00000006d5c00000, 0x00000006d5c00000)
  from space 40960K,   0% used [0x00000006d8400000, 0x00000006d8400810, 0x00000006dac00000)
  to   space 40960K,   0% used [0x00000006d5c00000, 0x00000006d5c00000, 0x00000006d8400000)
 concurrent mark-sweep generation total 3756032K, used 1080807K [0x00000006dac00000, 0x00000007c0000000, 0x00000007c0000000)
 Metaspace       used 42573K, capacity 43892K, committed 44572K, reserved 1087488K
  class space    used 5454K, capacity 5756K, committed 5960K, reserved 1048576K
2020-07-01T08:30:09.896+0200: 399964.539: [GC (Allocation Failure) 2020-07-01T08:30:09.896+0200: 399964.539: [ParNew
Desired survivor size 20971520 bytes, new threshold 1 (max 1)
- age   1:        272 bytes,        272 total
: 327682K->4K(368640K), 0.0118070 secs] 1408489K->1080811K(4124672K), 0.0119251 secs] [Times: user=0.03 sys=0.00, real=0.01 secs] 
Heap after GC invocations=495346 (full 2):
 par new generation   total 368640K, used 4K [0x00000006c1c00000, 0x00000006dac00000, 0x00000006dac00000)
  eden space 327680K,   0% used [0x00000006c1c00000, 0x00000006c1c00000, 0x00000006d5c00000)
  from space 40960K,   0% used [0x00000006d5c00000, 0x00000006d5c01020, 0x00000006d8400000)
  to   space 40960K,   0% used [0x00000006d8400000, 0x00000006d8400000, 0x00000006dac00000)
 concurrent mark-sweep generation total 3756032K, used 1080807K [0x00000006dac00000, 0x00000007c0000000, 0x00000007c0000000)
 Metaspace       used 42573K, capacity 43892K, committed 44572K, reserved 1087488K
  class space    used 5454K, capacity 5756K, committed 5960K, reserved 1048576K
}
2020-07-01T08:30:09.908+0200: 399964.551: Total time for which application threads were stopped: 0.0123720 seconds, Stopping threads took: 0.0001476 seconds
{Heap before GC invocations=495346 (full 2):
 par new generation   total 368640K, used 327684K [0x00000006c1c00000, 0x00000006dac00000, 0x00000006dac00000)
  eden space 327680K, 100% used [0x00000006c1c00000, 0x00000006d5c00000, 0x00000006d5c00000)
  from space 40960K,   0% used [0x00000006d5c00000, 0x00000006d5c01020, 0x00000006d8400000)
  to   space 40960K,   0% used [0x00000006d8400000, 0x00000006d8400000, 0x00000006dac00000)
 concurrent mark-sweep generation total 3756032K, used 1080807K [0x00000006dac00000, 0x00000007c0000000, 0x00000007c0000000)
 Metaspace       used 42573K, capacity 43892K, committed 44572K, reserved 1087488K
  class space    used 5454K, capacity 5756K, committed 5960K, reserved 1048576K
2020-07-01T08:30:10.210+0200: 399964.852: [GC (Allocation Failure) 2020-07-01T08:30:10.210+0200: 399964.852: [ParNew
Desired survivor size 20971520 bytes, new threshold 1 (max 1)
- age   1:        304 bytes,        304 total
: 327684K->4K(368640K), 0.0090964 secs] 1408491K->1080811K(4124672K), 0.0091994 secs] [Times: user=0.03 sys=0.00, real=0.01 secs] 
Heap after GC invocations=495347 (full 2):
 par new generation   total 368640K, used 4K [0x00000006c1c00000, 0x00000006dac00000, 0x00000006dac00000)
  eden space 327680K,   0% used [0x00000006c1c00000, 0x00000006c1c00000, 0x00000006d5c00000)
  from space 40960K,   0% used [0x00000006d8400000, 0x00000006d8401020, 0x00000006dac00000)
  to   space 40960K,   0% used [0x00000006d5c00000, 0x00000006d5c00000, 0x00000006d8400000)
 concurrent mark-sweep generation total 3756032K, used 1080807K [0x00000006dac00000, 0x00000007c0000000, 0x00000007c0000000)
 Metaspace       used 42573K, capacity 43892K, committed 44572K, reserved 1087488K
  class space    used 5454K, capacity 5756K, committed 5960K, reserved 1048576K
}
2020-07-01T08:30:10.219+0200: 399964.862: Total time for which application threads were stopped: 0.0095061 seconds, Stopping threads took: 0.0000491 seconds
{Heap before GC invocations=495347 (full 2):
 par new generation   total 368640K, used 327684K [0x00000006c1c00000, 0x00000006dac00000, 0x00000006dac00000)
  eden space 327680K, 100% used [0x00000006c1c00000, 0x00000006d5c00000, 0x00000006d5c00000)
  from space 40960K,   0% used [0x00000006d8400000, 0x00000006d8401020, 0x00000006dac00000)
  to   space 40960K,   0% used [0x00000006d5c00000, 0x00000006d5c00000, 0x00000006d8400000)
 concurrent mark-sweep generation total 3756032K, used 1080807K [0x00000006dac00000, 0x00000007c0000000, 0x00000007c0000000)
 Metaspace       used 42573K, capacity 43892K, committed 44572K, reserved 1087488K
  class space    used 5454K, capacity 5756K, committed 5960K, reserved 1048576K
2020-07-01T08:30:10.504+0200: 399965.146: [GC (Allocation Failure) 2020-07-01T08:30:10.504+0200: 399965.146: [ParNew
Desired survivor size 20971520 bytes, new threshold 1 (max 1)
- age   1:        240 bytes,        240 total
: 327684K->4K(368640K), 0.0098540 secs] 1408491K->1080811K(4124672K), 0.0099852 secs] [Times: user=0.03 sys=0.00, real=0.01 secs] 
Heap after GC invocations=495348 (full 2):
 par new generation   total 368640K, used 4K [0x00000006c1c00000, 0x00000006dac00000, 0x00000006dac00000)
  eden space 327680K,   0% used [0x00000006c1c00000, 0x00000006c1c00000, 0x00000006d5c00000)
  from space 40960K,   0% used [0x00000006d5c00000, 0x00000006d5c01020, 0x00000006d8400000)
  to   space 40960K,   0% used [0x00000006d8400000, 0x00000006d8400000, 0x00000006dac00000)
 concurrent mark-sweep generation total 3756032K, used 1080807K [0x00000006dac00000, 0x00000007c0000000, 0x00000007c0000000)
 Metaspace       used 42573K, capacity 43892K, committed 44572K, reserved 1087488K
  class space    used 5454K, capacity 5756K, committed 5960K, reserved 1048576K
}
2020-07-01T08:30:10.514+0200: 399965.156: Total time for which application threads were stopped: 0.0104238 seconds, Stopping threads took: 0.0001979 seconds
{Heap before GC invocations=495348 (full 2):
 par new generation   total 368640K, used 327684K [0x00000006c1c00000, 0x00000006dac00000, 0x00000006dac00000)
  eden space 327680K, 100% used [0x00000006c1c00000, 0x00000006d5c00000, 0x00000006d5c00000)
  from space 40960K,   0% used [0x00000006d5c00000, 0x00000006d5c01020, 0x00000006d8400000)
  to   space 40960K,   0% used [0x00000006d8400000, 0x00000006d8400000, 0x00000006dac00000)
 concurrent mark-sweep generation total 3756032K, used 1080807K [0x00000006dac00000, 0x00000007c0000000, 0x00000007c0000000)
 Metaspace       used 42573K, capacity 43892K, committed 44572K, reserved 1087488K
  class space    used 5454K, capacity 5756K, committed 5960K, reserved 1048576K
2020-07-01T08:30:10.807+0200: 399965.450: [GC (Allocation Failure) 2020-07-01T08:30:10.807+0200: 399965.450: [ParNew
Desired survivor size 20971520 bytes, new threshold 1 (max 1)
- age   1:        240 bytes,        240 total
: 327684K->2K(368640K), 0.0102723 secs] 1408491K->1080809K(4124672K), 0.0103985 secs] [Times: user=0.01 sys=0.00, real=0.01 secs] 
Heap after GC invocations=495349 (full 2):
 par new generation   total 368640K, used 2K [0x00000006c1c00000, 0x00000006dac00000, 0x00000006dac00000)
  eden space 327680K,   0% used [0x00000006c1c00000, 0x00000006c1c00000, 0x00000006d5c00000)
  from space 40960K,   0% used [0x00000006d8400000, 0x00000006d8400810, 0x00000006dac00000)
  to   space 40960K,   0% used [0x00000006d5c00000, 0x00000006d5c00000, 0x00000006d8400000)
 concurrent mark-sweep generation total 3756032K, used 1080807K [0x00000006dac00000, 0x00000007c0000000, 0x00000007c0000000)
 Metaspace       used 42573K, capacity 43892K, committed 44572K, reserved 1087488K
  class space    used 5454K, capacity 5756K, committed 5960K, reserved 1048576K
}
2020-07-01T08:30:10.817+0200: 399965.460: Total time for which application threads were stopped: 0.0107469 seconds, Stopping threads took: 0.0001075 seconds
{Heap before GC invocations=495349 (full 2):
 par new generation   total 368640K, used 327682K [0x00000006c1c00000, 0x00000006dac00000, 0x00000006dac00000)
  eden space 327680K, 100% used [0x00000006c1c00000, 0x00000006d5c00000, 0x00000006d5c00000)
  from space 40960K,   0% used [0x00000006d8400000, 0x00000006d8400810, 0x00000006dac00000)
  to   space 40960K,   0% used [0x00000006d5c00000, 0x00000006d5c00000, 0x00000006d8400000)
 concurrent mark-sweep generation total 3756032K, used 1080807K [0x00000006dac00000, 0x00000007c0000000, 0x00000007c0000000)
 Metaspace       used 42573K, capacity 43892K, committed 44572K, reserved 1087488K
  class space    used 5454K, capacity 5756K, committed 5960K, reserved 1048576K
2020-07-01T08:30:11.112+0200: 399965.755: [GC (Allocation Failure) 2020-07-01T08:30:11.112+0200: 399965.755: [ParNew
Desired survivor size 20971520 bytes, new threshold 1 (max 1)
- age   1:        304 bytes,        304 total
: 327682K->4K(368640K), 0.0161317 secs] 1408489K->1080811K(4124672K), 0.0162446 secs] [Times: user=0.02 sys=0.00, real=0.02 secs] 
Heap after GC invocations=495350 (full 2):
 par new generation   total 368640K, used 4K [0x00000006c1c00000, 0x00000006dac00000, 0x00000006dac00000)
  eden space 327680K,   0% used [0x00000006c1c00000, 0x00000006c1c00000, 0x00000006d5c00000)
  from space 40960K,   0% used [0x00000006d5c00000, 0x00000006d5c01020, 0x00000006d8400000)
  to   space 40960K,   0% used [0x00000006d8400000, 0x00000006d8400000, 0x00000006dac00000)
 concurrent mark-sweep generation total 3756032K, used 1080807K [0x00000006dac00000, 0x00000007c0000000, 0x00000007c0000000)
 Metaspace       used 42573K, capacity 43892K, committed 44572K, reserved 1087488K
  class space    used 5454K, capacity 5756K, committed 5960K, reserved 1048576K
}
2020-07-01T08:30:11.128+0200: 399965.771: Total time for which application threads were stopped: 0.0207863 seconds, Stopping threads took: 0.0042569 seconds
{Heap before GC invocations=495350 (full 2):
 par new generation   total 368640K, used 327684K [0x00000006c1c00000, 0x00000006dac00000, 0x00000006dac00000)
  eden space 327680K, 100% used [0x00000006c1c00000, 0x00000006d5c00000, 0x00000006d5c00000)
  from space 40960K,   0% used [0x00000006d5c00000, 0x00000006d5c01020, 0x00000006d8400000)
  to   space 40960K,   0% used [0x00000006d8400000, 0x00000006d8400000, 0x00000006dac00000)
 concurrent mark-sweep generation total 3756032K, used 1080807K [0x00000006dac00000, 0x00000007c0000000, 0x00000007c0000000)
 Metaspace       used 42573K, capacity 43892K, committed 44572K, reserved 1087488K
  class space    used 5454K, capacity 5756K, committed 5960K, reserved 1048576K
2020-07-01T08:30:11.402+0200: 399966.044: [GC (Allocation Failure) 2020-07-01T08:30:11.402+0200: 399966.044: [ParNew
Desired survivor size 20971520 bytes, new threshold 1 (max 1)
- age   1:        240 bytes,        240 total
: 327684K->2K(368640K), 0.0230832 secs] 1408491K->1080809K(4124672K), 0.0231993 secs] [Times: user=0.02 sys=0.00, real=0.02 secs] 
Heap after GC invocations=495351 (full 2):
 par new generation   total 368640K, used 2K [0x00000006c1c00000, 0x00000006dac00000, 0x00000006dac00000)
  eden space 327680K,   0% used [0x00000006c1c00000, 0x00000006c1c00000, 0x00000006d5c00000)
  from space 40960K,   0% used [0x00000006d8400000, 0x00000006d8400810, 0x00000006dac00000)
  to   space 40960K,   0% used [0x00000006d5c00000, 0x00000006d5c00000, 0x00000006d8400000)
 concurrent mark-sweep generation total 3756032K, used 1080807K [0x00000006dac00000, 0x00000007c0000000, 0x00000007c0000000)
 Metaspace       used 42573K, capacity 43892K, committed 44572K, reserved 1087488K
  class space    used 5454K, capacity 5756K, committed 5960K, reserved 1048576K
}
2020-07-01T08:30:11.425+0200: 399966.068: Total time for which application threads were stopped: 0.0234824 seconds, Stopping threads took: 0.0000500 seconds
{Heap before GC invocations=495351 (full 2):
 par new generation   total 368640K, used 327682K [0x00000006c1c00000, 0x00000006dac00000, 0x00000006dac00000)
  eden space 327680K, 100% used [0x00000006c1c00000, 0x00000006d5c00000, 0x00000006d5c00000)
  from space 40960K,   0% used [0x00000006d8400000, 0x00000006d8400810, 0x00000006dac00000)
  to   space 40960K,   0% used [0x00000006d5c00000, 0x00000006d5c00000, 0x00000006d8400000)
 concurrent mark-sweep generation total 3756032K, used 1080807K [0x00000006dac00000, 0x00000007c0000000, 0x00000007c0000000)
 Metaspace       used 42573K, capacity 43892K, committed 44572K, reserved 1087488K
  class space    used 5454K, capacity 5756K, committed 5960K, reserved 1048576K
2020-07-01T08:30:11.700+0200: 399966.343: [GC (Allocation Failure) 2020-07-01T08:30:11.700+0200: 399966.343: [ParNew
Desired survivor size 20971520 bytes, new threshold 1 (max 1)
- age   1:        240 bytes,        240 total
: 327682K->4K(368640K), 0.0101973 secs] 1408489K->1080811K(4124672K), 0.0103465 secs] [Times: user=0.00 sys=0.00, real=0.01 secs] 
Heap after GC invocations=495352 (full 2):
 par new generation   total 368640K, used 4K [0x00000006c1c00000, 0x00000006dac00000, 0x00000006dac00000)
  eden space 327680K,   0% used [0x00000006c1c00000, 0x00000006c1c00000, 0x00000006d5c00000)
  from space 40960K,   0% used [0x00000006d5c00000, 0x00000006d5c01020, 0x00000006d8400000)
  to   space 40960K,   0% used [0x00000006d8400000, 0x00000006d8400000, 0x00000006dac00000)
 concurrent mark-sweep generation total 3756032K, used 1080807K [0x00000006dac00000, 0x00000007c0000000, 0x00000007c0000000)
 Metaspace       used 42573K, capacity 43892K, committed 44572K, reserved 1087488K
  class space    used 5454K, capacity 5756K, committed 5960K, reserved 1048576K
}
2020-07-01T08:30:11.711+0200: 399966.354: Total time for which application threads were stopped: 0.0106860 seconds, Stopping threads took: 0.0001000 seconds
{Heap before GC invocations=495352 (full 2):
 par new generation   total 368640K, used 327684K [0x00000006c1c00000, 0x00000006dac00000, 0x00000006dac00000)
  eden space 327680K, 100% used [0x00000006c1c00000, 0x00000006d5c00000, 0x00000006d5c00000)
  from space 40960K,   0% used [0x00000006d5c00000, 0x00000006d5c01020, 0x00000006d8400000)
  to   space 40960K,   0% used [0x00000006d8400000, 0x00000006d8400000, 0x00000006dac00000)
 concurrent mark-sweep generation total 3756032K, used 1080807K [0x00000006dac00000, 0x00000007c0000000, 0x00000007c0000000)
 Metaspace       used 42573K, capacity 43892K, committed 44572K, reserved 1087488K
  class space    used 5454K, capacity 5756K, committed 5960K, reserved 1048576K
2020-07-01T08:30:11.981+0200: 399966.624: [GC (Allocation Failure) 2020-07-01T08:30:11.981+0200: 399966.624: [ParNew
Desired survivor size 20971520 bytes, new threshold 1 (max 1)
- age   1:        304 bytes,        304 total
: 327684K->4K(368640K), 0.0084391 secs] 1408491K->1080811K(4124672K), 0.0085691 secs] [Times: user=0.00 sys=0.00, real=0.01 secs] 
Heap after GC invocations=495353 (full 2):
 par new generation   total 368640K, used 4K [0x00000006c1c00000, 0x00000006dac00000, 0x00000006dac00000)
  eden space 327680K,   0% used [0x00000006c1c00000, 0x00000006c1c00000, 0x00000006d5c00000)
  from space 40960K,   0% used [0x00000006d8400000, 0x00000006d8401020, 0x00000006dac00000)
  to   space 40960K,   0% used [0x00000006d5c00000, 0x00000006d5c00000, 0x00000006d8400000)
 concurrent mark-sweep generation total 3756032K, used 1080807K [0x00000006dac00000, 0x00000007c0000000, 0x00000007c0000000)
 Metaspace       used 42573K, capacity 43892K, committed 44572K, reserved 1087488K
  class space    used 5454K, capacity 5756K, committed 5960K, reserved 1048576K
}
2020-07-01T08:30:11.990+0200: 399966.632: Total time for which application threads were stopped: 0.0090627 seconds, Stopping threads took: 0.0001856 seconds
{Heap before GC invocations=495353 (full 2):
 par new generation   total 368640K, used 327684K [0x00000006c1c00000, 0x00000006dac00000, 0x00000006dac00000)
  eden space 327680K, 100% used [0x00000006c1c00000, 0x00000006d5c00000, 0x00000006d5c00000)
  from space 40960K,   0% used [0x00000006d8400000, 0x00000006d8401020, 0x00000006dac00000)
  to   space 40960K,   0% used [0x00000006d5c00000, 0x00000006d5c00000, 0x00000006d8400000)
 concurrent mark-sweep generation total 3756032K, used 1080807K [0x00000006dac00000, 0x00000007c0000000, 0x00000007c0000000)
 Metaspace       used 42573K, capacity 43892K, committed 44572K, reserved 1087488K
  class space    used 5454K, capacity 5756K, committed 5960K, reserved 1048576K
2020-07-01T08:30:12.269+0200: 399966.912: [GC (Allocation Failure) 2020-07-01T08:30:12.270+0200: 399966.912: [ParNew
Desired survivor size 20971520 bytes, new threshold 1 (max 1)
- age   1:        304 bytes,        304 total
: 327684K->2K(368640K), 0.0143213 secs] 1408491K->1080809K(4124672K), 0.0145389 secs] [Times: user=0.01 sys=0.00, real=0.01 secs] 
Heap after GC invocations=495354 (full 2):
 par new generation   total 368640K, used 2K [0x00000006c1c00000, 0x00000006dac00000, 0x00000006dac00000)
  eden space 327680K,   0% used [0x00000006c1c00000, 0x00000006c1c00000, 0x00000006d5c00000)
  from space 40960K,   0% used [0x00000006d5c00000, 0x00000006d5c00810, 0x00000006d8400000)
  to   space 40960K,   0% used [0x00000006d8400000, 0x00000006d8400000, 0x00000006dac00000)
 concurrent mark-sweep generation total 3756032K, used 1080807K [0x00000006dac00000, 0x00000007c0000000, 0x00000007c0000000)
 Metaspace       used 42573K, capacity 43892K, committed 44572K, reserved 1087488K
  class space    used 5454K, capacity 5756K, committed 5960K, reserved 1048576K
}
2020-07-01T08:30:12.284+0200: 399966.927: Total time for which application threads were stopped: 0.0148250 seconds, Stopping threads took: 0.0000527 seconds
{Heap before GC invocations=495354 (full 2):
 par new generation   total 368640K, used 327682K [0x00000006c1c00000, 0x00000006dac00000, 0x00000006dac00000)
  eden space 327680K, 100% used [0x00000006c1c00000, 0x00000006d5c00000, 0x00000006d5c00000)
  from space 40960K,   0% used [0x00000006d5c00000, 0x00000006d5c00810, 0x00000006d8400000)
  to   space 40960K,   0% used [0x00000006d8400000, 0x00000006d8400000, 0x00000006dac00000)
 concurrent mark-sweep generation total 3756032K, used 1080807K [0x00000006dac00000, 0x00000007c0000000, 0x00000007c0000000)
 Metaspace       used 42573K, capacity 43892K, committed 44572K, reserved 1087488K
  class space    used 5454K, capacity 5756K, committed 5960K, reserved 1048576K
2020-07-01T08:30:12.556+0200: 399967.199: [GC (Allocation Failure) 2020-07-01T08:30:12.556+0200: 399967.199: [ParNew
Desired survivor size 20971520 bytes, new threshold 1 (max 1)
- age   1:        240 bytes,        240 total
: 327682K->4K(368640K), 0.0073733 secs] 1408489K->1080811K(4124672K), 0.0075021 secs] [Times: user=0.03 sys=0.00, real=0.01 secs] 
Heap after GC invocations=495355 (full 2):
 par new generation   total 368640K, used 4K [0x00000006c1c00000, 0x00000006dac00000, 0x00000006dac00000)
  eden space 327680K,   0% used [0x00000006c1c00000, 0x00000006c1c00000, 0x00000006d5c00000)
  from space 40960K,   0% used [0x00000006d8400000, 0x00000006d8401020, 0x00000006dac00000)
  to   space 40960K,   0% used [0x00000006d5c00000, 0x00000006d5c00000, 0x00000006d8400000)
 concurrent mark-sweep generation total 3756032K, used 1080807K [0x00000006dac00000, 0x00000007c0000000, 0x00000007c0000000)
 Metaspace       used 42573K, capacity 43892K, committed 44572K, reserved 1087488K
  class space    used 5454K, capacity 5756K, committed 5960K, reserved 1048576K
}
2020-07-01T08:30:12.564+0200: 399967.207: Total time for which application threads were stopped: 0.0077907 seconds, Stopping threads took: 0.0000533 seconds
{Heap before GC invocations=495355 (full 2):
 par new generation   total 368640K, used 327684K [0x00000006c1c00000, 0x00000006dac00000, 0x00000006dac00000)
  eden space 327680K, 100% used [0x00000006c1c00000, 0x00000006d5c00000, 0x00000006d5c00000)
  from space 40960K,   0% used [0x00000006d8400000, 0x00000006d8401020, 0x00000006dac00000)
  to   space 40960K,   0% used [0x00000006d5c00000, 0x00000006d5c00000, 0x00000006d8400000)
 concurrent mark-sweep generation total 3756032K, used 1080807K [0x00000006dac00000, 0x00000007c0000000, 0x00000007c0000000)
 Metaspace       used 42573K, capacity 43892K, committed 44572K, reserved 1087488K
  class space    used 5454K, capacity 5756K, committed 5960K, reserved 1048576K
2020-07-01T08:30:12.832+0200: 399967.475: [GC (Allocation Failure) 2020-07-01T08:30:12.832+0200: 399967.475: [ParNew
Desired survivor size 20971520 bytes, new threshold 1 (max 1)
- age   1:        272 bytes,        272 total
: 327684K->4K(368640K), 0.0097040 secs] 1408491K->1080811K(4124672K), 0.0098409 secs] [Times: user=0.03 sys=0.00, real=0.01 secs] 
Heap after GC invocations=495356 (full 2):
 par new generation   total 368640K, used 4K [0x00000006c1c00000, 0x00000006dac00000, 0x00000006dac00000)
  eden space 327680K,   0% used [0x00000006c1c00000, 0x00000006c1c00000, 0x00000006d5c00000)
  from space 40960K,   0% used [0x00000006d5c00000, 0x00000006d5c01020, 0x00000006d8400000)
  to   space 40960K,   0% used [0x00000006d8400000, 0x00000006d8400000, 0x00000006dac00000)
 concurrent mark-sweep generation total 3756032K, used 1080807K [0x00000006dac00000, 0x00000007c0000000, 0x00000007c0000000)
 Metaspace       used 42573K, capacity 43892K, committed 44572K, reserved 1087488K
  class space    used 5454K, capacity 5756K, committed 5960K, reserved 1048576K
}
2020-07-01T08:30:12.842+0200: 399967.485: Total time for which application threads were stopped: 0.0101853 seconds, Stopping threads took: 0.0000971 seconds
{Heap before GC invocations=495356 (full 2):
 par new generation   total 368640K, used 327684K [0x00000006c1c00000, 0x00000006dac00000, 0x00000006dac00000)
  eden space 327680K, 100% used [0x00000006c1c00000, 0x00000006d5c00000, 0x00000006d5c00000)
  from space 40960K,   0% used [0x00000006d5c00000, 0x00000006d5c01020, 0x00000006d8400000)
  to   space 40960K,   0% used [0x00000006d8400000, 0x00000006d8400000, 0x00000006dac00000)
 concurrent mark-sweep generation total 3756032K, used 1080807K [0x00000006dac00000, 0x00000007c0000000, 0x00000007c0000000)
 Metaspace       used 42573K, capacity 43892K, committed 44572K, reserved 1087488K
  class space    used 5454K, capacity 5756K, committed 5960K, reserved 1048576K
2020-07-01T08:30:13.141+0200: 399967.784: [GC (Allocation Failure) 2020-07-01T08:30:13.141+0200: 399967.784: [ParNew
Desired survivor size 20971520 bytes, new threshold 1 (max 1)
- age   1:        304 bytes,        304 total
: 327684K->2K(368640K), 0.0177382 secs] 1408491K->1080809K(4124672K), 0.0178715 secs] [Times: user=0.02 sys=0.00, real=0.02 secs] 
Heap after GC invocations=495357 (full 2):
 par new generation   total 368640K, used 2K [0x00000006c1c00000, 0x00000006dac00000, 0x00000006dac00000)
  eden space 327680K,   0% used [0x00000006c1c00000, 0x00000006c1c00000, 0x00000006d5c00000)
  from space 40960K,   0% used [0x00000006d8400000, 0x00000006d8400810, 0x00000006dac00000)
  to   space 40960K,   0% used [0x00000006d5c00000, 0x00000006d5c00000, 0x00000006d8400000)
 concurrent mark-sweep generation total 3756032K, used 1080807K [0x00000006dac00000, 0x00000007c0000000, 0x00000007c0000000)
 Metaspace       used 42573K, capacity 43892K, committed 44572K, reserved 1087488K
  class space    used 5454K, capacity 5756K, committed 5960K, reserved 1048576K
}
2020-07-01T08:30:13.159+0200: 399967.802: Total time for which application threads were stopped: 0.0181812 seconds, Stopping threads took: 0.0000497 seconds
{Heap before GC invocations=495357 (full 2):
 par new generation   total 368640K, used 327682K [0x00000006c1c00000, 0x00000006dac00000, 0x00000006dac00000)
  eden space 327680K, 100% used [0x00000006c1c00000, 0x00000006d5c00000, 0x00000006d5c00000)
  from space 40960K,   0% used [0x00000006d8400000, 0x00000006d8400810, 0x00000006dac00000)
  to   space 40960K,   0% used [0x00000006d5c00000, 0x00000006d5c00000, 0x00000006d8400000)
 concurrent mark-sweep generation total 3756032K, used 1080807K [0x00000006dac00000, 0x00000007c0000000, 0x00000007c0000000)
 Metaspace       used 42573K, capacity 43892K, committed 44572K, reserved 1087488K
  class space    used 5454K, capacity 5756K, committed 5960K, reserved 1048576K
2020-07-01T08:30:13.462+0200: 399968.105: [GC (Allocation Failure) 2020-07-01T08:30:13.462+0200: 399968.105: [ParNew
Desired survivor size 20971520 bytes, new threshold 1 (max 1)
- age   1:        240 bytes,        240 total
: 327682K->4K(368640K), 0.0108385 secs] 1408489K->1080812K(4124672K), 0.0109824 secs] [Times: user=0.03 sys=0.00, real=0.01 secs] 
Heap after GC invocations=495358 (full 2):
 par new generation   total 368640K, used 4K [0x00000006c1c00000, 0x00000006dac00000, 0x00000006dac00000)
  eden space 327680K,   0% used [0x00000006c1c00000, 0x00000006c1c00000, 0x00000006d5c00000)
  from space 40960K,   0% used [0x00000006d5c00000, 0x00000006d5c01020, 0x00000006d8400000)
  to   space 40960K,   0% used [0x00000006d8400000, 0x00000006d8400000, 0x00000006dac00000)
 concurrent mark-sweep generation total 3756032K, used 1080808K [0x00000006dac00000, 0x00000007c0000000, 0x00000007c0000000)
 Metaspace       used 42573K, capacity 43892K, committed 44572K, reserved 1087488K
  class space    used 5454K, capacity 5756K, committed 5960K, reserved 1048576K
}
2020-07-01T08:30:13.473+0200: 399968.116: Total time for which application threads were stopped: 0.0113623 seconds, Stopping threads took: 0.0001120 seconds
{Heap before GC invocations=495358 (full 2):
 par new generation   total 368640K, used 327684K [0x00000006c1c00000, 0x00000006dac00000, 0x00000006dac00000)
  eden space 327680K, 100% used [0x00000006c1c00000, 0x00000006d5c00000, 0x00000006d5c00000)
  from space 40960K,   0% used [0x00000006d5c00000, 0x00000006d5c01020, 0x00000006d8400000)
  to   space 40960K,   0% used [0x00000006d8400000, 0x00000006d8400000, 0x00000006dac00000)
 concurrent mark-sweep generation total 3756032K, used 1080808K [0x00000006dac00000, 0x00000007c0000000, 0x00000007c0000000)
 Metaspace       used 42573K, capacity 43892K, committed 44572K, reserved 1087488K
  class space    used 5454K, capacity 5756K, committed 5960K, reserved 1048576K
2020-07-01T08:30:13.746+0200: 399968.389: [GC (Allocation Failure) 2020-07-01T08:30:13.746+0200: 399968.389: [ParNew
Desired survivor size 20971520 bytes, new threshold 1 (max 1)
- age   1:        240 bytes,        240 total
: 327684K->4K(368640K), 0.0131441 secs] 1408492K->1080812K(4124672K), 0.0132670 secs] [Times: user=0.00 sys=0.00, real=0.02 secs] 
Heap after GC invocations=495359 (full 2):
 par new generation   total 368640K, used 4K [0x00000006c1c00000, 0x00000006dac00000, 0x00000006dac00000)
  eden space 327680K,   0% used [0x00000006c1c00000, 0x00000006c1c00000, 0x00000006d5c00000)
  from space 40960K,   0% used [0x00000006d8400000, 0x00000006d8401020, 0x00000006dac00000)
  to   space 40960K,   0% used [0x00000006d5c00000, 0x00000006d5c00000, 0x00000006d8400000)
 concurrent mark-sweep generation total 3756032K, used 1080808K [0x00000006dac00000, 0x00000007c0000000, 0x00000007c0000000)
 Metaspace       used 42573K, capacity 43892K, committed 44572K, reserved 1087488K
  class space    used 5454K, capacity 5756K, committed 5960K, reserved 1048576K
}
2020-07-01T08:30:13.759+0200: 399968.402: Total time for which application threads were stopped: 0.0136290 seconds, Stopping threads took: 0.0001147 seconds
{Heap before GC invocations=495359 (full 2):
 par new generation   total 368640K, used 327684K [0x00000006c1c00000, 0x00000006dac00000, 0x00000006dac00000)
  eden space 327680K, 100% used [0x00000006c1c00000, 0x00000006d5c00000, 0x00000006d5c00000)
  from space 40960K,   0% used [0x00000006d8400000, 0x00000006d8401020, 0x00000006dac00000)
  to   space 40960K,   0% used [0x00000006d5c00000, 0x00000006d5c00000, 0x00000006d8400000)
 concurrent mark-sweep generation total 3756032K, used 1080808K [0x00000006dac00000, 0x00000007c0000000, 0x00000007c0000000)
 Metaspace       used 42573K, capacity 43892K, committed 44572K, reserved 1087488K
  class space    used 5454K, capacity 5756K, committed 5960K, reserved 1048576K
2020-07-01T08:30:14.053+0200: 399968.696: [GC (Allocation Failure) 2020-07-01T08:30:14.053+0200: 399968.696: [ParNew
Desired survivor size 20971520 bytes, new threshold 1 (max 1)
- age   1:        304 bytes,        304 total
: 327684K->2K(368640K), 0.0217741 secs] 1408492K->1080810K(4124672K), 0.0219010 secs] [Times: user=0.02 sys=0.00, real=0.02 secs] 
Heap after GC invocations=495360 (full 2):
 par new generation   total 368640K, used 2K [0x00000006c1c00000, 0x00000006dac00000, 0x00000006dac00000)
  eden space 327680K,   0% used [0x00000006c1c00000, 0x00000006c1c00000, 0x00000006d5c00000)
  from space 40960K,   0% used [0x00000006d5c00000, 0x00000006d5c00810, 0x00000006d8400000)
  to   space 40960K,   0% used [0x00000006d8400000, 0x00000006d8400000, 0x00000006dac00000)
 concurrent mark-sweep generation total 3756032K, used 1080808K [0x00000006dac00000, 0x00000007c0000000, 0x00000007c0000000)
 Metaspace       used 42573K, capacity 43892K, committed 44572K, reserved 1087488K
  class space    used 5454K, capacity 5756K, committed 5960K, reserved 1048576K
}
2020-07-01T08:30:14.075+0200: 399968.718: Total time for which application threads were stopped: 0.0222568 seconds, Stopping threads took: 0.0000504 seconds
{Heap before GC invocations=495360 (full 2):
 par new generation   total 368640K, used 327682K [0x00000006c1c00000, 0x00000006dac00000, 0x00000006dac00000)
  eden space 327680K, 100% used [0x00000006c1c00000, 0x00000006d5c00000, 0x00000006d5c00000)
  from space 40960K,   0% used [0x00000006d5c00000, 0x00000006d5c00810, 0x00000006d8400000)
  to   space 40960K,   0% used [0x00000006d8400000, 0x00000006d8400000, 0x00000006dac00000)
 concurrent mark-sweep generation total 3756032K, used 1080808K [0x00000006dac00000, 0x00000007c0000000, 0x00000007c0000000)
 Metaspace       used 42573K, capacity 43892K, committed 44572K, reserved 1087488K
  class space    used 5454K, capacity 5756K, committed 5960K, reserved 1048576K
2020-07-01T08:30:14.350+0200: 399968.993: [GC (Allocation Failure) 2020-07-01T08:30:14.350+0200: 399968.993: [ParNew
Desired survivor size 20971520 bytes, new threshold 1 (max 1)
- age   1:        272 bytes,        272 total
: 327682K->4K(368640K), 0.0113284 secs] 1408490K->1080812K(4124672K), 0.0114500 secs] [Times: user=0.03 sys=0.00, real=0.01 secs] 
Heap after GC invocations=495361 (full 2):
 par new generation   total 368640K, used 4K [0x00000006c1c00000, 0x00000006dac00000, 0x00000006dac00000)
  eden space 327680K,   0% used [0x00000006c1c00000, 0x00000006c1c00000, 0x00000006d5c00000)
  from space 40960K,   0% used [0x00000006d8400000, 0x00000006d8401020, 0x00000006dac00000)
  to   space 40960K,   0% used [0x00000006d5c00000, 0x00000006d5c00000, 0x00000006d8400000)
 concurrent mark-sweep generation total 3756032K, used 1080808K [0x00000006dac00000, 0x00000007c0000000, 0x00000007c0000000)
 Metaspace       used 42573K, capacity 43892K, committed 44572K, reserved 1087488K
  class space    used 5454K, capacity 5756K, committed 5960K, reserved 1048576K
}
2020-07-01T08:30:14.361+0200: 399969.004: Total time for which application threads were stopped: 0.0118163 seconds, Stopping threads took: 0.0000966 seconds
{Heap before GC invocations=495361 (full 2):
 par new generation   total 368640K, used 327684K [0x00000006c1c00000, 0x00000006dac00000, 0x00000006dac00000)
  eden space 327680K, 100% used [0x00000006c1c00000, 0x00000006d5c00000, 0x00000006d5c00000)
  from space 40960K,   0% used [0x00000006d8400000, 0x00000006d8401020, 0x00000006dac00000)
  to   space 40960K,   0% used [0x00000006d5c00000, 0x00000006d5c00000, 0x00000006d8400000)
 concurrent mark-sweep generation total 3756032K, used 1080808K [0x00000006dac00000, 0x00000007c0000000, 0x00000007c0000000)
 Metaspace       used 42573K, capacity 43892K, committed 44572K, reserved 1087488K
  class space    used 5454K, capacity 5756K, committed 5960K, reserved 1048576K
2020-07-01T08:30:14.635+0200: 399969.277: [GC (Allocation Failure) 2020-07-01T08:30:14.635+0200: 399969.278: [ParNew
Desired survivor size 20971520 bytes, new threshold 1 (max 1)
- age   1:        272 bytes,        272 total
: 327684K->4K(368640K), 0.0106392 secs] 1408492K->1080812K(4124672K), 0.0107634 secs] [Times: user=0.03 sys=0.00, real=0.01 secs] 
Heap after GC invocations=495362 (full 2):
 par new generation   total 368640K, used 4K [0x00000006c1c00000, 0x00000006dac00000, 0x00000006dac00000)
  eden space 327680K,   0% used [0x00000006c1c00000, 0x00000006c1c00000, 0x00000006d5c00000)
  from space 40960K,   0% used [0x00000006d5c00000, 0x00000006d5c01020, 0x00000006d8400000)
  to   space 40960K,   0% used [0x00000006d8400000, 0x00000006d8400000, 0x00000006dac00000)
 concurrent mark-sweep generation total 3756032K, used 1080808K [0x00000006dac00000, 0x00000007c0000000, 0x00000007c0000000)
 Metaspace       used 42573K, capacity 43892K, committed 44572K, reserved 1087488K
  class space    used 5454K, capacity 5756K, committed 5960K, reserved 1048576K
}
2020-07-01T08:30:14.646+0200: 399969.288: Total time for which application threads were stopped: 0.0111333 seconds, Stopping threads took: 0.0001144 seconds
{Heap before GC invocations=495362 (full 2):
 par new generation   total 368640K, used 327684K [0x00000006c1c00000, 0x00000006dac00000, 0x00000006dac00000)
  eden space 327680K, 100% used [0x00000006c1c00000, 0x00000006d5c00000, 0x00000006d5c00000)
  from space 40960K,   0% used [0x00000006d5c00000, 0x00000006d5c01020, 0x00000006d8400000)
  to   space 40960K,   0% used [0x00000006d8400000, 0x00000006d8400000, 0x00000006dac00000)
 concurrent mark-sweep generation total 3756032K, used 1080808K [0x00000006dac00000, 0x00000007c0000000, 0x00000007c0000000)
 Metaspace       used 42573K, capacity 43892K, committed 44572K, reserved 1087488K
  class space    used 5454K, capacity 5756K, committed 5960K, reserved 1048576K
2020-07-01T08:30:14.925+0200: 399969.568: [GC (Allocation Failure) 2020-07-01T08:30:14.925+0200: 399969.568: [ParNew
Desired survivor size 20971520 bytes, new threshold 1 (max 1)
- age   1:        304 bytes,        304 total
: 327684K->4K(368640K), 0.0160954 secs] 1408492K->1080812K(4124672K), 0.0162422 secs] [Times: user=0.04 sys=0.00, real=0.02 secs] 
Heap after GC invocations=495363 (full 2):
 par new generation   total 368640K, used 4K [0x00000006c1c00000, 0x00000006dac00000, 0x00000006dac00000)
  eden space 327680K,   0% used [0x00000006c1c00000, 0x00000006c1c00000, 0x00000006d5c00000)
  from space 40960K,   0% used [0x00000006d8400000, 0x00000006d8401020, 0x00000006dac00000)
  to   space 40960K,   0% used [0x00000006d5c00000, 0x00000006d5c00000, 0x00000006d8400000)
 concurrent mark-sweep generation total 3756032K, used 1080808K [0x00000006dac00000, 0x00000007c0000000, 0x00000007c0000000)
 Metaspace       used 42573K, capacity 43892K, committed 44572K, reserved 1087488K
  class space    used 5454K, capacity 5756K, committed 5960K, reserved 1048576K
}
2020-07-01T08:30:14.941+0200: 399969.584: Total time for which application threads were stopped: 0.0166772 seconds, Stopping threads took: 0.0000954 seconds
{Heap before GC invocations=495363 (full 2):
 par new generation   total 368640K, used 327684K [0x00000006c1c00000, 0x00000006dac00000, 0x00000006dac00000)
  eden space 327680K, 100% used [0x00000006c1c00000, 0x00000006d5c00000, 0x00000006d5c00000)
  from space 40960K,   0% used [0x00000006d8400000, 0x00000006d8401020, 0x00000006dac00000)
  to   space 40960K,   0% used [0x00000006d5c00000, 0x00000006d5c00000, 0x00000006d8400000)
 concurrent mark-sweep generation total 3756032K, used 1080808K [0x00000006dac00000, 0x00000007c0000000, 0x00000007c0000000)
 Metaspace       used 42573K, capacity 43892K, committed 44572K, reserved 1087488K
  class space    used 5454K, capacity 5756K, committed 5960K, reserved 1048576K
2020-07-01T08:30:15.252+0200: 399969.894: [GC (Allocation Failure) 2020-07-01T08:30:15.252+0200: 399969.895: [ParNew
Desired survivor size 20971520 bytes, new threshold 1 (max 1)
- age   1:        304 bytes,        304 total
: 327684K->4K(368640K), 0.0121545 secs] 1408492K->1080812K(4124672K), 0.0122604 secs] [Times: user=0.03 sys=0.00, real=0.01 secs] 
Heap after GC invocations=495364 (full 2):
 par new generation   total 368640K, used 4K [0x00000006c1c00000, 0x00000006dac00000, 0x00000006dac00000)
  eden space 327680K,   0% used [0x00000006c1c00000, 0x00000006c1c00000, 0x00000006d5c00000)
  from space 40960K,   0% used [0x00000006d5c00000, 0x00000006d5c01020, 0x00000006d8400000)
  to   space 40960K,   0% used [0x00000006d8400000, 0x00000006d8400000, 0x00000006dac00000)
 concurrent mark-sweep generation total 3756032K, used 1080808K [0x00000006dac00000, 0x00000007c0000000, 0x00000007c0000000)
 Metaspace       used 42573K, capacity 43892K, committed 44572K, reserved 1087488K
  class space    used 5454K, capacity 5756K, committed 5960K, reserved 1048576K
}
2020-07-01T08:30:15.264+0200: 399969.907: Total time for which application threads were stopped: 0.0126245 seconds, Stopping threads took: 0.0001060 seconds
{Heap before GC invocations=495364 (full 2):
 par new generation   total 368640K, used 327684K [0x00000006c1c00000, 0x00000006dac00000, 0x00000006dac00000)
  eden space 327680K, 100% used [0x00000006c1c00000, 0x00000006d5c00000, 0x00000006d5c00000)
  from space 40960K,   0% used [0x00000006d5c00000, 0x00000006d5c01020, 0x00000006d8400000)
  to   space 40960K,   0% used [0x00000006d8400000, 0x00000006d8400000, 0x00000006dac00000)
 concurrent mark-sweep generation total 3756032K, used 1080808K [0x00000006dac00000, 0x00000007c0000000, 0x00000007c0000000)
 Metaspace       used 42573K, capacity 43892K, committed 44572K, reserved 1087488K
  class space    used 5454K, capacity 5756K, committed 5960K, reserved 1048576K
2020-07-01T08:30:15.579+0200: 399970.222: [GC (Allocation Failure) 2020-07-01T08:30:15.579+0200: 399970.222: [ParNew
Desired survivor size 20971520 bytes, new threshold 1 (max 1)
- age   1:        240 bytes,        240 total
: 327684K->2K(368640K), 0.0474787 secs] 1408492K->1080810K(4124672K), 0.0476148 secs] [Times: user=0.01 sys=0.00, real=0.04 secs] 
Heap after GC invocations=495365 (full 2):
 par new generation   total 368640K, used 2K [0x00000006c1c00000, 0x00000006dac00000, 0x00000006dac00000)
  eden space 327680K,   0% used [0x00000006c1c00000, 0x00000006c1c00000, 0x00000006d5c00000)
  from space 40960K,   0% used [0x00000006d8400000, 0x00000006d8400810, 0x00000006dac00000)
  to   space 40960K,   0% used [0x00000006d5c00000, 0x00000006d5c00000, 0x00000006d8400000)
 concurrent mark-sweep generation total 3756032K, used 1080808K [0x00000006dac00000, 0x00000007c0000000, 0x00000007c0000000)
 Metaspace       used 42573K, capacity 43892K, committed 44572K, reserved 1087488K
  class space    used 5454K, capacity 5756K, committed 5960K, reserved 1048576K
}
2020-07-01T08:30:15.627+0200: 399970.270: Total time for which application threads were stopped: 0.0479225 seconds, Stopping threads took: 0.0000489 seconds
{Heap before GC invocations=495365 (full 2):
 par new generation   total 368640K, used 327682K [0x00000006c1c00000, 0x00000006dac00000, 0x00000006dac00000)
  eden space 327680K, 100% used [0x00000006c1c00000, 0x00000006d5c00000, 0x00000006d5c00000)
  from space 40960K,   0% used [0x00000006d8400000, 0x00000006d8400810, 0x00000006dac00000)
  to   space 40960K,   0% used [0x00000006d5c00000, 0x00000006d5c00000, 0x00000006d8400000)
 concurrent mark-sweep generation total 3756032K, used 1080808K [0x00000006dac00000, 0x00000007c0000000, 0x00000007c0000000)
 Metaspace       used 42573K, capacity 43892K, committed 44572K, reserved 1087488K
  class space    used 5454K, capacity 5756K, committed 5960K, reserved 1048576K
2020-07-01T08:30:15.953+0200: 399970.596: [GC (Allocation Failure) 2020-07-01T08:30:15.953+0200: 399970.596: [ParNew
Desired survivor size 20971520 bytes, new threshold 1 (max 1)
- age   1:        696 bytes,        696 total
: 327682K->2K(368640K), 0.0333270 secs] 1408490K->1080810K(4124672K), 0.0334483 secs] [Times: user=0.01 sys=0.00, real=0.03 secs] 
Heap after GC invocations=495366 (full 2):
 par new generation   total 368640K, used 2K [0x00000006c1c00000, 0x00000006dac00000, 0x00000006dac00000)
  eden space 327680K,   0% used [0x00000006c1c00000, 0x00000006c1c00000, 0x00000006d5c00000)
  from space 40960K,   0% used [0x00000006d5c00000, 0x00000006d5c00810, 0x00000006d8400000)
  to   space 40960K,   0% used [0x00000006d8400000, 0x00000006d8400000, 0x00000006dac00000)
 concurrent mark-sweep generation total 3756032K, used 1080808K [0x00000006dac00000, 0x00000007c0000000, 0x00000007c0000000)
 Metaspace       used 42573K, capacity 43892K, committed 44572K, reserved 1087488K
  class space    used 5454K, capacity 5756K, committed 5960K, reserved 1048576K
}
2020-07-01T08:30:15.987+0200: 399970.630: Total time for which application threads were stopped: 0.0337376 seconds, Stopping threads took: 0.0000496 seconds
{Heap before GC invocations=495366 (full 2):
 par new generation   total 368640K, used 327682K [0x00000006c1c00000, 0x00000006dac00000, 0x00000006dac00000)
  eden space 327680K, 100% used [0x00000006c1c00000, 0x00000006d5c00000, 0x00000006d5c00000)
  from space 40960K,   0% used [0x00000006d5c00000, 0x00000006d5c00810, 0x00000006d8400000)
  to   space 40960K,   0% used [0x00000006d8400000, 0x00000006d8400000, 0x00000006dac00000)
 concurrent mark-sweep generation total 3756032K, used 1080808K [0x00000006dac00000, 0x00000007c0000000, 0x00000007c0000000)
 Metaspace       used 42573K, capacity 43892K, committed 44572K, reserved 1087488K
  class space    used 5454K, capacity 5756K, committed 5960K, reserved 1048576K
2020-07-01T08:30:16.310+0200: 399970.953: [GC (Allocation Failure) 2020-07-01T08:30:16.310+0200: 399970.953: [ParNew
Desired survivor size 20971520 bytes, new threshold 1 (max 1)
- age   1:        704 bytes,        704 total
: 327682K->6K(368640K), 0.0134132 secs] 1408490K->1080814K(4124672K), 0.0135177 secs] [Times: user=0.00 sys=0.00, real=0.01 secs] 
Heap after GC invocations=495367 (full 2):
 par new generation   total 368640K, used 6K [0x00000006c1c00000, 0x00000006dac00000, 0x00000006dac00000)
  eden space 327680K,   0% used [0x00000006c1c00000, 0x00000006c1c00000, 0x00000006d5c00000)
  from space 40960K,   0% used [0x00000006d8400000, 0x00000006d8401830, 0x00000006dac00000)
  to   space 40960K,   0% used [0x00000006d5c00000, 0x00000006d5c00000, 0x00000006d8400000)
 concurrent mark-sweep generation total 3756032K, used 1080808K [0x00000006dac00000, 0x00000007c0000000, 0x00000007c0000000)
 Metaspace       used 42573K, capacity 43892K, committed 44572K, reserved 1087488K
  class space    used 5454K, capacity 5756K, committed 5960K, reserved 1048576K
}
2020-07-01T08:30:16.324+0200: 399970.967: Total time for which application threads were stopped: 0.0138645 seconds, Stopping threads took: 0.0000883 seconds
{Heap before GC invocations=495367 (full 2):
 par new generation   total 368640K, used 327686K [0x00000006c1c00000, 0x00000006dac00000, 0x00000006dac00000)
  eden space 327680K, 100% used [0x00000006c1c00000, 0x00000006d5c00000, 0x00000006d5c00000)
  from space 40960K,   0% used [0x00000006d8400000, 0x00000006d8401830, 0x00000006dac00000)
  to   space 40960K,   0% used [0x00000006d5c00000, 0x00000006d5c00000, 0x00000006d8400000)
 concurrent mark-sweep generation total 3756032K, used 1080808K [0x00000006dac00000, 0x00000007c0000000, 0x00000007c0000000)
 Metaspace       used 42573K, capacity 43892K, committed 44572K, reserved 1087488K
  class space    used 5454K, capacity 5756K, committed 5960K, reserved 1048576K
2020-07-01T08:30:16.619+0200: 399971.262: [GC (Allocation Failure) 2020-07-01T08:30:16.619+0200: 399971.262: [ParNew
Desired survivor size 20971520 bytes, new threshold 1 (max 1)
- age   1:        240 bytes,        240 total
: 327686K->4K(368640K), 0.0123074 secs] 1408494K->1080812K(4124672K), 0.0123977 secs] [Times: user=0.01 sys=0.00, real=0.01 secs] 
Heap after GC invocations=495368 (full 2):
 par new generation   total 368640K, used 4K [0x00000006c1c00000, 0x00000006dac00000, 0x00000006dac00000)
  eden space 327680K,   0% used [0x00000006c1c00000, 0x00000006c1c00000, 0x00000006d5c00000)
  from space 40960K,   0% used [0x00000006d5c00000, 0x00000006d5c01020, 0x00000006d8400000)
  to   space 40960K,   0% used [0x00000006d8400000, 0x00000006d8400000, 0x00000006dac00000)
 concurrent mark-sweep generation total 3756032K, used 1080808K [0x00000006dac00000, 0x00000007c0000000, 0x00000007c0000000)
 Metaspace       used 42573K, capacity 43892K, committed 44572K, reserved 1087488K
  class space    used 5454K, capacity 5756K, committed 5960K, reserved 1048576K
}
2020-07-01T08:30:16.631+0200: 399971.274: Total time for which application threads were stopped: 0.0126881 seconds, Stopping threads took: 0.0000504 seconds
{Heap before GC invocations=495368 (full 2):
 par new generation   total 368640K, used 327684K [0x00000006c1c00000, 0x00000006dac00000, 0x00000006dac00000)
  eden space 327680K, 100% used [0x00000006c1c00000, 0x00000006d5c00000, 0x00000006d5c00000)
  from space 40960K,   0% used [0x00000006d5c00000, 0x00000006d5c01020, 0x00000006d8400000)
  to   space 40960K,   0% used [0x00000006d8400000, 0x00000006d8400000, 0x00000006dac00000)
 concurrent mark-sweep generation total 3756032K, used 1080808K [0x00000006dac00000, 0x00000007c0000000, 0x00000007c0000000)
 Metaspace       used 42573K, capacity 43892K, committed 44572K, reserved 1087488K
  class space    used 5454K, capacity 5756K, committed 5960K, reserved 1048576K
2020-07-01T08:30:16.944+0200: 399971.586: [GC (Allocation Failure) 2020-07-01T08:30:16.944+0200: 399971.587: [ParNew
Desired survivor size 20971520 bytes, new threshold 1 (max 1)
- age   1:        272 bytes,        272 total
: 327684K->6K(368640K), 0.0077335 secs] 1408492K->1080814K(4124672K), 0.0078557 secs] [Times: user=0.05 sys=0.00, real=0.01 secs] 
Heap after GC invocations=495369 (full 2):
 par new generation   total 368640K, used 6K [0x00000006c1c00000, 0x00000006dac00000, 0x00000006dac00000)
  eden space 327680K,   0% used [0x00000006c1c00000, 0x00000006c1c00000, 0x00000006d5c00000)
  from space 40960K,   0% used [0x00000006d8400000, 0x00000006d8401830, 0x00000006dac00000)
  to   space 40960K,   0% used [0x00000006d5c00000, 0x00000006d5c00000, 0x00000006d8400000)
 concurrent mark-sweep generation total 3756032K, used 1080808K [0x00000006dac00000, 0x00000007c0000000, 0x00000007c0000000)
 Metaspace       used 42573K, capacity 43892K, committed 44572K, reserved 1087488K
  class space    used 5454K, capacity 5756K, committed 5960K, reserved 1048576K
}
2020-07-01T08:30:16.952+0200: 399971.594: Total time for which application threads were stopped: 0.0081310 seconds, Stopping threads took: 0.0000475 seconds
{Heap before GC invocations=495369 (full 2):
 par new generation   total 368640K, used 327686K [0x00000006c1c00000, 0x00000006dac00000, 0x00000006dac00000)
  eden space 327680K, 100% used [0x00000006c1c00000, 0x00000006d5c00000, 0x00000006d5c00000)
  from space 40960K,   0% used [0x00000006d8400000, 0x00000006d8401830, 0x00000006dac00000)
  to   space 40960K,   0% used [0x00000006d5c00000, 0x00000006d5c00000, 0x00000006d8400000)
 concurrent mark-sweep generation total 3756032K, used 1080808K [0x00000006dac00000, 0x00000007c0000000, 0x00000007c0000000)
 Metaspace       used 42573K, capacity 43892K, committed 44572K, reserved 1087488K
  class space    used 5454K, capacity 5756K, committed 5960K, reserved 1048576K
2020-07-01T08:30:17.279+0200: 399971.922: [GC (Allocation Failure) 2020-07-01T08:30:17.279+0200: 399971.922: [ParNew
Desired survivor size 20971520 bytes, new threshold 1 (max 1)
- age   1:        304 bytes,        304 total
: 327686K->4K(368640K), 0.0180100 secs] 1408494K->1080812K(4124672K), 0.0181516 secs] [Times: user=0.01 sys=0.00, real=0.01 secs] 
Heap after GC invocations=495370 (full 2):
 par new generation   total 368640K, used 4K [0x00000006c1c00000, 0x00000006dac00000, 0x00000006dac00000)
  eden space 327680K,   0% used [0x00000006c1c00000, 0x00000006c1c00000, 0x00000006d5c00000)
  from space 40960K,   0% used [0x00000006d5c00000, 0x00000006d5c01020, 0x00000006d8400000)
  to   space 40960K,   0% used [0x00000006d8400000, 0x00000006d8400000, 0x00000006dac00000)
 concurrent mark-sweep generation total 3756032K, used 1080808K [0x00000006dac00000, 0x00000007c0000000, 0x00000007c0000000)
 Metaspace       used 42573K, capacity 43892K, committed 44572K, reserved 1087488K
  class space    used 5454K, capacity 5756K, committed 5960K, reserved 1048576K
}
2020-07-01T08:30:17.297+0200: 399971.940: Total time for which application threads were stopped: 0.0184634 seconds, Stopping threads took: 0.0000618 seconds
{Heap before GC invocations=495370 (full 2):
 par new generation   total 368640K, used 327684K [0x00000006c1c00000, 0x00000006dac00000, 0x00000006dac00000)
  eden space 327680K, 100% used [0x00000006c1c00000, 0x00000006d5c00000, 0x00000006d5c00000)
  from space 40960K,   0% used [0x00000006d5c00000, 0x00000006d5c01020, 0x00000006d8400000)
  to   space 40960K,   0% used [0x00000006d8400000, 0x00000006d8400000, 0x00000006dac00000)
 concurrent mark-sweep generation total 3756032K, used 1080808K [0x00000006dac00000, 0x00000007c0000000, 0x00000007c0000000)
 Metaspace       used 42573K, capacity 43892K, committed 44572K, reserved 1087488K
  class space    used 5454K, capacity 5756K, committed 5960K, reserved 1048576K
2020-07-01T08:30:17.614+0200: 399972.257: [GC (Allocation Failure) 2020-07-01T08:30:17.614+0200: 399972.257: [ParNew
Desired survivor size 20971520 bytes, new threshold 1 (max 1)
- age   1:        504 bytes,        504 total
: 327684K->4K(368640K), 0.0213701 secs] 1408492K->1080812K(4124672K), 0.0215072 secs] [Times: user=0.02 sys=0.00, real=0.02 secs] 
Heap after GC invocations=495371 (full 2):
 par new generation   total 368640K, used 4K [0x00000006c1c00000, 0x00000006dac00000, 0x00000006dac00000)
  eden space 327680K,   0% used [0x00000006c1c00000, 0x00000006c1c00000, 0x00000006d5c00000)
  from space 40960K,   0% used [0x00000006d8400000, 0x00000006d8401020, 0x00000006dac00000)
  to   space 40960K,   0% used [0x00000006d5c00000, 0x00000006d5c00000, 0x00000006d8400000)
 concurrent mark-sweep generation total 3756032K, used 1080808K [0x00000006dac00000, 0x00000007c0000000, 0x00000007c0000000)
 Metaspace       used 42573K, capacity 43892K, committed 44572K, reserved 1087488K
  class space    used 5454K, capacity 5756K, committed 5960K, reserved 1048576K
}
2020-07-01T08:30:17.635+0200: 399972.278: Total time for which application threads were stopped: 0.0217863 seconds, Stopping threads took: 0.0000484 seconds
{Heap before GC invocations=495371 (full 2):
 par new generation   total 368640K, used 327684K [0x00000006c1c00000, 0x00000006dac00000, 0x00000006dac00000)
  eden space 327680K, 100% used [0x00000006c1c00000, 0x00000006d5c00000, 0x00000006d5c00000)
  from space 40960K,   0% used [0x00000006d8400000, 0x00000006d8401020, 0x00000006dac00000)
  to   space 40960K,   0% used [0x00000006d5c00000, 0x00000006d5c00000, 0x00000006d8400000)
 concurrent mark-sweep generation total 3756032K, used 1080808K [0x00000006dac00000, 0x00000007c0000000, 0x00000007c0000000)
 Metaspace       used 42573K, capacity 43892K, committed 44572K, reserved 1087488K
  class space    used 5454K, capacity 5756K, committed 5960K, reserved 1048576K
2020-07-01T08:30:17.955+0200: 399972.598: [GC (Allocation Failure) 2020-07-01T08:30:17.955+0200: 399972.598: [ParNew
Desired survivor size 20971520 bytes, new threshold 1 (max 1)
- age   1:        240 bytes,        240 total
: 327684K->4K(368640K), 0.0158476 secs] 1408492K->1080813K(4124672K), 0.0159535 secs] [Times: user=0.01 sys=0.00, real=0.02 secs] 
Heap after GC invocations=495372 (full 2):
 par new generation   total 368640K, used 4K [0x00000006c1c00000, 0x00000006dac00000, 0x00000006dac00000)
  eden space 327680K,   0% used [0x00000006c1c00000, 0x00000006c1c00000, 0x00000006d5c00000)
  from space 40960K,   0% used [0x00000006d5c00000, 0x00000006d5c01020, 0x00000006d8400000)
  to   space 40960K,   0% used [0x00000006d8400000, 0x00000006d8400000, 0x00000006dac00000)
 concurrent mark-sweep generation total 3756032K, used 1080809K [0x00000006dac00000, 0x00000007c0000000, 0x00000007c0000000)
 Metaspace       used 42573K, capacity 43892K, committed 44572K, reserved 1087488K
  class space    used 5454K, capacity 5756K, committed 5960K, reserved 1048576K
}
2020-07-01T08:30:17.971+0200: 399972.614: Total time for which application threads were stopped: 0.0162385 seconds, Stopping threads took: 0.0000479 seconds
{Heap before GC invocations=495372 (full 2):
 par new generation   total 368640K, used 327684K [0x00000006c1c00000, 0x00000006dac00000, 0x00000006dac00000)
  eden space 327680K, 100% used [0x00000006c1c00000, 0x00000006d5c00000, 0x00000006d5c00000)
  from space 40960K,   0% used [0x00000006d5c00000, 0x00000006d5c01020, 0x00000006d8400000)
  to   space 40960K,   0% used [0x00000006d8400000, 0x00000006d8400000, 0x00000006dac00000)
 concurrent mark-sweep generation total 3756032K, used 1080809K [0x00000006dac00000, 0x00000007c0000000, 0x00000007c0000000)
 Metaspace       used 42573K, capacity 43892K, committed 44572K, reserved 1087488K
  class space    used 5454K, capacity 5756K, committed 5960K, reserved 1048576K
2020-07-01T08:30:18.313+0200: 399972.956: [GC (Allocation Failure) 2020-07-01T08:30:18.314+0200: 399972.956: [ParNew
Desired survivor size 20971520 bytes, new threshold 1 (max 1)
- age   1:        304 bytes,        304 total
: 327684K->4K(368640K), 0.0107988 secs] 1408493K->1080813K(4124672K), 0.0109298 secs] [Times: user=0.02 sys=0.00, real=0.01 secs] 
Heap after GC invocations=495373 (full 2):
 par new generation   total 368640K, used 4K [0x00000006c1c00000, 0x00000006dac00000, 0x00000006dac00000)
  eden space 327680K,   0% used [0x00000006c1c00000, 0x00000006c1c00000, 0x00000006d5c00000)
  from space 40960K,   0% used [0x00000006d8400000, 0x00000006d8401020, 0x00000006dac00000)
  to   space 40960K,   0% used [0x00000006d5c00000, 0x00000006d5c00000, 0x00000006d8400000)
 concurrent mark-sweep generation total 3756032K, used 1080809K [0x00000006dac00000, 0x00000007c0000000, 0x00000007c0000000)
 Metaspace       used 42573K, capacity 43892K, committed 44572K, reserved 1087488K
  class space    used 5454K, capacity 5756K, committed 5960K, reserved 1048576K
}
2020-07-01T08:30:18.325+0200: 399972.967: Total time for which application threads were stopped: 0.0112094 seconds, Stopping threads took: 0.0000487 seconds
{Heap before GC invocations=495373 (full 2):
 par new generation   total 368640K, used 327684K [0x00000006c1c00000, 0x00000006dac00000, 0x00000006dac00000)
  eden space 327680K, 100% used [0x00000006c1c00000, 0x00000006d5c00000, 0x00000006d5c00000)
  from space 40960K,   0% used [0x00000006d8400000, 0x00000006d8401020, 0x00000006dac00000)
  to   space 40960K,   0% used [0x00000006d5c00000, 0x00000006d5c00000, 0x00000006d8400000)
 concurrent mark-sweep generation total 3756032K, used 1080809K [0x00000006dac00000, 0x00000007c0000000, 0x00000007c0000000)
 Metaspace       used 42573K, capacity 43892K, committed 44572K, reserved 1087488K
  class space    used 5454K, capacity 5756K, committed 5960K, reserved 1048576K
2020-07-01T08:30:18.651+0200: 399973.294: [GC (Allocation Failure) 2020-07-01T08:30:18.651+0200: 399973.294: [ParNew
Desired survivor size 20971520 bytes, new threshold 1 (max 1)
- age   1:        240 bytes,        240 total
: 327684K->4K(368640K), 0.0118471 secs] 1408493K->1080813K(4124672K), 0.0119615 secs] [Times: user=0.00 sys=0.00, real=0.01 secs] 
Heap after GC invocations=495374 (full 2):
 par new generation   total 368640K, used 4K [0x00000006c1c00000, 0x00000006dac00000, 0x00000006dac00000)
  eden space 327680K,   0% used [0x00000006c1c00000, 0x00000006c1c00000, 0x00000006d5c00000)
  from space 40960K,   0% used [0x00000006d5c00000, 0x00000006d5c01020, 0x00000006d8400000)
  to   space 40960K,   0% used [0x00000006d8400000, 0x00000006d8400000, 0x00000006dac00000)
 concurrent mark-sweep generation total 3756032K, used 1080809K [0x00000006dac00000, 0x00000007c0000000, 0x00000007c0000000)
 Metaspace       used 42573K, capacity 43892K, committed 44572K, reserved 1087488K
  class space    used 5454K, capacity 5756K, committed 5960K, reserved 1048576K
}
2020-07-01T08:30:18.663+0200: 399973.306: Total time for which application threads were stopped: 0.0122627 seconds, Stopping threads took: 0.0000491 seconds
{Heap before GC invocations=495374 (full 2):
 par new generation   total 368640K, used 327684K [0x00000006c1c00000, 0x00000006dac00000, 0x00000006dac00000)
  eden space 327680K, 100% used [0x00000006c1c00000, 0x00000006d5c00000, 0x00000006d5c00000)
  from space 40960K,   0% used [0x00000006d5c00000, 0x00000006d5c01020, 0x00000006d8400000)
  to   space 40960K,   0% used [0x00000006d8400000, 0x00000006d8400000, 0x00000006dac00000)
 concurrent mark-sweep generation total 3756032K, used 1080809K [0x00000006dac00000, 0x00000007c0000000, 0x00000007c0000000)
 Metaspace       used 42573K, capacity 43892K, committed 44572K, reserved 1087488K
  class space    used 5454K, capacity 5756K, committed 5960K, reserved 1048576K
2020-07-01T08:30:18.951+0200: 399973.594: [GC (Allocation Failure) 2020-07-01T08:30:18.951+0200: 399973.594: [ParNew
Desired survivor size 20971520 bytes, new threshold 1 (max 1)
- age   1:        240 bytes,        240 total
: 327684K->4K(368640K), 0.0135465 secs] 1408493K->1080813K(4124672K), 0.0136695 secs] [Times: user=0.02 sys=0.00, real=0.01 secs] 
Heap after GC invocations=495375 (full 2):
 par new generation   total 368640K, used 4K [0x00000006c1c00000, 0x00000006dac00000, 0x00000006dac00000)
  eden space 327680K,   0% used [0x00000006c1c00000, 0x00000006c1c00000, 0x00000006d5c00000)
  from space 40960K,   0% used [0x00000006d8400000, 0x00000006d8401020, 0x00000006dac00000)
  to   space 40960K,   0% used [0x00000006d5c00000, 0x00000006d5c00000, 0x00000006d8400000)
 concurrent mark-sweep generation total 3756032K, used 1080809K [0x00000006dac00000, 0x00000007c0000000, 0x00000007c0000000)
 Metaspace       used 42573K, capacity 43892K, committed 44572K, reserved 1087488K
  class space    used 5454K, capacity 5756K, committed 5960K, reserved 1048576K
}
2020-07-01T08:30:18.965+0200: 399973.608: Total time for which application threads were stopped: 0.0139429 seconds, Stopping threads took: 0.0000486 seconds
{Heap before GC invocations=495375 (full 2):
 par new generation   total 368640K, used 327684K [0x00000006c1c00000, 0x00000006dac00000, 0x00000006dac00000)
  eden space 327680K, 100% used [0x00000006c1c00000, 0x00000006d5c00000, 0x00000006d5c00000)
  from space 40960K,   0% used [0x00000006d8400000, 0x00000006d8401020, 0x00000006dac00000)
  to   space 40960K,   0% used [0x00000006d5c00000, 0x00000006d5c00000, 0x00000006d8400000)
 concurrent mark-sweep generation total 3756032K, used 1080809K [0x00000006dac00000, 0x00000007c0000000, 0x00000007c0000000)
 Metaspace       used 42573K, capacity 43892K, committed 44572K, reserved 1087488K
  class space    used 5454K, capacity 5756K, committed 5960K, reserved 1048576K
2020-07-01T08:30:19.247+0200: 399973.890: [GC (Allocation Failure) 2020-07-01T08:30:19.247+0200: 399973.890: [ParNew
Desired survivor size 20971520 bytes, new threshold 1 (max 1)
- age   1:        304 bytes,        304 total
: 327684K->6K(368640K), 0.0074915 secs] 1408493K->1080815K(4124672K), 0.0076179 secs] [Times: user=0.00 sys=0.00, real=0.01 secs] 
Heap after GC invocations=495376 (full 2):
 par new generation   total 368640K, used 6K [0x00000006c1c00000, 0x00000006dac00000, 0x00000006dac00000)
  eden space 327680K,   0% used [0x00000006c1c00000, 0x00000006c1c00000, 0x00000006d5c00000)
  from space 40960K,   0% used [0x00000006d5c00000, 0x00000006d5c01830, 0x00000006d8400000)
  to   space 40960K,   0% used [0x00000006d8400000, 0x00000006d8400000, 0x00000006dac00000)
 concurrent mark-sweep generation total 3756032K, used 1080809K [0x00000006dac00000, 0x00000007c0000000, 0x00000007c0000000)
 Metaspace       used 42573K, capacity 43892K, committed 44572K, reserved 1087488K
  class space    used 5454K, capacity 5756K, committed 5960K, reserved 1048576K
}
2020-07-01T08:30:19.255+0200: 399973.898: Total time for which application threads were stopped: 0.0079071 seconds, Stopping threads took: 0.0000532 seconds
{Heap before GC invocations=495376 (full 2):
 par new generation   total 368640K, used 327686K [0x00000006c1c00000, 0x00000006dac00000, 0x00000006dac00000)
  eden space 327680K, 100% used [0x00000006c1c00000, 0x00000006d5c00000, 0x00000006d5c00000)
  from space 40960K,   0% used [0x00000006d5c00000, 0x00000006d5c01830, 0x00000006d8400000)
  to   space 40960K,   0% used [0x00000006d8400000, 0x00000006d8400000, 0x00000006dac00000)
 concurrent mark-sweep generation total 3756032K, used 1080809K [0x00000006dac00000, 0x00000007c0000000, 0x00000007c0000000)
 Metaspace       used 42573K, capacity 43892K, committed 44572K, reserved 1087488K
  class space    used 5454K, capacity 5756K, committed 5960K, reserved 1048576K
2020-07-01T08:30:19.529+0200: 399974.172: [GC (Allocation Failure) 2020-07-01T08:30:19.529+0200: 399974.172: [ParNew
Desired survivor size 20971520 bytes, new threshold 1 (max 1)
- age   1:        240 bytes,        240 total
: 327686K->2K(368640K), 0.0212332 secs] 1408495K->1080811K(4124672K), 0.0213514 secs] [Times: user=0.02 sys=0.00, real=0.02 secs] 
Heap after GC invocations=495377 (full 2):
 par new generation   total 368640K, used 2K [0x00000006c1c00000, 0x00000006dac00000, 0x00000006dac00000)
  eden space 327680K,   0% used [0x00000006c1c00000, 0x00000006c1c00000, 0x00000006d5c00000)
  from space 40960K,   0% used [0x00000006d8400000, 0x00000006d8400810, 0x00000006dac00000)
  to   space 40960K,   0% used [0x00000006d5c00000, 0x00000006d5c00000, 0x00000006d8400000)
 concurrent mark-sweep generation total 3756032K, used 1080809K [0x00000006dac00000, 0x00000007c0000000, 0x00000007c0000000)
 Metaspace       used 42573K, capacity 43892K, committed 44572K, reserved 1087488K
  class space    used 5454K, capacity 5756K, committed 5960K, reserved 1048576K
}
2020-07-01T08:30:19.550+0200: 399974.193: Total time for which application threads were stopped: 0.0216409 seconds, Stopping threads took: 0.0000494 seconds
{Heap before GC invocations=495377 (full 2):
 par new generation   total 368640K, used 327682K [0x00000006c1c00000, 0x00000006dac00000, 0x00000006dac00000)
  eden space 327680K, 100% used [0x00000006c1c00000, 0x00000006d5c00000, 0x00000006d5c00000)
  from space 40960K,   0% used [0x00000006d8400000, 0x00000006d8400810, 0x00000006dac00000)
  to   space 40960K,   0% used [0x00000006d5c00000, 0x00000006d5c00000, 0x00000006d8400000)
 concurrent mark-sweep generation total 3756032K, used 1080809K [0x00000006dac00000, 0x00000007c0000000, 0x00000007c0000000)
 Metaspace       used 42573K, capacity 43892K, committed 44572K, reserved 1087488K
  class space    used 5454K, capacity 5756K, committed 5960K, reserved 1048576K
2020-07-01T08:30:19.832+0200: 399974.475: [GC (Allocation Failure) 2020-07-01T08:30:19.832+0200: 399974.475: [ParNew
Desired survivor size 20971520 bytes, new threshold 1 (max 1)
- age   1:        304 bytes,        304 total
: 327682K->4K(368640K), 0.0111088 secs] 1408491K->1080813K(4124672K), 0.0112135 secs] [Times: user=0.03 sys=0.00, real=0.01 secs] 
Heap after GC invocations=495378 (full 2):
 par new generation   total 368640K, used 4K [0x00000006c1c00000, 0x00000006dac00000, 0x00000006dac00000)
  eden space 327680K,   0% used [0x00000006c1c00000, 0x00000006c1c00000, 0x00000006d5c00000)
  from space 40960K,   0% used [0x00000006d5c00000, 0x00000006d5c01020, 0x00000006d8400000)
  to   space 40960K,   0% used [0x00000006d8400000, 0x00000006d8400000, 0x00000006dac00000)
 concurrent mark-sweep generation total 3756032K, used 1080809K [0x00000006dac00000, 0x00000007c0000000, 0x00000007c0000000)
 Metaspace       used 42573K, capacity 43892K, committed 44572K, reserved 1087488K
  class space    used 5454K, capacity 5756K, committed 5960K, reserved 1048576K
}
2020-07-01T08:30:19.843+0200: 399974.486: Total time for which application threads were stopped: 0.0115733 seconds, Stopping threads took: 0.0000911 seconds
{Heap before GC invocations=495378 (full 2):
 par new generation   total 368640K, used 327684K [0x00000006c1c00000, 0x00000006dac00000, 0x00000006dac00000)
  eden space 327680K, 100% used [0x00000006c1c00000, 0x00000006d5c00000, 0x00000006d5c00000)
  from space 40960K,   0% used [0x00000006d5c00000, 0x00000006d5c01020, 0x00000006d8400000)
  to   space 40960K,   0% used [0x00000006d8400000, 0x00000006d8400000, 0x00000006dac00000)
 concurrent mark-sweep generation total 3756032K, used 1080809K [0x00000006dac00000, 0x00000007c0000000, 0x00000007c0000000)
 Metaspace       used 42573K, capacity 43892K, committed 44572K, reserved 1087488K
  class space    used 5454K, capacity 5756K, committed 5960K, reserved 1048576K
2020-07-01T08:30:20.131+0200: 399974.774: [GC (Allocation Failure) 2020-07-01T08:30:20.131+0200: 399974.774: [ParNew
Desired survivor size 20971520 bytes, new threshold 1 (max 1)
- age   1:        304 bytes,        304 total
: 327684K->2K(368640K), 0.0153634 secs] 1408493K->1080811K(4124672K), 0.0154923 secs] [Times: user=0.01 sys=0.00, real=0.01 secs] 
Heap after GC invocations=495379 (full 2):
 par new generation   total 368640K, used 2K [0x00000006c1c00000, 0x00000006dac00000, 0x00000006dac00000)
  eden space 327680K,   0% used [0x00000006c1c00000, 0x00000006c1c00000, 0x00000006d5c00000)
  from space 40960K,   0% used [0x00000006d8400000, 0x00000006d8400810, 0x00000006dac00000)
  to   space 40960K,   0% used [0x00000006d5c00000, 0x00000006d5c00000, 0x00000006d8400000)
 concurrent mark-sweep generation total 3756032K, used 1080809K [0x00000006dac00000, 0x00000007c0000000, 0x00000007c0000000)
 Metaspace       used 42573K, capacity 43892K, committed 44572K, reserved 1087488K
  class space    used 5454K, capacity 5756K, committed 5960K, reserved 1048576K
}
2020-07-01T08:30:20.147+0200: 399974.789: Total time for which application threads were stopped: 0.0158095 seconds, Stopping threads took: 0.0000502 seconds
{Heap before GC invocations=495379 (full 2):
 par new generation   total 368640K, used 327682K [0x00000006c1c00000, 0x00000006dac00000, 0x00000006dac00000)
  eden space 327680K, 100% used [0x00000006c1c00000, 0x00000006d5c00000, 0x00000006d5c00000)
  from space 40960K,   0% used [0x00000006d8400000, 0x00000006d8400810, 0x00000006dac00000)
  to   space 40960K,   0% used [0x00000006d5c00000, 0x00000006d5c00000, 0x00000006d8400000)
 concurrent mark-sweep generation total 3756032K, used 1080809K [0x00000006dac00000, 0x00000007c0000000, 0x00000007c0000000)
 Metaspace       used 42573K, capacity 43892K, committed 44572K, reserved 1087488K
  class space    used 5454K, capacity 5756K, committed 5960K, reserved 1048576K
2020-07-01T08:30:20.431+0200: 399975.073: [GC (Allocation Failure) 2020-07-01T08:30:20.431+0200: 399975.074: [ParNew
Desired survivor size 20971520 bytes, new threshold 1 (max 1)
- age   1:        240 bytes,        240 total
: 327682K->4K(368640K), 0.0122264 secs] 1408491K->1080813K(4124672K), 0.0123792 secs] [Times: user=0.03 sys=0.00, real=0.01 secs] 
Heap after GC invocations=495380 (full 2):
 par new generation   total 368640K, used 4K [0x00000006c1c00000, 0x00000006dac00000, 0x00000006dac00000)
  eden space 327680K,   0% used [0x00000006c1c00000, 0x00000006c1c00000, 0x00000006d5c00000)
  from space 40960K,   0% used [0x00000006d5c00000, 0x00000006d5c01020, 0x00000006d8400000)
  to   space 40960K,   0% used [0x00000006d8400000, 0x00000006d8400000, 0x00000006dac00000)
 concurrent mark-sweep generation total 3756032K, used 1080809K [0x00000006dac00000, 0x00000007c0000000, 0x00000007c0000000)
 Metaspace       used 42573K, capacity 43892K, committed 44572K, reserved 1087488K
  class space    used 5454K, capacity 5756K, committed 5960K, reserved 1048576K
}
2020-07-01T08:30:20.443+0200: 399975.086: Total time for which application threads were stopped: 0.0127351 seconds, Stopping threads took: 0.0001056 seconds
{Heap before GC invocations=495380 (full 2):
 par new generation   total 368640K, used 327684K [0x00000006c1c00000, 0x00000006dac00000, 0x00000006dac00000)
  eden space 327680K, 100% used [0x00000006c1c00000, 0x00000006d5c00000, 0x00000006d5c00000)
  from space 40960K,   0% used [0x00000006d5c00000, 0x00000006d5c01020, 0x00000006d8400000)
  to   space 40960K,   0% used [0x00000006d8400000, 0x00000006d8400000, 0x00000006dac00000)
 concurrent mark-sweep generation total 3756032K, used 1080809K [0x00000006dac00000, 0x00000007c0000000, 0x00000007c0000000)
 Metaspace       used 42573K, capacity 43892K, committed 44572K, reserved 1087488K
  class space    used 5454K, capacity 5756K, committed 5960K, reserved 1048576K
2020-07-01T08:30:20.732+0200: 399975.375: [GC (Allocation Failure) 2020-07-01T08:30:20.732+0200: 399975.375: [ParNew
Desired survivor size 20971520 bytes, new threshold 1 (max 1)
- age   1:        240 bytes,        240 total
: 327684K->4K(368640K), 0.0141802 secs] 1408493K->1080813K(4124672K), 0.0142998 secs] [Times: user=0.00 sys=0.00, real=0.01 secs] 
Heap after GC invocations=495381 (full 2):
 par new generation   total 368640K, used 4K [0x00000006c1c00000, 0x00000006dac00000, 0x00000006dac00000)
  eden space 327680K,   0% used [0x00000006c1c00000, 0x00000006c1c00000, 0x00000006d5c00000)
  from space 40960K,   0% used [0x00000006d8400000, 0x00000006d8401020, 0x00000006dac00000)
  to   space 40960K,   0% used [0x00000006d5c00000, 0x00000006d5c00000, 0x00000006d8400000)
 concurrent mark-sweep generation total 3756032K, used 1080809K [0x00000006dac00000, 0x00000007c0000000, 0x00000007c0000000)
 Metaspace       used 42573K, capacity 43892K, committed 44572K, reserved 1087488K
  class space    used 5454K, capacity 5756K, committed 5960K, reserved 1048576K
}
2020-07-01T08:30:20.746+0200: 399975.389: Total time for which application threads were stopped: 0.0148387 seconds, Stopping threads took: 0.0000454 seconds
{Heap before GC invocations=495381 (full 2):
 par new generation   total 368640K, used 327684K [0x00000006c1c00000, 0x00000006dac00000, 0x00000006dac00000)
  eden space 327680K, 100% used [0x00000006c1c00000, 0x00000006d5c00000, 0x00000006d5c00000)
  from space 40960K,   0% used [0x00000006d8400000, 0x00000006d8401020, 0x00000006dac00000)
  to   space 40960K,   0% used [0x00000006d5c00000, 0x00000006d5c00000, 0x00000006d8400000)
 concurrent mark-sweep generation total 3756032K, used 1080809K [0x00000006dac00000, 0x00000007c0000000, 0x00000007c0000000)
 Metaspace       used 42573K, capacity 43892K, committed 44572K, reserved 1087488K
  class space    used 5454K, capacity 5756K, committed 5960K, reserved 1048576K
2020-07-01T08:30:21.083+0200: 399975.726: [GC (Allocation Failure) 2020-07-01T08:30:21.083+0200: 399975.726: [ParNew
Desired survivor size 20971520 bytes, new threshold 1 (max 1)
- age   1:        240 bytes,        240 total
: 327684K->4K(368640K), 0.0269842 secs] 1408493K->1080813K(4124672K), 0.0270841 secs] [Times: user=0.03 sys=0.00, real=0.03 secs] 
Heap after GC invocations=495382 (full 2):
 par new generation   total 368640K, used 4K [0x00000006c1c00000, 0x00000006dac00000, 0x00000006dac00000)
  eden space 327680K,   0% used [0x00000006c1c00000, 0x00000006c1c00000, 0x00000006d5c00000)
  from space 40960K,   0% used [0x00000006d5c00000, 0x00000006d5c01020, 0x00000006d8400000)
  to   space 40960K,   0% used [0x00000006d8400000, 0x00000006d8400000, 0x00000006dac00000)
 concurrent mark-sweep generation total 3756032K, used 1080809K [0x00000006dac00000, 0x00000007c0000000, 0x00000007c0000000)
 Metaspace       used 42573K, capacity 43892K, committed 44572K, reserved 1087488K
  class space    used 5454K, capacity 5756K, committed 5960K, reserved 1048576K
}
2020-07-01T08:30:21.110+0200: 399975.753: Total time for which application threads were stopped: 0.0273594 seconds, Stopping threads took: 0.0000443 seconds
{Heap before GC invocations=495382 (full 2):
 par new generation   total 368640K, used 327684K [0x00000006c1c00000, 0x00000006dac00000, 0x00000006dac00000)
  eden space 327680K, 100% used [0x00000006c1c00000, 0x00000006d5c00000, 0x00000006d5c00000)
  from space 40960K,   0% used [0x00000006d5c00000, 0x00000006d5c01020, 0x00000006d8400000)
  to   space 40960K,   0% used [0x00000006d8400000, 0x00000006d8400000, 0x00000006dac00000)
 concurrent mark-sweep generation total 3756032K, used 1080809K [0x00000006dac00000, 0x00000007c0000000, 0x00000007c0000000)
 Metaspace       used 42573K, capacity 43892K, committed 44572K, reserved 1087488K
  class space    used 5454K, capacity 5756K, committed 5960K, reserved 1048576K
2020-07-01T08:30:21.398+0200: 399976.040: [GC (Allocation Failure) 2020-07-01T08:30:21.398+0200: 399976.040: [ParNew
Desired survivor size 20971520 bytes, new threshold 1 (max 1)
- age   1:        304 bytes,        304 total
: 327684K->4K(368640K), 0.0091752 secs] 1408493K->1080813K(4124672K), 0.0093220 secs] [Times: user=0.05 sys=0.00, real=0.01 secs] 
Heap after GC invocations=495383 (full 2):
 par new generation   total 368640K, used 4K [0x00000006c1c00000, 0x00000006dac00000, 0x00000006dac00000)
  eden space 327680K,   0% used [0x00000006c1c00000, 0x00000006c1c00000, 0x00000006d5c00000)
  from space 40960K,   0% used [0x00000006d8400000, 0x00000006d8401020, 0x00000006dac00000)
  to   space 40960K,   0% used [0x00000006d5c00000, 0x00000006d5c00000, 0x00000006d8400000)
 concurrent mark-sweep generation total 3756032K, used 1080809K [0x00000006dac00000, 0x00000007c0000000, 0x00000007c0000000)
 Metaspace       used 42573K, capacity 43892K, committed 44572K, reserved 1087488K
  class space    used 5454K, capacity 5756K, committed 5960K, reserved 1048576K
}
2020-07-01T08:30:21.407+0200: 399976.050: Total time for which application threads were stopped: 0.0096077 seconds, Stopping threads took: 0.0000470 seconds
{Heap before GC invocations=495383 (full 2):
 par new generation   total 368640K, used 327684K [0x00000006c1c00000, 0x00000006dac00000, 0x00000006dac00000)
  eden space 327680K, 100% used [0x00000006c1c00000, 0x00000006d5c00000, 0x00000006d5c00000)
  from space 40960K,   0% used [0x00000006d8400000, 0x00000006d8401020, 0x00000006dac00000)
  to   space 40960K,   0% used [0x00000006d5c00000, 0x00000006d5c00000, 0x00000006d8400000)
 concurrent mark-sweep generation total 3756032K, used 1080809K [0x00000006dac00000, 0x00000007c0000000, 0x00000007c0000000)
 Metaspace       used 42573K, capacity 43892K, committed 44572K, reserved 1087488K
  class space    used 5454K, capacity 5756K, committed 5960K, reserved 1048576K
2020-07-01T08:30:21.738+0200: 399976.381: [GC (Allocation Failure) 2020-07-01T08:30:21.738+0200: 399976.381: [ParNew
Desired survivor size 20971520 bytes, new threshold 1 (max 1)
- age   1:        240 bytes,        240 total
: 327684K->6K(368640K), 0.0056332 secs] 1408493K->1080815K(4124672K), 0.0057590 secs] [Times: user=0.00 sys=0.00, real=0.00 secs] 
Heap after GC invocations=495384 (full 2):
 par new generation   total 368640K, used 6K [0x00000006c1c00000, 0x00000006dac00000, 0x00000006dac00000)
  eden space 327680K,   0% used [0x00000006c1c00000, 0x00000006c1c00000, 0x00000006d5c00000)
  from space 40960K,   0% used [0x00000006d5c00000, 0x00000006d5c01830, 0x00000006d8400000)
  to   space 40960K,   0% used [0x00000006d8400000, 0x00000006d8400000, 0x00000006dac00000)
 concurrent mark-sweep generation total 3756032K, used 1080809K [0x00000006dac00000, 0x00000007c0000000, 0x00000007c0000000)
 Metaspace       used 42573K, capacity 43892K, committed 44572K, reserved 1087488K
  class space    used 5454K, capacity 5756K, committed 5960K, reserved 1048576K
}
2020-07-01T08:30:21.744+0200: 399976.387: Total time for which application threads were stopped: 0.0060373 seconds, Stopping threads took: 0.0000493 seconds
{Heap before GC invocations=495384 (full 2):
 par new generation   total 368640K, used 327686K [0x00000006c1c00000, 0x00000006dac00000, 0x00000006dac00000)
  eden space 327680K, 100% used [0x00000006c1c00000, 0x00000006d5c00000, 0x00000006d5c00000)
  from space 40960K,   0% used [0x00000006d5c00000, 0x00000006d5c01830, 0x00000006d8400000)
  to   space 40960K,   0% used [0x00000006d8400000, 0x00000006d8400000, 0x00000006dac00000)
 concurrent mark-sweep generation total 3756032K, used 1080809K [0x00000006dac00000, 0x00000007c0000000, 0x00000007c0000000)
 Metaspace       used 42573K, capacity 43892K, committed 44572K, reserved 1087488K
  class space    used 5454K, capacity 5756K, committed 5960K, reserved 1048576K
2020-07-01T08:30:22.048+0200: 399976.691: [GC (Allocation Failure) 2020-07-01T08:30:22.048+0200: 399976.691: [ParNew
Desired survivor size 20971520 bytes, new threshold 1 (max 1)
- age   1:        272 bytes,        272 total
: 327686K->4K(368640K), 0.0170433 secs] 1408495K->1080813K(4124672K), 0.0171763 secs] [Times: user=0.00 sys=0.00, real=0.02 secs] 
Heap after GC invocations=495385 (full 2):
 par new generation   total 368640K, used 4K [0x00000006c1c00000, 0x00000006dac00000, 0x00000006dac00000)
  eden space 327680K,   0% used [0x00000006c1c00000, 0x00000006c1c00000, 0x00000006d5c00000)
  from space 40960K,   0% used [0x00000006d8400000, 0x00000006d8401020, 0x00000006dac00000)
  to   space 40960K,   0% used [0x00000006d5c00000, 0x00000006d5c00000, 0x00000006d8400000)
 concurrent mark-sweep generation total 3756032K, used 1080809K [0x00000006dac00000, 0x00000007c0000000, 0x00000007c0000000)
 Metaspace       used 42573K, capacity 43892K, committed 44572K, reserved 1087488K
  class space    used 5454K, capacity 5756K, committed 5960K, reserved 1048576K
}
2020-07-01T08:30:22.065+0200: 399976.708: Total time for which application threads were stopped: 0.0181251 seconds, Stopping threads took: 0.0006981 seconds
{Heap before GC invocations=495385 (full 2):
 par new generation   total 368640K, used 327684K [0x00000006c1c00000, 0x00000006dac00000, 0x00000006dac00000)
  eden space 327680K, 100% used [0x00000006c1c00000, 0x00000006d5c00000, 0x00000006d5c00000)
  from space 40960K,   0% used [0x00000006d8400000, 0x00000006d8401020, 0x00000006dac00000)
  to   space 40960K,   0% used [0x00000006d5c00000, 0x00000006d5c00000, 0x00000006d8400000)
 concurrent mark-sweep generation total 3756032K, used 1080809K [0x00000006dac00000, 0x00000007c0000000, 0x00000007c0000000)
 Metaspace       used 42573K, capacity 43892K, committed 44572K, reserved 1087488K
  class space    used 5454K, capacity 5756K, committed 5960K, reserved 1048576K
2020-07-01T08:30:22.386+0200: 399977.029: [GC (Allocation Failure) 2020-07-01T08:30:22.386+0200: 399977.029: [ParNew
Desired survivor size 20971520 bytes, new threshold 1 (max 1)
- age   1:        304 bytes,        304 total
: 327684K->4K(368640K), 0.0100882 secs] 1408493K->1080813K(4124672K), 0.0106412 secs] [Times: user=0.02 sys=0.00, real=0.01 secs] 
Heap after GC invocations=495386 (full 2):
 par new generation   total 368640K, used 4K [0x00000006c1c00000, 0x00000006dac00000, 0x00000006dac00000)
  eden space 327680K,   0% used [0x00000006c1c00000, 0x00000006c1c00000, 0x00000006d5c00000)
  from space 40960K,   0% used [0x00000006d5c00000, 0x00000006d5c01020, 0x00000006d8400000)
  to   space 40960K,   0% used [0x00000006d8400000, 0x00000006d8400000, 0x00000006dac00000)
 concurrent mark-sweep generation total 3756032K, used 1080809K [0x00000006dac00000, 0x00000007c0000000, 0x00000007c0000000)
 Metaspace       used 42573K, capacity 43892K, committed 44572K, reserved 1087488K
  class space    used 5454K, capacity 5756K, committed 5960K, reserved 1048576K
}
2020-07-01T08:30:22.397+0200: 399977.039: Total time for which application threads were stopped: 0.0109418 seconds, Stopping threads took: 0.0000513 seconds
{Heap before GC invocations=495386 (full 2):
 par new generation   total 368640K, used 327684K [0x00000006c1c00000, 0x00000006dac00000, 0x00000006dac00000)
  eden space 327680K, 100% used [0x00000006c1c00000, 0x00000006d5c00000, 0x00000006d5c00000)
  from space 40960K,   0% used [0x00000006d5c00000, 0x00000006d5c01020, 0x00000006d8400000)
  to   space 40960K,   0% used [0x00000006d8400000, 0x00000006d8400000, 0x00000006dac00000)
 concurrent mark-sweep generation total 3756032K, used 1080809K [0x00000006dac00000, 0x00000007c0000000, 0x00000007c0000000)
 Metaspace       used 42573K, capacity 43892K, committed 44572K, reserved 1087488K
  class space    used 5454K, capacity 5756K, committed 5960K, reserved 1048576K
2020-07-01T08:30:22.702+0200: 399977.345: [GC (Allocation Failure) 2020-07-01T08:30:22.702+0200: 399977.345: [ParNew
Desired survivor size 20971520 bytes, new threshold 1 (max 1)
- age   1:        240 bytes,        240 total
: 327684K->8K(368640K), 0.0061798 secs] 1408493K->1080817K(4124672K), 0.0063123 secs] [Times: user=0.00 sys=0.00, real=0.01 secs] 
Heap after GC invocations=495387 (full 2):
 par new generation   total 368640K, used 8K [0x00000006c1c00000, 0x00000006dac00000, 0x00000006dac00000)
  eden space 327680K,   0% used [0x00000006c1c00000, 0x00000006c1c00000, 0x00000006d5c00000)
  from space 40960K,   0% used [0x00000006d8400000, 0x00000006d8402040, 0x00000006dac00000)
  to   space 40960K,   0% used [0x00000006d5c00000, 0x00000006d5c00000, 0x00000006d8400000)
 concurrent mark-sweep generation total 3756032K, used 1080809K [0x00000006dac00000, 0x00000007c0000000, 0x00000007c0000000)
 Metaspace       used 42573K, capacity 43892K, committed 44572K, reserved 1087488K
  class space    used 5454K, capacity 5756K, committed 5960K, reserved 1048576K
}
2020-07-01T08:30:22.709+0200: 399977.352: Total time for which application threads were stopped: 0.0066151 seconds, Stopping threads took: 0.0000466 seconds
{Heap before GC invocations=495387 (full 2):
 par new generation   total 368640K, used 327688K [0x00000006c1c00000, 0x00000006dac00000, 0x00000006dac00000)
  eden space 327680K, 100% used [0x00000006c1c00000, 0x00000006d5c00000, 0x00000006d5c00000)
  from space 40960K,   0% used [0x00000006d8400000, 0x00000006d8402040, 0x00000006dac00000)
  to   space 40960K,   0% used [0x00000006d5c00000, 0x00000006d5c00000, 0x00000006d8400000)
 concurrent mark-sweep generation total 3756032K, used 1080809K [0x00000006dac00000, 0x00000007c0000000, 0x00000007c0000000)
 Metaspace       used 42573K, capacity 43892K, committed 44572K, reserved 1087488K
  class space    used 5454K, capacity 5756K, committed 5960K, reserved 1048576K
2020-07-01T08:30:23.010+0200: 399977.653: [GC (Allocation Failure) 2020-07-01T08:30:23.010+0200: 399977.653: [ParNew
Desired survivor size 20971520 bytes, new threshold 1 (max 1)
- age   1:        240 bytes,        240 total
: 327688K->6K(368640K), 0.0084517 secs] 1408497K->1080815K(4124672K), 0.0086428 secs] [Times: user=0.03 sys=0.00, real=0.01 secs] 
Heap after GC invocations=495388 (full 2):
 par new generation   total 368640K, used 6K [0x00000006c1c00000, 0x00000006dac00000, 0x00000006dac00000)
  eden space 327680K,   0% used [0x00000006c1c00000, 0x00000006c1c00000, 0x00000006d5c00000)
  from space 40960K,   0% used [0x00000006d5c00000, 0x00000006d5c01830, 0x00000006d8400000)
  to   space 40960K,   0% used [0x00000006d8400000, 0x00000006d8400000, 0x00000006dac00000)
 concurrent mark-sweep generation total 3756032K, used 1080809K [0x00000006dac00000, 0x00000007c0000000, 0x00000007c0000000)
 Metaspace       used 42573K, capacity 43892K, committed 44572K, reserved 1087488K
  class space    used 5454K, capacity 5756K, committed 5960K, reserved 1048576K
}
2020-07-01T08:30:23.019+0200: 399977.662: Total time for which application threads were stopped: 0.0089694 seconds, Stopping threads took: 0.0000521 seconds
{Heap before GC invocations=495388 (full 2):
 par new generation   total 368640K, used 327686K [0x00000006c1c00000, 0x00000006dac00000, 0x00000006dac00000)
  eden space 327680K, 100% used [0x00000006c1c00000, 0x00000006d5c00000, 0x00000006d5c00000)
  from space 40960K,   0% used [0x00000006d5c00000, 0x00000006d5c01830, 0x00000006d8400000)
  to   space 40960K,   0% used [0x00000006d8400000, 0x00000006d8400000, 0x00000006dac00000)
 concurrent mark-sweep generation total 3756032K, used 1080809K [0x00000006dac00000, 0x00000007c0000000, 0x00000007c0000000)
 Metaspace       used 42573K, capacity 43892K, committed 44572K, reserved 1087488K
  class space    used 5454K, capacity 5756K, committed 5960K, reserved 1048576K
2020-07-01T08:30:23.292+0200: 399977.934: [GC (Allocation Failure) 2020-07-01T08:30:23.292+0200: 399977.934: [ParNew
Desired survivor size 20971520 bytes, new threshold 1 (max 1)
- age   1:        304 bytes,        304 total
: 327686K->6K(368640K), 0.0050789 secs] 1408495K->1080815K(4124672K), 0.0054469 secs] [Times: user=0.06 sys=0.00, real=0.00 secs] 
Heap after GC invocations=495389 (full 2):
 par new generation   total 368640K, used 6K [0x00000006c1c00000, 0x00000006dac00000, 0x00000006dac00000)
  eden space 327680K,   0% used [0x00000006c1c00000, 0x00000006c1c00000, 0x00000006d5c00000)
  from space 40960K,   0% used [0x00000006d8400000, 0x00000006d8401830, 0x00000006dac00000)
  to   space 40960K,   0% used [0x00000006d5c00000, 0x00000006d5c00000, 0x00000006d8400000)
 concurrent mark-sweep generation total 3756032K, used 1080809K [0x00000006dac00000, 0x00000007c0000000, 0x00000007c0000000)
 Metaspace       used 42573K, capacity 43892K, committed 44572K, reserved 1087488K
  class space    used 5454K, capacity 5756K, committed 5960K, reserved 1048576K
}
2020-07-01T08:30:23.297+0200: 399977.940: Total time for which application threads were stopped: 0.0059351 seconds, Stopping threads took: 0.0001480 seconds
{Heap before GC invocations=495389 (full 2):
 par new generation   total 368640K, used 327686K [0x00000006c1c00000, 0x00000006dac00000, 0x00000006dac00000)
  eden space 327680K, 100% used [0x00000006c1c00000, 0x00000006d5c00000, 0x00000006d5c00000)
  from space 40960K,   0% used [0x00000006d8400000, 0x00000006d8401830, 0x00000006dac00000)
  to   space 40960K,   0% used [0x00000006d5c00000, 0x00000006d5c00000, 0x00000006d8400000)
 concurrent mark-sweep generation total 3756032K, used 1080809K [0x00000006dac00000, 0x00000007c0000000, 0x00000007c0000000)
 Metaspace       used 42573K, capacity 43892K, committed 44572K, reserved 1087488K
  class space    used 5454K, capacity 5756K, committed 5960K, reserved 1048576K
2020-07-01T08:30:23.595+0200: 399978.238: [GC (Allocation Failure) 2020-07-01T08:30:23.596+0200: 399978.238: [ParNew
Desired survivor size 20971520 bytes, new threshold 1 (max 1)
- age   1:        240 bytes,        240 total
: 327686K->4K(368640K), 0.0097086 secs] 1408495K->1080813K(4124672K), 0.0098289 secs] [Times: user=0.03 sys=0.00, real=0.01 secs] 
Heap after GC invocations=495390 (full 2):
 par new generation   total 368640K, used 4K [0x00000006c1c00000, 0x00000006dac00000, 0x00000006dac00000)
  eden space 327680K,   0% used [0x00000006c1c00000, 0x00000006c1c00000, 0x00000006d5c00000)
  from space 40960K,   0% used [0x00000006d5c00000, 0x00000006d5c01020, 0x00000006d8400000)
  to   space 40960K,   0% used [0x00000006d8400000, 0x00000006d8400000, 0x00000006dac00000)
 concurrent mark-sweep generation total 3756032K, used 1080809K [0x00000006dac00000, 0x00000007c0000000, 0x00000007c0000000)
 Metaspace       used 42573K, capacity 43892K, committed 44572K, reserved 1087488K
  class space    used 5454K, capacity 5756K, committed 5960K, reserved 1048576K
}
2020-07-01T08:30:23.605+0200: 399978.248: Total time for which application threads were stopped: 0.0101874 seconds, Stopping threads took: 0.0001007 seconds
{Heap before GC invocations=495390 (full 2):
 par new generation   total 368640K, used 327684K [0x00000006c1c00000, 0x00000006dac00000, 0x00000006dac00000)
  eden space 327680K, 100% used [0x00000006c1c00000, 0x00000006d5c00000, 0x00000006d5c00000)
  from space 40960K,   0% used [0x00000006d5c00000, 0x00000006d5c01020, 0x00000006d8400000)
  to   space 40960K,   0% used [0x00000006d8400000, 0x00000006d8400000, 0x00000006dac00000)
 concurrent mark-sweep generation total 3756032K, used 1080809K [0x00000006dac00000, 0x00000007c0000000, 0x00000007c0000000)
 Metaspace       used 42573K, capacity 43892K, committed 44572K, reserved 1087488K
  class space    used 5454K, capacity 5756K, committed 5960K, reserved 1048576K
2020-07-01T08:30:23.870+0200: 399978.513: [GC (Allocation Failure) 2020-07-01T08:30:23.870+0200: 399978.513: [ParNew
Desired survivor size 20971520 bytes, new threshold 1 (max 1)
- age   1:        240 bytes,        240 total
: 327684K->6K(368640K), 0.0086402 secs] 1408493K->1080815K(4124672K), 0.0087641 secs] [Times: user=0.00 sys=0.00, real=0.01 secs] 
Heap after GC invocations=495391 (full 2):
 par new generation   total 368640K, used 6K [0x00000006c1c00000, 0x00000006dac00000, 0x00000006dac00000)
  eden space 327680K,   0% used [0x00000006c1c00000, 0x00000006c1c00000, 0x00000006d5c00000)
  from space 40960K,   0% used [0x00000006d8400000, 0x00000006d8401830, 0x00000006dac00000)
  to   space 40960K,   0% used [0x00000006d5c00000, 0x00000006d5c00000, 0x00000006d8400000)
 concurrent mark-sweep generation total 3756032K, used 1080809K [0x00000006dac00000, 0x00000007c0000000, 0x00000007c0000000)
 Metaspace       used 42573K, capacity 43892K, committed 44572K, reserved 1087488K
  class space    used 5454K, capacity 5756K, committed 5960K, reserved 1048576K
}
2020-07-01T08:30:23.879+0200: 399978.522: Total time for which application threads were stopped: 0.0090553 seconds, Stopping threads took: 0.0000457 seconds
{Heap before GC invocations=495391 (full 2):
 par new generation   total 368640K, used 327686K [0x00000006c1c00000, 0x00000006dac00000, 0x00000006dac00000)
  eden space 327680K, 100% used [0x00000006c1c00000, 0x00000006d5c00000, 0x00000006d5c00000)
  from space 40960K,   0% used [0x00000006d8400000, 0x00000006d8401830, 0x00000006dac00000)
  to   space 40960K,   0% used [0x00000006d5c00000, 0x00000006d5c00000, 0x00000006d8400000)
 concurrent mark-sweep generation total 3756032K, used 1080809K [0x00000006dac00000, 0x00000007c0000000, 0x00000007c0000000)
 Metaspace       used 42573K, capacity 43892K, committed 44572K, reserved 1087488K
  class space    used 5454K, capacity 5756K, committed 5960K, reserved 1048576K
2020-07-01T08:30:24.187+0200: 399978.829: [GC (Allocation Failure) 2020-07-01T08:30:24.187+0200: 399978.829: [ParNew
Desired survivor size 20971520 bytes, new threshold 1 (max 1)
- age   1:        336 bytes,        336 total
: 327686K->4K(368640K), 0.0090261 secs] 1408495K->1080813K(4124672K), 0.0091721 secs] [Times: user=0.00 sys=0.00, real=0.01 secs] 
Heap after GC invocations=495392 (full 2):
 par new generation   total 368640K, used 4K [0x00000006c1c00000, 0x00000006dac00000, 0x00000006dac00000)
  eden space 327680K,   0% used [0x00000006c1c00000, 0x00000006c1c00000, 0x00000006d5c00000)
  from space 40960K,   0% used [0x00000006d5c00000, 0x00000006d5c01020, 0x00000006d8400000)
  to   space 40960K,   0% used [0x00000006d8400000, 0x00000006d8400000, 0x00000006dac00000)
 concurrent mark-sweep generation total 3756032K, used 1080809K [0x00000006dac00000, 0x00000007c0000000, 0x00000007c0000000)
 Metaspace       used 42573K, capacity 43892K, committed 44572K, reserved 1087488K
  class space    used 5454K, capacity 5756K, committed 5960K, reserved 1048576K
}
2020-07-01T08:30:24.196+0200: 399978.839: Total time for which application threads were stopped: 0.0095824 seconds, Stopping threads took: 0.0001511 seconds
{Heap before GC invocations=495392 (full 2):
 par new generation   total 368640K, used 327684K [0x00000006c1c00000, 0x00000006dac00000, 0x00000006dac00000)
  eden space 327680K, 100% used [0x00000006c1c00000, 0x00000006d5c00000, 0x00000006d5c00000)
  from space 40960K,   0% used [0x00000006d5c00000, 0x00000006d5c01020, 0x00000006d8400000)
  to   space 40960K,   0% used [0x00000006d8400000, 0x00000006d8400000, 0x00000006dac00000)
 concurrent mark-sweep generation total 3756032K, used 1080809K [0x00000006dac00000, 0x00000007c0000000, 0x00000007c0000000)
 Metaspace       used 42573K, capacity 43892K, committed 44572K, reserved 1087488K
  class space    used 5454K, capacity 5756K, committed 5960K, reserved 1048576K
2020-07-01T08:30:24.469+0200: 399979.112: [GC (Allocation Failure) 2020-07-01T08:30:24.470+0200: 399979.112: [ParNew
Desired survivor size 20971520 bytes, new threshold 1 (max 1)
- age   1:        240 bytes,        240 total
: 327684K->4K(368640K), 0.0082762 secs] 1408493K->1080813K(4124672K), 0.0083988 secs] [Times: user=0.00 sys=0.00, real=0.01 secs] 
Heap after GC invocations=495393 (full 2):
 par new generation   total 368640K, used 4K [0x00000006c1c00000, 0x00000006dac00000, 0x00000006dac00000)
  eden space 327680K,   0% used [0x00000006c1c00000, 0x00000006c1c00000, 0x00000006d5c00000)
  from space 40960K,   0% used [0x00000006d8400000, 0x00000006d8401020, 0x00000006dac00000)
  to   space 40960K,   0% used [0x00000006d5c00000, 0x00000006d5c00000, 0x00000006d8400000)
 concurrent mark-sweep generation total 3756032K, used 1080809K [0x00000006dac00000, 0x00000007c0000000, 0x00000007c0000000)
 Metaspace       used 42573K, capacity 43892K, committed 44572K, reserved 1087488K
  class space    used 5454K, capacity 5756K, committed 5960K, reserved 1048576K
}
2020-07-01T08:30:24.478+0200: 399979.121: Total time for which application threads were stopped: 0.0093202 seconds, Stopping threads took: 0.0006762 seconds
{Heap before GC invocations=495393 (full 2):
 par new generation   total 368640K, used 327684K [0x00000006c1c00000, 0x00000006dac00000, 0x00000006dac00000)
  eden space 327680K, 100% used [0x00000006c1c00000, 0x00000006d5c00000, 0x00000006d5c00000)
  from space 40960K,   0% used [0x00000006d8400000, 0x00000006d8401020, 0x00000006dac00000)
  to   space 40960K,   0% used [0x00000006d5c00000, 0x00000006d5c00000, 0x00000006d8400000)
 concurrent mark-sweep generation total 3756032K, used 1080809K [0x00000006dac00000, 0x00000007c0000000, 0x00000007c0000000)
 Metaspace       used 42573K, capacity 43892K, committed 44572K, reserved 1087488K
  class space    used 5454K, capacity 5756K, committed 5960K, reserved 1048576K
2020-07-01T08:30:24.775+0200: 399979.418: [GC (Allocation Failure) 2020-07-01T08:30:24.775+0200: 399979.418: [ParNew
Desired survivor size 20971520 bytes, new threshold 1 (max 1)
- age   1:        304 bytes,        304 total
: 327684K->4K(368640K), 0.0097592 secs] 1408493K->1080813K(4124672K), 0.0098772 secs] [Times: user=0.03 sys=0.00, real=0.01 secs] 
Heap after GC invocations=495394 (full 2):
 par new generation   total 368640K, used 4K [0x00000006c1c00000, 0x00000006dac00000, 0x00000006dac00000)
  eden space 327680K,   0% used [0x00000006c1c00000, 0x00000006c1c00000, 0x00000006d5c00000)
  from space 40960K,   0% used [0x00000006d5c00000, 0x00000006d5c01020, 0x00000006d8400000)
  to   space 40960K,   0% used [0x00000006d8400000, 0x00000006d8400000, 0x00000006dac00000)
 concurrent mark-sweep generation total 3756032K, used 1080809K [0x00000006dac00000, 0x00000007c0000000, 0x00000007c0000000)
 Metaspace       used 42573K, capacity 43892K, committed 44572K, reserved 1087488K
  class space    used 5454K, capacity 5756K, committed 5960K, reserved 1048576K
}
2020-07-01T08:30:24.785+0200: 399979.428: Total time for which application threads were stopped: 0.0102198 seconds, Stopping threads took: 0.0001074 seconds
{Heap before GC invocations=495394 (full 2):
 par new generation   total 368640K, used 327684K [0x00000006c1c00000, 0x00000006dac00000, 0x00000006dac00000)
  eden space 327680K, 100% used [0x00000006c1c00000, 0x00000006d5c00000, 0x00000006d5c00000)
  from space 40960K,   0% used [0x00000006d5c00000, 0x00000006d5c01020, 0x00000006d8400000)
  to   space 40960K,   0% used [0x00000006d8400000, 0x00000006d8400000, 0x00000006dac00000)
 concurrent mark-sweep generation total 3756032K, used 1080809K [0x00000006dac00000, 0x00000007c0000000, 0x00000007c0000000)
 Metaspace       used 42573K, capacity 43892K, committed 44572K, reserved 1087488K
  class space    used 5454K, capacity 5756K, committed 5960K, reserved 1048576K
2020-07-01T08:30:25.049+0200: 399979.691: [GC (Allocation Failure) 2020-07-01T08:30:25.049+0200: 399979.691: [ParNew
Desired survivor size 20971520 bytes, new threshold 1 (max 1)
- age   1:        272 bytes,        272 total
: 327684K->6K(368640K), 0.0081881 secs] 1408493K->1080815K(4124672K), 0.0083297 secs] [Times: user=0.00 sys=0.00, real=0.00 secs] 
Heap after GC invocations=495395 (full 2):
 par new generation   total 368640K, used 6K [0x00000006c1c00000, 0x00000006dac00000, 0x00000006dac00000)
  eden space 327680K,   0% used [0x00000006c1c00000, 0x00000006c1c00000, 0x00000006d5c00000)
  from space 40960K,   0% used [0x00000006d8400000, 0x00000006d8401830, 0x00000006dac00000)
  to   space 40960K,   0% used [0x00000006d5c00000, 0x00000006d5c00000, 0x00000006d8400000)
 concurrent mark-sweep generation total 3756032K, used 1080809K [0x00000006dac00000, 0x00000007c0000000, 0x00000007c0000000)
 Metaspace       used 42573K, capacity 43892K, committed 44572K, reserved 1087488K
  class space    used 5454K, capacity 5756K, committed 5960K, reserved 1048576K
}
2020-07-01T08:30:25.057+0200: 399979.700: Total time for which application threads were stopped: 0.0093045 seconds, Stopping threads took: 0.0001079 seconds
{Heap before GC invocations=495395 (full 2):
 par new generation   total 368640K, used 327686K [0x00000006c1c00000, 0x00000006dac00000, 0x00000006dac00000)
  eden space 327680K, 100% used [0x00000006c1c00000, 0x00000006d5c00000, 0x00000006d5c00000)
  from space 40960K,   0% used [0x00000006d8400000, 0x00000006d8401830, 0x00000006dac00000)
  to   space 40960K,   0% used [0x00000006d5c00000, 0x00000006d5c00000, 0x00000006d8400000)
 concurrent mark-sweep generation total 3756032K, used 1080809K [0x00000006dac00000, 0x00000007c0000000, 0x00000007c0000000)
 Metaspace       used 42573K, capacity 43892K, committed 44572K, reserved 1087488K
  class space    used 5454K, capacity 5756K, committed 5960K, reserved 1048576K
2020-07-01T08:30:25.348+0200: 399979.991: [GC (Allocation Failure) 2020-07-01T08:30:25.348+0200: 399979.991: [ParNew
Desired survivor size 20971520 bytes, new threshold 1 (max 1)
- age   1:        304 bytes,        304 total
: 327686K->4K(368640K), 0.0074518 secs] 1408495K->1080813K(4124672K), 0.0076393 secs] [Times: user=0.03 sys=0.00, real=0.00 secs] 
Heap after GC invocations=495396 (full 2):
 par new generation   total 368640K, used 4K [0x00000006c1c00000, 0x00000006dac00000, 0x00000006dac00000)
  eden space 327680K,   0% used [0x00000006c1c00000, 0x00000006c1c00000, 0x00000006d5c00000)
  from space 40960K,   0% used [0x00000006d5c00000, 0x00000006d5c01020, 0x00000006d8400000)
  to   space 40960K,   0% used [0x00000006d8400000, 0x00000006d8400000, 0x00000006dac00000)
 concurrent mark-sweep generation total 3756032K, used 1080809K [0x00000006dac00000, 0x00000007c0000000, 0x00000007c0000000)
 Metaspace       used 42573K, capacity 43892K, committed 44572K, reserved 1087488K
  class space    used 5454K, capacity 5756K, committed 5960K, reserved 1048576K
}
2020-07-01T08:30:25.356+0200: 399979.999: Total time for which application threads were stopped: 0.0081052 seconds, Stopping threads took: 0.0001017 seconds
{Heap before GC invocations=495396 (full 2):
 par new generation   total 368640K, used 327684K [0x00000006c1c00000, 0x00000006dac00000, 0x00000006dac00000)
  eden space 327680K, 100% used [0x00000006c1c00000, 0x00000006d5c00000, 0x00000006d5c00000)
  from space 40960K,   0% used [0x00000006d5c00000, 0x00000006d5c01020, 0x00000006d8400000)
  to   space 40960K,   0% used [0x00000006d8400000, 0x00000006d8400000, 0x00000006dac00000)
 concurrent mark-sweep generation total 3756032K, used 1080809K [0x00000006dac00000, 0x00000007c0000000, 0x00000007c0000000)
 Metaspace       used 42573K, capacity 43892K, committed 44572K, reserved 1087488K
  class space    used 5454K, capacity 5756K, committed 5960K, reserved 1048576K
2020-07-01T08:30:25.620+0200: 399980.263: [GC (Allocation Failure) 2020-07-01T08:30:25.620+0200: 399980.263: [ParNew
Desired survivor size 20971520 bytes, new threshold 1 (max 1)
- age   1:        240 bytes,        240 total
: 327684K->6K(368640K), 0.0067847 secs] 1408493K->1080815K(4124672K), 0.0069044 secs] [Times: user=0.00 sys=0.00, real=0.00 secs] 
Heap after GC invocations=495397 (full 2):
 par new generation   total 368640K, used 6K [0x00000006c1c00000, 0x00000006dac00000, 0x00000006dac00000)
  eden space 327680K,   0% used [0x00000006c1c00000, 0x00000006c1c00000, 0x00000006d5c00000)
  from space 40960K,   0% used [0x00000006d8400000, 0x00000006d8401830, 0x00000006dac00000)
  to   space 40960K,   0% used [0x00000006d5c00000, 0x00000006d5c00000, 0x00000006d8400000)
 concurrent mark-sweep generation total 3756032K, used 1080809K [0x00000006dac00000, 0x00000007c0000000, 0x00000007c0000000)
 Metaspace       used 42573K, capacity 43892K, committed 44572K, reserved 1087488K
  class space    used 5454K, capacity 5756K, committed 5960K, reserved 1048576K
}
2020-07-01T08:30:25.627+0200: 399980.270: Total time for which application threads were stopped: 0.0072507 seconds, Stopping threads took: 0.0000854 seconds
{Heap before GC invocations=495397 (full 2):
 par new generation   total 368640K, used 327686K [0x00000006c1c00000, 0x00000006dac00000, 0x00000006dac00000)
  eden space 327680K, 100% used [0x00000006c1c00000, 0x00000006d5c00000, 0x00000006d5c00000)
  from space 40960K,   0% used [0x00000006d8400000, 0x00000006d8401830, 0x00000006dac00000)
  to   space 40960K,   0% used [0x00000006d5c00000, 0x00000006d5c00000, 0x00000006d8400000)
 concurrent mark-sweep generation total 3756032K, used 1080809K [0x00000006dac00000, 0x00000007c0000000, 0x00000007c0000000)
 Metaspace       used 42573K, capacity 43892K, committed 44572K, reserved 1087488K
  class space    used 5454K, capacity 5756K, committed 5960K, reserved 1048576K
2020-07-01T08:30:25.902+0200: 399980.545: [GC (Allocation Failure) 2020-07-01T08:30:25.902+0200: 399980.545: [ParNew
Desired survivor size 20971520 bytes, new threshold 1 (max 1)
- age   1:        240 bytes,        240 total
: 327686K->6K(368640K), 0.0071619 secs] 1408495K->1080815K(4124672K), 0.0072996 secs] [Times: user=0.00 sys=0.00, real=0.01 secs] 
Heap after GC invocations=495398 (full 2):
 par new generation   total 368640K, used 6K [0x00000006c1c00000, 0x00000006dac00000, 0x00000006dac00000)
  eden space 327680K,   0% used [0x00000006c1c00000, 0x00000006c1c00000, 0x00000006d5c00000)
  from space 40960K,   0% used [0x00000006d5c00000, 0x00000006d5c01830, 0x00000006d8400000)
  to   space 40960K,   0% used [0x00000006d8400000, 0x00000006d8400000, 0x00000006dac00000)
 concurrent mark-sweep generation total 3756032K, used 1080809K [0x00000006dac00000, 0x00000007c0000000, 0x00000007c0000000)
 Metaspace       used 42573K, capacity 43892K, committed 44572K, reserved 1087488K
  class space    used 5454K, capacity 5756K, committed 5960K, reserved 1048576K
}
2020-07-01T08:30:25.910+0200: 399980.552: Total time for which application threads were stopped: 0.0075767 seconds, Stopping threads took: 0.0000460 seconds
{Heap before GC invocations=495398 (full 2):
 par new generation   total 368640K, used 327686K [0x00000006c1c00000, 0x00000006dac00000, 0x00000006dac00000)
  eden space 327680K, 100% used [0x00000006c1c00000, 0x00000006d5c00000, 0x00000006d5c00000)
  from space 40960K,   0% used [0x00000006d5c00000, 0x00000006d5c01830, 0x00000006d8400000)
  to   space 40960K,   0% used [0x00000006d8400000, 0x00000006d8400000, 0x00000006dac00000)
 concurrent mark-sweep generation total 3756032K, used 1080809K [0x00000006dac00000, 0x00000007c0000000, 0x00000007c0000000)
 Metaspace       used 42573K, capacity 43892K, committed 44572K, reserved 1087488K
  class space    used 5454K, capacity 5756K, committed 5960K, reserved 1048576K
2020-07-01T08:30:26.205+0200: 399980.848: [GC (Allocation Failure) 2020-07-01T08:30:26.205+0200: 399980.848: [ParNew
Desired survivor size 20971520 bytes, new threshold 1 (max 1)
- age   1:        304 bytes,        304 total
: 327686K->4K(368640K), 0.0090441 secs] 1408495K->1080813K(4124672K), 0.0092585 secs] [Times: user=0.01 sys=0.00, real=0.01 secs] 
Heap after GC invocations=495399 (full 2):
 par new generation   total 368640K, used 4K [0x00000006c1c00000, 0x00000006dac00000, 0x00000006dac00000)
  eden space 327680K,   0% used [0x00000006c1c00000, 0x00000006c1c00000, 0x00000006d5c00000)
  from space 40960K,   0% used [0x00000006d8400000, 0x00000006d8401020, 0x00000006dac00000)
  to   space 40960K,   0% used [0x00000006d5c00000, 0x00000006d5c00000, 0x00000006d8400000)
 concurrent mark-sweep generation total 3756032K, used 1080809K [0x00000006dac00000, 0x00000007c0000000, 0x00000007c0000000)
 Metaspace       used 42573K, capacity 43892K, committed 44572K, reserved 1087488K
  class space    used 5454K, capacity 5756K, committed 5960K, reserved 1048576K
}
2020-07-01T08:30:26.214+0200: 399980.857: Total time for which application threads were stopped: 0.0096365 seconds, Stopping threads took: 0.0001149 seconds
{Heap before GC invocations=495399 (full 2):
 par new generation   total 368640K, used 327684K [0x00000006c1c00000, 0x00000006dac00000, 0x00000006dac00000)
  eden space 327680K, 100% used [0x00000006c1c00000, 0x00000006d5c00000, 0x00000006d5c00000)
  from space 40960K,   0% used [0x00000006d8400000, 0x00000006d8401020, 0x00000006dac00000)
  to   space 40960K,   0% used [0x00000006d5c00000, 0x00000006d5c00000, 0x00000006d8400000)
 concurrent mark-sweep generation total 3756032K, used 1080809K [0x00000006dac00000, 0x00000007c0000000, 0x00000007c0000000)
 Metaspace       used 42573K, capacity 43892K, committed 44572K, reserved 1087488K
  class space    used 5454K, capacity 5756K, committed 5960K, reserved 1048576K
2020-07-01T08:30:26.479+0200: 399981.122: [GC (Allocation Failure) 2020-07-01T08:30:26.479+0200: 399981.122: [ParNew
Desired survivor size 20971520 bytes, new threshold 1 (max 1)
- age   1:        696 bytes,        696 total
: 327684K->6K(368640K), 0.0146025 secs] 1408493K->1080815K(4124672K), 0.0147169 secs] [Times: user=0.00 sys=0.00, real=0.01 secs] 
Heap after GC invocations=495400 (full 2):
 par new generation   total 368640K, used 6K [0x00000006c1c00000, 0x00000006dac00000, 0x00000006dac00000)
  eden space 327680K,   0% used [0x00000006c1c00000, 0x00000006c1c00000, 0x00000006d5c00000)
  from space 40960K,   0% used [0x00000006d5c00000, 0x00000006d5c01830, 0x00000006d8400000)
  to   space 40960K,   0% used [0x00000006d8400000, 0x00000006d8400000, 0x00000006dac00000)
 concurrent mark-sweep generation total 3756032K, used 1080809K [0x00000006dac00000, 0x00000007c0000000, 0x00000007c0000000)
 Metaspace       used 42573K, capacity 43892K, committed 44572K, reserved 1087488K
  class space    used 5454K, capacity 5756K, committed 5960K, reserved 1048576K
}
2020-07-01T08:30:26.494+0200: 399981.137: Total time for which application threads were stopped: 0.0159908 seconds, Stopping threads took: 0.0010271 seconds
{Heap before GC invocations=495400 (full 2):
 par new generation   total 368640K, used 327686K [0x00000006c1c00000, 0x00000006dac00000, 0x00000006dac00000)
  eden space 327680K, 100% used [0x00000006c1c00000, 0x00000006d5c00000, 0x00000006d5c00000)
  from space 40960K,   0% used [0x00000006d5c00000, 0x00000006d5c01830, 0x00000006d8400000)
  to   space 40960K,   0% used [0x00000006d8400000, 0x00000006d8400000, 0x00000006dac00000)
 concurrent mark-sweep generation total 3756032K, used 1080809K [0x00000006dac00000, 0x00000007c0000000, 0x00000007c0000000)
 Metaspace       used 42573K, capacity 43892K, committed 44572K, reserved 1087488K
  class space    used 5454K, capacity 5756K, committed 5960K, reserved 1048576K
2020-07-01T08:30:26.779+0200: 399981.421: [GC (Allocation Failure) 2020-07-01T08:30:26.779+0200: 399981.421: [ParNew
Desired survivor size 20971520 bytes, new threshold 1 (max 1)
- age   1:        240 bytes,        240 total
: 327686K->4K(368640K), 0.0242784 secs] 1408495K->1080814K(4124672K), 0.0243981 secs] [Times: user=0.00 sys=0.00, real=0.02 secs] 
Heap after GC invocations=495401 (full 2):
 par new generation   total 368640K, used 4K [0x00000006c1c00000, 0x00000006dac00000, 0x00000006dac00000)
  eden space 327680K,   0% used [0x00000006c1c00000, 0x00000006c1c00000, 0x00000006d5c00000)
  from space 40960K,   0% used [0x00000006d8400000, 0x00000006d8401020, 0x00000006dac00000)
  to   space 40960K,   0% used [0x00000006d5c00000, 0x00000006d5c00000, 0x00000006d8400000)
 concurrent mark-sweep generation total 3756032K, used 1080810K [0x00000006dac00000, 0x00000007c0000000, 0x00000007c0000000)
 Metaspace       used 42573K, capacity 43892K, committed 44572K, reserved 1087488K
  class space    used 5454K, capacity 5756K, committed 5960K, reserved 1048576K
}
2020-07-01T08:30:26.803+0200: 399981.446: Total time for which application threads were stopped: 0.0321269 seconds, Stopping threads took: 0.0073873 seconds
{Heap before GC invocations=495401 (full 2):
 par new generation   total 368640K, used 327684K [0x00000006c1c00000, 0x00000006dac00000, 0x00000006dac00000)
  eden space 327680K, 100% used [0x00000006c1c00000, 0x00000006d5c00000, 0x00000006d5c00000)
  from space 40960K,   0% used [0x00000006d8400000, 0x00000006d8401020, 0x00000006dac00000)
  to   space 40960K,   0% used [0x00000006d5c00000, 0x00000006d5c00000, 0x00000006d8400000)
 concurrent mark-sweep generation total 3756032K, used 1080810K [0x00000006dac00000, 0x00000007c0000000, 0x00000007c0000000)
 Metaspace       used 42573K, capacity 43892K, committed 44572K, reserved 1087488K
  class space    used 5454K, capacity 5756K, committed 5960K, reserved 1048576K
2020-07-01T08:30:27.095+0200: 399981.738: [GC (Allocation Failure) 2020-07-01T08:30:27.095+0200: 399981.738: [ParNew
Desired survivor size 20971520 bytes, new threshold 1 (max 1)
- age   1:        304 bytes,        304 total
: 327684K->4K(368640K), 0.0131849 secs] 1408494K->1080814K(4124672K), 0.0132940 secs] [Times: user=0.03 sys=0.00, real=0.02 secs] 
Heap after GC invocations=495402 (full 2):
 par new generation   total 368640K, used 4K [0x00000006c1c00000, 0x00000006dac00000, 0x00000006dac00000)
  eden space 327680K,   0% used [0x00000006c1c00000, 0x00000006c1c00000, 0x00000006d5c00000)
  from space 40960K,   0% used [0x00000006d5c00000, 0x00000006d5c01020, 0x00000006d8400000)
  to   space 40960K,   0% used [0x00000006d8400000, 0x00000006d8400000, 0x00000006dac00000)
 concurrent mark-sweep generation total 3756032K, used 1080810K [0x00000006dac00000, 0x00000007c0000000, 0x00000007c0000000)
 Metaspace       used 42573K, capacity 43892K, committed 44572K, reserved 1087488K
  class space    used 5454K, capacity 5756K, committed 5960K, reserved 1048576K
}
2020-07-01T08:30:27.109+0200: 399981.752: Total time for which application threads were stopped: 0.0141265 seconds, Stopping threads took: 0.0005906 seconds
{Heap before GC invocations=495402 (full 2):
 par new generation   total 368640K, used 327684K [0x00000006c1c00000, 0x00000006dac00000, 0x00000006dac00000)
  eden space 327680K, 100% used [0x00000006c1c00000, 0x00000006d5c00000, 0x00000006d5c00000)
  from space 40960K,   0% used [0x00000006d5c00000, 0x00000006d5c01020, 0x00000006d8400000)
  to   space 40960K,   0% used [0x00000006d8400000, 0x00000006d8400000, 0x00000006dac00000)
 concurrent mark-sweep generation total 3756032K, used 1080810K [0x00000006dac00000, 0x00000007c0000000, 0x00000007c0000000)
 Metaspace       used 42573K, capacity 43892K, committed 44572K, reserved 1087488K
  class space    used 5454K, capacity 5756K, committed 5960K, reserved 1048576K
2020-07-01T08:30:27.396+0200: 399982.039: [GC (Allocation Failure) 2020-07-01T08:30:27.396+0200: 399982.039: [ParNew
Desired survivor size 20971520 bytes, new threshold 1 (max 1)
- age   1:        304 bytes,        304 total
: 327684K->4K(368640K), 0.0134947 secs] 1408494K->1080814K(4124672K), 0.0136001 secs] [Times: user=0.02 sys=0.00, real=0.02 secs] 
Heap after GC invocations=495403 (full 2):
 par new generation   total 368640K, used 4K [0x00000006c1c00000, 0x00000006dac00000, 0x00000006dac00000)
  eden space 327680K,   0% used [0x00000006c1c00000, 0x00000006c1c00000, 0x00000006d5c00000)
  from space 40960K,   0% used [0x00000006d8400000, 0x00000006d8401020, 0x00000006dac00000)
  to   space 40960K,   0% used [0x00000006d5c00000, 0x00000006d5c00000, 0x00000006d8400000)
 concurrent mark-sweep generation total 3756032K, used 1080810K [0x00000006dac00000, 0x00000007c0000000, 0x00000007c0000000)
 Metaspace       used 42573K, capacity 43892K, committed 44572K, reserved 1087488K
  class space    used 5454K, capacity 5756K, committed 5960K, reserved 1048576K
}
2020-07-01T08:30:27.410+0200: 399982.053: Total time for which application threads were stopped: 0.0139073 seconds, Stopping threads took: 0.0000532 seconds
{Heap before GC invocations=495403 (full 2):
 par new generation   total 368640K, used 327684K [0x00000006c1c00000, 0x00000006dac00000, 0x00000006dac00000)
  eden space 327680K, 100% used [0x00000006c1c00000, 0x00000006d5c00000, 0x00000006d5c00000)
  from space 40960K,   0% used [0x00000006d8400000, 0x00000006d8401020, 0x00000006dac00000)
  to   space 40960K,   0% used [0x00000006d5c00000, 0x00000006d5c00000, 0x00000006d8400000)
 concurrent mark-sweep generation total 3756032K, used 1080810K [0x00000006dac00000, 0x00000007c0000000, 0x00000007c0000000)
 Metaspace       used 42573K, capacity 43892K, committed 44572K, reserved 1087488K
  class space    used 5454K, capacity 5756K, committed 5960K, reserved 1048576K
2020-07-01T08:30:27.840+0200: 399982.482: [GC (Allocation Failure) 2020-07-01T08:30:27.849+0200: 399982.492: [ParNew
Desired survivor size 20971520 bytes, new threshold 1 (max 1)
- age   1:        504 bytes,        504 total
: 327684K->2K(368640K), 0.0322185 secs] 1408494K->1080812K(4124672K), 0.0414257 secs] [Times: user=0.02 sys=0.00, real=0.04 secs] 
Heap after GC invocations=495404 (full 2):
 par new generation   total 368640K, used 2K [0x00000006c1c00000, 0x00000006dac00000, 0x00000006dac00000)
  eden space 327680K,   0% used [0x00000006c1c00000, 0x00000006c1c00000, 0x00000006d5c00000)
  from space 40960K,   0% used [0x00000006d5c00000, 0x00000006d5c00810, 0x00000006d8400000)
  to   space 40960K,   0% used [0x00000006d8400000, 0x00000006d8400000, 0x00000006dac00000)
 concurrent mark-sweep generation total 3756032K, used 1080810K [0x00000006dac00000, 0x00000007c0000000, 0x00000007c0000000)
 Metaspace       used 42573K, capacity 43892K, committed 44572K, reserved 1087488K
  class space    used 5454K, capacity 5756K, committed 5960K, reserved 1048576K
}
2020-07-01T08:30:27.881+0200: 399982.524: Total time for which application threads were stopped: 0.0419061 seconds, Stopping threads took: 0.0000489 seconds
{Heap before GC invocations=495404 (full 2):
 par new generation   total 368640K, used 327682K [0x00000006c1c00000, 0x00000006dac00000, 0x00000006dac00000)
  eden space 327680K, 100% used [0x00000006c1c00000, 0x00000006d5c00000, 0x00000006d5c00000)
  from space 40960K,   0% used [0x00000006d5c00000, 0x00000006d5c00810, 0x00000006d8400000)
  to   space 40960K,   0% used [0x00000006d8400000, 0x00000006d8400000, 0x00000006dac00000)
 concurrent mark-sweep generation total 3756032K, used 1080810K [0x00000006dac00000, 0x00000007c0000000, 0x00000007c0000000)
 Metaspace       used 42573K, capacity 43892K, committed 44572K, reserved 1087488K
  class space    used 5454K, capacity 5756K, committed 5960K, reserved 1048576K
2020-07-01T08:30:28.176+0200: 399982.819: [GC (Allocation Failure) 2020-07-01T08:30:28.176+0200: 399982.819: [ParNew
Desired survivor size 20971520 bytes, new threshold 1 (max 1)
- age   1:        304 bytes,        304 total
: 327682K->4K(368640K), 0.0095776 secs] 1408492K->1080814K(4124672K), 0.0096981 secs] [Times: user=0.03 sys=0.00, real=0.01 secs] 
Heap after GC invocations=495405 (full 2):
 par new generation   total 368640K, used 4K [0x00000006c1c00000, 0x00000006dac00000, 0x00000006dac00000)
  eden space 327680K,   0% used [0x00000006c1c00000, 0x00000006c1c00000, 0x00000006d5c00000)
  from space 40960K,   0% used [0x00000006d8400000, 0x00000006d8401020, 0x00000006dac00000)
  to   space 40960K,   0% used [0x00000006d5c00000, 0x00000006d5c00000, 0x00000006d8400000)
 concurrent mark-sweep generation total 3756032K, used 1080810K [0x00000006dac00000, 0x00000007c0000000, 0x00000007c0000000)
 Metaspace       used 42573K, capacity 43892K, committed 44572K, reserved 1087488K
  class space    used 5454K, capacity 5756K, committed 5960K, reserved 1048576K
}
2020-07-01T08:30:28.186+0200: 399982.829: Total time for which application threads were stopped: 0.0101253 seconds, Stopping threads took: 0.0001192 seconds
{Heap before GC invocations=495405 (full 2):
 par new generation   total 368640K, used 327684K [0x00000006c1c00000, 0x00000006dac00000, 0x00000006dac00000)
  eden space 327680K, 100% used [0x00000006c1c00000, 0x00000006d5c00000, 0x00000006d5c00000)
  from space 40960K,   0% used [0x00000006d8400000, 0x00000006d8401020, 0x00000006dac00000)
  to   space 40960K,   0% used [0x00000006d5c00000, 0x00000006d5c00000, 0x00000006d8400000)
 concurrent mark-sweep generation total 3756032K, used 1080810K [0x00000006dac00000, 0x00000007c0000000, 0x00000007c0000000)
 Metaspace       used 42573K, capacity 43892K, committed 44572K, reserved 1087488K
  class space    used 5454K, capacity 5756K, committed 5960K, reserved 1048576K
2020-07-01T08:30:28.475+0200: 399983.118: [GC (Allocation Failure) 2020-07-01T08:30:28.475+0200: 399983.118: [ParNew
Desired survivor size 20971520 bytes, new threshold 1 (max 1)
- age   1:        240 bytes,        240 total
: 327684K->4K(368640K), 0.0202261 secs] 1408494K->1080814K(4124672K), 0.0203291 secs] [Times: user=0.01 sys=0.01, real=0.02 secs] 
Heap after GC invocations=495406 (full 2):
 par new generation   total 368640K, used 4K [0x00000006c1c00000, 0x00000006dac00000, 0x00000006dac00000)
  eden space 327680K,   0% used [0x00000006c1c00000, 0x00000006c1c00000, 0x00000006d5c00000)
  from space 40960K,   0% used [0x00000006d5c00000, 0x00000006d5c01020, 0x00000006d8400000)
  to   space 40960K,   0% used [0x00000006d8400000, 0x00000006d8400000, 0x00000006dac00000)
 concurrent mark-sweep generation total 3756032K, used 1080810K [0x00000006dac00000, 0x00000007c0000000, 0x00000007c0000000)
 Metaspace       used 42573K, capacity 43892K, committed 44572K, reserved 1087488K
  class space    used 5454K, capacity 5756K, committed 5960K, reserved 1048576K
}
2020-07-01T08:30:28.495+0200: 399983.138: Total time for which application threads were stopped: 0.0208252 seconds, Stopping threads took: 0.0000463 seconds
{Heap before GC invocations=495406 (full 2):
 par new generation   total 368640K, used 327684K [0x00000006c1c00000, 0x00000006dac00000, 0x00000006dac00000)
  eden space 327680K, 100% used [0x00000006c1c00000, 0x00000006d5c00000, 0x00000006d5c00000)
  from space 40960K,   0% used [0x00000006d5c00000, 0x00000006d5c01020, 0x00000006d8400000)
  to   space 40960K,   0% used [0x00000006d8400000, 0x00000006d8400000, 0x00000006dac00000)
 concurrent mark-sweep generation total 3756032K, used 1080810K [0x00000006dac00000, 0x00000007c0000000, 0x00000007c0000000)
 Metaspace       used 42573K, capacity 43892K, committed 44572K, reserved 1087488K
  class space    used 5454K, capacity 5756K, committed 5960K, reserved 1048576K
2020-07-01T08:30:28.830+0200: 399983.472: [GC (Allocation Failure) 2020-07-01T08:30:28.830+0200: 399983.472: [ParNew
Desired survivor size 20971520 bytes, new threshold 1 (max 1)
- age   1:        240 bytes,        240 total
: 327684K->4K(368640K), 0.0279272 secs] 1408494K->1080814K(4124672K), 0.0280360 secs] [Times: user=0.02 sys=0.00, real=0.02 secs] 
Heap after GC invocations=495407 (full 2):
 par new generation   total 368640K, used 4K [0x00000006c1c00000, 0x00000006dac00000, 0x00000006dac00000)
  eden space 327680K,   0% used [0x00000006c1c00000, 0x00000006c1c00000, 0x00000006d5c00000)
  from space 40960K,   0% used [0x00000006d8400000, 0x00000006d8401020, 0x00000006dac00000)
  to   space 40960K,   0% used [0x00000006d5c00000, 0x00000006d5c00000, 0x00000006d8400000)
 concurrent mark-sweep generation total 3756032K, used 1080810K [0x00000006dac00000, 0x00000007c0000000, 0x00000007c0000000)
 Metaspace       used 42573K, capacity 43892K, committed 44572K, reserved 1087488K
  class space    used 5454K, capacity 5756K, committed 5960K, reserved 1048576K
}
2020-07-01T08:30:28.858+0200: 399983.500: Total time for which application threads were stopped: 0.0283329 seconds, Stopping threads took: 0.0000486 seconds
{Heap before GC invocations=495407 (full 2):
 par new generation   total 368640K, used 327684K [0x00000006c1c00000, 0x00000006dac00000, 0x00000006dac00000)
  eden space 327680K, 100% used [0x00000006c1c00000, 0x00000006d5c00000, 0x00000006d5c00000)
  from space 40960K,   0% used [0x00000006d8400000, 0x00000006d8401020, 0x00000006dac00000)
  to   space 40960K,   0% used [0x00000006d5c00000, 0x00000006d5c00000, 0x00000006d8400000)
 concurrent mark-sweep generation total 3756032K, used 1080810K [0x00000006dac00000, 0x00000007c0000000, 0x00000007c0000000)
 Metaspace       used 42573K, capacity 43892K, committed 44572K, reserved 1087488K
  class space    used 5454K, capacity 5756K, committed 5960K, reserved 1048576K
2020-07-01T08:30:29.141+0200: 399983.784: [GC (Allocation Failure) 2020-07-01T08:30:29.141+0200: 399983.784: [ParNew
Desired survivor size 20971520 bytes, new threshold 1 (max 1)
- age   1:        240 bytes,        240 total
: 327684K->6K(368640K), 0.0073172 secs] 1408494K->1080816K(4124672K), 0.0074552 secs] [Times: user=0.00 sys=0.00, real=0.01 secs] 
Heap after GC invocations=495408 (full 2):
 par new generation   total 368640K, used 6K [0x00000006c1c00000, 0x00000006dac00000, 0x00000006dac00000)
  eden space 327680K,   0% used [0x00000006c1c00000, 0x00000006c1c00000, 0x00000006d5c00000)
  from space 40960K,   0% used [0x00000006d5c00000, 0x00000006d5c01830, 0x00000006d8400000)
  to   space 40960K,   0% used [0x00000006d8400000, 0x00000006d8400000, 0x00000006dac00000)
 concurrent mark-sweep generation total 3756032K, used 1080810K [0x00000006dac00000, 0x00000007c0000000, 0x00000007c0000000)
 Metaspace       used 42573K, capacity 43892K, committed 44572K, reserved 1087488K
  class space    used 5454K, capacity 5756K, committed 5960K, reserved 1048576K
}
2020-07-01T08:30:29.148+0200: 399983.791: Total time for which application threads were stopped: 0.0077964 seconds, Stopping threads took: 0.0000530 seconds
{Heap before GC invocations=495408 (full 2):
 par new generation   total 368640K, used 327686K [0x00000006c1c00000, 0x00000006dac00000, 0x00000006dac00000)
  eden space 327680K, 100% used [0x00000006c1c00000, 0x00000006d5c00000, 0x00000006d5c00000)
  from space 40960K,   0% used [0x00000006d5c00000, 0x00000006d5c01830, 0x00000006d8400000)
  to   space 40960K,   0% used [0x00000006d8400000, 0x00000006d8400000, 0x00000006dac00000)
 concurrent mark-sweep generation total 3756032K, used 1080810K [0x00000006dac00000, 0x00000007c0000000, 0x00000007c0000000)
 Metaspace       used 42573K, capacity 43892K, committed 44572K, reserved 1087488K
  class space    used 5454K, capacity 5756K, committed 5960K, reserved 1048576K
2020-07-01T08:30:29.455+0200: 399984.098: [GC (Allocation Failure) 2020-07-01T08:30:29.455+0200: 399984.098: [ParNew
Desired survivor size 20971520 bytes, new threshold 1 (max 1)
- age   1:        304 bytes,        304 total
: 327686K->4K(368640K), 0.0188559 secs] 1408496K->1080814K(4124672K), 0.0189810 secs] [Times: user=0.03 sys=0.00, real=0.02 secs] 
Heap after GC invocations=495409 (full 2):
 par new generation   total 368640K, used 4K [0x00000006c1c00000, 0x00000006dac00000, 0x00000006dac00000)
  eden space 327680K,   0% used [0x00000006c1c00000, 0x00000006c1c00000, 0x00000006d5c00000)
  from space 40960K,   0% used [0x00000006d8400000, 0x00000006d8401020, 0x00000006dac00000)
  to   space 40960K,   0% used [0x00000006d5c00000, 0x00000006d5c00000, 0x00000006d8400000)
 concurrent mark-sweep generation total 3756032K, used 1080810K [0x00000006dac00000, 0x00000007c0000000, 0x00000007c0000000)
 Metaspace       used 42573K, capacity 43892K, committed 44572K, reserved 1087488K
  class space    used 5454K, capacity 5756K, committed 5960K, reserved 1048576K
}
2020-07-01T08:30:29.474+0200: 399984.117: Total time for which application threads were stopped: 0.0193649 seconds, Stopping threads took: 0.0000513 seconds
{Heap before GC invocations=495409 (full 2):
 par new generation   total 368640K, used 327684K [0x00000006c1c00000, 0x00000006dac00000, 0x00000006dac00000)
  eden space 327680K, 100% used [0x00000006c1c00000, 0x00000006d5c00000, 0x00000006d5c00000)
  from space 40960K,   0% used [0x00000006d8400000, 0x00000006d8401020, 0x00000006dac00000)
  to   space 40960K,   0% used [0x00000006d5c00000, 0x00000006d5c00000, 0x00000006d8400000)
 concurrent mark-sweep generation total 3756032K, used 1080810K [0x00000006dac00000, 0x00000007c0000000, 0x00000007c0000000)
 Metaspace       used 42573K, capacity 43892K, committed 44572K, reserved 1087488K
  class space    used 5454K, capacity 5756K, committed 5960K, reserved 1048576K
2020-07-01T08:30:29.800+0200: 399984.443: [GC (Allocation Failure) 2020-07-01T08:30:29.800+0200: 399984.443: [ParNew
Desired survivor size 20971520 bytes, new threshold 1 (max 1)
- age   1:        272 bytes,        272 total
: 327684K->2K(368640K), 0.0326447 secs] 1408494K->1080812K(4124672K), 0.0327925 secs] [Times: user=0.01 sys=0.00, real=0.03 secs] 
Heap after GC invocations=495410 (full 2):
 par new generation   total 368640K, used 2K [0x00000006c1c00000, 0x00000006dac00000, 0x00000006dac00000)
  eden space 327680K,   0% used [0x00000006c1c00000, 0x00000006c1c00000, 0x00000006d5c00000)
  from space 40960K,   0% used [0x00000006d5c00000, 0x00000006d5c00810, 0x00000006d8400000)
  to   space 40960K,   0% used [0x00000006d8400000, 0x00000006d8400000, 0x00000006dac00000)
 concurrent mark-sweep generation total 3756032K, used 1080810K [0x00000006dac00000, 0x00000007c0000000, 0x00000007c0000000)
 Metaspace       used 42573K, capacity 43892K, committed 44572K, reserved 1087488K
  class space    used 5454K, capacity 5756K, committed 5960K, reserved 1048576K
}
2020-07-01T08:30:29.833+0200: 399984.476: Total time for which application threads were stopped: 0.0330891 seconds, Stopping threads took: 0.0000482 seconds
{Heap before GC invocations=495410 (full 2):
 par new generation   total 368640K, used 327682K [0x00000006c1c00000, 0x00000006dac00000, 0x00000006dac00000)
  eden space 327680K, 100% used [0x00000006c1c00000, 0x00000006d5c00000, 0x00000006d5c00000)
  from space 40960K,   0% used [0x00000006d5c00000, 0x00000006d5c00810, 0x00000006d8400000)
  to   space 40960K,   0% used [0x00000006d8400000, 0x00000006d8400000, 0x00000006dac00000)
 concurrent mark-sweep generation total 3756032K, used 1080810K [0x00000006dac00000, 0x00000007c0000000, 0x00000007c0000000)
 Metaspace       used 42573K, capacity 43892K, committed 44572K, reserved 1087488K
  class space    used 5454K, capacity 5756K, committed 5960K, reserved 1048576K
2020-07-01T08:30:30.116+0200: 399984.759: [GC (Allocation Failure) 2020-07-01T08:30:30.116+0200: 399984.759: [ParNew
Desired survivor size 20971520 bytes, new threshold 1 (max 1)
- age   1:        240 bytes,        240 total
: 327682K->4K(368640K), 0.0164241 secs] 1408492K->1080814K(4124672K), 0.0165279 secs] [Times: user=0.00 sys=0.00, real=0.02 secs] 
Heap after GC invocations=495411 (full 2):
 par new generation   total 368640K, used 4K [0x00000006c1c00000, 0x00000006dac00000, 0x00000006dac00000)
  eden space 327680K,   0% used [0x00000006c1c00000, 0x00000006c1c00000, 0x00000006d5c00000)
  from space 40960K,   0% used [0x00000006d8400000, 0x00000006d8401020, 0x00000006dac00000)
  to   space 40960K,   0% used [0x00000006d5c00000, 0x00000006d5c00000, 0x00000006d8400000)
 concurrent mark-sweep generation total 3756032K, used 1080810K [0x00000006dac00000, 0x00000007c0000000, 0x00000007c0000000)
 Metaspace       used 42573K, capacity 43892K, committed 44572K, reserved 1087488K
  class space    used 5454K, capacity 5756K, committed 5960K, reserved 1048576K
}
2020-07-01T08:30:30.132+0200: 399984.775: Total time for which application threads were stopped: 0.0168121 seconds, Stopping threads took: 0.0000502 seconds
{Heap before GC invocations=495411 (full 2):
 par new generation   total 368640K, used 327684K [0x00000006c1c00000, 0x00000006dac00000, 0x00000006dac00000)
  eden space 327680K, 100% used [0x00000006c1c00000, 0x00000006d5c00000, 0x00000006d5c00000)
  from space 40960K,   0% used [0x00000006d8400000, 0x00000006d8401020, 0x00000006dac00000)
  to   space 40960K,   0% used [0x00000006d5c00000, 0x00000006d5c00000, 0x00000006d8400000)
 concurrent mark-sweep generation total 3756032K, used 1080810K [0x00000006dac00000, 0x00000007c0000000, 0x00000007c0000000)
 Metaspace       used 42573K, capacity 43892K, committed 44572K, reserved 1087488K
  class space    used 5454K, capacity 5756K, committed 5960K, reserved 1048576K
2020-07-01T08:30:30.415+0200: 399985.058: [GC (Allocation Failure) 2020-07-01T08:30:30.415+0200: 399985.058: [ParNew
Desired survivor size 20971520 bytes, new threshold 1 (max 1)
- age   1:        304 bytes,        304 total
: 327684K->4K(368640K), 0.0133612 secs] 1408494K->1080814K(4124672K), 0.0134685 secs] [Times: user=0.03 sys=0.00, real=0.02 secs] 
Heap after GC invocations=495412 (full 2):
 par new generation   total 368640K, used 4K [0x00000006c1c00000, 0x00000006dac00000, 0x00000006dac00000)
  eden space 327680K,   0% used [0x00000006c1c00000, 0x00000006c1c00000, 0x00000006d5c00000)
  from space 40960K,   0% used [0x00000006d5c00000, 0x00000006d5c01020, 0x00000006d8400000)
  to   space 40960K,   0% used [0x00000006d8400000, 0x00000006d8400000, 0x00000006dac00000)
 concurrent mark-sweep generation total 3756032K, used 1080810K [0x00000006dac00000, 0x00000007c0000000, 0x00000007c0000000)
 Metaspace       used 42573K, capacity 43892K, committed 44572K, reserved 1087488K
  class space    used 5454K, capacity 5756K, committed 5960K, reserved 1048576K
}
2020-07-01T08:30:30.428+0200: 399985.071: Total time for which application threads were stopped: 0.0137579 seconds, Stopping threads took: 0.0000568 seconds
{Heap before GC invocations=495412 (full 2):
 par new generation   total 368640K, used 327684K [0x00000006c1c00000, 0x00000006dac00000, 0x00000006dac00000)
  eden space 327680K, 100% used [0x00000006c1c00000, 0x00000006d5c00000, 0x00000006d5c00000)
  from space 40960K,   0% used [0x00000006d5c00000, 0x00000006d5c01020, 0x00000006d8400000)
  to   space 40960K,   0% used [0x00000006d8400000, 0x00000006d8400000, 0x00000006dac00000)
 concurrent mark-sweep generation total 3756032K, used 1080810K [0x00000006dac00000, 0x00000007c0000000, 0x00000007c0000000)
 Metaspace       used 42573K, capacity 43892K, committed 44572K, reserved 1087488K
  class space    used 5454K, capacity 5756K, committed 5960K, reserved 1048576K
2020-07-01T08:30:30.762+0200: 399985.405: [GC (Allocation Failure) 2020-07-01T08:30:30.762+0200: 399985.405: [ParNew
Desired survivor size 20971520 bytes, new threshold 1 (max 1)
- age   1:        240 bytes,        240 total
: 327684K->2K(368640K), 0.0312548 secs] 1408494K->1080812K(4124672K), 0.0313679 secs] [Times: user=0.01 sys=0.00, real=0.03 secs] 
Heap after GC invocations=495413 (full 2):
 par new generation   total 368640K, used 2K [0x00000006c1c00000, 0x00000006dac00000, 0x00000006dac00000)
  eden space 327680K,   0% used [0x00000006c1c00000, 0x00000006c1c00000, 0x00000006d5c00000)
  from space 40960K,   0% used [0x00000006d8400000, 0x00000006d8400810, 0x00000006dac00000)
  to   space 40960K,   0% used [0x00000006d5c00000, 0x00000006d5c00000, 0x00000006d8400000)
 concurrent mark-sweep generation total 3756032K, used 1080810K [0x00000006dac00000, 0x00000007c0000000, 0x00000007c0000000)
 Metaspace       used 42573K, capacity 43892K, committed 44572K, reserved 1087488K
  class space    used 5454K, capacity 5756K, committed 5960K, reserved 1048576K
}
2020-07-01T08:30:30.794+0200: 399985.437: Total time for which application threads were stopped: 0.0341495 seconds, Stopping threads took: 0.0025137 seconds
{Heap before GC invocations=495413 (full 2):
 par new generation   total 368640K, used 327682K [0x00000006c1c00000, 0x00000006dac00000, 0x00000006dac00000)
  eden space 327680K, 100% used [0x00000006c1c00000, 0x00000006d5c00000, 0x00000006d5c00000)
  from space 40960K,   0% used [0x00000006d8400000, 0x00000006d8400810, 0x00000006dac00000)
  to   space 40960K,   0% used [0x00000006d5c00000, 0x00000006d5c00000, 0x00000006d8400000)
 concurrent mark-sweep generation total 3756032K, used 1080810K [0x00000006dac00000, 0x00000007c0000000, 0x00000007c0000000)
 Metaspace       used 42573K, capacity 43892K, committed 44572K, reserved 1087488K
  class space    used 5454K, capacity 5756K, committed 5960K, reserved 1048576K
2020-07-01T08:30:31.095+0200: 399985.738: [GC (Allocation Failure) 2020-07-01T08:30:31.095+0200: 399985.738: [ParNew
Desired survivor size 20971520 bytes, new threshold 1 (max 1)
- age   1:        240 bytes,        240 total
: 327682K->2K(368640K), 0.0265257 secs] 1408492K->1080812K(4124672K), 0.0266473 secs] [Times: user=0.00 sys=0.00, real=0.03 secs] 
Heap after GC invocations=495414 (full 2):
 par new generation   total 368640K, used 2K [0x00000006c1c00000, 0x00000006dac00000, 0x00000006dac00000)
  eden space 327680K,   0% used [0x00000006c1c00000, 0x00000006c1c00000, 0x00000006d5c00000)
  from space 40960K,   0% used [0x00000006d5c00000, 0x00000006d5c00810, 0x00000006d8400000)
  to   space 40960K,   0% used [0x00000006d8400000, 0x00000006d8400000, 0x00000006dac00000)
 concurrent mark-sweep generation total 3756032K, used 1080810K [0x00000006dac00000, 0x00000007c0000000, 0x00000007c0000000)
 Metaspace       used 42573K, capacity 43892K, committed 44572K, reserved 1087488K
  class space    used 5454K, capacity 5756K, committed 5960K, reserved 1048576K
}
2020-07-01T08:30:31.122+0200: 399985.765: Total time for which application threads were stopped: 0.0269308 seconds, Stopping threads took: 0.0000513 seconds
{Heap before GC invocations=495414 (full 2):
 par new generation   total 368640K, used 327682K [0x00000006c1c00000, 0x00000006dac00000, 0x00000006dac00000)
  eden space 327680K, 100% used [0x00000006c1c00000, 0x00000006d5c00000, 0x00000006d5c00000)
  from space 40960K,   0% used [0x00000006d5c00000, 0x00000006d5c00810, 0x00000006d8400000)
  to   space 40960K,   0% used [0x00000006d8400000, 0x00000006d8400000, 0x00000006dac00000)
 concurrent mark-sweep generation total 3756032K, used 1080810K [0x00000006dac00000, 0x00000007c0000000, 0x00000007c0000000)
 Metaspace       used 42573K, capacity 43892K, committed 44572K, reserved 1087488K
  class space    used 5454K, capacity 5756K, committed 5960K, reserved 1048576K
2020-07-01T08:30:31.445+0200: 399986.088: [GC (Allocation Failure) 2020-07-01T08:30:31.445+0200: 399986.088: [ParNew
Desired survivor size 20971520 bytes, new threshold 1 (max 1)
- age   1:        304 bytes,        304 total
: 327682K->2K(368640K), 0.0218058 secs] 1408492K->1080812K(4124672K), 0.0219321 secs] [Times: user=0.02 sys=0.00, real=0.02 secs] 
Heap after GC invocations=495415 (full 2):
 par new generation   total 368640K, used 2K [0x00000006c1c00000, 0x00000006dac00000, 0x00000006dac00000)
  eden space 327680K,   0% used [0x00000006c1c00000, 0x00000006c1c00000, 0x00000006d5c00000)
  from space 40960K,   0% used [0x00000006d8400000, 0x00000006d8400810, 0x00000006dac00000)
  to   space 40960K,   0% used [0x00000006d5c00000, 0x00000006d5c00000, 0x00000006d8400000)
 concurrent mark-sweep generation total 3756032K, used 1080810K [0x00000006dac00000, 0x00000007c0000000, 0x00000007c0000000)
 Metaspace       used 42573K, capacity 43892K, committed 44572K, reserved 1087488K
  class space    used 5454K, capacity 5756K, committed 5960K, reserved 1048576K
}
2020-07-01T08:30:31.467+0200: 399986.110: Total time for which application threads were stopped: 0.0222333 seconds, Stopping threads took: 0.0000617 seconds
{Heap before GC invocations=495415 (full 2):
 par new generation   total 368640K, used 327682K [0x00000006c1c00000, 0x00000006dac00000, 0x00000006dac00000)
  eden space 327680K, 100% used [0x00000006c1c00000, 0x00000006d5c00000, 0x00000006d5c00000)
  from space 40960K,   0% used [0x00000006d8400000, 0x00000006d8400810, 0x00000006dac00000)
  to   space 40960K,   0% used [0x00000006d5c00000, 0x00000006d5c00000, 0x00000006d8400000)
 concurrent mark-sweep generation total 3756032K, used 1080810K [0x00000006dac00000, 0x00000007c0000000, 0x00000007c0000000)
 Metaspace       used 42573K, capacity 43892K, committed 44572K, reserved 1087488K
  class space    used 5454K, capacity 5756K, committed 5960K, reserved 1048576K
2020-07-01T08:30:31.764+0200: 399986.407: [GC (Allocation Failure) 2020-07-01T08:30:31.764+0200: 399986.407: [ParNew
Desired survivor size 20971520 bytes, new threshold 1 (max 1)
- age   1:        240 bytes,        240 total
: 327682K->4K(368640K), 0.0150434 secs] 1408492K->1080814K(4124672K), 0.0151509 secs] [Times: user=0.00 sys=0.02, real=0.02 secs] 
Heap after GC invocations=495416 (full 2):
 par new generation   total 368640K, used 4K [0x00000006c1c00000, 0x00000006dac00000, 0x00000006dac00000)
  eden space 327680K,   0% used [0x00000006c1c00000, 0x00000006c1c00000, 0x00000006d5c00000)
  from space 40960K,   0% used [0x00000006d5c00000, 0x00000006d5c01020, 0x00000006d8400000)
  to   space 40960K,   0% used [0x00000006d8400000, 0x00000006d8400000, 0x00000006dac00000)
 concurrent mark-sweep generation total 3756032K, used 1080810K [0x00000006dac00000, 0x00000007c0000000, 0x00000007c0000000)
 Metaspace       used 42573K, capacity 43892K, committed 44572K, reserved 1087488K
  class space    used 5454K, capacity 5756K, committed 5960K, reserved 1048576K
}
2020-07-01T08:30:31.780+0200: 399986.422: Total time for which application threads were stopped: 0.0165590 seconds, Stopping threads took: 0.0011644 seconds
{Heap before GC invocations=495416 (full 2):
 par new generation   total 368640K, used 327684K [0x00000006c1c00000, 0x00000006dac00000, 0x00000006dac00000)
  eden space 327680K, 100% used [0x00000006c1c00000, 0x00000006d5c00000, 0x00000006d5c00000)
  from space 40960K,   0% used [0x00000006d5c00000, 0x00000006d5c01020, 0x00000006d8400000)
  to   space 40960K,   0% used [0x00000006d8400000, 0x00000006d8400000, 0x00000006dac00000)
 concurrent mark-sweep generation total 3756032K, used 1080810K [0x00000006dac00000, 0x00000007c0000000, 0x00000007c0000000)
 Metaspace       used 42573K, capacity 43892K, committed 44572K, reserved 1087488K
  class space    used 5454K, capacity 5756K, committed 5960K, reserved 1048576K
2020-07-01T08:30:32.086+0200: 399986.729: [GC (Allocation Failure) 2020-07-01T08:30:32.086+0200: 399986.729: [ParNew
Desired survivor size 20971520 bytes, new threshold 1 (max 1)
- age   1:        272 bytes,        272 total
: 327684K->4K(368640K), 0.0113468 secs] 1408494K->1080814K(4124672K), 0.0114799 secs] [Times: user=0.02 sys=0.00, real=0.01 secs] 
Heap after GC invocations=495417 (full 2):
 par new generation   total 368640K, used 4K [0x00000006c1c00000, 0x00000006dac00000, 0x00000006dac00000)
  eden space 327680K,   0% used [0x00000006c1c00000, 0x00000006c1c00000, 0x00000006d5c00000)
  from space 40960K,   0% used [0x00000006d8400000, 0x00000006d8401020, 0x00000006dac00000)
  to   space 40960K,   0% used [0x00000006d5c00000, 0x00000006d5c00000, 0x00000006d8400000)
 concurrent mark-sweep generation total 3756032K, used 1080810K [0x00000006dac00000, 0x00000007c0000000, 0x00000007c0000000)
 Metaspace       used 42573K, capacity 43892K, committed 44572K, reserved 1087488K
  class space    used 5454K, capacity 5756K, committed 5960K, reserved 1048576K
}
2020-07-01T08:30:32.097+0200: 399986.740: Total time for which application threads were stopped: 0.0117601 seconds, Stopping threads took: 0.0000484 seconds
{Heap before GC invocations=495417 (full 2):
 par new generation   total 368640K, used 327684K [0x00000006c1c00000, 0x00000006dac00000, 0x00000006dac00000)
  eden space 327680K, 100% used [0x00000006c1c00000, 0x00000006d5c00000, 0x00000006d5c00000)
  from space 40960K,   0% used [0x00000006d8400000, 0x00000006d8401020, 0x00000006dac00000)
  to   space 40960K,   0% used [0x00000006d5c00000, 0x00000006d5c00000, 0x00000006d8400000)
 concurrent mark-sweep generation total 3756032K, used 1080810K [0x00000006dac00000, 0x00000007c0000000, 0x00000007c0000000)
 Metaspace       used 42573K, capacity 43892K, committed 44572K, reserved 1087488K
  class space    used 5454K, capacity 5756K, committed 5960K, reserved 1048576K
2020-07-01T08:30:32.409+0200: 399987.052: [GC (Allocation Failure) 2020-07-01T08:30:32.409+0200: 399987.052: [ParNew
Desired survivor size 20971520 bytes, new threshold 1 (max 1)
- age   1:        304 bytes,        304 total
: 327684K->2K(368640K), 0.0130191 secs] 1408494K->1080812K(4124672K), 0.0131311 secs] [Times: user=0.03 sys=0.00, real=0.01 secs] 
Heap after GC invocations=495418 (full 2):
 par new generation   total 368640K, used 2K [0x00000006c1c00000, 0x00000006dac00000, 0x00000006dac00000)
  eden space 327680K,   0% used [0x00000006c1c00000, 0x00000006c1c00000, 0x00000006d5c00000)
  from space 40960K,   0% used [0x00000006d5c00000, 0x00000006d5c00810, 0x00000006d8400000)
  to   space 40960K,   0% used [0x00000006d8400000, 0x00000006d8400000, 0x00000006dac00000)
 concurrent mark-sweep generation total 3756032K, used 1080810K [0x00000006dac00000, 0x00000007c0000000, 0x00000007c0000000)
 Metaspace       used 42573K, capacity 43892K, committed 44572K, reserved 1087488K
  class space    used 5454K, capacity 5756K, committed 5960K, reserved 1048576K
}
2020-07-01T08:30:32.423+0200: 399987.065: Total time for which application threads were stopped: 0.0144221 seconds, Stopping threads took: 0.0010290 seconds
{Heap before GC invocations=495418 (full 2):
 par new generation   total 368640K, used 327682K [0x00000006c1c00000, 0x00000006dac00000, 0x00000006dac00000)
  eden space 327680K, 100% used [0x00000006c1c00000, 0x00000006d5c00000, 0x00000006d5c00000)
  from space 40960K,   0% used [0x00000006d5c00000, 0x00000006d5c00810, 0x00000006d8400000)
  to   space 40960K,   0% used [0x00000006d8400000, 0x00000006d8400000, 0x00000006dac00000)
 concurrent mark-sweep generation total 3756032K, used 1080810K [0x00000006dac00000, 0x00000007c0000000, 0x00000007c0000000)
 Metaspace       used 42573K, capacity 43892K, committed 44572K, reserved 1087488K
  class space    used 5454K, capacity 5756K, committed 5960K, reserved 1048576K
2020-07-01T08:30:32.723+0200: 399987.365: [GC (Allocation Failure) 2020-07-01T08:30:32.723+0200: 399987.366: [ParNew
Desired survivor size 20971520 bytes, new threshold 1 (max 1)
- age   1:        240 bytes,        240 total
: 327682K->2K(368640K), 0.0261381 secs] 1408492K->1080812K(4124672K), 0.0262454 secs] [Times: user=0.02 sys=0.00, real=0.03 secs] 
Heap after GC invocations=495419 (full 2):
 par new generation   total 368640K, used 2K [0x00000006c1c00000, 0x00000006dac00000, 0x00000006dac00000)
  eden space 327680K,   0% used [0x00000006c1c00000, 0x00000006c1c00000, 0x00000006d5c00000)
  from space 40960K,   0% used [0x00000006d8400000, 0x00000006d8400810, 0x00000006dac00000)
  to   space 40960K,   0% used [0x00000006d5c00000, 0x00000006d5c00000, 0x00000006d8400000)
 concurrent mark-sweep generation total 3756032K, used 1080810K [0x00000006dac00000, 0x00000007c0000000, 0x00000007c0000000)
 Metaspace       used 42573K, capacity 43892K, committed 44572K, reserved 1087488K
  class space    used 5454K, capacity 5756K, committed 5960K, reserved 1048576K
}
2020-07-01T08:30:32.749+0200: 399987.392: Total time for which application threads were stopped: 0.0305007 seconds, Stopping threads took: 0.0040057 seconds
{Heap before GC invocations=495419 (full 2):
 par new generation   total 368640K, used 327682K [0x00000006c1c00000, 0x00000006dac00000, 0x00000006dac00000)
  eden space 327680K, 100% used [0x00000006c1c00000, 0x00000006d5c00000, 0x00000006d5c00000)
  from space 40960K,   0% used [0x00000006d8400000, 0x00000006d8400810, 0x00000006dac00000)
  to   space 40960K,   0% used [0x00000006d5c00000, 0x00000006d5c00000, 0x00000006d8400000)
 concurrent mark-sweep generation total 3756032K, used 1080810K [0x00000006dac00000, 0x00000007c0000000, 0x00000007c0000000)
 Metaspace       used 42573K, capacity 43892K, committed 44572K, reserved 1087488K
  class space    used 5454K, capacity 5756K, committed 5960K, reserved 1048576K
2020-07-01T08:30:33.035+0200: 399987.678: [GC (Allocation Failure) 2020-07-01T08:30:33.035+0200: 399987.678: [ParNew
Desired survivor size 20971520 bytes, new threshold 1 (max 1)
- age   1:        240 bytes,        240 total
: 327682K->2K(368640K), 0.0313425 secs] 1408492K->1080812K(4124672K), 0.0314459 secs] [Times: user=0.01 sys=0.00, real=0.03 secs] 
Heap after GC invocations=495420 (full 2):
 par new generation   total 368640K, used 2K [0x00000006c1c00000, 0x00000006dac00000, 0x00000006dac00000)
  eden space 327680K,   0% used [0x00000006c1c00000, 0x00000006c1c00000, 0x00000006d5c00000)
  from space 40960K,   0% used [0x00000006d5c00000, 0x00000006d5c00810, 0x00000006d8400000)
  to   space 40960K,   0% used [0x00000006d8400000, 0x00000006d8400000, 0x00000006dac00000)
 concurrent mark-sweep generation total 3756032K, used 1080810K [0x00000006dac00000, 0x00000007c0000000, 0x00000007c0000000)
 Metaspace       used 42573K, capacity 43892K, committed 44572K, reserved 1087488K
  class space    used 5454K, capacity 5756K, committed 5960K, reserved 1048576K
}
2020-07-01T08:30:33.066+0200: 399987.709: Total time for which application threads were stopped: 0.0317307 seconds, Stopping threads took: 0.0000483 seconds
{Heap before GC invocations=495420 (full 2):
 par new generation   total 368640K, used 327682K [0x00000006c1c00000, 0x00000006dac00000, 0x00000006dac00000)
  eden space 327680K, 100% used [0x00000006c1c00000, 0x00000006d5c00000, 0x00000006d5c00000)
  from space 40960K,   0% used [0x00000006d5c00000, 0x00000006d5c00810, 0x00000006d8400000)
  to   space 40960K,   0% used [0x00000006d8400000, 0x00000006d8400000, 0x00000006dac00000)
 concurrent mark-sweep generation total 3756032K, used 1080810K [0x00000006dac00000, 0x00000007c0000000, 0x00000007c0000000)
 Metaspace       used 42573K, capacity 43892K, committed 44572K, reserved 1087488K
  class space    used 5454K, capacity 5756K, committed 5960K, reserved 1048576K
2020-07-01T08:30:33.345+0200: 399987.988: [GC (Allocation Failure) 2020-07-01T08:30:33.345+0200: 399987.988: [ParNew
Desired survivor size 20971520 bytes, new threshold 1 (max 1)
- age   1:        304 bytes,        304 total
: 327682K->2K(368640K), 0.0440690 secs] 1408492K->1080812K(4124672K), 0.0445391 secs] [Times: user=0.03 sys=0.00, real=0.05 secs] 
Heap after GC invocations=495421 (full 2):
 par new generation   total 368640K, used 2K [0x00000006c1c00000, 0x00000006dac00000, 0x00000006dac00000)
  eden space 327680K,   0% used [0x00000006c1c00000, 0x00000006c1c00000, 0x00000006d5c00000)
  from space 40960K,   0% used [0x00000006d8400000, 0x00000006d8400810, 0x00000006dac00000)
  to   space 40960K,   0% used [0x00000006d5c00000, 0x00000006d5c00000, 0x00000006d8400000)
 concurrent mark-sweep generation total 3756032K, used 1080810K [0x00000006dac00000, 0x00000007c0000000, 0x00000007c0000000)
 Metaspace       used 42573K, capacity 43892K, committed 44572K, reserved 1087488K
  class space    used 5454K, capacity 5756K, committed 5960K, reserved 1048576K
}
2020-07-01T08:30:33.390+0200: 399988.033: Total time for which application threads were stopped: 0.0451499 seconds, Stopping threads took: 0.0000492 seconds
{Heap before GC invocations=495421 (full 2):
 par new generation   total 368640K, used 327682K [0x00000006c1c00000, 0x00000006dac00000, 0x00000006dac00000)
  eden space 327680K, 100% used [0x00000006c1c00000, 0x00000006d5c00000, 0x00000006d5c00000)
  from space 40960K,   0% used [0x00000006d8400000, 0x00000006d8400810, 0x00000006dac00000)
  to   space 40960K,   0% used [0x00000006d5c00000, 0x00000006d5c00000, 0x00000006d8400000)
 concurrent mark-sweep generation total 3756032K, used 1080810K [0x00000006dac00000, 0x00000007c0000000, 0x00000007c0000000)
 Metaspace       used 42573K, capacity 43892K, committed 44572K, reserved 1087488K
  class space    used 5454K, capacity 5756K, committed 5960K, reserved 1048576K
2020-07-01T08:30:33.698+0200: 399988.341: [GC (Allocation Failure) 2020-07-01T08:30:33.698+0200: 399988.341: [ParNew
Desired survivor size 20971520 bytes, new threshold 1 (max 1)
- age   1:        688 bytes,        688 total
: 327682K->6K(368640K), 0.0084848 secs] 1408492K->1080817K(4124672K), 0.0086199 secs] [Times: user=0.01 sys=0.00, real=0.01 secs] 
Heap after GC invocations=495422 (full 2):
 par new generation   total 368640K, used 6K [0x00000006c1c00000, 0x00000006dac00000, 0x00000006dac00000)
  eden space 327680K,   0% used [0x00000006c1c00000, 0x00000006c1c00000, 0x00000006d5c00000)
  from space 40960K,   0% used [0x00000006d5c00000, 0x00000006d5c01830, 0x00000006d8400000)
  to   space 40960K,   0% used [0x00000006d8400000, 0x00000006d8400000, 0x00000006dac00000)
 concurrent mark-sweep generation total 3756032K, used 1080810K [0x00000006dac00000, 0x00000007c0000000, 0x00000007c0000000)
 Metaspace       used 42573K, capacity 43892K, committed 44572K, reserved 1087488K
  class space    used 5454K, capacity 5756K, committed 5960K, reserved 1048576K
}
2020-07-01T08:30:33.706+0200: 399988.349: Total time for which application threads were stopped: 0.0090710 seconds, Stopping threads took: 0.0002087 seconds
{Heap before GC invocations=495422 (full 2):
 par new generation   total 368640K, used 327686K [0x00000006c1c00000, 0x00000006dac00000, 0x00000006dac00000)
  eden space 327680K, 100% used [0x00000006c1c00000, 0x00000006d5c00000, 0x00000006d5c00000)
  from space 40960K,   0% used [0x00000006d5c00000, 0x00000006d5c01830, 0x00000006d8400000)
  to   space 40960K,   0% used [0x00000006d8400000, 0x00000006d8400000, 0x00000006dac00000)
 concurrent mark-sweep generation total 3756032K, used 1080810K [0x00000006dac00000, 0x00000007c0000000, 0x00000007c0000000)
 Metaspace       used 42573K, capacity 43892K, committed 44572K, reserved 1087488K
  class space    used 5454K, capacity 5756K, committed 5960K, reserved 1048576K
2020-07-01T08:30:34.091+0200: 399988.733: [GC (Allocation Failure) 2020-07-01T08:30:34.091+0200: 399988.734: [ParNew
Desired survivor size 20971520 bytes, new threshold 1 (max 1)
- age   1:       3344 bytes,       3344 total
: 327686K->6K(368640K), 0.0179559 secs] 1408497K->1080817K(4124672K), 0.0188616 secs] [Times: user=0.03 sys=0.00, real=0.02 secs] 
Heap after GC invocations=495423 (full 2):
 par new generation   total 368640K, used 6K [0x00000006c1c00000, 0x00000006dac00000, 0x00000006dac00000)
  eden space 327680K,   0% used [0x00000006c1c00000, 0x00000006c1c00000, 0x00000006d5c00000)
  from space 40960K,   0% used [0x00000006d8400000, 0x00000006d8401830, 0x00000006dac00000)
  to   space 40960K,   0% used [0x00000006d5c00000, 0x00000006d5c00000, 0x00000006d8400000)
 concurrent mark-sweep generation total 3756032K, used 1080811K [0x00000006dac00000, 0x00000007c0000000, 0x00000007c0000000)
 Metaspace       used 42573K, capacity 43892K, committed 44572K, reserved 1087488K
  class space    used 5454K, capacity 5756K, committed 5960K, reserved 1048576K
}
2020-07-01T08:30:34.110+0200: 399988.752: Total time for which application threads were stopped: 0.0191445 seconds, Stopping threads took: 0.0000491 seconds
{Heap before GC invocations=495423 (full 2):
 par new generation   total 368640K, used 327686K [0x00000006c1c00000, 0x00000006dac00000, 0x00000006dac00000)
  eden space 327680K, 100% used [0x00000006c1c00000, 0x00000006d5c00000, 0x00000006d5c00000)
  from space 40960K,   0% used [0x00000006d8400000, 0x00000006d8401830, 0x00000006dac00000)
  to   space 40960K,   0% used [0x00000006d5c00000, 0x00000006d5c00000, 0x00000006d8400000)
 concurrent mark-sweep generation total 3756032K, used 1080811K [0x00000006dac00000, 0x00000007c0000000, 0x00000007c0000000)
 Metaspace       used 42573K, capacity 43892K, committed 44572K, reserved 1087488K
  class space    used 5454K, capacity 5756K, committed 5960K, reserved 1048576K
2020-07-01T08:30:34.481+0200: 399989.124: [GC (Allocation Failure) 2020-07-01T08:30:34.481+0200: 399989.124: [ParNew
Desired survivor size 20971520 bytes, new threshold 1 (max 1)
- age   1:       3232 bytes,       3232 total
: 327686K->8K(368640K), 0.0225412 secs] 1408497K->1080822K(4124672K), 0.0226389 secs] [Times: user=0.02 sys=0.00, real=0.02 secs] 
Heap after GC invocations=495424 (full 2):
 par new generation   total 368640K, used 8K [0x00000006c1c00000, 0x00000006dac00000, 0x00000006dac00000)
  eden space 327680K,   0% used [0x00000006c1c00000, 0x00000006c1c00000, 0x00000006d5c00000)
  from space 40960K,   0% used [0x00000006d5c00000, 0x00000006d5c02040, 0x00000006d8400000)
  to   space 40960K,   0% used [0x00000006d8400000, 0x00000006d8400000, 0x00000006dac00000)
 concurrent mark-sweep generation total 3756032K, used 1080814K [0x00000006dac00000, 0x00000007c0000000, 0x00000007c0000000)
 Metaspace       used 42573K, capacity 43892K, committed 44572K, reserved 1087488K
  class space    used 5454K, capacity 5756K, committed 5960K, reserved 1048576K
}
2020-07-01T08:30:34.504+0200: 399989.147: Total time for which application threads were stopped: 0.0229443 seconds, Stopping threads took: 0.0000517 seconds
{Heap before GC invocations=495424 (full 2):
 par new generation   total 368640K, used 327688K [0x00000006c1c00000, 0x00000006dac00000, 0x00000006dac00000)
  eden space 327680K, 100% used [0x00000006c1c00000, 0x00000006d5c00000, 0x00000006d5c00000)
  from space 40960K,   0% used [0x00000006d5c00000, 0x00000006d5c02040, 0x00000006d8400000)
  to   space 40960K,   0% used [0x00000006d8400000, 0x00000006d8400000, 0x00000006dac00000)
 concurrent mark-sweep generation total 3756032K, used 1080814K [0x00000006dac00000, 0x00000007c0000000, 0x00000007c0000000)
 Metaspace       used 42573K, capacity 43892K, committed 44572K, reserved 1087488K
  class space    used 5454K, capacity 5756K, committed 5960K, reserved 1048576K
2020-07-01T08:30:34.908+0200: 399989.551: [GC (Allocation Failure) 2020-07-01T08:30:34.908+0200: 399989.551: [ParNew
Desired survivor size 20971520 bytes, new threshold 1 (max 1)
- age   1:       4528 bytes,       4528 total
: 327688K->10K(368640K), 0.0230890 secs] 1408502K->1080827K(4124672K), 0.0232345 secs] [Times: user=0.00 sys=0.00, real=0.02 secs] 
Heap after GC invocations=495425 (full 2):
 par new generation   total 368640K, used 10K [0x00000006c1c00000, 0x00000006dac00000, 0x00000006dac00000)
  eden space 327680K,   0% used [0x00000006c1c00000, 0x00000006c1c00000, 0x00000006d5c00000)
  from space 40960K,   0% used [0x00000006d8400000, 0x00000006d8402850, 0x00000006dac00000)
  to   space 40960K,   0% used [0x00000006d5c00000, 0x00000006d5c00000, 0x00000006d8400000)
 concurrent mark-sweep generation total 3756032K, used 1080817K [0x00000006dac00000, 0x00000007c0000000, 0x00000007c0000000)
 Metaspace       used 42573K, capacity 43892K, committed 44572K, reserved 1087488K
  class space    used 5454K, capacity 5756K, committed 5960K, reserved 1048576K
}
2020-07-01T08:30:34.931+0200: 399989.574: Total time for which application threads were stopped: 0.0236024 seconds, Stopping threads took: 0.0000931 seconds
{Heap before GC invocations=495425 (full 2):
 par new generation   total 368640K, used 327690K [0x00000006c1c00000, 0x00000006dac00000, 0x00000006dac00000)
  eden space 327680K, 100% used [0x00000006c1c00000, 0x00000006d5c00000, 0x00000006d5c00000)
  from space 40960K,   0% used [0x00000006d8400000, 0x00000006d8402850, 0x00000006dac00000)
  to   space 40960K,   0% used [0x00000006d5c00000, 0x00000006d5c00000, 0x00000006d8400000)
 concurrent mark-sweep generation total 3756032K, used 1080817K [0x00000006dac00000, 0x00000007c0000000, 0x00000007c0000000)
 Metaspace       used 42573K, capacity 43892K, committed 44572K, reserved 1087488K
  class space    used 5454K, capacity 5756K, committed 5960K, reserved 1048576K
2020-07-01T08:30:35.312+0200: 399989.955: [GC (Allocation Failure) 2020-07-01T08:30:35.312+0200: 399989.955: [ParNew
Desired survivor size 20971520 bytes, new threshold 1 (max 1)
- age   1:        304 bytes,        304 total
: 327690K->2K(368640K), 0.0885687 secs] 1408507K->1080823K(4124672K), 0.0886699 secs] [Times: user=0.02 sys=0.00, real=0.09 secs] 
Heap after GC invocations=495426 (full 2):
 par new generation   total 368640K, used 2K [0x00000006c1c00000, 0x00000006dac00000, 0x00000006dac00000)
  eden space 327680K,   0% used [0x00000006c1c00000, 0x00000006c1c00000, 0x00000006d5c00000)
  from space 40960K,   0% used [0x00000006d5c00000, 0x00000006d5c00810, 0x00000006d8400000)
  to   space 40960K,   0% used [0x00000006d8400000, 0x00000006d8400000, 0x00000006dac00000)
 concurrent mark-sweep generation total 3756032K, used 1080821K [0x00000006dac00000, 0x00000007c0000000, 0x00000007c0000000)
 Metaspace       used 42573K, capacity 43892K, committed 44572K, reserved 1087488K
  class space    used 5454K, capacity 5756K, committed 5960K, reserved 1048576K
}
2020-07-01T08:30:35.401+0200: 399990.043: Total time for which application threads were stopped: 0.0890098 seconds, Stopping threads took: 0.0000951 seconds
{Heap before GC invocations=495426 (full 2):
 par new generation   total 368640K, used 327682K [0x00000006c1c00000, 0x00000006dac00000, 0x00000006dac00000)
  eden space 327680K, 100% used [0x00000006c1c00000, 0x00000006d5c00000, 0x00000006d5c00000)
  from space 40960K,   0% used [0x00000006d5c00000, 0x00000006d5c00810, 0x00000006d8400000)
  to   space 40960K,   0% used [0x00000006d8400000, 0x00000006d8400000, 0x00000006dac00000)
 concurrent mark-sweep generation total 3756032K, used 1080821K [0x00000006dac00000, 0x00000007c0000000, 0x00000007c0000000)
 Metaspace       used 42573K, capacity 43892K, committed 44572K, reserved 1087488K
  class space    used 5454K, capacity 5756K, committed 5960K, reserved 1048576K
2020-07-01T08:30:35.769+0200: 399990.412: [GC (Allocation Failure) 2020-07-01T08:30:35.769+0200: 399990.412: [ParNew
Desired survivor size 20971520 bytes, new threshold 1 (max 1)
- age   1:        240 bytes,        240 total
: 327682K->4K(368640K), 0.0089674 secs] 1408503K->1080825K(4124672K), 0.0090870 secs] [Times: user=0.05 sys=0.00, real=0.01 secs] 
Heap after GC invocations=495427 (full 2):
 par new generation   total 368640K, used 4K [0x00000006c1c00000, 0x00000006dac00000, 0x00000006dac00000)
  eden space 327680K,   0% used [0x00000006c1c00000, 0x00000006c1c00000, 0x00000006d5c00000)
  from space 40960K,   0% used [0x00000006d8400000, 0x00000006d8401020, 0x00000006dac00000)
  to   space 40960K,   0% used [0x00000006d5c00000, 0x00000006d5c00000, 0x00000006d8400000)
 concurrent mark-sweep generation total 3756032K, used 1080821K [0x00000006dac00000, 0x00000007c0000000, 0x00000007c0000000)
 Metaspace       used 42573K, capacity 43892K, committed 44572K, reserved 1087488K
  class space    used 5454K, capacity 5756K, committed 5960K, reserved 1048576K
}
2020-07-01T08:30:35.778+0200: 399990.421: Total time for which application threads were stopped: 0.0095299 seconds, Stopping threads took: 0.0001367 seconds
{Heap before GC invocations=495427 (full 2):
 par new generation   total 368640K, used 327684K [0x00000006c1c00000, 0x00000006dac00000, 0x00000006dac00000)
  eden space 327680K, 100% used [0x00000006c1c00000, 0x00000006d5c00000, 0x00000006d5c00000)
  from space 40960K,   0% used [0x00000006d8400000, 0x00000006d8401020, 0x00000006dac00000)
  to   space 40960K,   0% used [0x00000006d5c00000, 0x00000006d5c00000, 0x00000006d8400000)
 concurrent mark-sweep generation total 3756032K, used 1080821K [0x00000006dac00000, 0x00000007c0000000, 0x00000007c0000000)
 Metaspace       used 42573K, capacity 43892K, committed 44572K, reserved 1087488K
  class space    used 5454K, capacity 5756K, committed 5960K, reserved 1048576K
2020-07-01T08:30:36.203+0200: 399990.845: [GC (Allocation Failure) 2020-07-01T08:30:36.203+0200: 399990.845: [ParNew
Desired survivor size 20971520 bytes, new threshold 1 (max 1)
- age   1:        240 bytes,        240 total
: 327684K->2K(368640K), 0.0592767 secs] 1408505K->1080823K(4124672K), 0.0593774 secs] [Times: user=0.02 sys=0.00, real=0.06 secs] 
Heap after GC invocations=495428 (full 2):
 par new generation   total 368640K, used 2K [0x00000006c1c00000, 0x00000006dac00000, 0x00000006dac00000)
  eden space 327680K,   0% used [0x00000006c1c00000, 0x00000006c1c00000, 0x00000006d5c00000)
  from space 40960K,   0% used [0x00000006d5c00000, 0x00000006d5c00810, 0x00000006d8400000)
  to   space 40960K,   0% used [0x00000006d8400000, 0x00000006d8400000, 0x00000006dac00000)
 concurrent mark-sweep generation total 3756032K, used 1080821K [0x00000006dac00000, 0x00000007c0000000, 0x00000007c0000000)
 Metaspace       used 42573K, capacity 43892K, committed 44572K, reserved 1087488K
  class space    used 5454K, capacity 5756K, committed 5960K, reserved 1048576K
}
2020-07-01T08:30:36.262+0200: 399990.905: Total time for which application threads were stopped: 0.0596731 seconds, Stopping threads took: 0.0000482 seconds
{Heap before GC invocations=495428 (full 2):
 par new generation   total 368640K, used 327682K [0x00000006c1c00000, 0x00000006dac00000, 0x00000006dac00000)
  eden space 327680K, 100% used [0x00000006c1c00000, 0x00000006d5c00000, 0x00000006d5c00000)
  from space 40960K,   0% used [0x00000006d5c00000, 0x00000006d5c00810, 0x00000006d8400000)
  to   space 40960K,   0% used [0x00000006d8400000, 0x00000006d8400000, 0x00000006dac00000)
 concurrent mark-sweep generation total 3756032K, used 1080821K [0x00000006dac00000, 0x00000007c0000000, 0x00000007c0000000)
 Metaspace       used 42573K, capacity 43892K, committed 44572K, reserved 1087488K
  class space    used 5454K, capacity 5756K, committed 5960K, reserved 1048576K
2020-07-01T08:30:36.604+0200: 399991.246: [GC (Allocation Failure) 2020-07-01T08:30:36.604+0200: 399991.246: [ParNew
Desired survivor size 20971520 bytes, new threshold 1 (max 1)
- age   1:        760 bytes,        760 total
: 327682K->4K(368640K), 0.0267331 secs] 1408503K->1080825K(4124672K), 0.0268342 secs] [Times: user=0.00 sys=0.00, real=0.03 secs] 
Heap after GC invocations=495429 (full 2):
 par new generation   total 368640K, used 4K [0x00000006c1c00000, 0x00000006dac00000, 0x00000006dac00000)
  eden space 327680K,   0% used [0x00000006c1c00000, 0x00000006c1c00000, 0x00000006d5c00000)
  from space 40960K,   0% used [0x00000006d8400000, 0x00000006d8401020, 0x00000006dac00000)
  to   space 40960K,   0% used [0x00000006d5c00000, 0x00000006d5c00000, 0x00000006d8400000)
 concurrent mark-sweep generation total 3756032K, used 1080821K [0x00000006dac00000, 0x00000007c0000000, 0x00000007c0000000)
 Metaspace       used 42573K, capacity 43892K, committed 44572K, reserved 1087488K
  class space    used 5454K, capacity 5756K, committed 5960K, reserved 1048576K
}
2020-07-01T08:30:36.630+0200: 399991.273: Total time for which application threads were stopped: 0.0271497 seconds, Stopping threads took: 0.0000689 seconds
{Heap before GC invocations=495429 (full 2):
 par new generation   total 368640K, used 327684K [0x00000006c1c00000, 0x00000006dac00000, 0x00000006dac00000)
  eden space 327680K, 100% used [0x00000006c1c00000, 0x00000006d5c00000, 0x00000006d5c00000)
  from space 40960K,   0% used [0x00000006d8400000, 0x00000006d8401020, 0x00000006dac00000)
  to   space 40960K,   0% used [0x00000006d5c00000, 0x00000006d5c00000, 0x00000006d8400000)
 concurrent mark-sweep generation total 3756032K, used 1080821K [0x00000006dac00000, 0x00000007c0000000, 0x00000007c0000000)
 Metaspace       used 42573K, capacity 43892K, committed 44572K, reserved 1087488K
  class space    used 5454K, capacity 5756K, committed 5960K, reserved 1048576K
2020-07-01T08:30:37.044+0200: 399991.687: [GC (Allocation Failure) 2020-07-01T08:30:37.044+0200: 399991.687: [ParNew
Desired survivor size 20971520 bytes, new threshold 1 (max 1)
- age   1:        272 bytes,        272 total
: 327684K->2K(368640K), 0.0423049 secs] 1408505K->1080824K(4124672K), 0.0424508 secs] [Times: user=0.01 sys=0.00, real=0.04 secs] 
Heap after GC invocations=495430 (full 2):
 par new generation   total 368640K, used 2K [0x00000006c1c00000, 0x00000006dac00000, 0x00000006dac00000)
  eden space 327680K,   0% used [0x00000006c1c00000, 0x00000006c1c00000, 0x00000006d5c00000)
  from space 40960K,   0% used [0x00000006d5c00000, 0x00000006d5c00810, 0x00000006d8400000)
  to   space 40960K,   0% used [0x00000006d8400000, 0x00000006d8400000, 0x00000006dac00000)
 concurrent mark-sweep generation total 3756032K, used 1080822K [0x00000006dac00000, 0x00000007c0000000, 0x00000007c0000000)
 Metaspace       used 42573K, capacity 43892K, committed 44572K, reserved 1087488K
  class space    used 5454K, capacity 5756K, committed 5960K, reserved 1048576K
}
2020-07-01T08:30:37.087+0200: 399991.730: Total time for which application threads were stopped: 0.0427524 seconds, Stopping threads took: 0.0000507 seconds
{Heap before GC invocations=495430 (full 2):
 par new generation   total 368640K, used 327682K [0x00000006c1c00000, 0x00000006dac00000, 0x00000006dac00000)
  eden space 327680K, 100% used [0x00000006c1c00000, 0x00000006d5c00000, 0x00000006d5c00000)
  from space 40960K,   0% used [0x00000006d5c00000, 0x00000006d5c00810, 0x00000006d8400000)
  to   space 40960K,   0% used [0x00000006d8400000, 0x00000006d8400000, 0x00000006dac00000)
 concurrent mark-sweep generation total 3756032K, used 1080822K [0x00000006dac00000, 0x00000007c0000000, 0x00000007c0000000)
 Metaspace       used 42573K, capacity 43892K, committed 44572K, reserved 1087488K
  class space    used 5454K, capacity 5756K, committed 5960K, reserved 1048576K
2020-07-01T08:30:37.454+0200: 399992.097: [GC (Allocation Failure) 2020-07-01T08:30:37.454+0200: 399992.097: [ParNew
Desired survivor size 20971520 bytes, new threshold 1 (max 1)
- age   1:        304 bytes,        304 total
: 327682K->2K(368640K), 0.0418802 secs] 1408504K->1080824K(4124672K), 0.0421935 secs] [Times: user=0.02 sys=0.00, real=0.04 secs] 
Heap after GC invocations=495431 (full 2):
 par new generation   total 368640K, used 2K [0x00000006c1c00000, 0x00000006dac00000, 0x00000006dac00000)
  eden space 327680K,   0% used [0x00000006c1c00000, 0x00000006c1c00000, 0x00000006d5c00000)
  from space 40960K,   0% used [0x00000006d8400000, 0x00000006d8400810, 0x00000006dac00000)
  to   space 40960K,   0% used [0x00000006d5c00000, 0x00000006d5c00000, 0x00000006d8400000)
 concurrent mark-sweep generation total 3756032K, used 1080822K [0x00000006dac00000, 0x00000007c0000000, 0x00000007c0000000)
 Metaspace       used 42573K, capacity 43892K, committed 44572K, reserved 1087488K
  class space    used 5454K, capacity 5756K, committed 5960K, reserved 1048576K
}
2020-07-01T08:30:37.496+0200: 399992.139: Total time for which application threads were stopped: 0.0424749 seconds, Stopping threads took: 0.0000489 seconds
{Heap before GC invocations=495431 (full 2):
 par new generation   total 368640K, used 327682K [0x00000006c1c00000, 0x00000006dac00000, 0x00000006dac00000)
  eden space 327680K, 100% used [0x00000006c1c00000, 0x00000006d5c00000, 0x00000006d5c00000)
  from space 40960K,   0% used [0x00000006d8400000, 0x00000006d8400810, 0x00000006dac00000)
  to   space 40960K,   0% used [0x00000006d5c00000, 0x00000006d5c00000, 0x00000006d8400000)
 concurrent mark-sweep generation total 3756032K, used 1080822K [0x00000006dac00000, 0x00000007c0000000, 0x00000007c0000000)
 Metaspace       used 42573K, capacity 43892K, committed 44572K, reserved 1087488K
  class space    used 5454K, capacity 5756K, committed 5960K, reserved 1048576K
2020-07-01T08:30:37.920+0200: 399992.562: [GC (Allocation Failure) 2020-07-01T08:30:37.920+0200: 399992.563: [ParNew
Desired survivor size 20971520 bytes, new threshold 1 (max 1)
- age   1:        536 bytes,        536 total
: 327682K->2K(368640K), 0.0313436 secs] 1408504K->1080824K(4124672K), 0.0314376 secs] [Times: user=0.00 sys=0.00, real=0.03 secs] 
Heap after GC invocations=495432 (full 2):
 par new generation   total 368640K, used 2K [0x00000006c1c00000, 0x00000006dac00000, 0x00000006dac00000)
  eden space 327680K,   0% used [0x00000006c1c00000, 0x00000006c1c00000, 0x00000006d5c00000)
  from space 40960K,   0% used [0x00000006d5c00000, 0x00000006d5c00810, 0x00000006d8400000)
  to   space 40960K,   0% used [0x00000006d8400000, 0x00000006d8400000, 0x00000006dac00000)
 concurrent mark-sweep generation total 3756032K, used 1080822K [0x00000006dac00000, 0x00000007c0000000, 0x00000007c0000000)
 Metaspace       used 42573K, capacity 43892K, committed 44572K, reserved 1087488K
  class space    used 5454K, capacity 5756K, committed 5960K, reserved 1048576K
}
2020-07-01T08:30:37.951+0200: 399992.594: Total time for which application threads were stopped: 0.0324618 seconds, Stopping threads took: 0.0007800 seconds
{Heap before GC invocations=495432 (full 2):
 par new generation   total 368640K, used 327682K [0x00000006c1c00000, 0x00000006dac00000, 0x00000006dac00000)
  eden space 327680K, 100% used [0x00000006c1c00000, 0x00000006d5c00000, 0x00000006d5c00000)
  from space 40960K,   0% used [0x00000006d5c00000, 0x00000006d5c00810, 0x00000006d8400000)
  to   space 40960K,   0% used [0x00000006d8400000, 0x00000006d8400000, 0x00000006dac00000)
 concurrent mark-sweep generation total 3756032K, used 1080822K [0x00000006dac00000, 0x00000007c0000000, 0x00000007c0000000)
 Metaspace       used 42573K, capacity 43892K, committed 44572K, reserved 1087488K
  class space    used 5454K, capacity 5756K, committed 5960K, reserved 1048576K
2020-07-01T08:30:38.258+0200: 399992.901: [GC (Allocation Failure) 2020-07-01T08:30:38.258+0200: 399992.901: [ParNew
Desired survivor size 20971520 bytes, new threshold 1 (max 1)
- age   1:        240 bytes,        240 total
: 327682K->2K(368640K), 0.0159125 secs] 1408504K->1080824K(4124672K), 0.0160190 secs] [Times: user=0.02 sys=0.00, real=0.01 secs] 
Heap after GC invocations=495433 (full 2):
 par new generation   total 368640K, used 2K [0x00000006c1c00000, 0x00000006dac00000, 0x00000006dac00000)
  eden space 327680K,   0% used [0x00000006c1c00000, 0x00000006c1c00000, 0x00000006d5c00000)
  from space 40960K,   0% used [0x00000006d8400000, 0x00000006d8400810, 0x00000006dac00000)
  to   space 40960K,   0% used [0x00000006d5c00000, 0x00000006d5c00000, 0x00000006d8400000)
 concurrent mark-sweep generation total 3756032K, used 1080822K [0x00000006dac00000, 0x00000007c0000000, 0x00000007c0000000)
 Metaspace       used 42573K, capacity 43892K, committed 44572K, reserved 1087488K
  class space    used 5454K, capacity 5756K, committed 5960K, reserved 1048576K
}
2020-07-01T08:30:38.274+0200: 399992.917: Total time for which application threads were stopped: 0.0164057 seconds, Stopping threads took: 0.0001132 seconds
{Heap before GC invocations=495433 (full 2):
 par new generation   total 368640K, used 327682K [0x00000006c1c00000, 0x00000006dac00000, 0x00000006dac00000)
  eden space 327680K, 100% used [0x00000006c1c00000, 0x00000006d5c00000, 0x00000006d5c00000)
  from space 40960K,   0% used [0x00000006d8400000, 0x00000006d8400810, 0x00000006dac00000)
  to   space 40960K,   0% used [0x00000006d5c00000, 0x00000006d5c00000, 0x00000006d8400000)
 concurrent mark-sweep generation total 3756032K, used 1080822K [0x00000006dac00000, 0x00000007c0000000, 0x00000007c0000000)
 Metaspace       used 42573K, capacity 43892K, committed 44572K, reserved 1087488K
  class space    used 5454K, capacity 5756K, committed 5960K, reserved 1048576K
2020-07-01T08:30:38.547+0200: 399993.190: [GC (Allocation Failure) 2020-07-01T08:30:38.547+0200: 399993.190: [ParNew
Desired survivor size 20971520 bytes, new threshold 1 (max 1)
- age   1:        304 bytes,        304 total
: 327682K->6K(368640K), 0.0193051 secs] 1408504K->1080828K(4124672K), 0.0194392 secs] [Times: user=0.03 sys=0.00, real=0.02 secs] 
Heap after GC invocations=495434 (full 2):
 par new generation   total 368640K, used 6K [0x00000006c1c00000, 0x00000006dac00000, 0x00000006dac00000)
  eden space 327680K,   0% used [0x00000006c1c00000, 0x00000006c1c00000, 0x00000006d5c00000)
  from space 40960K,   0% used [0x00000006d5c00000, 0x00000006d5c01830, 0x00000006d8400000)
  to   space 40960K,   0% used [0x00000006d8400000, 0x00000006d8400000, 0x00000006dac00000)
 concurrent mark-sweep generation total 3756032K, used 1080822K [0x00000006dac00000, 0x00000007c0000000, 0x00000007c0000000)
 Metaspace       used 42573K, capacity 43892K, committed 44572K, reserved 1087488K
  class space    used 5454K, capacity 5756K, committed 5960K, reserved 1048576K
}
2020-07-01T08:30:38.567+0200: 399993.210: Total time for which application threads were stopped: 0.0197220 seconds, Stopping threads took: 0.0000494 seconds
{Heap before GC invocations=495434 (full 2):
 par new generation   total 368640K, used 327686K [0x00000006c1c00000, 0x00000006dac00000, 0x00000006dac00000)
  eden space 327680K, 100% used [0x00000006c1c00000, 0x00000006d5c00000, 0x00000006d5c00000)
  from space 40960K,   0% used [0x00000006d5c00000, 0x00000006d5c01830, 0x00000006d8400000)
  to   space 40960K,   0% used [0x00000006d8400000, 0x00000006d8400000, 0x00000006dac00000)
 concurrent mark-sweep generation total 3756032K, used 1080822K [0x00000006dac00000, 0x00000007c0000000, 0x00000007c0000000)
 Metaspace       used 42573K, capacity 43892K, committed 44572K, reserved 1087488K
  class space    used 5454K, capacity 5756K, committed 5960K, reserved 1048576K
2020-07-01T08:30:38.863+0200: 399993.506: [GC (Allocation Failure) 2020-07-01T08:30:38.864+0200: 399993.506: [ParNew
Desired survivor size 20971520 bytes, new threshold 1 (max 1)
- age   1:        240 bytes,        240 total
: 327686K->4K(368640K), 0.0069282 secs] 1408508K->1080826K(4124672K), 0.0070647 secs] [Times: user=0.03 sys=0.00, real=0.01 secs] 
Heap after GC invocations=495435 (full 2):
 par new generation   total 368640K, used 4K [0x00000006c1c00000, 0x00000006dac00000, 0x00000006dac00000)
  eden space 327680K,   0% used [0x00000006c1c00000, 0x00000006c1c00000, 0x00000006d5c00000)
  from space 40960K,   0% used [0x00000006d8400000, 0x00000006d8401020, 0x00000006dac00000)
  to   space 40960K,   0% used [0x00000006d5c00000, 0x00000006d5c00000, 0x00000006d8400000)
 concurrent mark-sweep generation total 3756032K, used 1080822K [0x00000006dac00000, 0x00000007c0000000, 0x00000007c0000000)
 Metaspace       used 42573K, capacity 43892K, committed 44572K, reserved 1087488K
  class space    used 5454K, capacity 5756K, committed 5960K, reserved 1048576K
}
2020-07-01T08:30:38.871+0200: 399993.513: Total time for which application threads were stopped: 0.0074227 seconds, Stopping threads took: 0.0001073 seconds
{Heap before GC invocations=495435 (full 2):
 par new generation   total 368640K, used 327684K [0x00000006c1c00000, 0x00000006dac00000, 0x00000006dac00000)
  eden space 327680K, 100% used [0x00000006c1c00000, 0x00000006d5c00000, 0x00000006d5c00000)
  from space 40960K,   0% used [0x00000006d8400000, 0x00000006d8401020, 0x00000006dac00000)
  to   space 40960K,   0% used [0x00000006d5c00000, 0x00000006d5c00000, 0x00000006d8400000)
 concurrent mark-sweep generation total 3756032K, used 1080822K [0x00000006dac00000, 0x00000007c0000000, 0x00000007c0000000)
 Metaspace       used 42573K, capacity 43892K, committed 44572K, reserved 1087488K
  class space    used 5454K, capacity 5756K, committed 5960K, reserved 1048576K
2020-07-01T08:30:39.158+0200: 399993.801: [GC (Allocation Failure) 2020-07-01T08:30:39.158+0200: 399993.801: [ParNew
Desired survivor size 20971520 bytes, new threshold 1 (max 1)
- age   1:        240 bytes,        240 total
: 327684K->2K(368640K), 0.0409338 secs] 1408506K->1080824K(4124672K), 0.0410355 secs] [Times: user=0.01 sys=0.00, real=0.04 secs] 
Heap after GC invocations=495436 (full 2):
 par new generation   total 368640K, used 2K [0x00000006c1c00000, 0x00000006dac00000, 0x00000006dac00000)
  eden space 327680K,   0% used [0x00000006c1c00000, 0x00000006c1c00000, 0x00000006d5c00000)
  from space 40960K,   0% used [0x00000006d5c00000, 0x00000006d5c00810, 0x00000006d8400000)
  to   space 40960K,   0% used [0x00000006d8400000, 0x00000006d8400000, 0x00000006dac00000)
 concurrent mark-sweep generation total 3756032K, used 1080822K [0x00000006dac00000, 0x00000007c0000000, 0x00000007c0000000)
 Metaspace       used 42573K, capacity 43892K, committed 44572K, reserved 1087488K
  class space    used 5454K, capacity 5756K, committed 5960K, reserved 1048576K
}
2020-07-01T08:30:39.199+0200: 399993.842: Total time for which application threads were stopped: 0.0413229 seconds, Stopping threads took: 0.0000487 seconds
{Heap before GC invocations=495436 (full 2):
 par new generation   total 368640K, used 327682K [0x00000006c1c00000, 0x00000006dac00000, 0x00000006dac00000)
  eden space 327680K, 100% used [0x00000006c1c00000, 0x00000006d5c00000, 0x00000006d5c00000)
  from space 40960K,   0% used [0x00000006d5c00000, 0x00000006d5c00810, 0x00000006d8400000)
  to   space 40960K,   0% used [0x00000006d8400000, 0x00000006d8400000, 0x00000006dac00000)
 concurrent mark-sweep generation total 3756032K, used 1080822K [0x00000006dac00000, 0x00000007c0000000, 0x00000007c0000000)
 Metaspace       used 42573K, capacity 43892K, committed 44572K, reserved 1087488K
  class space    used 5454K, capacity 5756K, committed 5960K, reserved 1048576K
2020-07-01T08:30:39.562+0200: 399994.205: [GC (Allocation Failure) 2020-07-01T08:30:39.562+0200: 399994.205: [ParNew
Desired survivor size 20971520 bytes, new threshold 1 (max 1)
- age   1:        336 bytes,        336 total
: 327682K->4K(368640K), 0.0076195 secs] 1408504K->1080826K(4124672K), 0.0077510 secs] [Times: user=0.00 sys=0.00, real=0.01 secs] 
Heap after GC invocations=495437 (full 2):
 par new generation   total 368640K, used 4K [0x00000006c1c00000, 0x00000006dac00000, 0x00000006dac00000)
  eden space 327680K,   0% used [0x00000006c1c00000, 0x00000006c1c00000, 0x00000006d5c00000)
  from space 40960K,   0% used [0x00000006d8400000, 0x00000006d8401020, 0x00000006dac00000)
  to   space 40960K,   0% used [0x00000006d5c00000, 0x00000006d5c00000, 0x00000006d8400000)
 concurrent mark-sweep generation total 3756032K, used 1080822K [0x00000006dac00000, 0x00000007c0000000, 0x00000007c0000000)
 Metaspace       used 42573K, capacity 43892K, committed 44572K, reserved 1087488K
  class space    used 5454K, capacity 5756K, committed 5960K, reserved 1048576K
}
2020-07-01T08:30:39.570+0200: 399994.212: Total time for which application threads were stopped: 0.0081151 seconds, Stopping threads took: 0.0001298 seconds
{Heap before GC invocations=495437 (full 2):
 par new generation   total 368640K, used 327684K [0x00000006c1c00000, 0x00000006dac00000, 0x00000006dac00000)
  eden space 327680K, 100% used [0x00000006c1c00000, 0x00000006d5c00000, 0x00000006d5c00000)
  from space 40960K,   0% used [0x00000006d8400000, 0x00000006d8401020, 0x00000006dac00000)
  to   space 40960K,   0% used [0x00000006d5c00000, 0x00000006d5c00000, 0x00000006d8400000)
 concurrent mark-sweep generation total 3756032K, used 1080822K [0x00000006dac00000, 0x00000007c0000000, 0x00000007c0000000)
 Metaspace       used 42573K, capacity 43892K, committed 44572K, reserved 1087488K
  class space    used 5454K, capacity 5756K, committed 5960K, reserved 1048576K
2020-07-01T08:30:39.908+0200: 399994.551: [GC (Allocation Failure) 2020-07-01T08:30:39.909+0200: 399994.551: [ParNew
Desired survivor size 20971520 bytes, new threshold 1 (max 1)
- age   1:        272 bytes,        272 total
: 327684K->2K(368640K), 0.0160970 secs] 1408506K->1080824K(4124672K), 0.0161951 secs] [Times: user=0.01 sys=0.00, real=0.01 secs] 
Heap after GC invocations=495438 (full 2):
 par new generation   total 368640K, used 2K [0x00000006c1c00000, 0x00000006dac00000, 0x00000006dac00000)
  eden space 327680K,   0% used [0x00000006c1c00000, 0x00000006c1c00000, 0x00000006d5c00000)
  from space 40960K,   0% used [0x00000006d5c00000, 0x00000006d5c00810, 0x00000006d8400000)
  to   space 40960K,   0% used [0x00000006d8400000, 0x00000006d8400000, 0x00000006dac00000)
 concurrent mark-sweep generation total 3756032K, used 1080822K [0x00000006dac00000, 0x00000007c0000000, 0x00000007c0000000)
 Metaspace       used 42573K, capacity 43892K, committed 44572K, reserved 1087488K
  class space    used 5454K, capacity 5756K, committed 5960K, reserved 1048576K
}
2020-07-01T08:30:39.925+0200: 399994.568: Total time for which application threads were stopped: 0.0164792 seconds, Stopping threads took: 0.0000489 seconds
{Heap before GC invocations=495438 (full 2):
 par new generation   total 368640K, used 327682K [0x00000006c1c00000, 0x00000006dac00000, 0x00000006dac00000)
  eden space 327680K, 100% used [0x00000006c1c00000, 0x00000006d5c00000, 0x00000006d5c00000)
  from space 40960K,   0% used [0x00000006d5c00000, 0x00000006d5c00810, 0x00000006d8400000)
  to   space 40960K,   0% used [0x00000006d8400000, 0x00000006d8400000, 0x00000006dac00000)
 concurrent mark-sweep generation total 3756032K, used 1080822K [0x00000006dac00000, 0x00000007c0000000, 0x00000007c0000000)
 Metaspace       used 42573K, capacity 43892K, committed 44572K, reserved 1087488K
  class space    used 5454K, capacity 5756K, committed 5960K, reserved 1048576K
2020-07-01T08:30:40.319+0200: 399994.962: [GC (Allocation Failure) 2020-07-01T08:30:40.319+0200: 399994.962: [ParNew
Desired survivor size 20971520 bytes, new threshold 1 (max 1)
- age   1:        240 bytes,        240 total
: 327682K->4K(368640K), 0.0151185 secs] 1408504K->1080826K(4124672K), 0.0152376 secs] [Times: user=0.02 sys=0.00, real=0.01 secs] 
Heap after GC invocations=495439 (full 2):
 par new generation   total 368640K, used 4K [0x00000006c1c00000, 0x00000006dac00000, 0x00000006dac00000)
  eden space 327680K,   0% used [0x00000006c1c00000, 0x00000006c1c00000, 0x00000006d5c00000)
  from space 40960K,   0% used [0x00000006d8400000, 0x00000006d8401020, 0x00000006dac00000)
  to   space 40960K,   0% used [0x00000006d5c00000, 0x00000006d5c00000, 0x00000006d8400000)
 concurrent mark-sweep generation total 3756032K, used 1080822K [0x00000006dac00000, 0x00000007c0000000, 0x00000007c0000000)
 Metaspace       used 42573K, capacity 43892K, committed 44572K, reserved 1087488K
  class space    used 5454K, capacity 5756K, committed 5960K, reserved 1048576K
}
2020-07-01T08:30:40.334+0200: 399994.977: Total time for which application threads were stopped: 0.0155144 seconds, Stopping threads took: 0.0000494 seconds
{Heap before GC invocations=495439 (full 2):
 par new generation   total 368640K, used 327684K [0x00000006c1c00000, 0x00000006dac00000, 0x00000006dac00000)
  eden space 327680K, 100% used [0x00000006c1c00000, 0x00000006d5c00000, 0x00000006d5c00000)
  from space 40960K,   0% used [0x00000006d8400000, 0x00000006d8401020, 0x00000006dac00000)
  to   space 40960K,   0% used [0x00000006d5c00000, 0x00000006d5c00000, 0x00000006d8400000)
 concurrent mark-sweep generation total 3756032K, used 1080822K [0x00000006dac00000, 0x00000007c0000000, 0x00000007c0000000)
 Metaspace       used 42573K, capacity 43892K, committed 44572K, reserved 1087488K
  class space    used 5454K, capacity 5756K, committed 5960K, reserved 1048576K
2020-07-01T08:30:40.697+0200: 399995.340: [GC (Allocation Failure) 2020-07-01T08:30:40.697+0200: 399995.340: [ParNew
Desired survivor size 20971520 bytes, new threshold 1 (max 1)
- age   1:        304 bytes,        304 total
: 327684K->4K(368640K), 0.0087349 secs] 1408506K->1080826K(4124672K), 0.0088496 secs] [Times: user=0.03 sys=0.00, real=0.01 secs] 
Heap after GC invocations=495440 (full 2):
 par new generation   total 368640K, used 4K [0x00000006c1c00000, 0x00000006dac00000, 0x00000006dac00000)
  eden space 327680K,   0% used [0x00000006c1c00000, 0x00000006c1c00000, 0x00000006d5c00000)
  from space 40960K,   0% used [0x00000006d5c00000, 0x00000006d5c01020, 0x00000006d8400000)
  to   space 40960K,   0% used [0x00000006d8400000, 0x00000006d8400000, 0x00000006dac00000)
 concurrent mark-sweep generation total 3756032K, used 1080822K [0x00000006dac00000, 0x00000007c0000000, 0x00000007c0000000)
 Metaspace       used 42573K, capacity 43892K, committed 44572K, reserved 1087488K
  class space    used 5454K, capacity 5756K, committed 5960K, reserved 1048576K
}
2020-07-01T08:30:40.706+0200: 399995.349: Total time for which application threads were stopped: 0.0091556 seconds, Stopping threads took: 0.0000536 seconds
{Heap before GC invocations=495440 (full 2):
 par new generation   total 368640K, used 327684K [0x00000006c1c00000, 0x00000006dac00000, 0x00000006dac00000)
  eden space 327680K, 100% used [0x00000006c1c00000, 0x00000006d5c00000, 0x00000006d5c00000)
  from space 40960K,   0% used [0x00000006d5c00000, 0x00000006d5c01020, 0x00000006d8400000)
  to   space 40960K,   0% used [0x00000006d8400000, 0x00000006d8400000, 0x00000006dac00000)
 concurrent mark-sweep generation total 3756032K, used 1080822K [0x00000006dac00000, 0x00000007c0000000, 0x00000007c0000000)
 Metaspace       used 42573K, capacity 43892K, committed 44572K, reserved 1087488K
  class space    used 5454K, capacity 5756K, committed 5960K, reserved 1048576K
2020-07-01T08:30:41.018+0200: 399995.661: [GC (Allocation Failure) 2020-07-01T08:30:41.018+0200: 399995.661: [ParNew
Desired survivor size 20971520 bytes, new threshold 1 (max 1)
- age   1:        240 bytes,        240 total
: 327684K->2K(368640K), 0.0511821 secs] 1408506K->1080824K(4124672K), 0.0512957 secs] [Times: user=0.01 sys=0.00, real=0.05 secs] 
Heap after GC invocations=495441 (full 2):
 par new generation   total 368640K, used 2K [0x00000006c1c00000, 0x00000006dac00000, 0x00000006dac00000)
  eden space 327680K,   0% used [0x00000006c1c00000, 0x00000006c1c00000, 0x00000006d5c00000)
  from space 40960K,   0% used [0x00000006d8400000, 0x00000006d8400810, 0x00000006dac00000)
  to   space 40960K,   0% used [0x00000006d5c00000, 0x00000006d5c00000, 0x00000006d8400000)
 concurrent mark-sweep generation total 3756032K, used 1080822K [0x00000006dac00000, 0x00000007c0000000, 0x00000007c0000000)
 Metaspace       used 42573K, capacity 43892K, committed 44572K, reserved 1087488K
  class space    used 5454K, capacity 5756K, committed 5960K, reserved 1048576K
}
2020-07-01T08:30:41.070+0200: 399995.712: Total time for which application threads were stopped: 0.0515821 seconds, Stopping threads took: 0.0000518 seconds
{Heap before GC invocations=495441 (full 2):
 par new generation   total 368640K, used 327682K [0x00000006c1c00000, 0x00000006dac00000, 0x00000006dac00000)
  eden space 327680K, 100% used [0x00000006c1c00000, 0x00000006d5c00000, 0x00000006d5c00000)
  from space 40960K,   0% used [0x00000006d8400000, 0x00000006d8400810, 0x00000006dac00000)
  to   space 40960K,   0% used [0x00000006d5c00000, 0x00000006d5c00000, 0x00000006d8400000)
 concurrent mark-sweep generation total 3756032K, used 1080822K [0x00000006dac00000, 0x00000007c0000000, 0x00000007c0000000)
 Metaspace       used 42573K, capacity 43892K, committed 44572K, reserved 1087488K
  class space    used 5454K, capacity 5756K, committed 5960K, reserved 1048576K
2020-07-01T08:30:41.370+0200: 399996.013: [GC (Allocation Failure) 2020-07-01T08:30:41.370+0200: 399996.013: [ParNew
Desired survivor size 20971520 bytes, new threshold 1 (max 1)
- age   1:        272 bytes,        272 total
: 327682K->4K(368640K), 0.0100436 secs] 1408504K->1080826K(4124672K), 0.0101792 secs] [Times: user=0.00 sys=0.00, real=0.01 secs] 
Heap after GC invocations=495442 (full 2):
 par new generation   total 368640K, used 4K [0x00000006c1c00000, 0x00000006dac00000, 0x00000006dac00000)
  eden space 327680K,   0% used [0x00000006c1c00000, 0x00000006c1c00000, 0x00000006d5c00000)
  from space 40960K,   0% used [0x00000006d5c00000, 0x00000006d5c01020, 0x00000006d8400000)
  to   space 40960K,   0% used [0x00000006d8400000, 0x00000006d8400000, 0x00000006dac00000)
 concurrent mark-sweep generation total 3756032K, used 1080822K [0x00000006dac00000, 0x00000007c0000000, 0x00000007c0000000)
 Metaspace       used 42573K, capacity 43892K, committed 44572K, reserved 1087488K
  class space    used 5454K, capacity 5756K, committed 5960K, reserved 1048576K
}
2020-07-01T08:30:41.380+0200: 399996.023: Total time for which application threads were stopped: 0.0105381 seconds, Stopping threads took: 0.0001061 seconds
{Heap before GC invocations=495442 (full 2):
 par new generation   total 368640K, used 327684K [0x00000006c1c00000, 0x00000006dac00000, 0x00000006dac00000)
  eden space 327680K, 100% used [0x00000006c1c00000, 0x00000006d5c00000, 0x00000006d5c00000)
  from space 40960K,   0% used [0x00000006d5c00000, 0x00000006d5c01020, 0x00000006d8400000)
  to   space 40960K,   0% used [0x00000006d8400000, 0x00000006d8400000, 0x00000006dac00000)
 concurrent mark-sweep generation total 3756032K, used 1080822K [0x00000006dac00000, 0x00000007c0000000, 0x00000007c0000000)
 Metaspace       used 42573K, capacity 43892K, committed 44572K, reserved 1087488K
  class space    used 5454K, capacity 5756K, committed 5960K, reserved 1048576K
2020-07-01T08:30:41.701+0200: 399996.344: [GC (Allocation Failure) 2020-07-01T08:30:41.701+0200: 399996.344: [ParNew
Desired survivor size 20971520 bytes, new threshold 1 (max 1)
- age   1:        272 bytes,        272 total
: 327684K->4K(368640K), 0.0082732 secs] 1408506K->1080826K(4124672K), 0.0083943 secs] [Times: user=0.00 sys=0.00, real=0.01 secs] 
Heap after GC invocations=495443 (full 2):
 par new generation   total 368640K, used 4K [0x00000006c1c00000, 0x00000006dac00000, 0x00000006dac00000)
  eden space 327680K,   0% used [0x00000006c1c00000, 0x00000006c1c00000, 0x00000006d5c00000)
  from space 40960K,   0% used [0x00000006d8400000, 0x00000006d8401020, 0x00000006dac00000)
  to   space 40960K,   0% used [0x00000006d5c00000, 0x00000006d5c00000, 0x00000006d8400000)
 concurrent mark-sweep generation total 3756032K, used 1080822K [0x00000006dac00000, 0x00000007c0000000, 0x00000007c0000000)
 Metaspace       used 42573K, capacity 43892K, committed 44572K, reserved 1087488K
  class space    used 5454K, capacity 5756K, committed 5960K, reserved 1048576K
}
2020-07-01T08:30:41.709+0200: 399996.352: Total time for which application threads were stopped: 0.0086873 seconds, Stopping threads took: 0.0000501 seconds
{Heap before GC invocations=495443 (full 2):
 par new generation   total 368640K, used 327684K [0x00000006c1c00000, 0x00000006dac00000, 0x00000006dac00000)
  eden space 327680K, 100% used [0x00000006c1c00000, 0x00000006d5c00000, 0x00000006d5c00000)
  from space 40960K,   0% used [0x00000006d8400000, 0x00000006d8401020, 0x00000006dac00000)
  to   space 40960K,   0% used [0x00000006d5c00000, 0x00000006d5c00000, 0x00000006d8400000)
 concurrent mark-sweep generation total 3756032K, used 1080822K [0x00000006dac00000, 0x00000007c0000000, 0x00000007c0000000)
 Metaspace       used 42573K, capacity 43892K, committed 44572K, reserved 1087488K
  class space    used 5454K, capacity 5756K, committed 5960K, reserved 1048576K
2020-07-01T08:30:42.011+0200: 399996.654: [GC (Allocation Failure) 2020-07-01T08:30:42.011+0200: 399996.654: [ParNew
Desired survivor size 20971520 bytes, new threshold 1 (max 1)
- age   1:        304 bytes,        304 total
: 327684K->4K(368640K), 0.0103285 secs] 1408506K->1080826K(4124672K), 0.0104588 secs] [Times: user=0.02 sys=0.00, real=0.01 secs] 
Heap after GC invocations=495444 (full 2):
 par new generation   total 368640K, used 4K [0x00000006c1c00000, 0x00000006dac00000, 0x00000006dac00000)
  eden space 327680K,   0% used [0x00000006c1c00000, 0x00000006c1c00000, 0x00000006d5c00000)
  from space 40960K,   0% used [0x00000006d5c00000, 0x00000006d5c01020, 0x00000006d8400000)
  to   space 40960K,   0% used [0x00000006d8400000, 0x00000006d8400000, 0x00000006dac00000)
 concurrent mark-sweep generation total 3756032K, used 1080822K [0x00000006dac00000, 0x00000007c0000000, 0x00000007c0000000)
 Metaspace       used 42573K, capacity 43892K, committed 44572K, reserved 1087488K
  class space    used 5454K, capacity 5756K, committed 5960K, reserved 1048576K
}
2020-07-01T08:30:42.021+0200: 399996.664: Total time for which application threads were stopped: 0.0108347 seconds, Stopping threads took: 0.0001243 seconds
{Heap before GC invocations=495444 (full 2):
 par new generation   total 368640K, used 327684K [0x00000006c1c00000, 0x00000006dac00000, 0x00000006dac00000)
  eden space 327680K, 100% used [0x00000006c1c00000, 0x00000006d5c00000, 0x00000006d5c00000)
  from space 40960K,   0% used [0x00000006d5c00000, 0x00000006d5c01020, 0x00000006d8400000)
  to   space 40960K,   0% used [0x00000006d8400000, 0x00000006d8400000, 0x00000006dac00000)
 concurrent mark-sweep generation total 3756032K, used 1080822K [0x00000006dac00000, 0x00000007c0000000, 0x00000007c0000000)
 Metaspace       used 42573K, capacity 43892K, committed 44572K, reserved 1087488K
  class space    used 5454K, capacity 5756K, committed 5960K, reserved 1048576K
2020-07-01T08:30:42.332+0200: 399996.975: [GC (Allocation Failure) 2020-07-01T08:30:42.332+0200: 399996.975: [ParNew
Desired survivor size 20971520 bytes, new threshold 1 (max 1)
- age   1:        240 bytes,        240 total
: 327684K->2K(368640K), 0.0208307 secs] 1408506K->1080824K(4124672K), 0.0209285 secs] [Times: user=0.02 sys=0.00, real=0.02 secs] 
Heap after GC invocations=495445 (full 2):
 par new generation   total 368640K, used 2K [0x00000006c1c00000, 0x00000006dac00000, 0x00000006dac00000)
  eden space 327680K,   0% used [0x00000006c1c00000, 0x00000006c1c00000, 0x00000006d5c00000)
  from space 40960K,   0% used [0x00000006d8400000, 0x00000006d8400810, 0x00000006dac00000)
  to   space 40960K,   0% used [0x00000006d5c00000, 0x00000006d5c00000, 0x00000006d8400000)
 concurrent mark-sweep generation total 3756032K, used 1080822K [0x00000006dac00000, 0x00000007c0000000, 0x00000007c0000000)
 Metaspace       used 42573K, capacity 43892K, committed 44572K, reserved 1087488K
  class space    used 5454K, capacity 5756K, committed 5960K, reserved 1048576K
}
2020-07-01T08:30:42.353+0200: 399996.996: Total time for which application threads were stopped: 0.0212123 seconds, Stopping threads took: 0.0000500 seconds
{Heap before GC invocations=495445 (full 2):
 par new generation   total 368640K, used 327682K [0x00000006c1c00000, 0x00000006dac00000, 0x00000006dac00000)
  eden space 327680K, 100% used [0x00000006c1c00000, 0x00000006d5c00000, 0x00000006d5c00000)
  from space 40960K,   0% used [0x00000006d8400000, 0x00000006d8400810, 0x00000006dac00000)
  to   space 40960K,   0% used [0x00000006d5c00000, 0x00000006d5c00000, 0x00000006d8400000)
 concurrent mark-sweep generation total 3756032K, used 1080822K [0x00000006dac00000, 0x00000007c0000000, 0x00000007c0000000)
 Metaspace       used 42573K, capacity 43892K, committed 44572K, reserved 1087488K
  class space    used 5454K, capacity 5756K, committed 5960K, reserved 1048576K
2020-07-01T08:30:42.655+0200: 399997.298: [GC (Allocation Failure) 2020-07-01T08:30:42.655+0200: 399997.298: [ParNew
Desired survivor size 20971520 bytes, new threshold 1 (max 1)
- age   1:        304 bytes,        304 total
: 327682K->4K(368640K), 0.0115519 secs] 1408504K->1080826K(4124672K), 0.0116805 secs] [Times: user=0.00 sys=0.00, real=0.01 secs] 
Heap after GC invocations=495446 (full 2):
 par new generation   total 368640K, used 4K [0x00000006c1c00000, 0x00000006dac00000, 0x00000006dac00000)
  eden space 327680K,   0% used [0x00000006c1c00000, 0x00000006c1c00000, 0x00000006d5c00000)
  from space 40960K,   0% used [0x00000006d5c00000, 0x00000006d5c01020, 0x00000006d8400000)
  to   space 40960K,   0% used [0x00000006d8400000, 0x00000006d8400000, 0x00000006dac00000)
 concurrent mark-sweep generation total 3756032K, used 1080822K [0x00000006dac00000, 0x00000007c0000000, 0x00000007c0000000)
 Metaspace       used 42573K, capacity 43892K, committed 44572K, reserved 1087488K
  class space    used 5454K, capacity 5756K, committed 5960K, reserved 1048576K
}
2020-07-01T08:30:42.667+0200: 399997.310: Total time for which application threads were stopped: 0.0119785 seconds, Stopping threads took: 0.0000495 seconds
{Heap before GC invocations=495446 (full 2):
 par new generation   total 368640K, used 327684K [0x00000006c1c00000, 0x00000006dac00000, 0x00000006dac00000)
  eden space 327680K, 100% used [0x00000006c1c00000, 0x00000006d5c00000, 0x00000006d5c00000)
  from space 40960K,   0% used [0x00000006d5c00000, 0x00000006d5c01020, 0x00000006d8400000)
  to   space 40960K,   0% used [0x00000006d8400000, 0x00000006d8400000, 0x00000006dac00000)
 concurrent mark-sweep generation total 3756032K, used 1080822K [0x00000006dac00000, 0x00000007c0000000, 0x00000007c0000000)
 Metaspace       used 42573K, capacity 43892K, committed 44572K, reserved 1087488K
  class space    used 5454K, capacity 5756K, committed 5960K, reserved 1048576K
2020-07-01T08:30:42.998+0200: 399997.641: [GC (Allocation Failure) 2020-07-01T08:30:42.999+0200: 399997.641: [ParNew
Desired survivor size 20971520 bytes, new threshold 1 (max 1)
- age   1:        240 bytes,        240 total
: 327684K->2K(368640K), 0.0292331 secs] 1408506K->1080824K(4124672K), 0.0293312 secs] [Times: user=0.02 sys=0.00, real=0.03 secs] 
Heap after GC invocations=495447 (full 2):
 par new generation   total 368640K, used 2K [0x00000006c1c00000, 0x00000006dac00000, 0x00000006dac00000)
  eden space 327680K,   0% used [0x00000006c1c00000, 0x00000006c1c00000, 0x00000006d5c00000)
  from space 40960K,   0% used [0x00000006d8400000, 0x00000006d8400810, 0x00000006dac00000)
  to   space 40960K,   0% used [0x00000006d5c00000, 0x00000006d5c00000, 0x00000006d8400000)
 concurrent mark-sweep generation total 3756032K, used 1080822K [0x00000006dac00000, 0x00000007c0000000, 0x00000007c0000000)
 Metaspace       used 42573K, capacity 43892K, committed 44572K, reserved 1087488K
  class space    used 5454K, capacity 5756K, committed 5960K, reserved 1048576K
}
2020-07-01T08:30:43.028+0200: 399997.671: Total time for which application threads were stopped: 0.0296609 seconds, Stopping threads took: 0.0000536 seconds
{Heap before GC invocations=495447 (full 2):
 par new generation   total 368640K, used 327682K [0x00000006c1c00000, 0x00000006dac00000, 0x00000006dac00000)
  eden space 327680K, 100% used [0x00000006c1c00000, 0x00000006d5c00000, 0x00000006d5c00000)
  from space 40960K,   0% used [0x00000006d8400000, 0x00000006d8400810, 0x00000006dac00000)
  to   space 40960K,   0% used [0x00000006d5c00000, 0x00000006d5c00000, 0x00000006d8400000)
 concurrent mark-sweep generation total 3756032K, used 1080822K [0x00000006dac00000, 0x00000007c0000000, 0x00000007c0000000)
 Metaspace       used 42573K, capacity 43892K, committed 44572K, reserved 1087488K
  class space    used 5454K, capacity 5756K, committed 5960K, reserved 1048576K
2020-07-01T08:30:43.429+0200: 399998.072: [GC (Allocation Failure) 2020-07-01T08:30:43.429+0200: 399998.072: [ParNew
Desired survivor size 20971520 bytes, new threshold 1 (max 1)
- age   1:        272 bytes,        272 total
: 327682K->2K(368640K), 0.0389846 secs] 1408504K->1080824K(4124672K), 0.0390920 secs] [Times: user=0.00 sys=0.00, real=0.04 secs] 
Heap after GC invocations=495448 (full 2):
 par new generation   total 368640K, used 2K [0x00000006c1c00000, 0x00000006dac00000, 0x00000006dac00000)
  eden space 327680K,   0% used [0x00000006c1c00000, 0x00000006c1c00000, 0x00000006d5c00000)
  from space 40960K,   0% used [0x00000006d5c00000, 0x00000006d5c00810, 0x00000006d8400000)
  to   space 40960K,   0% used [0x00000006d8400000, 0x00000006d8400000, 0x00000006dac00000)
 concurrent mark-sweep generation total 3756032K, used 1080822K [0x00000006dac00000, 0x00000007c0000000, 0x00000007c0000000)
 Metaspace       used 42573K, capacity 43892K, committed 44572K, reserved 1087488K
  class space    used 5454K, capacity 5756K, committed 5960K, reserved 1048576K
}
2020-07-01T08:30:43.469+0200: 399998.111: Total time for which application threads were stopped: 0.0394296 seconds, Stopping threads took: 0.0000455 seconds
{Heap before GC invocations=495448 (full 2):
 par new generation   total 368640K, used 327682K [0x00000006c1c00000, 0x00000006dac00000, 0x00000006dac00000)
  eden space 327680K, 100% used [0x00000006c1c00000, 0x00000006d5c00000, 0x00000006d5c00000)
  from space 40960K,   0% used [0x00000006d5c00000, 0x00000006d5c00810, 0x00000006d8400000)
  to   space 40960K,   0% used [0x00000006d8400000, 0x00000006d8400000, 0x00000006dac00000)
 concurrent mark-sweep generation total 3756032K, used 1080822K [0x00000006dac00000, 0x00000007c0000000, 0x00000007c0000000)
 Metaspace       used 42573K, capacity 43892K, committed 44572K, reserved 1087488K
  class space    used 5454K, capacity 5756K, committed 5960K, reserved 1048576K
2020-07-01T08:30:44.293+0200: 399998.936: [GC (Allocation Failure) 2020-07-01T08:30:44.293+0200: 399998.936: [ParNew
Desired survivor size 20971520 bytes, new threshold 1 (max 1)
- age   1:        272 bytes,        272 total
: 327682K->2K(368640K), 0.4012415 secs] 1408504K->1080824K(4124672K), 0.4013457 secs] [Times: user=0.01 sys=0.00, real=0.40 secs] 
Heap after GC invocations=495449 (full 2):
 par new generation   total 368640K, used 2K [0x00000006c1c00000, 0x00000006dac00000, 0x00000006dac00000)
  eden space 327680K,   0% used [0x00000006c1c00000, 0x00000006c1c00000, 0x00000006d5c00000)
  from space 40960K,   0% used [0x00000006d8400000, 0x00000006d8400810, 0x00000006dac00000)
  to   space 40960K,   0% used [0x00000006d5c00000, 0x00000006d5c00000, 0x00000006d8400000)
 concurrent mark-sweep generation total 3756032K, used 1080822K [0x00000006dac00000, 0x00000007c0000000, 0x00000007c0000000)
 Metaspace       used 42573K, capacity 43892K, committed 44572K, reserved 1087488K
  class space    used 5454K, capacity 5756K, committed 5960K, reserved 1048576K
}
2020-07-01T08:30:44.695+0200: 399999.338: Total time for which application threads were stopped: 0.4016318 seconds, Stopping threads took: 0.0000506 seconds
{Heap before GC invocations=495449 (full 2):
 par new generation   total 368640K, used 327682K [0x00000006c1c00000, 0x00000006dac00000, 0x00000006dac00000)
  eden space 327680K, 100% used [0x00000006c1c00000, 0x00000006d5c00000, 0x00000006d5c00000)
  from space 40960K,   0% used [0x00000006d8400000, 0x00000006d8400810, 0x00000006dac00000)
  to   space 40960K,   0% used [0x00000006d5c00000, 0x00000006d5c00000, 0x00000006d8400000)
 concurrent mark-sweep generation total 3756032K, used 1080822K [0x00000006dac00000, 0x00000007c0000000, 0x00000007c0000000)
 Metaspace       used 42573K, capacity 43892K, committed 44572K, reserved 1087488K
  class space    used 5454K, capacity 5756K, committed 5960K, reserved 1048576K
2020-07-01T08:30:45.456+0200: 400000.099: [GC (Allocation Failure) 2020-07-01T08:30:45.456+0200: 400000.099: [ParNew
Desired survivor size 20971520 bytes, new threshold 1 (max 1)
- age   1:        848 bytes,        848 total
: 327682K->4K(368640K), 0.0315202 secs] 1408504K->1080826K(4124672K), 0.0316360 secs] [Times: user=0.02 sys=0.00, real=0.04 secs] 
Heap after GC invocations=495450 (full 2):
 par new generation   total 368640K, used 4K [0x00000006c1c00000, 0x00000006dac00000, 0x00000006dac00000)
  eden space 327680K,   0% used [0x00000006c1c00000, 0x00000006c1c00000, 0x00000006d5c00000)
  from space 40960K,   0% used [0x00000006d5c00000, 0x00000006d5c01020, 0x00000006d8400000)
  to   space 40960K,   0% used [0x00000006d8400000, 0x00000006d8400000, 0x00000006dac00000)
 concurrent mark-sweep generation total 3756032K, used 1080822K [0x00000006dac00000, 0x00000007c0000000, 0x00000007c0000000)
 Metaspace       used 42573K, capacity 43892K, committed 44572K, reserved 1087488K
  class space    used 5454K, capacity 5756K, committed 5960K, reserved 1048576K
}
2020-07-01T08:30:45.488+0200: 400000.131: Total time for which application threads were stopped: 0.0319744 seconds, Stopping threads took: 0.0000464 seconds
{Heap before GC invocations=495450 (full 2):
 par new generation   total 368640K, used 327684K [0x00000006c1c00000, 0x00000006dac00000, 0x00000006dac00000)
  eden space 327680K, 100% used [0x00000006c1c00000, 0x00000006d5c00000, 0x00000006d5c00000)
  from space 40960K,   0% used [0x00000006d5c00000, 0x00000006d5c01020, 0x00000006d8400000)
  to   space 40960K,   0% used [0x00000006d8400000, 0x00000006d8400000, 0x00000006dac00000)
 concurrent mark-sweep generation total 3756032K, used 1080822K [0x00000006dac00000, 0x00000007c0000000, 0x00000007c0000000)
 Metaspace       used 42573K, capacity 43892K, committed 44572K, reserved 1087488K
  class space    used 5454K, capacity 5756K, committed 5960K, reserved 1048576K
2020-07-01T08:30:45.819+0200: 400000.462: [GC (Allocation Failure) 2020-07-01T08:30:45.819+0200: 400000.462: [ParNew
Desired survivor size 20971520 bytes, new threshold 1 (max 1)
- age   1:        240 bytes,        240 total
: 327684K->4K(368640K), 0.0184391 secs] 1408506K->1080827K(4124672K), 0.0185467 secs] [Times: user=0.01 sys=0.00, real=0.01 secs] 
Heap after GC invocations=495451 (full 2):
 par new generation   total 368640K, used 4K [0x00000006c1c00000, 0x00000006dac00000, 0x00000006dac00000)
  eden space 327680K,   0% used [0x00000006c1c00000, 0x00000006c1c00000, 0x00000006d5c00000)
  from space 40960K,   0% used [0x00000006d8400000, 0x00000006d8401020, 0x00000006dac00000)
  to   space 40960K,   0% used [0x00000006d5c00000, 0x00000006d5c00000, 0x00000006d8400000)
 concurrent mark-sweep generation total 3756032K, used 1080823K [0x00000006dac00000, 0x00000007c0000000, 0x00000007c0000000)
 Metaspace       used 42573K, capacity 43892K, committed 44572K, reserved 1087488K
  class space    used 5454K, capacity 5756K, committed 5960K, reserved 1048576K
}
2020-07-01T08:30:45.838+0200: 400000.480: Total time for which application threads were stopped: 0.0188338 seconds, Stopping threads took: 0.0000491 seconds
{Heap before GC invocations=495451 (full 2):
 par new generation   total 368640K, used 327684K [0x00000006c1c00000, 0x00000006dac00000, 0x00000006dac00000)
  eden space 327680K, 100% used [0x00000006c1c00000, 0x00000006d5c00000, 0x00000006d5c00000)
  from space 40960K,   0% used [0x00000006d8400000, 0x00000006d8401020, 0x00000006dac00000)
  to   space 40960K,   0% used [0x00000006d5c00000, 0x00000006d5c00000, 0x00000006d8400000)
 concurrent mark-sweep generation total 3756032K, used 1080823K [0x00000006dac00000, 0x00000007c0000000, 0x00000007c0000000)
 Metaspace       used 42573K, capacity 43892K, committed 44572K, reserved 1087488K
  class space    used 5454K, capacity 5756K, committed 5960K, reserved 1048576K
2020-07-01T08:30:46.162+0200: 400000.805: [GC (Allocation Failure) 2020-07-01T08:30:46.162+0200: 400000.805: [ParNew
Desired survivor size 20971520 bytes, new threshold 1 (max 1)
- age   1:        272 bytes,        272 total
: 327684K->4K(368640K), 0.0133900 secs] 1408507K->1080827K(4124672K), 0.0135109 secs] [Times: user=0.03 sys=0.00, real=0.01 secs] 
Heap after GC invocations=495452 (full 2):
 par new generation   total 368640K, used 4K [0x00000006c1c00000, 0x00000006dac00000, 0x00000006dac00000)
  eden space 327680K,   0% used [0x00000006c1c00000, 0x00000006c1c00000, 0x00000006d5c00000)
  from space 40960K,   0% used [0x00000006d5c00000, 0x00000006d5c01020, 0x00000006d8400000)
  to   space 40960K,   0% used [0x00000006d8400000, 0x00000006d8400000, 0x00000006dac00000)
 concurrent mark-sweep generation total 3756032K, used 1080823K [0x00000006dac00000, 0x00000007c0000000, 0x00000007c0000000)
 Metaspace       used 42573K, capacity 43892K, committed 44572K, reserved 1087488K
  class space    used 5454K, capacity 5756K, committed 5960K, reserved 1048576K
}
2020-07-01T08:30:46.176+0200: 400000.819: Total time for which application threads were stopped: 0.0137966 seconds, Stopping threads took: 0.0000474 seconds
{Heap before GC invocations=495452 (full 2):
 par new generation   total 368640K, used 327684K [0x00000006c1c00000, 0x00000006dac00000, 0x00000006dac00000)
  eden space 327680K, 100% used [0x00000006c1c00000, 0x00000006d5c00000, 0x00000006d5c00000)
  from space 40960K,   0% used [0x00000006d5c00000, 0x00000006d5c01020, 0x00000006d8400000)
  to   space 40960K,   0% used [0x00000006d8400000, 0x00000006d8400000, 0x00000006dac00000)
 concurrent mark-sweep generation total 3756032K, used 1080823K [0x00000006dac00000, 0x00000007c0000000, 0x00000007c0000000)
 Metaspace       used 42573K, capacity 43892K, committed 44572K, reserved 1087488K
  class space    used 5454K, capacity 5756K, committed 5960K, reserved 1048576K
2020-07-01T08:30:46.506+0200: 400001.149: [GC (Allocation Failure) 2020-07-01T08:30:46.506+0200: 400001.149: [ParNew
Desired survivor size 20971520 bytes, new threshold 1 (max 1)
- age   1:        272 bytes,        272 total
: 327684K->4K(368640K), 0.0234118 secs] 1408507K->1080827K(4124672K), 0.0235267 secs] [Times: user=0.02 sys=0.00, real=0.03 secs] 
Heap after GC invocations=495453 (full 2):
 par new generation   total 368640K, used 4K [0x00000006c1c00000, 0x00000006dac00000, 0x00000006dac00000)
  eden space 327680K,   0% used [0x00000006c1c00000, 0x00000006c1c00000, 0x00000006d5c00000)
  from space 40960K,   0% used [0x00000006d8400000, 0x00000006d8401020, 0x00000006dac00000)
  to   space 40960K,   0% used [0x00000006d5c00000, 0x00000006d5c00000, 0x00000006d8400000)
 concurrent mark-sweep generation total 3756032K, used 1080823K [0x00000006dac00000, 0x00000007c0000000, 0x00000007c0000000)
 Metaspace       used 42573K, capacity 43892K, committed 44572K, reserved 1087488K
  class space    used 5454K, capacity 5756K, committed 5960K, reserved 1048576K
}
2020-07-01T08:30:46.530+0200: 400001.173: Total time for which application threads were stopped: 0.0238736 seconds, Stopping threads took: 0.0000925 seconds
{Heap before GC invocations=495453 (full 2):
 par new generation   total 368640K, used 327684K [0x00000006c1c00000, 0x00000006dac00000, 0x00000006dac00000)
  eden space 327680K, 100% used [0x00000006c1c00000, 0x00000006d5c00000, 0x00000006d5c00000)
  from space 40960K,   0% used [0x00000006d8400000, 0x00000006d8401020, 0x00000006dac00000)
  to   space 40960K,   0% used [0x00000006d5c00000, 0x00000006d5c00000, 0x00000006d8400000)
 concurrent mark-sweep generation total 3756032K, used 1080823K [0x00000006dac00000, 0x00000007c0000000, 0x00000007c0000000)
 Metaspace       used 42573K, capacity 43892K, committed 44572K, reserved 1087488K
  class space    used 5454K, capacity 5756K, committed 5960K, reserved 1048576K
2020-07-01T08:30:46.879+0200: 400001.522: [GC (Allocation Failure) 2020-07-01T08:30:46.879+0200: 400001.522: [ParNew
Desired survivor size 20971520 bytes, new threshold 1 (max 1)
- age   1:        728 bytes,        728 total
: 327684K->4K(368640K), 0.0269279 secs] 1408507K->1080827K(4124672K), 0.0270563 secs] [Times: user=0.01 sys=0.00, real=0.02 secs] 
Heap after GC invocations=495454 (full 2):
 par new generation   total 368640K, used 4K [0x00000006c1c00000, 0x00000006dac00000, 0x00000006dac00000)
  eden space 327680K,   0% used [0x00000006c1c00000, 0x00000006c1c00000, 0x00000006d5c00000)
  from space 40960K,   0% used [0x00000006d5c00000, 0x00000006d5c01020, 0x00000006d8400000)
  to   space 40960K,   0% used [0x00000006d8400000, 0x00000006d8400000, 0x00000006dac00000)
 concurrent mark-sweep generation total 3756032K, used 1080823K [0x00000006dac00000, 0x00000007c0000000, 0x00000007c0000000)
 Metaspace       used 42573K, capacity 43892K, committed 44572K, reserved 1087488K
  class space    used 5454K, capacity 5756K, committed 5960K, reserved 1048576K
}
2020-07-01T08:30:46.906+0200: 400001.549: Total time for which application threads were stopped: 0.0502668 seconds, Stopping threads took: 0.0229580 seconds
{Heap before GC invocations=495454 (full 2):
 par new generation   total 368640K, used 327684K [0x00000006c1c00000, 0x00000006dac00000, 0x00000006dac00000)
  eden space 327680K, 100% used [0x00000006c1c00000, 0x00000006d5c00000, 0x00000006d5c00000)
  from space 40960K,   0% used [0x00000006d5c00000, 0x00000006d5c01020, 0x00000006d8400000)
  to   space 40960K,   0% used [0x00000006d8400000, 0x00000006d8400000, 0x00000006dac00000)
 concurrent mark-sweep generation total 3756032K, used 1080823K [0x00000006dac00000, 0x00000007c0000000, 0x00000007c0000000)
 Metaspace       used 42573K, capacity 43892K, committed 44572K, reserved 1087488K
  class space    used 5454K, capacity 5756K, committed 5960K, reserved 1048576K
2020-07-01T08:30:47.221+0200: 400001.863: [GC (Allocation Failure) 2020-07-01T08:30:47.221+0200: 400001.864: [ParNew
Desired survivor size 20971520 bytes, new threshold 1 (max 1)
- age   1:        304 bytes,        304 total
: 327684K->4K(368640K), 0.0190685 secs] 1408507K->1080828K(4124672K), 0.0191802 secs] [Times: user=0.02 sys=0.00, real=0.02 secs] 
Heap after GC invocations=495455 (full 2):
 par new generation   total 368640K, used 4K [0x00000006c1c00000, 0x00000006dac00000, 0x00000006dac00000)
  eden space 327680K,   0% used [0x00000006c1c00000, 0x00000006c1c00000, 0x00000006d5c00000)
  from space 40960K,   0% used [0x00000006d8400000, 0x00000006d8401020, 0x00000006dac00000)
  to   space 40960K,   0% used [0x00000006d5c00000, 0x00000006d5c00000, 0x00000006d8400000)
 concurrent mark-sweep generation total 3756032K, used 1080823K [0x00000006dac00000, 0x00000007c0000000, 0x00000007c0000000)
 Metaspace       used 42573K, capacity 43892K, committed 44572K, reserved 1087488K
  class space    used 5454K, capacity 5756K, committed 5960K, reserved 1048576K
}
2020-07-01T08:30:47.240+0200: 400001.883: Total time for which application threads were stopped: 0.0194885 seconds, Stopping threads took: 0.0000486 seconds
{Heap before GC invocations=495455 (full 2):
 par new generation   total 368640K, used 327684K [0x00000006c1c00000, 0x00000006dac00000, 0x00000006dac00000)
  eden space 327680K, 100% used [0x00000006c1c00000, 0x00000006d5c00000, 0x00000006d5c00000)
  from space 40960K,   0% used [0x00000006d8400000, 0x00000006d8401020, 0x00000006dac00000)
  to   space 40960K,   0% used [0x00000006d5c00000, 0x00000006d5c00000, 0x00000006d8400000)
 concurrent mark-sweep generation total 3756032K, used 1080823K [0x00000006dac00000, 0x00000007c0000000, 0x00000007c0000000)
 Metaspace       used 42573K, capacity 43892K, committed 44572K, reserved 1087488K
  class space    used 5454K, capacity 5756K, committed 5960K, reserved 1048576K
2020-07-01T08:30:47.543+0200: 400002.186: [GC (Allocation Failure) 2020-07-01T08:30:47.543+0200: 400002.186: [ParNew
Desired survivor size 20971520 bytes, new threshold 1 (max 1)
- age   1:        272 bytes,        272 total
: 327684K->4K(368640K), 0.0117390 secs] 1408508K->1080828K(4124672K), 0.0118430 secs] [Times: user=0.00 sys=0.00, real=0.01 secs] 
Heap after GC invocations=495456 (full 2):
 par new generation   total 368640K, used 4K [0x00000006c1c00000, 0x00000006dac00000, 0x00000006dac00000)
  eden space 327680K,   0% used [0x00000006c1c00000, 0x00000006c1c00000, 0x00000006d5c00000)
  from space 40960K,   0% used [0x00000006d5c00000, 0x00000006d5c01020, 0x00000006d8400000)
  to   space 40960K,   0% used [0x00000006d8400000, 0x00000006d8400000, 0x00000006dac00000)
 concurrent mark-sweep generation total 3756032K, used 1080824K [0x00000006dac00000, 0x00000007c0000000, 0x00000007c0000000)
 Metaspace       used 42573K, capacity 43892K, committed 44572K, reserved 1087488K
  class space    used 5454K, capacity 5756K, committed 5960K, reserved 1048576K
}
2020-07-01T08:30:47.555+0200: 400002.197: Total time for which application threads were stopped: 0.0122031 seconds, Stopping threads took: 0.0001180 seconds
{Heap before GC invocations=495456 (full 2):
 par new generation   total 368640K, used 327684K [0x00000006c1c00000, 0x00000006dac00000, 0x00000006dac00000)
  eden space 327680K, 100% used [0x00000006c1c00000, 0x00000006d5c00000, 0x00000006d5c00000)
  from space 40960K,   0% used [0x00000006d5c00000, 0x00000006d5c01020, 0x00000006d8400000)
  to   space 40960K,   0% used [0x00000006d8400000, 0x00000006d8400000, 0x00000006dac00000)
 concurrent mark-sweep generation total 3756032K, used 1080824K [0x00000006dac00000, 0x00000007c0000000, 0x00000007c0000000)
 Metaspace       used 42573K, capacity 43892K, committed 44572K, reserved 1087488K
  class space    used 5454K, capacity 5756K, committed 5960K, reserved 1048576K
2020-07-01T08:30:47.867+0200: 400002.510: [GC (Allocation Failure) 2020-07-01T08:30:47.867+0200: 400002.510: [ParNew
Desired survivor size 20971520 bytes, new threshold 1 (max 1)
- age   1:        504 bytes,        504 total
: 327684K->2K(368640K), 0.0230537 secs] 1408508K->1080826K(4124672K), 0.0234158 secs] [Times: user=0.03 sys=0.00, real=0.03 secs] 
Heap after GC invocations=495457 (full 2):
 par new generation   total 368640K, used 2K [0x00000006c1c00000, 0x00000006dac00000, 0x00000006dac00000)
  eden space 327680K,   0% used [0x00000006c1c00000, 0x00000006c1c00000, 0x00000006d5c00000)
  from space 40960K,   0% used [0x00000006d8400000, 0x00000006d8400810, 0x00000006dac00000)
  to   space 40960K,   0% used [0x00000006d5c00000, 0x00000006d5c00000, 0x00000006d8400000)
 concurrent mark-sweep generation total 3756032K, used 1080824K [0x00000006dac00000, 0x00000007c0000000, 0x00000007c0000000)
 Metaspace       used 42573K, capacity 43892K, committed 44572K, reserved 1087488K
  class space    used 5454K, capacity 5756K, committed 5960K, reserved 1048576K
}
2020-07-01T08:30:47.890+0200: 400002.533: Total time for which application threads were stopped: 0.0237421 seconds, Stopping threads took: 0.0000555 seconds
{Heap before GC invocations=495457 (full 2):
 par new generation   total 368640K, used 327682K [0x00000006c1c00000, 0x00000006dac00000, 0x00000006dac00000)
  eden space 327680K, 100% used [0x00000006c1c00000, 0x00000006d5c00000, 0x00000006d5c00000)
  from space 40960K,   0% used [0x00000006d8400000, 0x00000006d8400810, 0x00000006dac00000)
  to   space 40960K,   0% used [0x00000006d5c00000, 0x00000006d5c00000, 0x00000006d8400000)
 concurrent mark-sweep generation total 3756032K, used 1080824K [0x00000006dac00000, 0x00000007c0000000, 0x00000007c0000000)
 Metaspace       used 42573K, capacity 43892K, committed 44572K, reserved 1087488K
  class space    used 5454K, capacity 5756K, committed 5960K, reserved 1048576K
2020-07-01T08:30:48.193+0200: 400002.836: [GC (Allocation Failure) 2020-07-01T08:30:48.193+0200: 400002.836: [ParNew
Desired survivor size 20971520 bytes, new threshold 1 (max 1)
- age   1:        272 bytes,        272 total
: 327682K->4K(368640K), 0.0126306 secs] 1408506K->1080828K(4124672K), 0.0127366 secs] [Times: user=0.03 sys=0.00, real=0.01 secs] 
Heap after GC invocations=495458 (full 2):
 par new generation   total 368640K, used 4K [0x00000006c1c00000, 0x00000006dac00000, 0x00000006dac00000)
  eden space 327680K,   0% used [0x00000006c1c00000, 0x00000006c1c00000, 0x00000006d5c00000)
  from space 40960K,   0% used [0x00000006d5c00000, 0x00000006d5c01020, 0x00000006d8400000)
  to   space 40960K,   0% used [0x00000006d8400000, 0x00000006d8400000, 0x00000006dac00000)
 concurrent mark-sweep generation total 3756032K, used 1080824K [0x00000006dac00000, 0x00000007c0000000, 0x00000007c0000000)
 Metaspace       used 42573K, capacity 43892K, committed 44572K, reserved 1087488K
  class space    used 5454K, capacity 5756K, committed 5960K, reserved 1048576K
}
2020-07-01T08:30:48.206+0200: 400002.849: Total time for which application threads were stopped: 0.0130187 seconds, Stopping threads took: 0.0000497 seconds
{Heap before GC invocations=495458 (full 2):
 par new generation   total 368640K, used 327684K [0x00000006c1c00000, 0x00000006dac00000, 0x00000006dac00000)
  eden space 327680K, 100% used [0x00000006c1c00000, 0x00000006d5c00000, 0x00000006d5c00000)
  from space 40960K,   0% used [0x00000006d5c00000, 0x00000006d5c01020, 0x00000006d8400000)
  to   space 40960K,   0% used [0x00000006d8400000, 0x00000006d8400000, 0x00000006dac00000)
 concurrent mark-sweep generation total 3756032K, used 1080824K [0x00000006dac00000, 0x00000007c0000000, 0x00000007c0000000)
 Metaspace       used 42573K, capacity 43892K, committed 44572K, reserved 1087488K
  class space    used 5454K, capacity 5756K, committed 5960K, reserved 1048576K
2020-07-01T08:30:48.497+0200: 400003.140: [GC (Allocation Failure) 2020-07-01T08:30:48.497+0200: 400003.140: [ParNew
Desired survivor size 20971520 bytes, new threshold 1 (max 1)
- age   1:        272 bytes,        272 total
: 327684K->4K(368640K), 0.0135309 secs] 1408508K->1080828K(4124672K), 0.0136415 secs] [Times: user=0.00 sys=0.00, real=0.02 secs] 
Heap after GC invocations=495459 (full 2):
 par new generation   total 368640K, used 4K [0x00000006c1c00000, 0x00000006dac00000, 0x00000006dac00000)
  eden space 327680K,   0% used [0x00000006c1c00000, 0x00000006c1c00000, 0x00000006d5c00000)
  from space 40960K,   0% used [0x00000006d8400000, 0x00000006d8401020, 0x00000006dac00000)
  to   space 40960K,   0% used [0x00000006d5c00000, 0x00000006d5c00000, 0x00000006d8400000)
 concurrent mark-sweep generation total 3756032K, used 1080824K [0x00000006dac00000, 0x00000007c0000000, 0x00000007c0000000)
 Metaspace       used 42573K, capacity 43892K, committed 44572K, reserved 1087488K
  class space    used 5454K, capacity 5756K, committed 5960K, reserved 1048576K
}
2020-07-01T08:30:48.511+0200: 400003.154: Total time for which application threads were stopped: 0.0140164 seconds, Stopping threads took: 0.0000970 seconds
{Heap before GC invocations=495459 (full 2):
 par new generation   total 368640K, used 327684K [0x00000006c1c00000, 0x00000006dac00000, 0x00000006dac00000)
  eden space 327680K, 100% used [0x00000006c1c00000, 0x00000006d5c00000, 0x00000006d5c00000)
  from space 40960K,   0% used [0x00000006d8400000, 0x00000006d8401020, 0x00000006dac00000)
  to   space 40960K,   0% used [0x00000006d5c00000, 0x00000006d5c00000, 0x00000006d8400000)
 concurrent mark-sweep generation total 3756032K, used 1080824K [0x00000006dac00000, 0x00000007c0000000, 0x00000007c0000000)
 Metaspace       used 42573K, capacity 43892K, committed 44572K, reserved 1087488K
  class space    used 5454K, capacity 5756K, committed 5960K, reserved 1048576K
2020-07-01T08:30:48.830+0200: 400003.473: [GC (Allocation Failure) 2020-07-01T08:30:48.830+0200: 400003.473: [ParNew
Desired survivor size 20971520 bytes, new threshold 1 (max 1)
- age   1:        240 bytes,        240 total
: 327684K->4K(368640K), 0.0255264 secs] 1408508K->1080828K(4124672K), 0.0256308 secs] [Times: user=0.03 sys=0.00, real=0.02 secs] 
Heap after GC invocations=495460 (full 2):
 par new generation   total 368640K, used 4K [0x00000006c1c00000, 0x00000006dac00000, 0x00000006dac00000)
  eden space 327680K,   0% used [0x00000006c1c00000, 0x00000006c1c00000, 0x00000006d5c00000)
  from space 40960K,   0% used [0x00000006d5c00000, 0x00000006d5c01020, 0x00000006d8400000)
  to   space 40960K,   0% used [0x00000006d8400000, 0x00000006d8400000, 0x00000006dac00000)
 concurrent mark-sweep generation total 3756032K, used 1080824K [0x00000006dac00000, 0x00000007c0000000, 0x00000007c0000000)
 Metaspace       used 42573K, capacity 43892K, committed 44572K, reserved 1087488K
  class space    used 5454K, capacity 5756K, committed 5960K, reserved 1048576K
}
2020-07-01T08:30:48.856+0200: 400003.499: Total time for which application threads were stopped: 0.0259094 seconds, Stopping threads took: 0.0000491 seconds
{Heap before GC invocations=495460 (full 2):
 par new generation   total 368640K, used 327684K [0x00000006c1c00000, 0x00000006dac00000, 0x00000006dac00000)
  eden space 327680K, 100% used [0x00000006c1c00000, 0x00000006d5c00000, 0x00000006d5c00000)
  from space 40960K,   0% used [0x00000006d5c00000, 0x00000006d5c01020, 0x00000006d8400000)
  to   space 40960K,   0% used [0x00000006d8400000, 0x00000006d8400000, 0x00000006dac00000)
 concurrent mark-sweep generation total 3756032K, used 1080824K [0x00000006dac00000, 0x00000007c0000000, 0x00000007c0000000)
 Metaspace       used 42573K, capacity 43892K, committed 44572K, reserved 1087488K
  class space    used 5454K, capacity 5756K, committed 5960K, reserved 1048576K
2020-07-01T08:30:49.179+0200: 400003.822: [GC (Allocation Failure) 2020-07-01T08:30:49.179+0200: 400003.822: [ParNew
Desired survivor size 20971520 bytes, new threshold 1 (max 1)
- age   1:        272 bytes,        272 total
: 327684K->4K(368640K), 0.0121461 secs] 1408508K->1080828K(4124672K), 0.0122586 secs] [Times: user=0.03 sys=0.00, real=0.01 secs] 
Heap after GC invocations=495461 (full 2):
 par new generation   total 368640K, used 4K [0x00000006c1c00000, 0x00000006dac00000, 0x00000006dac00000)
  eden space 327680K,   0% used [0x00000006c1c00000, 0x00000006c1c00000, 0x00000006d5c00000)
  from space 40960K,   0% used [0x00000006d8400000, 0x00000006d8401020, 0x00000006dac00000)
  to   space 40960K,   0% used [0x00000006d5c00000, 0x00000006d5c00000, 0x00000006d8400000)
 concurrent mark-sweep generation total 3756032K, used 1080824K [0x00000006dac00000, 0x00000007c0000000, 0x00000007c0000000)
 Metaspace       used 42573K, capacity 43892K, committed 44572K, reserved 1087488K
  class space    used 5454K, capacity 5756K, committed 5960K, reserved 1048576K
}
2020-07-01T08:30:49.191+0200: 400003.834: Total time for which application threads were stopped: 0.0125358 seconds, Stopping threads took: 0.0000485 seconds
{Heap before GC invocations=495461 (full 2):
 par new generation   total 368640K, used 327684K [0x00000006c1c00000, 0x00000006dac00000, 0x00000006dac00000)
  eden space 327680K, 100% used [0x00000006c1c00000, 0x00000006d5c00000, 0x00000006d5c00000)
  from space 40960K,   0% used [0x00000006d8400000, 0x00000006d8401020, 0x00000006dac00000)
  to   space 40960K,   0% used [0x00000006d5c00000, 0x00000006d5c00000, 0x00000006d8400000)
 concurrent mark-sweep generation total 3756032K, used 1080824K [0x00000006dac00000, 0x00000007c0000000, 0x00000007c0000000)
 Metaspace       used 42573K, capacity 43892K, committed 44572K, reserved 1087488K
  class space    used 5454K, capacity 5756K, committed 5960K, reserved 1048576K
2020-07-01T08:30:49.479+0200: 400004.121: [GC (Allocation Failure) 2020-07-01T08:30:49.479+0200: 400004.122: [ParNew
Desired survivor size 20971520 bytes, new threshold 1 (max 1)
- age   1:        272 bytes,        272 total
: 327684K->4K(368640K), 0.0122706 secs] 1408508K->1080828K(4124672K), 0.0123799 secs] [Times: user=0.01 sys=0.00, real=0.01 secs] 
Heap after GC invocations=495462 (full 2):
 par new generation   total 368640K, used 4K [0x00000006c1c00000, 0x00000006dac00000, 0x00000006dac00000)
  eden space 327680K,   0% used [0x00000006c1c00000, 0x00000006c1c00000, 0x00000006d5c00000)
  from space 40960K,   0% used [0x00000006d5c00000, 0x00000006d5c01020, 0x00000006d8400000)
  to   space 40960K,   0% used [0x00000006d8400000, 0x00000006d8400000, 0x00000006dac00000)
 concurrent mark-sweep generation total 3756032K, used 1080824K [0x00000006dac00000, 0x00000007c0000000, 0x00000007c0000000)
 Metaspace       used 42573K, capacity 43892K, committed 44572K, reserved 1087488K
  class space    used 5454K, capacity 5756K, committed 5960K, reserved 1048576K
}
2020-07-01T08:30:49.491+0200: 400004.134: Total time for which application threads were stopped: 0.0126992 seconds, Stopping threads took: 0.0000507 seconds
{Heap before GC invocations=495462 (full 2):
 par new generation   total 368640K, used 327684K [0x00000006c1c00000, 0x00000006dac00000, 0x00000006dac00000)
  eden space 327680K, 100% used [0x00000006c1c00000, 0x00000006d5c00000, 0x00000006d5c00000)
  from space 40960K,   0% used [0x00000006d5c00000, 0x00000006d5c01020, 0x00000006d8400000)
  to   space 40960K,   0% used [0x00000006d8400000, 0x00000006d8400000, 0x00000006dac00000)
 concurrent mark-sweep generation total 3756032K, used 1080824K [0x00000006dac00000, 0x00000007c0000000, 0x00000007c0000000)
 Metaspace       used 42573K, capacity 43892K, committed 44572K, reserved 1087488K
  class space    used 5454K, capacity 5756K, committed 5960K, reserved 1048576K
2020-07-01T08:30:49.772+0200: 400004.414: [GC (Allocation Failure) 2020-07-01T08:30:49.772+0200: 400004.415: [ParNew
Desired survivor size 20971520 bytes, new threshold 1 (max 1)
- age   1:        240 bytes,        240 total
: 327684K->4K(368640K), 0.0124057 secs] 1408508K->1080828K(4124672K), 0.0125145 secs] [Times: user=0.04 sys=0.00, real=0.01 secs] 
Heap after GC invocations=495463 (full 2):
 par new generation   total 368640K, used 4K [0x00000006c1c00000, 0x00000006dac00000, 0x00000006dac00000)
  eden space 327680K,   0% used [0x00000006c1c00000, 0x00000006c1c00000, 0x00000006d5c00000)
  from space 40960K,   0% used [0x00000006d8400000, 0x00000006d8401020, 0x00000006dac00000)
  to   space 40960K,   0% used [0x00000006d5c00000, 0x00000006d5c00000, 0x00000006d8400000)
 concurrent mark-sweep generation total 3756032K, used 1080824K [0x00000006dac00000, 0x00000007c0000000, 0x00000007c0000000)
 Metaspace       used 42573K, capacity 43892K, committed 44572K, reserved 1087488K
  class space    used 5454K, capacity 5756K, committed 5960K, reserved 1048576K
}
2020-07-01T08:30:49.784+0200: 400004.427: Total time for which application threads were stopped: 0.0128019 seconds, Stopping threads took: 0.0000495 seconds
{Heap before GC invocations=495463 (full 2):
 par new generation   total 368640K, used 327684K [0x00000006c1c00000, 0x00000006dac00000, 0x00000006dac00000)
  eden space 327680K, 100% used [0x00000006c1c00000, 0x00000006d5c00000, 0x00000006d5c00000)
  from space 40960K,   0% used [0x00000006d8400000, 0x00000006d8401020, 0x00000006dac00000)
  to   space 40960K,   0% used [0x00000006d5c00000, 0x00000006d5c00000, 0x00000006d8400000)
 concurrent mark-sweep generation total 3756032K, used 1080824K [0x00000006dac00000, 0x00000007c0000000, 0x00000007c0000000)
 Metaspace       used 42573K, capacity 43892K, committed 44572K, reserved 1087488K
  class space    used 5454K, capacity 5756K, committed 5960K, reserved 1048576K
2020-07-01T08:30:50.067+0200: 400004.710: [GC (Allocation Failure) 2020-07-01T08:30:50.068+0200: 400004.710: [ParNew
Desired survivor size 20971520 bytes, new threshold 1 (max 1)
- age   1:        336 bytes,        336 total
: 327684K->4K(368640K), 0.0113898 secs] 1408508K->1080828K(4124672K), 0.0115189 secs] [Times: user=0.02 sys=0.00, real=0.02 secs] 
Heap after GC invocations=495464 (full 2):
 par new generation   total 368640K, used 4K [0x00000006c1c00000, 0x00000006dac00000, 0x00000006dac00000)
  eden space 327680K,   0% used [0x00000006c1c00000, 0x00000006c1c00000, 0x00000006d5c00000)
  from space 40960K,   0% used [0x00000006d5c00000, 0x00000006d5c01020, 0x00000006d8400000)
  to   space 40960K,   0% used [0x00000006d8400000, 0x00000006d8400000, 0x00000006dac00000)
 concurrent mark-sweep generation total 3756032K, used 1080824K [0x00000006dac00000, 0x00000007c0000000, 0x00000007c0000000)
 Metaspace       used 42573K, capacity 43892K, committed 44572K, reserved 1087488K
  class space    used 5454K, capacity 5756K, committed 5960K, reserved 1048576K
}
2020-07-01T08:30:50.079+0200: 400004.722: Total time for which application threads were stopped: 0.0118892 seconds, Stopping threads took: 0.0000947 seconds
{Heap before GC invocations=495464 (full 2):
 par new generation   total 368640K, used 327684K [0x00000006c1c00000, 0x00000006dac00000, 0x00000006dac00000)
  eden space 327680K, 100% used [0x00000006c1c00000, 0x00000006d5c00000, 0x00000006d5c00000)
  from space 40960K,   0% used [0x00000006d5c00000, 0x00000006d5c01020, 0x00000006d8400000)
  to   space 40960K,   0% used [0x00000006d8400000, 0x00000006d8400000, 0x00000006dac00000)
 concurrent mark-sweep generation total 3756032K, used 1080824K [0x00000006dac00000, 0x00000007c0000000, 0x00000007c0000000)
 Metaspace       used 42573K, capacity 43892K, committed 44572K, reserved 1087488K
  class space    used 5454K, capacity 5756K, committed 5960K, reserved 1048576K
2020-07-01T08:30:50.369+0200: 400005.012: [GC (Allocation Failure) 2020-07-01T08:30:50.370+0200: 400005.013: [ParNew
Desired survivor size 20971520 bytes, new threshold 1 (max 1)
- age   1:        272 bytes,        272 total
: 327684K->4K(368640K), 0.0126809 secs] 1408508K->1080828K(4124672K), 0.0136525 secs] [Times: user=0.01 sys=0.00, real=0.01 secs] 
Heap after GC invocations=495465 (full 2):
 par new generation   total 368640K, used 4K [0x00000006c1c00000, 0x00000006dac00000, 0x00000006dac00000)
  eden space 327680K,   0% used [0x00000006c1c00000, 0x00000006c1c00000, 0x00000006d5c00000)
  from space 40960K,   0% used [0x00000006d8400000, 0x00000006d8401020, 0x00000006dac00000)
  to   space 40960K,   0% used [0x00000006d5c00000, 0x00000006d5c00000, 0x00000006d8400000)
 concurrent mark-sweep generation total 3756032K, used 1080824K [0x00000006dac00000, 0x00000007c0000000, 0x00000007c0000000)
 Metaspace       used 42573K, capacity 43892K, committed 44572K, reserved 1087488K
  class space    used 5454K, capacity 5756K, committed 5960K, reserved 1048576K
}
2020-07-01T08:30:50.383+0200: 400005.025: Total time for which application threads were stopped: 0.0139388 seconds, Stopping threads took: 0.0000477 seconds
{Heap before GC invocations=495465 (full 2):
 par new generation   total 368640K, used 327684K [0x00000006c1c00000, 0x00000006dac00000, 0x00000006dac00000)
  eden space 327680K, 100% used [0x00000006c1c00000, 0x00000006d5c00000, 0x00000006d5c00000)
  from space 40960K,   0% used [0x00000006d8400000, 0x00000006d8401020, 0x00000006dac00000)
  to   space 40960K,   0% used [0x00000006d5c00000, 0x00000006d5c00000, 0x00000006d8400000)
 concurrent mark-sweep generation total 3756032K, used 1080824K [0x00000006dac00000, 0x00000007c0000000, 0x00000007c0000000)
 Metaspace       used 42573K, capacity 43892K, committed 44572K, reserved 1087488K
  class space    used 5454K, capacity 5756K, committed 5960K, reserved 1048576K
2020-07-01T08:30:50.667+0200: 400005.310: [GC (Allocation Failure) 2020-07-01T08:30:50.667+0200: 400005.310: [ParNew
Desired survivor size 20971520 bytes, new threshold 1 (max 1)
- age   1:        240 bytes,        240 total
: 327684K->4K(368640K), 0.0128119 secs] 1408508K->1080828K(4124672K), 0.0129169 secs] [Times: user=0.01 sys=0.00, real=0.02 secs] 
Heap after GC invocations=495466 (full 2):
 par new generation   total 368640K, used 4K [0x00000006c1c00000, 0x00000006dac00000, 0x00000006dac00000)
  eden space 327680K,   0% used [0x00000006c1c00000, 0x00000006c1c00000, 0x00000006d5c00000)
  from space 40960K,   0% used [0x00000006d5c00000, 0x00000006d5c01020, 0x00000006d8400000)
  to   space 40960K,   0% used [0x00000006d8400000, 0x00000006d8400000, 0x00000006dac00000)
 concurrent mark-sweep generation total 3756032K, used 1080824K [0x00000006dac00000, 0x00000007c0000000, 0x00000007c0000000)
 Metaspace       used 42573K, capacity 43892K, committed 44572K, reserved 1087488K
  class space    used 5454K, capacity 5756K, committed 5960K, reserved 1048576K
}
2020-07-01T08:30:50.680+0200: 400005.323: Total time for which application threads were stopped: 0.0132394 seconds, Stopping threads took: 0.0000503 seconds
{Heap before GC invocations=495466 (full 2):
 par new generation   total 368640K, used 327684K [0x00000006c1c00000, 0x00000006dac00000, 0x00000006dac00000)
  eden space 327680K, 100% used [0x00000006c1c00000, 0x00000006d5c00000, 0x00000006d5c00000)
  from space 40960K,   0% used [0x00000006d5c00000, 0x00000006d5c01020, 0x00000006d8400000)
  to   space 40960K,   0% used [0x00000006d8400000, 0x00000006d8400000, 0x00000006dac00000)
 concurrent mark-sweep generation total 3756032K, used 1080824K [0x00000006dac00000, 0x00000007c0000000, 0x00000007c0000000)
 Metaspace       used 42573K, capacity 43892K, committed 44572K, reserved 1087488K
  class space    used 5454K, capacity 5756K, committed 5960K, reserved 1048576K
2020-07-01T08:30:50.975+0200: 400005.618: [GC (Allocation Failure) 2020-07-01T08:30:50.976+0200: 400005.618: [ParNew
Desired survivor size 20971520 bytes, new threshold 1 (max 1)
- age   1:        272 bytes,        272 total
: 327684K->2K(368640K), 0.0137188 secs] 1408508K->1080826K(4124672K), 0.0138514 secs] [Times: user=0.01 sys=0.00, real=0.02 secs] 
Heap after GC invocations=495467 (full 2):
 par new generation   total 368640K, used 2K [0x00000006c1c00000, 0x00000006dac00000, 0x00000006dac00000)
  eden space 327680K,   0% used [0x00000006c1c00000, 0x00000006c1c00000, 0x00000006d5c00000)
  from space 40960K,   0% used [0x00000006d8400000, 0x00000006d8400810, 0x00000006dac00000)
  to   space 40960K,   0% used [0x00000006d5c00000, 0x00000006d5c00000, 0x00000006d8400000)
 concurrent mark-sweep generation total 3756032K, used 1080824K [0x00000006dac00000, 0x00000007c0000000, 0x00000007c0000000)
 Metaspace       used 42573K, capacity 43892K, committed 44572K, reserved 1087488K
  class space    used 5454K, capacity 5756K, committed 5960K, reserved 1048576K
}
2020-07-01T08:30:50.989+0200: 400005.632: Total time for which application threads were stopped: 0.0142055 seconds, Stopping threads took: 0.0000902 seconds
{Heap before GC invocations=495467 (full 2):
 par new generation   total 368640K, used 327682K [0x00000006c1c00000, 0x00000006dac00000, 0x00000006dac00000)
  eden space 327680K, 100% used [0x00000006c1c00000, 0x00000006d5c00000, 0x00000006d5c00000)
  from space 40960K,   0% used [0x00000006d8400000, 0x00000006d8400810, 0x00000006dac00000)
  to   space 40960K,   0% used [0x00000006d5c00000, 0x00000006d5c00000, 0x00000006d8400000)
 concurrent mark-sweep generation total 3756032K, used 1080824K [0x00000006dac00000, 0x00000007c0000000, 0x00000007c0000000)
 Metaspace       used 42573K, capacity 43892K, committed 44572K, reserved 1087488K
  class space    used 5454K, capacity 5756K, committed 5960K, reserved 1048576K
2020-07-01T08:30:51.275+0200: 400005.918: [GC (Allocation Failure) 2020-07-01T08:30:51.275+0200: 400005.918: [ParNew
Desired survivor size 20971520 bytes, new threshold 1 (max 1)
- age   1:        240 bytes,        240 total
: 327682K->2K(368640K), 0.0162470 secs] 1408506K->1080826K(4124672K), 0.0163570 secs] [Times: user=0.01 sys=0.00, real=0.02 secs] 
Heap after GC invocations=495468 (full 2):
 par new generation   total 368640K, used 2K [0x00000006c1c00000, 0x00000006dac00000, 0x00000006dac00000)
  eden space 327680K,   0% used [0x00000006c1c00000, 0x00000006c1c00000, 0x00000006d5c00000)
  from space 40960K,   0% used [0x00000006d5c00000, 0x00000006d5c00810, 0x00000006d8400000)
  to   space 40960K,   0% used [0x00000006d8400000, 0x00000006d8400000, 0x00000006dac00000)
 concurrent mark-sweep generation total 3756032K, used 1080824K [0x00000006dac00000, 0x00000007c0000000, 0x00000007c0000000)
 Metaspace       used 42573K, capacity 43892K, committed 44572K, reserved 1087488K
  class space    used 5454K, capacity 5756K, committed 5960K, reserved 1048576K
}
2020-07-01T08:30:51.291+0200: 400005.934: Total time for which application threads were stopped: 0.0166488 seconds, Stopping threads took: 0.0000520 seconds
{Heap before GC invocations=495468 (full 2):
 par new generation   total 368640K, used 327682K [0x00000006c1c00000, 0x00000006dac00000, 0x00000006dac00000)
  eden space 327680K, 100% used [0x00000006c1c00000, 0x00000006d5c00000, 0x00000006d5c00000)
  from space 40960K,   0% used [0x00000006d5c00000, 0x00000006d5c00810, 0x00000006d8400000)
  to   space 40960K,   0% used [0x00000006d8400000, 0x00000006d8400000, 0x00000006dac00000)
 concurrent mark-sweep generation total 3756032K, used 1080824K [0x00000006dac00000, 0x00000007c0000000, 0x00000007c0000000)
 Metaspace       used 42573K, capacity 43892K, committed 44572K, reserved 1087488K
  class space    used 5454K, capacity 5756K, committed 5960K, reserved 1048576K
2020-07-01T08:30:51.733+0200: 400006.376: [GC (Allocation Failure) 2020-07-01T08:30:51.733+0200: 400006.376: [ParNew
Desired survivor size 20971520 bytes, new threshold 1 (max 1)
- age   1:        272 bytes,        272 total
: 327682K->2K(368640K), 0.0467269 secs] 1408506K->1080826K(4124672K), 0.0468252 secs] [Times: user=0.02 sys=0.00, real=0.05 secs] 
Heap after GC invocations=495469 (full 2):
 par new generation   total 368640K, used 2K [0x00000006c1c00000, 0x00000006dac00000, 0x00000006dac00000)
  eden space 327680K,   0% used [0x00000006c1c00000, 0x00000006c1c00000, 0x00000006d5c00000)
  from space 40960K,   0% used [0x00000006d8400000, 0x00000006d8400810, 0x00000006dac00000)
  to   space 40960K,   0% used [0x00000006d5c00000, 0x00000006d5c00000, 0x00000006d8400000)
 concurrent mark-sweep generation total 3756032K, used 1080824K [0x00000006dac00000, 0x00000007c0000000, 0x00000007c0000000)
 Metaspace       used 42573K, capacity 43892K, committed 44572K, reserved 1087488K
  class space    used 5454K, capacity 5756K, committed 5960K, reserved 1048576K
}
2020-07-01T08:30:51.780+0200: 400006.423: Total time for which application threads were stopped: 0.0471870 seconds, Stopping threads took: 0.0001168 seconds
{Heap before GC invocations=495469 (full 2):
 par new generation   total 368640K, used 327682K [0x00000006c1c00000, 0x00000006dac00000, 0x00000006dac00000)
  eden space 327680K, 100% used [0x00000006c1c00000, 0x00000006d5c00000, 0x00000006d5c00000)
  from space 40960K,   0% used [0x00000006d8400000, 0x00000006d8400810, 0x00000006dac00000)
  to   space 40960K,   0% used [0x00000006d5c00000, 0x00000006d5c00000, 0x00000006d8400000)
 concurrent mark-sweep generation total 3756032K, used 1080824K [0x00000006dac00000, 0x00000007c0000000, 0x00000007c0000000)
 Metaspace       used 42573K, capacity 43892K, committed 44572K, reserved 1087488K
  class space    used 5454K, capacity 5756K, committed 5960K, reserved 1048576K
2020-07-01T08:30:52.092+0200: 400006.735: [GC (Allocation Failure) 2020-07-01T08:30:52.092+0200: 400006.735: [ParNew
Desired survivor size 20971520 bytes, new threshold 1 (max 1)
- age   1:        336 bytes,        336 total
: 327682K->4K(368640K), 0.0140291 secs] 1408506K->1080828K(4124672K), 0.0141349 secs] [Times: user=0.00 sys=0.00, real=0.01 secs] 
Heap after GC invocations=495470 (full 2):
 par new generation   total 368640K, used 4K [0x00000006c1c00000, 0x00000006dac00000, 0x00000006dac00000)
  eden space 327680K,   0% used [0x00000006c1c00000, 0x00000006c1c00000, 0x00000006d5c00000)
  from space 40960K,   0% used [0x00000006d5c00000, 0x00000006d5c01020, 0x00000006d8400000)
  to   space 40960K,   0% used [0x00000006d8400000, 0x00000006d8400000, 0x00000006dac00000)
 concurrent mark-sweep generation total 3756032K, used 1080824K [0x00000006dac00000, 0x00000007c0000000, 0x00000007c0000000)
 Metaspace       used 42573K, capacity 43892K, committed 44572K, reserved 1087488K
  class space    used 5454K, capacity 5756K, committed 5960K, reserved 1048576K
}
2020-07-01T08:30:52.106+0200: 400006.749: Total time for which application threads were stopped: 0.0146443 seconds, Stopping threads took: 0.0002652 seconds
{Heap before GC invocations=495470 (full 2):
 par new generation   total 368640K, used 327684K [0x00000006c1c00000, 0x00000006dac00000, 0x00000006dac00000)
  eden space 327680K, 100% used [0x00000006c1c00000, 0x00000006d5c00000, 0x00000006d5c00000)
  from space 40960K,   0% used [0x00000006d5c00000, 0x00000006d5c01020, 0x00000006d8400000)
  to   space 40960K,   0% used [0x00000006d8400000, 0x00000006d8400000, 0x00000006dac00000)
 concurrent mark-sweep generation total 3756032K, used 1080824K [0x00000006dac00000, 0x00000007c0000000, 0x00000007c0000000)
 Metaspace       used 42573K, capacity 43892K, committed 44572K, reserved 1087488K
  class space    used 5454K, capacity 5756K, committed 5960K, reserved 1048576K
2020-07-01T08:30:52.451+0200: 400007.094: [GC (Allocation Failure) 2020-07-01T08:30:52.451+0200: 400007.094: [ParNew
Desired survivor size 20971520 bytes, new threshold 1 (max 1)
- age   1:        272 bytes,        272 total
: 327684K->4K(368640K), 0.0303366 secs] 1408508K->1080828K(4124672K), 0.0304500 secs] [Times: user=0.03 sys=0.00, real=0.03 secs] 
Heap after GC invocations=495471 (full 2):
 par new generation   total 368640K, used 4K [0x00000006c1c00000, 0x00000006dac00000, 0x00000006dac00000)
  eden space 327680K,   0% used [0x00000006c1c00000, 0x00000006c1c00000, 0x00000006d5c00000)
  from space 40960K,   0% used [0x00000006d8400000, 0x00000006d8401020, 0x00000006dac00000)
  to   space 40960K,   0% used [0x00000006d5c00000, 0x00000006d5c00000, 0x00000006d8400000)
 concurrent mark-sweep generation total 3756032K, used 1080824K [0x00000006dac00000, 0x00000007c0000000, 0x00000007c0000000)
 Metaspace       used 42573K, capacity 43892K, committed 44572K, reserved 1087488K
  class space    used 5454K, capacity 5756K, committed 5960K, reserved 1048576K
}
2020-07-01T08:30:52.482+0200: 400007.125: Total time for which application threads were stopped: 0.0308056 seconds, Stopping threads took: 0.0000499 seconds
{Heap before GC invocations=495471 (full 2):
 par new generation   total 368640K, used 327684K [0x00000006c1c00000, 0x00000006dac00000, 0x00000006dac00000)
  eden space 327680K, 100% used [0x00000006c1c00000, 0x00000006d5c00000, 0x00000006d5c00000)
  from space 40960K,   0% used [0x00000006d8400000, 0x00000006d8401020, 0x00000006dac00000)
  to   space 40960K,   0% used [0x00000006d5c00000, 0x00000006d5c00000, 0x00000006d8400000)
 concurrent mark-sweep generation total 3756032K, used 1080824K [0x00000006dac00000, 0x00000007c0000000, 0x00000007c0000000)
 Metaspace       used 42573K, capacity 43892K, committed 44572K, reserved 1087488K
  class space    used 5454K, capacity 5756K, committed 5960K, reserved 1048576K
2020-07-01T08:30:52.768+0200: 400007.411: [GC (Allocation Failure) 2020-07-01T08:30:52.768+0200: 400007.411: [ParNew
Desired survivor size 20971520 bytes, new threshold 1 (max 1)
- age   1:        240 bytes,        240 total
: 327684K->4K(368640K), 0.0141975 secs] 1408508K->1080828K(4124672K), 0.0143071 secs] [Times: user=0.03 sys=0.00, real=0.01 secs] 
Heap after GC invocations=495472 (full 2):
 par new generation   total 368640K, used 4K [0x00000006c1c00000, 0x00000006dac00000, 0x00000006dac00000)
  eden space 327680K,   0% used [0x00000006c1c00000, 0x00000006c1c00000, 0x00000006d5c00000)
  from space 40960K,   0% used [0x00000006d5c00000, 0x00000006d5c01020, 0x00000006d8400000)
  to   space 40960K,   0% used [0x00000006d8400000, 0x00000006d8400000, 0x00000006dac00000)
 concurrent mark-sweep generation total 3756032K, used 1080824K [0x00000006dac00000, 0x00000007c0000000, 0x00000007c0000000)
 Metaspace       used 42573K, capacity 43892K, committed 44572K, reserved 1087488K
  class space    used 5454K, capacity 5756K, committed 5960K, reserved 1048576K
}
2020-07-01T08:30:52.782+0200: 400007.425: Total time for which application threads were stopped: 0.0146557 seconds, Stopping threads took: 0.0000976 seconds
{Heap before GC invocations=495472 (full 2):
 par new generation   total 368640K, used 327684K [0x00000006c1c00000, 0x00000006dac00000, 0x00000006dac00000)
  eden space 327680K, 100% used [0x00000006c1c00000, 0x00000006d5c00000, 0x00000006d5c00000)
  from space 40960K,   0% used [0x00000006d5c00000, 0x00000006d5c01020, 0x00000006d8400000)
  to   space 40960K,   0% used [0x00000006d8400000, 0x00000006d8400000, 0x00000006dac00000)
 concurrent mark-sweep generation total 3756032K, used 1080824K [0x00000006dac00000, 0x00000007c0000000, 0x00000007c0000000)
 Metaspace       used 42573K, capacity 43892K, committed 44572K, reserved 1087488K
  class space    used 5454K, capacity 5756K, committed 5960K, reserved 1048576K
2020-07-01T08:30:53.066+0200: 400007.709: [GC (Allocation Failure) 2020-07-01T08:30:53.066+0200: 400007.709: [ParNew
Desired survivor size 20971520 bytes, new threshold 1 (max 1)
- age   1:        272 bytes,        272 total
: 327684K->4K(368640K), 0.0161607 secs] 1408508K->1080828K(4124672K), 0.0162663 secs] [Times: user=0.01 sys=0.00, real=0.02 secs] 
Heap after GC invocations=495473 (full 2):
 par new generation   total 368640K, used 4K [0x00000006c1c00000, 0x00000006dac00000, 0x00000006dac00000)
  eden space 327680K,   0% used [0x00000006c1c00000, 0x00000006c1c00000, 0x00000006d5c00000)
  from space 40960K,   0% used [0x00000006d8400000, 0x00000006d8401020, 0x00000006dac00000)
  to   space 40960K,   0% used [0x00000006d5c00000, 0x00000006d5c00000, 0x00000006d8400000)
 concurrent mark-sweep generation total 3756032K, used 1080824K [0x00000006dac00000, 0x00000007c0000000, 0x00000007c0000000)
 Metaspace       used 42573K, capacity 43892K, committed 44572K, reserved 1087488K
  class space    used 5454K, capacity 5756K, committed 5960K, reserved 1048576K
}
2020-07-01T08:30:53.083+0200: 400007.726: Total time for which application threads were stopped: 0.0165468 seconds, Stopping threads took: 0.0000483 seconds
{Heap before GC invocations=495473 (full 2):
 par new generation   total 368640K, used 327684K [0x00000006c1c00000, 0x00000006dac00000, 0x00000006dac00000)
  eden space 327680K, 100% used [0x00000006c1c00000, 0x00000006d5c00000, 0x00000006d5c00000)
  from space 40960K,   0% used [0x00000006d8400000, 0x00000006d8401020, 0x00000006dac00000)
  to   space 40960K,   0% used [0x00000006d5c00000, 0x00000006d5c00000, 0x00000006d8400000)
 concurrent mark-sweep generation total 3756032K, used 1080824K [0x00000006dac00000, 0x00000007c0000000, 0x00000007c0000000)
 Metaspace       used 42573K, capacity 43892K, committed 44572K, reserved 1087488K
  class space    used 5454K, capacity 5756K, committed 5960K, reserved 1048576K
2020-07-01T08:30:53.395+0200: 400008.038: [GC (Allocation Failure) 2020-07-01T08:30:53.395+0200: 400008.038: [ParNew
Desired survivor size 20971520 bytes, new threshold 1 (max 1)
- age   1:        240 bytes,        240 total
: 327684K->2K(368640K), 0.0518854 secs] 1408508K->1080826K(4124672K), 0.0520033 secs] [Times: user=0.03 sys=0.00, real=0.05 secs] 
Heap after GC invocations=495474 (full 2):
 par new generation   total 368640K, used 2K [0x00000006c1c00000, 0x00000006dac00000, 0x00000006dac00000)
  eden space 327680K,   0% used [0x00000006c1c00000, 0x00000006c1c00000, 0x00000006d5c00000)
  from space 40960K,   0% used [0x00000006d5c00000, 0x00000006d5c00810, 0x00000006d8400000)
  to   space 40960K,   0% used [0x00000006d8400000, 0x00000006d8400000, 0x00000006dac00000)
 concurrent mark-sweep generation total 3756032K, used 1080824K [0x00000006dac00000, 0x00000007c0000000, 0x00000007c0000000)
 Metaspace       used 42573K, capacity 43892K, committed 44572K, reserved 1087488K
  class space    used 5454K, capacity 5756K, committed 5960K, reserved 1048576K
}
2020-07-01T08:30:53.447+0200: 400008.090: Total time for which application threads were stopped: 0.0522874 seconds, Stopping threads took: 0.0000499 seconds
{Heap before GC invocations=495474 (full 2):
 par new generation   total 368640K, used 327682K [0x00000006c1c00000, 0x00000006dac00000, 0x00000006dac00000)
  eden space 327680K, 100% used [0x00000006c1c00000, 0x00000006d5c00000, 0x00000006d5c00000)
  from space 40960K,   0% used [0x00000006d5c00000, 0x00000006d5c00810, 0x00000006d8400000)
  to   space 40960K,   0% used [0x00000006d8400000, 0x00000006d8400000, 0x00000006dac00000)
 concurrent mark-sweep generation total 3756032K, used 1080824K [0x00000006dac00000, 0x00000007c0000000, 0x00000007c0000000)
 Metaspace       used 42573K, capacity 43892K, committed 44572K, reserved 1087488K
  class space    used 5454K, capacity 5756K, committed 5960K, reserved 1048576K
2020-07-01T08:30:54.091+0200: 400008.734: [GC (Allocation Failure) 2020-07-01T08:30:54.092+0200: 400008.734: [ParNew
Desired survivor size 20971520 bytes, new threshold 1 (max 1)
- age   1:        304 bytes,        304 total
: 327682K->2K(368640K), 0.0336440 secs] 1408506K->1080826K(4124672K), 0.0338421 secs] [Times: user=0.01 sys=0.00, real=0.03 secs] 
Heap after GC invocations=495475 (full 2):
 par new generation   total 368640K, used 2K [0x00000006c1c00000, 0x00000006dac00000, 0x00000006dac00000)
  eden space 327680K,   0% used [0x00000006c1c00000, 0x00000006c1c00000, 0x00000006d5c00000)
  from space 40960K,   0% used [0x00000006d8400000, 0x00000006d8400810, 0x00000006dac00000)
  to   space 40960K,   0% used [0x00000006d5c00000, 0x00000006d5c00000, 0x00000006d8400000)
 concurrent mark-sweep generation total 3756032K, used 1080824K [0x00000006dac00000, 0x00000007c0000000, 0x00000007c0000000)
 Metaspace       used 42573K, capacity 43892K, committed 44572K, reserved 1087488K
  class space    used 5454K, capacity 5756K, committed 5960K, reserved 1048576K
}
2020-07-01T08:30:54.125+0200: 400008.768: Total time for which application threads were stopped: 0.0341823 seconds, Stopping threads took: 0.0000516 seconds
{Heap before GC invocations=495475 (full 2):
 par new generation   total 368640K, used 327682K [0x00000006c1c00000, 0x00000006dac00000, 0x00000006dac00000)
  eden space 327680K, 100% used [0x00000006c1c00000, 0x00000006d5c00000, 0x00000006d5c00000)
  from space 40960K,   0% used [0x00000006d8400000, 0x00000006d8400810, 0x00000006dac00000)
  to   space 40960K,   0% used [0x00000006d5c00000, 0x00000006d5c00000, 0x00000006d8400000)
 concurrent mark-sweep generation total 3756032K, used 1080824K [0x00000006dac00000, 0x00000007c0000000, 0x00000007c0000000)
 Metaspace       used 42573K, capacity 43892K, committed 44572K, reserved 1087488K
  class space    used 5454K, capacity 5756K, committed 5960K, reserved 1048576K
2020-07-01T08:30:54.453+0200: 400009.096: [GC (Allocation Failure) 2020-07-01T08:30:54.453+0200: 400009.096: [ParNew
Desired survivor size 20971520 bytes, new threshold 1 (max 1)
- age   1:        240 bytes,        240 total
: 327682K->4K(368640K), 0.0178798 secs] 1408506K->1080828K(4124672K), 0.0179957 secs] [Times: user=0.01 sys=0.00, real=0.02 secs] 
Heap after GC invocations=495476 (full 2):
 par new generation   total 368640K, used 4K [0x00000006c1c00000, 0x00000006dac00000, 0x00000006dac00000)
  eden space 327680K,   0% used [0x00000006c1c00000, 0x00000006c1c00000, 0x00000006d5c00000)
  from space 40960K,   0% used [0x00000006d5c00000, 0x00000006d5c01020, 0x00000006d8400000)
  to   space 40960K,   0% used [0x00000006d8400000, 0x00000006d8400000, 0x00000006dac00000)
 concurrent mark-sweep generation total 3756032K, used 1080824K [0x00000006dac00000, 0x00000007c0000000, 0x00000007c0000000)
 Metaspace       used 42573K, capacity 43892K, committed 44572K, reserved 1087488K
  class space    used 5454K, capacity 5756K, committed 5960K, reserved 1048576K
}
2020-07-01T08:30:54.471+0200: 400009.114: Total time for which application threads were stopped: 0.0183409 seconds, Stopping threads took: 0.0000727 seconds
{Heap before GC invocations=495476 (full 2):
 par new generation   total 368640K, used 327684K [0x00000006c1c00000, 0x00000006dac00000, 0x00000006dac00000)
  eden space 327680K, 100% used [0x00000006c1c00000, 0x00000006d5c00000, 0x00000006d5c00000)
  from space 40960K,   0% used [0x00000006d5c00000, 0x00000006d5c01020, 0x00000006d8400000)
  to   space 40960K,   0% used [0x00000006d8400000, 0x00000006d8400000, 0x00000006dac00000)
 concurrent mark-sweep generation total 3756032K, used 1080824K [0x00000006dac00000, 0x00000007c0000000, 0x00000007c0000000)
 Metaspace       used 42573K, capacity 43892K, committed 44572K, reserved 1087488K
  class space    used 5454K, capacity 5756K, committed 5960K, reserved 1048576K
2020-07-01T08:30:54.804+0200: 400009.447: [GC (Allocation Failure) 2020-07-01T08:30:54.804+0200: 400009.447: [ParNew
Desired survivor size 20971520 bytes, new threshold 1 (max 1)
- age   1:        272 bytes,        272 total
: 327684K->4K(368640K), 0.0184900 secs] 1408508K->1080828K(4124672K), 0.0186084 secs] [Times: user=0.03 sys=0.00, real=0.02 secs] 
Heap after GC invocations=495477 (full 2):
 par new generation   total 368640K, used 4K [0x00000006c1c00000, 0x00000006dac00000, 0x00000006dac00000)
  eden space 327680K,   0% used [0x00000006c1c00000, 0x00000006c1c00000, 0x00000006d5c00000)
  from space 40960K,   0% used [0x00000006d8400000, 0x00000006d8401020, 0x00000006dac00000)
  to   space 40960K,   0% used [0x00000006d5c00000, 0x00000006d5c00000, 0x00000006d8400000)
 concurrent mark-sweep generation total 3756032K, used 1080824K [0x00000006dac00000, 0x00000007c0000000, 0x00000007c0000000)
 Metaspace       used 42573K, capacity 43892K, committed 44572K, reserved 1087488K
  class space    used 5454K, capacity 5756K, committed 5960K, reserved 1048576K
}
2020-07-01T08:30:54.822+0200: 400009.465: Total time for which application threads were stopped: 0.0188898 seconds, Stopping threads took: 0.0000481 seconds
{Heap before GC invocations=495477 (full 2):
 par new generation   total 368640K, used 327684K [0x00000006c1c00000, 0x00000006dac00000, 0x00000006dac00000)
  eden space 327680K, 100% used [0x00000006c1c00000, 0x00000006d5c00000, 0x00000006d5c00000)
  from space 40960K,   0% used [0x00000006d8400000, 0x00000006d8401020, 0x00000006dac00000)
  to   space 40960K,   0% used [0x00000006d5c00000, 0x00000006d5c00000, 0x00000006d8400000)
 concurrent mark-sweep generation total 3756032K, used 1080824K [0x00000006dac00000, 0x00000007c0000000, 0x00000007c0000000)
 Metaspace       used 42573K, capacity 43892K, committed 44572K, reserved 1087488K
  class space    used 5454K, capacity 5756K, committed 5960K, reserved 1048576K
2020-07-01T08:30:55.142+0200: 400009.785: [GC (Allocation Failure) 2020-07-01T08:30:55.142+0200: 400009.785: [ParNew
Desired survivor size 20971520 bytes, new threshold 1 (max 1)
- age   1:        304 bytes,        304 total
: 327684K->4K(368640K), 0.0163695 secs] 1408508K->1080828K(4124672K), 0.0164883 secs] [Times: user=0.03 sys=0.00, real=0.02 secs] 
Heap after GC invocations=495478 (full 2):
 par new generation   total 368640K, used 4K [0x00000006c1c00000, 0x00000006dac00000, 0x00000006dac00000)
  eden space 327680K,   0% used [0x00000006c1c00000, 0x00000006c1c00000, 0x00000006d5c00000)
  from space 40960K,   0% used [0x00000006d5c00000, 0x00000006d5c01020, 0x00000006d8400000)
  to   space 40960K,   0% used [0x00000006d8400000, 0x00000006d8400000, 0x00000006dac00000)
 concurrent mark-sweep generation total 3756032K, used 1080824K [0x00000006dac00000, 0x00000007c0000000, 0x00000007c0000000)
 Metaspace       used 42573K, capacity 43892K, committed 44572K, reserved 1087488K
  class space    used 5454K, capacity 5756K, committed 5960K, reserved 1048576K
}
2020-07-01T08:30:55.159+0200: 400009.802: Total time for which application threads were stopped: 0.0167702 seconds, Stopping threads took: 0.0000492 seconds
{Heap before GC invocations=495478 (full 2):
 par new generation   total 368640K, used 327684K [0x00000006c1c00000, 0x00000006dac00000, 0x00000006dac00000)
  eden space 327680K, 100% used [0x00000006c1c00000, 0x00000006d5c00000, 0x00000006d5c00000)
  from space 40960K,   0% used [0x00000006d5c00000, 0x00000006d5c01020, 0x00000006d8400000)
  to   space 40960K,   0% used [0x00000006d8400000, 0x00000006d8400000, 0x00000006dac00000)
 concurrent mark-sweep generation total 3756032K, used 1080824K [0x00000006dac00000, 0x00000007c0000000, 0x00000007c0000000)
 Metaspace       used 42573K, capacity 43892K, committed 44572K, reserved 1087488K
  class space    used 5454K, capacity 5756K, committed 5960K, reserved 1048576K
2020-07-01T08:30:55.448+0200: 400010.091: [GC (Allocation Failure) 2020-07-01T08:30:55.448+0200: 400010.091: [ParNew
Desired survivor size 20971520 bytes, new threshold 1 (max 1)
- age   1:        240 bytes,        240 total
: 327684K->2K(368640K), 0.0205753 secs] 1408508K->1080826K(4124672K), 0.0207074 secs] [Times: user=0.03 sys=0.00, real=0.02 secs] 
Heap after GC invocations=495479 (full 2):
 par new generation   total 368640K, used 2K [0x00000006c1c00000, 0x00000006dac00000, 0x00000006dac00000)
  eden space 327680K,   0% used [0x00000006c1c00000, 0x00000006c1c00000, 0x00000006d5c00000)
  from space 40960K,   0% used [0x00000006d8400000, 0x00000006d8400810, 0x00000006dac00000)
  to   space 40960K,   0% used [0x00000006d5c00000, 0x00000006d5c00000, 0x00000006d8400000)
 concurrent mark-sweep generation total 3756032K, used 1080824K [0x00000006dac00000, 0x00000007c0000000, 0x00000007c0000000)
 Metaspace       used 42573K, capacity 43892K, committed 44572K, reserved 1087488K
  class space    used 5454K, capacity 5756K, committed 5960K, reserved 1048576K
}
2020-07-01T08:30:55.469+0200: 400010.111: Total time for which application threads were stopped: 0.0211410 seconds, Stopping threads took: 0.0001619 seconds
{Heap before GC invocations=495479 (full 2):
 par new generation   total 368640K, used 327682K [0x00000006c1c00000, 0x00000006dac00000, 0x00000006dac00000)
  eden space 327680K, 100% used [0x00000006c1c00000, 0x00000006d5c00000, 0x00000006d5c00000)
  from space 40960K,   0% used [0x00000006d8400000, 0x00000006d8400810, 0x00000006dac00000)
  to   space 40960K,   0% used [0x00000006d5c00000, 0x00000006d5c00000, 0x00000006d8400000)
 concurrent mark-sweep generation total 3756032K, used 1080824K [0x00000006dac00000, 0x00000007c0000000, 0x00000007c0000000)
 Metaspace       used 42573K, capacity 43892K, committed 44572K, reserved 1087488K
  class space    used 5454K, capacity 5756K, committed 5960K, reserved 1048576K
2020-07-01T08:30:55.766+0200: 400010.409: [GC (Allocation Failure) 2020-07-01T08:30:55.766+0200: 400010.409: [ParNew
Desired survivor size 20971520 bytes, new threshold 1 (max 1)
- age   1:        272 bytes,        272 total
: 327682K->2K(368640K), 0.0152863 secs] 1408506K->1080826K(4124672K), 0.0154098 secs] [Times: user=0.04 sys=0.00, real=0.02 secs] 
Heap after GC invocations=495480 (full 2):
 par new generation   total 368640K, used 2K [0x00000006c1c00000, 0x00000006dac00000, 0x00000006dac00000)
  eden space 327680K,   0% used [0x00000006c1c00000, 0x00000006c1c00000, 0x00000006d5c00000)
  from space 40960K,   0% used [0x00000006d5c00000, 0x00000006d5c00810, 0x00000006d8400000)
  to   space 40960K,   0% used [0x00000006d8400000, 0x00000006d8400000, 0x00000006dac00000)
 concurrent mark-sweep generation total 3756032K, used 1080824K [0x00000006dac00000, 0x00000007c0000000, 0x00000007c0000000)
 Metaspace       used 42573K, capacity 43892K, committed 44572K, reserved 1087488K
  class space    used 5454K, capacity 5756K, committed 5960K, reserved 1048576K
}
2020-07-01T08:30:55.781+0200: 400010.424: Total time for which application threads were stopped: 0.0158605 seconds, Stopping threads took: 0.0000471 seconds
{Heap before GC invocations=495480 (full 2):
 par new generation   total 368640K, used 327682K [0x00000006c1c00000, 0x00000006dac00000, 0x00000006dac00000)
  eden space 327680K, 100% used [0x00000006c1c00000, 0x00000006d5c00000, 0x00000006d5c00000)
  from space 40960K,   0% used [0x00000006d5c00000, 0x00000006d5c00810, 0x00000006d8400000)
  to   space 40960K,   0% used [0x00000006d8400000, 0x00000006d8400000, 0x00000006dac00000)
 concurrent mark-sweep generation total 3756032K, used 1080824K [0x00000006dac00000, 0x00000007c0000000, 0x00000007c0000000)
 Metaspace       used 42573K, capacity 43892K, committed 44572K, reserved 1087488K
  class space    used 5454K, capacity 5756K, committed 5960K, reserved 1048576K
2020-07-01T08:30:56.092+0200: 400010.735: [GC (Allocation Failure) 2020-07-01T08:30:56.092+0200: 400010.735: [ParNew
Desired survivor size 20971520 bytes, new threshold 1 (max 1)
- age   1:        272 bytes,        272 total
: 327682K->4K(368640K), 0.0115395 secs] 1408506K->1080828K(4124672K), 0.0116584 secs] [Times: user=0.00 sys=0.00, real=0.01 secs] 
Heap after GC invocations=495481 (full 2):
 par new generation   total 368640K, used 4K [0x00000006c1c00000, 0x00000006dac00000, 0x00000006dac00000)
  eden space 327680K,   0% used [0x00000006c1c00000, 0x00000006c1c00000, 0x00000006d5c00000)
  from space 40960K,   0% used [0x00000006d8400000, 0x00000006d8401020, 0x00000006dac00000)
  to   space 40960K,   0% used [0x00000006d5c00000, 0x00000006d5c00000, 0x00000006d8400000)
 concurrent mark-sweep generation total 3756032K, used 1080824K [0x00000006dac00000, 0x00000007c0000000, 0x00000007c0000000)
 Metaspace       used 42573K, capacity 43892K, committed 44572K, reserved 1087488K
  class space    used 5454K, capacity 5756K, committed 5960K, reserved 1048576K
}
2020-07-01T08:30:56.104+0200: 400010.747: Total time for which application threads were stopped: 0.0119456 seconds, Stopping threads took: 0.0000502 seconds
{Heap before GC invocations=495481 (full 2):
 par new generation   total 368640K, used 327684K [0x00000006c1c00000, 0x00000006dac00000, 0x00000006dac00000)
  eden space 327680K, 100% used [0x00000006c1c00000, 0x00000006d5c00000, 0x00000006d5c00000)
  from space 40960K,   0% used [0x00000006d8400000, 0x00000006d8401020, 0x00000006dac00000)
  to   space 40960K,   0% used [0x00000006d5c00000, 0x00000006d5c00000, 0x00000006d8400000)
 concurrent mark-sweep generation total 3756032K, used 1080824K [0x00000006dac00000, 0x00000007c0000000, 0x00000007c0000000)
 Metaspace       used 42573K, capacity 43892K, committed 44572K, reserved 1087488K
  class space    used 5454K, capacity 5756K, committed 5960K, reserved 1048576K
2020-07-01T08:30:56.404+0200: 400011.046: [GC (Allocation Failure) 2020-07-01T08:30:56.404+0200: 400011.046: [ParNew
Desired survivor size 20971520 bytes, new threshold 1 (max 1)
- age   1:        240 bytes,        240 total
: 327684K->4K(368640K), 0.0146259 secs] 1408508K->1080829K(4124672K), 0.0147414 secs] [Times: user=0.04 sys=0.00, real=0.02 secs] 
Heap after GC invocations=495482 (full 2):
 par new generation   total 368640K, used 4K [0x00000006c1c00000, 0x00000006dac00000, 0x00000006dac00000)
  eden space 327680K,   0% used [0x00000006c1c00000, 0x00000006c1c00000, 0x00000006d5c00000)
  from space 40960K,   0% used [0x00000006d5c00000, 0x00000006d5c01020, 0x00000006d8400000)
  to   space 40960K,   0% used [0x00000006d8400000, 0x00000006d8400000, 0x00000006dac00000)
 concurrent mark-sweep generation total 3756032K, used 1080824K [0x00000006dac00000, 0x00000007c0000000, 0x00000007c0000000)
 Metaspace       used 42573K, capacity 43892K, committed 44572K, reserved 1087488K
  class space    used 5454K, capacity 5756K, committed 5960K, reserved 1048576K
}
2020-07-01T08:30:56.418+0200: 400011.061: Total time for which application threads were stopped: 0.0150502 seconds, Stopping threads took: 0.0000505 seconds
{Heap before GC invocations=495482 (full 2):
 par new generation   total 368640K, used 327684K [0x00000006c1c00000, 0x00000006dac00000, 0x00000006dac00000)
  eden space 327680K, 100% used [0x00000006c1c00000, 0x00000006d5c00000, 0x00000006d5c00000)
  from space 40960K,   0% used [0x00000006d5c00000, 0x00000006d5c01020, 0x00000006d8400000)
  to   space 40960K,   0% used [0x00000006d8400000, 0x00000006d8400000, 0x00000006dac00000)
 concurrent mark-sweep generation total 3756032K, used 1080824K [0x00000006dac00000, 0x00000007c0000000, 0x00000007c0000000)
 Metaspace       used 42573K, capacity 43892K, committed 44572K, reserved 1087488K
  class space    used 5454K, capacity 5756K, committed 5960K, reserved 1048576K
2020-07-01T08:30:56.705+0200: 400011.348: [GC (Allocation Failure) 2020-07-01T08:30:56.705+0200: 400011.348: [ParNew
Desired survivor size 20971520 bytes, new threshold 1 (max 1)
- age   1:        272 bytes,        272 total
: 327684K->4K(368640K), 0.0144449 secs] 1408509K->1080829K(4124672K), 0.0145452 secs] [Times: user=0.03 sys=0.00, real=0.02 secs] 
Heap after GC invocations=495483 (full 2):
 par new generation   total 368640K, used 4K [0x00000006c1c00000, 0x00000006dac00000, 0x00000006dac00000)
  eden space 327680K,   0% used [0x00000006c1c00000, 0x00000006c1c00000, 0x00000006d5c00000)
  from space 40960K,   0% used [0x00000006d8400000, 0x00000006d8401020, 0x00000006dac00000)
  to   space 40960K,   0% used [0x00000006d5c00000, 0x00000006d5c00000, 0x00000006d8400000)
 concurrent mark-sweep generation total 3756032K, used 1080824K [0x00000006dac00000, 0x00000007c0000000, 0x00000007c0000000)
 Metaspace       used 42573K, capacity 43892K, committed 44572K, reserved 1087488K
  class space    used 5454K, capacity 5756K, committed 5960K, reserved 1048576K
}
2020-07-01T08:30:56.719+0200: 400011.362: Total time for which application threads were stopped: 0.0148201 seconds, Stopping threads took: 0.0000458 seconds
{Heap before GC invocations=495483 (full 2):
 par new generation   total 368640K, used 327684K [0x00000006c1c00000, 0x00000006dac00000, 0x00000006dac00000)
  eden space 327680K, 100% used [0x00000006c1c00000, 0x00000006d5c00000, 0x00000006d5c00000)
  from space 40960K,   0% used [0x00000006d8400000, 0x00000006d8401020, 0x00000006dac00000)
  to   space 40960K,   0% used [0x00000006d5c00000, 0x00000006d5c00000, 0x00000006d8400000)
 concurrent mark-sweep generation total 3756032K, used 1080824K [0x00000006dac00000, 0x00000007c0000000, 0x00000007c0000000)
 Metaspace       used 42573K, capacity 43892K, committed 44572K, reserved 1087488K
  class space    used 5454K, capacity 5756K, committed 5960K, reserved 1048576K
2020-07-01T08:30:57.012+0200: 400011.655: [GC (Allocation Failure) 2020-07-01T08:30:57.012+0200: 400011.655: [ParNew
Desired survivor size 20971520 bytes, new threshold 1 (max 1)
- age   1:        728 bytes,        728 total
: 327684K->4K(368640K), 0.0125433 secs] 1408509K->1080829K(4124672K), 0.0126530 secs] [Times: user=0.00 sys=0.00, real=0.01 secs] 
Heap after GC invocations=495484 (full 2):
 par new generation   total 368640K, used 4K [0x00000006c1c00000, 0x00000006dac00000, 0x00000006dac00000)
  eden space 327680K,   0% used [0x00000006c1c00000, 0x00000006c1c00000, 0x00000006d5c00000)
  from space 40960K,   0% used [0x00000006d5c00000, 0x00000006d5c01020, 0x00000006d8400000)
  to   space 40960K,   0% used [0x00000006d8400000, 0x00000006d8400000, 0x00000006dac00000)
 concurrent mark-sweep generation total 3756032K, used 1080825K [0x00000006dac00000, 0x00000007c0000000, 0x00000007c0000000)
 Metaspace       used 42573K, capacity 43892K, committed 44572K, reserved 1087488K
  class space    used 5454K, capacity 5756K, committed 5960K, reserved 1048576K
}
2020-07-01T08:30:57.025+0200: 400011.667: Total time for which application threads were stopped: 0.0130115 seconds, Stopping threads took: 0.0000965 seconds
{Heap before GC invocations=495484 (full 2):
 par new generation   total 368640K, used 327684K [0x00000006c1c00000, 0x00000006dac00000, 0x00000006dac00000)
  eden space 327680K, 100% used [0x00000006c1c00000, 0x00000006d5c00000, 0x00000006d5c00000)
  from space 40960K,   0% used [0x00000006d5c00000, 0x00000006d5c01020, 0x00000006d8400000)
  to   space 40960K,   0% used [0x00000006d8400000, 0x00000006d8400000, 0x00000006dac00000)
 concurrent mark-sweep generation total 3756032K, used 1080825K [0x00000006dac00000, 0x00000007c0000000, 0x00000007c0000000)
 Metaspace       used 42573K, capacity 43892K, committed 44572K, reserved 1087488K
  class space    used 5454K, capacity 5756K, committed 5960K, reserved 1048576K
2020-07-01T08:30:57.315+0200: 400011.958: [GC (Allocation Failure) 2020-07-01T08:30:57.315+0200: 400011.958: [ParNew
Desired survivor size 20971520 bytes, new threshold 1 (max 1)
- age   1:        304 bytes,        304 total
: 327684K->2K(368640K), 0.0147489 secs] 1408509K->1080827K(4124672K), 0.0148661 secs] [Times: user=0.01 sys=0.00, real=0.02 secs] 
Heap after GC invocations=495485 (full 2):
 par new generation   total 368640K, used 2K [0x00000006c1c00000, 0x00000006dac00000, 0x00000006dac00000)
  eden space 327680K,   0% used [0x00000006c1c00000, 0x00000006c1c00000, 0x00000006d5c00000)
  from space 40960K,   0% used [0x00000006d8400000, 0x00000006d8400810, 0x00000006dac00000)
  to   space 40960K,   0% used [0x00000006d5c00000, 0x00000006d5c00000, 0x00000006d8400000)
 concurrent mark-sweep generation total 3756032K, used 1080825K [0x00000006dac00000, 0x00000007c0000000, 0x00000007c0000000)
 Metaspace       used 42573K, capacity 43892K, committed 44572K, reserved 1087488K
  class space    used 5454K, capacity 5756K, committed 5960K, reserved 1048576K
}
2020-07-01T08:30:57.330+0200: 400011.972: Total time for which application threads were stopped: 0.0151714 seconds, Stopping threads took: 0.0000487 seconds
{Heap before GC invocations=495485 (full 2):
 par new generation   total 368640K, used 327682K [0x00000006c1c00000, 0x00000006dac00000, 0x00000006dac00000)
  eden space 327680K, 100% used [0x00000006c1c00000, 0x00000006d5c00000, 0x00000006d5c00000)
  from space 40960K,   0% used [0x00000006d8400000, 0x00000006d8400810, 0x00000006dac00000)
  to   space 40960K,   0% used [0x00000006d5c00000, 0x00000006d5c00000, 0x00000006d8400000)
 concurrent mark-sweep generation total 3756032K, used 1080825K [0x00000006dac00000, 0x00000007c0000000, 0x00000007c0000000)
 Metaspace       used 42573K, capacity 43892K, committed 44572K, reserved 1087488K
  class space    used 5454K, capacity 5756K, committed 5960K, reserved 1048576K
2020-07-01T08:30:57.631+0200: 400012.274: [GC (Allocation Failure) 2020-07-01T08:30:57.631+0200: 400012.274: [ParNew
Desired survivor size 20971520 bytes, new threshold 1 (max 1)
- age   1:        536 bytes,        536 total
: 327682K->4K(368640K), 0.0152408 secs] 1408507K->1080829K(4124672K), 0.0153675 secs] [Times: user=0.01 sys=0.00, real=0.01 secs] 
Heap after GC invocations=495486 (full 2):
 par new generation   total 368640K, used 4K [0x00000006c1c00000, 0x00000006dac00000, 0x00000006dac00000)
  eden space 327680K,   0% used [0x00000006c1c00000, 0x00000006c1c00000, 0x00000006d5c00000)
  from space 40960K,   0% used [0x00000006d5c00000, 0x00000006d5c01020, 0x00000006d8400000)
  to   space 40960K,   0% used [0x00000006d8400000, 0x00000006d8400000, 0x00000006dac00000)
 concurrent mark-sweep generation total 3756032K, used 1080825K [0x00000006dac00000, 0x00000007c0000000, 0x00000007c0000000)
 Metaspace       used 42573K, capacity 43892K, committed 44572K, reserved 1087488K
  class space    used 5454K, capacity 5756K, committed 5960K, reserved 1048576K
}
2020-07-01T08:30:57.647+0200: 400012.290: Total time for which application threads were stopped: 0.0291299 seconds, Stopping threads took: 0.0135119 seconds
{Heap before GC invocations=495486 (full 2):
 par new generation   total 368640K, used 327684K [0x00000006c1c00000, 0x00000006dac00000, 0x00000006dac00000)
  eden space 327680K, 100% used [0x00000006c1c00000, 0x00000006d5c00000, 0x00000006d5c00000)
  from space 40960K,   0% used [0x00000006d5c00000, 0x00000006d5c01020, 0x00000006d8400000)
  to   space 40960K,   0% used [0x00000006d8400000, 0x00000006d8400000, 0x00000006dac00000)
 concurrent mark-sweep generation total 3756032K, used 1080825K [0x00000006dac00000, 0x00000007c0000000, 0x00000007c0000000)
 Metaspace       used 42573K, capacity 43892K, committed 44572K, reserved 1087488K
  class space    used 5454K, capacity 5756K, committed 5960K, reserved 1048576K
2020-07-01T08:30:58.031+0200: 400012.674: [GC (Allocation Failure) 2020-07-01T08:30:58.031+0200: 400012.674: [ParNew
Desired survivor size 20971520 bytes, new threshold 1 (max 1)
- age   1:        272 bytes,        272 total
: 327684K->4K(368640K), 0.0117013 secs] 1408509K->1080829K(4124672K), 0.0118190 secs] [Times: user=0.02 sys=0.00, real=0.01 secs] 
Heap after GC invocations=495487 (full 2):
 par new generation   total 368640K, used 4K [0x00000006c1c00000, 0x00000006dac00000, 0x00000006dac00000)
  eden space 327680K,   0% used [0x00000006c1c00000, 0x00000006c1c00000, 0x00000006d5c00000)
  from space 40960K,   0% used [0x00000006d8400000, 0x00000006d8401020, 0x00000006dac00000)
  to   space 40960K,   0% used [0x00000006d5c00000, 0x00000006d5c00000, 0x00000006d8400000)
 concurrent mark-sweep generation total 3756032K, used 1080825K [0x00000006dac00000, 0x00000007c0000000, 0x00000007c0000000)
 Metaspace       used 42573K, capacity 43892K, committed 44572K, reserved 1087488K
  class space    used 5454K, capacity 5756K, committed 5960K, reserved 1048576K
}
2020-07-01T08:30:58.043+0200: 400012.686: Total time for which application threads were stopped: 0.0121246 seconds, Stopping threads took: 0.0000663 seconds
{Heap before GC invocations=495487 (full 2):
 par new generation   total 368640K, used 327684K [0x00000006c1c00000, 0x00000006dac00000, 0x00000006dac00000)
  eden space 327680K, 100% used [0x00000006c1c00000, 0x00000006d5c00000, 0x00000006d5c00000)
  from space 40960K,   0% used [0x00000006d8400000, 0x00000006d8401020, 0x00000006dac00000)
  to   space 40960K,   0% used [0x00000006d5c00000, 0x00000006d5c00000, 0x00000006d8400000)
 concurrent mark-sweep generation total 3756032K, used 1080825K [0x00000006dac00000, 0x00000007c0000000, 0x00000007c0000000)
 Metaspace       used 42573K, capacity 43892K, committed 44572K, reserved 1087488K
  class space    used 5454K, capacity 5756K, committed 5960K, reserved 1048576K
2020-07-01T08:30:58.423+0200: 400013.066: [GC (Allocation Failure) 2020-07-01T08:30:58.424+0200: 400013.066: [ParNew
Desired survivor size 20971520 bytes, new threshold 1 (max 1)
- age   1:        272 bytes,        272 total
: 327684K->4K(368640K), 0.0085585 secs] 1408509K->1080829K(4124672K), 0.0087479 secs] [Times: user=0.00 sys=0.00, real=0.01 secs] 
Heap after GC invocations=495488 (full 2):
 par new generation   total 368640K, used 4K [0x00000006c1c00000, 0x00000006dac00000, 0x00000006dac00000)
  eden space 327680K,   0% used [0x00000006c1c00000, 0x00000006c1c00000, 0x00000006d5c00000)
  from space 40960K,   0% used [0x00000006d5c00000, 0x00000006d5c01020, 0x00000006d8400000)
  to   space 40960K,   0% used [0x00000006d8400000, 0x00000006d8400000, 0x00000006dac00000)
 concurrent mark-sweep generation total 3756032K, used 1080825K [0x00000006dac00000, 0x00000007c0000000, 0x00000007c0000000)
 Metaspace       used 42573K, capacity 43892K, committed 44572K, reserved 1087488K
  class space    used 5454K, capacity 5756K, committed 5960K, reserved 1048576K
}
2020-07-01T08:30:58.432+0200: 400013.075: Total time for which application threads were stopped: 0.0093011 seconds, Stopping threads took: 0.0000668 seconds
{Heap before GC invocations=495488 (full 2):
 par new generation   total 368640K, used 327684K [0x00000006c1c00000, 0x00000006dac00000, 0x00000006dac00000)
  eden space 327680K, 100% used [0x00000006c1c00000, 0x00000006d5c00000, 0x00000006d5c00000)
  from space 40960K,   0% used [0x00000006d5c00000, 0x00000006d5c01020, 0x00000006d8400000)
  to   space 40960K,   0% used [0x00000006d8400000, 0x00000006d8400000, 0x00000006dac00000)
 concurrent mark-sweep generation total 3756032K, used 1080825K [0x00000006dac00000, 0x00000007c0000000, 0x00000007c0000000)
 Metaspace       used 42573K, capacity 43892K, committed 44572K, reserved 1087488K
  class space    used 5454K, capacity 5756K, committed 5960K, reserved 1048576K
2020-07-01T08:30:58.841+0200: 400013.484: [GC (Allocation Failure) 2020-07-01T08:30:58.841+0200: 400013.484: [ParNew
Desired survivor size 20971520 bytes, new threshold 1 (max 1)
- age   1:        272 bytes,        272 total
: 327684K->4K(368640K), 0.0232845 secs] 1408509K->1080829K(4124672K), 0.0233889 secs] [Times: user=0.03 sys=0.00, real=0.02 secs] 
Heap after GC invocations=495489 (full 2):
 par new generation   total 368640K, used 4K [0x00000006c1c00000, 0x00000006dac00000, 0x00000006dac00000)
  eden space 327680K,   0% used [0x00000006c1c00000, 0x00000006c1c00000, 0x00000006d5c00000)
  from space 40960K,   0% used [0x00000006d8400000, 0x00000006d8401020, 0x00000006dac00000)
  to   space 40960K,   0% used [0x00000006d5c00000, 0x00000006d5c00000, 0x00000006d8400000)
 concurrent mark-sweep generation total 3756032K, used 1080825K [0x00000006dac00000, 0x00000007c0000000, 0x00000007c0000000)
 Metaspace       used 42573K, capacity 43892K, committed 44572K, reserved 1087488K
  class space    used 5454K, capacity 5756K, committed 5960K, reserved 1048576K
}
2020-07-01T08:30:58.865+0200: 400013.508: Total time for which application threads were stopped: 0.0273807 seconds, Stopping threads took: 0.0037192 seconds
{Heap before GC invocations=495489 (full 2):
 par new generation   total 368640K, used 327684K [0x00000006c1c00000, 0x00000006dac00000, 0x00000006dac00000)
  eden space 327680K, 100% used [0x00000006c1c00000, 0x00000006d5c00000, 0x00000006d5c00000)
  from space 40960K,   0% used [0x00000006d8400000, 0x00000006d8401020, 0x00000006dac00000)
  to   space 40960K,   0% used [0x00000006d5c00000, 0x00000006d5c00000, 0x00000006d8400000)
 concurrent mark-sweep generation total 3756032K, used 1080825K [0x00000006dac00000, 0x00000007c0000000, 0x00000007c0000000)
 Metaspace       used 42573K, capacity 43892K, committed 44572K, reserved 1087488K
  class space    used 5454K, capacity 5756K, committed 5960K, reserved 1048576K
2020-07-01T08:30:59.160+0200: 400013.803: [GC (Allocation Failure) 2020-07-01T08:30:59.160+0200: 400013.803: [ParNew
Desired survivor size 20971520 bytes, new threshold 1 (max 1)
- age   1:        336 bytes,        336 total
: 327684K->6K(368640K), 0.0112579 secs] 1408509K->1080831K(4124672K), 0.0113912 secs] [Times: user=0.04 sys=0.00, real=0.01 secs] 
Heap after GC invocations=495490 (full 2):
 par new generation   total 368640K, used 6K [0x00000006c1c00000, 0x00000006dac00000, 0x00000006dac00000)
  eden space 327680K,   0% used [0x00000006c1c00000, 0x00000006c1c00000, 0x00000006d5c00000)
  from space 40960K,   0% used [0x00000006d5c00000, 0x00000006d5c01830, 0x00000006d8400000)
  to   space 40960K,   0% used [0x00000006d8400000, 0x00000006d8400000, 0x00000006dac00000)
 concurrent mark-sweep generation total 3756032K, used 1080825K [0x00000006dac00000, 0x00000007c0000000, 0x00000007c0000000)
 Metaspace       used 42573K, capacity 43892K, committed 44572K, reserved 1087488K
  class space    used 5454K, capacity 5756K, committed 5960K, reserved 1048576K
}
2020-07-01T08:30:59.172+0200: 400013.815: Total time for which application threads were stopped: 0.0123225 seconds, Stopping threads took: 0.0001145 seconds
{Heap before GC invocations=495490 (full 2):
 par new generation   total 368640K, used 327686K [0x00000006c1c00000, 0x00000006dac00000, 0x00000006dac00000)
  eden space 327680K, 100% used [0x00000006c1c00000, 0x00000006d5c00000, 0x00000006d5c00000)
  from space 40960K,   0% used [0x00000006d5c00000, 0x00000006d5c01830, 0x00000006d8400000)
  to   space 40960K,   0% used [0x00000006d8400000, 0x00000006d8400000, 0x00000006dac00000)
 concurrent mark-sweep generation total 3756032K, used 1080825K [0x00000006dac00000, 0x00000007c0000000, 0x00000007c0000000)
 Metaspace       used 42573K, capacity 43892K, committed 44572K, reserved 1087488K
  class space    used 5454K, capacity 5756K, committed 5960K, reserved 1048576K
2020-07-01T08:30:59.454+0200: 400014.097: [GC (Allocation Failure) 2020-07-01T08:30:59.454+0200: 400014.097: [ParNew
Desired survivor size 20971520 bytes, new threshold 1 (max 1)
- age   1:        240 bytes,        240 total
: 327686K->4K(368640K), 0.0118980 secs] 1408511K->1080830K(4124672K), 0.0120267 secs] [Times: user=0.03 sys=0.00, real=0.01 secs] 
Heap after GC invocations=495491 (full 2):
 par new generation   total 368640K, used 4K [0x00000006c1c00000, 0x00000006dac00000, 0x00000006dac00000)
  eden space 327680K,   0% used [0x00000006c1c00000, 0x00000006c1c00000, 0x00000006d5c00000)
  from space 40960K,   0% used [0x00000006d8400000, 0x00000006d8401020, 0x00000006dac00000)
  to   space 40960K,   0% used [0x00000006d5c00000, 0x00000006d5c00000, 0x00000006d8400000)
 concurrent mark-sweep generation total 3756032K, used 1080825K [0x00000006dac00000, 0x00000007c0000000, 0x00000007c0000000)
 Metaspace       used 42573K, capacity 43892K, committed 44572K, reserved 1087488K
  class space    used 5454K, capacity 5756K, committed 5960K, reserved 1048576K
}
2020-07-01T08:30:59.467+0200: 400014.109: Total time for which application threads were stopped: 0.0131338 seconds, Stopping threads took: 0.0008497 seconds
{Heap before GC invocations=495491 (full 2):
 par new generation   total 368640K, used 327684K [0x00000006c1c00000, 0x00000006dac00000, 0x00000006dac00000)
  eden space 327680K, 100% used [0x00000006c1c00000, 0x00000006d5c00000, 0x00000006d5c00000)
  from space 40960K,   0% used [0x00000006d8400000, 0x00000006d8401020, 0x00000006dac00000)
  to   space 40960K,   0% used [0x00000006d5c00000, 0x00000006d5c00000, 0x00000006d8400000)
 concurrent mark-sweep generation total 3756032K, used 1080825K [0x00000006dac00000, 0x00000007c0000000, 0x00000007c0000000)
 Metaspace       used 42573K, capacity 43892K, committed 44572K, reserved 1087488K
  class space    used 5454K, capacity 5756K, committed 5960K, reserved 1048576K
2020-07-01T08:30:59.770+0200: 400014.413: [GC (Allocation Failure) 2020-07-01T08:30:59.770+0200: 400014.413: [ParNew
Desired survivor size 20971520 bytes, new threshold 1 (max 1)
- age   1:        272 bytes,        272 total
: 327684K->4K(368640K), 0.0104500 secs] 1408510K->1080830K(4124672K), 0.0105652 secs] [Times: user=0.03 sys=0.00, real=0.01 secs] 
Heap after GC invocations=495492 (full 2):
 par new generation   total 368640K, used 4K [0x00000006c1c00000, 0x00000006dac00000, 0x00000006dac00000)
  eden space 327680K,   0% used [0x00000006c1c00000, 0x00000006c1c00000, 0x00000006d5c00000)
  from space 40960K,   0% used [0x00000006d5c00000, 0x00000006d5c01020, 0x00000006d8400000)
  to   space 40960K,   0% used [0x00000006d8400000, 0x00000006d8400000, 0x00000006dac00000)
 concurrent mark-sweep generation total 3756032K, used 1080825K [0x00000006dac00000, 0x00000007c0000000, 0x00000007c0000000)
 Metaspace       used 42573K, capacity 43892K, committed 44572K, reserved 1087488K
  class space    used 5454K, capacity 5756K, committed 5960K, reserved 1048576K
}
2020-07-01T08:30:59.781+0200: 400014.423: Total time for which application threads were stopped: 0.0114213 seconds, Stopping threads took: 0.0006127 seconds
{Heap before GC invocations=495492 (full 2):
 par new generation   total 368640K, used 327684K [0x00000006c1c00000, 0x00000006dac00000, 0x00000006dac00000)
  eden space 327680K, 100% used [0x00000006c1c00000, 0x00000006d5c00000, 0x00000006d5c00000)
  from space 40960K,   0% used [0x00000006d5c00000, 0x00000006d5c01020, 0x00000006d8400000)
  to   space 40960K,   0% used [0x00000006d8400000, 0x00000006d8400000, 0x00000006dac00000)
 concurrent mark-sweep generation total 3756032K, used 1080825K [0x00000006dac00000, 0x00000007c0000000, 0x00000007c0000000)
 Metaspace       used 42573K, capacity 43892K, committed 44572K, reserved 1087488K
  class space    used 5454K, capacity 5756K, committed 5960K, reserved 1048576K
2020-07-01T08:31:00.106+0200: 400014.748: [GC (Allocation Failure) 2020-07-01T08:31:00.106+0200: 400014.748: [ParNew
Desired survivor size 20971520 bytes, new threshold 1 (max 1)
- age   1:        304 bytes,        304 total
: 327684K->4K(368640K), 0.0113704 secs] 1408510K->1080830K(4124672K), 0.0114793 secs] [Times: user=0.00 sys=0.00, real=0.01 secs] 
Heap after GC invocations=495493 (full 2):
 par new generation   total 368640K, used 4K [0x00000006c1c00000, 0x00000006dac00000, 0x00000006dac00000)
  eden space 327680K,   0% used [0x00000006c1c00000, 0x00000006c1c00000, 0x00000006d5c00000)
  from space 40960K,   0% used [0x00000006d8400000, 0x00000006d8401020, 0x00000006dac00000)
  to   space 40960K,   0% used [0x00000006d5c00000, 0x00000006d5c00000, 0x00000006d8400000)
 concurrent mark-sweep generation total 3756032K, used 1080826K [0x00000006dac00000, 0x00000007c0000000, 0x00000007c0000000)
 Metaspace       used 42573K, capacity 43892K, committed 44572K, reserved 1087488K
  class space    used 5454K, capacity 5756K, committed 5960K, reserved 1048576K
}
2020-07-01T08:31:00.117+0200: 400014.760: Total time for which application threads were stopped: 0.0119447 seconds, Stopping threads took: 0.0001392 seconds
{Heap before GC invocations=495493 (full 2):
 par new generation   total 368640K, used 327684K [0x00000006c1c00000, 0x00000006dac00000, 0x00000006dac00000)
  eden space 327680K, 100% used [0x00000006c1c00000, 0x00000006d5c00000, 0x00000006d5c00000)
  from space 40960K,   0% used [0x00000006d8400000, 0x00000006d8401020, 0x00000006dac00000)
  to   space 40960K,   0% used [0x00000006d5c00000, 0x00000006d5c00000, 0x00000006d8400000)
 concurrent mark-sweep generation total 3756032K, used 1080826K [0x00000006dac00000, 0x00000007c0000000, 0x00000007c0000000)
 Metaspace       used 42573K, capacity 43892K, committed 44572K, reserved 1087488K
  class space    used 5454K, capacity 5756K, committed 5960K, reserved 1048576K
2020-07-01T08:31:00.408+0200: 400015.050: [GC (Allocation Failure) 2020-07-01T08:31:00.408+0200: 400015.051: [ParNew
Desired survivor size 20971520 bytes, new threshold 1 (max 1)
- age   1:        240 bytes,        240 total
: 327684K->4K(368640K), 0.0170350 secs] 1408510K->1080830K(4124672K), 0.0171431 secs] [Times: user=0.04 sys=0.00, real=0.02 secs] 
Heap after GC invocations=495494 (full 2):
 par new generation   total 368640K, used 4K [0x00000006c1c00000, 0x00000006dac00000, 0x00000006dac00000)
  eden space 327680K,   0% used [0x00000006c1c00000, 0x00000006c1c00000, 0x00000006d5c00000)
  from space 40960K,   0% used [0x00000006d5c00000, 0x00000006d5c01020, 0x00000006d8400000)
  to   space 40960K,   0% used [0x00000006d8400000, 0x00000006d8400000, 0x00000006dac00000)
 concurrent mark-sweep generation total 3756032K, used 1080826K [0x00000006dac00000, 0x00000007c0000000, 0x00000007c0000000)
 Metaspace       used 42573K, capacity 43892K, committed 44572K, reserved 1087488K
  class space    used 5454K, capacity 5756K, committed 5960K, reserved 1048576K
}
2020-07-01T08:31:00.425+0200: 400015.068: Total time for which application threads were stopped: 0.0174451 seconds, Stopping threads took: 0.0000529 seconds
{Heap before GC invocations=495494 (full 2):
 par new generation   total 368640K, used 327684K [0x00000006c1c00000, 0x00000006dac00000, 0x00000006dac00000)
  eden space 327680K, 100% used [0x00000006c1c00000, 0x00000006d5c00000, 0x00000006d5c00000)
  from space 40960K,   0% used [0x00000006d5c00000, 0x00000006d5c01020, 0x00000006d8400000)
  to   space 40960K,   0% used [0x00000006d8400000, 0x00000006d8400000, 0x00000006dac00000)
 concurrent mark-sweep generation total 3756032K, used 1080826K [0x00000006dac00000, 0x00000007c0000000, 0x00000007c0000000)
 Metaspace       used 42573K, capacity 43892K, committed 44572K, reserved 1087488K
  class space    used 5454K, capacity 5756K, committed 5960K, reserved 1048576K
2020-07-01T08:31:00.713+0200: 400015.356: [GC (Allocation Failure) 2020-07-01T08:31:00.713+0200: 400015.356: [ParNew
Desired survivor size 20971520 bytes, new threshold 1 (max 1)
- age   1:        240 bytes,        240 total
: 327684K->4K(368640K), 0.0127799 secs] 1408510K->1080830K(4124672K), 0.0129051 secs] [Times: user=0.03 sys=0.00, real=0.01 secs] 
Heap after GC invocations=495495 (full 2):
 par new generation   total 368640K, used 4K [0x00000006c1c00000, 0x00000006dac00000, 0x00000006dac00000)
  eden space 327680K,   0% used [0x00000006c1c00000, 0x00000006c1c00000, 0x00000006d5c00000)
  from space 40960K,   0% used [0x00000006d8400000, 0x00000006d8401020, 0x00000006dac00000)
  to   space 40960K,   0% used [0x00000006d5c00000, 0x00000006d5c00000, 0x00000006d8400000)
 concurrent mark-sweep generation total 3756032K, used 1080826K [0x00000006dac00000, 0x00000007c0000000, 0x00000007c0000000)
 Metaspace       used 42573K, capacity 43892K, committed 44572K, reserved 1087488K
  class space    used 5454K, capacity 5756K, committed 5960K, reserved 1048576K
}
2020-07-01T08:31:00.726+0200: 400015.369: Total time for which application threads were stopped: 0.0133615 seconds, Stopping threads took: 0.0000552 seconds
{Heap before GC invocations=495495 (full 2):
 par new generation   total 368640K, used 327684K [0x00000006c1c00000, 0x00000006dac00000, 0x00000006dac00000)
  eden space 327680K, 100% used [0x00000006c1c00000, 0x00000006d5c00000, 0x00000006d5c00000)
  from space 40960K,   0% used [0x00000006d8400000, 0x00000006d8401020, 0x00000006dac00000)
  to   space 40960K,   0% used [0x00000006d5c00000, 0x00000006d5c00000, 0x00000006d8400000)
 concurrent mark-sweep generation total 3756032K, used 1080826K [0x00000006dac00000, 0x00000007c0000000, 0x00000007c0000000)
 Metaspace       used 42573K, capacity 43892K, committed 44572K, reserved 1087488K
  class space    used 5454K, capacity 5756K, committed 5960K, reserved 1048576K
2020-07-01T08:31:01.020+0200: 400015.663: [GC (Allocation Failure) 2020-07-01T08:31:01.020+0200: 400015.663: [ParNew
Desired survivor size 20971520 bytes, new threshold 1 (max 1)
- age   1:        272 bytes,        272 total
: 327684K->6K(368640K), 0.0070166 secs] 1408510K->1080832K(4124672K), 0.0071388 secs] [Times: user=0.03 sys=0.00, real=0.00 secs] 
Heap after GC invocations=495496 (full 2):
 par new generation   total 368640K, used 6K [0x00000006c1c00000, 0x00000006dac00000, 0x00000006dac00000)
  eden space 327680K,   0% used [0x00000006c1c00000, 0x00000006c1c00000, 0x00000006d5c00000)
  from space 40960K,   0% used [0x00000006d5c00000, 0x00000006d5c01830, 0x00000006d8400000)
  to   space 40960K,   0% used [0x00000006d8400000, 0x00000006d8400000, 0x00000006dac00000)
 concurrent mark-sweep generation total 3756032K, used 1080826K [0x00000006dac00000, 0x00000007c0000000, 0x00000007c0000000)
 Metaspace       used 42573K, capacity 43892K, committed 44572K, reserved 1087488K
  class space    used 5454K, capacity 5756K, committed 5960K, reserved 1048576K
}
2020-07-01T08:31:01.027+0200: 400015.670: Total time for which application threads were stopped: 0.0074299 seconds, Stopping threads took: 0.0000518 seconds
{Heap before GC invocations=495496 (full 2):
 par new generation   total 368640K, used 327686K [0x00000006c1c00000, 0x00000006dac00000, 0x00000006dac00000)
  eden space 327680K, 100% used [0x00000006c1c00000, 0x00000006d5c00000, 0x00000006d5c00000)
  from space 40960K,   0% used [0x00000006d5c00000, 0x00000006d5c01830, 0x00000006d8400000)
  to   space 40960K,   0% used [0x00000006d8400000, 0x00000006d8400000, 0x00000006dac00000)
 concurrent mark-sweep generation total 3756032K, used 1080826K [0x00000006dac00000, 0x00000007c0000000, 0x00000007c0000000)
 Metaspace       used 42573K, capacity 43892K, committed 44572K, reserved 1087488K
  class space    used 5454K, capacity 5756K, committed 5960K, reserved 1048576K
2020-07-01T08:31:01.323+0200: 400015.966: [GC (Allocation Failure) 2020-07-01T08:31:01.323+0200: 400015.966: [ParNew
Desired survivor size 20971520 bytes, new threshold 1 (max 1)
- age   1:        272 bytes,        272 total
: 327686K->4K(368640K), 0.0091672 secs] 1408512K->1080830K(4124672K), 0.0092853 secs] [Times: user=0.00 sys=0.00, real=0.01 secs] 
Heap after GC invocations=495497 (full 2):
 par new generation   total 368640K, used 4K [0x00000006c1c00000, 0x00000006dac00000, 0x00000006dac00000)
  eden space 327680K,   0% used [0x00000006c1c00000, 0x00000006c1c00000, 0x00000006d5c00000)
  from space 40960K,   0% used [0x00000006d8400000, 0x00000006d8401020, 0x00000006dac00000)
  to   space 40960K,   0% used [0x00000006d5c00000, 0x00000006d5c00000, 0x00000006d8400000)
 concurrent mark-sweep generation total 3756032K, used 1080826K [0x00000006dac00000, 0x00000007c0000000, 0x00000007c0000000)
 Metaspace       used 42573K, capacity 43892K, committed 44572K, reserved 1087488K
  class space    used 5454K, capacity 5756K, committed 5960K, reserved 1048576K
}
2020-07-01T08:31:01.333+0200: 400015.975: Total time for which application threads were stopped: 0.0096115 seconds, Stopping threads took: 0.0000526 seconds
{Heap before GC invocations=495497 (full 2):
 par new generation   total 368640K, used 327684K [0x00000006c1c00000, 0x00000006dac00000, 0x00000006dac00000)
  eden space 327680K, 100% used [0x00000006c1c00000, 0x00000006d5c00000, 0x00000006d5c00000)
  from space 40960K,   0% used [0x00000006d8400000, 0x00000006d8401020, 0x00000006dac00000)
  to   space 40960K,   0% used [0x00000006d5c00000, 0x00000006d5c00000, 0x00000006d8400000)
 concurrent mark-sweep generation total 3756032K, used 1080826K [0x00000006dac00000, 0x00000007c0000000, 0x00000007c0000000)
 Metaspace       used 42573K, capacity 43892K, committed 44572K, reserved 1087488K
  class space    used 5454K, capacity 5756K, committed 5960K, reserved 1048576K
2020-07-01T08:31:01.619+0200: 400016.262: [GC (Allocation Failure) 2020-07-01T08:31:01.619+0200: 400016.262: [ParNew
Desired survivor size 20971520 bytes, new threshold 1 (max 1)
- age   1:        240 bytes,        240 total
: 327684K->4K(368640K), 0.0085380 secs] 1408510K->1080830K(4124672K), 0.0086469 secs] [Times: user=0.00 sys=0.00, real=0.00 secs] 
Heap after GC invocations=495498 (full 2):
 par new generation   total 368640K, used 4K [0x00000006c1c00000, 0x00000006dac00000, 0x00000006dac00000)
  eden space 327680K,   0% used [0x00000006c1c00000, 0x00000006c1c00000, 0x00000006d5c00000)
  from space 40960K,   0% used [0x00000006d5c00000, 0x00000006d5c01020, 0x00000006d8400000)
  to   space 40960K,   0% used [0x00000006d8400000, 0x00000006d8400000, 0x00000006dac00000)
 concurrent mark-sweep generation total 3756032K, used 1080826K [0x00000006dac00000, 0x00000007c0000000, 0x00000007c0000000)
 Metaspace       used 42573K, capacity 43892K, committed 44572K, reserved 1087488K
  class space    used 5454K, capacity 5756K, committed 5960K, reserved 1048576K
}
2020-07-01T08:31:01.628+0200: 400016.270: Total time for which application threads were stopped: 0.0089373 seconds, Stopping threads took: 0.0000536 seconds
{Heap before GC invocations=495498 (full 2):
 par new generation   total 368640K, used 327684K [0x00000006c1c00000, 0x00000006dac00000, 0x00000006dac00000)
  eden space 327680K, 100% used [0x00000006c1c00000, 0x00000006d5c00000, 0x00000006d5c00000)
  from space 40960K,   0% used [0x00000006d5c00000, 0x00000006d5c01020, 0x00000006d8400000)
  to   space 40960K,   0% used [0x00000006d8400000, 0x00000006d8400000, 0x00000006dac00000)
 concurrent mark-sweep generation total 3756032K, used 1080826K [0x00000006dac00000, 0x00000007c0000000, 0x00000007c0000000)
 Metaspace       used 42573K, capacity 43892K, committed 44572K, reserved 1087488K
  class space    used 5454K, capacity 5756K, committed 5960K, reserved 1048576K
2020-07-01T08:31:01.915+0200: 400016.558: [GC (Allocation Failure) 2020-07-01T08:31:01.915+0200: 400016.558: [ParNew
Desired survivor size 20971520 bytes, new threshold 1 (max 1)
- age   1:        272 bytes,        272 total
: 327684K->6K(368640K), 0.0068314 secs] 1408510K->1080832K(4124672K), 0.0069501 secs] [Times: user=0.05 sys=0.00, real=0.01 secs] 
Heap after GC invocations=495499 (full 2):
 par new generation   total 368640K, used 6K [0x00000006c1c00000, 0x00000006dac00000, 0x00000006dac00000)
  eden space 327680K,   0% used [0x00000006c1c00000, 0x00000006c1c00000, 0x00000006d5c00000)
  from space 40960K,   0% used [0x00000006d8400000, 0x00000006d8401830, 0x00000006dac00000)
  to   space 40960K,   0% used [0x00000006d5c00000, 0x00000006d5c00000, 0x00000006d8400000)
 concurrent mark-sweep generation total 3756032K, used 1080826K [0x00000006dac00000, 0x00000007c0000000, 0x00000007c0000000)
 Metaspace       used 42573K, capacity 43892K, committed 44572K, reserved 1087488K
  class space    used 5454K, capacity 5756K, committed 5960K, reserved 1048576K
}
2020-07-01T08:31:01.922+0200: 400016.565: Total time for which application threads were stopped: 0.0072349 seconds, Stopping threads took: 0.0000499 seconds
{Heap before GC invocations=495499 (full 2):
 par new generation   total 368640K, used 327686K [0x00000006c1c00000, 0x00000006dac00000, 0x00000006dac00000)
  eden space 327680K, 100% used [0x00000006c1c00000, 0x00000006d5c00000, 0x00000006d5c00000)
  from space 40960K,   0% used [0x00000006d8400000, 0x00000006d8401830, 0x00000006dac00000)
  to   space 40960K,   0% used [0x00000006d5c00000, 0x00000006d5c00000, 0x00000006d8400000)
 concurrent mark-sweep generation total 3756032K, used 1080826K [0x00000006dac00000, 0x00000007c0000000, 0x00000007c0000000)
 Metaspace       used 42573K, capacity 43892K, committed 44572K, reserved 1087488K
  class space    used 5454K, capacity 5756K, committed 5960K, reserved 1048576K
2020-07-01T08:31:02.206+0200: 400016.849: [GC (Allocation Failure) 2020-07-01T08:31:02.206+0200: 400016.849: [ParNew
Desired survivor size 20971520 bytes, new threshold 1 (max 1)
- age   1:        304 bytes,        304 total
: 327686K->6K(368640K), 0.0126199 secs] 1408512K->1080832K(4124672K), 0.0127497 secs] [Times: user=0.01 sys=0.00, real=0.02 secs] 
Heap after GC invocations=495500 (full 2):
 par new generation   total 368640K, used 6K [0x00000006c1c00000, 0x00000006dac00000, 0x00000006dac00000)
  eden space 327680K,   0% used [0x00000006c1c00000, 0x00000006c1c00000, 0x00000006d5c00000)
  from space 40960K,   0% used [0x00000006d5c00000, 0x00000006d5c01830, 0x00000006d8400000)
  to   space 40960K,   0% used [0x00000006d8400000, 0x00000006d8400000, 0x00000006dac00000)
 concurrent mark-sweep generation total 3756032K, used 1080826K [0x00000006dac00000, 0x00000007c0000000, 0x00000007c0000000)
 Metaspace       used 42573K, capacity 43892K, committed 44572K, reserved 1087488K
  class space    used 5454K, capacity 5756K, committed 5960K, reserved 1048576K
}
2020-07-01T08:31:02.219+0200: 400016.861: Total time for which application threads were stopped: 0.0134211 seconds, Stopping threads took: 0.0004352 seconds
{Heap before GC invocations=495500 (full 2):
 par new generation   total 368640K, used 327686K [0x00000006c1c00000, 0x00000006dac00000, 0x00000006dac00000)
  eden space 327680K, 100% used [0x00000006c1c00000, 0x00000006d5c00000, 0x00000006d5c00000)
  from space 40960K,   0% used [0x00000006d5c00000, 0x00000006d5c01830, 0x00000006d8400000)
  to   space 40960K,   0% used [0x00000006d8400000, 0x00000006d8400000, 0x00000006dac00000)
 concurrent mark-sweep generation total 3756032K, used 1080826K [0x00000006dac00000, 0x00000007c0000000, 0x00000007c0000000)
 Metaspace       used 42573K, capacity 43892K, committed 44572K, reserved 1087488K
  class space    used 5454K, capacity 5756K, committed 5960K, reserved 1048576K
2020-07-01T08:31:02.513+0200: 400017.156: [GC (Allocation Failure) 2020-07-01T08:31:02.514+0200: 400017.156: [ParNew
Desired survivor size 20971520 bytes, new threshold 1 (max 1)
- age   1:        240 bytes,        240 total
: 327686K->6K(368640K), 0.0123740 secs] 1408512K->1080832K(4124672K), 0.0124952 secs] [Times: user=0.00 sys=0.00, real=0.01 secs] 
Heap after GC invocations=495501 (full 2):
 par new generation   total 368640K, used 6K [0x00000006c1c00000, 0x00000006dac00000, 0x00000006dac00000)
  eden space 327680K,   0% used [0x00000006c1c00000, 0x00000006c1c00000, 0x00000006d5c00000)
  from space 40960K,   0% used [0x00000006d8400000, 0x00000006d8401830, 0x00000006dac00000)
  to   space 40960K,   0% used [0x00000006d5c00000, 0x00000006d5c00000, 0x00000006d8400000)
 concurrent mark-sweep generation total 3756032K, used 1080826K [0x00000006dac00000, 0x00000007c0000000, 0x00000007c0000000)
 Metaspace       used 42573K, capacity 43892K, committed 44572K, reserved 1087488K
  class space    used 5454K, capacity 5756K, committed 5960K, reserved 1048576K
}
2020-07-01T08:31:02.526+0200: 400017.169: Total time for which application threads were stopped: 0.0128049 seconds, Stopping threads took: 0.0000537 seconds
{Heap before GC invocations=495501 (full 2):
 par new generation   total 368640K, used 327686K [0x00000006c1c00000, 0x00000006dac00000, 0x00000006dac00000)
  eden space 327680K, 100% used [0x00000006c1c00000, 0x00000006d5c00000, 0x00000006d5c00000)
  from space 40960K,   0% used [0x00000006d8400000, 0x00000006d8401830, 0x00000006dac00000)
  to   space 40960K,   0% used [0x00000006d5c00000, 0x00000006d5c00000, 0x00000006d8400000)
 concurrent mark-sweep generation total 3756032K, used 1080826K [0x00000006dac00000, 0x00000007c0000000, 0x00000007c0000000)
 Metaspace       used 42573K, capacity 43892K, committed 44572K, reserved 1087488K
  class space    used 5454K, capacity 5756K, committed 5960K, reserved 1048576K
2020-07-01T08:31:02.842+0200: 400017.485: [GC (Allocation Failure) 2020-07-01T08:31:02.843+0200: 400017.485: [ParNew
Desired survivor size 20971520 bytes, new threshold 1 (max 1)
- age   1:        480 bytes,        480 total
: 327686K->4K(368640K), 0.0115637 secs] 1408512K->1080830K(4124672K), 0.0117050 secs] [Times: user=0.00 sys=0.00, real=0.01 secs] 
Heap after GC invocations=495502 (full 2):
 par new generation   total 368640K, used 4K [0x00000006c1c00000, 0x00000006dac00000, 0x00000006dac00000)
  eden space 327680K,   0% used [0x00000006c1c00000, 0x00000006c1c00000, 0x00000006d5c00000)
  from space 40960K,   0% used [0x00000006d5c00000, 0x00000006d5c01020, 0x00000006d8400000)
  to   space 40960K,   0% used [0x00000006d8400000, 0x00000006d8400000, 0x00000006dac00000)
 concurrent mark-sweep generation total 3756032K, used 1080826K [0x00000006dac00000, 0x00000007c0000000, 0x00000007c0000000)
 Metaspace       used 42573K, capacity 43892K, committed 44572K, reserved 1087488K
  class space    used 5454K, capacity 5756K, committed 5960K, reserved 1048576K
}
2020-07-01T08:31:02.854+0200: 400017.497: Total time for which application threads were stopped: 0.0119914 seconds, Stopping threads took: 0.0000497 seconds
{Heap before GC invocations=495502 (full 2):
 par new generation   total 368640K, used 327684K [0x00000006c1c00000, 0x00000006dac00000, 0x00000006dac00000)
  eden space 327680K, 100% used [0x00000006c1c00000, 0x00000006d5c00000, 0x00000006d5c00000)
  from space 40960K,   0% used [0x00000006d5c00000, 0x00000006d5c01020, 0x00000006d8400000)
  to   space 40960K,   0% used [0x00000006d8400000, 0x00000006d8400000, 0x00000006dac00000)
 concurrent mark-sweep generation total 3756032K, used 1080826K [0x00000006dac00000, 0x00000007c0000000, 0x00000007c0000000)
 Metaspace       used 42573K, capacity 43892K, committed 44572K, reserved 1087488K
  class space    used 5454K, capacity 5756K, committed 5960K, reserved 1048576K
2020-07-01T08:31:03.149+0200: 400017.792: [GC (Allocation Failure) 2020-07-01T08:31:03.149+0200: 400017.792: [ParNew
Desired survivor size 20971520 bytes, new threshold 1 (max 1)
- age   1:        288 bytes,        288 total
: 327684K->4K(368640K), 0.0182719 secs] 1408510K->1080830K(4124672K), 0.0183828 secs] [Times: user=0.03 sys=0.00, real=0.02 secs] 
Heap after GC invocations=495503 (full 2):
 par new generation   total 368640K, used 4K [0x00000006c1c00000, 0x00000006dac00000, 0x00000006dac00000)
  eden space 327680K,   0% used [0x00000006c1c00000, 0x00000006c1c00000, 0x00000006d5c00000)
  from space 40960K,   0% used [0x00000006d8400000, 0x00000006d8401020, 0x00000006dac00000)
  to   space 40960K,   0% used [0x00000006d5c00000, 0x00000006d5c00000, 0x00000006d8400000)
 concurrent mark-sweep generation total 3756032K, used 1080826K [0x00000006dac00000, 0x00000007c0000000, 0x00000007c0000000)
 Metaspace       used 42573K, capacity 43892K, committed 44572K, reserved 1087488K
  class space    used 5454K, capacity 5756K, committed 5960K, reserved 1048576K
}
2020-07-01T08:31:03.168+0200: 400017.811: Total time for which application threads were stopped: 0.0186647 seconds, Stopping threads took: 0.0000495 seconds
{Heap before GC invocations=495503 (full 2):
 par new generation   total 368640K, used 327684K [0x00000006c1c00000, 0x00000006dac00000, 0x00000006dac00000)
  eden space 327680K, 100% used [0x00000006c1c00000, 0x00000006d5c00000, 0x00000006d5c00000)
  from space 40960K,   0% used [0x00000006d8400000, 0x00000006d8401020, 0x00000006dac00000)
  to   space 40960K,   0% used [0x00000006d5c00000, 0x00000006d5c00000, 0x00000006d8400000)
 concurrent mark-sweep generation total 3756032K, used 1080826K [0x00000006dac00000, 0x00000007c0000000, 0x00000007c0000000)
 Metaspace       used 42573K, capacity 43892K, committed 44572K, reserved 1087488K
  class space    used 5454K, capacity 5756K, committed 5960K, reserved 1048576K
2020-07-01T08:31:03.665+0200: 400018.308: [GC (Allocation Failure) 2020-07-01T08:31:03.665+0200: 400018.308: [ParNew
Desired survivor size 20971520 bytes, new threshold 1 (max 1)
- age   1:        240 bytes,        240 total
: 327684K->2K(368640K), 0.0660637 secs] 1408510K->1080828K(4124672K), 0.0662201 secs] [Times: user=0.03 sys=0.00, real=0.07 secs] 
Heap after GC invocations=495504 (full 2):
 par new generation   total 368640K, used 2K [0x00000006c1c00000, 0x00000006dac00000, 0x00000006dac00000)
  eden space 327680K,   0% used [0x00000006c1c00000, 0x00000006c1c00000, 0x00000006d5c00000)
  from space 40960K,   0% used [0x00000006d5c00000, 0x00000006d5c00810, 0x00000006d8400000)
  to   space 40960K,   0% used [0x00000006d8400000, 0x00000006d8400000, 0x00000006dac00000)
 concurrent mark-sweep generation total 3756032K, used 1080826K [0x00000006dac00000, 0x00000007c0000000, 0x00000007c0000000)
 Metaspace       used 42573K, capacity 43892K, committed 44572K, reserved 1087488K
  class space    used 5454K, capacity 5756K, committed 5960K, reserved 1048576K
}
2020-07-01T08:31:03.731+0200: 400018.374: Total time for which application threads were stopped: 0.0665506 seconds, Stopping threads took: 0.0000499 seconds
{Heap before GC invocations=495504 (full 2):
 par new generation   total 368640K, used 327682K [0x00000006c1c00000, 0x00000006dac00000, 0x00000006dac00000)
  eden space 327680K, 100% used [0x00000006c1c00000, 0x00000006d5c00000, 0x00000006d5c00000)
  from space 40960K,   0% used [0x00000006d5c00000, 0x00000006d5c00810, 0x00000006d8400000)
  to   space 40960K,   0% used [0x00000006d8400000, 0x00000006d8400000, 0x00000006dac00000)
 concurrent mark-sweep generation total 3756032K, used 1080826K [0x00000006dac00000, 0x00000007c0000000, 0x00000007c0000000)
 Metaspace       used 42573K, capacity 43892K, committed 44572K, reserved 1087488K
  class space    used 5454K, capacity 5756K, committed 5960K, reserved 1048576K
2020-07-01T08:31:04.218+0200: 400018.861: [GC (Allocation Failure) 2020-07-01T08:31:04.218+0200: 400018.861: [ParNew
Desired survivor size 20971520 bytes, new threshold 1 (max 1)
- age   1:        304 bytes,        304 total
: 327682K->2K(368640K), 0.0157805 secs] 1408508K->1080828K(4124672K), 0.0158670 secs] [Times: user=0.04 sys=0.00, real=0.01 secs] 
Heap after GC invocations=495505 (full 2):
 par new generation   total 368640K, used 2K [0x00000006c1c00000, 0x00000006dac00000, 0x00000006dac00000)
  eden space 327680K,   0% used [0x00000006c1c00000, 0x00000006c1c00000, 0x00000006d5c00000)
  from space 40960K,   0% used [0x00000006d8400000, 0x00000006d8400810, 0x00000006dac00000)
  to   space 40960K,   0% used [0x00000006d5c00000, 0x00000006d5c00000, 0x00000006d8400000)
 concurrent mark-sweep generation total 3756032K, used 1080826K [0x00000006dac00000, 0x00000007c0000000, 0x00000007c0000000)
 Metaspace       used 42573K, capacity 43892K, committed 44572K, reserved 1087488K
  class space    used 5454K, capacity 5756K, committed 5960K, reserved 1048576K
}
2020-07-01T08:31:04.234+0200: 400018.877: Total time for which application threads were stopped: 0.0161630 seconds, Stopping threads took: 0.0000488 seconds
{Heap before GC invocations=495505 (full 2):
 par new generation   total 368640K, used 327682K [0x00000006c1c00000, 0x00000006dac00000, 0x00000006dac00000)
  eden space 327680K, 100% used [0x00000006c1c00000, 0x00000006d5c00000, 0x00000006d5c00000)
  from space 40960K,   0% used [0x00000006d8400000, 0x00000006d8400810, 0x00000006dac00000)
  to   space 40960K,   0% used [0x00000006d5c00000, 0x00000006d5c00000, 0x00000006d8400000)
 concurrent mark-sweep generation total 3756032K, used 1080826K [0x00000006dac00000, 0x00000007c0000000, 0x00000007c0000000)
 Metaspace       used 42573K, capacity 43892K, committed 44572K, reserved 1087488K
  class space    used 5454K, capacity 5756K, committed 5960K, reserved 1048576K
2020-07-01T08:31:04.543+0200: 400019.186: [GC (Allocation Failure) 2020-07-01T08:31:04.543+0200: 400019.186: [ParNew
Desired survivor size 20971520 bytes, new threshold 1 (max 1)
- age   1:        272 bytes,        272 total
: 327682K->4K(368640K), 0.0188250 secs] 1408508K->1080830K(4124672K), 0.0189389 secs] [Times: user=0.00 sys=0.00, real=0.02 secs] 
Heap after GC invocations=495506 (full 2):
 par new generation   total 368640K, used 4K [0x00000006c1c00000, 0x00000006dac00000, 0x00000006dac00000)
  eden space 327680K,   0% used [0x00000006c1c00000, 0x00000006c1c00000, 0x00000006d5c00000)
  from space 40960K,   0% used [0x00000006d5c00000, 0x00000006d5c01020, 0x00000006d8400000)
  to   space 40960K,   0% used [0x00000006d8400000, 0x00000006d8400000, 0x00000006dac00000)
 concurrent mark-sweep generation total 3756032K, used 1080826K [0x00000006dac00000, 0x00000007c0000000, 0x00000007c0000000)
 Metaspace       used 42573K, capacity 43892K, committed 44572K, reserved 1087488K
  class space    used 5454K, capacity 5756K, committed 5960K, reserved 1048576K
}
2020-07-01T08:31:04.562+0200: 400019.205: Total time for which application threads were stopped: 0.0210729 seconds, Stopping threads took: 0.0018757 seconds
{Heap before GC invocations=495506 (full 2):
 par new generation   total 368640K, used 327684K [0x00000006c1c00000, 0x00000006dac00000, 0x00000006dac00000)
  eden space 327680K, 100% used [0x00000006c1c00000, 0x00000006d5c00000, 0x00000006d5c00000)
  from space 40960K,   0% used [0x00000006d5c00000, 0x00000006d5c01020, 0x00000006d8400000)
  to   space 40960K,   0% used [0x00000006d8400000, 0x00000006d8400000, 0x00000006dac00000)
 concurrent mark-sweep generation total 3756032K, used 1080826K [0x00000006dac00000, 0x00000007c0000000, 0x00000007c0000000)
 Metaspace       used 42573K, capacity 43892K, committed 44572K, reserved 1087488K
  class space    used 5454K, capacity 5756K, committed 5960K, reserved 1048576K
2020-07-01T08:31:04.870+0200: 400019.513: [GC (Allocation Failure) 2020-07-01T08:31:04.870+0200: 400019.513: [ParNew
Desired survivor size 20971520 bytes, new threshold 1 (max 1)
- age   1:        272 bytes,        272 total
: 327684K->4K(368640K), 0.0100100 secs] 1408510K->1080830K(4124672K), 0.0101231 secs] [Times: user=0.00 sys=0.00, real=0.01 secs] 
Heap after GC invocations=495507 (full 2):
 par new generation   total 368640K, used 4K [0x00000006c1c00000, 0x00000006dac00000, 0x00000006dac00000)
  eden space 327680K,   0% used [0x00000006c1c00000, 0x00000006c1c00000, 0x00000006d5c00000)
  from space 40960K,   0% used [0x00000006d8400000, 0x00000006d8401020, 0x00000006dac00000)
  to   space 40960K,   0% used [0x00000006d5c00000, 0x00000006d5c00000, 0x00000006d8400000)
 concurrent mark-sweep generation total 3756032K, used 1080826K [0x00000006dac00000, 0x00000007c0000000, 0x00000007c0000000)
 Metaspace       used 42573K, capacity 43892K, committed 44572K, reserved 1087488K
  class space    used 5454K, capacity 5756K, committed 5960K, reserved 1048576K
}
2020-07-01T08:31:04.881+0200: 400019.523: Total time for which application threads were stopped: 0.0104497 seconds, Stopping threads took: 0.0000937 seconds
{Heap before GC invocations=495507 (full 2):
 par new generation   total 368640K, used 327684K [0x00000006c1c00000, 0x00000006dac00000, 0x00000006dac00000)
  eden space 327680K, 100% used [0x00000006c1c00000, 0x00000006d5c00000, 0x00000006d5c00000)
  from space 40960K,   0% used [0x00000006d8400000, 0x00000006d8401020, 0x00000006dac00000)
  to   space 40960K,   0% used [0x00000006d5c00000, 0x00000006d5c00000, 0x00000006d8400000)
 concurrent mark-sweep generation total 3756032K, used 1080826K [0x00000006dac00000, 0x00000007c0000000, 0x00000007c0000000)
 Metaspace       used 42573K, capacity 43892K, committed 44572K, reserved 1087488K
  class space    used 5454K, capacity 5756K, committed 5960K, reserved 1048576K
2020-07-01T08:31:05.193+0200: 400019.836: [GC (Allocation Failure) 2020-07-01T08:31:05.194+0200: 400019.836: [ParNew
Desired survivor size 20971520 bytes, new threshold 1 (max 1)
- age   1:        304 bytes,        304 total
: 327684K->4K(368640K), 0.0141086 secs] 1408510K->1080830K(4124672K), 0.0142231 secs] [Times: user=0.00 sys=0.00, real=0.01 secs] 
Heap after GC invocations=495508 (full 2):
 par new generation   total 368640K, used 4K [0x00000006c1c00000, 0x00000006dac00000, 0x00000006dac00000)
  eden space 327680K,   0% used [0x00000006c1c00000, 0x00000006c1c00000, 0x00000006d5c00000)
  from space 40960K,   0% used [0x00000006d5c00000, 0x00000006d5c01020, 0x00000006d8400000)
  to   space 40960K,   0% used [0x00000006d8400000, 0x00000006d8400000, 0x00000006dac00000)
 concurrent mark-sweep generation total 3756032K, used 1080826K [0x00000006dac00000, 0x00000007c0000000, 0x00000007c0000000)
 Metaspace       used 42573K, capacity 43892K, committed 44572K, reserved 1087488K
  class space    used 5454K, capacity 5756K, committed 5960K, reserved 1048576K
}
2020-07-01T08:31:05.208+0200: 400019.851: Total time for which application threads were stopped: 0.0145197 seconds, Stopping threads took: 0.0000460 seconds
{Heap before GC invocations=495508 (full 2):
 par new generation   total 368640K, used 327684K [0x00000006c1c00000, 0x00000006dac00000, 0x00000006dac00000)
  eden space 327680K, 100% used [0x00000006c1c00000, 0x00000006d5c00000, 0x00000006d5c00000)
  from space 40960K,   0% used [0x00000006d5c00000, 0x00000006d5c01020, 0x00000006d8400000)
  to   space 40960K,   0% used [0x00000006d8400000, 0x00000006d8400000, 0x00000006dac00000)
 concurrent mark-sweep generation total 3756032K, used 1080826K [0x00000006dac00000, 0x00000007c0000000, 0x00000007c0000000)
 Metaspace       used 42573K, capacity 43892K, committed 44572K, reserved 1087488K
  class space    used 5454K, capacity 5756K, committed 5960K, reserved 1048576K
2020-07-01T08:31:05.612+0200: 400020.254: [GC (Allocation Failure) 2020-07-01T08:31:05.612+0200: 400020.254: [ParNew
Desired survivor size 20971520 bytes, new threshold 1 (max 1)
- age   1:        240 bytes,        240 total
: 327684K->4K(368640K), 0.0137730 secs] 1408510K->1080830K(4124672K), 0.0138722 secs] [Times: user=0.03 sys=0.00, real=0.01 secs] 
Heap after GC invocations=495509 (full 2):
 par new generation   total 368640K, used 4K [0x00000006c1c00000, 0x00000006dac00000, 0x00000006dac00000)
  eden space 327680K,   0% used [0x00000006c1c00000, 0x00000006c1c00000, 0x00000006d5c00000)
  from space 40960K,   0% used [0x00000006d8400000, 0x00000006d8401020, 0x00000006dac00000)
  to   space 40960K,   0% used [0x00000006d5c00000, 0x00000006d5c00000, 0x00000006d8400000)
 concurrent mark-sweep generation total 3756032K, used 1080826K [0x00000006dac00000, 0x00000007c0000000, 0x00000007c0000000)
 Metaspace       used 42573K, capacity 43892K, committed 44572K, reserved 1087488K
  class space    used 5454K, capacity 5756K, committed 5960K, reserved 1048576K
}
2020-07-01T08:31:05.626+0200: 400020.268: Total time for which application threads were stopped: 0.0163903 seconds, Stopping threads took: 0.0022588 seconds
{Heap before GC invocations=495509 (full 2):
 par new generation   total 368640K, used 327684K [0x00000006c1c00000, 0x00000006dac00000, 0x00000006dac00000)
  eden space 327680K, 100% used [0x00000006c1c00000, 0x00000006d5c00000, 0x00000006d5c00000)
  from space 40960K,   0% used [0x00000006d8400000, 0x00000006d8401020, 0x00000006dac00000)
  to   space 40960K,   0% used [0x00000006d5c00000, 0x00000006d5c00000, 0x00000006d8400000)
 concurrent mark-sweep generation total 3756032K, used 1080826K [0x00000006dac00000, 0x00000007c0000000, 0x00000007c0000000)
 Metaspace       used 42573K, capacity 43892K, committed 44572K, reserved 1087488K
  class space    used 5454K, capacity 5756K, committed 5960K, reserved 1048576K
2020-07-01T08:31:06.044+0200: 400020.687: [GC (Allocation Failure) 2020-07-01T08:31:06.044+0200: 400020.687: [ParNew
Desired survivor size 20971520 bytes, new threshold 1 (max 1)
- age   1:        272 bytes,        272 total
: 327684K->4K(368640K), 0.0404785 secs] 1408510K->1080830K(4124672K), 0.0405862 secs] [Times: user=0.03 sys=0.00, real=0.04 secs] 
Heap after GC invocations=495510 (full 2):
 par new generation   total 368640K, used 4K [0x00000006c1c00000, 0x00000006dac00000, 0x00000006dac00000)
  eden space 327680K,   0% used [0x00000006c1c00000, 0x00000006c1c00000, 0x00000006d5c00000)
  from space 40960K,   0% used [0x00000006d5c00000, 0x00000006d5c01020, 0x00000006d8400000)
  to   space 40960K,   0% used [0x00000006d8400000, 0x00000006d8400000, 0x00000006dac00000)
 concurrent mark-sweep generation total 3756032K, used 1080826K [0x00000006dac00000, 0x00000007c0000000, 0x00000007c0000000)
 Metaspace       used 42573K, capacity 43892K, committed 44572K, reserved 1087488K
  class space    used 5454K, capacity 5756K, committed 5960K, reserved 1048576K
}
2020-07-01T08:31:06.085+0200: 400020.728: Total time for which application threads were stopped: 0.0427502 seconds, Stopping threads took: 0.0019212 seconds
{Heap before GC invocations=495510 (full 2):
 par new generation   total 368640K, used 327684K [0x00000006c1c00000, 0x00000006dac00000, 0x00000006dac00000)
  eden space 327680K, 100% used [0x00000006c1c00000, 0x00000006d5c00000, 0x00000006d5c00000)
  from space 40960K,   0% used [0x00000006d5c00000, 0x00000006d5c01020, 0x00000006d8400000)
  to   space 40960K,   0% used [0x00000006d8400000, 0x00000006d8400000, 0x00000006dac00000)
 concurrent mark-sweep generation total 3756032K, used 1080826K [0x00000006dac00000, 0x00000007c0000000, 0x00000007c0000000)
 Metaspace       used 42573K, capacity 43892K, committed 44572K, reserved 1087488K
  class space    used 5454K, capacity 5756K, committed 5960K, reserved 1048576K
2020-07-01T08:31:06.421+0200: 400021.064: [GC (Allocation Failure) 2020-07-01T08:31:06.421+0200: 400021.064: [ParNew
Desired survivor size 20971520 bytes, new threshold 1 (max 1)
- age   1:        272 bytes,        272 total
: 327684K->4K(368640K), 0.0140801 secs] 1408510K->1080830K(4124672K), 0.0142139 secs] [Times: user=0.00 sys=0.00, real=0.01 secs] 
Heap after GC invocations=495511 (full 2):
 par new generation   total 368640K, used 4K [0x00000006c1c00000, 0x00000006dac00000, 0x00000006dac00000)
  eden space 327680K,   0% used [0x00000006c1c00000, 0x00000006c1c00000, 0x00000006d5c00000)
  from space 40960K,   0% used [0x00000006d8400000, 0x00000006d8401020, 0x00000006dac00000)
  to   space 40960K,   0% used [0x00000006d5c00000, 0x00000006d5c00000, 0x00000006d8400000)
 concurrent mark-sweep generation total 3756032K, used 1080826K [0x00000006dac00000, 0x00000007c0000000, 0x00000007c0000000)
 Metaspace       used 42573K, capacity 43892K, committed 44572K, reserved 1087488K
  class space    used 5454K, capacity 5756K, committed 5960K, reserved 1048576K
}
2020-07-01T08:31:06.436+0200: 400021.078: Total time for which application threads were stopped: 0.0145368 seconds, Stopping threads took: 0.0000858 seconds
{Heap before GC invocations=495511 (full 2):
 par new generation   total 368640K, used 327684K [0x00000006c1c00000, 0x00000006dac00000, 0x00000006dac00000)
  eden space 327680K, 100% used [0x00000006c1c00000, 0x00000006d5c00000, 0x00000006d5c00000)
  from space 40960K,   0% used [0x00000006d8400000, 0x00000006d8401020, 0x00000006dac00000)
  to   space 40960K,   0% used [0x00000006d5c00000, 0x00000006d5c00000, 0x00000006d8400000)
 concurrent mark-sweep generation total 3756032K, used 1080826K [0x00000006dac00000, 0x00000007c0000000, 0x00000007c0000000)
 Metaspace       used 42573K, capacity 43892K, committed 44572K, reserved 1087488K
  class space    used 5454K, capacity 5756K, committed 5960K, reserved 1048576K
2020-07-01T08:31:06.746+0200: 400021.388: [GC (Allocation Failure) 2020-07-01T08:31:06.746+0200: 400021.389: [ParNew
Desired survivor size 20971520 bytes, new threshold 1 (max 1)
- age   1:        944 bytes,        944 total
: 327684K->8K(368640K), 0.0109811 secs] 1408510K->1080834K(4124672K), 0.0111019 secs] [Times: user=0.00 sys=0.00, real=0.01 secs] 
Heap after GC invocations=495512 (full 2):
 par new generation   total 368640K, used 8K [0x00000006c1c00000, 0x00000006dac00000, 0x00000006dac00000)
  eden space 327680K,   0% used [0x00000006c1c00000, 0x00000006c1c00000, 0x00000006d5c00000)
  from space 40960K,   0% used [0x00000006d5c00000, 0x00000006d5c02040, 0x00000006d8400000)
  to   space 40960K,   0% used [0x00000006d8400000, 0x00000006d8400000, 0x00000006dac00000)
 concurrent mark-sweep generation total 3756032K, used 1080826K [0x00000006dac00000, 0x00000007c0000000, 0x00000007c0000000)
 Metaspace       used 42573K, capacity 43892K, committed 44572K, reserved 1087488K
  class space    used 5454K, capacity 5756K, committed 5960K, reserved 1048576K
}
2020-07-01T08:31:06.757+0200: 400021.400: Total time for which application threads were stopped: 0.0114182 seconds, Stopping threads took: 0.0000749 seconds
{Heap before GC invocations=495512 (full 2):
 par new generation   total 368640K, used 327688K [0x00000006c1c00000, 0x00000006dac00000, 0x00000006dac00000)
  eden space 327680K, 100% used [0x00000006c1c00000, 0x00000006d5c00000, 0x00000006d5c00000)
  from space 40960K,   0% used [0x00000006d5c00000, 0x00000006d5c02040, 0x00000006d8400000)
  to   space 40960K,   0% used [0x00000006d8400000, 0x00000006d8400000, 0x00000006dac00000)
 concurrent mark-sweep generation total 3756032K, used 1080826K [0x00000006dac00000, 0x00000007c0000000, 0x00000007c0000000)
 Metaspace       used 42573K, capacity 43892K, committed 44572K, reserved 1087488K
  class space    used 5454K, capacity 5756K, committed 5960K, reserved 1048576K
2020-07-01T08:31:07.065+0200: 400021.708: [GC (Allocation Failure) 2020-07-01T08:31:07.065+0200: 400021.708: [ParNew
Desired survivor size 20971520 bytes, new threshold 1 (max 1)
- age   1:        304 bytes,        304 total
: 327688K->2K(368640K), 0.0175475 secs] 1408514K->1080829K(4124672K), 0.0176775 secs] [Times: user=0.01 sys=0.00, real=0.02 secs] 
Heap after GC invocations=495513 (full 2):
 par new generation   total 368640K, used 2K [0x00000006c1c00000, 0x00000006dac00000, 0x00000006dac00000)
  eden space 327680K,   0% used [0x00000006c1c00000, 0x00000006c1c00000, 0x00000006d5c00000)
  from space 40960K,   0% used [0x00000006d8400000, 0x00000006d8400810, 0x00000006dac00000)
  to   space 40960K,   0% used [0x00000006d5c00000, 0x00000006d5c00000, 0x00000006d8400000)
 concurrent mark-sweep generation total 3756032K, used 1080827K [0x00000006dac00000, 0x00000007c0000000, 0x00000007c0000000)
 Metaspace       used 42573K, capacity 43892K, committed 44572K, reserved 1087488K
  class space    used 5454K, capacity 5756K, committed 5960K, reserved 1048576K
}
2020-07-01T08:31:07.083+0200: 400021.726: Total time for which application threads were stopped: 0.0179632 seconds, Stopping threads took: 0.0000514 seconds
{Heap before GC invocations=495513 (full 2):
 par new generation   total 368640K, used 327682K [0x00000006c1c00000, 0x00000006dac00000, 0x00000006dac00000)
  eden space 327680K, 100% used [0x00000006c1c00000, 0x00000006d5c00000, 0x00000006d5c00000)
  from space 40960K,   0% used [0x00000006d8400000, 0x00000006d8400810, 0x00000006dac00000)
  to   space 40960K,   0% used [0x00000006d5c00000, 0x00000006d5c00000, 0x00000006d8400000)
 concurrent mark-sweep generation total 3756032K, used 1080827K [0x00000006dac00000, 0x00000007c0000000, 0x00000007c0000000)
 Metaspace       used 42573K, capacity 43892K, committed 44572K, reserved 1087488K
  class space    used 5454K, capacity 5756K, committed 5960K, reserved 1048576K
2020-07-01T08:31:07.493+0200: 400022.135: [GC (Allocation Failure) 2020-07-01T08:31:07.493+0200: 400022.135: [ParNew
Desired survivor size 20971520 bytes, new threshold 1 (max 1)
- age   1:        352 bytes,        352 total
: 327682K->2K(368640K), 0.0458492 secs] 1408509K->1080829K(4124672K), 0.0459554 secs] [Times: user=0.03 sys=0.00, real=0.05 secs] 
Heap after GC invocations=495514 (full 2):
 par new generation   total 368640K, used 2K [0x00000006c1c00000, 0x00000006dac00000, 0x00000006dac00000)
  eden space 327680K,   0% used [0x00000006c1c00000, 0x00000006c1c00000, 0x00000006d5c00000)
  from space 40960K,   0% used [0x00000006d5c00000, 0x00000006d5c00810, 0x00000006d8400000)
  to   space 40960K,   0% used [0x00000006d8400000, 0x00000006d8400000, 0x00000006dac00000)
 concurrent mark-sweep generation total 3756032K, used 1080827K [0x00000006dac00000, 0x00000007c0000000, 0x00000007c0000000)
 Metaspace       used 42573K, capacity 43892K, committed 44572K, reserved 1087488K
  class space    used 5454K, capacity 5756K, committed 5960K, reserved 1048576K
}
2020-07-01T08:31:07.539+0200: 400022.181: Total time for which application threads were stopped: 0.0463873 seconds, Stopping threads took: 0.0001173 seconds
{Heap before GC invocations=495514 (full 2):
 par new generation   total 368640K, used 327682K [0x00000006c1c00000, 0x00000006dac00000, 0x00000006dac00000)
  eden space 327680K, 100% used [0x00000006c1c00000, 0x00000006d5c00000, 0x00000006d5c00000)
  from space 40960K,   0% used [0x00000006d5c00000, 0x00000006d5c00810, 0x00000006d8400000)
  to   space 40960K,   0% used [0x00000006d8400000, 0x00000006d8400000, 0x00000006dac00000)
 concurrent mark-sweep generation total 3756032K, used 1080827K [0x00000006dac00000, 0x00000007c0000000, 0x00000007c0000000)
 Metaspace       used 42573K, capacity 43892K, committed 44572K, reserved 1087488K
  class space    used 5454K, capacity 5756K, committed 5960K, reserved 1048576K
2020-07-01T08:31:07.922+0200: 400022.564: [GC (Allocation Failure) 2020-07-01T08:31:07.922+0200: 400022.565: [ParNew
Desired survivor size 20971520 bytes, new threshold 1 (max 1)
- age   1:        536 bytes,        536 total
: 327682K->2K(368640K), 0.0334454 secs] 1408509K->1080829K(4124672K), 0.0335439 secs] [Times: user=0.02 sys=0.00, real=0.03 secs] 
Heap after GC invocations=495515 (full 2):
 par new generation   total 368640K, used 2K [0x00000006c1c00000, 0x00000006dac00000, 0x00000006dac00000)
  eden space 327680K,   0% used [0x00000006c1c00000, 0x00000006c1c00000, 0x00000006d5c00000)
  from space 40960K,   0% used [0x00000006d8400000, 0x00000006d8400810, 0x00000006dac00000)
  to   space 40960K,   0% used [0x00000006d5c00000, 0x00000006d5c00000, 0x00000006d8400000)
 concurrent mark-sweep generation total 3756032K, used 1080827K [0x00000006dac00000, 0x00000007c0000000, 0x00000007c0000000)
 Metaspace       used 42573K, capacity 43892K, committed 44572K, reserved 1087488K
  class space    used 5454K, capacity 5756K, committed 5960K, reserved 1048576K
}
2020-07-01T08:31:07.955+0200: 400022.598: Total time for which application threads were stopped: 0.0338401 seconds, Stopping threads took: 0.0000498 seconds
{Heap before GC invocations=495515 (full 2):
 par new generation   total 368640K, used 327682K [0x00000006c1c00000, 0x00000006dac00000, 0x00000006dac00000)
  eden space 327680K, 100% used [0x00000006c1c00000, 0x00000006d5c00000, 0x00000006d5c00000)
  from space 40960K,   0% used [0x00000006d8400000, 0x00000006d8400810, 0x00000006dac00000)
  to   space 40960K,   0% used [0x00000006d5c00000, 0x00000006d5c00000, 0x00000006d8400000)
 concurrent mark-sweep generation total 3756032K, used 1080827K [0x00000006dac00000, 0x00000007c0000000, 0x00000007c0000000)
 Metaspace       used 42573K, capacity 43892K, committed 44572K, reserved 1087488K
  class space    used 5454K, capacity 5756K, committed 5960K, reserved 1048576K
2020-07-01T08:31:08.354+0200: 400022.997: [GC (Allocation Failure) 2020-07-01T08:31:08.354+0200: 400022.997: [ParNew
Desired survivor size 20971520 bytes, new threshold 1 (max 1)
- age   1:        496 bytes,        496 total
: 327682K->4K(368640K), 0.0112629 secs] 1408509K->1080831K(4124672K), 0.0113691 secs] [Times: user=0.02 sys=0.00, real=0.01 secs] 
Heap after GC invocations=495516 (full 2):
 par new generation   total 368640K, used 4K [0x00000006c1c00000, 0x00000006dac00000, 0x00000006dac00000)
  eden space 327680K,   0% used [0x00000006c1c00000, 0x00000006c1c00000, 0x00000006d5c00000)
  from space 40960K,   0% used [0x00000006d5c00000, 0x00000006d5c01020, 0x00000006d8400000)
  to   space 40960K,   0% used [0x00000006d8400000, 0x00000006d8400000, 0x00000006dac00000)
 concurrent mark-sweep generation total 3756032K, used 1080827K [0x00000006dac00000, 0x00000007c0000000, 0x00000007c0000000)
 Metaspace       used 42573K, capacity 43892K, committed 44572K, reserved 1087488K
  class space    used 5454K, capacity 5756K, committed 5960K, reserved 1048576K
}
2020-07-01T08:31:08.365+0200: 400023.008: Total time for which application threads were stopped: 0.0116643 seconds, Stopping threads took: 0.0000472 seconds
{Heap before GC invocations=495516 (full 2):
 par new generation   total 368640K, used 327684K [0x00000006c1c00000, 0x00000006dac00000, 0x00000006dac00000)
  eden space 327680K, 100% used [0x00000006c1c00000, 0x00000006d5c00000, 0x00000006d5c00000)
  from space 40960K,   0% used [0x00000006d5c00000, 0x00000006d5c01020, 0x00000006d8400000)
  to   space 40960K,   0% used [0x00000006d8400000, 0x00000006d8400000, 0x00000006dac00000)
 concurrent mark-sweep generation total 3756032K, used 1080827K [0x00000006dac00000, 0x00000007c0000000, 0x00000007c0000000)
 Metaspace       used 42573K, capacity 43892K, committed 44572K, reserved 1087488K
  class space    used 5454K, capacity 5756K, committed 5960K, reserved 1048576K
2020-07-01T08:31:08.691+0200: 400023.333: [GC (Allocation Failure) 2020-07-01T08:31:08.691+0200: 400023.334: [ParNew
Desired survivor size 20971520 bytes, new threshold 1 (max 1)
- age   1:        240 bytes,        240 total
: 327684K->4K(368640K), 0.0123879 secs] 1408511K->1080832K(4124672K), 0.0124981 secs] [Times: user=0.03 sys=0.00, real=0.01 secs] 
Heap after GC invocations=495517 (full 2):
 par new generation   total 368640K, used 4K [0x00000006c1c00000, 0x00000006dac00000, 0x00000006dac00000)
  eden space 327680K,   0% used [0x00000006c1c00000, 0x00000006c1c00000, 0x00000006d5c00000)
  from space 40960K,   0% used [0x00000006d8400000, 0x00000006d8401020, 0x00000006dac00000)
  to   space 40960K,   0% used [0x00000006d5c00000, 0x00000006d5c00000, 0x00000006d8400000)
 concurrent mark-sweep generation total 3756032K, used 1080828K [0x00000006dac00000, 0x00000007c0000000, 0x00000007c0000000)
 Metaspace       used 42573K, capacity 43892K, committed 44572K, reserved 1087488K
  class space    used 5454K, capacity 5756K, committed 5960K, reserved 1048576K
}
2020-07-01T08:31:08.703+0200: 400023.346: Total time for which application threads were stopped: 0.0133143 seconds, Stopping threads took: 0.0005707 seconds
{Heap before GC invocations=495517 (full 2):
 par new generation   total 368640K, used 327684K [0x00000006c1c00000, 0x00000006dac00000, 0x00000006dac00000)
  eden space 327680K, 100% used [0x00000006c1c00000, 0x00000006d5c00000, 0x00000006d5c00000)
  from space 40960K,   0% used [0x00000006d8400000, 0x00000006d8401020, 0x00000006dac00000)
  to   space 40960K,   0% used [0x00000006d5c00000, 0x00000006d5c00000, 0x00000006d8400000)
 concurrent mark-sweep generation total 3756032K, used 1080828K [0x00000006dac00000, 0x00000007c0000000, 0x00000007c0000000)
 Metaspace       used 42573K, capacity 43892K, committed 44572K, reserved 1087488K
  class space    used 5454K, capacity 5756K, committed 5960K, reserved 1048576K
2020-07-01T08:31:09.022+0200: 400023.665: [GC (Allocation Failure) 2020-07-01T08:31:09.022+0200: 400023.665: [ParNew
Desired survivor size 20971520 bytes, new threshold 1 (max 1)
- age   1:        272 bytes,        272 total
: 327684K->4K(368640K), 0.0099507 secs] 1408512K->1080832K(4124672K), 0.0100795 secs] [Times: user=0.03 sys=0.00, real=0.01 secs] 
Heap after GC invocations=495518 (full 2):
 par new generation   total 368640K, used 4K [0x00000006c1c00000, 0x00000006dac00000, 0x00000006dac00000)
  eden space 327680K,   0% used [0x00000006c1c00000, 0x00000006c1c00000, 0x00000006d5c00000)
  from space 40960K,   0% used [0x00000006d5c00000, 0x00000006d5c01020, 0x00000006d8400000)
  to   space 40960K,   0% used [0x00000006d8400000, 0x00000006d8400000, 0x00000006dac00000)
 concurrent mark-sweep generation total 3756032K, used 1080828K [0x00000006dac00000, 0x00000007c0000000, 0x00000007c0000000)
 Metaspace       used 42573K, capacity 43892K, committed 44572K, reserved 1087488K
  class space    used 5454K, capacity 5756K, committed 5960K, reserved 1048576K
}
2020-07-01T08:31:09.033+0200: 400023.675: Total time for which application threads were stopped: 0.0103701 seconds, Stopping threads took: 0.0000608 seconds
{Heap before GC invocations=495518 (full 2):
 par new generation   total 368640K, used 327684K [0x00000006c1c00000, 0x00000006dac00000, 0x00000006dac00000)
  eden space 327680K, 100% used [0x00000006c1c00000, 0x00000006d5c00000, 0x00000006d5c00000)
  from space 40960K,   0% used [0x00000006d5c00000, 0x00000006d5c01020, 0x00000006d8400000)
  to   space 40960K,   0% used [0x00000006d8400000, 0x00000006d8400000, 0x00000006dac00000)
 concurrent mark-sweep generation total 3756032K, used 1080828K [0x00000006dac00000, 0x00000007c0000000, 0x00000007c0000000)
 Metaspace       used 42573K, capacity 43892K, committed 44572K, reserved 1087488K
  class space    used 5454K, capacity 5756K, committed 5960K, reserved 1048576K
2020-07-01T08:31:09.392+0200: 400024.034: [GC (Allocation Failure) 2020-07-01T08:31:09.392+0200: 400024.034: [ParNew
Desired survivor size 20971520 bytes, new threshold 1 (max 1)
- age   1:        272 bytes,        272 total
: 327684K->2K(368640K), 0.0675954 secs] 1408512K->1080830K(4124672K), 0.0676996 secs] [Times: user=0.03 sys=0.00, real=0.07 secs] 
Heap after GC invocations=495519 (full 2):
 par new generation   total 368640K, used 2K [0x00000006c1c00000, 0x00000006dac00000, 0x00000006dac00000)
  eden space 327680K,   0% used [0x00000006c1c00000, 0x00000006c1c00000, 0x00000006d5c00000)
  from space 40960K,   0% used [0x00000006d8400000, 0x00000006d8400810, 0x00000006dac00000)
  to   space 40960K,   0% used [0x00000006d5c00000, 0x00000006d5c00000, 0x00000006d8400000)
 concurrent mark-sweep generation total 3756032K, used 1080828K [0x00000006dac00000, 0x00000007c0000000, 0x00000007c0000000)
 Metaspace       used 42573K, capacity 43892K, committed 44572K, reserved 1087488K
  class space    used 5454K, capacity 5756K, committed 5960K, reserved 1048576K
}
2020-07-01T08:31:09.459+0200: 400024.102: Total time for which application threads were stopped: 0.0679769 seconds, Stopping threads took: 0.0000475 seconds
{Heap before GC invocations=495519 (full 2):
 par new generation   total 368640K, used 327682K [0x00000006c1c00000, 0x00000006dac00000, 0x00000006dac00000)
  eden space 327680K, 100% used [0x00000006c1c00000, 0x00000006d5c00000, 0x00000006d5c00000)
  from space 40960K,   0% used [0x00000006d8400000, 0x00000006d8400810, 0x00000006dac00000)
  to   space 40960K,   0% used [0x00000006d5c00000, 0x00000006d5c00000, 0x00000006d8400000)
 concurrent mark-sweep generation total 3756032K, used 1080828K [0x00000006dac00000, 0x00000007c0000000, 0x00000007c0000000)
 Metaspace       used 42573K, capacity 43892K, committed 44572K, reserved 1087488K
  class space    used 5454K, capacity 5756K, committed 5960K, reserved 1048576K
2020-07-01T08:31:09.812+0200: 400024.455: [GC (Allocation Failure) 2020-07-01T08:31:09.812+0200: 400024.455: [ParNew
Desired survivor size 20971520 bytes, new threshold 1 (max 1)
- age   1:        240 bytes,        240 total
: 327682K->2K(368640K), 0.0425654 secs] 1408510K->1080830K(4124672K), 0.0426983 secs] [Times: user=0.03 sys=0.00, real=0.04 secs] 
Heap after GC invocations=495520 (full 2):
 par new generation   total 368640K, used 2K [0x00000006c1c00000, 0x00000006dac00000, 0x00000006dac00000)
  eden space 327680K,   0% used [0x00000006c1c00000, 0x00000006c1c00000, 0x00000006d5c00000)
  from space 40960K,   0% used [0x00000006d5c00000, 0x00000006d5c00810, 0x00000006d8400000)
  to   space 40960K,   0% used [0x00000006d8400000, 0x00000006d8400000, 0x00000006dac00000)
 concurrent mark-sweep generation total 3756032K, used 1080828K [0x00000006dac00000, 0x00000007c0000000, 0x00000007c0000000)
 Metaspace       used 42573K, capacity 43892K, committed 44572K, reserved 1087488K
  class space    used 5454K, capacity 5756K, committed 5960K, reserved 1048576K
}
2020-07-01T08:31:09.855+0200: 400024.498: Total time for which application threads were stopped: 0.0429843 seconds, Stopping threads took: 0.0000475 seconds
{Heap before GC invocations=495520 (full 2):
 par new generation   total 368640K, used 327682K [0x00000006c1c00000, 0x00000006dac00000, 0x00000006dac00000)
  eden space 327680K, 100% used [0x00000006c1c00000, 0x00000006d5c00000, 0x00000006d5c00000)
  from space 40960K,   0% used [0x00000006d5c00000, 0x00000006d5c00810, 0x00000006d8400000)
  to   space 40960K,   0% used [0x00000006d8400000, 0x00000006d8400000, 0x00000006dac00000)
 concurrent mark-sweep generation total 3756032K, used 1080828K [0x00000006dac00000, 0x00000007c0000000, 0x00000007c0000000)
 Metaspace       used 42573K, capacity 43892K, committed 44572K, reserved 1087488K
  class space    used 5454K, capacity 5756K, committed 5960K, reserved 1048576K
2020-07-01T08:31:10.185+0200: 400024.828: [GC (Allocation Failure) 2020-07-01T08:31:10.185+0200: 400024.828: [ParNew
Desired survivor size 20971520 bytes, new threshold 1 (max 1)
- age   1:        304 bytes,        304 total
: 327682K->4K(368640K), 0.0101186 secs] 1408510K->1080832K(4124672K), 0.0102447 secs] [Times: user=0.00 sys=0.00, real=0.01 secs] 
Heap after GC invocations=495521 (full 2):
 par new generation   total 368640K, used 4K [0x00000006c1c00000, 0x00000006dac00000, 0x00000006dac00000)
  eden space 327680K,   0% used [0x00000006c1c00000, 0x00000006c1c00000, 0x00000006d5c00000)
  from space 40960K,   0% used [0x00000006d8400000, 0x00000006d8401020, 0x00000006dac00000)
  to   space 40960K,   0% used [0x00000006d5c00000, 0x00000006d5c00000, 0x00000006d8400000)
 concurrent mark-sweep generation total 3756032K, used 1080828K [0x00000006dac00000, 0x00000007c0000000, 0x00000007c0000000)
 Metaspace       used 42573K, capacity 43892K, committed 44572K, reserved 1087488K
  class space    used 5454K, capacity 5756K, committed 5960K, reserved 1048576K
}
2020-07-01T08:31:10.195+0200: 400024.838: Total time for which application threads were stopped: 0.0110129 seconds, Stopping threads took: 0.0005253 seconds
{Heap before GC invocations=495521 (full 2):
 par new generation   total 368640K, used 327684K [0x00000006c1c00000, 0x00000006dac00000, 0x00000006dac00000)
  eden space 327680K, 100% used [0x00000006c1c00000, 0x00000006d5c00000, 0x00000006d5c00000)
  from space 40960K,   0% used [0x00000006d8400000, 0x00000006d8401020, 0x00000006dac00000)
  to   space 40960K,   0% used [0x00000006d5c00000, 0x00000006d5c00000, 0x00000006d8400000)
 concurrent mark-sweep generation total 3756032K, used 1080828K [0x00000006dac00000, 0x00000007c0000000, 0x00000007c0000000)
 Metaspace       used 42573K, capacity 43892K, committed 44572K, reserved 1087488K
  class space    used 5454K, capacity 5756K, committed 5960K, reserved 1048576K
2020-07-01T08:31:10.500+0200: 400025.143: [GC (Allocation Failure) 2020-07-01T08:31:10.500+0200: 400025.143: [ParNew
Desired survivor size 20971520 bytes, new threshold 1 (max 1)
- age   1:        272 bytes,        272 total
: 327684K->4K(368640K), 0.0137509 secs] 1408512K->1080832K(4124672K), 0.0139200 secs] [Times: user=0.03 sys=0.00, real=0.01 secs] 
Heap after GC invocations=495522 (full 2):
 par new generation   total 368640K, used 4K [0x00000006c1c00000, 0x00000006dac00000, 0x00000006dac00000)
  eden space 327680K,   0% used [0x00000006c1c00000, 0x00000006c1c00000, 0x00000006d5c00000)
  from space 40960K,   0% used [0x00000006d5c00000, 0x00000006d5c01020, 0x00000006d8400000)
  to   space 40960K,   0% used [0x00000006d8400000, 0x00000006d8400000, 0x00000006dac00000)
 concurrent mark-sweep generation total 3756032K, used 1080828K [0x00000006dac00000, 0x00000007c0000000, 0x00000007c0000000)
 Metaspace       used 42573K, capacity 43892K, committed 44572K, reserved 1087488K
  class space    used 5454K, capacity 5756K, committed 5960K, reserved 1048576K
}
2020-07-01T08:31:10.514+0200: 400025.157: Total time for which application threads were stopped: 0.0142191 seconds, Stopping threads took: 0.0000500 seconds
{Heap before GC invocations=495522 (full 2):
 par new generation   total 368640K, used 327684K [0x00000006c1c00000, 0x00000006dac00000, 0x00000006dac00000)
  eden space 327680K, 100% used [0x00000006c1c00000, 0x00000006d5c00000, 0x00000006d5c00000)
  from space 40960K,   0% used [0x00000006d5c00000, 0x00000006d5c01020, 0x00000006d8400000)
  to   space 40960K,   0% used [0x00000006d8400000, 0x00000006d8400000, 0x00000006dac00000)
 concurrent mark-sweep generation total 3756032K, used 1080828K [0x00000006dac00000, 0x00000007c0000000, 0x00000007c0000000)
 Metaspace       used 42573K, capacity 43892K, committed 44572K, reserved 1087488K
  class space    used 5454K, capacity 5756K, committed 5960K, reserved 1048576K
2020-07-01T08:31:10.842+0200: 400025.485: [GC (Allocation Failure) 2020-07-01T08:31:10.842+0200: 400025.485: [ParNew
Desired survivor size 20971520 bytes, new threshold 1 (max 1)
- age   1:        240 bytes,        240 total
: 327684K->4K(368640K), 0.0096047 secs] 1408512K->1080832K(4124672K), 0.0097277 secs] [Times: user=0.00 sys=0.00, real=0.01 secs] 
Heap after GC invocations=495523 (full 2):
 par new generation   total 368640K, used 4K [0x00000006c1c00000, 0x00000006dac00000, 0x00000006dac00000)
  eden space 327680K,   0% used [0x00000006c1c00000, 0x00000006c1c00000, 0x00000006d5c00000)
  from space 40960K,   0% used [0x00000006d8400000, 0x00000006d8401020, 0x00000006dac00000)
  to   space 40960K,   0% used [0x00000006d5c00000, 0x00000006d5c00000, 0x00000006d8400000)
 concurrent mark-sweep generation total 3756032K, used 1080828K [0x00000006dac00000, 0x00000007c0000000, 0x00000007c0000000)
 Metaspace       used 42573K, capacity 43892K, committed 44572K, reserved 1087488K
  class space    used 5454K, capacity 5756K, committed 5960K, reserved 1048576K
}
2020-07-01T08:31:10.852+0200: 400025.494: Total time for which application threads were stopped: 0.0100510 seconds, Stopping threads took: 0.0000486 seconds
{Heap before GC invocations=495523 (full 2):
 par new generation   total 368640K, used 327684K [0x00000006c1c00000, 0x00000006dac00000, 0x00000006dac00000)
  eden space 327680K, 100% used [0x00000006c1c00000, 0x00000006d5c00000, 0x00000006d5c00000)
  from space 40960K,   0% used [0x00000006d8400000, 0x00000006d8401020, 0x00000006dac00000)
  to   space 40960K,   0% used [0x00000006d5c00000, 0x00000006d5c00000, 0x00000006d8400000)
 concurrent mark-sweep generation total 3756032K, used 1080828K [0x00000006dac00000, 0x00000007c0000000, 0x00000007c0000000)
 Metaspace       used 42573K, capacity 43892K, committed 44572K, reserved 1087488K
  class space    used 5454K, capacity 5756K, committed 5960K, reserved 1048576K
2020-07-01T08:31:11.122+0200: 400025.765: [GC (Allocation Failure) 2020-07-01T08:31:11.123+0200: 400025.765: [ParNew
Desired survivor size 20971520 bytes, new threshold 1 (max 1)
- age   1:        272 bytes,        272 total
: 327684K->2K(368640K), 0.0222858 secs] 1408512K->1080830K(4124672K), 0.0224201 secs] [Times: user=0.01 sys=0.00, real=0.02 secs] 
Heap after GC invocations=495524 (full 2):
 par new generation   total 368640K, used 2K [0x00000006c1c00000, 0x00000006dac00000, 0x00000006dac00000)
  eden space 327680K,   0% used [0x00000006c1c00000, 0x00000006c1c00000, 0x00000006d5c00000)
  from space 40960K,   0% used [0x00000006d5c00000, 0x00000006d5c00810, 0x00000006d8400000)
  to   space 40960K,   0% used [0x00000006d8400000, 0x00000006d8400000, 0x00000006dac00000)
 concurrent mark-sweep generation total 3756032K, used 1080828K [0x00000006dac00000, 0x00000007c0000000, 0x00000007c0000000)
 Metaspace       used 42573K, capacity 43892K, committed 44572K, reserved 1087488K
  class space    used 5454K, capacity 5756K, committed 5960K, reserved 1048576K
}
2020-07-01T08:31:11.145+0200: 400025.788: Total time for which application threads were stopped: 0.0227525 seconds, Stopping threads took: 0.0000508 seconds
{Heap before GC invocations=495524 (full 2):
 par new generation   total 368640K, used 327682K [0x00000006c1c00000, 0x00000006dac00000, 0x00000006dac00000)
  eden space 327680K, 100% used [0x00000006c1c00000, 0x00000006d5c00000, 0x00000006d5c00000)
  from space 40960K,   0% used [0x00000006d5c00000, 0x00000006d5c00810, 0x00000006d8400000)
  to   space 40960K,   0% used [0x00000006d8400000, 0x00000006d8400000, 0x00000006dac00000)
 concurrent mark-sweep generation total 3756032K, used 1080828K [0x00000006dac00000, 0x00000007c0000000, 0x00000007c0000000)
 Metaspace       used 42573K, capacity 43892K, committed 44572K, reserved 1087488K
  class space    used 5454K, capacity 5756K, committed 5960K, reserved 1048576K
2020-07-01T08:31:11.439+0200: 400026.081: [GC (Allocation Failure) 2020-07-01T08:31:11.439+0200: 400026.081: [ParNew
Desired survivor size 20971520 bytes, new threshold 1 (max 1)
- age   1:        272 bytes,        272 total
: 327682K->4K(368640K), 0.0086437 secs] 1408510K->1080832K(4124672K), 0.0087676 secs] [Times: user=0.00 sys=0.00, real=0.00 secs] 
Heap after GC invocations=495525 (full 2):
 par new generation   total 368640K, used 4K [0x00000006c1c00000, 0x00000006dac00000, 0x00000006dac00000)
  eden space 327680K,   0% used [0x00000006c1c00000, 0x00000006c1c00000, 0x00000006d5c00000)
  from space 40960K,   0% used [0x00000006d8400000, 0x00000006d8401020, 0x00000006dac00000)
  to   space 40960K,   0% used [0x00000006d5c00000, 0x00000006d5c00000, 0x00000006d8400000)
 concurrent mark-sweep generation total 3756032K, used 1080828K [0x00000006dac00000, 0x00000007c0000000, 0x00000007c0000000)
 Metaspace       used 42573K, capacity 43892K, committed 44572K, reserved 1087488K
  class space    used 5454K, capacity 5756K, committed 5960K, reserved 1048576K
}
2020-07-01T08:31:11.447+0200: 400026.090: Total time for which application threads were stopped: 0.0091069 seconds, Stopping threads took: 0.0001055 seconds
{Heap before GC invocations=495525 (full 2):
 par new generation   total 368640K, used 327684K [0x00000006c1c00000, 0x00000006dac00000, 0x00000006dac00000)
  eden space 327680K, 100% used [0x00000006c1c00000, 0x00000006d5c00000, 0x00000006d5c00000)
  from space 40960K,   0% used [0x00000006d8400000, 0x00000006d8401020, 0x00000006dac00000)
  to   space 40960K,   0% used [0x00000006d5c00000, 0x00000006d5c00000, 0x00000006d8400000)
 concurrent mark-sweep generation total 3756032K, used 1080828K [0x00000006dac00000, 0x00000007c0000000, 0x00000007c0000000)
 Metaspace       used 42573K, capacity 43892K, committed 44572K, reserved 1087488K
  class space    used 5454K, capacity 5756K, committed 5960K, reserved 1048576K
2020-07-01T08:31:11.731+0200: 400026.374: [GC (Allocation Failure) 2020-07-01T08:31:11.731+0200: 400026.374: [ParNew
Desired survivor size 20971520 bytes, new threshold 1 (max 1)
- age   1:        240 bytes,        240 total
: 327684K->4K(368640K), 0.0081979 secs] 1408512K->1080832K(4124672K), 0.0083114 secs] [Times: user=0.00 sys=0.00, real=0.01 secs] 
Heap after GC invocations=495526 (full 2):
 par new generation   total 368640K, used 4K [0x00000006c1c00000, 0x00000006dac00000, 0x00000006dac00000)
  eden space 327680K,   0% used [0x00000006c1c00000, 0x00000006c1c00000, 0x00000006d5c00000)
  from space 40960K,   0% used [0x00000006d5c00000, 0x00000006d5c01020, 0x00000006d8400000)
  to   space 40960K,   0% used [0x00000006d8400000, 0x00000006d8400000, 0x00000006dac00000)
 concurrent mark-sweep generation total 3756032K, used 1080828K [0x00000006dac00000, 0x00000007c0000000, 0x00000007c0000000)
 Metaspace       used 42573K, capacity 43892K, committed 44572K, reserved 1087488K
  class space    used 5454K, capacity 5756K, committed 5960K, reserved 1048576K
}
2020-07-01T08:31:11.739+0200: 400026.382: Total time for which application threads were stopped: 0.0086246 seconds, Stopping threads took: 0.0000520 seconds
{Heap before GC invocations=495526 (full 2):
 par new generation   total 368640K, used 327684K [0x00000006c1c00000, 0x00000006dac00000, 0x00000006dac00000)
  eden space 327680K, 100% used [0x00000006c1c00000, 0x00000006d5c00000, 0x00000006d5c00000)
  from space 40960K,   0% used [0x00000006d5c00000, 0x00000006d5c01020, 0x00000006d8400000)
  to   space 40960K,   0% used [0x00000006d8400000, 0x00000006d8400000, 0x00000006dac00000)
 concurrent mark-sweep generation total 3756032K, used 1080828K [0x00000006dac00000, 0x00000007c0000000, 0x00000007c0000000)
 Metaspace       used 42573K, capacity 43892K, committed 44572K, reserved 1087488K
  class space    used 5454K, capacity 5756K, committed 5960K, reserved 1048576K
2020-07-01T08:31:12.059+0200: 400026.702: [GC (Allocation Failure) 2020-07-01T08:31:12.059+0200: 400026.702: [ParNew
Desired survivor size 20971520 bytes, new threshold 1 (max 1)
- age   1:        336 bytes,        336 total
: 327684K->4K(368640K), 0.0097719 secs] 1408512K->1080832K(4124672K), 0.0098849 secs] [Times: user=0.00 sys=0.00, real=0.01 secs] 
Heap after GC invocations=495527 (full 2):
 par new generation   total 368640K, used 4K [0x00000006c1c00000, 0x00000006dac00000, 0x00000006dac00000)
  eden space 327680K,   0% used [0x00000006c1c00000, 0x00000006c1c00000, 0x00000006d5c00000)
  from space 40960K,   0% used [0x00000006d8400000, 0x00000006d8401020, 0x00000006dac00000)
  to   space 40960K,   0% used [0x00000006d5c00000, 0x00000006d5c00000, 0x00000006d8400000)
 concurrent mark-sweep generation total 3756032K, used 1080828K [0x00000006dac00000, 0x00000007c0000000, 0x00000007c0000000)
 Metaspace       used 42573K, capacity 43892K, committed 44572K, reserved 1087488K
  class space    used 5454K, capacity 5756K, committed 5960K, reserved 1048576K
}
2020-07-01T08:31:12.069+0200: 400026.712: Total time for which application threads were stopped: 0.0114357 seconds, Stopping threads took: 0.0013157 seconds
{Heap before GC invocations=495527 (full 2):
 par new generation   total 368640K, used 327684K [0x00000006c1c00000, 0x00000006dac00000, 0x00000006dac00000)
  eden space 327680K, 100% used [0x00000006c1c00000, 0x00000006d5c00000, 0x00000006d5c00000)
  from space 40960K,   0% used [0x00000006d8400000, 0x00000006d8401020, 0x00000006dac00000)
  to   space 40960K,   0% used [0x00000006d5c00000, 0x00000006d5c00000, 0x00000006d8400000)
 concurrent mark-sweep generation total 3756032K, used 1080828K [0x00000006dac00000, 0x00000007c0000000, 0x00000007c0000000)
 Metaspace       used 42573K, capacity 43892K, committed 44572K, reserved 1087488K
  class space    used 5454K, capacity 5756K, committed 5960K, reserved 1048576K
2020-07-01T08:31:12.359+0200: 400027.002: [GC (Allocation Failure) 2020-07-01T08:31:12.359+0200: 400027.002: [ParNew
Desired survivor size 20971520 bytes, new threshold 1 (max 1)
- age   1:        272 bytes,        272 total
: 327684K->4K(368640K), 0.0095263 secs] 1408512K->1080832K(4124672K), 0.0096801 secs] [Times: user=0.00 sys=0.00, real=0.01 secs] 
Heap after GC invocations=495528 (full 2):
 par new generation   total 368640K, used 4K [0x00000006c1c00000, 0x00000006dac00000, 0x00000006dac00000)
  eden space 327680K,   0% used [0x00000006c1c00000, 0x00000006c1c00000, 0x00000006d5c00000)
  from space 40960K,   0% used [0x00000006d5c00000, 0x00000006d5c01020, 0x00000006d8400000)
  to   space 40960K,   0% used [0x00000006d8400000, 0x00000006d8400000, 0x00000006dac00000)
 concurrent mark-sweep generation total 3756032K, used 1080828K [0x00000006dac00000, 0x00000007c0000000, 0x00000007c0000000)
 Metaspace       used 42573K, capacity 43892K, committed 44572K, reserved 1087488K
  class space    used 5454K, capacity 5756K, committed 5960K, reserved 1048576K
}
2020-07-01T08:31:12.369+0200: 400027.012: Total time for which application threads were stopped: 0.0100802 seconds, Stopping threads took: 0.0000983 seconds
{Heap before GC invocations=495528 (full 2):
 par new generation   total 368640K, used 327684K [0x00000006c1c00000, 0x00000006dac00000, 0x00000006dac00000)
  eden space 327680K, 100% used [0x00000006c1c00000, 0x00000006d5c00000, 0x00000006d5c00000)
  from space 40960K,   0% used [0x00000006d5c00000, 0x00000006d5c01020, 0x00000006d8400000)
  to   space 40960K,   0% used [0x00000006d8400000, 0x00000006d8400000, 0x00000006dac00000)
 concurrent mark-sweep generation total 3756032K, used 1080828K [0x00000006dac00000, 0x00000007c0000000, 0x00000007c0000000)
 Metaspace       used 42573K, capacity 43892K, committed 44572K, reserved 1087488K
  class space    used 5454K, capacity 5756K, committed 5960K, reserved 1048576K
2020-07-01T08:31:12.676+0200: 400027.319: [GC (Allocation Failure) 2020-07-01T08:31:12.677+0200: 400027.319: [ParNew
Desired survivor size 20971520 bytes, new threshold 1 (max 1)
- age   1:        240 bytes,        240 total
: 327684K->2K(368640K), 0.0264283 secs] 1408512K->1080830K(4124672K), 0.0265394 secs] [Times: user=0.03 sys=0.00, real=0.03 secs] 
Heap after GC invocations=495529 (full 2):
 par new generation   total 368640K, used 2K [0x00000006c1c00000, 0x00000006dac00000, 0x00000006dac00000)
  eden space 327680K,   0% used [0x00000006c1c00000, 0x00000006c1c00000, 0x00000006d5c00000)
  from space 40960K,   0% used [0x00000006d8400000, 0x00000006d8400810, 0x00000006dac00000)
  to   space 40960K,   0% used [0x00000006d5c00000, 0x00000006d5c00000, 0x00000006d8400000)
 concurrent mark-sweep generation total 3756032K, used 1080828K [0x00000006dac00000, 0x00000007c0000000, 0x00000007c0000000)
 Metaspace       used 42573K, capacity 43892K, committed 44572K, reserved 1087488K
  class space    used 5454K, capacity 5756K, committed 5960K, reserved 1048576K
}
2020-07-01T08:31:12.703+0200: 400027.346: Total time for which application threads were stopped: 0.0269013 seconds, Stopping threads took: 0.0001173 seconds
{Heap before GC invocations=495529 (full 2):
 par new generation   total 368640K, used 327682K [0x00000006c1c00000, 0x00000006dac00000, 0x00000006dac00000)
  eden space 327680K, 100% used [0x00000006c1c00000, 0x00000006d5c00000, 0x00000006d5c00000)
  from space 40960K,   0% used [0x00000006d8400000, 0x00000006d8400810, 0x00000006dac00000)
  to   space 40960K,   0% used [0x00000006d5c00000, 0x00000006d5c00000, 0x00000006d8400000)
 concurrent mark-sweep generation total 3756032K, used 1080828K [0x00000006dac00000, 0x00000007c0000000, 0x00000007c0000000)
 Metaspace       used 42573K, capacity 43892K, committed 44572K, reserved 1087488K
  class space    used 5454K, capacity 5756K, committed 5960K, reserved 1048576K
2020-07-01T08:31:12.998+0200: 400027.640: [GC (Allocation Failure) 2020-07-01T08:31:12.998+0200: 400027.640: [ParNew
Desired survivor size 20971520 bytes, new threshold 1 (max 1)
- age   1:        272 bytes,        272 total
: 327682K->4K(368640K), 0.0126112 secs] 1408510K->1080832K(4124672K), 0.0127238 secs] [Times: user=0.00 sys=0.00, real=0.02 secs] 
Heap after GC invocations=495530 (full 2):
 par new generation   total 368640K, used 4K [0x00000006c1c00000, 0x00000006dac00000, 0x00000006dac00000)
  eden space 327680K,   0% used [0x00000006c1c00000, 0x00000006c1c00000, 0x00000006d5c00000)
  from space 40960K,   0% used [0x00000006d5c00000, 0x00000006d5c01020, 0x00000006d8400000)
  to   space 40960K,   0% used [0x00000006d8400000, 0x00000006d8400000, 0x00000006dac00000)
 concurrent mark-sweep generation total 3756032K, used 1080828K [0x00000006dac00000, 0x00000007c0000000, 0x00000007c0000000)
 Metaspace       used 42573K, capacity 43892K, committed 44572K, reserved 1087488K
  class space    used 5454K, capacity 5756K, committed 5960K, reserved 1048576K
}
2020-07-01T08:31:13.010+0200: 400027.653: Total time for which application threads were stopped: 0.0130116 seconds, Stopping threads took: 0.0000512 seconds
{Heap before GC invocations=495530 (full 2):
 par new generation   total 368640K, used 327684K [0x00000006c1c00000, 0x00000006dac00000, 0x00000006dac00000)
  eden space 327680K, 100% used [0x00000006c1c00000, 0x00000006d5c00000, 0x00000006d5c00000)
  from space 40960K,   0% used [0x00000006d5c00000, 0x00000006d5c01020, 0x00000006d8400000)
  to   space 40960K,   0% used [0x00000006d8400000, 0x00000006d8400000, 0x00000006dac00000)
 concurrent mark-sweep generation total 3756032K, used 1080828K [0x00000006dac00000, 0x00000007c0000000, 0x00000007c0000000)
 Metaspace       used 42573K, capacity 43892K, committed 44572K, reserved 1087488K
  class space    used 5454K, capacity 5756K, committed 5960K, reserved 1048576K
2020-07-01T08:31:13.310+0200: 400027.953: [GC (Allocation Failure) 2020-07-01T08:31:13.310+0200: 400027.953: [ParNew
Desired survivor size 20971520 bytes, new threshold 1 (max 1)
- age   1:        272 bytes,        272 total
: 327684K->4K(368640K), 0.0141242 secs] 1408512K->1080832K(4124672K), 0.0143883 secs] [Times: user=0.01 sys=0.00, real=0.01 secs] 
Heap after GC invocations=495531 (full 2):
 par new generation   total 368640K, used 4K [0x00000006c1c00000, 0x00000006dac00000, 0x00000006dac00000)
  eden space 327680K,   0% used [0x00000006c1c00000, 0x00000006c1c00000, 0x00000006d5c00000)
  from space 40960K,   0% used [0x00000006d8400000, 0x00000006d8401020, 0x00000006dac00000)
  to   space 40960K,   0% used [0x00000006d5c00000, 0x00000006d5c00000, 0x00000006d8400000)
 concurrent mark-sweep generation total 3756032K, used 1080828K [0x00000006dac00000, 0x00000007c0000000, 0x00000007c0000000)
 Metaspace       used 42573K, capacity 43892K, committed 44572K, reserved 1087488K
  class space    used 5454K, capacity 5756K, committed 5960K, reserved 1048576K
}
2020-07-01T08:31:13.325+0200: 400027.968: Total time for which application threads were stopped: 0.0146947 seconds, Stopping threads took: 0.0000540 seconds
{Heap before GC invocations=495531 (full 2):
 par new generation   total 368640K, used 327684K [0x00000006c1c00000, 0x00000006dac00000, 0x00000006dac00000)
  eden space 327680K, 100% used [0x00000006c1c00000, 0x00000006d5c00000, 0x00000006d5c00000)
  from space 40960K,   0% used [0x00000006d8400000, 0x00000006d8401020, 0x00000006dac00000)
  to   space 40960K,   0% used [0x00000006d5c00000, 0x00000006d5c00000, 0x00000006d8400000)
 concurrent mark-sweep generation total 3756032K, used 1080828K [0x00000006dac00000, 0x00000007c0000000, 0x00000007c0000000)
 Metaspace       used 42573K, capacity 43892K, committed 44572K, reserved 1087488K
  class space    used 5454K, capacity 5756K, committed 5960K, reserved 1048576K
2020-07-01T08:31:14.041+0200: 400028.684: [GC (Allocation Failure) 2020-07-01T08:31:14.041+0200: 400028.684: [ParNew
Desired survivor size 20971520 bytes, new threshold 1 (max 1)
- age   1:        272 bytes,        272 total
: 327684K->2K(368640K), 0.0297931 secs] 1408512K->1080830K(4124672K), 0.0298995 secs] [Times: user=0.04 sys=0.00, real=0.03 secs] 
Heap after GC invocations=495532 (full 2):
 par new generation   total 368640K, used 2K [0x00000006c1c00000, 0x00000006dac00000, 0x00000006dac00000)
  eden space 327680K,   0% used [0x00000006c1c00000, 0x00000006c1c00000, 0x00000006d5c00000)
  from space 40960K,   0% used [0x00000006d5c00000, 0x00000006d5c00810, 0x00000006d8400000)
  to   space 40960K,   0% used [0x00000006d8400000, 0x00000006d8400000, 0x00000006dac00000)
 concurrent mark-sweep generation total 3756032K, used 1080828K [0x00000006dac00000, 0x00000007c0000000, 0x00000007c0000000)
 Metaspace       used 42573K, capacity 43892K, committed 44572K, reserved 1087488K
  class space    used 5454K, capacity 5756K, committed 5960K, reserved 1048576K
}
2020-07-01T08:31:14.071+0200: 400028.714: Total time for which application threads were stopped: 0.0302196 seconds, Stopping threads took: 0.0000521 seconds
{Heap before GC invocations=495532 (full 2):
 par new generation   total 368640K, used 327682K [0x00000006c1c00000, 0x00000006dac00000, 0x00000006dac00000)
  eden space 327680K, 100% used [0x00000006c1c00000, 0x00000006d5c00000, 0x00000006d5c00000)
  from space 40960K,   0% used [0x00000006d5c00000, 0x00000006d5c00810, 0x00000006d8400000)
  to   space 40960K,   0% used [0x00000006d8400000, 0x00000006d8400000, 0x00000006dac00000)
 concurrent mark-sweep generation total 3756032K, used 1080828K [0x00000006dac00000, 0x00000007c0000000, 0x00000007c0000000)
 Metaspace       used 42573K, capacity 43892K, committed 44572K, reserved 1087488K
  class space    used 5454K, capacity 5756K, committed 5960K, reserved 1048576K
2020-07-01T08:31:14.416+0200: 400029.059: [GC (Allocation Failure) 2020-07-01T08:31:14.416+0200: 400029.059: [ParNew
Desired survivor size 20971520 bytes, new threshold 1 (max 1)
- age   1:        272 bytes,        272 total
: 327682K->4K(368640K), 0.0154539 secs] 1408510K->1080832K(4124672K), 0.0155698 secs] [Times: user=0.00 sys=0.00, real=0.02 secs] 
Heap after GC invocations=495533 (full 2):
 par new generation   total 368640K, used 4K [0x00000006c1c00000, 0x00000006dac00000, 0x00000006dac00000)
  eden space 327680K,   0% used [0x00000006c1c00000, 0x00000006c1c00000, 0x00000006d5c00000)
  from space 40960K,   0% used [0x00000006d8400000, 0x00000006d8401020, 0x00000006dac00000)
  to   space 40960K,   0% used [0x00000006d5c00000, 0x00000006d5c00000, 0x00000006d8400000)
 concurrent mark-sweep generation total 3756032K, used 1080828K [0x00000006dac00000, 0x00000007c0000000, 0x00000007c0000000)
 Metaspace       used 42573K, capacity 43892K, committed 44572K, reserved 1087488K
  class space    used 5454K, capacity 5756K, committed 5960K, reserved 1048576K
}
2020-07-01T08:31:14.432+0200: 400029.075: Total time for which application threads were stopped: 0.0158910 seconds, Stopping threads took: 0.0000496 seconds
{Heap before GC invocations=495533 (full 2):
 par new generation   total 368640K, used 327684K [0x00000006c1c00000, 0x00000006dac00000, 0x00000006dac00000)
  eden space 327680K, 100% used [0x00000006c1c00000, 0x00000006d5c00000, 0x00000006d5c00000)
  from space 40960K,   0% used [0x00000006d8400000, 0x00000006d8401020, 0x00000006dac00000)
  to   space 40960K,   0% used [0x00000006d5c00000, 0x00000006d5c00000, 0x00000006d8400000)
 concurrent mark-sweep generation total 3756032K, used 1080828K [0x00000006dac00000, 0x00000007c0000000, 0x00000007c0000000)
 Metaspace       used 42573K, capacity 43892K, committed 44572K, reserved 1087488K
  class space    used 5454K, capacity 5756K, committed 5960K, reserved 1048576K
2020-07-01T08:31:14.750+0200: 400029.393: [GC (Allocation Failure) 2020-07-01T08:31:14.750+0200: 400029.393: [ParNew
Desired survivor size 20971520 bytes, new threshold 1 (max 1)
- age   1:        272 bytes,        272 total
: 327684K->4K(368640K), 0.0148611 secs] 1408512K->1080832K(4124672K), 0.0150304 secs] [Times: user=0.03 sys=0.00, real=0.01 secs] 
Heap after GC invocations=495534 (full 2):
 par new generation   total 368640K, used 4K [0x00000006c1c00000, 0x00000006dac00000, 0x00000006dac00000)
  eden space 327680K,   0% used [0x00000006c1c00000, 0x00000006c1c00000, 0x00000006d5c00000)
  from space 40960K,   0% used [0x00000006d5c00000, 0x00000006d5c01020, 0x00000006d8400000)
  to   space 40960K,   0% used [0x00000006d8400000, 0x00000006d8400000, 0x00000006dac00000)
 concurrent mark-sweep generation total 3756032K, used 1080828K [0x00000006dac00000, 0x00000007c0000000, 0x00000007c0000000)
 Metaspace       used 42573K, capacity 43892K, committed 44572K, reserved 1087488K
  class space    used 5454K, capacity 5756K, committed 5960K, reserved 1048576K
}
2020-07-01T08:31:14.765+0200: 400029.408: Total time for which application threads were stopped: 0.0154684 seconds, Stopping threads took: 0.0001811 seconds
{Heap before GC invocations=495534 (full 2):
 par new generation   total 368640K, used 327684K [0x00000006c1c00000, 0x00000006dac00000, 0x00000006dac00000)
  eden space 327680K, 100% used [0x00000006c1c00000, 0x00000006d5c00000, 0x00000006d5c00000)
  from space 40960K,   0% used [0x00000006d5c00000, 0x00000006d5c01020, 0x00000006d8400000)
  to   space 40960K,   0% used [0x00000006d8400000, 0x00000006d8400000, 0x00000006dac00000)
 concurrent mark-sweep generation total 3756032K, used 1080828K [0x00000006dac00000, 0x00000007c0000000, 0x00000007c0000000)
 Metaspace       used 42573K, capacity 43892K, committed 44572K, reserved 1087488K
  class space    used 5454K, capacity 5756K, committed 5960K, reserved 1048576K
2020-07-01T08:31:15.088+0200: 400029.730: [GC (Allocation Failure) 2020-07-01T08:31:15.088+0200: 400029.731: [ParNew
Desired survivor size 20971520 bytes, new threshold 1 (max 1)
- age   1:        304 bytes,        304 total
: 327684K->4K(368640K), 0.0216300 secs] 1408512K->1080832K(4124672K), 0.0220412 secs] [Times: user=0.00 sys=0.00, real=0.03 secs] 
Heap after GC invocations=495535 (full 2):
 par new generation   total 368640K, used 4K [0x00000006c1c00000, 0x00000006dac00000, 0x00000006dac00000)
  eden space 327680K,   0% used [0x00000006c1c00000, 0x00000006c1c00000, 0x00000006d5c00000)
  from space 40960K,   0% used [0x00000006d8400000, 0x00000006d8401020, 0x00000006dac00000)
  to   space 40960K,   0% used [0x00000006d5c00000, 0x00000006d5c00000, 0x00000006d8400000)
 concurrent mark-sweep generation total 3756032K, used 1080828K [0x00000006dac00000, 0x00000007c0000000, 0x00000007c0000000)
 Metaspace       used 42573K, capacity 43892K, committed 44572K, reserved 1087488K
  class space    used 5454K, capacity 5756K, committed 5960K, reserved 1048576K
}
2020-07-01T08:31:15.110+0200: 400029.753: Total time for which application threads were stopped: 0.0226560 seconds, Stopping threads took: 0.0000520 seconds
{Heap before GC invocations=495535 (full 2):
 par new generation   total 368640K, used 327684K [0x00000006c1c00000, 0x00000006dac00000, 0x00000006dac00000)
  eden space 327680K, 100% used [0x00000006c1c00000, 0x00000006d5c00000, 0x00000006d5c00000)
  from space 40960K,   0% used [0x00000006d8400000, 0x00000006d8401020, 0x00000006dac00000)
  to   space 40960K,   0% used [0x00000006d5c00000, 0x00000006d5c00000, 0x00000006d8400000)
 concurrent mark-sweep generation total 3756032K, used 1080828K [0x00000006dac00000, 0x00000007c0000000, 0x00000007c0000000)
 Metaspace       used 42573K, capacity 43892K, committed 44572K, reserved 1087488K
  class space    used 5454K, capacity 5756K, committed 5960K, reserved 1048576K
2020-07-01T08:31:15.445+0200: 400030.088: [GC (Allocation Failure) 2020-07-01T08:31:15.445+0200: 400030.088: [ParNew
Desired survivor size 20971520 bytes, new threshold 1 (max 1)
- age   1:        272 bytes,        272 total
: 327684K->4K(368640K), 0.0112739 secs] 1408512K->1080832K(4124672K), 0.0113943 secs] [Times: user=0.01 sys=0.00, real=0.01 secs] 
Heap after GC invocations=495536 (full 2):
 par new generation   total 368640K, used 4K [0x00000006c1c00000, 0x00000006dac00000, 0x00000006dac00000)
  eden space 327680K,   0% used [0x00000006c1c00000, 0x00000006c1c00000, 0x00000006d5c00000)
  from space 40960K,   0% used [0x00000006d5c00000, 0x00000006d5c01020, 0x00000006d8400000)
  to   space 40960K,   0% used [0x00000006d8400000, 0x00000006d8400000, 0x00000006dac00000)
 concurrent mark-sweep generation total 3756032K, used 1080828K [0x00000006dac00000, 0x00000007c0000000, 0x00000007c0000000)
 Metaspace       used 42573K, capacity 43892K, committed 44572K, reserved 1087488K
  class space    used 5454K, capacity 5756K, committed 5960K, reserved 1048576K
}
2020-07-01T08:31:15.458+0200: 400030.101: Total time for which application threads were stopped: 0.0131790 seconds, Stopping threads took: 0.0000664 seconds
{Heap before GC invocations=495536 (full 2):
 par new generation   total 368640K, used 327684K [0x00000006c1c00000, 0x00000006dac00000, 0x00000006dac00000)
  eden space 327680K, 100% used [0x00000006c1c00000, 0x00000006d5c00000, 0x00000006d5c00000)
  from space 40960K,   0% used [0x00000006d5c00000, 0x00000006d5c01020, 0x00000006d8400000)
  to   space 40960K,   0% used [0x00000006d8400000, 0x00000006d8400000, 0x00000006dac00000)
 concurrent mark-sweep generation total 3756032K, used 1080828K [0x00000006dac00000, 0x00000007c0000000, 0x00000007c0000000)
 Metaspace       used 42573K, capacity 43892K, committed 44572K, reserved 1087488K
  class space    used 5454K, capacity 5756K, committed 5960K, reserved 1048576K
2020-07-01T08:31:15.756+0200: 400030.399: [GC (Allocation Failure) 2020-07-01T08:31:15.756+0200: 400030.399: [ParNew
Desired survivor size 20971520 bytes, new threshold 1 (max 1)
- age   1:        272 bytes,        272 total
: 327684K->4K(368640K), 0.0108835 secs] 1408512K->1080832K(4124672K), 0.0109879 secs] [Times: user=0.03 sys=0.00, real=0.01 secs] 
Heap after GC invocations=495537 (full 2):
 par new generation   total 368640K, used 4K [0x00000006c1c00000, 0x00000006dac00000, 0x00000006dac00000)
  eden space 327680K,   0% used [0x00000006c1c00000, 0x00000006c1c00000, 0x00000006d5c00000)
  from space 40960K,   0% used [0x00000006d8400000, 0x00000006d8401020, 0x00000006dac00000)
  to   space 40960K,   0% used [0x00000006d5c00000, 0x00000006d5c00000, 0x00000006d8400000)
 concurrent mark-sweep generation total 3756032K, used 1080828K [0x00000006dac00000, 0x00000007c0000000, 0x00000007c0000000)
 Metaspace       used 42573K, capacity 43892K, committed 44572K, reserved 1087488K
  class space    used 5454K, capacity 5756K, committed 5960K, reserved 1048576K
}
2020-07-01T08:31:15.767+0200: 400030.410: Total time for which application threads were stopped: 0.0113582 seconds, Stopping threads took: 0.0001358 seconds
{Heap before GC invocations=495537 (full 2):
 par new generation   total 368640K, used 327684K [0x00000006c1c00000, 0x00000006dac00000, 0x00000006dac00000)
  eden space 327680K, 100% used [0x00000006c1c00000, 0x00000006d5c00000, 0x00000006d5c00000)
  from space 40960K,   0% used [0x00000006d8400000, 0x00000006d8401020, 0x00000006dac00000)
  to   space 40960K,   0% used [0x00000006d5c00000, 0x00000006d5c00000, 0x00000006d8400000)
 concurrent mark-sweep generation total 3756032K, used 1080828K [0x00000006dac00000, 0x00000007c0000000, 0x00000007c0000000)
 Metaspace       used 42573K, capacity 43892K, committed 44572K, reserved 1087488K
  class space    used 5454K, capacity 5756K, committed 5960K, reserved 1048576K
2020-07-01T08:31:16.037+0200: 400030.680: [GC (Allocation Failure) 2020-07-01T08:31:16.037+0200: 400030.680: [ParNew
Desired survivor size 20971520 bytes, new threshold 1 (max 1)
- age   1:        272 bytes,        272 total
: 327684K->4K(368640K), 0.0105830 secs] 1408512K->1080832K(4124672K), 0.0107016 secs] [Times: user=0.00 sys=0.00, real=0.02 secs] 
Heap after GC invocations=495538 (full 2):
 par new generation   total 368640K, used 4K [0x00000006c1c00000, 0x00000006dac00000, 0x00000006dac00000)
  eden space 327680K,   0% used [0x00000006c1c00000, 0x00000006c1c00000, 0x00000006d5c00000)
  from space 40960K,   0% used [0x00000006d5c00000, 0x00000006d5c01020, 0x00000006d8400000)
  to   space 40960K,   0% used [0x00000006d8400000, 0x00000006d8400000, 0x00000006dac00000)
 concurrent mark-sweep generation total 3756032K, used 1080828K [0x00000006dac00000, 0x00000007c0000000, 0x00000007c0000000)
 Metaspace       used 42573K, capacity 43892K, committed 44572K, reserved 1087488K
  class space    used 5454K, capacity 5756K, committed 5960K, reserved 1048576K
}
2020-07-01T08:31:16.048+0200: 400030.691: Total time for which application threads were stopped: 0.0111889 seconds, Stopping threads took: 0.0002359 seconds
{Heap before GC invocations=495538 (full 2):
 par new generation   total 368640K, used 327684K [0x00000006c1c00000, 0x00000006dac00000, 0x00000006dac00000)
  eden space 327680K, 100% used [0x00000006c1c00000, 0x00000006d5c00000, 0x00000006d5c00000)
  from space 40960K,   0% used [0x00000006d5c00000, 0x00000006d5c01020, 0x00000006d8400000)
  to   space 40960K,   0% used [0x00000006d8400000, 0x00000006d8400000, 0x00000006dac00000)
 concurrent mark-sweep generation total 3756032K, used 1080828K [0x00000006dac00000, 0x00000007c0000000, 0x00000007c0000000)
 Metaspace       used 42573K, capacity 43892K, committed 44572K, reserved 1087488K
  class space    used 5454K, capacity 5756K, committed 5960K, reserved 1048576K
2020-07-01T08:31:16.347+0200: 400030.990: [GC (Allocation Failure) 2020-07-01T08:31:16.347+0200: 400030.990: [ParNew
Desired survivor size 20971520 bytes, new threshold 1 (max 1)
- age   1:        272 bytes,        272 total
: 327684K->4K(368640K), 0.0098104 secs] 1408512K->1080832K(4124672K), 0.0099346 secs] [Times: user=0.03 sys=0.00, real=0.01 secs] 
Heap after GC invocations=495539 (full 2):
 par new generation   total 368640K, used 4K [0x00000006c1c00000, 0x00000006dac00000, 0x00000006dac00000)
  eden space 327680K,   0% used [0x00000006c1c00000, 0x00000006c1c00000, 0x00000006d5c00000)
  from space 40960K,   0% used [0x00000006d8400000, 0x00000006d8401020, 0x00000006dac00000)
  to   space 40960K,   0% used [0x00000006d5c00000, 0x00000006d5c00000, 0x00000006d8400000)
 concurrent mark-sweep generation total 3756032K, used 1080828K [0x00000006dac00000, 0x00000007c0000000, 0x00000007c0000000)
 Metaspace       used 42573K, capacity 43892K, committed 44572K, reserved 1087488K
  class space    used 5454K, capacity 5756K, committed 5960K, reserved 1048576K
}
2020-07-01T08:31:16.357+0200: 400031.000: Total time for which application threads were stopped: 0.0102764 seconds, Stopping threads took: 0.0001135 seconds
{Heap before GC invocations=495539 (full 2):
 par new generation   total 368640K, used 327684K [0x00000006c1c00000, 0x00000006dac00000, 0x00000006dac00000)
  eden space 327680K, 100% used [0x00000006c1c00000, 0x00000006d5c00000, 0x00000006d5c00000)
  from space 40960K,   0% used [0x00000006d8400000, 0x00000006d8401020, 0x00000006dac00000)
  to   space 40960K,   0% used [0x00000006d5c00000, 0x00000006d5c00000, 0x00000006d8400000)
 concurrent mark-sweep generation total 3756032K, used 1080828K [0x00000006dac00000, 0x00000007c0000000, 0x00000007c0000000)
 Metaspace       used 42573K, capacity 43892K, committed 44572K, reserved 1087488K
  class space    used 5454K, capacity 5756K, committed 5960K, reserved 1048576K
2020-07-01T08:31:16.634+0200: 400031.277: [GC (Allocation Failure) 2020-07-01T08:31:16.634+0200: 400031.277: [ParNew
Desired survivor size 20971520 bytes, new threshold 1 (max 1)
- age   1:        240 bytes,        240 total
: 327684K->4K(368640K), 0.0139450 secs] 1408512K->1080832K(4124672K), 0.0140637 secs] [Times: user=0.02 sys=0.00, real=0.02 secs] 
Heap after GC invocations=495540 (full 2):
 par new generation   total 368640K, used 4K [0x00000006c1c00000, 0x00000006dac00000, 0x00000006dac00000)
  eden space 327680K,   0% used [0x00000006c1c00000, 0x00000006c1c00000, 0x00000006d5c00000)
  from space 40960K,   0% used [0x00000006d5c00000, 0x00000006d5c01020, 0x00000006d8400000)
  to   space 40960K,   0% used [0x00000006d8400000, 0x00000006d8400000, 0x00000006dac00000)
 concurrent mark-sweep generation total 3756032K, used 1080828K [0x00000006dac00000, 0x00000007c0000000, 0x00000007c0000000)
 Metaspace       used 42573K, capacity 43892K, committed 44572K, reserved 1087488K
  class space    used 5454K, capacity 5756K, committed 5960K, reserved 1048576K
}
2020-07-01T08:31:16.648+0200: 400031.291: Total time for which application threads were stopped: 0.0143766 seconds, Stopping threads took: 0.0000542 seconds
{Heap before GC invocations=495540 (full 2):
 par new generation   total 368640K, used 327684K [0x00000006c1c00000, 0x00000006dac00000, 0x00000006dac00000)
  eden space 327680K, 100% used [0x00000006c1c00000, 0x00000006d5c00000, 0x00000006d5c00000)
  from space 40960K,   0% used [0x00000006d5c00000, 0x00000006d5c01020, 0x00000006d8400000)
  to   space 40960K,   0% used [0x00000006d8400000, 0x00000006d8400000, 0x00000006dac00000)
 concurrent mark-sweep generation total 3756032K, used 1080828K [0x00000006dac00000, 0x00000007c0000000, 0x00000007c0000000)
 Metaspace       used 42573K, capacity 43892K, committed 44572K, reserved 1087488K
  class space    used 5454K, capacity 5756K, committed 5960K, reserved 1048576K
2020-07-01T08:31:16.931+0200: 400031.574: [GC (Allocation Failure) 2020-07-01T08:31:16.931+0200: 400031.574: [ParNew
Desired survivor size 20971520 bytes, new threshold 1 (max 1)
- age   1:        240 bytes,        240 total
: 327684K->4K(368640K), 0.0088619 secs] 1408512K->1080832K(4124672K), 0.0089804 secs] [Times: user=0.03 sys=0.00, real=0.01 secs] 
Heap after GC invocations=495541 (full 2):
 par new generation   total 368640K, used 4K [0x00000006c1c00000, 0x00000006dac00000, 0x00000006dac00000)
  eden space 327680K,   0% used [0x00000006c1c00000, 0x00000006c1c00000, 0x00000006d5c00000)
  from space 40960K,   0% used [0x00000006d8400000, 0x00000006d8401020, 0x00000006dac00000)
  to   space 40960K,   0% used [0x00000006d5c00000, 0x00000006d5c00000, 0x00000006d8400000)
 concurrent mark-sweep generation total 3756032K, used 1080828K [0x00000006dac00000, 0x00000007c0000000, 0x00000007c0000000)
 Metaspace       used 42573K, capacity 43892K, committed 44572K, reserved 1087488K
  class space    used 5454K, capacity 5756K, committed 5960K, reserved 1048576K
}
2020-07-01T08:31:16.940+0200: 400031.583: Total time for which application threads were stopped: 0.0093097 seconds, Stopping threads took: 0.0000965 seconds
{Heap before GC invocations=495541 (full 2):
 par new generation   total 368640K, used 327684K [0x00000006c1c00000, 0x00000006dac00000, 0x00000006dac00000)
  eden space 327680K, 100% used [0x00000006c1c00000, 0x00000006d5c00000, 0x00000006d5c00000)
  from space 40960K,   0% used [0x00000006d8400000, 0x00000006d8401020, 0x00000006dac00000)
  to   space 40960K,   0% used [0x00000006d5c00000, 0x00000006d5c00000, 0x00000006d8400000)
 concurrent mark-sweep generation total 3756032K, used 1080828K [0x00000006dac00000, 0x00000007c0000000, 0x00000007c0000000)
 Metaspace       used 42573K, capacity 43892K, committed 44572K, reserved 1087488K
  class space    used 5454K, capacity 5756K, committed 5960K, reserved 1048576K
2020-07-01T08:31:17.253+0200: 400031.895: [GC (Allocation Failure) 2020-07-01T08:31:17.253+0200: 400031.895: [ParNew
Desired survivor size 20971520 bytes, new threshold 1 (max 1)
- age   1:        760 bytes,        760 total
: 327684K->4K(368640K), 0.0121623 secs] 1408512K->1080832K(4124672K), 0.0122939 secs] [Times: user=0.03 sys=0.00, real=0.01 secs] 
Heap after GC invocations=495542 (full 2):
 par new generation   total 368640K, used 4K [0x00000006c1c00000, 0x00000006dac00000, 0x00000006dac00000)
  eden space 327680K,   0% used [0x00000006c1c00000, 0x00000006c1c00000, 0x00000006d5c00000)
  from space 40960K,   0% used [0x00000006d5c00000, 0x00000006d5c01020, 0x00000006d8400000)
  to   space 40960K,   0% used [0x00000006d8400000, 0x00000006d8400000, 0x00000006dac00000)
 concurrent mark-sweep generation total 3756032K, used 1080828K [0x00000006dac00000, 0x00000007c0000000, 0x00000007c0000000)
 Metaspace       used 42573K, capacity 43892K, committed 44572K, reserved 1087488K
  class space    used 5454K, capacity 5756K, committed 5960K, reserved 1048576K
}
2020-07-01T08:31:17.265+0200: 400031.908: Total time for which application threads were stopped: 0.0126375 seconds, Stopping threads took: 0.0000950 seconds
{Heap before GC invocations=495542 (full 2):
 par new generation   total 368640K, used 327684K [0x00000006c1c00000, 0x00000006dac00000, 0x00000006dac00000)
  eden space 327680K, 100% used [0x00000006c1c00000, 0x00000006d5c00000, 0x00000006d5c00000)
  from space 40960K,   0% used [0x00000006d5c00000, 0x00000006d5c01020, 0x00000006d8400000)
  to   space 40960K,   0% used [0x00000006d8400000, 0x00000006d8400000, 0x00000006dac00000)
 concurrent mark-sweep generation total 3756032K, used 1080828K [0x00000006dac00000, 0x00000007c0000000, 0x00000007c0000000)
 Metaspace       used 42573K, capacity 43892K, committed 44572K, reserved 1087488K
  class space    used 5454K, capacity 5756K, committed 5960K, reserved 1048576K
2020-07-01T08:31:17.592+0200: 400032.234: [GC (Allocation Failure) 2020-07-01T08:31:17.592+0200: 400032.234: [ParNew
Desired survivor size 20971520 bytes, new threshold 1 (max 1)
- age   1:        272 bytes,        272 total
: 327684K->6K(368640K), 0.0085225 secs] 1408512K->1080835K(4124672K), 0.0086422 secs] [Times: user=0.00 sys=0.00, real=0.01 secs] 
Heap after GC invocations=495543 (full 2):
 par new generation   total 368640K, used 6K [0x00000006c1c00000, 0x00000006dac00000, 0x00000006dac00000)
  eden space 327680K,   0% used [0x00000006c1c00000, 0x00000006c1c00000, 0x00000006d5c00000)
  from space 40960K,   0% used [0x00000006d8400000, 0x00000006d8401830, 0x00000006dac00000)
  to   space 40960K,   0% used [0x00000006d5c00000, 0x00000006d5c00000, 0x00000006d8400000)
 concurrent mark-sweep generation total 3756032K, used 1080829K [0x00000006dac00000, 0x00000007c0000000, 0x00000007c0000000)
 Metaspace       used 42573K, capacity 43892K, committed 44572K, reserved 1087488K
  class space    used 5454K, capacity 5756K, committed 5960K, reserved 1048576K
}
2020-07-01T08:31:17.600+0200: 400032.243: Total time for which application threads were stopped: 0.0089551 seconds, Stopping threads took: 0.0000556 seconds
{Heap before GC invocations=495543 (full 2):
 par new generation   total 368640K, used 327686K [0x00000006c1c00000, 0x00000006dac00000, 0x00000006dac00000)
  eden space 327680K, 100% used [0x00000006c1c00000, 0x00000006d5c00000, 0x00000006d5c00000)
  from space 40960K,   0% used [0x00000006d8400000, 0x00000006d8401830, 0x00000006dac00000)
  to   space 40960K,   0% used [0x00000006d5c00000, 0x00000006d5c00000, 0x00000006d8400000)
 concurrent mark-sweep generation total 3756032K, used 1080829K [0x00000006dac00000, 0x00000007c0000000, 0x00000007c0000000)
 Metaspace       used 42573K, capacity 43892K, committed 44572K, reserved 1087488K
  class space    used 5454K, capacity 5756K, committed 5960K, reserved 1048576K
2020-07-01T08:31:17.923+0200: 400032.566: [GC (Allocation Failure) 2020-07-01T08:31:17.923+0200: 400032.566: [ParNew
Desired survivor size 20971520 bytes, new threshold 1 (max 1)
- age   1:        536 bytes,        536 total
: 327686K->4K(368640K), 0.0125217 secs] 1408515K->1080833K(4124672K), 0.0126494 secs] [Times: user=0.03 sys=0.00, real=0.01 secs] 
Heap after GC invocations=495544 (full 2):
 par new generation   total 368640K, used 4K [0x00000006c1c00000, 0x00000006dac00000, 0x00000006dac00000)
  eden space 327680K,   0% used [0x00000006c1c00000, 0x00000006c1c00000, 0x00000006d5c00000)
  from space 40960K,   0% used [0x00000006d5c00000, 0x00000006d5c01020, 0x00000006d8400000)
  to   space 40960K,   0% used [0x00000006d8400000, 0x00000006d8400000, 0x00000006dac00000)
 concurrent mark-sweep generation total 3756032K, used 1080829K [0x00000006dac00000, 0x00000007c0000000, 0x00000007c0000000)
 Metaspace       used 42573K, capacity 43892K, committed 44572K, reserved 1087488K
  class space    used 5454K, capacity 5756K, committed 5960K, reserved 1048576K
}
2020-07-01T08:31:17.936+0200: 400032.579: Total time for which application threads were stopped: 0.0129820 seconds, Stopping threads took: 0.0000971 seconds
{Heap before GC invocations=495544 (full 2):
 par new generation   total 368640K, used 327684K [0x00000006c1c00000, 0x00000006dac00000, 0x00000006dac00000)
  eden space 327680K, 100% used [0x00000006c1c00000, 0x00000006d5c00000, 0x00000006d5c00000)
  from space 40960K,   0% used [0x00000006d5c00000, 0x00000006d5c01020, 0x00000006d8400000)
  to   space 40960K,   0% used [0x00000006d8400000, 0x00000006d8400000, 0x00000006dac00000)
 concurrent mark-sweep generation total 3756032K, used 1080829K [0x00000006dac00000, 0x00000007c0000000, 0x00000007c0000000)
 Metaspace       used 42573K, capacity 43892K, committed 44572K, reserved 1087488K
  class space    used 5454K, capacity 5756K, committed 5960K, reserved 1048576K
2020-07-01T08:31:18.237+0200: 400032.880: [GC (Allocation Failure) 2020-07-01T08:31:18.237+0200: 400032.880: [ParNew
Desired survivor size 20971520 bytes, new threshold 1 (max 1)
- age   1:        272 bytes,        272 total
: 327684K->2K(368640K), 0.0244275 secs] 1408513K->1080831K(4124672K), 0.0246103 secs] [Times: user=0.04 sys=0.00, real=0.03 secs] 
Heap after GC invocations=495545 (full 2):
 par new generation   total 368640K, used 2K [0x00000006c1c00000, 0x00000006dac00000, 0x00000006dac00000)
  eden space 327680K,   0% used [0x00000006c1c00000, 0x00000006c1c00000, 0x00000006d5c00000)
  from space 40960K,   0% used [0x00000006d8400000, 0x00000006d8400810, 0x00000006dac00000)
  to   space 40960K,   0% used [0x00000006d5c00000, 0x00000006d5c00000, 0x00000006d8400000)
 concurrent mark-sweep generation total 3756032K, used 1080829K [0x00000006dac00000, 0x00000007c0000000, 0x00000007c0000000)
 Metaspace       used 42573K, capacity 43892K, committed 44572K, reserved 1087488K
  class space    used 5454K, capacity 5756K, committed 5960K, reserved 1048576K
}
2020-07-01T08:31:18.262+0200: 400032.904: Total time for which application threads were stopped: 0.0248788 seconds, Stopping threads took: 0.0000488 seconds
{Heap before GC invocations=495545 (full 2):
 par new generation   total 368640K, used 327682K [0x00000006c1c00000, 0x00000006dac00000, 0x00000006dac00000)
  eden space 327680K, 100% used [0x00000006c1c00000, 0x00000006d5c00000, 0x00000006d5c00000)
  from space 40960K,   0% used [0x00000006d8400000, 0x00000006d8400810, 0x00000006dac00000)
  to   space 40960K,   0% used [0x00000006d5c00000, 0x00000006d5c00000, 0x00000006d8400000)
 concurrent mark-sweep generation total 3756032K, used 1080829K [0x00000006dac00000, 0x00000007c0000000, 0x00000007c0000000)
 Metaspace       used 42573K, capacity 43892K, committed 44572K, reserved 1087488K
  class space    used 5454K, capacity 5756K, committed 5960K, reserved 1048576K
2020-07-01T08:31:18.548+0200: 400033.191: [GC (Allocation Failure) 2020-07-01T08:31:18.548+0200: 400033.191: [ParNew
Desired survivor size 20971520 bytes, new threshold 1 (max 1)
- age   1:        272 bytes,        272 total
: 327682K->4K(368640K), 0.0122752 secs] 1408511K->1080833K(4124672K), 0.0124116 secs] [Times: user=0.03 sys=0.00, real=0.01 secs] 
Heap after GC invocations=495546 (full 2):
 par new generation   total 368640K, used 4K [0x00000006c1c00000, 0x00000006dac00000, 0x00000006dac00000)
  eden space 327680K,   0% used [0x00000006c1c00000, 0x00000006c1c00000, 0x00000006d5c00000)
  from space 40960K,   0% used [0x00000006d5c00000, 0x00000006d5c01020, 0x00000006d8400000)
  to   space 40960K,   0% used [0x00000006d8400000, 0x00000006d8400000, 0x00000006dac00000)
 concurrent mark-sweep generation total 3756032K, used 1080829K [0x00000006dac00000, 0x00000007c0000000, 0x00000007c0000000)
 Metaspace       used 42573K, capacity 43892K, committed 44572K, reserved 1087488K
  class space    used 5454K, capacity 5756K, committed 5960K, reserved 1048576K
}
2020-07-01T08:31:18.561+0200: 400033.204: Total time for which application threads were stopped: 0.0130022 seconds, Stopping threads took: 0.0000510 seconds
{Heap before GC invocations=495546 (full 2):
 par new generation   total 368640K, used 327684K [0x00000006c1c00000, 0x00000006dac00000, 0x00000006dac00000)
  eden space 327680K, 100% used [0x00000006c1c00000, 0x00000006d5c00000, 0x00000006d5c00000)
  from space 40960K,   0% used [0x00000006d5c00000, 0x00000006d5c01020, 0x00000006d8400000)
  to   space 40960K,   0% used [0x00000006d8400000, 0x00000006d8400000, 0x00000006dac00000)
 concurrent mark-sweep generation total 3756032K, used 1080829K [0x00000006dac00000, 0x00000007c0000000, 0x00000007c0000000)
 Metaspace       used 42573K, capacity 43892K, committed 44572K, reserved 1087488K
  class space    used 5454K, capacity 5756K, committed 5960K, reserved 1048576K
2020-07-01T08:31:18.865+0200: 400033.507: [GC (Allocation Failure) 2020-07-01T08:31:18.865+0200: 400033.507: [ParNew
Desired survivor size 20971520 bytes, new threshold 1 (max 1)
- age   1:        240 bytes,        240 total
: 327684K->4K(368640K), 0.0080802 secs] 1408513K->1080833K(4124672K), 0.0082109 secs] [Times: user=0.05 sys=0.00, real=0.01 secs] 
Heap after GC invocations=495547 (full 2):
 par new generation   total 368640K, used 4K [0x00000006c1c00000, 0x00000006dac00000, 0x00000006dac00000)
  eden space 327680K,   0% used [0x00000006c1c00000, 0x00000006c1c00000, 0x00000006d5c00000)
  from space 40960K,   0% used [0x00000006d8400000, 0x00000006d8401020, 0x00000006dac00000)
  to   space 40960K,   0% used [0x00000006d5c00000, 0x00000006d5c00000, 0x00000006d8400000)
 concurrent mark-sweep generation total 3756032K, used 1080829K [0x00000006dac00000, 0x00000007c0000000, 0x00000007c0000000)
 Metaspace       used 42573K, capacity 43892K, committed 44572K, reserved 1087488K
  class space    used 5454K, capacity 5756K, committed 5960K, reserved 1048576K
}
2020-07-01T08:31:18.873+0200: 400033.516: Total time for which application threads were stopped: 0.0085387 seconds, Stopping threads took: 0.0000993 seconds
{Heap before GC invocations=495547 (full 2):
 par new generation   total 368640K, used 327684K [0x00000006c1c00000, 0x00000006dac00000, 0x00000006dac00000)
  eden space 327680K, 100% used [0x00000006c1c00000, 0x00000006d5c00000, 0x00000006d5c00000)
  from space 40960K,   0% used [0x00000006d8400000, 0x00000006d8401020, 0x00000006dac00000)
  to   space 40960K,   0% used [0x00000006d5c00000, 0x00000006d5c00000, 0x00000006d8400000)
 concurrent mark-sweep generation total 3756032K, used 1080829K [0x00000006dac00000, 0x00000007c0000000, 0x00000007c0000000)
 Metaspace       used 42573K, capacity 43892K, committed 44572K, reserved 1087488K
  class space    used 5454K, capacity 5756K, committed 5960K, reserved 1048576K
2020-07-01T08:31:19.186+0200: 400033.829: [GC (Allocation Failure) 2020-07-01T08:31:19.186+0200: 400033.829: [ParNew
Desired survivor size 20971520 bytes, new threshold 1 (max 1)
- age   1:        272 bytes,        272 total
: 327684K->4K(368640K), 0.0114584 secs] 1408513K->1080833K(4124672K), 0.0115754 secs] [Times: user=0.00 sys=0.00, real=0.01 secs] 
Heap after GC invocations=495548 (full 2):
 par new generation   total 368640K, used 4K [0x00000006c1c00000, 0x00000006dac00000, 0x00000006dac00000)
  eden space 327680K,   0% used [0x00000006c1c00000, 0x00000006c1c00000, 0x00000006d5c00000)
  from space 40960K,   0% used [0x00000006d5c00000, 0x00000006d5c01020, 0x00000006d8400000)
  to   space 40960K,   0% used [0x00000006d8400000, 0x00000006d8400000, 0x00000006dac00000)
 concurrent mark-sweep generation total 3756032K, used 1080829K [0x00000006dac00000, 0x00000007c0000000, 0x00000007c0000000)
 Metaspace       used 42573K, capacity 43892K, committed 44572K, reserved 1087488K
  class space    used 5454K, capacity 5756K, committed 5960K, reserved 1048576K
}
2020-07-01T08:31:19.197+0200: 400033.840: Total time for which application threads were stopped: 0.0119484 seconds, Stopping threads took: 0.0001007 seconds
{Heap before GC invocations=495548 (full 2):
 par new generation   total 368640K, used 327684K [0x00000006c1c00000, 0x00000006dac00000, 0x00000006dac00000)
  eden space 327680K, 100% used [0x00000006c1c00000, 0x00000006d5c00000, 0x00000006d5c00000)
  from space 40960K,   0% used [0x00000006d5c00000, 0x00000006d5c01020, 0x00000006d8400000)
  to   space 40960K,   0% used [0x00000006d8400000, 0x00000006d8400000, 0x00000006dac00000)
 concurrent mark-sweep generation total 3756032K, used 1080829K [0x00000006dac00000, 0x00000007c0000000, 0x00000007c0000000)
 Metaspace       used 42573K, capacity 43892K, committed 44572K, reserved 1087488K
  class space    used 5454K, capacity 5756K, committed 5960K, reserved 1048576K
2020-07-01T08:31:19.470+0200: 400034.113: [GC (Allocation Failure) 2020-07-01T08:31:19.470+0200: 400034.113: [ParNew
Desired survivor size 20971520 bytes, new threshold 1 (max 1)
- age   1:        272 bytes,        272 total
: 327684K->4K(368640K), 0.0119291 secs] 1408513K->1080833K(4124672K), 0.0120587 secs] [Times: user=0.03 sys=0.00, real=0.01 secs] 
Heap after GC invocations=495549 (full 2):
 par new generation   total 368640K, used 4K [0x00000006c1c00000, 0x00000006dac00000, 0x00000006dac00000)
  eden space 327680K,   0% used [0x00000006c1c00000, 0x00000006c1c00000, 0x00000006d5c00000)
  from space 40960K,   0% used [0x00000006d8400000, 0x00000006d8401020, 0x00000006dac00000)
  to   space 40960K,   0% used [0x00000006d5c00000, 0x00000006d5c00000, 0x00000006d8400000)
 concurrent mark-sweep generation total 3756032K, used 1080829K [0x00000006dac00000, 0x00000007c0000000, 0x00000007c0000000)
 Metaspace       used 42573K, capacity 43892K, committed 44572K, reserved 1087488K
  class space    used 5454K, capacity 5756K, committed 5960K, reserved 1048576K
}
2020-07-01T08:31:19.482+0200: 400034.125: Total time for which application threads were stopped: 0.0124807 seconds, Stopping threads took: 0.0001727 seconds
{Heap before GC invocations=495549 (full 2):
 par new generation   total 368640K, used 327684K [0x00000006c1c00000, 0x00000006dac00000, 0x00000006dac00000)
  eden space 327680K, 100% used [0x00000006c1c00000, 0x00000006d5c00000, 0x00000006d5c00000)
  from space 40960K,   0% used [0x00000006d8400000, 0x00000006d8401020, 0x00000006dac00000)
  to   space 40960K,   0% used [0x00000006d5c00000, 0x00000006d5c00000, 0x00000006d8400000)
 concurrent mark-sweep generation total 3756032K, used 1080829K [0x00000006dac00000, 0x00000007c0000000, 0x00000007c0000000)
 Metaspace       used 42573K, capacity 43892K, committed 44572K, reserved 1087488K
  class space    used 5454K, capacity 5756K, committed 5960K, reserved 1048576K
2020-07-01T08:31:19.778+0200: 400034.421: [GC (Allocation Failure) 2020-07-01T08:31:19.778+0200: 400034.421: [ParNew
Desired survivor size 20971520 bytes, new threshold 1 (max 1)
- age   1:        240 bytes,        240 total
: 327684K->6K(368640K), 0.0068524 secs] 1408513K->1080835K(4124672K), 0.0069984 secs] [Times: user=0.00 sys=0.00, real=0.00 secs] 
Heap after GC invocations=495550 (full 2):
 par new generation   total 368640K, used 6K [0x00000006c1c00000, 0x00000006dac00000, 0x00000006dac00000)
  eden space 327680K,   0% used [0x00000006c1c00000, 0x00000006c1c00000, 0x00000006d5c00000)
  from space 40960K,   0% used [0x00000006d5c00000, 0x00000006d5c01830, 0x00000006d8400000)
  to   space 40960K,   0% used [0x00000006d8400000, 0x00000006d8400000, 0x00000006dac00000)
 concurrent mark-sweep generation total 3756032K, used 1080829K [0x00000006dac00000, 0x00000007c0000000, 0x00000007c0000000)
 Metaspace       used 42573K, capacity 43892K, committed 44572K, reserved 1087488K
  class space    used 5454K, capacity 5756K, committed 5960K, reserved 1048576K
}
2020-07-01T08:31:19.785+0200: 400034.428: Total time for which application threads were stopped: 0.0074352 seconds, Stopping threads took: 0.0001691 seconds
{Heap before GC invocations=495550 (full 2):
 par new generation   total 368640K, used 327686K [0x00000006c1c00000, 0x00000006dac00000, 0x00000006dac00000)
  eden space 327680K, 100% used [0x00000006c1c00000, 0x00000006d5c00000, 0x00000006d5c00000)
  from space 40960K,   0% used [0x00000006d5c00000, 0x00000006d5c01830, 0x00000006d8400000)
  to   space 40960K,   0% used [0x00000006d8400000, 0x00000006d8400000, 0x00000006dac00000)
 concurrent mark-sweep generation total 3756032K, used 1080829K [0x00000006dac00000, 0x00000007c0000000, 0x00000007c0000000)
 Metaspace       used 42573K, capacity 43892K, committed 44572K, reserved 1087488K
  class space    used 5454K, capacity 5756K, committed 5960K, reserved 1048576K
2020-07-01T08:31:20.085+0200: 400034.728: [GC (Allocation Failure) 2020-07-01T08:31:20.085+0200: 400034.728: [ParNew
Desired survivor size 20971520 bytes, new threshold 1 (max 1)
- age   1:        304 bytes,        304 total
: 327686K->8K(368640K), 0.0054343 secs] 1408515K->1080837K(4124672K), 0.0055630 secs] [Times: user=0.07 sys=0.00, real=0.01 secs] 
Heap after GC invocations=495551 (full 2):
 par new generation   total 368640K, used 8K [0x00000006c1c00000, 0x00000006dac00000, 0x00000006dac00000)
  eden space 327680K,   0% used [0x00000006c1c00000, 0x00000006c1c00000, 0x00000006d5c00000)
  from space 40960K,   0% used [0x00000006d8400000, 0x00000006d8402040, 0x00000006dac00000)
  to   space 40960K,   0% used [0x00000006d5c00000, 0x00000006d5c00000, 0x00000006d8400000)
 concurrent mark-sweep generation total 3756032K, used 1080829K [0x00000006dac00000, 0x00000007c0000000, 0x00000007c0000000)
 Metaspace       used 42573K, capacity 43892K, committed 44572K, reserved 1087488K
  class space    used 5454K, capacity 5756K, committed 5960K, reserved 1048576K
}
2020-07-01T08:31:20.091+0200: 400034.733: Total time for which application threads were stopped: 0.0065024 seconds, Stopping threads took: 0.0007112 seconds
{Heap before GC invocations=495551 (full 2):
 par new generation   total 368640K, used 327688K [0x00000006c1c00000, 0x00000006dac00000, 0x00000006dac00000)
  eden space 327680K, 100% used [0x00000006c1c00000, 0x00000006d5c00000, 0x00000006d5c00000)
  from space 40960K,   0% used [0x00000006d8400000, 0x00000006d8402040, 0x00000006dac00000)
  to   space 40960K,   0% used [0x00000006d5c00000, 0x00000006d5c00000, 0x00000006d8400000)
 concurrent mark-sweep generation total 3756032K, used 1080829K [0x00000006dac00000, 0x00000007c0000000, 0x00000007c0000000)
 Metaspace       used 42573K, capacity 43892K, committed 44572K, reserved 1087488K
  class space    used 5454K, capacity 5756K, committed 5960K, reserved 1048576K
2020-07-01T08:31:20.390+0200: 400035.033: [GC (Allocation Failure) 2020-07-01T08:31:20.391+0200: 400035.033: [ParNew
Desired survivor size 20971520 bytes, new threshold 1 (max 1)
- age   1:        272 bytes,        272 total
: 327688K->4K(368640K), 0.0137809 secs] 1408517K->1080833K(4124672K), 0.0138954 secs] [Times: user=0.05 sys=0.00, real=0.01 secs] 
Heap after GC invocations=495552 (full 2):
 par new generation   total 368640K, used 4K [0x00000006c1c00000, 0x00000006dac00000, 0x00000006dac00000)
  eden space 327680K,   0% used [0x00000006c1c00000, 0x00000006c1c00000, 0x00000006d5c00000)
  from space 40960K,   0% used [0x00000006d5c00000, 0x00000006d5c01020, 0x00000006d8400000)
  to   space 40960K,   0% used [0x00000006d8400000, 0x00000006d8400000, 0x00000006dac00000)
 concurrent mark-sweep generation total 3756032K, used 1080829K [0x00000006dac00000, 0x00000007c0000000, 0x00000007c0000000)
 Metaspace       used 42573K, capacity 43892K, committed 44572K, reserved 1087488K
  class space    used 5454K, capacity 5756K, committed 5960K, reserved 1048576K
}
2020-07-01T08:31:20.404+0200: 400035.047: Total time for which application threads were stopped: 0.0153602 seconds, Stopping threads took: 0.0010626 seconds
{Heap before GC invocations=495552 (full 2):
 par new generation   total 368640K, used 327684K [0x00000006c1c00000, 0x00000006dac00000, 0x00000006dac00000)
  eden space 327680K, 100% used [0x00000006c1c00000, 0x00000006d5c00000, 0x00000006d5c00000)
  from space 40960K,   0% used [0x00000006d5c00000, 0x00000006d5c01020, 0x00000006d8400000)
  to   space 40960K,   0% used [0x00000006d8400000, 0x00000006d8400000, 0x00000006dac00000)
 concurrent mark-sweep generation total 3756032K, used 1080829K [0x00000006dac00000, 0x00000007c0000000, 0x00000007c0000000)
 Metaspace       used 42573K, capacity 43892K, committed 44572K, reserved 1087488K
  class space    used 5454K, capacity 5756K, committed 5960K, reserved 1048576K
2020-07-01T08:31:20.724+0200: 400035.367: [GC (Allocation Failure) 2020-07-01T08:31:20.724+0200: 400035.367: [ParNew
Desired survivor size 20971520 bytes, new threshold 1 (max 1)
- age   1:        272 bytes,        272 total
: 327684K->4K(368640K), 0.0136039 secs] 1408513K->1080833K(4124672K), 0.0137917 secs] [Times: user=0.02 sys=0.00, real=0.02 secs] 
Heap after GC invocations=495553 (full 2):
 par new generation   total 368640K, used 4K [0x00000006c1c00000, 0x00000006dac00000, 0x00000006dac00000)
  eden space 327680K,   0% used [0x00000006c1c00000, 0x00000006c1c00000, 0x00000006d5c00000)
  from space 40960K,   0% used [0x00000006d8400000, 0x00000006d8401020, 0x00000006dac00000)
  to   space 40960K,   0% used [0x00000006d5c00000, 0x00000006d5c00000, 0x00000006d8400000)
 concurrent mark-sweep generation total 3756032K, used 1080829K [0x00000006dac00000, 0x00000007c0000000, 0x00000007c0000000)
 Metaspace       used 42573K, capacity 43892K, committed 44572K, reserved 1087488K
  class space    used 5454K, capacity 5756K, committed 5960K, reserved 1048576K
}
2020-07-01T08:31:20.738+0200: 400035.381: Total time for which application threads were stopped: 0.0143014 seconds, Stopping threads took: 0.0001901 seconds
{Heap before GC invocations=495553 (full 2):
 par new generation   total 368640K, used 327684K [0x00000006c1c00000, 0x00000006dac00000, 0x00000006dac00000)
  eden space 327680K, 100% used [0x00000006c1c00000, 0x00000006d5c00000, 0x00000006d5c00000)
  from space 40960K,   0% used [0x00000006d8400000, 0x00000006d8401020, 0x00000006dac00000)
  to   space 40960K,   0% used [0x00000006d5c00000, 0x00000006d5c00000, 0x00000006d8400000)
 concurrent mark-sweep generation total 3756032K, used 1080829K [0x00000006dac00000, 0x00000007c0000000, 0x00000007c0000000)
 Metaspace       used 42573K, capacity 43892K, committed 44572K, reserved 1087488K
  class space    used 5454K, capacity 5756K, committed 5960K, reserved 1048576K
2020-07-01T08:31:21.037+0200: 400035.679: [GC (Allocation Failure) 2020-07-01T08:31:21.037+0200: 400035.679: [ParNew
Desired survivor size 20971520 bytes, new threshold 1 (max 1)
- age   1:        272 bytes,        272 total
: 327684K->4K(368640K), 0.0104558 secs] 1408513K->1080833K(4124672K), 0.0105891 secs] [Times: user=0.04 sys=0.00, real=0.01 secs] 
Heap after GC invocations=495554 (full 2):
 par new generation   total 368640K, used 4K [0x00000006c1c00000, 0x00000006dac00000, 0x00000006dac00000)
  eden space 327680K,   0% used [0x00000006c1c00000, 0x00000006c1c00000, 0x00000006d5c00000)
  from space 40960K,   0% used [0x00000006d5c00000, 0x00000006d5c01020, 0x00000006d8400000)
  to   space 40960K,   0% used [0x00000006d8400000, 0x00000006d8400000, 0x00000006dac00000)
 concurrent mark-sweep generation total 3756032K, used 1080829K [0x00000006dac00000, 0x00000007c0000000, 0x00000007c0000000)
 Metaspace       used 42573K, capacity 43892K, committed 44572K, reserved 1087488K
  class space    used 5454K, capacity 5756K, committed 5960K, reserved 1048576K
}
2020-07-01T08:31:21.047+0200: 400035.690: Total time for which application threads were stopped: 0.0108969 seconds, Stopping threads took: 0.0000498 seconds
{Heap before GC invocations=495554 (full 2):
 par new generation   total 368640K, used 327684K [0x00000006c1c00000, 0x00000006dac00000, 0x00000006dac00000)
  eden space 327680K, 100% used [0x00000006c1c00000, 0x00000006d5c00000, 0x00000006d5c00000)
  from space 40960K,   0% used [0x00000006d5c00000, 0x00000006d5c01020, 0x00000006d8400000)
  to   space 40960K,   0% used [0x00000006d8400000, 0x00000006d8400000, 0x00000006dac00000)
 concurrent mark-sweep generation total 3756032K, used 1080829K [0x00000006dac00000, 0x00000007c0000000, 0x00000007c0000000)
 Metaspace       used 42573K, capacity 43892K, committed 44572K, reserved 1087488K
  class space    used 5454K, capacity 5756K, committed 5960K, reserved 1048576K
2020-07-01T08:31:21.332+0200: 400035.975: [GC (Allocation Failure) 2020-07-01T08:31:21.332+0200: 400035.975: [ParNew
Desired survivor size 20971520 bytes, new threshold 1 (max 1)
- age   1:        272 bytes,        272 total
: 327684K->6K(368640K), 0.0055922 secs] 1408513K->1080835K(4124672K), 0.0057073 secs] [Times: user=0.00 sys=0.00, real=0.00 secs] 
Heap after GC invocations=495555 (full 2):
 par new generation   total 368640K, used 6K [0x00000006c1c00000, 0x00000006dac00000, 0x00000006dac00000)
  eden space 327680K,   0% used [0x00000006c1c00000, 0x00000006c1c00000, 0x00000006d5c00000)
  from space 40960K,   0% used [0x00000006d8400000, 0x00000006d8401830, 0x00000006dac00000)
  to   space 40960K,   0% used [0x00000006d5c00000, 0x00000006d5c00000, 0x00000006d8400000)
 concurrent mark-sweep generation total 3756032K, used 1080829K [0x00000006dac00000, 0x00000007c0000000, 0x00000007c0000000)
 Metaspace       used 42573K, capacity 43892K, committed 44572K, reserved 1087488K
  class space    used 5454K, capacity 5756K, committed 5960K, reserved 1048576K
}
2020-07-01T08:31:21.338+0200: 400035.980: Total time for which application threads were stopped: 0.0060754 seconds, Stopping threads took: 0.0001069 seconds
{Heap before GC invocations=495555 (full 2):
 par new generation   total 368640K, used 327686K [0x00000006c1c00000, 0x00000006dac00000, 0x00000006dac00000)
  eden space 327680K, 100% used [0x00000006c1c00000, 0x00000006d5c00000, 0x00000006d5c00000)
  from space 40960K,   0% used [0x00000006d8400000, 0x00000006d8401830, 0x00000006dac00000)
  to   space 40960K,   0% used [0x00000006d5c00000, 0x00000006d5c00000, 0x00000006d8400000)
 concurrent mark-sweep generation total 3756032K, used 1080829K [0x00000006dac00000, 0x00000007c0000000, 0x00000007c0000000)
 Metaspace       used 42573K, capacity 43892K, committed 44572K, reserved 1087488K
  class space    used 5454K, capacity 5756K, committed 5960K, reserved 1048576K
2020-07-01T08:31:21.614+0200: 400036.257: [GC (Allocation Failure) 2020-07-01T08:31:21.614+0200: 400036.257: [ParNew
Desired survivor size 20971520 bytes, new threshold 1 (max 1)
- age   1:        272 bytes,        272 total
: 327686K->6K(368640K), 0.0071403 secs] 1408515K->1080835K(4124672K), 0.0073444 secs] [Times: user=0.06 sys=0.00, real=0.01 secs] 
Heap after GC invocations=495556 (full 2):
 par new generation   total 368640K, used 6K [0x00000006c1c00000, 0x00000006dac00000, 0x00000006dac00000)
  eden space 327680K,   0% used [0x00000006c1c00000, 0x00000006c1c00000, 0x00000006d5c00000)
  from space 40960K,   0% used [0x00000006d5c00000, 0x00000006d5c01830, 0x00000006d8400000)
  to   space 40960K,   0% used [0x00000006d8400000, 0x00000006d8400000, 0x00000006dac00000)
 concurrent mark-sweep generation total 3756032K, used 1080829K [0x00000006dac00000, 0x00000007c0000000, 0x00000007c0000000)
 Metaspace       used 42573K, capacity 43892K, committed 44572K, reserved 1087488K
  class space    used 5454K, capacity 5756K, committed 5960K, reserved 1048576K
}
2020-07-01T08:31:21.622+0200: 400036.264: Total time for which application threads were stopped: 0.0076524 seconds, Stopping threads took: 0.0000524 seconds
{Heap before GC invocations=495556 (full 2):
 par new generation   total 368640K, used 327686K [0x00000006c1c00000, 0x00000006dac00000, 0x00000006dac00000)
  eden space 327680K, 100% used [0x00000006c1c00000, 0x00000006d5c00000, 0x00000006d5c00000)
  from space 40960K,   0% used [0x00000006d5c00000, 0x00000006d5c01830, 0x00000006d8400000)
  to   space 40960K,   0% used [0x00000006d8400000, 0x00000006d8400000, 0x00000006dac00000)
 concurrent mark-sweep generation total 3756032K, used 1080829K [0x00000006dac00000, 0x00000007c0000000, 0x00000007c0000000)
 Metaspace       used 42573K, capacity 43892K, committed 44572K, reserved 1087488K
  class space    used 5454K, capacity 5756K, committed 5960K, reserved 1048576K
2020-07-01T08:31:21.912+0200: 400036.555: [GC (Allocation Failure) 2020-07-01T08:31:21.912+0200: 400036.555: [ParNew
Desired survivor size 20971520 bytes, new threshold 1 (max 1)
- age   1:        240 bytes,        240 total
: 327686K->4K(368640K), 0.0088716 secs] 1408515K->1080833K(4124672K), 0.0089948 secs] [Times: user=0.03 sys=0.00, real=0.01 secs] 
Heap after GC invocations=495557 (full 2):
 par new generation   total 368640K, used 4K [0x00000006c1c00000, 0x00000006dac00000, 0x00000006dac00000)
  eden space 327680K,   0% used [0x00000006c1c00000, 0x00000006c1c00000, 0x00000006d5c00000)
  from space 40960K,   0% used [0x00000006d8400000, 0x00000006d8401020, 0x00000006dac00000)
  to   space 40960K,   0% used [0x00000006d5c00000, 0x00000006d5c00000, 0x00000006d8400000)
 concurrent mark-sweep generation total 3756032K, used 1080829K [0x00000006dac00000, 0x00000007c0000000, 0x00000007c0000000)
 Metaspace       used 42573K, capacity 43892K, committed 44572K, reserved 1087488K
  class space    used 5454K, capacity 5756K, committed 5960K, reserved 1048576K
}
2020-07-01T08:31:21.921+0200: 400036.564: Total time for which application threads were stopped: 0.0093317 seconds, Stopping threads took: 0.0001071 seconds
{Heap before GC invocations=495557 (full 2):
 par new generation   total 368640K, used 327684K [0x00000006c1c00000, 0x00000006dac00000, 0x00000006dac00000)
  eden space 327680K, 100% used [0x00000006c1c00000, 0x00000006d5c00000, 0x00000006d5c00000)
  from space 40960K,   0% used [0x00000006d8400000, 0x00000006d8401020, 0x00000006dac00000)
  to   space 40960K,   0% used [0x00000006d5c00000, 0x00000006d5c00000, 0x00000006d8400000)
 concurrent mark-sweep generation total 3756032K, used 1080829K [0x00000006dac00000, 0x00000007c0000000, 0x00000007c0000000)
 Metaspace       used 42573K, capacity 43892K, committed 44572K, reserved 1087488K
  class space    used 5454K, capacity 5756K, committed 5960K, reserved 1048576K
2020-07-01T08:31:22.206+0200: 400036.849: [GC (Allocation Failure) 2020-07-01T08:31:22.206+0200: 400036.849: [ParNew
Desired survivor size 20971520 bytes, new threshold 1 (max 1)
- age   1:        304 bytes,        304 total
: 327684K->4K(368640K), 0.0083791 secs] 1408513K->1080833K(4124672K), 0.0085113 secs] [Times: user=0.05 sys=0.00, real=0.01 secs] 
Heap after GC invocations=495558 (full 2):
 par new generation   total 368640K, used 4K [0x00000006c1c00000, 0x00000006dac00000, 0x00000006dac00000)
  eden space 327680K,   0% used [0x00000006c1c00000, 0x00000006c1c00000, 0x00000006d5c00000)
  from space 40960K,   0% used [0x00000006d5c00000, 0x00000006d5c01020, 0x00000006d8400000)
  to   space 40960K,   0% used [0x00000006d8400000, 0x00000006d8400000, 0x00000006dac00000)
 concurrent mark-sweep generation total 3756032K, used 1080829K [0x00000006dac00000, 0x00000007c0000000, 0x00000007c0000000)
 Metaspace       used 42573K, capacity 43892K, committed 44572K, reserved 1087488K
  class space    used 5454K, capacity 5756K, committed 5960K, reserved 1048576K
}
2020-07-01T08:31:22.215+0200: 400036.858: Total time for which application threads were stopped: 0.0088643 seconds, Stopping threads took: 0.0001032 seconds
{Heap before GC invocations=495558 (full 2):
 par new generation   total 368640K, used 327684K [0x00000006c1c00000, 0x00000006dac00000, 0x00000006dac00000)
  eden space 327680K, 100% used [0x00000006c1c00000, 0x00000006d5c00000, 0x00000006d5c00000)
  from space 40960K,   0% used [0x00000006d5c00000, 0x00000006d5c01020, 0x00000006d8400000)
  to   space 40960K,   0% used [0x00000006d8400000, 0x00000006d8400000, 0x00000006dac00000)
 concurrent mark-sweep generation total 3756032K, used 1080829K [0x00000006dac00000, 0x00000007c0000000, 0x00000007c0000000)
 Metaspace       used 42573K, capacity 43892K, committed 44572K, reserved 1087488K
  class space    used 5454K, capacity 5756K, committed 5960K, reserved 1048576K
2020-07-01T08:31:22.492+0200: 400037.135: [GC (Allocation Failure) 2020-07-01T08:31:22.492+0200: 400037.135: [ParNew
Desired survivor size 20971520 bytes, new threshold 1 (max 1)
- age   1:        272 bytes,        272 total
: 327684K->4K(368640K), 0.0110479 secs] 1408513K->1080833K(4124672K), 0.0111687 secs] [Times: user=0.03 sys=0.00, real=0.01 secs] 
Heap after GC invocations=495559 (full 2):
 par new generation   total 368640K, used 4K [0x00000006c1c00000, 0x00000006dac00000, 0x00000006dac00000)
  eden space 327680K,   0% used [0x00000006c1c00000, 0x00000006c1c00000, 0x00000006d5c00000)
  from space 40960K,   0% used [0x00000006d8400000, 0x00000006d8401020, 0x00000006dac00000)
  to   space 40960K,   0% used [0x00000006d5c00000, 0x00000006d5c00000, 0x00000006d8400000)
 concurrent mark-sweep generation total 3756032K, used 1080829K [0x00000006dac00000, 0x00000007c0000000, 0x00000007c0000000)
 Metaspace       used 42573K, capacity 43892K, committed 44572K, reserved 1087488K
  class space    used 5454K, capacity 5756K, committed 5960K, reserved 1048576K
}
2020-07-01T08:31:22.503+0200: 400037.146: Total time for which application threads were stopped: 0.0116461 seconds, Stopping threads took: 0.0002209 seconds
{Heap before GC invocations=495559 (full 2):
 par new generation   total 368640K, used 327684K [0x00000006c1c00000, 0x00000006dac00000, 0x00000006dac00000)
  eden space 327680K, 100% used [0x00000006c1c00000, 0x00000006d5c00000, 0x00000006d5c00000)
  from space 40960K,   0% used [0x00000006d8400000, 0x00000006d8401020, 0x00000006dac00000)
  to   space 40960K,   0% used [0x00000006d5c00000, 0x00000006d5c00000, 0x00000006d8400000)
 concurrent mark-sweep generation total 3756032K, used 1080829K [0x00000006dac00000, 0x00000007c0000000, 0x00000007c0000000)
 Metaspace       used 42573K, capacity 43892K, committed 44572K, reserved 1087488K
  class space    used 5454K, capacity 5756K, committed 5960K, reserved 1048576K
2020-07-01T08:31:22.804+0200: 400037.447: [GC (Allocation Failure) 2020-07-01T08:31:22.804+0200: 400037.447: [ParNew
Desired survivor size 20971520 bytes, new threshold 1 (max 1)
- age   1:        240 bytes,        240 total
: 327684K->6K(368640K), 0.0122906 secs] 1408513K->1080836K(4124672K), 0.0124236 secs] [Times: user=0.06 sys=0.00, real=0.01 secs] 
Heap after GC invocations=495560 (full 2):
 par new generation   total 368640K, used 6K [0x00000006c1c00000, 0x00000006dac00000, 0x00000006dac00000)
  eden space 327680K,   0% used [0x00000006c1c00000, 0x00000006c1c00000, 0x00000006d5c00000)
  from space 40960K,   0% used [0x00000006d5c00000, 0x00000006d5c01830, 0x00000006d8400000)
  to   space 40960K,   0% used [0x00000006d8400000, 0x00000006d8400000, 0x00000006dac00000)
 concurrent mark-sweep generation total 3756032K, used 1080829K [0x00000006dac00000, 0x00000007c0000000, 0x00000007c0000000)
 Metaspace       used 42573K, capacity 43892K, committed 44572K, reserved 1087488K
  class space    used 5454K, capacity 5756K, committed 5960K, reserved 1048576K
}
2020-07-01T08:31:22.817+0200: 400037.460: Total time for which application threads were stopped: 0.0127846 seconds, Stopping threads took: 0.0001232 seconds
{Heap before GC invocations=495560 (full 2):
 par new generation   total 368640K, used 327686K [0x00000006c1c00000, 0x00000006dac00000, 0x00000006dac00000)
  eden space 327680K, 100% used [0x00000006c1c00000, 0x00000006d5c00000, 0x00000006d5c00000)
  from space 40960K,   0% used [0x00000006d5c00000, 0x00000006d5c01830, 0x00000006d8400000)
  to   space 40960K,   0% used [0x00000006d8400000, 0x00000006d8400000, 0x00000006dac00000)
 concurrent mark-sweep generation total 3756032K, used 1080829K [0x00000006dac00000, 0x00000007c0000000, 0x00000007c0000000)
 Metaspace       used 42573K, capacity 43892K, committed 44572K, reserved 1087488K
  class space    used 5454K, capacity 5756K, committed 5960K, reserved 1048576K
2020-07-01T08:31:23.088+0200: 400037.731: [GC (Allocation Failure) 2020-07-01T08:31:23.089+0200: 400037.731: [ParNew
Desired survivor size 20971520 bytes, new threshold 1 (max 1)
- age   1:        272 bytes,        272 total
: 327686K->6K(368640K), 0.0093816 secs] 1408516K->1080836K(4124672K), 0.0094902 secs] [Times: user=0.00 sys=0.00, real=0.01 secs] 
Heap after GC invocations=495561 (full 2):
 par new generation   total 368640K, used 6K [0x00000006c1c00000, 0x00000006dac00000, 0x00000006dac00000)
  eden space 327680K,   0% used [0x00000006c1c00000, 0x00000006c1c00000, 0x00000006d5c00000)
  from space 40960K,   0% used [0x00000006d8400000, 0x00000006d8401830, 0x00000006dac00000)
  to   space 40960K,   0% used [0x00000006d5c00000, 0x00000006d5c00000, 0x00000006d8400000)
 concurrent mark-sweep generation total 3756032K, used 1080829K [0x00000006dac00000, 0x00000007c0000000, 0x00000007c0000000)
 Metaspace       used 42573K, capacity 43892K, committed 44572K, reserved 1087488K
  class space    used 5454K, capacity 5756K, committed 5960K, reserved 1048576K
}
2020-07-01T08:31:23.098+0200: 400037.741: Total time for which application threads were stopped: 0.0098764 seconds, Stopping threads took: 0.0001201 seconds
{Heap before GC invocations=495561 (full 2):
 par new generation   total 368640K, used 327686K [0x00000006c1c00000, 0x00000006dac00000, 0x00000006dac00000)
  eden space 327680K, 100% used [0x00000006c1c00000, 0x00000006d5c00000, 0x00000006d5c00000)
  from space 40960K,   0% used [0x00000006d8400000, 0x00000006d8401830, 0x00000006dac00000)
  to   space 40960K,   0% used [0x00000006d5c00000, 0x00000006d5c00000, 0x00000006d8400000)
 concurrent mark-sweep generation total 3756032K, used 1080829K [0x00000006dac00000, 0x00000007c0000000, 0x00000007c0000000)
 Metaspace       used 42573K, capacity 43892K, committed 44572K, reserved 1087488K
  class space    used 5454K, capacity 5756K, committed 5960K, reserved 1048576K
2020-07-01T08:31:23.378+0200: 400038.021: [GC (Allocation Failure) 2020-07-01T08:31:23.378+0200: 400038.021: [ParNew
Desired survivor size 20971520 bytes, new threshold 1 (max 1)
- age   1:        272 bytes,        272 total
: 327686K->6K(368640K), 0.0078265 secs] 1408516K->1080836K(4124672K), 0.0079431 secs] [Times: user=0.02 sys=0.00, real=0.00 secs] 
Heap after GC invocations=495562 (full 2):
 par new generation   total 368640K, used 6K [0x00000006c1c00000, 0x00000006dac00000, 0x00000006dac00000)
  eden space 327680K,   0% used [0x00000006c1c00000, 0x00000006c1c00000, 0x00000006d5c00000)
  from space 40960K,   0% used [0x00000006d5c00000, 0x00000006d5c01830, 0x00000006d8400000)
  to   space 40960K,   0% used [0x00000006d8400000, 0x00000006d8400000, 0x00000006dac00000)
 concurrent mark-sweep generation total 3756032K, used 1080830K [0x00000006dac00000, 0x00000007c0000000, 0x00000007c0000000)
 Metaspace       used 42573K, capacity 43892K, committed 44572K, reserved 1087488K
  class space    used 5454K, capacity 5756K, committed 5960K, reserved 1048576K
}
2020-07-01T08:31:23.386+0200: 400038.029: Total time for which application threads were stopped: 0.0082262 seconds, Stopping threads took: 0.0000549 seconds
{Heap before GC invocations=495562 (full 2):
 par new generation   total 368640K, used 327686K [0x00000006c1c00000, 0x00000006dac00000, 0x00000006dac00000)
  eden space 327680K, 100% used [0x00000006c1c00000, 0x00000006d5c00000, 0x00000006d5c00000)
  from space 40960K,   0% used [0x00000006d5c00000, 0x00000006d5c01830, 0x00000006d8400000)
  to   space 40960K,   0% used [0x00000006d8400000, 0x00000006d8400000, 0x00000006dac00000)
 concurrent mark-sweep generation total 3756032K, used 1080830K [0x00000006dac00000, 0x00000007c0000000, 0x00000007c0000000)
 Metaspace       used 42573K, capacity 43892K, committed 44572K, reserved 1087488K
  class space    used 5454K, capacity 5756K, committed 5960K, reserved 1048576K
2020-07-01T08:31:23.677+0200: 400038.320: [GC (Allocation Failure) 2020-07-01T08:31:23.677+0200: 400038.320: [ParNew
Desired survivor size 20971520 bytes, new threshold 1 (max 1)
- age   1:        272 bytes,        272 total
: 327686K->4K(368640K), 0.0101787 secs] 1408516K->1080834K(4124672K), 0.0103017 secs] [Times: user=0.04 sys=0.00, real=0.01 secs] 
Heap after GC invocations=495563 (full 2):
 par new generation   total 368640K, used 4K [0x00000006c1c00000, 0x00000006dac00000, 0x00000006dac00000)
  eden space 327680K,   0% used [0x00000006c1c00000, 0x00000006c1c00000, 0x00000006d5c00000)
  from space 40960K,   0% used [0x00000006d8400000, 0x00000006d8401020, 0x00000006dac00000)
  to   space 40960K,   0% used [0x00000006d5c00000, 0x00000006d5c00000, 0x00000006d8400000)
 concurrent mark-sweep generation total 3756032K, used 1080830K [0x00000006dac00000, 0x00000007c0000000, 0x00000007c0000000)
 Metaspace       used 42573K, capacity 43892K, committed 44572K, reserved 1087488K
  class space    used 5454K, capacity 5756K, committed 5960K, reserved 1048576K
}
2020-07-01T08:31:23.688+0200: 400038.330: Total time for which application threads were stopped: 0.0106646 seconds, Stopping threads took: 0.0001113 seconds
{Heap before GC invocations=495563 (full 2):
 par new generation   total 368640K, used 327684K [0x00000006c1c00000, 0x00000006dac00000, 0x00000006dac00000)
  eden space 327680K, 100% used [0x00000006c1c00000, 0x00000006d5c00000, 0x00000006d5c00000)
  from space 40960K,   0% used [0x00000006d8400000, 0x00000006d8401020, 0x00000006dac00000)
  to   space 40960K,   0% used [0x00000006d5c00000, 0x00000006d5c00000, 0x00000006d8400000)
 concurrent mark-sweep generation total 3756032K, used 1080830K [0x00000006dac00000, 0x00000007c0000000, 0x00000007c0000000)
 Metaspace       used 42573K, capacity 43892K, committed 44572K, reserved 1087488K
  class space    used 5454K, capacity 5756K, committed 5960K, reserved 1048576K
2020-07-01T08:31:23.956+0200: 400038.599: [GC (Allocation Failure) 2020-07-01T08:31:23.956+0200: 400038.599: [ParNew
Desired survivor size 20971520 bytes, new threshold 1 (max 1)
- age   1:        240 bytes,        240 total
: 327684K->4K(368640K), 0.0093020 secs] 1408514K->1080834K(4124672K), 0.0094195 secs] [Times: user=0.00 sys=0.00, real=0.01 secs] 
Heap after GC invocations=495564 (full 2):
 par new generation   total 368640K, used 4K [0x00000006c1c00000, 0x00000006dac00000, 0x00000006dac00000)
  eden space 327680K,   0% used [0x00000006c1c00000, 0x00000006c1c00000, 0x00000006d5c00000)
  from space 40960K,   0% used [0x00000006d5c00000, 0x00000006d5c01020, 0x00000006d8400000)
  to   space 40960K,   0% used [0x00000006d8400000, 0x00000006d8400000, 0x00000006dac00000)
 concurrent mark-sweep generation total 3756032K, used 1080830K [0x00000006dac00000, 0x00000007c0000000, 0x00000007c0000000)
 Metaspace       used 42573K, capacity 43892K, committed 44572K, reserved 1087488K
  class space    used 5454K, capacity 5756K, committed 5960K, reserved 1048576K
}
2020-07-01T08:31:23.966+0200: 400038.609: Total time for which application threads were stopped: 0.0097832 seconds, Stopping threads took: 0.0001140 seconds
{Heap before GC invocations=495564 (full 2):
 par new generation   total 368640K, used 327684K [0x00000006c1c00000, 0x00000006dac00000, 0x00000006dac00000)
  eden space 327680K, 100% used [0x00000006c1c00000, 0x00000006d5c00000, 0x00000006d5c00000)
  from space 40960K,   0% used [0x00000006d5c00000, 0x00000006d5c01020, 0x00000006d8400000)
  to   space 40960K,   0% used [0x00000006d8400000, 0x00000006d8400000, 0x00000006dac00000)
 concurrent mark-sweep generation total 3756032K, used 1080830K [0x00000006dac00000, 0x00000007c0000000, 0x00000007c0000000)
 Metaspace       used 42573K, capacity 43892K, committed 44572K, reserved 1087488K
  class space    used 5454K, capacity 5756K, committed 5960K, reserved 1048576K
2020-07-01T08:31:24.242+0200: 400038.885: [GC (Allocation Failure) 2020-07-01T08:31:24.242+0200: 400038.885: [ParNew
Desired survivor size 20971520 bytes, new threshold 1 (max 1)
- age   1:        272 bytes,        272 total
: 327684K->4K(368640K), 0.0104370 secs] 1408514K->1080834K(4124672K), 0.0105590 secs] [Times: user=0.04 sys=0.00, real=0.01 secs] 
Heap after GC invocations=495565 (full 2):
 par new generation   total 368640K, used 4K [0x00000006c1c00000, 0x00000006dac00000, 0x00000006dac00000)
  eden space 327680K,   0% used [0x00000006c1c00000, 0x00000006c1c00000, 0x00000006d5c00000)
  from space 40960K,   0% used [0x00000006d8400000, 0x00000006d8401020, 0x00000006dac00000)
  to   space 40960K,   0% used [0x00000006d5c00000, 0x00000006d5c00000, 0x00000006d8400000)
 concurrent mark-sweep generation total 3756032K, used 1080830K [0x00000006dac00000, 0x00000007c0000000, 0x00000007c0000000)
 Metaspace       used 42573K, capacity 43892K, committed 44572K, reserved 1087488K
  class space    used 5454K, capacity 5756K, committed 5960K, reserved 1048576K
}
2020-07-01T08:31:24.253+0200: 400038.896: Total time for which application threads were stopped: 0.0109210 seconds, Stopping threads took: 0.0001102 seconds
{Heap before GC invocations=495565 (full 2):
 par new generation   total 368640K, used 327684K [0x00000006c1c00000, 0x00000006dac00000, 0x00000006dac00000)
  eden space 327680K, 100% used [0x00000006c1c00000, 0x00000006d5c00000, 0x00000006d5c00000)
  from space 40960K,   0% used [0x00000006d8400000, 0x00000006d8401020, 0x00000006dac00000)
  to   space 40960K,   0% used [0x00000006d5c00000, 0x00000006d5c00000, 0x00000006d8400000)
 concurrent mark-sweep generation total 3756032K, used 1080830K [0x00000006dac00000, 0x00000007c0000000, 0x00000007c0000000)
 Metaspace       used 42573K, capacity 43892K, committed 44572K, reserved 1087488K
  class space    used 5454K, capacity 5756K, committed 5960K, reserved 1048576K
2020-07-01T08:31:24.544+0200: 400039.187: [GC (Allocation Failure) 2020-07-01T08:31:24.544+0200: 400039.187: [ParNew
Desired survivor size 20971520 bytes, new threshold 1 (max 1)
- age   1:        272 bytes,        272 total
: 327684K->4K(368640K), 0.0127465 secs] 1408514K->1080834K(4124672K), 0.0128740 secs] [Times: user=0.00 sys=0.00, real=0.01 secs] 
Heap after GC invocations=495566 (full 2):
 par new generation   total 368640K, used 4K [0x00000006c1c00000, 0x00000006dac00000, 0x00000006dac00000)
  eden space 327680K,   0% used [0x00000006c1c00000, 0x00000006c1c00000, 0x00000006d5c00000)
  from space 40960K,   0% used [0x00000006d5c00000, 0x00000006d5c01020, 0x00000006d8400000)
  to   space 40960K,   0% used [0x00000006d8400000, 0x00000006d8400000, 0x00000006dac00000)
 concurrent mark-sweep generation total 3756032K, used 1080830K [0x00000006dac00000, 0x00000007c0000000, 0x00000007c0000000)
 Metaspace       used 42573K, capacity 43892K, committed 44572K, reserved 1087488K
  class space    used 5454K, capacity 5756K, committed 5960K, reserved 1048576K
}
2020-07-01T08:31:24.557+0200: 400039.200: Total time for which application threads were stopped: 0.0132643 seconds, Stopping threads took: 0.0000994 seconds
{Heap before GC invocations=495566 (full 2):
 par new generation   total 368640K, used 327684K [0x00000006c1c00000, 0x00000006dac00000, 0x00000006dac00000)
  eden space 327680K, 100% used [0x00000006c1c00000, 0x00000006d5c00000, 0x00000006d5c00000)
  from space 40960K,   0% used [0x00000006d5c00000, 0x00000006d5c01020, 0x00000006d8400000)
  to   space 40960K,   0% used [0x00000006d8400000, 0x00000006d8400000, 0x00000006dac00000)
 concurrent mark-sweep generation total 3756032K, used 1080830K [0x00000006dac00000, 0x00000007c0000000, 0x00000007c0000000)
 Metaspace       used 42573K, capacity 43892K, committed 44572K, reserved 1087488K
  class space    used 5454K, capacity 5756K, committed 5960K, reserved 1048576K
2020-07-01T08:31:24.833+0200: 400039.476: [GC (Allocation Failure) 2020-07-01T08:31:24.834+0200: 400039.476: [ParNew
Desired survivor size 20971520 bytes, new threshold 1 (max 1)
- age   1:        240 bytes,        240 total
: 327684K->4K(368640K), 0.0071175 secs] 1408514K->1080834K(4124672K), 0.0072629 secs] [Times: user=0.03 sys=0.00, real=0.01 secs] 
Heap after GC invocations=495567 (full 2):
 par new generation   total 368640K, used 4K [0x00000006c1c00000, 0x00000006dac00000, 0x00000006dac00000)
  eden space 327680K,   0% used [0x00000006c1c00000, 0x00000006c1c00000, 0x00000006d5c00000)
  from space 40960K,   0% used [0x00000006d8400000, 0x00000006d8401020, 0x00000006dac00000)
  to   space 40960K,   0% used [0x00000006d5c00000, 0x00000006d5c00000, 0x00000006d8400000)
 concurrent mark-sweep generation total 3756032K, used 1080830K [0x00000006dac00000, 0x00000007c0000000, 0x00000007c0000000)
 Metaspace       used 42573K, capacity 43892K, committed 44572K, reserved 1087488K
  class space    used 5454K, capacity 5756K, committed 5960K, reserved 1048576K
}
2020-07-01T08:31:24.841+0200: 400039.484: Total time for which application threads were stopped: 0.0076335 seconds, Stopping threads took: 0.0001062 seconds
{Heap before GC invocations=495567 (full 2):
 par new generation   total 368640K, used 327684K [0x00000006c1c00000, 0x00000006dac00000, 0x00000006dac00000)
  eden space 327680K, 100% used [0x00000006c1c00000, 0x00000006d5c00000, 0x00000006d5c00000)
  from space 40960K,   0% used [0x00000006d8400000, 0x00000006d8401020, 0x00000006dac00000)
  to   space 40960K,   0% used [0x00000006d5c00000, 0x00000006d5c00000, 0x00000006d8400000)
 concurrent mark-sweep generation total 3756032K, used 1080830K [0x00000006dac00000, 0x00000007c0000000, 0x00000007c0000000)
 Metaspace       used 42573K, capacity 43892K, committed 44572K, reserved 1087488K
  class space    used 5454K, capacity 5756K, committed 5960K, reserved 1048576K
2020-07-01T08:31:25.113+0200: 400039.756: [GC (Allocation Failure) 2020-07-01T08:31:25.113+0200: 400039.756: [ParNew
Desired survivor size 20971520 bytes, new threshold 1 (max 1)
- age   1:        304 bytes,        304 total
: 327684K->4K(368640K), 0.0102847 secs] 1408514K->1080834K(4124672K), 0.0103930 secs] [Times: user=0.03 sys=0.00, real=0.01 secs] 
Heap after GC invocations=495568 (full 2):
 par new generation   total 368640K, used 4K [0x00000006c1c00000, 0x00000006dac00000, 0x00000006dac00000)
  eden space 327680K,   0% used [0x00000006c1c00000, 0x00000006c1c00000, 0x00000006d5c00000)
  from space 40960K,   0% used [0x00000006d5c00000, 0x00000006d5c01020, 0x00000006d8400000)
  to   space 40960K,   0% used [0x00000006d8400000, 0x00000006d8400000, 0x00000006dac00000)
 concurrent mark-sweep generation total 3756032K, used 1080830K [0x00000006dac00000, 0x00000007c0000000, 0x00000007c0000000)
 Metaspace       used 42573K, capacity 43892K, committed 44572K, reserved 1087488K
  class space    used 5454K, capacity 5756K, committed 5960K, reserved 1048576K
}
2020-07-01T08:31:25.124+0200: 400039.766: Total time for which application threads were stopped: 0.0107246 seconds, Stopping threads took: 0.0000611 seconds
{Heap before GC invocations=495568 (full 2):
 par new generation   total 368640K, used 327684K [0x00000006c1c00000, 0x00000006dac00000, 0x00000006dac00000)
  eden space 327680K, 100% used [0x00000006c1c00000, 0x00000006d5c00000, 0x00000006d5c00000)
  from space 40960K,   0% used [0x00000006d5c00000, 0x00000006d5c01020, 0x00000006d8400000)
  to   space 40960K,   0% used [0x00000006d8400000, 0x00000006d8400000, 0x00000006dac00000)
 concurrent mark-sweep generation total 3756032K, used 1080830K [0x00000006dac00000, 0x00000007c0000000, 0x00000007c0000000)
 Metaspace       used 42573K, capacity 43892K, committed 44572K, reserved 1087488K
  class space    used 5454K, capacity 5756K, committed 5960K, reserved 1048576K
2020-07-01T08:31:25.411+0200: 400040.054: [GC (Allocation Failure) 2020-07-01T08:31:25.411+0200: 400040.054: [ParNew
Desired survivor size 20971520 bytes, new threshold 1 (max 1)
- age   1:        272 bytes,        272 total
: 327684K->4K(368640K), 0.0086455 secs] 1408514K->1080834K(4124672K), 0.0088133 secs] [Times: user=0.01 sys=0.00, real=0.01 secs] 
Heap after GC invocations=495569 (full 2):
 par new generation   total 368640K, used 4K [0x00000006c1c00000, 0x00000006dac00000, 0x00000006dac00000)
  eden space 327680K,   0% used [0x00000006c1c00000, 0x00000006c1c00000, 0x00000006d5c00000)
  from space 40960K,   0% used [0x00000006d8400000, 0x00000006d8401020, 0x00000006dac00000)
  to   space 40960K,   0% used [0x00000006d5c00000, 0x00000006d5c00000, 0x00000006d8400000)
 concurrent mark-sweep generation total 3756032K, used 1080830K [0x00000006dac00000, 0x00000007c0000000, 0x00000007c0000000)
 Metaspace       used 42573K, capacity 43892K, committed 44572K, reserved 1087488K
  class space    used 5454K, capacity 5756K, committed 5960K, reserved 1048576K
}
2020-07-01T08:31:25.420+0200: 400040.063: Total time for which application threads were stopped: 0.0091899 seconds, Stopping threads took: 0.0001139 seconds
{Heap before GC invocations=495569 (full 2):
 par new generation   total 368640K, used 327684K [0x00000006c1c00000, 0x00000006dac00000, 0x00000006dac00000)
  eden space 327680K, 100% used [0x00000006c1c00000, 0x00000006d5c00000, 0x00000006d5c00000)
  from space 40960K,   0% used [0x00000006d8400000, 0x00000006d8401020, 0x00000006dac00000)
  to   space 40960K,   0% used [0x00000006d5c00000, 0x00000006d5c00000, 0x00000006d8400000)
 concurrent mark-sweep generation total 3756032K, used 1080830K [0x00000006dac00000, 0x00000007c0000000, 0x00000007c0000000)
 Metaspace       used 42573K, capacity 43892K, committed 44572K, reserved 1087488K
  class space    used 5454K, capacity 5756K, committed 5960K, reserved 1048576K
2020-07-01T08:31:25.689+0200: 400040.332: [GC (Allocation Failure) 2020-07-01T08:31:25.689+0200: 400040.332: [ParNew
Desired survivor size 20971520 bytes, new threshold 1 (max 1)
- age   1:        240 bytes,        240 total
: 327684K->4K(368640K), 0.0119965 secs] 1408514K->1080834K(4124672K), 0.0121261 secs] [Times: user=0.02 sys=0.00, real=0.01 secs] 
Heap after GC invocations=495570 (full 2):
 par new generation   total 368640K, used 4K [0x00000006c1c00000, 0x00000006dac00000, 0x00000006dac00000)
  eden space 327680K,   0% used [0x00000006c1c00000, 0x00000006c1c00000, 0x00000006d5c00000)
  from space 40960K,   0% used [0x00000006d5c00000, 0x00000006d5c01020, 0x00000006d8400000)
  to   space 40960K,   0% used [0x00000006d8400000, 0x00000006d8400000, 0x00000006dac00000)
 concurrent mark-sweep generation total 3756032K, used 1080830K [0x00000006dac00000, 0x00000007c0000000, 0x00000007c0000000)
 Metaspace       used 42573K, capacity 43892K, committed 44572K, reserved 1087488K
  class space    used 5454K, capacity 5756K, committed 5960K, reserved 1048576K
}
2020-07-01T08:31:25.701+0200: 400040.344: Total time for which application threads were stopped: 0.0124764 seconds, Stopping threads took: 0.0000989 seconds
{Heap before GC invocations=495570 (full 2):
 par new generation   total 368640K, used 327684K [0x00000006c1c00000, 0x00000006dac00000, 0x00000006dac00000)
  eden space 327680K, 100% used [0x00000006c1c00000, 0x00000006d5c00000, 0x00000006d5c00000)
  from space 40960K,   0% used [0x00000006d5c00000, 0x00000006d5c01020, 0x00000006d8400000)
  to   space 40960K,   0% used [0x00000006d8400000, 0x00000006d8400000, 0x00000006dac00000)
 concurrent mark-sweep generation total 3756032K, used 1080830K [0x00000006dac00000, 0x00000007c0000000, 0x00000007c0000000)
 Metaspace       used 42573K, capacity 43892K, committed 44572K, reserved 1087488K
  class space    used 5454K, capacity 5756K, committed 5960K, reserved 1048576K
2020-07-01T08:31:25.975+0200: 400040.618: [GC (Allocation Failure) 2020-07-01T08:31:25.975+0200: 400040.618: [ParNew
Desired survivor size 20971520 bytes, new threshold 1 (max 1)
- age   1:        240 bytes,        240 total
: 327684K->4K(368640K), 0.0117913 secs] 1408514K->1080834K(4124672K), 0.0119138 secs] [Times: user=0.03 sys=0.00, real=0.01 secs] 
Heap after GC invocations=495571 (full 2):
 par new generation   total 368640K, used 4K [0x00000006c1c00000, 0x00000006dac00000, 0x00000006dac00000)
  eden space 327680K,   0% used [0x00000006c1c00000, 0x00000006c1c00000, 0x00000006d5c00000)
  from space 40960K,   0% used [0x00000006d8400000, 0x00000006d8401020, 0x00000006dac00000)
  to   space 40960K,   0% used [0x00000006d5c00000, 0x00000006d5c00000, 0x00000006d8400000)
 concurrent mark-sweep generation total 3756032K, used 1080830K [0x00000006dac00000, 0x00000007c0000000, 0x00000007c0000000)
 Metaspace       used 42573K, capacity 43892K, committed 44572K, reserved 1087488K
  class space    used 5454K, capacity 5756K, committed 5960K, reserved 1048576K
}
2020-07-01T08:31:25.987+0200: 400040.630: Total time for which application threads were stopped: 0.0124490 seconds, Stopping threads took: 0.0002835 seconds
{Heap before GC invocations=495571 (full 2):
 par new generation   total 368640K, used 327684K [0x00000006c1c00000, 0x00000006dac00000, 0x00000006dac00000)
  eden space 327680K, 100% used [0x00000006c1c00000, 0x00000006d5c00000, 0x00000006d5c00000)
  from space 40960K,   0% used [0x00000006d8400000, 0x00000006d8401020, 0x00000006dac00000)
  to   space 40960K,   0% used [0x00000006d5c00000, 0x00000006d5c00000, 0x00000006d8400000)
 concurrent mark-sweep generation total 3756032K, used 1080830K [0x00000006dac00000, 0x00000007c0000000, 0x00000007c0000000)
 Metaspace       used 42573K, capacity 43892K, committed 44572K, reserved 1087488K
  class space    used 5454K, capacity 5756K, committed 5960K, reserved 1048576K
2020-07-01T08:31:26.268+0200: 400040.910: [GC (Allocation Failure) 2020-07-01T08:31:26.268+0200: 400040.911: [ParNew
Desired survivor size 20971520 bytes, new threshold 1 (max 1)
- age   1:        272 bytes,        272 total
: 327684K->6K(368640K), 0.0076744 secs] 1408514K->1080836K(4124672K), 0.0080248 secs] [Times: user=0.00 sys=0.00, real=0.01 secs] 
Heap after GC invocations=495572 (full 2):
 par new generation   total 368640K, used 6K [0x00000006c1c00000, 0x00000006dac00000, 0x00000006dac00000)
  eden space 327680K,   0% used [0x00000006c1c00000, 0x00000006c1c00000, 0x00000006d5c00000)
  from space 40960K,   0% used [0x00000006d5c00000, 0x00000006d5c01830, 0x00000006d8400000)
  to   space 40960K,   0% used [0x00000006d8400000, 0x00000006d8400000, 0x00000006dac00000)
 concurrent mark-sweep generation total 3756032K, used 1080830K [0x00000006dac00000, 0x00000007c0000000, 0x00000007c0000000)
 Metaspace       used 42573K, capacity 43892K, committed 44572K, reserved 1087488K
  class space    used 5454K, capacity 5756K, committed 5960K, reserved 1048576K
}
2020-07-01T08:31:26.276+0200: 400040.919: Total time for which application threads were stopped: 0.0084584 seconds, Stopping threads took: 0.0001309 seconds
{Heap before GC invocations=495572 (full 2):
 par new generation   total 368640K, used 327686K [0x00000006c1c00000, 0x00000006dac00000, 0x00000006dac00000)
  eden space 327680K, 100% used [0x00000006c1c00000, 0x00000006d5c00000, 0x00000006d5c00000)
  from space 40960K,   0% used [0x00000006d5c00000, 0x00000006d5c01830, 0x00000006d8400000)
  to   space 40960K,   0% used [0x00000006d8400000, 0x00000006d8400000, 0x00000006dac00000)
 concurrent mark-sweep generation total 3756032K, used 1080830K [0x00000006dac00000, 0x00000007c0000000, 0x00000007c0000000)
 Metaspace       used 42573K, capacity 43892K, committed 44572K, reserved 1087488K
  class space    used 5454K, capacity 5756K, committed 5960K, reserved 1048576K
2020-07-01T08:31:26.574+0200: 400041.217: [GC (Allocation Failure) 2020-07-01T08:31:26.574+0200: 400041.217: [ParNew
Desired survivor size 20971520 bytes, new threshold 1 (max 1)
- age   1:        272 bytes,        272 total
: 327686K->4K(368640K), 0.0112467 secs] 1408516K->1080834K(4124672K), 0.0113641 secs] [Times: user=0.00 sys=0.00, real=0.01 secs] 
Heap after GC invocations=495573 (full 2):
 par new generation   total 368640K, used 4K [0x00000006c1c00000, 0x00000006dac00000, 0x00000006dac00000)
  eden space 327680K,   0% used [0x00000006c1c00000, 0x00000006c1c00000, 0x00000006d5c00000)
  from space 40960K,   0% used [0x00000006d8400000, 0x00000006d8401020, 0x00000006dac00000)
  to   space 40960K,   0% used [0x00000006d5c00000, 0x00000006d5c00000, 0x00000006d8400000)
 concurrent mark-sweep generation total 3756032K, used 1080830K [0x00000006dac00000, 0x00000007c0000000, 0x00000007c0000000)
 Metaspace       used 42573K, capacity 43892K, committed 44572K, reserved 1087488K
  class space    used 5454K, capacity 5756K, committed 5960K, reserved 1048576K
}
2020-07-01T08:31:26.585+0200: 400041.228: Total time for which application threads were stopped: 0.0117731 seconds, Stopping threads took: 0.0001737 seconds
{Heap before GC invocations=495573 (full 2):
 par new generation   total 368640K, used 327684K [0x00000006c1c00000, 0x00000006dac00000, 0x00000006dac00000)
  eden space 327680K, 100% used [0x00000006c1c00000, 0x00000006d5c00000, 0x00000006d5c00000)
  from space 40960K,   0% used [0x00000006d8400000, 0x00000006d8401020, 0x00000006dac00000)
  to   space 40960K,   0% used [0x00000006d5c00000, 0x00000006d5c00000, 0x00000006d8400000)
 concurrent mark-sweep generation total 3756032K, used 1080830K [0x00000006dac00000, 0x00000007c0000000, 0x00000007c0000000)
 Metaspace       used 42573K, capacity 43892K, committed 44572K, reserved 1087488K
  class space    used 5454K, capacity 5756K, committed 5960K, reserved 1048576K
2020-07-01T08:31:26.862+0200: 400041.505: [GC (Allocation Failure) 2020-07-01T08:31:26.862+0200: 400041.505: [ParNew
Desired survivor size 20971520 bytes, new threshold 1 (max 1)
- age   1:        240 bytes,        240 total
: 327684K->2K(368640K), 0.0116148 secs] 1408514K->1080832K(4124672K), 0.0117318 secs] [Times: user=0.03 sys=0.00, real=0.01 secs] 
Heap after GC invocations=495574 (full 2):
 par new generation   total 368640K, used 2K [0x00000006c1c00000, 0x00000006dac00000, 0x00000006dac00000)
  eden space 327680K,   0% used [0x00000006c1c00000, 0x00000006c1c00000, 0x00000006d5c00000)
  from space 40960K,   0% used [0x00000006d5c00000, 0x00000006d5c00810, 0x00000006d8400000)
  to   space 40960K,   0% used [0x00000006d8400000, 0x00000006d8400000, 0x00000006dac00000)
 concurrent mark-sweep generation total 3756032K, used 1080830K [0x00000006dac00000, 0x00000007c0000000, 0x00000007c0000000)
 Metaspace       used 42573K, capacity 43892K, committed 44572K, reserved 1087488K
  class space    used 5454K, capacity 5756K, committed 5960K, reserved 1048576K
}
2020-07-01T08:31:26.874+0200: 400041.516: Total time for which application threads were stopped: 0.0120944 seconds, Stopping threads took: 0.0001127 seconds
{Heap before GC invocations=495574 (full 2):
 par new generation   total 368640K, used 327682K [0x00000006c1c00000, 0x00000006dac00000, 0x00000006dac00000)
  eden space 327680K, 100% used [0x00000006c1c00000, 0x00000006d5c00000, 0x00000006d5c00000)
  from space 40960K,   0% used [0x00000006d5c00000, 0x00000006d5c00810, 0x00000006d8400000)
  to   space 40960K,   0% used [0x00000006d8400000, 0x00000006d8400000, 0x00000006dac00000)
 concurrent mark-sweep generation total 3756032K, used 1080830K [0x00000006dac00000, 0x00000007c0000000, 0x00000007c0000000)
 Metaspace       used 42573K, capacity 43892K, committed 44572K, reserved 1087488K
  class space    used 5454K, capacity 5756K, committed 5960K, reserved 1048576K
2020-07-01T08:31:27.154+0200: 400041.797: [GC (Allocation Failure) 2020-07-01T08:31:27.154+0200: 400041.797: [ParNew
Desired survivor size 20971520 bytes, new threshold 1 (max 1)
- age   1:        304 bytes,        304 total
: 327682K->4K(368640K), 0.0100304 secs] 1408512K->1080834K(4124672K), 0.0101582 secs] [Times: user=0.00 sys=0.00, real=0.01 secs] 
Heap after GC invocations=495575 (full 2):
 par new generation   total 368640K, used 4K [0x00000006c1c00000, 0x00000006dac00000, 0x00000006dac00000)
  eden space 327680K,   0% used [0x00000006c1c00000, 0x00000006c1c00000, 0x00000006d5c00000)
  from space 40960K,   0% used [0x00000006d8400000, 0x00000006d8401020, 0x00000006dac00000)
  to   space 40960K,   0% used [0x00000006d5c00000, 0x00000006d5c00000, 0x00000006d8400000)
 concurrent mark-sweep generation total 3756032K, used 1080830K [0x00000006dac00000, 0x00000007c0000000, 0x00000007c0000000)
 Metaspace       used 42573K, capacity 43892K, committed 44572K, reserved 1087488K
  class space    used 5454K, capacity 5756K, committed 5960K, reserved 1048576K
}
2020-07-01T08:31:27.164+0200: 400041.807: Total time for which application threads were stopped: 0.0104426 seconds, Stopping threads took: 0.0000522 seconds
{Heap before GC invocations=495575 (full 2):
 par new generation   total 368640K, used 327684K [0x00000006c1c00000, 0x00000006dac00000, 0x00000006dac00000)
  eden space 327680K, 100% used [0x00000006c1c00000, 0x00000006d5c00000, 0x00000006d5c00000)
  from space 40960K,   0% used [0x00000006d8400000, 0x00000006d8401020, 0x00000006dac00000)
  to   space 40960K,   0% used [0x00000006d5c00000, 0x00000006d5c00000, 0x00000006d8400000)
 concurrent mark-sweep generation total 3756032K, used 1080830K [0x00000006dac00000, 0x00000007c0000000, 0x00000007c0000000)
 Metaspace       used 42573K, capacity 43892K, committed 44572K, reserved 1087488K
  class space    used 5454K, capacity 5756K, committed 5960K, reserved 1048576K
2020-07-01T08:31:27.455+0200: 400042.098: [GC (Allocation Failure) 2020-07-01T08:31:27.455+0200: 400042.098: [ParNew
Desired survivor size 20971520 bytes, new threshold 1 (max 1)
- age   1:        976 bytes,        976 total
: 327684K->4K(368640K), 0.0126703 secs] 1408514K->1080834K(4124672K), 0.0127907 secs] [Times: user=0.01 sys=0.02, real=0.01 secs] 
Heap after GC invocations=495576 (full 2):
 par new generation   total 368640K, used 4K [0x00000006c1c00000, 0x00000006dac00000, 0x00000006dac00000)
  eden space 327680K,   0% used [0x00000006c1c00000, 0x00000006c1c00000, 0x00000006d5c00000)
  from space 40960K,   0% used [0x00000006d5c00000, 0x00000006d5c01020, 0x00000006d8400000)
  to   space 40960K,   0% used [0x00000006d8400000, 0x00000006d8400000, 0x00000006dac00000)
 concurrent mark-sweep generation total 3756032K, used 1080830K [0x00000006dac00000, 0x00000007c0000000, 0x00000007c0000000)
 Metaspace       used 42573K, capacity 43892K, committed 44572K, reserved 1087488K
  class space    used 5454K, capacity 5756K, committed 5960K, reserved 1048576K
}
2020-07-01T08:31:27.468+0200: 400042.111: Total time for which application threads were stopped: 0.0131002 seconds, Stopping threads took: 0.0000512 seconds
{Heap before GC invocations=495576 (full 2):
 par new generation   total 368640K, used 327684K [0x00000006c1c00000, 0x00000006dac00000, 0x00000006dac00000)
  eden space 327680K, 100% used [0x00000006c1c00000, 0x00000006d5c00000, 0x00000006d5c00000)
  from space 40960K,   0% used [0x00000006d5c00000, 0x00000006d5c01020, 0x00000006d8400000)
  to   space 40960K,   0% used [0x00000006d8400000, 0x00000006d8400000, 0x00000006dac00000)
 concurrent mark-sweep generation total 3756032K, used 1080830K [0x00000006dac00000, 0x00000007c0000000, 0x00000007c0000000)
 Metaspace       used 42573K, capacity 43892K, committed 44572K, reserved 1087488K
  class space    used 5454K, capacity 5756K, committed 5960K, reserved 1048576K
2020-07-01T08:31:27.775+0200: 400042.418: [GC (Allocation Failure) 2020-07-01T08:31:27.775+0200: 400042.418: [ParNew
Desired survivor size 20971520 bytes, new threshold 1 (max 1)
- age   1:        568 bytes,        568 total
: 327684K->4K(368640K), 0.0130602 secs] 1408514K->1080834K(4124672K), 0.0131723 secs] [Times: user=0.02 sys=0.00, real=0.02 secs] 
Heap after GC invocations=495577 (full 2):
 par new generation   total 368640K, used 4K [0x00000006c1c00000, 0x00000006dac00000, 0x00000006dac00000)
  eden space 327680K,   0% used [0x00000006c1c00000, 0x00000006c1c00000, 0x00000006d5c00000)
  from space 40960K,   0% used [0x00000006d8400000, 0x00000006d8401020, 0x00000006dac00000)
  to   space 40960K,   0% used [0x00000006d5c00000, 0x00000006d5c00000, 0x00000006d8400000)
 concurrent mark-sweep generation total 3756032K, used 1080830K [0x00000006dac00000, 0x00000007c0000000, 0x00000007c0000000)
 Metaspace       used 42573K, capacity 43892K, committed 44572K, reserved 1087488K
  class space    used 5454K, capacity 5756K, committed 5960K, reserved 1048576K
}
2020-07-01T08:31:27.788+0200: 400042.431: Total time for which application threads were stopped: 0.0134544 seconds, Stopping threads took: 0.0000490 seconds
{Heap before GC invocations=495577 (full 2):
 par new generation   total 368640K, used 327684K [0x00000006c1c00000, 0x00000006dac00000, 0x00000006dac00000)
  eden space 327680K, 100% used [0x00000006c1c00000, 0x00000006d5c00000, 0x00000006d5c00000)
  from space 40960K,   0% used [0x00000006d8400000, 0x00000006d8401020, 0x00000006dac00000)
  to   space 40960K,   0% used [0x00000006d5c00000, 0x00000006d5c00000, 0x00000006d8400000)
 concurrent mark-sweep generation total 3756032K, used 1080830K [0x00000006dac00000, 0x00000007c0000000, 0x00000007c0000000)
 Metaspace       used 42573K, capacity 43892K, committed 44572K, reserved 1087488K
  class space    used 5454K, capacity 5756K, committed 5960K, reserved 1048576K
2020-07-01T08:31:28.116+0200: 400042.759: [GC (Allocation Failure) 2020-07-01T08:31:28.116+0200: 400042.759: [ParNew
Desired survivor size 20971520 bytes, new threshold 1 (max 1)
- age   1:        272 bytes,        272 total
: 327684K->4K(368640K), 0.0152117 secs] 1408514K->1080835K(4124672K), 0.0153228 secs] [Times: user=0.01 sys=0.00, real=0.02 secs] 
Heap after GC invocations=495578 (full 2):
 par new generation   total 368640K, used 4K [0x00000006c1c00000, 0x00000006dac00000, 0x00000006dac00000)
  eden space 327680K,   0% used [0x00000006c1c00000, 0x00000006c1c00000, 0x00000006d5c00000)
  from space 40960K,   0% used [0x00000006d5c00000, 0x00000006d5c01020, 0x00000006d8400000)
  to   space 40960K,   0% used [0x00000006d8400000, 0x00000006d8400000, 0x00000006dac00000)
 concurrent mark-sweep generation total 3756032K, used 1080831K [0x00000006dac00000, 0x00000007c0000000, 0x00000007c0000000)
 Metaspace       used 42573K, capacity 43892K, committed 44572K, reserved 1087488K
  class space    used 5454K, capacity 5756K, committed 5960K, reserved 1048576K
}
2020-07-01T08:31:28.131+0200: 400042.774: Total time for which application threads were stopped: 0.0156350 seconds, Stopping threads took: 0.0000555 seconds
{Heap before GC invocations=495578 (full 2):
 par new generation   total 368640K, used 327684K [0x00000006c1c00000, 0x00000006dac00000, 0x00000006dac00000)
  eden space 327680K, 100% used [0x00000006c1c00000, 0x00000006d5c00000, 0x00000006d5c00000)
  from space 40960K,   0% used [0x00000006d5c00000, 0x00000006d5c01020, 0x00000006d8400000)
  to   space 40960K,   0% used [0x00000006d8400000, 0x00000006d8400000, 0x00000006dac00000)
 concurrent mark-sweep generation total 3756032K, used 1080831K [0x00000006dac00000, 0x00000007c0000000, 0x00000007c0000000)
 Metaspace       used 42573K, capacity 43892K, committed 44572K, reserved 1087488K
  class space    used 5454K, capacity 5756K, committed 5960K, reserved 1048576K
2020-07-01T08:31:28.442+0200: 400043.084: [GC (Allocation Failure) 2020-07-01T08:31:28.442+0200: 400043.085: [ParNew
Desired survivor size 20971520 bytes, new threshold 1 (max 1)
- age   1:        272 bytes,        272 total
: 327684K->4K(368640K), 0.0100472 secs] 1408515K->1080835K(4124672K), 0.0102712 secs] [Times: user=0.05 sys=0.00, real=0.01 secs] 
Heap after GC invocations=495579 (full 2):
 par new generation   total 368640K, used 4K [0x00000006c1c00000, 0x00000006dac00000, 0x00000006dac00000)
  eden space 327680K,   0% used [0x00000006c1c00000, 0x00000006c1c00000, 0x00000006d5c00000)
  from space 40960K,   0% used [0x00000006d8400000, 0x00000006d8401020, 0x00000006dac00000)
  to   space 40960K,   0% used [0x00000006d5c00000, 0x00000006d5c00000, 0x00000006d8400000)
 concurrent mark-sweep generation total 3756032K, used 1080831K [0x00000006dac00000, 0x00000007c0000000, 0x00000007c0000000)
 Metaspace       used 42573K, capacity 43892K, committed 44572K, reserved 1087488K
  class space    used 5454K, capacity 5756K, committed 5960K, reserved 1048576K
}
2020-07-01T08:31:28.452+0200: 400043.095: Total time for which application threads were stopped: 0.0105565 seconds, Stopping threads took: 0.0000520 seconds
{Heap before GC invocations=495579 (full 2):
 par new generation   total 368640K, used 327684K [0x00000006c1c00000, 0x00000006dac00000, 0x00000006dac00000)
  eden space 327680K, 100% used [0x00000006c1c00000, 0x00000006d5c00000, 0x00000006d5c00000)
  from space 40960K,   0% used [0x00000006d8400000, 0x00000006d8401020, 0x00000006dac00000)
  to   space 40960K,   0% used [0x00000006d5c00000, 0x00000006d5c00000, 0x00000006d8400000)
 concurrent mark-sweep generation total 3756032K, used 1080831K [0x00000006dac00000, 0x00000007c0000000, 0x00000007c0000000)
 Metaspace       used 42573K, capacity 43892K, committed 44572K, reserved 1087488K
  class space    used 5454K, capacity 5756K, committed 5960K, reserved 1048576K
2020-07-01T08:31:28.773+0200: 400043.415: [GC (Allocation Failure) 2020-07-01T08:31:28.773+0200: 400043.415: [ParNew
Desired survivor size 20971520 bytes, new threshold 1 (max 1)
- age   1:        240 bytes,        240 total
: 327684K->4K(368640K), 0.0179754 secs] 1408515K->1080835K(4124672K), 0.0180648 secs] [Times: user=0.00 sys=0.00, real=0.02 secs] 
Heap after GC invocations=495580 (full 2):
 par new generation   total 368640K, used 4K [0x00000006c1c00000, 0x00000006dac00000, 0x00000006dac00000)
  eden space 327680K,   0% used [0x00000006c1c00000, 0x00000006c1c00000, 0x00000006d5c00000)
  from space 40960K,   0% used [0x00000006d5c00000, 0x00000006d5c01020, 0x00000006d8400000)
  to   space 40960K,   0% used [0x00000006d8400000, 0x00000006d8400000, 0x00000006dac00000)
 concurrent mark-sweep generation total 3756032K, used 1080831K [0x00000006dac00000, 0x00000007c0000000, 0x00000007c0000000)
 Metaspace       used 42573K, capacity 43892K, committed 44572K, reserved 1087488K
  class space    used 5454K, capacity 5756K, committed 5960K, reserved 1048576K
}
2020-07-01T08:31:28.791+0200: 400043.434: Total time for which application threads were stopped: 0.0185526 seconds, Stopping threads took: 0.0001119 seconds
{Heap before GC invocations=495580 (full 2):
 par new generation   total 368640K, used 327684K [0x00000006c1c00000, 0x00000006dac00000, 0x00000006dac00000)
  eden space 327680K, 100% used [0x00000006c1c00000, 0x00000006d5c00000, 0x00000006d5c00000)
  from space 40960K,   0% used [0x00000006d5c00000, 0x00000006d5c01020, 0x00000006d8400000)
  to   space 40960K,   0% used [0x00000006d8400000, 0x00000006d8400000, 0x00000006dac00000)
 concurrent mark-sweep generation total 3756032K, used 1080831K [0x00000006dac00000, 0x00000007c0000000, 0x00000007c0000000)
 Metaspace       used 42573K, capacity 43892K, committed 44572K, reserved 1087488K
  class space    used 5454K, capacity 5756K, committed 5960K, reserved 1048576K
2020-07-01T08:31:29.125+0200: 400043.767: [GC (Allocation Failure) 2020-07-01T08:31:29.125+0200: 400043.768: [ParNew
Desired survivor size 20971520 bytes, new threshold 1 (max 1)
- age   1:        272 bytes,        272 total
: 327684K->6K(368640K), 0.0150207 secs] 1408515K->1080837K(4124672K), 0.0151407 secs] [Times: user=0.00 sys=0.00, real=0.02 secs] 
Heap after GC invocations=495581 (full 2):
 par new generation   total 368640K, used 6K [0x00000006c1c00000, 0x00000006dac00000, 0x00000006dac00000)
  eden space 327680K,   0% used [0x00000006c1c00000, 0x00000006c1c00000, 0x00000006d5c00000)
  from space 40960K,   0% used [0x00000006d8400000, 0x00000006d8401830, 0x00000006dac00000)
  to   space 40960K,   0% used [0x00000006d5c00000, 0x00000006d5c00000, 0x00000006d8400000)
 concurrent mark-sweep generation total 3756032K, used 1080831K [0x00000006dac00000, 0x00000007c0000000, 0x00000007c0000000)
 Metaspace       used 42573K, capacity 43892K, committed 44572K, reserved 1087488K
  class space    used 5454K, capacity 5756K, committed 5960K, reserved 1048576K
}
2020-07-01T08:31:29.140+0200: 400043.783: Total time for which application threads were stopped: 0.0154918 seconds, Stopping threads took: 0.0001080 seconds
{Heap before GC invocations=495581 (full 2):
 par new generation   total 368640K, used 327686K [0x00000006c1c00000, 0x00000006dac00000, 0x00000006dac00000)
  eden space 327680K, 100% used [0x00000006c1c00000, 0x00000006d5c00000, 0x00000006d5c00000)
  from space 40960K,   0% used [0x00000006d8400000, 0x00000006d8401830, 0x00000006dac00000)
  to   space 40960K,   0% used [0x00000006d5c00000, 0x00000006d5c00000, 0x00000006d8400000)
 concurrent mark-sweep generation total 3756032K, used 1080831K [0x00000006dac00000, 0x00000007c0000000, 0x00000007c0000000)
 Metaspace       used 42573K, capacity 43892K, committed 44572K, reserved 1087488K
  class space    used 5454K, capacity 5756K, committed 5960K, reserved 1048576K
2020-07-01T08:31:29.465+0200: 400044.108: [GC (Allocation Failure) 2020-07-01T08:31:29.466+0200: 400044.108: [ParNew
Desired survivor size 20971520 bytes, new threshold 1 (max 1)
- age   1:        272 bytes,        272 total
: 327686K->8K(368640K), 0.0061311 secs] 1408517K->1080839K(4124672K), 0.0063069 secs] [Times: user=0.00 sys=0.00, real=0.01 secs] 
Heap after GC invocations=495582 (full 2):
 par new generation   total 368640K, used 8K [0x00000006c1c00000, 0x00000006dac00000, 0x00000006dac00000)
  eden space 327680K,   0% used [0x00000006c1c00000, 0x00000006c1c00000, 0x00000006d5c00000)
  from space 40960K,   0% used [0x00000006d5c00000, 0x00000006d5c02040, 0x00000006d8400000)
  to   space 40960K,   0% used [0x00000006d8400000, 0x00000006d8400000, 0x00000006dac00000)
 concurrent mark-sweep generation total 3756032K, used 1080831K [0x00000006dac00000, 0x00000007c0000000, 0x00000007c0000000)
 Metaspace       used 42573K, capacity 43892K, committed 44572K, reserved 1087488K
  class space    used 5454K, capacity 5756K, committed 5960K, reserved 1048576K
}
2020-07-01T08:31:29.472+0200: 400044.115: Total time for which application threads were stopped: 0.0066200 seconds, Stopping threads took: 0.0000540 seconds
{Heap before GC invocations=495582 (full 2):
 par new generation   total 368640K, used 327688K [0x00000006c1c00000, 0x00000006dac00000, 0x00000006dac00000)
  eden space 327680K, 100% used [0x00000006c1c00000, 0x00000006d5c00000, 0x00000006d5c00000)
  from space 40960K,   0% used [0x00000006d5c00000, 0x00000006d5c02040, 0x00000006d8400000)
  to   space 40960K,   0% used [0x00000006d8400000, 0x00000006d8400000, 0x00000006dac00000)
 concurrent mark-sweep generation total 3756032K, used 1080831K [0x00000006dac00000, 0x00000007c0000000, 0x00000007c0000000)
 Metaspace       used 42573K, capacity 43892K, committed 44572K, reserved 1087488K
  class space    used 5454K, capacity 5756K, committed 5960K, reserved 1048576K
2020-07-01T08:31:29.767+0200: 400044.409: [GC (Allocation Failure) 2020-07-01T08:31:29.767+0200: 400044.410: [ParNew
Desired survivor size 20971520 bytes, new threshold 1 (max 1)
- age   1:        240 bytes,        240 total
: 327688K->4K(368640K), 0.0080599 secs] 1408519K->1080835K(4124672K), 0.0081829 secs] [Times: user=0.00 sys=0.00, real=0.01 secs] 
Heap after GC invocations=495583 (full 2):
 par new generation   total 368640K, used 4K [0x00000006c1c00000, 0x00000006dac00000, 0x00000006dac00000)
  eden space 327680K,   0% used [0x00000006c1c00000, 0x00000006c1c00000, 0x00000006d5c00000)
  from space 40960K,   0% used [0x00000006d8400000, 0x00000006d8401020, 0x00000006dac00000)
  to   space 40960K,   0% used [0x00000006d5c00000, 0x00000006d5c00000, 0x00000006d8400000)
 concurrent mark-sweep generation total 3756032K, used 1080831K [0x00000006dac00000, 0x00000007c0000000, 0x00000007c0000000)
 Metaspace       used 42573K, capacity 43892K, committed 44572K, reserved 1087488K
  class space    used 5454K, capacity 5756K, committed 5960K, reserved 1048576K
}
2020-07-01T08:31:29.775+0200: 400044.418: Total time for which application threads were stopped: 0.0084962 seconds, Stopping threads took: 0.0000485 seconds
{Heap before GC invocations=495583 (full 2):
 par new generation   total 368640K, used 327684K [0x00000006c1c00000, 0x00000006dac00000, 0x00000006dac00000)
  eden space 327680K, 100% used [0x00000006c1c00000, 0x00000006d5c00000, 0x00000006d5c00000)
  from space 40960K,   0% used [0x00000006d8400000, 0x00000006d8401020, 0x00000006dac00000)
  to   space 40960K,   0% used [0x00000006d5c00000, 0x00000006d5c00000, 0x00000006d8400000)
 concurrent mark-sweep generation total 3756032K, used 1080831K [0x00000006dac00000, 0x00000007c0000000, 0x00000007c0000000)
 Metaspace       used 42573K, capacity 43892K, committed 44572K, reserved 1087488K
  class space    used 5454K, capacity 5756K, committed 5960K, reserved 1048576K
2020-07-01T08:31:30.119+0200: 400044.762: [GC (Allocation Failure) 2020-07-01T08:31:30.119+0200: 400044.762: [ParNew
Desired survivor size 20971520 bytes, new threshold 1 (max 1)
- age   1:        336 bytes,        336 total
: 327684K->2K(368640K), 0.0210006 secs] 1408515K->1080833K(4124672K), 0.0211296 secs] [Times: user=0.01 sys=0.00, real=0.02 secs] 
Heap after GC invocations=495584 (full 2):
 par new generation   total 368640K, used 2K [0x00000006c1c00000, 0x00000006dac00000, 0x00000006dac00000)
  eden space 327680K,   0% used [0x00000006c1c00000, 0x00000006c1c00000, 0x00000006d5c00000)
  from space 40960K,   0% used [0x00000006d5c00000, 0x00000006d5c00810, 0x00000006d8400000)
  to   space 40960K,   0% used [0x00000006d8400000, 0x00000006d8400000, 0x00000006dac00000)
 concurrent mark-sweep generation total 3756032K, used 1080831K [0x00000006dac00000, 0x00000007c0000000, 0x00000007c0000000)
 Metaspace       used 42573K, capacity 43892K, committed 44572K, reserved 1087488K
  class space    used 5454K, capacity 5756K, committed 5960K, reserved 1048576K
}
2020-07-01T08:31:30.140+0200: 400044.783: Total time for which application threads were stopped: 0.0217183 seconds, Stopping threads took: 0.0001491 seconds
{Heap before GC invocations=495584 (full 2):
 par new generation   total 368640K, used 327682K [0x00000006c1c00000, 0x00000006dac00000, 0x00000006dac00000)
  eden space 327680K, 100% used [0x00000006c1c00000, 0x00000006d5c00000, 0x00000006d5c00000)
  from space 40960K,   0% used [0x00000006d5c00000, 0x00000006d5c00810, 0x00000006d8400000)
  to   space 40960K,   0% used [0x00000006d8400000, 0x00000006d8400000, 0x00000006dac00000)
 concurrent mark-sweep generation total 3756032K, used 1080831K [0x00000006dac00000, 0x00000007c0000000, 0x00000007c0000000)
 Metaspace       used 42573K, capacity 43892K, committed 44572K, reserved 1087488K
  class space    used 5454K, capacity 5756K, committed 5960K, reserved 1048576K
2020-07-01T08:31:30.471+0200: 400045.113: [GC (Allocation Failure) 2020-07-01T08:31:30.471+0200: 400045.113: [ParNew
Desired survivor size 20971520 bytes, new threshold 1 (max 1)
- age   1:        272 bytes,        272 total
: 327682K->4K(368640K), 0.0118911 secs] 1408513K->1080835K(4124672K), 0.0120237 secs] [Times: user=0.03 sys=0.00, real=0.01 secs] 
Heap after GC invocations=495585 (full 2):
 par new generation   total 368640K, used 4K [0x00000006c1c00000, 0x00000006dac00000, 0x00000006dac00000)
  eden space 327680K,   0% used [0x00000006c1c00000, 0x00000006c1c00000, 0x00000006d5c00000)
  from space 40960K,   0% used [0x00000006d8400000, 0x00000006d8401020, 0x00000006dac00000)
  to   space 40960K,   0% used [0x00000006d5c00000, 0x00000006d5c00000, 0x00000006d8400000)
 concurrent mark-sweep generation total 3756032K, used 1080831K [0x00000006dac00000, 0x00000007c0000000, 0x00000007c0000000)
 Metaspace       used 42573K, capacity 43892K, committed 44572K, reserved 1087488K
  class space    used 5454K, capacity 5756K, committed 5960K, reserved 1048576K
}
2020-07-01T08:31:30.483+0200: 400045.126: Total time for which application threads were stopped: 0.0136886 seconds, Stopping threads took: 0.0000693 seconds
{Heap before GC invocations=495585 (full 2):
 par new generation   total 368640K, used 327684K [0x00000006c1c00000, 0x00000006dac00000, 0x00000006dac00000)
  eden space 327680K, 100% used [0x00000006c1c00000, 0x00000006d5c00000, 0x00000006d5c00000)
  from space 40960K,   0% used [0x00000006d8400000, 0x00000006d8401020, 0x00000006dac00000)
  to   space 40960K,   0% used [0x00000006d5c00000, 0x00000006d5c00000, 0x00000006d8400000)
 concurrent mark-sweep generation total 3756032K, used 1080831K [0x00000006dac00000, 0x00000007c0000000, 0x00000007c0000000)
 Metaspace       used 42573K, capacity 43892K, committed 44572K, reserved 1087488K
  class space    used 5454K, capacity 5756K, committed 5960K, reserved 1048576K
2020-07-01T08:31:30.804+0200: 400045.447: [GC (Allocation Failure) 2020-07-01T08:31:30.804+0200: 400045.447: [ParNew
Desired survivor size 20971520 bytes, new threshold 1 (max 1)
- age   1:        240 bytes,        240 total
: 327684K->6K(368640K), 0.0088400 secs] 1408515K->1080837K(4124672K), 0.0089760 secs] [Times: user=0.03 sys=0.00, real=0.01 secs] 
Heap after GC invocations=495586 (full 2):
 par new generation   total 368640K, used 6K [0x00000006c1c00000, 0x00000006dac00000, 0x00000006dac00000)
  eden space 327680K,   0% used [0x00000006c1c00000, 0x00000006c1c00000, 0x00000006d5c00000)
  from space 40960K,   0% used [0x00000006d5c00000, 0x00000006d5c01830, 0x00000006d8400000)
  to   space 40960K,   0% used [0x00000006d8400000, 0x00000006d8400000, 0x00000006dac00000)
 concurrent mark-sweep generation total 3756032K, used 1080831K [0x00000006dac00000, 0x00000007c0000000, 0x00000007c0000000)
 Metaspace       used 42573K, capacity 43892K, committed 44572K, reserved 1087488K
  class space    used 5454K, capacity 5756K, committed 5960K, reserved 1048576K
}
2020-07-01T08:31:30.814+0200: 400045.456: Total time for which application threads were stopped: 0.0093307 seconds, Stopping threads took: 0.0000493 seconds
{Heap before GC invocations=495586 (full 2):
 par new generation   total 368640K, used 327686K [0x00000006c1c00000, 0x00000006dac00000, 0x00000006dac00000)
  eden space 327680K, 100% used [0x00000006c1c00000, 0x00000006d5c00000, 0x00000006d5c00000)
  from space 40960K,   0% used [0x00000006d5c00000, 0x00000006d5c01830, 0x00000006d8400000)
  to   space 40960K,   0% used [0x00000006d8400000, 0x00000006d8400000, 0x00000006dac00000)
 concurrent mark-sweep generation total 3756032K, used 1080831K [0x00000006dac00000, 0x00000007c0000000, 0x00000007c0000000)
 Metaspace       used 42573K, capacity 43892K, committed 44572K, reserved 1087488K
  class space    used 5454K, capacity 5756K, committed 5960K, reserved 1048576K
2020-07-01T08:31:31.101+0200: 400045.744: [GC (Allocation Failure) 2020-07-01T08:31:31.101+0200: 400045.744: [ParNew
Desired survivor size 20971520 bytes, new threshold 1 (max 1)
- age   1:        272 bytes,        272 total
: 327686K->4K(368640K), 0.0119417 secs] 1408517K->1080835K(4124672K), 0.0120692 secs] [Times: user=0.03 sys=0.00, real=0.01 secs] 
Heap after GC invocations=495587 (full 2):
 par new generation   total 368640K, used 4K [0x00000006c1c00000, 0x00000006dac00000, 0x00000006dac00000)
  eden space 327680K,   0% used [0x00000006c1c00000, 0x00000006c1c00000, 0x00000006d5c00000)
  from space 40960K,   0% used [0x00000006d8400000, 0x00000006d8401020, 0x00000006dac00000)
  to   space 40960K,   0% used [0x00000006d5c00000, 0x00000006d5c00000, 0x00000006d8400000)
 concurrent mark-sweep generation total 3756032K, used 1080831K [0x00000006dac00000, 0x00000007c0000000, 0x00000007c0000000)
 Metaspace       used 42573K, capacity 43892K, committed 44572K, reserved 1087488K
  class space    used 5454K, capacity 5756K, committed 5960K, reserved 1048576K
}
2020-07-01T08:31:31.113+0200: 400045.756: Total time for which application threads were stopped: 0.0123615 seconds, Stopping threads took: 0.0000505 seconds
{Heap before GC invocations=495587 (full 2):
 par new generation   total 368640K, used 327684K [0x00000006c1c00000, 0x00000006dac00000, 0x00000006dac00000)
  eden space 327680K, 100% used [0x00000006c1c00000, 0x00000006d5c00000, 0x00000006d5c00000)
  from space 40960K,   0% used [0x00000006d8400000, 0x00000006d8401020, 0x00000006dac00000)
  to   space 40960K,   0% used [0x00000006d5c00000, 0x00000006d5c00000, 0x00000006d8400000)
 concurrent mark-sweep generation total 3756032K, used 1080831K [0x00000006dac00000, 0x00000007c0000000, 0x00000007c0000000)
 Metaspace       used 42573K, capacity 43892K, committed 44572K, reserved 1087488K
  class space    used 5454K, capacity 5756K, committed 5960K, reserved 1048576K
2020-07-01T08:31:31.409+0200: 400046.051: [GC (Allocation Failure) 2020-07-01T08:31:31.409+0200: 400046.051: [ParNew
Desired survivor size 20971520 bytes, new threshold 1 (max 1)
- age   1:        240 bytes,        240 total
: 327684K->4K(368640K), 0.0094183 secs] 1408515K->1080835K(4124672K), 0.0095281 secs] [Times: user=0.03 sys=0.00, real=0.01 secs] 
Heap after GC invocations=495588 (full 2):
 par new generation   total 368640K, used 4K [0x00000006c1c00000, 0x00000006dac00000, 0x00000006dac00000)
  eden space 327680K,   0% used [0x00000006c1c00000, 0x00000006c1c00000, 0x00000006d5c00000)
  from space 40960K,   0% used [0x00000006d5c00000, 0x00000006d5c01020, 0x00000006d8400000)
  to   space 40960K,   0% used [0x00000006d8400000, 0x00000006d8400000, 0x00000006dac00000)
 concurrent mark-sweep generation total 3756032K, used 1080831K [0x00000006dac00000, 0x00000007c0000000, 0x00000007c0000000)
 Metaspace       used 42573K, capacity 43892K, committed 44572K, reserved 1087488K
  class space    used 5454K, capacity 5756K, committed 5960K, reserved 1048576K
}
2020-07-01T08:31:31.418+0200: 400046.061: Total time for which application threads were stopped: 0.0098836 seconds, Stopping threads took: 0.0001132 seconds
{Heap before GC invocations=495588 (full 2):
 par new generation   total 368640K, used 327684K [0x00000006c1c00000, 0x00000006dac00000, 0x00000006dac00000)
  eden space 327680K, 100% used [0x00000006c1c00000, 0x00000006d5c00000, 0x00000006d5c00000)
  from space 40960K,   0% used [0x00000006d5c00000, 0x00000006d5c01020, 0x00000006d8400000)
  to   space 40960K,   0% used [0x00000006d8400000, 0x00000006d8400000, 0x00000006dac00000)
 concurrent mark-sweep generation total 3756032K, used 1080831K [0x00000006dac00000, 0x00000007c0000000, 0x00000007c0000000)
 Metaspace       used 42573K, capacity 43892K, committed 44572K, reserved 1087488K
  class space    used 5454K, capacity 5756K, committed 5960K, reserved 1048576K
2020-07-01T08:31:31.732+0200: 400046.375: [GC (Allocation Failure) 2020-07-01T08:31:31.732+0200: 400046.375: [ParNew
Desired survivor size 20971520 bytes, new threshold 1 (max 1)
- age   1:        272 bytes,        272 total
: 327684K->4K(368640K), 0.0105072 secs] 1408515K->1080835K(4124672K), 0.0106820 secs] [Times: user=0.00 sys=0.00, real=0.01 secs] 
Heap after GC invocations=495589 (full 2):
 par new generation   total 368640K, used 4K [0x00000006c1c00000, 0x00000006dac00000, 0x00000006dac00000)
  eden space 327680K,   0% used [0x00000006c1c00000, 0x00000006c1c00000, 0x00000006d5c00000)
  from space 40960K,   0% used [0x00000006d8400000, 0x00000006d8401020, 0x00000006dac00000)
  to   space 40960K,   0% used [0x00000006d5c00000, 0x00000006d5c00000, 0x00000006d8400000)
 concurrent mark-sweep generation total 3756032K, used 1080831K [0x00000006dac00000, 0x00000007c0000000, 0x00000007c0000000)
 Metaspace       used 42573K, capacity 43892K, committed 44572K, reserved 1087488K
  class space    used 5454K, capacity 5756K, committed 5960K, reserved 1048576K
}
2020-07-01T08:31:31.743+0200: 400046.386: Total time for which application threads were stopped: 0.0110772 seconds, Stopping threads took: 0.0001076 seconds
{Heap before GC invocations=495589 (full 2):
 par new generation   total 368640K, used 327684K [0x00000006c1c00000, 0x00000006dac00000, 0x00000006dac00000)
  eden space 327680K, 100% used [0x00000006c1c00000, 0x00000006d5c00000, 0x00000006d5c00000)
  from space 40960K,   0% used [0x00000006d8400000, 0x00000006d8401020, 0x00000006dac00000)
  to   space 40960K,   0% used [0x00000006d5c00000, 0x00000006d5c00000, 0x00000006d8400000)
 concurrent mark-sweep generation total 3756032K, used 1080831K [0x00000006dac00000, 0x00000007c0000000, 0x00000007c0000000)
 Metaspace       used 42573K, capacity 43892K, committed 44572K, reserved 1087488K
  class space    used 5454K, capacity 5756K, committed 5960K, reserved 1048576K
2020-07-01T08:31:32.037+0200: 400046.680: [GC (Allocation Failure) 2020-07-01T08:31:32.037+0200: 400046.680: [ParNew
Desired survivor size 20971520 bytes, new threshold 1 (max 1)
- age   1:        240 bytes,        240 total
: 327684K->2K(368640K), 0.0182306 secs] 1408515K->1080833K(4124672K), 0.0183572 secs] [Times: user=0.02 sys=0.00, real=0.02 secs] 
Heap after GC invocations=495590 (full 2):
 par new generation   total 368640K, used 2K [0x00000006c1c00000, 0x00000006dac00000, 0x00000006dac00000)
  eden space 327680K,   0% used [0x00000006c1c00000, 0x00000006c1c00000, 0x00000006d5c00000)
  from space 40960K,   0% used [0x00000006d5c00000, 0x00000006d5c00810, 0x00000006d8400000)
  to   space 40960K,   0% used [0x00000006d8400000, 0x00000006d8400000, 0x00000006dac00000)
 concurrent mark-sweep generation total 3756032K, used 1080831K [0x00000006dac00000, 0x00000007c0000000, 0x00000007c0000000)
 Metaspace       used 42573K, capacity 43892K, committed 44572K, reserved 1087488K
  class space    used 5454K, capacity 5756K, committed 5960K, reserved 1048576K
}
2020-07-01T08:31:32.055+0200: 400046.698: Total time for which application threads were stopped: 0.0186811 seconds, Stopping threads took: 0.0000599 seconds
{Heap before GC invocations=495590 (full 2):
 par new generation   total 368640K, used 327682K [0x00000006c1c00000, 0x00000006dac00000, 0x00000006dac00000)
  eden space 327680K, 100% used [0x00000006c1c00000, 0x00000006d5c00000, 0x00000006d5c00000)
  from space 40960K,   0% used [0x00000006d5c00000, 0x00000006d5c00810, 0x00000006d8400000)
  to   space 40960K,   0% used [0x00000006d8400000, 0x00000006d8400000, 0x00000006dac00000)
 concurrent mark-sweep generation total 3756032K, used 1080831K [0x00000006dac00000, 0x00000007c0000000, 0x00000007c0000000)
 Metaspace       used 42573K, capacity 43892K, committed 44572K, reserved 1087488K
  class space    used 5454K, capacity 5756K, committed 5960K, reserved 1048576K
2020-07-01T08:31:32.338+0200: 400046.981: [GC (Allocation Failure) 2020-07-01T08:31:32.338+0200: 400046.981: [ParNew
Desired survivor size 20971520 bytes, new threshold 1 (max 1)
- age   1:        304 bytes,        304 total
: 327682K->6K(368640K), 0.0071180 secs] 1408513K->1080837K(4124672K), 0.0072529 secs] [Times: user=0.03 sys=0.00, real=0.00 secs] 
Heap after GC invocations=495591 (full 2):
 par new generation   total 368640K, used 6K [0x00000006c1c00000, 0x00000006dac00000, 0x00000006dac00000)
  eden space 327680K,   0% used [0x00000006c1c00000, 0x00000006c1c00000, 0x00000006d5c00000)
  from space 40960K,   0% used [0x00000006d8400000, 0x00000006d8401830, 0x00000006dac00000)
  to   space 40960K,   0% used [0x00000006d5c00000, 0x00000006d5c00000, 0x00000006d8400000)
 concurrent mark-sweep generation total 3756032K, used 1080831K [0x00000006dac00000, 0x00000007c0000000, 0x00000007c0000000)
 Metaspace       used 42573K, capacity 43892K, committed 44572K, reserved 1087488K
  class space    used 5454K, capacity 5756K, committed 5960K, reserved 1048576K
}
2020-07-01T08:31:32.345+0200: 400046.988: Total time for which application threads were stopped: 0.0083272 seconds, Stopping threads took: 0.0001171 seconds
{Heap before GC invocations=495591 (full 2):
 par new generation   total 368640K, used 327686K [0x00000006c1c00000, 0x00000006dac00000, 0x00000006dac00000)
  eden space 327680K, 100% used [0x00000006c1c00000, 0x00000006d5c00000, 0x00000006d5c00000)
  from space 40960K,   0% used [0x00000006d8400000, 0x00000006d8401830, 0x00000006dac00000)
  to   space 40960K,   0% used [0x00000006d5c00000, 0x00000006d5c00000, 0x00000006d8400000)
 concurrent mark-sweep generation total 3756032K, used 1080831K [0x00000006dac00000, 0x00000007c0000000, 0x00000007c0000000)
 Metaspace       used 42573K, capacity 43892K, committed 44572K, reserved 1087488K
  class space    used 5454K, capacity 5756K, committed 5960K, reserved 1048576K
2020-07-01T08:31:32.639+0200: 400047.282: [GC (Allocation Failure) 2020-07-01T08:31:32.639+0200: 400047.282: [ParNew
Desired survivor size 20971520 bytes, new threshold 1 (max 1)
- age   1:        272 bytes,        272 total
: 327686K->2K(368640K), 0.0265534 secs] 1408517K->1080833K(4124672K), 0.0266841 secs] [Times: user=0.01 sys=0.00, real=0.02 secs] 
Heap after GC invocations=495592 (full 2):
 par new generation   total 368640K, used 2K [0x00000006c1c00000, 0x00000006dac00000, 0x00000006dac00000)
  eden space 327680K,   0% used [0x00000006c1c00000, 0x00000006c1c00000, 0x00000006d5c00000)
  from space 40960K,   0% used [0x00000006d5c00000, 0x00000006d5c00810, 0x00000006d8400000)
  to   space 40960K,   0% used [0x00000006d8400000, 0x00000006d8400000, 0x00000006dac00000)
 concurrent mark-sweep generation total 3756032K, used 1080831K [0x00000006dac00000, 0x00000007c0000000, 0x00000007c0000000)
 Metaspace       used 42573K, capacity 43892K, committed 44572K, reserved 1087488K
  class space    used 5454K, capacity 5756K, committed 5960K, reserved 1048576K
}
2020-07-01T08:31:32.666+0200: 400047.309: Total time for which application threads were stopped: 0.0269816 seconds, Stopping threads took: 0.0000525 seconds
{Heap before GC invocations=495592 (full 2):
 par new generation   total 368640K, used 327682K [0x00000006c1c00000, 0x00000006dac00000, 0x00000006dac00000)
  eden space 327680K, 100% used [0x00000006c1c00000, 0x00000006d5c00000, 0x00000006d5c00000)
  from space 40960K,   0% used [0x00000006d5c00000, 0x00000006d5c00810, 0x00000006d8400000)
  to   space 40960K,   0% used [0x00000006d8400000, 0x00000006d8400000, 0x00000006dac00000)
 concurrent mark-sweep generation total 3756032K, used 1080831K [0x00000006dac00000, 0x00000007c0000000, 0x00000007c0000000)
 Metaspace       used 42573K, capacity 43892K, committed 44572K, reserved 1087488K
  class space    used 5454K, capacity 5756K, committed 5960K, reserved 1048576K
2020-07-01T08:31:32.943+0200: 400047.586: [GC (Allocation Failure) 2020-07-01T08:31:32.943+0200: 400047.586: [ParNew
Desired survivor size 20971520 bytes, new threshold 1 (max 1)
- age   1:        240 bytes,        240 total
: 327682K->4K(368640K), 0.0093906 secs] 1408513K->1080835K(4124672K), 0.0095206 secs] [Times: user=0.03 sys=0.00, real=0.01 secs] 
Heap after GC invocations=495593 (full 2):
 par new generation   total 368640K, used 4K [0x00000006c1c00000, 0x00000006dac00000, 0x00000006dac00000)
  eden space 327680K,   0% used [0x00000006c1c00000, 0x00000006c1c00000, 0x00000006d5c00000)
  from space 40960K,   0% used [0x00000006d8400000, 0x00000006d8401020, 0x00000006dac00000)
  to   space 40960K,   0% used [0x00000006d5c00000, 0x00000006d5c00000, 0x00000006d8400000)
 concurrent mark-sweep generation total 3756032K, used 1080831K [0x00000006dac00000, 0x00000007c0000000, 0x00000007c0000000)
 Metaspace       used 42573K, capacity 43892K, committed 44572K, reserved 1087488K
  class space    used 5454K, capacity 5756K, committed 5960K, reserved 1048576K
}
2020-07-01T08:31:32.953+0200: 400047.596: Total time for which application threads were stopped: 0.0098738 seconds, Stopping threads took: 0.0001005 seconds
{Heap before GC invocations=495593 (full 2):
 par new generation   total 368640K, used 327684K [0x00000006c1c00000, 0x00000006dac00000, 0x00000006dac00000)
  eden space 327680K, 100% used [0x00000006c1c00000, 0x00000006d5c00000, 0x00000006d5c00000)
  from space 40960K,   0% used [0x00000006d8400000, 0x00000006d8401020, 0x00000006dac00000)
  to   space 40960K,   0% used [0x00000006d5c00000, 0x00000006d5c00000, 0x00000006d8400000)
 concurrent mark-sweep generation total 3756032K, used 1080831K [0x00000006dac00000, 0x00000007c0000000, 0x00000007c0000000)
 Metaspace       used 42573K, capacity 43892K, committed 44572K, reserved 1087488K
  class space    used 5454K, capacity 5756K, committed 5960K, reserved 1048576K
2020-07-01T08:31:33.236+0200: 400047.879: [GC (Allocation Failure) 2020-07-01T08:31:33.236+0200: 400047.879: [ParNew
Desired survivor size 20971520 bytes, new threshold 1 (max 1)
- age   1:        272 bytes,        272 total
: 327684K->4K(368640K), 0.0207156 secs] 1408515K->1080835K(4124672K), 0.0208254 secs] [Times: user=0.01 sys=0.00, real=0.02 secs] 
Heap after GC invocations=495594 (full 2):
 par new generation   total 368640K, used 4K [0x00000006c1c00000, 0x00000006dac00000, 0x00000006dac00000)
  eden space 327680K,   0% used [0x00000006c1c00000, 0x00000006c1c00000, 0x00000006d5c00000)
  from space 40960K,   0% used [0x00000006d5c00000, 0x00000006d5c01020, 0x00000006d8400000)
  to   space 40960K,   0% used [0x00000006d8400000, 0x00000006d8400000, 0x00000006dac00000)
 concurrent mark-sweep generation total 3756032K, used 1080831K [0x00000006dac00000, 0x00000007c0000000, 0x00000007c0000000)
 Metaspace       used 42573K, capacity 43892K, committed 44572K, reserved 1087488K
  class space    used 5454K, capacity 5756K, committed 5960K, reserved 1048576K
}
2020-07-01T08:31:33.257+0200: 400047.900: Total time for which application threads were stopped: 0.0211011 seconds, Stopping threads took: 0.0000476 seconds
{Heap before GC invocations=495594 (full 2):
 par new generation   total 368640K, used 327684K [0x00000006c1c00000, 0x00000006dac00000, 0x00000006dac00000)
  eden space 327680K, 100% used [0x00000006c1c00000, 0x00000006d5c00000, 0x00000006d5c00000)
  from space 40960K,   0% used [0x00000006d5c00000, 0x00000006d5c01020, 0x00000006d8400000)
  to   space 40960K,   0% used [0x00000006d8400000, 0x00000006d8400000, 0x00000006dac00000)
 concurrent mark-sweep generation total 3756032K, used 1080831K [0x00000006dac00000, 0x00000007c0000000, 0x00000007c0000000)
 Metaspace       used 42573K, capacity 43892K, committed 44572K, reserved 1087488K
  class space    used 5454K, capacity 5756K, committed 5960K, reserved 1048576K
2020-07-01T08:31:33.550+0200: 400048.193: [GC (Allocation Failure) 2020-07-01T08:31:33.550+0200: 400048.193: [ParNew
Desired survivor size 20971520 bytes, new threshold 1 (max 1)
- age   1:        272 bytes,        272 total
: 327684K->4K(368640K), 0.0102879 secs] 1408515K->1080835K(4124672K), 0.0104062 secs] [Times: user=0.03 sys=0.00, real=0.01 secs] 
Heap after GC invocations=495595 (full 2):
 par new generation   total 368640K, used 4K [0x00000006c1c00000, 0x00000006dac00000, 0x00000006dac00000)
  eden space 327680K,   0% used [0x00000006c1c00000, 0x00000006c1c00000, 0x00000006d5c00000)
  from space 40960K,   0% used [0x00000006d8400000, 0x00000006d8401020, 0x00000006dac00000)
  to   space 40960K,   0% used [0x00000006d5c00000, 0x00000006d5c00000, 0x00000006d8400000)
 concurrent mark-sweep generation total 3756032K, used 1080831K [0x00000006dac00000, 0x00000007c0000000, 0x00000007c0000000)
 Metaspace       used 42573K, capacity 43892K, committed 44572K, reserved 1087488K
  class space    used 5454K, capacity 5756K, committed 5960K, reserved 1048576K
}
2020-07-01T08:31:33.561+0200: 400048.204: Total time for which application threads were stopped: 0.0107097 seconds, Stopping threads took: 0.0000564 seconds
{Heap before GC invocations=495595 (full 2):
 par new generation   total 368640K, used 327684K [0x00000006c1c00000, 0x00000006dac00000, 0x00000006dac00000)
  eden space 327680K, 100% used [0x00000006c1c00000, 0x00000006d5c00000, 0x00000006d5c00000)
  from space 40960K,   0% used [0x00000006d8400000, 0x00000006d8401020, 0x00000006dac00000)
  to   space 40960K,   0% used [0x00000006d5c00000, 0x00000006d5c00000, 0x00000006d8400000)
 concurrent mark-sweep generation total 3756032K, used 1080831K [0x00000006dac00000, 0x00000007c0000000, 0x00000007c0000000)
 Metaspace       used 42573K, capacity 43892K, committed 44572K, reserved 1087488K
  class space    used 5454K, capacity 5756K, committed 5960K, reserved 1048576K
2020-07-01T08:31:33.830+0200: 400048.473: [GC (Allocation Failure) 2020-07-01T08:31:33.830+0200: 400048.473: [ParNew
Desired survivor size 20971520 bytes, new threshold 1 (max 1)
- age   1:        240 bytes,        240 total
: 327684K->6K(368640K), 0.0071316 secs] 1408515K->1080837K(4124672K), 0.0072501 secs] [Times: user=0.00 sys=0.00, real=0.00 secs] 
Heap after GC invocations=495596 (full 2):
 par new generation   total 368640K, used 6K [0x00000006c1c00000, 0x00000006dac00000, 0x00000006dac00000)
  eden space 327680K,   0% used [0x00000006c1c00000, 0x00000006c1c00000, 0x00000006d5c00000)
  from space 40960K,   0% used [0x00000006d5c00000, 0x00000006d5c01830, 0x00000006d8400000)
  to   space 40960K,   0% used [0x00000006d8400000, 0x00000006d8400000, 0x00000006dac00000)
 concurrent mark-sweep generation total 3756032K, used 1080831K [0x00000006dac00000, 0x00000007c0000000, 0x00000007c0000000)
 Metaspace       used 42573K, capacity 43892K, committed 44572K, reserved 1087488K
  class space    used 5454K, capacity 5756K, committed 5960K, reserved 1048576K
}
2020-07-01T08:31:33.837+0200: 400048.480: Total time for which application threads were stopped: 0.0076116 seconds, Stopping threads took: 0.0001047 seconds
{Heap before GC invocations=495596 (full 2):
 par new generation   total 368640K, used 327686K [0x00000006c1c00000, 0x00000006dac00000, 0x00000006dac00000)
  eden space 327680K, 100% used [0x00000006c1c00000, 0x00000006d5c00000, 0x00000006d5c00000)
  from space 40960K,   0% used [0x00000006d5c00000, 0x00000006d5c01830, 0x00000006d8400000)
  to   space 40960K,   0% used [0x00000006d8400000, 0x00000006d8400000, 0x00000006dac00000)
 concurrent mark-sweep generation total 3756032K, used 1080831K [0x00000006dac00000, 0x00000007c0000000, 0x00000007c0000000)
 Metaspace       used 42573K, capacity 43892K, committed 44572K, reserved 1087488K
  class space    used 5454K, capacity 5756K, committed 5960K, reserved 1048576K
2020-07-01T08:31:34.157+0200: 400048.800: [GC (Allocation Failure) 2020-07-01T08:31:34.157+0200: 400048.800: [ParNew
Desired survivor size 20971520 bytes, new threshold 1 (max 1)
- age   1:        272 bytes,        272 total
: 327686K->6K(368640K), 0.0061784 secs] 1408517K->1080837K(4124672K), 0.0062959 secs] [Times: user=0.00 sys=0.00, real=0.01 secs] 
Heap after GC invocations=495597 (full 2):
 par new generation   total 368640K, used 6K [0x00000006c1c00000, 0x00000006dac00000, 0x00000006dac00000)
  eden space 327680K,   0% used [0x00000006c1c00000, 0x00000006c1c00000, 0x00000006d5c00000)
  from space 40960K,   0% used [0x00000006d8400000, 0x00000006d8401830, 0x00000006dac00000)
  to   space 40960K,   0% used [0x00000006d5c00000, 0x00000006d5c00000, 0x00000006d8400000)
 concurrent mark-sweep generation total 3756032K, used 1080831K [0x00000006dac00000, 0x00000007c0000000, 0x00000007c0000000)
 Metaspace       used 42573K, capacity 43892K, committed 44572K, reserved 1087488K
  class space    used 5454K, capacity 5756K, committed 5960K, reserved 1048576K
}
2020-07-01T08:31:34.163+0200: 400048.806: Total time for which application threads were stopped: 0.0065820 seconds, Stopping threads took: 0.0000527 seconds
{Heap before GC invocations=495597 (full 2):
 par new generation   total 368640K, used 327686K [0x00000006c1c00000, 0x00000006dac00000, 0x00000006dac00000)
  eden space 327680K, 100% used [0x00000006c1c00000, 0x00000006d5c00000, 0x00000006d5c00000)
  from space 40960K,   0% used [0x00000006d8400000, 0x00000006d8401830, 0x00000006dac00000)
  to   space 40960K,   0% used [0x00000006d5c00000, 0x00000006d5c00000, 0x00000006d8400000)
 concurrent mark-sweep generation total 3756032K, used 1080831K [0x00000006dac00000, 0x00000007c0000000, 0x00000007c0000000)
 Metaspace       used 42573K, capacity 43892K, committed 44572K, reserved 1087488K
  class space    used 5454K, capacity 5756K, committed 5960K, reserved 1048576K
2020-07-01T08:31:34.448+0200: 400049.091: [GC (Allocation Failure) 2020-07-01T08:31:34.448+0200: 400049.091: [ParNew
Desired survivor size 20971520 bytes, new threshold 1 (max 1)
- age   1:        240 bytes,        240 total
: 327686K->4K(368640K), 0.0082004 secs] 1408517K->1080835K(4124672K), 0.0083289 secs] [Times: user=0.00 sys=0.00, real=0.00 secs] 
Heap after GC invocations=495598 (full 2):
 par new generation   total 368640K, used 4K [0x00000006c1c00000, 0x00000006dac00000, 0x00000006dac00000)
  eden space 327680K,   0% used [0x00000006c1c00000, 0x00000006c1c00000, 0x00000006d5c00000)
  from space 40960K,   0% used [0x00000006d5c00000, 0x00000006d5c01020, 0x00000006d8400000)
  to   space 40960K,   0% used [0x00000006d8400000, 0x00000006d8400000, 0x00000006dac00000)
 concurrent mark-sweep generation total 3756032K, used 1080831K [0x00000006dac00000, 0x00000007c0000000, 0x00000007c0000000)
 Metaspace       used 42573K, capacity 43892K, committed 44572K, reserved 1087488K
  class space    used 5454K, capacity 5756K, committed 5960K, reserved 1048576K
}
2020-07-01T08:31:34.457+0200: 400049.099: Total time for which application threads were stopped: 0.0093633 seconds, Stopping threads took: 0.0007904 seconds
{Heap before GC invocations=495598 (full 2):
 par new generation   total 368640K, used 327684K [0x00000006c1c00000, 0x00000006dac00000, 0x00000006dac00000)
  eden space 327680K, 100% used [0x00000006c1c00000, 0x00000006d5c00000, 0x00000006d5c00000)
  from space 40960K,   0% used [0x00000006d5c00000, 0x00000006d5c01020, 0x00000006d8400000)
  to   space 40960K,   0% used [0x00000006d8400000, 0x00000006d8400000, 0x00000006dac00000)
 concurrent mark-sweep generation total 3756032K, used 1080831K [0x00000006dac00000, 0x00000007c0000000, 0x00000007c0000000)
 Metaspace       used 42573K, capacity 43892K, committed 44572K, reserved 1087488K
  class space    used 5454K, capacity 5756K, committed 5960K, reserved 1048576K
2020-07-01T08:31:34.738+0200: 400049.381: [GC (Allocation Failure) 2020-07-01T08:31:34.738+0200: 400049.381: [ParNew
Desired survivor size 20971520 bytes, new threshold 1 (max 1)
- age   1:        272 bytes,        272 total
: 327684K->6K(368640K), 0.0079183 secs] 1408515K->1080837K(4124672K), 0.0080536 secs] [Times: user=0.04 sys=0.00, real=0.00 secs] 
Heap after GC invocations=495599 (full 2):
 par new generation   total 368640K, used 6K [0x00000006c1c00000, 0x00000006dac00000, 0x00000006dac00000)
  eden space 327680K,   0% used [0x00000006c1c00000, 0x00000006c1c00000, 0x00000006d5c00000)
  from space 40960K,   0% used [0x00000006d8400000, 0x00000006d8401830, 0x00000006dac00000)
  to   space 40960K,   0% used [0x00000006d5c00000, 0x00000006d5c00000, 0x00000006d8400000)
 concurrent mark-sweep generation total 3756032K, used 1080831K [0x00000006dac00000, 0x00000007c0000000, 0x00000007c0000000)
 Metaspace       used 42573K, capacity 43892K, committed 44572K, reserved 1087488K
  class space    used 5454K, capacity 5756K, committed 5960K, reserved 1048576K
}
2020-07-01T08:31:34.746+0200: 400049.389: Total time for which application threads were stopped: 0.0083493 seconds, Stopping threads took: 0.0000533 seconds
{Heap before GC invocations=495599 (full 2):
 par new generation   total 368640K, used 327686K [0x00000006c1c00000, 0x00000006dac00000, 0x00000006dac00000)
  eden space 327680K, 100% used [0x00000006c1c00000, 0x00000006d5c00000, 0x00000006d5c00000)
  from space 40960K,   0% used [0x00000006d8400000, 0x00000006d8401830, 0x00000006dac00000)
  to   space 40960K,   0% used [0x00000006d5c00000, 0x00000006d5c00000, 0x00000006d8400000)
 concurrent mark-sweep generation total 3756032K, used 1080831K [0x00000006dac00000, 0x00000007c0000000, 0x00000007c0000000)
 Metaspace       used 42573K, capacity 43892K, committed 44572K, reserved 1087488K
  class space    used 5454K, capacity 5756K, committed 5960K, reserved 1048576K
2020-07-01T08:31:35.059+0200: 400049.702: [GC (Allocation Failure) 2020-07-01T08:31:35.059+0200: 400049.702: [ParNew
Desired survivor size 20971520 bytes, new threshold 1 (max 1)
- age   1:        304 bytes,        304 total
: 327686K->4K(368640K), 0.0096202 secs] 1408517K->1080835K(4124672K), 0.0098597 secs] [Times: user=0.00 sys=0.00, real=0.01 secs] 
Heap after GC invocations=495600 (full 2):
 par new generation   total 368640K, used 4K [0x00000006c1c00000, 0x00000006dac00000, 0x00000006dac00000)
  eden space 327680K,   0% used [0x00000006c1c00000, 0x00000006c1c00000, 0x00000006d5c00000)
  from space 40960K,   0% used [0x00000006d5c00000, 0x00000006d5c01020, 0x00000006d8400000)
  to   space 40960K,   0% used [0x00000006d8400000, 0x00000006d8400000, 0x00000006dac00000)
 concurrent mark-sweep generation total 3756032K, used 1080831K [0x00000006dac00000, 0x00000007c0000000, 0x00000007c0000000)
 Metaspace       used 42573K, capacity 43892K, committed 44572K, reserved 1087488K
  class space    used 5454K, capacity 5756K, committed 5960K, reserved 1048576K
}
2020-07-01T08:31:35.069+0200: 400049.712: Total time for which application threads were stopped: 0.0102610 seconds, Stopping threads took: 0.0001199 seconds
{Heap before GC invocations=495600 (full 2):
 par new generation   total 368640K, used 327684K [0x00000006c1c00000, 0x00000006dac00000, 0x00000006dac00000)
  eden space 327680K, 100% used [0x00000006c1c00000, 0x00000006d5c00000, 0x00000006d5c00000)
  from space 40960K,   0% used [0x00000006d5c00000, 0x00000006d5c01020, 0x00000006d8400000)
  to   space 40960K,   0% used [0x00000006d8400000, 0x00000006d8400000, 0x00000006dac00000)
 concurrent mark-sweep generation total 3756032K, used 1080831K [0x00000006dac00000, 0x00000007c0000000, 0x00000007c0000000)
 Metaspace       used 42573K, capacity 43892K, committed 44572K, reserved 1087488K
  class space    used 5454K, capacity 5756K, committed 5960K, reserved 1048576K
2020-07-01T08:31:35.346+0200: 400049.989: [GC (Allocation Failure) 2020-07-01T08:31:35.346+0200: 400049.989: [ParNew
Desired survivor size 20971520 bytes, new threshold 1 (max 1)
- age   1:        304 bytes,        304 total
: 327684K->4K(368640K), 0.0091505 secs] 1408515K->1080835K(4124672K), 0.0092841 secs] [Times: user=0.03 sys=0.00, real=0.01 secs] 
Heap after GC invocations=495601 (full 2):
 par new generation   total 368640K, used 4K [0x00000006c1c00000, 0x00000006dac00000, 0x00000006dac00000)
  eden space 327680K,   0% used [0x00000006c1c00000, 0x00000006c1c00000, 0x00000006d5c00000)
  from space 40960K,   0% used [0x00000006d8400000, 0x00000006d8401020, 0x00000006dac00000)
  to   space 40960K,   0% used [0x00000006d5c00000, 0x00000006d5c00000, 0x00000006d8400000)
 concurrent mark-sweep generation total 3756032K, used 1080831K [0x00000006dac00000, 0x00000007c0000000, 0x00000007c0000000)
 Metaspace       used 42573K, capacity 43892K, committed 44572K, reserved 1087488K
  class space    used 5454K, capacity 5756K, committed 5960K, reserved 1048576K
}
2020-07-01T08:31:35.355+0200: 400049.998: Total time for which application threads were stopped: 0.0096548 seconds, Stopping threads took: 0.0001264 seconds
{Heap before GC invocations=495601 (full 2):
 par new generation   total 368640K, used 327684K [0x00000006c1c00000, 0x00000006dac00000, 0x00000006dac00000)
  eden space 327680K, 100% used [0x00000006c1c00000, 0x00000006d5c00000, 0x00000006d5c00000)
  from space 40960K,   0% used [0x00000006d8400000, 0x00000006d8401020, 0x00000006dac00000)
  to   space 40960K,   0% used [0x00000006d5c00000, 0x00000006d5c00000, 0x00000006d8400000)
 concurrent mark-sweep generation total 3756032K, used 1080831K [0x00000006dac00000, 0x00000007c0000000, 0x00000007c0000000)
 Metaspace       used 42573K, capacity 43892K, committed 44572K, reserved 1087488K
  class space    used 5454K, capacity 5756K, committed 5960K, reserved 1048576K
2020-07-01T08:31:35.651+0200: 400050.294: [GC (Allocation Failure) 2020-07-01T08:31:35.651+0200: 400050.294: [ParNew
Desired survivor size 20971520 bytes, new threshold 1 (max 1)
- age   1:        272 bytes,        272 total
: 327684K->4K(368640K), 0.0105975 secs] 1408515K->1080835K(4124672K), 0.0107063 secs] [Times: user=0.00 sys=0.00, real=0.01 secs] 
Heap after GC invocations=495602 (full 2):
 par new generation   total 368640K, used 4K [0x00000006c1c00000, 0x00000006dac00000, 0x00000006dac00000)
  eden space 327680K,   0% used [0x00000006c1c00000, 0x00000006c1c00000, 0x00000006d5c00000)
  from space 40960K,   0% used [0x00000006d5c00000, 0x00000006d5c01020, 0x00000006d8400000)
  to   space 40960K,   0% used [0x00000006d8400000, 0x00000006d8400000, 0x00000006dac00000)
 concurrent mark-sweep generation total 3756032K, used 1080831K [0x00000006dac00000, 0x00000007c0000000, 0x00000007c0000000)
 Metaspace       used 42573K, capacity 43892K, committed 44572K, reserved 1087488K
  class space    used 5454K, capacity 5756K, committed 5960K, reserved 1048576K
}
2020-07-01T08:31:35.662+0200: 400050.304: Total time for which application threads were stopped: 0.0110084 seconds, Stopping threads took: 0.0000635 seconds
{Heap before GC invocations=495602 (full 2):
 par new generation   total 368640K, used 327684K [0x00000006c1c00000, 0x00000006dac00000, 0x00000006dac00000)
  eden space 327680K, 100% used [0x00000006c1c00000, 0x00000006d5c00000, 0x00000006d5c00000)
  from space 40960K,   0% used [0x00000006d5c00000, 0x00000006d5c01020, 0x00000006d8400000)
  to   space 40960K,   0% used [0x00000006d8400000, 0x00000006d8400000, 0x00000006dac00000)
 concurrent mark-sweep generation total 3756032K, used 1080831K [0x00000006dac00000, 0x00000007c0000000, 0x00000007c0000000)
 Metaspace       used 42573K, capacity 43892K, committed 44572K, reserved 1087488K
  class space    used 5454K, capacity 5756K, committed 5960K, reserved 1048576K
2020-07-01T08:31:35.951+0200: 400050.593: [GC (Allocation Failure) 2020-07-01T08:31:35.951+0200: 400050.593: [ParNew
Desired survivor size 20971520 bytes, new threshold 1 (max 1)
- age   1:        240 bytes,        240 total
: 327684K->6K(368640K), 0.0087388 secs] 1408515K->1080837K(4124672K), 0.0088572 secs] [Times: user=0.00 sys=0.00, real=0.01 secs] 
Heap after GC invocations=495603 (full 2):
 par new generation   total 368640K, used 6K [0x00000006c1c00000, 0x00000006dac00000, 0x00000006dac00000)
  eden space 327680K,   0% used [0x00000006c1c00000, 0x00000006c1c00000, 0x00000006d5c00000)
  from space 40960K,   0% used [0x00000006d8400000, 0x00000006d8401830, 0x00000006dac00000)
  to   space 40960K,   0% used [0x00000006d5c00000, 0x00000006d5c00000, 0x00000006d8400000)
 concurrent mark-sweep generation total 3756032K, used 1080831K [0x00000006dac00000, 0x00000007c0000000, 0x00000007c0000000)
 Metaspace       used 42573K, capacity 43892K, committed 44572K, reserved 1087488K
  class space    used 5454K, capacity 5756K, committed 5960K, reserved 1048576K
}
2020-07-01T08:31:35.960+0200: 400050.602: Total time for which application threads were stopped: 0.0092119 seconds, Stopping threads took: 0.0001092 seconds
{Heap before GC invocations=495603 (full 2):
 par new generation   total 368640K, used 327686K [0x00000006c1c00000, 0x00000006dac00000, 0x00000006dac00000)
  eden space 327680K, 100% used [0x00000006c1c00000, 0x00000006d5c00000, 0x00000006d5c00000)
  from space 40960K,   0% used [0x00000006d8400000, 0x00000006d8401830, 0x00000006dac00000)
  to   space 40960K,   0% used [0x00000006d5c00000, 0x00000006d5c00000, 0x00000006d8400000)
 concurrent mark-sweep generation total 3756032K, used 1080831K [0x00000006dac00000, 0x00000007c0000000, 0x00000007c0000000)
 Metaspace       used 42573K, capacity 43892K, committed 44572K, reserved 1087488K
  class space    used 5454K, capacity 5756K, committed 5960K, reserved 1048576K
2020-07-01T08:31:36.237+0200: 400050.879: [GC (Allocation Failure) 2020-07-01T08:31:36.237+0200: 400050.879: [ParNew
Desired survivor size 20971520 bytes, new threshold 1 (max 1)
- age   1:        272 bytes,        272 total
: 327686K->4K(368640K), 0.0117795 secs] 1408517K->1080835K(4124672K), 0.0119107 secs] [Times: user=0.03 sys=0.00, real=0.02 secs] 
Heap after GC invocations=495604 (full 2):
 par new generation   total 368640K, used 4K [0x00000006c1c00000, 0x00000006dac00000, 0x00000006dac00000)
  eden space 327680K,   0% used [0x00000006c1c00000, 0x00000006c1c00000, 0x00000006d5c00000)
  from space 40960K,   0% used [0x00000006d5c00000, 0x00000006d5c01020, 0x00000006d8400000)
  to   space 40960K,   0% used [0x00000006d8400000, 0x00000006d8400000, 0x00000006dac00000)
 concurrent mark-sweep generation total 3756032K, used 1080831K [0x00000006dac00000, 0x00000007c0000000, 0x00000007c0000000)
 Metaspace       used 42573K, capacity 43892K, committed 44572K, reserved 1087488K
  class space    used 5454K, capacity 5756K, committed 5960K, reserved 1048576K
}
2020-07-01T08:31:36.249+0200: 400050.891: Total time for which application threads were stopped: 0.0125610 seconds, Stopping threads took: 0.0004068 seconds
{Heap before GC invocations=495604 (full 2):
 par new generation   total 368640K, used 327684K [0x00000006c1c00000, 0x00000006dac00000, 0x00000006dac00000)
  eden space 327680K, 100% used [0x00000006c1c00000, 0x00000006d5c00000, 0x00000006d5c00000)
  from space 40960K,   0% used [0x00000006d5c00000, 0x00000006d5c01020, 0x00000006d8400000)
  to   space 40960K,   0% used [0x00000006d8400000, 0x00000006d8400000, 0x00000006dac00000)
 concurrent mark-sweep generation total 3756032K, used 1080831K [0x00000006dac00000, 0x00000007c0000000, 0x00000007c0000000)
 Metaspace       used 42573K, capacity 43892K, committed 44572K, reserved 1087488K
  class space    used 5454K, capacity 5756K, committed 5960K, reserved 1048576K
2020-07-01T08:31:36.534+0200: 400051.176: [GC (Allocation Failure) 2020-07-01T08:31:36.534+0200: 400051.176: [ParNew
Desired survivor size 20971520 bytes, new threshold 1 (max 1)
- age   1:        272 bytes,        272 total
: 327684K->4K(368640K), 0.0177314 secs] 1408515K->1080835K(4124672K), 0.0178436 secs] [Times: user=0.03 sys=0.00, real=0.02 secs] 
Heap after GC invocations=495605 (full 2):
 par new generation   total 368640K, used 4K [0x00000006c1c00000, 0x00000006dac00000, 0x00000006dac00000)
  eden space 327680K,   0% used [0x00000006c1c00000, 0x00000006c1c00000, 0x00000006d5c00000)
  from space 40960K,   0% used [0x00000006d8400000, 0x00000006d8401020, 0x00000006dac00000)
  to   space 40960K,   0% used [0x00000006d5c00000, 0x00000006d5c00000, 0x00000006d8400000)
 concurrent mark-sweep generation total 3756032K, used 1080831K [0x00000006dac00000, 0x00000007c0000000, 0x00000007c0000000)
 Metaspace       used 42573K, capacity 43892K, committed 44572K, reserved 1087488K
  class space    used 5454K, capacity 5756K, committed 5960K, reserved 1048576K
}
2020-07-01T08:31:36.552+0200: 400051.194: Total time for which application threads were stopped: 0.0181273 seconds, Stopping threads took: 0.0000432 seconds
{Heap before GC invocations=495605 (full 2):
 par new generation   total 368640K, used 327684K [0x00000006c1c00000, 0x00000006dac00000, 0x00000006dac00000)
  eden space 327680K, 100% used [0x00000006c1c00000, 0x00000006d5c00000, 0x00000006d5c00000)
  from space 40960K,   0% used [0x00000006d8400000, 0x00000006d8401020, 0x00000006dac00000)
  to   space 40960K,   0% used [0x00000006d5c00000, 0x00000006d5c00000, 0x00000006d8400000)
 concurrent mark-sweep generation total 3756032K, used 1080831K [0x00000006dac00000, 0x00000007c0000000, 0x00000007c0000000)
 Metaspace       used 42573K, capacity 43892K, committed 44572K, reserved 1087488K
  class space    used 5454K, capacity 5756K, committed 5960K, reserved 1048576K
2020-07-01T08:31:36.833+0200: 400051.476: [GC (Allocation Failure) 2020-07-01T08:31:36.833+0200: 400051.476: [ParNew
Desired survivor size 20971520 bytes, new threshold 1 (max 1)
- age   1:        240 bytes,        240 total
: 327684K->4K(368640K), 0.0123807 secs] 1408515K->1080835K(4124672K), 0.0125921 secs] [Times: user=0.05 sys=0.00, real=0.01 secs] 
Heap after GC invocations=495606 (full 2):
 par new generation   total 368640K, used 4K [0x00000006c1c00000, 0x00000006dac00000, 0x00000006dac00000)
  eden space 327680K,   0% used [0x00000006c1c00000, 0x00000006c1c00000, 0x00000006d5c00000)
  from space 40960K,   0% used [0x00000006d5c00000, 0x00000006d5c01020, 0x00000006d8400000)
  to   space 40960K,   0% used [0x00000006d8400000, 0x00000006d8400000, 0x00000006dac00000)
 concurrent mark-sweep generation total 3756032K, used 1080831K [0x00000006dac00000, 0x00000007c0000000, 0x00000007c0000000)
 Metaspace       used 42573K, capacity 43892K, committed 44572K, reserved 1087488K
  class space    used 5454K, capacity 5756K, committed 5960K, reserved 1048576K
}
2020-07-01T08:31:36.846+0200: 400051.488: Total time for which application threads were stopped: 0.0129065 seconds, Stopping threads took: 0.0000509 seconds
{Heap before GC invocations=495606 (full 2):
 par new generation   total 368640K, used 327684K [0x00000006c1c00000, 0x00000006dac00000, 0x00000006dac00000)
  eden space 327680K, 100% used [0x00000006c1c00000, 0x00000006d5c00000, 0x00000006d5c00000)
  from space 40960K,   0% used [0x00000006d5c00000, 0x00000006d5c01020, 0x00000006d8400000)
  to   space 40960K,   0% used [0x00000006d8400000, 0x00000006d8400000, 0x00000006dac00000)
 concurrent mark-sweep generation total 3756032K, used 1080831K [0x00000006dac00000, 0x00000007c0000000, 0x00000007c0000000)
 Metaspace       used 42573K, capacity 43892K, committed 44572K, reserved 1087488K
  class space    used 5454K, capacity 5756K, committed 5960K, reserved 1048576K
2020-07-01T08:31:37.116+0200: 400051.759: [GC (Allocation Failure) 2020-07-01T08:31:37.116+0200: 400051.759: [ParNew
Desired survivor size 20971520 bytes, new threshold 1 (max 1)
- age   1:        272 bytes,        272 total
: 327684K->4K(368640K), 0.0103717 secs] 1408515K->1080835K(4124672K), 0.0104614 secs] [Times: user=0.04 sys=0.00, real=0.01 secs] 
Heap after GC invocations=495607 (full 2):
 par new generation   total 368640K, used 4K [0x00000006c1c00000, 0x00000006dac00000, 0x00000006dac00000)
  eden space 327680K,   0% used [0x00000006c1c00000, 0x00000006c1c00000, 0x00000006d5c00000)
  from space 40960K,   0% used [0x00000006d8400000, 0x00000006d8401020, 0x00000006dac00000)
  to   space 40960K,   0% used [0x00000006d5c00000, 0x00000006d5c00000, 0x00000006d8400000)
 concurrent mark-sweep generation total 3756032K, used 1080831K [0x00000006dac00000, 0x00000007c0000000, 0x00000007c0000000)
 Metaspace       used 42573K, capacity 43892K, committed 44572K, reserved 1087488K
  class space    used 5454K, capacity 5756K, committed 5960K, reserved 1048576K
}
2020-07-01T08:31:37.127+0200: 400051.770: Total time for which application threads were stopped: 0.0109178 seconds, Stopping threads took: 0.0001010 seconds
{Heap before GC invocations=495607 (full 2):
 par new generation   total 368640K, used 327684K [0x00000006c1c00000, 0x00000006dac00000, 0x00000006dac00000)
  eden space 327680K, 100% used [0x00000006c1c00000, 0x00000006d5c00000, 0x00000006d5c00000)
  from space 40960K,   0% used [0x00000006d8400000, 0x00000006d8401020, 0x00000006dac00000)
  to   space 40960K,   0% used [0x00000006d5c00000, 0x00000006d5c00000, 0x00000006d8400000)
 concurrent mark-sweep generation total 3756032K, used 1080831K [0x00000006dac00000, 0x00000007c0000000, 0x00000007c0000000)
 Metaspace       used 42573K, capacity 43892K, committed 44572K, reserved 1087488K
  class space    used 5454K, capacity 5756K, committed 5960K, reserved 1048576K
2020-07-01T08:31:37.399+0200: 400052.041: [GC (Allocation Failure) 2020-07-01T08:31:37.399+0200: 400052.042: [ParNew
Desired survivor size 20971520 bytes, new threshold 1 (max 1)
- age   1:        272 bytes,        272 total
: 327684K->4K(368640K), 0.0089827 secs] 1408515K->1080835K(4124672K), 0.0091101 secs] [Times: user=0.02 sys=0.00, real=0.01 secs] 
Heap after GC invocations=495608 (full 2):
 par new generation   total 368640K, used 4K [0x00000006c1c00000, 0x00000006dac00000, 0x00000006dac00000)
  eden space 327680K,   0% used [0x00000006c1c00000, 0x00000006c1c00000, 0x00000006d5c00000)
  from space 40960K,   0% used [0x00000006d5c00000, 0x00000006d5c01020, 0x00000006d8400000)
  to   space 40960K,   0% used [0x00000006d8400000, 0x00000006d8400000, 0x00000006dac00000)
 concurrent mark-sweep generation total 3756032K, used 1080831K [0x00000006dac00000, 0x00000007c0000000, 0x00000007c0000000)
 Metaspace       used 42573K, capacity 43892K, committed 44572K, reserved 1087488K
  class space    used 5454K, capacity 5756K, committed 5960K, reserved 1048576K
}
2020-07-01T08:31:37.408+0200: 400052.051: Total time for which application threads were stopped: 0.0094048 seconds, Stopping threads took: 0.0000528 seconds
{Heap before GC invocations=495608 (full 2):
 par new generation   total 368640K, used 327684K [0x00000006c1c00000, 0x00000006dac00000, 0x00000006dac00000)
  eden space 327680K, 100% used [0x00000006c1c00000, 0x00000006d5c00000, 0x00000006d5c00000)
  from space 40960K,   0% used [0x00000006d5c00000, 0x00000006d5c01020, 0x00000006d8400000)
  to   space 40960K,   0% used [0x00000006d8400000, 0x00000006d8400000, 0x00000006dac00000)
 concurrent mark-sweep generation total 3756032K, used 1080831K [0x00000006dac00000, 0x00000007c0000000, 0x00000007c0000000)
 Metaspace       used 42573K, capacity 43892K, committed 44572K, reserved 1087488K
  class space    used 5454K, capacity 5756K, committed 5960K, reserved 1048576K
2020-07-01T08:31:37.719+0200: 400052.362: [GC (Allocation Failure) 2020-07-01T08:31:37.719+0200: 400052.362: [ParNew
Desired survivor size 20971520 bytes, new threshold 1 (max 1)
- age   1:        936 bytes,        936 total
: 327684K->4K(368640K), 0.0151433 secs] 1408515K->1080835K(4124672K), 0.0152496 secs] [Times: user=0.03 sys=0.00, real=0.01 secs] 
Heap after GC invocations=495609 (full 2):
 par new generation   total 368640K, used 4K [0x00000006c1c00000, 0x00000006dac00000, 0x00000006dac00000)
  eden space 327680K,   0% used [0x00000006c1c00000, 0x00000006c1c00000, 0x00000006d5c00000)
  from space 40960K,   0% used [0x00000006d8400000, 0x00000006d8401020, 0x00000006dac00000)
  to   space 40960K,   0% used [0x00000006d5c00000, 0x00000006d5c00000, 0x00000006d8400000)
 concurrent mark-sweep generation total 3756032K, used 1080831K [0x00000006dac00000, 0x00000007c0000000, 0x00000007c0000000)
 Metaspace       used 42573K, capacity 43892K, committed 44572K, reserved 1087488K
  class space    used 5454K, capacity 5756K, committed 5960K, reserved 1048576K
}
2020-07-01T08:31:37.735+0200: 400052.377: Total time for which application threads were stopped: 0.0155343 seconds, Stopping threads took: 0.0000492 seconds
{Heap before GC invocations=495609 (full 2):
 par new generation   total 368640K, used 327684K [0x00000006c1c00000, 0x00000006dac00000, 0x00000006dac00000)
  eden space 327680K, 100% used [0x00000006c1c00000, 0x00000006d5c00000, 0x00000006d5c00000)
  from space 40960K,   0% used [0x00000006d8400000, 0x00000006d8401020, 0x00000006dac00000)
  to   space 40960K,   0% used [0x00000006d5c00000, 0x00000006d5c00000, 0x00000006d8400000)
 concurrent mark-sweep generation total 3756032K, used 1080831K [0x00000006dac00000, 0x00000007c0000000, 0x00000007c0000000)
 Metaspace       used 42573K, capacity 43892K, committed 44572K, reserved 1087488K
  class space    used 5454K, capacity 5756K, committed 5960K, reserved 1048576K
2020-07-01T08:31:38.056+0200: 400052.698: [GC (Allocation Failure) 2020-07-01T08:31:38.056+0200: 400052.699: [ParNew
Desired survivor size 20971520 bytes, new threshold 1 (max 1)
- age   1:        272 bytes,        272 total
: 327684K->4K(368640K), 0.0168829 secs] 1408515K->1080836K(4124672K), 0.0170064 secs] [Times: user=0.03 sys=0.00, real=0.02 secs] 
Heap after GC invocations=495610 (full 2):
 par new generation   total 368640K, used 4K [0x00000006c1c00000, 0x00000006dac00000, 0x00000006dac00000)
  eden space 327680K,   0% used [0x00000006c1c00000, 0x00000006c1c00000, 0x00000006d5c00000)
  from space 40960K,   0% used [0x00000006d5c00000, 0x00000006d5c01020, 0x00000006d8400000)
  to   space 40960K,   0% used [0x00000006d8400000, 0x00000006d8400000, 0x00000006dac00000)
 concurrent mark-sweep generation total 3756032K, used 1080832K [0x00000006dac00000, 0x00000007c0000000, 0x00000007c0000000)
 Metaspace       used 42573K, capacity 43892K, committed 44572K, reserved 1087488K
  class space    used 5454K, capacity 5756K, committed 5960K, reserved 1048576K
}
2020-07-01T08:31:38.073+0200: 400052.716: Total time for which application threads were stopped: 0.0177829 seconds, Stopping threads took: 0.0005142 seconds
{Heap before GC invocations=495610 (full 2):
 par new generation   total 368640K, used 327684K [0x00000006c1c00000, 0x00000006dac00000, 0x00000006dac00000)
  eden space 327680K, 100% used [0x00000006c1c00000, 0x00000006d5c00000, 0x00000006d5c00000)
  from space 40960K,   0% used [0x00000006d5c00000, 0x00000006d5c01020, 0x00000006d8400000)
  to   space 40960K,   0% used [0x00000006d8400000, 0x00000006d8400000, 0x00000006dac00000)
 concurrent mark-sweep generation total 3756032K, used 1080832K [0x00000006dac00000, 0x00000007c0000000, 0x00000007c0000000)
 Metaspace       used 42573K, capacity 43892K, committed 44572K, reserved 1087488K
  class space    used 5454K, capacity 5756K, committed 5960K, reserved 1048576K
2020-07-01T08:31:38.407+0200: 400053.050: [GC (Allocation Failure) 2020-07-01T08:31:38.407+0200: 400053.050: [ParNew
Desired survivor size 20971520 bytes, new threshold 1 (max 1)
- age   1:        272 bytes,        272 total
: 327684K->4K(368640K), 0.0090384 secs] 1408516K->1080836K(4124672K), 0.0091473 secs] [Times: user=0.00 sys=0.00, real=0.01 secs] 
Heap after GC invocations=495611 (full 2):
 par new generation   total 368640K, used 4K [0x00000006c1c00000, 0x00000006dac00000, 0x00000006dac00000)
  eden space 327680K,   0% used [0x00000006c1c00000, 0x00000006c1c00000, 0x00000006d5c00000)
  from space 40960K,   0% used [0x00000006d8400000, 0x00000006d8401020, 0x00000006dac00000)
  to   space 40960K,   0% used [0x00000006d5c00000, 0x00000006d5c00000, 0x00000006d8400000)
 concurrent mark-sweep generation total 3756032K, used 1080832K [0x00000006dac00000, 0x00000007c0000000, 0x00000007c0000000)
 Metaspace       used 42573K, capacity 43892K, committed 44572K, reserved 1087488K
  class space    used 5454K, capacity 5756K, committed 5960K, reserved 1048576K
}
2020-07-01T08:31:38.416+0200: 400053.059: Total time for which application threads were stopped: 0.0094348 seconds, Stopping threads took: 0.0000524 seconds
{Heap before GC invocations=495611 (full 2):
 par new generation   total 368640K, used 327684K [0x00000006c1c00000, 0x00000006dac00000, 0x00000006dac00000)
  eden space 327680K, 100% used [0x00000006c1c00000, 0x00000006d5c00000, 0x00000006d5c00000)
  from space 40960K,   0% used [0x00000006d8400000, 0x00000006d8401020, 0x00000006dac00000)
  to   space 40960K,   0% used [0x00000006d5c00000, 0x00000006d5c00000, 0x00000006d8400000)
 concurrent mark-sweep generation total 3756032K, used 1080832K [0x00000006dac00000, 0x00000007c0000000, 0x00000007c0000000)
 Metaspace       used 42573K, capacity 43892K, committed 44572K, reserved 1087488K
  class space    used 5454K, capacity 5756K, committed 5960K, reserved 1048576K
2020-07-01T08:31:38.738+0200: 400053.381: [GC (Allocation Failure) 2020-07-01T08:31:38.738+0200: 400053.381: [ParNew
Desired survivor size 20971520 bytes, new threshold 1 (max 1)
- age   1:        272 bytes,        272 total
: 327684K->4K(368640K), 0.0173505 secs] 1408516K->1080836K(4124672K), 0.0174926 secs] [Times: user=0.02 sys=0.00, real=0.02 secs] 
Heap after GC invocations=495612 (full 2):
 par new generation   total 368640K, used 4K [0x00000006c1c00000, 0x00000006dac00000, 0x00000006dac00000)
  eden space 327680K,   0% used [0x00000006c1c00000, 0x00000006c1c00000, 0x00000006d5c00000)
  from space 40960K,   0% used [0x00000006d5c00000, 0x00000006d5c01020, 0x00000006d8400000)
  to   space 40960K,   0% used [0x00000006d8400000, 0x00000006d8400000, 0x00000006dac00000)
 concurrent mark-sweep generation total 3756032K, used 1080832K [0x00000006dac00000, 0x00000007c0000000, 0x00000007c0000000)
 Metaspace       used 42573K, capacity 43892K, committed 44572K, reserved 1087488K
  class space    used 5454K, capacity 5756K, committed 5960K, reserved 1048576K
}
2020-07-01T08:31:38.755+0200: 400053.398: Total time for which application threads were stopped: 0.0178063 seconds, Stopping threads took: 0.0000470 seconds
{Heap before GC invocations=495612 (full 2):
 par new generation   total 368640K, used 327684K [0x00000006c1c00000, 0x00000006dac00000, 0x00000006dac00000)
  eden space 327680K, 100% used [0x00000006c1c00000, 0x00000006d5c00000, 0x00000006d5c00000)
  from space 40960K,   0% used [0x00000006d5c00000, 0x00000006d5c01020, 0x00000006d8400000)
  to   space 40960K,   0% used [0x00000006d8400000, 0x00000006d8400000, 0x00000006dac00000)
 concurrent mark-sweep generation total 3756032K, used 1080832K [0x00000006dac00000, 0x00000007c0000000, 0x00000007c0000000)
 Metaspace       used 42573K, capacity 43892K, committed 44572K, reserved 1087488K
  class space    used 5454K, capacity 5756K, committed 5960K, reserved 1048576K
2020-07-01T08:31:39.054+0200: 400053.697: [GC (Allocation Failure) 2020-07-01T08:31:39.054+0200: 400053.697: [ParNew
Desired survivor size 20971520 bytes, new threshold 1 (max 1)
- age   1:        240 bytes,        240 total
: 327684K->4K(368640K), 0.0150409 secs] 1408516K->1080836K(4124672K), 0.0151633 secs] [Times: user=0.04 sys=0.00, real=0.02 secs] 
Heap after GC invocations=495613 (full 2):
 par new generation   total 368640K, used 4K [0x00000006c1c00000, 0x00000006dac00000, 0x00000006dac00000)
  eden space 327680K,   0% used [0x00000006c1c00000, 0x00000006c1c00000, 0x00000006d5c00000)
  from space 40960K,   0% used [0x00000006d8400000, 0x00000006d8401020, 0x00000006dac00000)
  to   space 40960K,   0% used [0x00000006d5c00000, 0x00000006d5c00000, 0x00000006d8400000)
 concurrent mark-sweep generation total 3756032K, used 1080832K [0x00000006dac00000, 0x00000007c0000000, 0x00000007c0000000)
 Metaspace       used 42573K, capacity 43892K, committed 44572K, reserved 1087488K
  class space    used 5454K, capacity 5756K, committed 5960K, reserved 1048576K
}
2020-07-01T08:31:39.069+0200: 400053.712: Total time for which application threads were stopped: 0.0156935 seconds, Stopping threads took: 0.0002696 seconds
{Heap before GC invocations=495613 (full 2):
 par new generation   total 368640K, used 327684K [0x00000006c1c00000, 0x00000006dac00000, 0x00000006dac00000)
  eden space 327680K, 100% used [0x00000006c1c00000, 0x00000006d5c00000, 0x00000006d5c00000)
  from space 40960K,   0% used [0x00000006d8400000, 0x00000006d8401020, 0x00000006dac00000)
  to   space 40960K,   0% used [0x00000006d5c00000, 0x00000006d5c00000, 0x00000006d8400000)
 concurrent mark-sweep generation total 3756032K, used 1080832K [0x00000006dac00000, 0x00000007c0000000, 0x00000007c0000000)
 Metaspace       used 42573K, capacity 43892K, committed 44572K, reserved 1087488K
  class space    used 5454K, capacity 5756K, committed 5960K, reserved 1048576K
2020-07-01T08:31:39.373+0200: 400054.016: [GC (Allocation Failure) 2020-07-01T08:31:39.373+0200: 400054.016: [ParNew
Desired survivor size 20971520 bytes, new threshold 1 (max 1)
- age   1:        272 bytes,        272 total
: 327684K->4K(368640K), 0.0131173 secs] 1408516K->1080836K(4124672K), 0.0132320 secs] [Times: user=0.00 sys=0.00, real=0.01 secs] 
Heap after GC invocations=495614 (full 2):
 par new generation   total 368640K, used 4K [0x00000006c1c00000, 0x00000006dac00000, 0x00000006dac00000)
  eden space 327680K,   0% used [0x00000006c1c00000, 0x00000006c1c00000, 0x00000006d5c00000)
  from space 40960K,   0% used [0x00000006d5c00000, 0x00000006d5c01020, 0x00000006d8400000)
  to   space 40960K,   0% used [0x00000006d8400000, 0x00000006d8400000, 0x00000006dac00000)
 concurrent mark-sweep generation total 3756032K, used 1080832K [0x00000006dac00000, 0x00000007c0000000, 0x00000007c0000000)
 Metaspace       used 42573K, capacity 43892K, committed 44572K, reserved 1087488K
  class space    used 5454K, capacity 5756K, committed 5960K, reserved 1048576K
}
2020-07-01T08:31:39.387+0200: 400054.029: Total time for which application threads were stopped: 0.0135223 seconds, Stopping threads took: 0.0000500 seconds
{Heap before GC invocations=495614 (full 2):
 par new generation   total 368640K, used 327684K [0x00000006c1c00000, 0x00000006dac00000, 0x00000006dac00000)
  eden space 327680K, 100% used [0x00000006c1c00000, 0x00000006d5c00000, 0x00000006d5c00000)
  from space 40960K,   0% used [0x00000006d5c00000, 0x00000006d5c01020, 0x00000006d8400000)
  to   space 40960K,   0% used [0x00000006d8400000, 0x00000006d8400000, 0x00000006dac00000)
 concurrent mark-sweep generation total 3756032K, used 1080832K [0x00000006dac00000, 0x00000007c0000000, 0x00000007c0000000)
 Metaspace       used 42573K, capacity 43892K, committed 44572K, reserved 1087488K
  class space    used 5454K, capacity 5756K, committed 5960K, reserved 1048576K
2020-07-01T08:31:39.693+0200: 400054.336: [GC (Allocation Failure) 2020-07-01T08:31:39.693+0200: 400054.336: [ParNew
Desired survivor size 20971520 bytes, new threshold 1 (max 1)
- age   1:        304 bytes,        304 total
: 327684K->6K(368640K), 0.0127851 secs] 1408516K->1080838K(4124672K), 0.0129011 secs] [Times: user=0.06 sys=0.00, real=0.01 secs] 
Heap after GC invocations=495615 (full 2):
 par new generation   total 368640K, used 6K [0x00000006c1c00000, 0x00000006dac00000, 0x00000006dac00000)
  eden space 327680K,   0% used [0x00000006c1c00000, 0x00000006c1c00000, 0x00000006d5c00000)
  from space 40960K,   0% used [0x00000006d8400000, 0x00000006d8401830, 0x00000006dac00000)
  to   space 40960K,   0% used [0x00000006d5c00000, 0x00000006d5c00000, 0x00000006d8400000)
 concurrent mark-sweep generation total 3756032K, used 1080832K [0x00000006dac00000, 0x00000007c0000000, 0x00000007c0000000)
 Metaspace       used 42573K, capacity 43892K, committed 44572K, reserved 1087488K
  class space    used 5454K, capacity 5756K, committed 5960K, reserved 1048576K
}
2020-07-01T08:31:39.706+0200: 400054.349: Total time for which application threads were stopped: 0.0132546 seconds, Stopping threads took: 0.0001205 seconds
{Heap before GC invocations=495615 (full 2):
 par new generation   total 368640K, used 327686K [0x00000006c1c00000, 0x00000006dac00000, 0x00000006dac00000)
  eden space 327680K, 100% used [0x00000006c1c00000, 0x00000006d5c00000, 0x00000006d5c00000)
  from space 40960K,   0% used [0x00000006d8400000, 0x00000006d8401830, 0x00000006dac00000)
  to   space 40960K,   0% used [0x00000006d5c00000, 0x00000006d5c00000, 0x00000006d8400000)
 concurrent mark-sweep generation total 3756032K, used 1080832K [0x00000006dac00000, 0x00000007c0000000, 0x00000007c0000000)
 Metaspace       used 42573K, capacity 43892K, committed 44572K, reserved 1087488K
  class space    used 5454K, capacity 5756K, committed 5960K, reserved 1048576K
2020-07-01T08:31:39.982+0200: 400054.625: [GC (Allocation Failure) 2020-07-01T08:31:39.982+0200: 400054.625: [ParNew
Desired survivor size 20971520 bytes, new threshold 1 (max 1)
- age   1:        240 bytes,        240 total
: 327686K->2K(368640K), 0.0113462 secs] 1408518K->1080834K(4124672K), 0.0114532 secs] [Times: user=0.00 sys=0.00, real=0.01 secs] 
Heap after GC invocations=495616 (full 2):
 par new generation   total 368640K, used 2K [0x00000006c1c00000, 0x00000006dac00000, 0x00000006dac00000)
  eden space 327680K,   0% used [0x00000006c1c00000, 0x00000006c1c00000, 0x00000006d5c00000)
  from space 40960K,   0% used [0x00000006d5c00000, 0x00000006d5c00810, 0x00000006d8400000)
  to   space 40960K,   0% used [0x00000006d8400000, 0x00000006d8400000, 0x00000006dac00000)
 concurrent mark-sweep generation total 3756032K, used 1080832K [0x00000006dac00000, 0x00000007c0000000, 0x00000007c0000000)
 Metaspace       used 42573K, capacity 43892K, committed 44572K, reserved 1087488K
  class space    used 5454K, capacity 5756K, committed 5960K, reserved 1048576K
}
2020-07-01T08:31:39.993+0200: 400054.636: Total time for which application threads were stopped: 0.0117256 seconds, Stopping threads took: 0.0000495 seconds
{Heap before GC invocations=495616 (full 2):
 par new generation   total 368640K, used 327682K [0x00000006c1c00000, 0x00000006dac00000, 0x00000006dac00000)
  eden space 327680K, 100% used [0x00000006c1c00000, 0x00000006d5c00000, 0x00000006d5c00000)
  from space 40960K,   0% used [0x00000006d5c00000, 0x00000006d5c00810, 0x00000006d8400000)
  to   space 40960K,   0% used [0x00000006d8400000, 0x00000006d8400000, 0x00000006dac00000)
 concurrent mark-sweep generation total 3756032K, used 1080832K [0x00000006dac00000, 0x00000007c0000000, 0x00000007c0000000)
 Metaspace       used 42573K, capacity 43892K, committed 44572K, reserved 1087488K
  class space    used 5454K, capacity 5756K, committed 5960K, reserved 1048576K
2020-07-01T08:31:40.298+0200: 400054.941: [GC (Allocation Failure) 2020-07-01T08:31:40.298+0200: 400054.941: [ParNew
Desired survivor size 20971520 bytes, new threshold 1 (max 1)
- age   1:        304 bytes,        304 total
: 327682K->4K(368640K), 0.0091704 secs] 1408514K->1080836K(4124672K), 0.0092992 secs] [Times: user=0.00 sys=0.00, real=0.00 secs] 
Heap after GC invocations=495617 (full 2):
 par new generation   total 368640K, used 4K [0x00000006c1c00000, 0x00000006dac00000, 0x00000006dac00000)
  eden space 327680K,   0% used [0x00000006c1c00000, 0x00000006c1c00000, 0x00000006d5c00000)
  from space 40960K,   0% used [0x00000006d8400000, 0x00000006d8401020, 0x00000006dac00000)
  to   space 40960K,   0% used [0x00000006d5c00000, 0x00000006d5c00000, 0x00000006d8400000)
 concurrent mark-sweep generation total 3756032K, used 1080832K [0x00000006dac00000, 0x00000007c0000000, 0x00000007c0000000)
 Metaspace       used 42573K, capacity 43892K, committed 44572K, reserved 1087488K
  class space    used 5454K, capacity 5756K, committed 5960K, reserved 1048576K
}
2020-07-01T08:31:40.308+0200: 400054.951: Total time for which application threads were stopped: 0.0097042 seconds, Stopping threads took: 0.0001314 seconds
{Heap before GC invocations=495617 (full 2):
 par new generation   total 368640K, used 327684K [0x00000006c1c00000, 0x00000006dac00000, 0x00000006dac00000)
  eden space 327680K, 100% used [0x00000006c1c00000, 0x00000006d5c00000, 0x00000006d5c00000)
  from space 40960K,   0% used [0x00000006d8400000, 0x00000006d8401020, 0x00000006dac00000)
  to   space 40960K,   0% used [0x00000006d5c00000, 0x00000006d5c00000, 0x00000006d8400000)
 concurrent mark-sweep generation total 3756032K, used 1080832K [0x00000006dac00000, 0x00000007c0000000, 0x00000007c0000000)
 Metaspace       used 42573K, capacity 43892K, committed 44572K, reserved 1087488K
  class space    used 5454K, capacity 5756K, committed 5960K, reserved 1048576K
2020-07-01T08:31:40.598+0200: 400055.241: [GC (Allocation Failure) 2020-07-01T08:31:40.598+0200: 400055.241: [ParNew
Desired survivor size 20971520 bytes, new threshold 1 (max 1)
- age   1:        272 bytes,        272 total
: 327684K->4K(368640K), 0.0116892 secs] 1408516K->1080836K(4124672K), 0.0117981 secs] [Times: user=0.03 sys=0.00, real=0.01 secs] 
Heap after GC invocations=495618 (full 2):
 par new generation   total 368640K, used 4K [0x00000006c1c00000, 0x00000006dac00000, 0x00000006dac00000)
  eden space 327680K,   0% used [0x00000006c1c00000, 0x00000006c1c00000, 0x00000006d5c00000)
  from space 40960K,   0% used [0x00000006d5c00000, 0x00000006d5c01020, 0x00000006d8400000)
  to   space 40960K,   0% used [0x00000006d8400000, 0x00000006d8400000, 0x00000006dac00000)
 concurrent mark-sweep generation total 3756032K, used 1080832K [0x00000006dac00000, 0x00000007c0000000, 0x00000007c0000000)
 Metaspace       used 42573K, capacity 43892K, committed 44572K, reserved 1087488K
  class space    used 5454K, capacity 5756K, committed 5960K, reserved 1048576K
}
2020-07-01T08:31:40.610+0200: 400055.253: Total time for which application threads were stopped: 0.0121139 seconds, Stopping threads took: 0.0000890 seconds
{Heap before GC invocations=495618 (full 2):
 par new generation   total 368640K, used 327684K [0x00000006c1c00000, 0x00000006dac00000, 0x00000006dac00000)
  eden space 327680K, 100% used [0x00000006c1c00000, 0x00000006d5c00000, 0x00000006d5c00000)
  from space 40960K,   0% used [0x00000006d5c00000, 0x00000006d5c01020, 0x00000006d8400000)
  to   space 40960K,   0% used [0x00000006d8400000, 0x00000006d8400000, 0x00000006dac00000)
 concurrent mark-sweep generation total 3756032K, used 1080832K [0x00000006dac00000, 0x00000007c0000000, 0x00000007c0000000)
 Metaspace       used 42573K, capacity 43892K, committed 44572K, reserved 1087488K
  class space    used 5454K, capacity 5756K, committed 5960K, reserved 1048576K
2020-07-01T08:31:40.898+0200: 400055.540: [GC (Allocation Failure) 2020-07-01T08:31:40.898+0200: 400055.541: [ParNew
Desired survivor size 20971520 bytes, new threshold 1 (max 1)
- age   1:        240 bytes,        240 total
: 327684K->4K(368640K), 0.0088108 secs] 1408516K->1080836K(4124672K), 0.0089478 secs] [Times: user=0.03 sys=0.00, real=0.01 secs] 
Heap after GC invocations=495619 (full 2):
 par new generation   total 368640K, used 4K [0x00000006c1c00000, 0x00000006dac00000, 0x00000006dac00000)
  eden space 327680K,   0% used [0x00000006c1c00000, 0x00000006c1c00000, 0x00000006d5c00000)
  from space 40960K,   0% used [0x00000006d8400000, 0x00000006d8401020, 0x00000006dac00000)
  to   space 40960K,   0% used [0x00000006d5c00000, 0x00000006d5c00000, 0x00000006d8400000)
 concurrent mark-sweep generation total 3756032K, used 1080832K [0x00000006dac00000, 0x00000007c0000000, 0x00000007c0000000)
 Metaspace       used 42573K, capacity 43892K, committed 44572K, reserved 1087488K
  class space    used 5454K, capacity 5756K, committed 5960K, reserved 1048576K
}
2020-07-01T08:31:40.907+0200: 400055.550: Total time for which application threads were stopped: 0.0092884 seconds, Stopping threads took: 0.0000954 seconds
{Heap before GC invocations=495619 (full 2):
 par new generation   total 368640K, used 327684K [0x00000006c1c00000, 0x00000006dac00000, 0x00000006dac00000)
  eden space 327680K, 100% used [0x00000006c1c00000, 0x00000006d5c00000, 0x00000006d5c00000)
  from space 40960K,   0% used [0x00000006d8400000, 0x00000006d8401020, 0x00000006dac00000)
  to   space 40960K,   0% used [0x00000006d5c00000, 0x00000006d5c00000, 0x00000006d8400000)
 concurrent mark-sweep generation total 3756032K, used 1080832K [0x00000006dac00000, 0x00000007c0000000, 0x00000007c0000000)
 Metaspace       used 42573K, capacity 43892K, committed 44572K, reserved 1087488K
  class space    used 5454K, capacity 5756K, committed 5960K, reserved 1048576K
2020-07-01T08:31:41.185+0200: 400055.828: [GC (Allocation Failure) 2020-07-01T08:31:41.185+0200: 400055.828: [ParNew
Desired survivor size 20971520 bytes, new threshold 1 (max 1)
- age   1:        240 bytes,        240 total
: 327684K->4K(368640K), 0.0108480 secs] 1408516K->1080836K(4124672K), 0.0109832 secs] [Times: user=0.00 sys=0.00, real=0.01 secs] 
Heap after GC invocations=495620 (full 2):
 par new generation   total 368640K, used 4K [0x00000006c1c00000, 0x00000006dac00000, 0x00000006dac00000)
  eden space 327680K,   0% used [0x00000006c1c00000, 0x00000006c1c00000, 0x00000006d5c00000)
  from space 40960K,   0% used [0x00000006d5c00000, 0x00000006d5c01020, 0x00000006d8400000)
  to   space 40960K,   0% used [0x00000006d8400000, 0x00000006d8400000, 0x00000006dac00000)
 concurrent mark-sweep generation total 3756032K, used 1080832K [0x00000006dac00000, 0x00000007c0000000, 0x00000007c0000000)
 Metaspace       used 42573K, capacity 43892K, committed 44572K, reserved 1087488K
  class space    used 5454K, capacity 5756K, committed 5960K, reserved 1048576K
}
2020-07-01T08:31:41.196+0200: 400055.839: Total time for which application threads were stopped: 0.0112822 seconds, Stopping threads took: 0.0000523 seconds
{Heap before GC invocations=495620 (full 2):
 par new generation   total 368640K, used 327684K [0x00000006c1c00000, 0x00000006dac00000, 0x00000006dac00000)
  eden space 327680K, 100% used [0x00000006c1c00000, 0x00000006d5c00000, 0x00000006d5c00000)
  from space 40960K,   0% used [0x00000006d5c00000, 0x00000006d5c01020, 0x00000006d8400000)
  to   space 40960K,   0% used [0x00000006d8400000, 0x00000006d8400000, 0x00000006dac00000)
 concurrent mark-sweep generation total 3756032K, used 1080832K [0x00000006dac00000, 0x00000007c0000000, 0x00000007c0000000)
 Metaspace       used 42573K, capacity 43892K, committed 44572K, reserved 1087488K
  class space    used 5454K, capacity 5756K, committed 5960K, reserved 1048576K
2020-07-01T08:31:41.482+0200: 400056.125: [GC (Allocation Failure) 2020-07-01T08:31:41.482+0200: 400056.125: [ParNew
Desired survivor size 20971520 bytes, new threshold 1 (max 1)
- age   1:        272 bytes,        272 total
: 327684K->4K(368640K), 0.0085604 secs] 1408516K->1080836K(4124672K), 0.0086816 secs] [Times: user=0.00 sys=0.00, real=0.01 secs] 
Heap after GC invocations=495621 (full 2):
 par new generation   total 368640K, used 4K [0x00000006c1c00000, 0x00000006dac00000, 0x00000006dac00000)
  eden space 327680K,   0% used [0x00000006c1c00000, 0x00000006c1c00000, 0x00000006d5c00000)
  from space 40960K,   0% used [0x00000006d8400000, 0x00000006d8401020, 0x00000006dac00000)
  to   space 40960K,   0% used [0x00000006d5c00000, 0x00000006d5c00000, 0x00000006d8400000)
 concurrent mark-sweep generation total 3756032K, used 1080832K [0x00000006dac00000, 0x00000007c0000000, 0x00000007c0000000)
 Metaspace       used 42573K, capacity 43892K, committed 44572K, reserved 1087488K
  class space    used 5454K, capacity 5756K, committed 5960K, reserved 1048576K
}
2020-07-01T08:31:41.490+0200: 400056.133: Total time for which application threads were stopped: 0.0090708 seconds, Stopping threads took: 0.0001130 seconds
{Heap before GC invocations=495621 (full 2):
 par new generation   total 368640K, used 327684K [0x00000006c1c00000, 0x00000006dac00000, 0x00000006dac00000)
  eden space 327680K, 100% used [0x00000006c1c00000, 0x00000006d5c00000, 0x00000006d5c00000)
  from space 40960K,   0% used [0x00000006d8400000, 0x00000006d8401020, 0x00000006dac00000)
  to   space 40960K,   0% used [0x00000006d5c00000, 0x00000006d5c00000, 0x00000006d8400000)
 concurrent mark-sweep generation total 3756032K, used 1080832K [0x00000006dac00000, 0x00000007c0000000, 0x00000007c0000000)
 Metaspace       used 42573K, capacity 43892K, committed 44572K, reserved 1087488K
  class space    used 5454K, capacity 5756K, committed 5960K, reserved 1048576K
2020-07-01T08:31:41.769+0200: 400056.412: [GC (Allocation Failure) 2020-07-01T08:31:41.769+0200: 400056.412: [ParNew
Desired survivor size 20971520 bytes, new threshold 1 (max 1)
- age   1:        272 bytes,        272 total
: 327684K->4K(368640K), 0.0136017 secs] 1408516K->1080836K(4124672K), 0.0137066 secs] [Times: user=0.02 sys=0.00, real=0.01 secs] 
Heap after GC invocations=495622 (full 2):
 par new generation   total 368640K, used 4K [0x00000006c1c00000, 0x00000006dac00000, 0x00000006dac00000)
  eden space 327680K,   0% used [0x00000006c1c00000, 0x00000006c1c00000, 0x00000006d5c00000)
  from space 40960K,   0% used [0x00000006d5c00000, 0x00000006d5c01020, 0x00000006d8400000)
  to   space 40960K,   0% used [0x00000006d8400000, 0x00000006d8400000, 0x00000006dac00000)
 concurrent mark-sweep generation total 3756032K, used 1080832K [0x00000006dac00000, 0x00000007c0000000, 0x00000007c0000000)
 Metaspace       used 42573K, capacity 43892K, committed 44572K, reserved 1087488K
  class space    used 5454K, capacity 5756K, committed 5960K, reserved 1048576K
}
2020-07-01T08:31:41.783+0200: 400056.426: Total time for which application threads were stopped: 0.0142724 seconds, Stopping threads took: 0.0003283 seconds
{Heap before GC invocations=495622 (full 2):
 par new generation   total 368640K, used 327684K [0x00000006c1c00000, 0x00000006dac00000, 0x00000006dac00000)
  eden space 327680K, 100% used [0x00000006c1c00000, 0x00000006d5c00000, 0x00000006d5c00000)
  from space 40960K,   0% used [0x00000006d5c00000, 0x00000006d5c01020, 0x00000006d8400000)
  to   space 40960K,   0% used [0x00000006d8400000, 0x00000006d8400000, 0x00000006dac00000)
 concurrent mark-sweep generation total 3756032K, used 1080832K [0x00000006dac00000, 0x00000007c0000000, 0x00000007c0000000)
 Metaspace       used 42573K, capacity 43892K, committed 44572K, reserved 1087488K
  class space    used 5454K, capacity 5756K, committed 5960K, reserved 1048576K
2020-07-01T08:31:42.085+0200: 400056.728: [GC (Allocation Failure) 2020-07-01T08:31:42.085+0200: 400056.728: [ParNew
Desired survivor size 20971520 bytes, new threshold 1 (max 1)
- age   1:        272 bytes,        272 total
: 327684K->2K(368640K), 0.0203326 secs] 1408516K->1080834K(4124672K), 0.0206820 secs] [Times: user=0.03 sys=0.00, real=0.02 secs] 
Heap after GC invocations=495623 (full 2):
 par new generation   total 368640K, used 2K [0x00000006c1c00000, 0x00000006dac00000, 0x00000006dac00000)
  eden space 327680K,   0% used [0x00000006c1c00000, 0x00000006c1c00000, 0x00000006d5c00000)
  from space 40960K,   0% used [0x00000006d8400000, 0x00000006d8400810, 0x00000006dac00000)
  to   space 40960K,   0% used [0x00000006d5c00000, 0x00000006d5c00000, 0x00000006d8400000)
 concurrent mark-sweep generation total 3756032K, used 1080832K [0x00000006dac00000, 0x00000007c0000000, 0x00000007c0000000)
 Metaspace       used 42573K, capacity 43892K, committed 44572K, reserved 1087488K
  class space    used 5454K, capacity 5756K, committed 5960K, reserved 1048576K
}
2020-07-01T08:31:42.106+0200: 400056.748: Total time for which application threads were stopped: 0.0210138 seconds, Stopping threads took: 0.0000971 seconds
{Heap before GC invocations=495623 (full 2):
 par new generation   total 368640K, used 327682K [0x00000006c1c00000, 0x00000006dac00000, 0x00000006dac00000)
  eden space 327680K, 100% used [0x00000006c1c00000, 0x00000006d5c00000, 0x00000006d5c00000)
  from space 40960K,   0% used [0x00000006d8400000, 0x00000006d8400810, 0x00000006dac00000)
  to   space 40960K,   0% used [0x00000006d5c00000, 0x00000006d5c00000, 0x00000006d8400000)
 concurrent mark-sweep generation total 3756032K, used 1080832K [0x00000006dac00000, 0x00000007c0000000, 0x00000007c0000000)
 Metaspace       used 42573K, capacity 43892K, committed 44572K, reserved 1087488K
  class space    used 5454K, capacity 5756K, committed 5960K, reserved 1048576K
2020-07-01T08:31:42.440+0200: 400057.083: [GC (Allocation Failure) 2020-07-01T08:31:42.440+0200: 400057.083: [ParNew
Desired survivor size 20971520 bytes, new threshold 1 (max 1)
- age   1:        304 bytes,        304 total
: 327682K->2K(368640K), 0.0649394 secs] 1408514K->1080834K(4124672K), 0.0650662 secs] [Times: user=0.03 sys=0.00, real=0.06 secs] 
Heap after GC invocations=495624 (full 2):
 par new generation   total 368640K, used 2K [0x00000006c1c00000, 0x00000006dac00000, 0x00000006dac00000)
  eden space 327680K,   0% used [0x00000006c1c00000, 0x00000006c1c00000, 0x00000006d5c00000)
  from space 40960K,   0% used [0x00000006d5c00000, 0x00000006d5c00810, 0x00000006d8400000)
  to   space 40960K,   0% used [0x00000006d8400000, 0x00000006d8400000, 0x00000006dac00000)
 concurrent mark-sweep generation total 3756032K, used 1080832K [0x00000006dac00000, 0x00000007c0000000, 0x00000007c0000000)
 Metaspace       used 42573K, capacity 43892K, committed 44572K, reserved 1087488K
  class space    used 5454K, capacity 5756K, committed 5960K, reserved 1048576K
}
2020-07-01T08:31:42.505+0200: 400057.148: Total time for which application threads were stopped: 0.0669775 seconds, Stopping threads took: 0.0012864 seconds
{Heap before GC invocations=495624 (full 2):
 par new generation   total 368640K, used 327682K [0x00000006c1c00000, 0x00000006dac00000, 0x00000006dac00000)
  eden space 327680K, 100% used [0x00000006c1c00000, 0x00000006d5c00000, 0x00000006d5c00000)
  from space 40960K,   0% used [0x00000006d5c00000, 0x00000006d5c00810, 0x00000006d8400000)
  to   space 40960K,   0% used [0x00000006d8400000, 0x00000006d8400000, 0x00000006dac00000)
 concurrent mark-sweep generation total 3756032K, used 1080832K [0x00000006dac00000, 0x00000007c0000000, 0x00000007c0000000)
 Metaspace       used 42573K, capacity 43892K, committed 44572K, reserved 1087488K
  class space    used 5454K, capacity 5756K, committed 5960K, reserved 1048576K
2020-07-01T08:31:42.969+0200: 400057.612: [GC (Allocation Failure) 2020-07-01T08:31:42.969+0200: 400057.612: [ParNew
Desired survivor size 20971520 bytes, new threshold 1 (max 1)
- age   1:        272 bytes,        272 total
: 327682K->4K(368640K), 0.0206447 secs] 1408514K->1080836K(4124672K), 0.0207749 secs] [Times: user=0.00 sys=0.00, real=0.02 secs] 
Heap after GC invocations=495625 (full 2):
 par new generation   total 368640K, used 4K [0x00000006c1c00000, 0x00000006dac00000, 0x00000006dac00000)
  eden space 327680K,   0% used [0x00000006c1c00000, 0x00000006c1c00000, 0x00000006d5c00000)
  from space 40960K,   0% used [0x00000006d8400000, 0x00000006d8401020, 0x00000006dac00000)
  to   space 40960K,   0% used [0x00000006d5c00000, 0x00000006d5c00000, 0x00000006d8400000)
 concurrent mark-sweep generation total 3756032K, used 1080832K [0x00000006dac00000, 0x00000007c0000000, 0x00000007c0000000)
 Metaspace       used 42573K, capacity 43892K, committed 44572K, reserved 1087488K
  class space    used 5454K, capacity 5756K, committed 5960K, reserved 1048576K
}
2020-07-01T08:31:42.990+0200: 400057.633: Total time for which application threads were stopped: 0.0213217 seconds, Stopping threads took: 0.0003028 seconds
{Heap before GC invocations=495625 (full 2):
 par new generation   total 368640K, used 327684K [0x00000006c1c00000, 0x00000006dac00000, 0x00000006dac00000)
  eden space 327680K, 100% used [0x00000006c1c00000, 0x00000006d5c00000, 0x00000006d5c00000)
  from space 40960K,   0% used [0x00000006d8400000, 0x00000006d8401020, 0x00000006dac00000)
  to   space 40960K,   0% used [0x00000006d5c00000, 0x00000006d5c00000, 0x00000006d8400000)
 concurrent mark-sweep generation total 3756032K, used 1080832K [0x00000006dac00000, 0x00000007c0000000, 0x00000007c0000000)
 Metaspace       used 42573K, capacity 43892K, committed 44572K, reserved 1087488K
  class space    used 5454K, capacity 5756K, committed 5960K, reserved 1048576K
2020-07-01T08:31:43.464+0200: 400058.107: [GC (Allocation Failure) 2020-07-01T08:31:43.464+0200: 400058.107: [ParNew
Desired survivor size 20971520 bytes, new threshold 1 (max 1)
- age   1:        272 bytes,        272 total
: 327684K->4K(368640K), 0.0259498 secs] 1408516K->1080836K(4124672K), 0.0260709 secs] [Times: user=0.01 sys=0.01, real=0.03 secs] 
Heap after GC invocations=495626 (full 2):
 par new generation   total 368640K, used 4K [0x00000006c1c00000, 0x00000006dac00000, 0x00000006dac00000)
  eden space 327680K,   0% used [0x00000006c1c00000, 0x00000006c1c00000, 0x00000006d5c00000)
  from space 40960K,   0% used [0x00000006d5c00000, 0x00000006d5c01020, 0x00000006d8400000)
  to   space 40960K,   0% used [0x00000006d8400000, 0x00000006d8400000, 0x00000006dac00000)
 concurrent mark-sweep generation total 3756032K, used 1080832K [0x00000006dac00000, 0x00000007c0000000, 0x00000007c0000000)
 Metaspace       used 42573K, capacity 43892K, committed 44572K, reserved 1087488K
  class space    used 5454K, capacity 5756K, committed 5960K, reserved 1048576K
}
2020-07-01T08:31:43.490+0200: 400058.133: Total time for which application threads were stopped: 0.0282907 seconds, Stopping threads took: 0.0003291 seconds
{Heap before GC invocations=495626 (full 2):
 par new generation   total 368640K, used 327684K [0x00000006c1c00000, 0x00000006dac00000, 0x00000006dac00000)
  eden space 327680K, 100% used [0x00000006c1c00000, 0x00000006d5c00000, 0x00000006d5c00000)
  from space 40960K,   0% used [0x00000006d5c00000, 0x00000006d5c01020, 0x00000006d8400000)
  to   space 40960K,   0% used [0x00000006d8400000, 0x00000006d8400000, 0x00000006dac00000)
 concurrent mark-sweep generation total 3756032K, used 1080832K [0x00000006dac00000, 0x00000007c0000000, 0x00000007c0000000)
 Metaspace       used 42573K, capacity 43892K, committed 44572K, reserved 1087488K
  class space    used 5454K, capacity 5756K, committed 5960K, reserved 1048576K
2020-07-01T08:31:43.984+0200: 400058.626: [GC (Allocation Failure) 2020-07-01T08:31:43.984+0200: 400058.627: [ParNew
Desired survivor size 20971520 bytes, new threshold 1 (max 1)
- age   1:        272 bytes,        272 total
: 327684K->2K(368640K), 0.0579695 secs] 1408516K->1080834K(4124672K), 0.0582286 secs] [Times: user=0.01 sys=0.00, real=0.06 secs] 
Heap after GC invocations=495627 (full 2):
 par new generation   total 368640K, used 2K [0x00000006c1c00000, 0x00000006dac00000, 0x00000006dac00000)
  eden space 327680K,   0% used [0x00000006c1c00000, 0x00000006c1c00000, 0x00000006d5c00000)
  from space 40960K,   0% used [0x00000006d8400000, 0x00000006d8400810, 0x00000006dac00000)
  to   space 40960K,   0% used [0x00000006d5c00000, 0x00000006d5c00000, 0x00000006d8400000)
 concurrent mark-sweep generation total 3756032K, used 1080832K [0x00000006dac00000, 0x00000007c0000000, 0x00000007c0000000)
 Metaspace       used 42573K, capacity 43892K, committed 44572K, reserved 1087488K
  class space    used 5454K, capacity 5756K, committed 5960K, reserved 1048576K
}
2020-07-01T08:31:44.042+0200: 400058.685: Total time for which application threads were stopped: 0.0695267 seconds, Stopping threads took: 0.0107541 seconds
{Heap before GC invocations=495627 (full 2):
 par new generation   total 368640K, used 327682K [0x00000006c1c00000, 0x00000006dac00000, 0x00000006dac00000)
  eden space 327680K, 100% used [0x00000006c1c00000, 0x00000006d5c00000, 0x00000006d5c00000)
  from space 40960K,   0% used [0x00000006d8400000, 0x00000006d8400810, 0x00000006dac00000)
  to   space 40960K,   0% used [0x00000006d5c00000, 0x00000006d5c00000, 0x00000006d8400000)
 concurrent mark-sweep generation total 3756032K, used 1080832K [0x00000006dac00000, 0x00000007c0000000, 0x00000007c0000000)
 Metaspace       used 42573K, capacity 43892K, committed 44572K, reserved 1087488K
  class space    used 5454K, capacity 5756K, committed 5960K, reserved 1048576K
2020-07-01T08:31:44.528+0200: 400059.171: [GC (Allocation Failure) 2020-07-01T08:31:44.528+0200: 400059.171: [ParNew
Desired survivor size 20971520 bytes, new threshold 1 (max 1)
- age   1:        272 bytes,        272 total
: 327682K->4K(368640K), 0.0167847 secs] 1408514K->1080836K(4124672K), 0.0171174 secs] [Times: user=0.01 sys=0.00, real=0.01 secs] 
Heap after GC invocations=495628 (full 2):
 par new generation   total 368640K, used 4K [0x00000006c1c00000, 0x00000006dac00000, 0x00000006dac00000)
  eden space 327680K,   0% used [0x00000006c1c00000, 0x00000006c1c00000, 0x00000006d5c00000)
  from space 40960K,   0% used [0x00000006d5c00000, 0x00000006d5c01020, 0x00000006d8400000)
  to   space 40960K,   0% used [0x00000006d8400000, 0x00000006d8400000, 0x00000006dac00000)
 concurrent mark-sweep generation total 3756032K, used 1080832K [0x00000006dac00000, 0x00000007c0000000, 0x00000007c0000000)
 Metaspace       used 42573K, capacity 43892K, committed 44572K, reserved 1087488K
  class space    used 5454K, capacity 5756K, committed 5960K, reserved 1048576K
}
2020-07-01T08:31:44.546+0200: 400059.189: Total time for which application threads were stopped: 0.0185516 seconds, Stopping threads took: 0.0001670 seconds
{Heap before GC invocations=495628 (full 2):
 par new generation   total 368640K, used 327684K [0x00000006c1c00000, 0x00000006dac00000, 0x00000006dac00000)
  eden space 327680K, 100% used [0x00000006c1c00000, 0x00000006d5c00000, 0x00000006d5c00000)
  from space 40960K,   0% used [0x00000006d5c00000, 0x00000006d5c01020, 0x00000006d8400000)
  to   space 40960K,   0% used [0x00000006d8400000, 0x00000006d8400000, 0x00000006dac00000)
 concurrent mark-sweep generation total 3756032K, used 1080832K [0x00000006dac00000, 0x00000007c0000000, 0x00000007c0000000)
 Metaspace       used 42573K, capacity 43892K, committed 44572K, reserved 1087488K
  class space    used 5454K, capacity 5756K, committed 5960K, reserved 1048576K
2020-07-01T08:31:45.078+0200: 400059.721: [GC (Allocation Failure) 2020-07-01T08:31:45.078+0200: 400059.721: [ParNew
Desired survivor size 20971520 bytes, new threshold 1 (max 1)
- age   1:        304 bytes,        304 total
: 327684K->2K(368640K), 0.0278063 secs] 1408516K->1080834K(4124672K), 0.0287285 secs] [Times: user=0.00 sys=0.00, real=0.02 secs] 
Heap after GC invocations=495629 (full 2):
 par new generation   total 368640K, used 2K [0x00000006c1c00000, 0x00000006dac00000, 0x00000006dac00000)
  eden space 327680K,   0% used [0x00000006c1c00000, 0x00000006c1c00000, 0x00000006d5c00000)
  from space 40960K,   0% used [0x00000006d8400000, 0x00000006d8400810, 0x00000006dac00000)
  to   space 40960K,   0% used [0x00000006d5c00000, 0x00000006d5c00000, 0x00000006d8400000)
 concurrent mark-sweep generation total 3756032K, used 1080832K [0x00000006dac00000, 0x00000007c0000000, 0x00000007c0000000)
 Metaspace       used 42573K, capacity 43892K, committed 44572K, reserved 1087488K
  class space    used 5454K, capacity 5756K, committed 5960K, reserved 1048576K
}
2020-07-01T08:31:45.109+0200: 400059.752: Total time for which application threads were stopped: 0.0313276 seconds, Stopping threads took: 0.0000951 seconds
{Heap before GC invocations=495629 (full 2):
 par new generation   total 368640K, used 327682K [0x00000006c1c00000, 0x00000006dac00000, 0x00000006dac00000)
  eden space 327680K, 100% used [0x00000006c1c00000, 0x00000006d5c00000, 0x00000006d5c00000)
  from space 40960K,   0% used [0x00000006d8400000, 0x00000006d8400810, 0x00000006dac00000)
  to   space 40960K,   0% used [0x00000006d5c00000, 0x00000006d5c00000, 0x00000006d8400000)
 concurrent mark-sweep generation total 3756032K, used 1080832K [0x00000006dac00000, 0x00000007c0000000, 0x00000007c0000000)
 Metaspace       used 42573K, capacity 43892K, committed 44572K, reserved 1087488K
  class space    used 5454K, capacity 5756K, committed 5960K, reserved 1048576K
2020-07-01T08:31:45.527+0200: 400060.170: [GC (Allocation Failure) 2020-07-01T08:31:45.527+0200: 400060.170: [ParNew
Desired survivor size 20971520 bytes, new threshold 1 (max 1)
- age   1:        272 bytes,        272 total
: 327682K->2K(368640K), 0.0504838 secs] 1408514K->1080835K(4124672K), 0.0507872 secs] [Times: user=0.00 sys=0.00, real=0.06 secs] 
Heap after GC invocations=495630 (full 2):
 par new generation   total 368640K, used 2K [0x00000006c1c00000, 0x00000006dac00000, 0x00000006dac00000)
  eden space 327680K,   0% used [0x00000006c1c00000, 0x00000006c1c00000, 0x00000006d5c00000)
  from space 40960K,   0% used [0x00000006d5c00000, 0x00000006d5c00810, 0x00000006d8400000)
  to   space 40960K,   0% used [0x00000006d8400000, 0x00000006d8400000, 0x00000006dac00000)
 concurrent mark-sweep generation total 3756032K, used 1080833K [0x00000006dac00000, 0x00000007c0000000, 0x00000007c0000000)
 Metaspace       used 42573K, capacity 43892K, committed 44572K, reserved 1087488K
  class space    used 5454K, capacity 5756K, committed 5960K, reserved 1048576K
}
2020-07-01T08:31:45.578+0200: 400060.221: Total time for which application threads were stopped: 0.0514185 seconds, Stopping threads took: 0.0001248 seconds
{Heap before GC invocations=495630 (full 2):
 par new generation   total 368640K, used 327682K [0x00000006c1c00000, 0x00000006dac00000, 0x00000006dac00000)
  eden space 327680K, 100% used [0x00000006c1c00000, 0x00000006d5c00000, 0x00000006d5c00000)
  from space 40960K,   0% used [0x00000006d5c00000, 0x00000006d5c00810, 0x00000006d8400000)
  to   space 40960K,   0% used [0x00000006d8400000, 0x00000006d8400000, 0x00000006dac00000)
 concurrent mark-sweep generation total 3756032K, used 1080833K [0x00000006dac00000, 0x00000007c0000000, 0x00000007c0000000)
 Metaspace       used 42573K, capacity 43892K, committed 44572K, reserved 1087488K
  class space    used 5454K, capacity 5756K, committed 5960K, reserved 1048576K
2020-07-01T08:31:45.971+0200: 400060.614: [GC (Allocation Failure) 2020-07-01T08:31:45.971+0200: 400060.614: [ParNew
Desired survivor size 20971520 bytes, new threshold 1 (max 1)
- age   1:        272 bytes,        272 total
: 327682K->4K(368640K), 0.0225411 secs] 1408515K->1080837K(4124672K), 0.0226374 secs] [Times: user=0.00 sys=0.00, real=0.02 secs] 
Heap after GC invocations=495631 (full 2):
 par new generation   total 368640K, used 4K [0x00000006c1c00000, 0x00000006dac00000, 0x00000006dac00000)
  eden space 327680K,   0% used [0x00000006c1c00000, 0x00000006c1c00000, 0x00000006d5c00000)
  from space 40960K,   0% used [0x00000006d8400000, 0x00000006d8401020, 0x00000006dac00000)
  to   space 40960K,   0% used [0x00000006d5c00000, 0x00000006d5c00000, 0x00000006d8400000)
 concurrent mark-sweep generation total 3756032K, used 1080833K [0x00000006dac00000, 0x00000007c0000000, 0x00000007c0000000)
 Metaspace       used 42573K, capacity 43892K, committed 44572K, reserved 1087488K
  class space    used 5454K, capacity 5756K, committed 5960K, reserved 1048576K
}
2020-07-01T08:31:45.994+0200: 400060.636: Total time for which application threads were stopped: 0.0233646 seconds, Stopping threads took: 0.0004799 seconds
{Heap before GC invocations=495631 (full 2):
 par new generation   total 368640K, used 327684K [0x00000006c1c00000, 0x00000006dac00000, 0x00000006dac00000)
  eden space 327680K, 100% used [0x00000006c1c00000, 0x00000006d5c00000, 0x00000006d5c00000)
  from space 40960K,   0% used [0x00000006d8400000, 0x00000006d8401020, 0x00000006dac00000)
  to   space 40960K,   0% used [0x00000006d5c00000, 0x00000006d5c00000, 0x00000006d8400000)
 concurrent mark-sweep generation total 3756032K, used 1080833K [0x00000006dac00000, 0x00000007c0000000, 0x00000007c0000000)
 Metaspace       used 42573K, capacity 43892K, committed 44572K, reserved 1087488K
  class space    used 5454K, capacity 5756K, committed 5960K, reserved 1048576K
2020-07-01T08:31:46.359+0200: 400061.002: [GC (Allocation Failure) 2020-07-01T08:31:46.360+0200: 400061.003: [ParNew
Desired survivor size 20971520 bytes, new threshold 1 (max 1)
- age   1:        272 bytes,        272 total
: 327684K->2K(368640K), 0.0209528 secs] 1408517K->1080835K(4124672K), 0.0213665 secs] [Times: user=0.02 sys=0.00, real=0.02 secs] 
Heap after GC invocations=495632 (full 2):
 par new generation   total 368640K, used 2K [0x00000006c1c00000, 0x00000006dac00000, 0x00000006dac00000)
  eden space 327680K,   0% used [0x00000006c1c00000, 0x00000006c1c00000, 0x00000006d5c00000)
  from space 40960K,   0% used [0x00000006d5c00000, 0x00000006d5c00810, 0x00000006d8400000)
  to   space 40960K,   0% used [0x00000006d8400000, 0x00000006d8400000, 0x00000006dac00000)
 concurrent mark-sweep generation total 3756032K, used 1080833K [0x00000006dac00000, 0x00000007c0000000, 0x00000007c0000000)
 Metaspace       used 42573K, capacity 43892K, committed 44572K, reserved 1087488K
  class space    used 5454K, capacity 5756K, committed 5960K, reserved 1048576K
}
2020-07-01T08:31:46.381+0200: 400061.024: Total time for which application threads were stopped: 0.0223423 seconds, Stopping threads took: 0.0005106 seconds
{Heap before GC invocations=495632 (full 2):
 par new generation   total 368640K, used 327682K [0x00000006c1c00000, 0x00000006dac00000, 0x00000006dac00000)
  eden space 327680K, 100% used [0x00000006c1c00000, 0x00000006d5c00000, 0x00000006d5c00000)
  from space 40960K,   0% used [0x00000006d5c00000, 0x00000006d5c00810, 0x00000006d8400000)
  to   space 40960K,   0% used [0x00000006d8400000, 0x00000006d8400000, 0x00000006dac00000)
 concurrent mark-sweep generation total 3756032K, used 1080833K [0x00000006dac00000, 0x00000007c0000000, 0x00000007c0000000)
 Metaspace       used 42573K, capacity 43892K, committed 44572K, reserved 1087488K
  class space    used 5454K, capacity 5756K, committed 5960K, reserved 1048576K
2020-07-01T08:31:46.727+0200: 400061.370: [GC (Allocation Failure) 2020-07-01T08:31:46.728+0200: 400061.370: [ParNew
Desired survivor size 20971520 bytes, new threshold 1 (max 1)
- age   1:        240 bytes,        240 total
: 327682K->2K(368640K), 0.0188526 secs] 1408515K->1080835K(4124672K), 0.0189809 secs] [Times: user=0.02 sys=0.00, real=0.02 secs] 
Heap after GC invocations=495633 (full 2):
 par new generation   total 368640K, used 2K [0x00000006c1c00000, 0x00000006dac00000, 0x00000006dac00000)
  eden space 327680K,   0% used [0x00000006c1c00000, 0x00000006c1c00000, 0x00000006d5c00000)
  from space 40960K,   0% used [0x00000006d8400000, 0x00000006d8400810, 0x00000006dac00000)
  to   space 40960K,   0% used [0x00000006d5c00000, 0x00000006d5c00000, 0x00000006d8400000)
 concurrent mark-sweep generation total 3756032K, used 1080833K [0x00000006dac00000, 0x00000007c0000000, 0x00000007c0000000)
 Metaspace       used 42573K, capacity 43892K, committed 44572K, reserved 1087488K
  class space    used 5454K, capacity 5756K, committed 5960K, reserved 1048576K
}
2020-07-01T08:31:46.747+0200: 400061.389: Total time for which application threads were stopped: 0.0192612 seconds, Stopping threads took: 0.0000488 seconds
{Heap before GC invocations=495633 (full 2):
 par new generation   total 368640K, used 327682K [0x00000006c1c00000, 0x00000006dac00000, 0x00000006dac00000)
  eden space 327680K, 100% used [0x00000006c1c00000, 0x00000006d5c00000, 0x00000006d5c00000)
  from space 40960K,   0% used [0x00000006d8400000, 0x00000006d8400810, 0x00000006dac00000)
  to   space 40960K,   0% used [0x00000006d5c00000, 0x00000006d5c00000, 0x00000006d8400000)
 concurrent mark-sweep generation total 3756032K, used 1080833K [0x00000006dac00000, 0x00000007c0000000, 0x00000007c0000000)
 Metaspace       used 42573K, capacity 43892K, committed 44572K, reserved 1087488K
  class space    used 5454K, capacity 5756K, committed 5960K, reserved 1048576K
2020-07-01T08:31:47.019+0200: 400061.661: [GC (Allocation Failure) 2020-07-01T08:31:47.019+0200: 400061.661: [ParNew
Desired survivor size 20971520 bytes, new threshold 1 (max 1)
- age   1:        272 bytes,        272 total
: 327682K->6K(368640K), 0.0077636 secs] 1408515K->1080839K(4124672K), 0.0078948 secs] [Times: user=0.00 sys=0.00, real=0.00 secs] 
Heap after GC invocations=495634 (full 2):
 par new generation   total 368640K, used 6K [0x00000006c1c00000, 0x00000006dac00000, 0x00000006dac00000)
  eden space 327680K,   0% used [0x00000006c1c00000, 0x00000006c1c00000, 0x00000006d5c00000)
  from space 40960K,   0% used [0x00000006d5c00000, 0x00000006d5c01830, 0x00000006d8400000)
  to   space 40960K,   0% used [0x00000006d8400000, 0x00000006d8400000, 0x00000006dac00000)
 concurrent mark-sweep generation total 3756032K, used 1080833K [0x00000006dac00000, 0x00000007c0000000, 0x00000007c0000000)
 Metaspace       used 42573K, capacity 43892K, committed 44572K, reserved 1087488K
  class space    used 5454K, capacity 5756K, committed 5960K, reserved 1048576K
}
2020-07-01T08:31:47.027+0200: 400061.669: Total time for which application threads were stopped: 0.0083996 seconds, Stopping threads took: 0.0002481 seconds
{Heap before GC invocations=495634 (full 2):
 par new generation   total 368640K, used 327686K [0x00000006c1c00000, 0x00000006dac00000, 0x00000006dac00000)
  eden space 327680K, 100% used [0x00000006c1c00000, 0x00000006d5c00000, 0x00000006d5c00000)
  from space 40960K,   0% used [0x00000006d5c00000, 0x00000006d5c01830, 0x00000006d8400000)
  to   space 40960K,   0% used [0x00000006d8400000, 0x00000006d8400000, 0x00000006dac00000)
 concurrent mark-sweep generation total 3756032K, used 1080833K [0x00000006dac00000, 0x00000007c0000000, 0x00000007c0000000)
 Metaspace       used 42573K, capacity 43892K, committed 44572K, reserved 1087488K
  class space    used 5454K, capacity 5756K, committed 5960K, reserved 1048576K
2020-07-01T08:31:47.320+0200: 400061.962: [GC (Allocation Failure) 2020-07-01T08:31:47.320+0200: 400061.963: [ParNew
Desired survivor size 20971520 bytes, new threshold 1 (max 1)
- age   1:        272 bytes,        272 total
: 327686K->2K(368640K), 0.0274725 secs] 1408519K->1080835K(4124672K), 0.0275876 secs] [Times: user=0.03 sys=0.00, real=0.02 secs] 
Heap after GC invocations=495635 (full 2):
 par new generation   total 368640K, used 2K [0x00000006c1c00000, 0x00000006dac00000, 0x00000006dac00000)
  eden space 327680K,   0% used [0x00000006c1c00000, 0x00000006c1c00000, 0x00000006d5c00000)
  from space 40960K,   0% used [0x00000006d8400000, 0x00000006d8400810, 0x00000006dac00000)
  to   space 40960K,   0% used [0x00000006d5c00000, 0x00000006d5c00000, 0x00000006d8400000)
 concurrent mark-sweep generation total 3756032K, used 1080833K [0x00000006dac00000, 0x00000007c0000000, 0x00000007c0000000)
 Metaspace       used 42573K, capacity 43892K, committed 44572K, reserved 1087488K
  class space    used 5454K, capacity 5756K, committed 5960K, reserved 1048576K
}
2020-07-01T08:31:47.347+0200: 400061.990: Total time for which application threads were stopped: 0.0278706 seconds, Stopping threads took: 0.0000494 seconds
{Heap before GC invocations=495635 (full 2):
 par new generation   total 368640K, used 327682K [0x00000006c1c00000, 0x00000006dac00000, 0x00000006dac00000)
  eden space 327680K, 100% used [0x00000006c1c00000, 0x00000006d5c00000, 0x00000006d5c00000)
  from space 40960K,   0% used [0x00000006d8400000, 0x00000006d8400810, 0x00000006dac00000)
  to   space 40960K,   0% used [0x00000006d5c00000, 0x00000006d5c00000, 0x00000006d8400000)
 concurrent mark-sweep generation total 3756032K, used 1080833K [0x00000006dac00000, 0x00000007c0000000, 0x00000007c0000000)
 Metaspace       used 42573K, capacity 43892K, committed 44572K, reserved 1087488K
  class space    used 5454K, capacity 5756K, committed 5960K, reserved 1048576K
2020-07-01T08:31:47.653+0200: 400062.296: [GC (Allocation Failure) 2020-07-01T08:31:47.653+0200: 400062.296: [ParNew
Desired survivor size 20971520 bytes, new threshold 1 (max 1)
- age   1:        864 bytes,        864 total
: 327682K->4K(368640K), 0.0241600 secs] 1408515K->1080837K(4124672K), 0.0242767 secs] [Times: user=0.00 sys=0.00, real=0.02 secs] 
Heap after GC invocations=495636 (full 2):
 par new generation   total 368640K, used 4K [0x00000006c1c00000, 0x00000006dac00000, 0x00000006dac00000)
  eden space 327680K,   0% used [0x00000006c1c00000, 0x00000006c1c00000, 0x00000006d5c00000)
  from space 40960K,   0% used [0x00000006d5c00000, 0x00000006d5c01020, 0x00000006d8400000)
  to   space 40960K,   0% used [0x00000006d8400000, 0x00000006d8400000, 0x00000006dac00000)
 concurrent mark-sweep generation total 3756032K, used 1080833K [0x00000006dac00000, 0x00000007c0000000, 0x00000007c0000000)
 Metaspace       used 42573K, capacity 43892K, committed 44572K, reserved 1087488K
  class space    used 5454K, capacity 5756K, committed 5960K, reserved 1048576K
}
2020-07-01T08:31:47.678+0200: 400062.320: Total time for which application threads were stopped: 0.0245646 seconds, Stopping threads took: 0.0000488 seconds
{Heap before GC invocations=495636 (full 2):
 par new generation   total 368640K, used 327684K [0x00000006c1c00000, 0x00000006dac00000, 0x00000006dac00000)
  eden space 327680K, 100% used [0x00000006c1c00000, 0x00000006d5c00000, 0x00000006d5c00000)
  from space 40960K,   0% used [0x00000006d5c00000, 0x00000006d5c01020, 0x00000006d8400000)
  to   space 40960K,   0% used [0x00000006d8400000, 0x00000006d8400000, 0x00000006dac00000)
 concurrent mark-sweep generation total 3756032K, used 1080833K [0x00000006dac00000, 0x00000007c0000000, 0x00000007c0000000)
 Metaspace       used 42573K, capacity 43892K, committed 44572K, reserved 1087488K
  class space    used 5454K, capacity 5756K, committed 5960K, reserved 1048576K
2020-07-01T08:31:48.010+0200: 400062.653: [GC (Allocation Failure) 2020-07-01T08:31:48.010+0200: 400062.653: [ParNew
Desired survivor size 20971520 bytes, new threshold 1 (max 1)
- age   1:        848 bytes,        848 total
: 327684K->4K(368640K), 0.0223299 secs] 1408517K->1080837K(4124672K), 0.0225357 secs] [Times: user=0.00 sys=0.00, real=0.02 secs] 
Heap after GC invocations=495637 (full 2):
 par new generation   total 368640K, used 4K [0x00000006c1c00000, 0x00000006dac00000, 0x00000006dac00000)
  eden space 327680K,   0% used [0x00000006c1c00000, 0x00000006c1c00000, 0x00000006d5c00000)
  from space 40960K,   0% used [0x00000006d8400000, 0x00000006d8401020, 0x00000006dac00000)
  to   space 40960K,   0% used [0x00000006d5c00000, 0x00000006d5c00000, 0x00000006d8400000)
 concurrent mark-sweep generation total 3756032K, used 1080833K [0x00000006dac00000, 0x00000007c0000000, 0x00000007c0000000)
 Metaspace       used 42573K, capacity 43892K, committed 44572K, reserved 1087488K
  class space    used 5454K, capacity 5756K, committed 5960K, reserved 1048576K
}
2020-07-01T08:31:48.033+0200: 400062.676: Total time for which application threads were stopped: 0.0228629 seconds, Stopping threads took: 0.0000473 seconds
{Heap before GC invocations=495637 (full 2):
 par new generation   total 368640K, used 327684K [0x00000006c1c00000, 0x00000006dac00000, 0x00000006dac00000)
  eden space 327680K, 100% used [0x00000006c1c00000, 0x00000006d5c00000, 0x00000006d5c00000)
  from space 40960K,   0% used [0x00000006d8400000, 0x00000006d8401020, 0x00000006dac00000)
  to   space 40960K,   0% used [0x00000006d5c00000, 0x00000006d5c00000, 0x00000006d8400000)
 concurrent mark-sweep generation total 3756032K, used 1080833K [0x00000006dac00000, 0x00000007c0000000, 0x00000007c0000000)
 Metaspace       used 42573K, capacity 43892K, committed 44572K, reserved 1087488K
  class space    used 5454K, capacity 5756K, committed 5960K, reserved 1048576K
2020-07-01T08:31:48.398+0200: 400063.041: [GC (Allocation Failure) 2020-07-01T08:31:48.398+0200: 400063.041: [ParNew
Desired survivor size 20971520 bytes, new threshold 1 (max 1)
- age   1:        272 bytes,        272 total
: 327684K->4K(368640K), 0.0280565 secs] 1408517K->1080837K(4124672K), 0.0281748 secs] [Times: user=0.00 sys=0.00, real=0.02 secs] 
Heap after GC invocations=495638 (full 2):
 par new generation   total 368640K, used 4K [0x00000006c1c00000, 0x00000006dac00000, 0x00000006dac00000)
  eden space 327680K,   0% used [0x00000006c1c00000, 0x00000006c1c00000, 0x00000006d5c00000)
  from space 40960K,   0% used [0x00000006d5c00000, 0x00000006d5c01020, 0x00000006d8400000)
  to   space 40960K,   0% used [0x00000006d8400000, 0x00000006d8400000, 0x00000006dac00000)
 concurrent mark-sweep generation total 3756032K, used 1080833K [0x00000006dac00000, 0x00000007c0000000, 0x00000007c0000000)
 Metaspace       used 42573K, capacity 43892K, committed 44572K, reserved 1087488K
  class space    used 5454K, capacity 5756K, committed 5960K, reserved 1048576K
}
2020-07-01T08:31:48.427+0200: 400063.069: Total time for which application threads were stopped: 0.0284837 seconds, Stopping threads took: 0.0000514 seconds
{Heap before GC invocations=495638 (full 2):
 par new generation   total 368640K, used 327684K [0x00000006c1c00000, 0x00000006dac00000, 0x00000006dac00000)
  eden space 327680K, 100% used [0x00000006c1c00000, 0x00000006d5c00000, 0x00000006d5c00000)
  from space 40960K,   0% used [0x00000006d5c00000, 0x00000006d5c01020, 0x00000006d8400000)
  to   space 40960K,   0% used [0x00000006d8400000, 0x00000006d8400000, 0x00000006dac00000)
 concurrent mark-sweep generation total 3756032K, used 1080833K [0x00000006dac00000, 0x00000007c0000000, 0x00000007c0000000)
 Metaspace       used 42573K, capacity 43892K, committed 44572K, reserved 1087488K
  class space    used 5454K, capacity 5756K, committed 5960K, reserved 1048576K
2020-07-01T08:31:48.755+0200: 400063.398: [GC (Allocation Failure) 2020-07-01T08:31:48.755+0200: 400063.398: [ParNew
Desired survivor size 20971520 bytes, new threshold 1 (max 1)
- age   1:        240 bytes,        240 total
: 327684K->2K(368640K), 0.0103376 secs] 1408517K->1080835K(4124672K), 0.0107656 secs] [Times: user=0.01 sys=0.00, real=0.01 secs] 
Heap after GC invocations=495639 (full 2):
 par new generation   total 368640K, used 2K [0x00000006c1c00000, 0x00000006dac00000, 0x00000006dac00000)
  eden space 327680K,   0% used [0x00000006c1c00000, 0x00000006c1c00000, 0x00000006d5c00000)
  from space 40960K,   0% used [0x00000006d8400000, 0x00000006d8400810, 0x00000006dac00000)
  to   space 40960K,   0% used [0x00000006d5c00000, 0x00000006d5c00000, 0x00000006d8400000)
 concurrent mark-sweep generation total 3756032K, used 1080833K [0x00000006dac00000, 0x00000007c0000000, 0x00000007c0000000)
 Metaspace       used 42573K, capacity 43892K, committed 44572K, reserved 1087488K
  class space    used 5454K, capacity 5756K, committed 5960K, reserved 1048576K
}
2020-07-01T08:31:48.765+0200: 400063.408: Total time for which application threads were stopped: 0.0114231 seconds, Stopping threads took: 0.0000474 seconds
{Heap before GC invocations=495639 (full 2):
 par new generation   total 368640K, used 327682K [0x00000006c1c00000, 0x00000006dac00000, 0x00000006dac00000)
  eden space 327680K, 100% used [0x00000006c1c00000, 0x00000006d5c00000, 0x00000006d5c00000)
  from space 40960K,   0% used [0x00000006d8400000, 0x00000006d8400810, 0x00000006dac00000)
  to   space 40960K,   0% used [0x00000006d5c00000, 0x00000006d5c00000, 0x00000006d8400000)
 concurrent mark-sweep generation total 3756032K, used 1080833K [0x00000006dac00000, 0x00000007c0000000, 0x00000007c0000000)
 Metaspace       used 42573K, capacity 43892K, committed 44572K, reserved 1087488K
  class space    used 5454K, capacity 5756K, committed 5960K, reserved 1048576K
2020-07-01T08:31:49.123+0200: 400063.766: [GC (Allocation Failure) 2020-07-01T08:31:49.124+0200: 400063.766: [ParNew
Desired survivor size 20971520 bytes, new threshold 1 (max 1)
- age   1:        272 bytes,        272 total
: 327682K->2K(368640K), 0.0233704 secs] 1408515K->1080835K(4124672K), 0.0234910 secs] [Times: user=0.02 sys=0.00, real=0.02 secs] 
Heap after GC invocations=495640 (full 2):
 par new generation   total 368640K, used 2K [0x00000006c1c00000, 0x00000006dac00000, 0x00000006dac00000)
  eden space 327680K,   0% used [0x00000006c1c00000, 0x00000006c1c00000, 0x00000006d5c00000)
  from space 40960K,   0% used [0x00000006d5c00000, 0x00000006d5c00810, 0x00000006d8400000)
  to   space 40960K,   0% used [0x00000006d8400000, 0x00000006d8400000, 0x00000006dac00000)
 concurrent mark-sweep generation total 3756032K, used 1080833K [0x00000006dac00000, 0x00000007c0000000, 0x00000007c0000000)
 Metaspace       used 42573K, capacity 43892K, committed 44572K, reserved 1087488K
  class space    used 5454K, capacity 5756K, committed 5960K, reserved 1048576K
}
2020-07-01T08:31:49.147+0200: 400063.790: Total time for which application threads were stopped: 0.0237664 seconds, Stopping threads took: 0.0000461 seconds
{Heap before GC invocations=495640 (full 2):
 par new generation   total 368640K, used 327682K [0x00000006c1c00000, 0x00000006dac00000, 0x00000006dac00000)
  eden space 327680K, 100% used [0x00000006c1c00000, 0x00000006d5c00000, 0x00000006d5c00000)
  from space 40960K,   0% used [0x00000006d5c00000, 0x00000006d5c00810, 0x00000006d8400000)
  to   space 40960K,   0% used [0x00000006d8400000, 0x00000006d8400000, 0x00000006dac00000)
 concurrent mark-sweep generation total 3756032K, used 1080833K [0x00000006dac00000, 0x00000007c0000000, 0x00000007c0000000)
 Metaspace       used 42573K, capacity 43892K, committed 44572K, reserved 1087488K
  class space    used 5454K, capacity 5756K, committed 5960K, reserved 1048576K
2020-07-01T08:31:49.461+0200: 400064.104: [GC (Allocation Failure) 2020-07-01T08:31:49.461+0200: 400064.104: [ParNew
Desired survivor size 20971520 bytes, new threshold 1 (max 1)
- age   1:        304 bytes,        304 total
: 327682K->4K(368640K), 0.0150096 secs] 1408515K->1080838K(4124672K), 0.0151161 secs] [Times: user=0.03 sys=0.00, real=0.01 secs] 
Heap after GC invocations=495641 (full 2):
 par new generation   total 368640K, used 4K [0x00000006c1c00000, 0x00000006dac00000, 0x00000006dac00000)
  eden space 327680K,   0% used [0x00000006c1c00000, 0x00000006c1c00000, 0x00000006d5c00000)
  from space 40960K,   0% used [0x00000006d8400000, 0x00000006d8401020, 0x00000006dac00000)
  to   space 40960K,   0% used [0x00000006d5c00000, 0x00000006d5c00000, 0x00000006d8400000)
 concurrent mark-sweep generation total 3756032K, used 1080834K [0x00000006dac00000, 0x00000007c0000000, 0x00000007c0000000)
 Metaspace       used 42573K, capacity 43892K, committed 44572K, reserved 1087488K
  class space    used 5454K, capacity 5756K, committed 5960K, reserved 1048576K
}
2020-07-01T08:31:49.476+0200: 400064.119: Total time for which application threads were stopped: 0.0154993 seconds, Stopping threads took: 0.0001280 seconds
{Heap before GC invocations=495641 (full 2):
 par new generation   total 368640K, used 327684K [0x00000006c1c00000, 0x00000006dac00000, 0x00000006dac00000)
  eden space 327680K, 100% used [0x00000006c1c00000, 0x00000006d5c00000, 0x00000006d5c00000)
  from space 40960K,   0% used [0x00000006d8400000, 0x00000006d8401020, 0x00000006dac00000)
  to   space 40960K,   0% used [0x00000006d5c00000, 0x00000006d5c00000, 0x00000006d8400000)
 concurrent mark-sweep generation total 3756032K, used 1080834K [0x00000006dac00000, 0x00000007c0000000, 0x00000007c0000000)
 Metaspace       used 42573K, capacity 43892K, committed 44572K, reserved 1087488K
  class space    used 5454K, capacity 5756K, committed 5960K, reserved 1048576K
2020-07-01T08:31:49.804+0200: 400064.446: [GC (Allocation Failure) 2020-07-01T08:31:49.804+0200: 400064.446: [ParNew
Desired survivor size 20971520 bytes, new threshold 1 (max 1)
- age   1:        240 bytes,        240 total
: 327684K->4K(368640K), 0.0081660 secs] 1408518K->1080838K(4124672K), 0.0083363 secs] [Times: user=0.03 sys=0.00, real=0.01 secs] 
Heap after GC invocations=495642 (full 2):
 par new generation   total 368640K, used 4K [0x00000006c1c00000, 0x00000006dac00000, 0x00000006dac00000)
  eden space 327680K,   0% used [0x00000006c1c00000, 0x00000006c1c00000, 0x00000006d5c00000)
  from space 40960K,   0% used [0x00000006d5c00000, 0x00000006d5c01020, 0x00000006d8400000)
  to   space 40960K,   0% used [0x00000006d8400000, 0x00000006d8400000, 0x00000006dac00000)
 concurrent mark-sweep generation total 3756032K, used 1080834K [0x00000006dac00000, 0x00000007c0000000, 0x00000007c0000000)
 Metaspace       used 42573K, capacity 43892K, committed 44572K, reserved 1087488K
  class space    used 5454K, capacity 5756K, committed 5960K, reserved 1048576K
}
2020-07-01T08:31:49.812+0200: 400064.455: Total time for which application threads were stopped: 0.0086394 seconds, Stopping threads took: 0.0000506 seconds
{Heap before GC invocations=495642 (full 2):
 par new generation   total 368640K, used 327684K [0x00000006c1c00000, 0x00000006dac00000, 0x00000006dac00000)
  eden space 327680K, 100% used [0x00000006c1c00000, 0x00000006d5c00000, 0x00000006d5c00000)
  from space 40960K,   0% used [0x00000006d5c00000, 0x00000006d5c01020, 0x00000006d8400000)
  to   space 40960K,   0% used [0x00000006d8400000, 0x00000006d8400000, 0x00000006dac00000)
 concurrent mark-sweep generation total 3756032K, used 1080834K [0x00000006dac00000, 0x00000007c0000000, 0x00000007c0000000)
 Metaspace       used 42573K, capacity 43892K, committed 44572K, reserved 1087488K
  class space    used 5454K, capacity 5756K, committed 5960K, reserved 1048576K
2020-07-01T08:31:50.121+0200: 400064.764: [GC (Allocation Failure) 2020-07-01T08:31:50.121+0200: 400064.764: [ParNew
Desired survivor size 20971520 bytes, new threshold 1 (max 1)
- age   1:        304 bytes,        304 total
: 327684K->4K(368640K), 0.0228971 secs] 1408518K->1080838K(4124672K), 0.0230211 secs] [Times: user=0.00 sys=0.00, real=0.02 secs] 
Heap after GC invocations=495643 (full 2):
 par new generation   total 368640K, used 4K [0x00000006c1c00000, 0x00000006dac00000, 0x00000006dac00000)
  eden space 327680K,   0% used [0x00000006c1c00000, 0x00000006c1c00000, 0x00000006d5c00000)
  from space 40960K,   0% used [0x00000006d8400000, 0x00000006d8401020, 0x00000006dac00000)
  to   space 40960K,   0% used [0x00000006d5c00000, 0x00000006d5c00000, 0x00000006d8400000)
 concurrent mark-sweep generation total 3756032K, used 1080834K [0x00000006dac00000, 0x00000007c0000000, 0x00000007c0000000)
 Metaspace       used 42573K, capacity 43892K, committed 44572K, reserved 1087488K
  class space    used 5454K, capacity 5756K, committed 5960K, reserved 1048576K
}
2020-07-01T08:31:50.144+0200: 400064.787: Total time for which application threads were stopped: 0.0234112 seconds, Stopping threads took: 0.0001496 seconds
{Heap before GC invocations=495643 (full 2):
 par new generation   total 368640K, used 327684K [0x00000006c1c00000, 0x00000006dac00000, 0x00000006dac00000)
  eden space 327680K, 100% used [0x00000006c1c00000, 0x00000006d5c00000, 0x00000006d5c00000)
  from space 40960K,   0% used [0x00000006d8400000, 0x00000006d8401020, 0x00000006dac00000)
  to   space 40960K,   0% used [0x00000006d5c00000, 0x00000006d5c00000, 0x00000006d8400000)
 concurrent mark-sweep generation total 3756032K, used 1080834K [0x00000006dac00000, 0x00000007c0000000, 0x00000007c0000000)
 Metaspace       used 42573K, capacity 43892K, committed 44572K, reserved 1087488K
  class space    used 5454K, capacity 5756K, committed 5960K, reserved 1048576K
2020-07-01T08:31:50.471+0200: 400065.114: [GC (Allocation Failure) 2020-07-01T08:31:50.471+0200: 400065.114: [ParNew
Desired survivor size 20971520 bytes, new threshold 1 (max 1)
- age   1:        304 bytes,        304 total
: 327684K->6K(368640K), 0.0136523 secs] 1408518K->1080840K(4124672K), 0.0137785 secs] [Times: user=0.05 sys=0.00, real=0.01 secs] 
Heap after GC invocations=495644 (full 2):
 par new generation   total 368640K, used 6K [0x00000006c1c00000, 0x00000006dac00000, 0x00000006dac00000)
  eden space 327680K,   0% used [0x00000006c1c00000, 0x00000006c1c00000, 0x00000006d5c00000)
  from space 40960K,   0% used [0x00000006d5c00000, 0x00000006d5c01830, 0x00000006d8400000)
  to   space 40960K,   0% used [0x00000006d8400000, 0x00000006d8400000, 0x00000006dac00000)
 concurrent mark-sweep generation total 3756032K, used 1080834K [0x00000006dac00000, 0x00000007c0000000, 0x00000007c0000000)
 Metaspace       used 42573K, capacity 43892K, committed 44572K, reserved 1087488K
  class space    used 5454K, capacity 5756K, committed 5960K, reserved 1048576K
}
2020-07-01T08:31:50.485+0200: 400065.128: Total time for which application threads were stopped: 0.0141512 seconds, Stopping threads took: 0.0000924 seconds
{Heap before GC invocations=495644 (full 2):
 par new generation   total 368640K, used 327686K [0x00000006c1c00000, 0x00000006dac00000, 0x00000006dac00000)
  eden space 327680K, 100% used [0x00000006c1c00000, 0x00000006d5c00000, 0x00000006d5c00000)
  from space 40960K,   0% used [0x00000006d5c00000, 0x00000006d5c01830, 0x00000006d8400000)
  to   space 40960K,   0% used [0x00000006d8400000, 0x00000006d8400000, 0x00000006dac00000)
 concurrent mark-sweep generation total 3756032K, used 1080834K [0x00000006dac00000, 0x00000007c0000000, 0x00000007c0000000)
 Metaspace       used 42573K, capacity 43892K, committed 44572K, reserved 1087488K
  class space    used 5454K, capacity 5756K, committed 5960K, reserved 1048576K
2020-07-01T08:31:50.784+0200: 400065.427: [GC (Allocation Failure) 2020-07-01T08:31:50.784+0200: 400065.427: [ParNew
Desired survivor size 20971520 bytes, new threshold 1 (max 1)
- age   1:        240 bytes,        240 total
: 327686K->4K(368640K), 0.0122657 secs] 1408520K->1080838K(4124672K), 0.0123564 secs] [Times: user=0.03 sys=0.00, real=0.01 secs] 
Heap after GC invocations=495645 (full 2):
 par new generation   total 368640K, used 4K [0x00000006c1c00000, 0x00000006dac00000, 0x00000006dac00000)
  eden space 327680K,   0% used [0x00000006c1c00000, 0x00000006c1c00000, 0x00000006d5c00000)
  from space 40960K,   0% used [0x00000006d8400000, 0x00000006d8401020, 0x00000006dac00000)
  to   space 40960K,   0% used [0x00000006d5c00000, 0x00000006d5c00000, 0x00000006d8400000)
 concurrent mark-sweep generation total 3756032K, used 1080834K [0x00000006dac00000, 0x00000007c0000000, 0x00000007c0000000)
 Metaspace       used 42573K, capacity 43892K, committed 44572K, reserved 1087488K
  class space    used 5454K, capacity 5756K, committed 5960K, reserved 1048576K
}
2020-07-01T08:31:50.796+0200: 400065.439: Total time for which application threads were stopped: 0.0130364 seconds, Stopping threads took: 0.0004449 seconds
{Heap before GC invocations=495645 (full 2):
 par new generation   total 368640K, used 327684K [0x00000006c1c00000, 0x00000006dac00000, 0x00000006dac00000)
  eden space 327680K, 100% used [0x00000006c1c00000, 0x00000006d5c00000, 0x00000006d5c00000)
  from space 40960K,   0% used [0x00000006d8400000, 0x00000006d8401020, 0x00000006dac00000)
  to   space 40960K,   0% used [0x00000006d5c00000, 0x00000006d5c00000, 0x00000006d8400000)
 concurrent mark-sweep generation total 3756032K, used 1080834K [0x00000006dac00000, 0x00000007c0000000, 0x00000007c0000000)
 Metaspace       used 42573K, capacity 43892K, committed 44572K, reserved 1087488K
  class space    used 5454K, capacity 5756K, committed 5960K, reserved 1048576K
2020-07-01T08:31:51.082+0200: 400065.725: [GC (Allocation Failure) 2020-07-01T08:31:51.082+0200: 400065.725: [ParNew
Desired survivor size 20971520 bytes, new threshold 1 (max 1)
- age   1:        272 bytes,        272 total
: 327684K->6K(368640K), 0.0116222 secs] 1408518K->1080840K(4124672K), 0.0117420 secs] [Times: user=0.04 sys=0.00, real=0.01 secs] 
Heap after GC invocations=495646 (full 2):
 par new generation   total 368640K, used 6K [0x00000006c1c00000, 0x00000006dac00000, 0x00000006dac00000)
  eden space 327680K,   0% used [0x00000006c1c00000, 0x00000006c1c00000, 0x00000006d5c00000)
  from space 40960K,   0% used [0x00000006d5c00000, 0x00000006d5c01830, 0x00000006d8400000)
  to   space 40960K,   0% used [0x00000006d8400000, 0x00000006d8400000, 0x00000006dac00000)
 concurrent mark-sweep generation total 3756032K, used 1080834K [0x00000006dac00000, 0x00000007c0000000, 0x00000007c0000000)
 Metaspace       used 42573K, capacity 43892K, committed 44572K, reserved 1087488K
  class space    used 5454K, capacity 5756K, committed 5960K, reserved 1048576K
}
2020-07-01T08:31:51.094+0200: 400065.736: Total time for which application threads were stopped: 0.0120114 seconds, Stopping threads took: 0.0000450 seconds
{Heap before GC invocations=495646 (full 2):
 par new generation   total 368640K, used 327686K [0x00000006c1c00000, 0x00000006dac00000, 0x00000006dac00000)
  eden space 327680K, 100% used [0x00000006c1c00000, 0x00000006d5c00000, 0x00000006d5c00000)
  from space 40960K,   0% used [0x00000006d5c00000, 0x00000006d5c01830, 0x00000006d8400000)
  to   space 40960K,   0% used [0x00000006d8400000, 0x00000006d8400000, 0x00000006dac00000)
 concurrent mark-sweep generation total 3756032K, used 1080834K [0x00000006dac00000, 0x00000007c0000000, 0x00000007c0000000)
 Metaspace       used 42573K, capacity 43892K, committed 44572K, reserved 1087488K
  class space    used 5454K, capacity 5756K, committed 5960K, reserved 1048576K
2020-07-01T08:31:51.400+0200: 400066.043: [GC (Allocation Failure) 2020-07-01T08:31:51.400+0200: 400066.043: [ParNew
Desired survivor size 20971520 bytes, new threshold 1 (max 1)
- age   1:        272 bytes,        272 total
: 327686K->4K(368640K), 0.0146976 secs] 1408520K->1080838K(4124672K), 0.0148005 secs] [Times: user=0.00 sys=0.00, real=0.01 secs] 
Heap after GC invocations=495647 (full 2):
 par new generation   total 368640K, used 4K [0x00000006c1c00000, 0x00000006dac00000, 0x00000006dac00000)
  eden space 327680K,   0% used [0x00000006c1c00000, 0x00000006c1c00000, 0x00000006d5c00000)
  from space 40960K,   0% used [0x00000006d8400000, 0x00000006d8401020, 0x00000006dac00000)
  to   space 40960K,   0% used [0x00000006d5c00000, 0x00000006d5c00000, 0x00000006d8400000)
 concurrent mark-sweep generation total 3756032K, used 1080834K [0x00000006dac00000, 0x00000007c0000000, 0x00000007c0000000)
 Metaspace       used 42573K, capacity 43892K, committed 44572K, reserved 1087488K
  class space    used 5454K, capacity 5756K, committed 5960K, reserved 1048576K
}
2020-07-01T08:31:51.415+0200: 400066.058: Total time for which application threads were stopped: 0.0150807 seconds, Stopping threads took: 0.0000483 seconds
{Heap before GC invocations=495647 (full 2):
 par new generation   total 368640K, used 327684K [0x00000006c1c00000, 0x00000006dac00000, 0x00000006dac00000)
  eden space 327680K, 100% used [0x00000006c1c00000, 0x00000006d5c00000, 0x00000006d5c00000)
  from space 40960K,   0% used [0x00000006d8400000, 0x00000006d8401020, 0x00000006dac00000)
  to   space 40960K,   0% used [0x00000006d5c00000, 0x00000006d5c00000, 0x00000006d8400000)
 concurrent mark-sweep generation total 3756032K, used 1080834K [0x00000006dac00000, 0x00000007c0000000, 0x00000007c0000000)
 Metaspace       used 42573K, capacity 43892K, committed 44572K, reserved 1087488K
  class space    used 5454K, capacity 5756K, committed 5960K, reserved 1048576K
2020-07-01T08:31:51.730+0200: 400066.373: [GC (Allocation Failure) 2020-07-01T08:31:51.730+0200: 400066.373: [ParNew
Desired survivor size 20971520 bytes, new threshold 1 (max 1)
- age   1:        240 bytes,        240 total
: 327684K->4K(368640K), 0.0115028 secs] 1408518K->1080838K(4124672K), 0.0116331 secs] [Times: user=0.00 sys=0.00, real=0.01 secs] 
Heap after GC invocations=495648 (full 2):
 par new generation   total 368640K, used 4K [0x00000006c1c00000, 0x00000006dac00000, 0x00000006dac00000)
  eden space 327680K,   0% used [0x00000006c1c00000, 0x00000006c1c00000, 0x00000006d5c00000)
  from space 40960K,   0% used [0x00000006d5c00000, 0x00000006d5c01020, 0x00000006d8400000)
  to   space 40960K,   0% used [0x00000006d8400000, 0x00000006d8400000, 0x00000006dac00000)
 concurrent mark-sweep generation total 3756032K, used 1080834K [0x00000006dac00000, 0x00000007c0000000, 0x00000007c0000000)
 Metaspace       used 42573K, capacity 43892K, committed 44572K, reserved 1087488K
  class space    used 5454K, capacity 5756K, committed 5960K, reserved 1048576K
}
2020-07-01T08:31:51.742+0200: 400066.385: Total time for which application threads were stopped: 0.0119095 seconds, Stopping threads took: 0.0000464 seconds
{Heap before GC invocations=495648 (full 2):
 par new generation   total 368640K, used 327684K [0x00000006c1c00000, 0x00000006dac00000, 0x00000006dac00000)
  eden space 327680K, 100% used [0x00000006c1c00000, 0x00000006d5c00000, 0x00000006d5c00000)
  from space 40960K,   0% used [0x00000006d5c00000, 0x00000006d5c01020, 0x00000006d8400000)
  to   space 40960K,   0% used [0x00000006d8400000, 0x00000006d8400000, 0x00000006dac00000)
 concurrent mark-sweep generation total 3756032K, used 1080834K [0x00000006dac00000, 0x00000007c0000000, 0x00000007c0000000)
 Metaspace       used 42573K, capacity 43892K, committed 44572K, reserved 1087488K
  class space    used 5454K, capacity 5756K, committed 5960K, reserved 1048576K
2020-07-01T08:31:52.052+0200: 400066.695: [GC (Allocation Failure) 2020-07-01T08:31:52.052+0200: 400066.695: [ParNew
Desired survivor size 20971520 bytes, new threshold 1 (max 1)
- age   1:        272 bytes,        272 total
: 327684K->4K(368640K), 0.0476502 secs] 1408518K->1080838K(4124672K), 0.0477466 secs] [Times: user=0.03 sys=0.00, real=0.05 secs] 
Heap after GC invocations=495649 (full 2):
 par new generation   total 368640K, used 4K [0x00000006c1c00000, 0x00000006dac00000, 0x00000006dac00000)
  eden space 327680K,   0% used [0x00000006c1c00000, 0x00000006c1c00000, 0x00000006d5c00000)
  from space 40960K,   0% used [0x00000006d8400000, 0x00000006d8401020, 0x00000006dac00000)
  to   space 40960K,   0% used [0x00000006d5c00000, 0x00000006d5c00000, 0x00000006d8400000)
 concurrent mark-sweep generation total 3756032K, used 1080834K [0x00000006dac00000, 0x00000007c0000000, 0x00000007c0000000)
 Metaspace       used 42573K, capacity 43892K, committed 44572K, reserved 1087488K
  class space    used 5454K, capacity 5756K, committed 5960K, reserved 1048576K
}
2020-07-01T08:31:52.100+0200: 400066.743: Total time for which application threads were stopped: 0.0480656 seconds, Stopping threads took: 0.0000897 seconds
{Heap before GC invocations=495649 (full 2):
 par new generation   total 368640K, used 327684K [0x00000006c1c00000, 0x00000006dac00000, 0x00000006dac00000)
  eden space 327680K, 100% used [0x00000006c1c00000, 0x00000006d5c00000, 0x00000006d5c00000)
  from space 40960K,   0% used [0x00000006d8400000, 0x00000006d8401020, 0x00000006dac00000)
  to   space 40960K,   0% used [0x00000006d5c00000, 0x00000006d5c00000, 0x00000006d8400000)
 concurrent mark-sweep generation total 3756032K, used 1080834K [0x00000006dac00000, 0x00000007c0000000, 0x00000007c0000000)
 Metaspace       used 42573K, capacity 43892K, committed 44572K, reserved 1087488K
  class space    used 5454K, capacity 5756K, committed 5960K, reserved 1048576K
2020-07-01T08:31:52.435+0200: 400067.078: [GC (Allocation Failure) 2020-07-01T08:31:52.435+0200: 400067.078: [ParNew
Desired survivor size 20971520 bytes, new threshold 1 (max 1)
- age   1:        304 bytes,        304 total
: 327684K->4K(368640K), 0.0312848 secs] 1408518K->1080838K(4124672K), 0.0313892 secs] [Times: user=0.02 sys=0.00, real=0.03 secs] 
Heap after GC invocations=495650 (full 2):
 par new generation   total 368640K, used 4K [0x00000006c1c00000, 0x00000006dac00000, 0x00000006dac00000)
  eden space 327680K,   0% used [0x00000006c1c00000, 0x00000006c1c00000, 0x00000006d5c00000)
  from space 40960K,   0% used [0x00000006d5c00000, 0x00000006d5c01020, 0x00000006d8400000)
  to   space 40960K,   0% used [0x00000006d8400000, 0x00000006d8400000, 0x00000006dac00000)
 concurrent mark-sweep generation total 3756032K, used 1080834K [0x00000006dac00000, 0x00000007c0000000, 0x00000007c0000000)
 Metaspace       used 42573K, capacity 43892K, committed 44572K, reserved 1087488K
  class space    used 5454K, capacity 5756K, committed 5960K, reserved 1048576K
}
2020-07-01T08:31:52.466+0200: 400067.109: Total time for which application threads were stopped: 0.0318844 seconds, Stopping threads took: 0.0002548 seconds
{Heap before GC invocations=495650 (full 2):
 par new generation   total 368640K, used 327684K [0x00000006c1c00000, 0x00000006dac00000, 0x00000006dac00000)
  eden space 327680K, 100% used [0x00000006c1c00000, 0x00000006d5c00000, 0x00000006d5c00000)
  from space 40960K,   0% used [0x00000006d5c00000, 0x00000006d5c01020, 0x00000006d8400000)
  to   space 40960K,   0% used [0x00000006d8400000, 0x00000006d8400000, 0x00000006dac00000)
 concurrent mark-sweep generation total 3756032K, used 1080834K [0x00000006dac00000, 0x00000007c0000000, 0x00000007c0000000)
 Metaspace       used 42573K, capacity 43892K, committed 44572K, reserved 1087488K
  class space    used 5454K, capacity 5756K, committed 5960K, reserved 1048576K
2020-07-01T08:31:52.762+0200: 400067.405: [GC (Allocation Failure) 2020-07-01T08:31:52.762+0200: 400067.405: [ParNew
Desired survivor size 20971520 bytes, new threshold 1 (max 1)
- age   1:        240 bytes,        240 total
: 327684K->4K(368640K), 0.0101828 secs] 1408518K->1080838K(4124672K), 0.0102990 secs] [Times: user=0.00 sys=0.00, real=0.01 secs] 
Heap after GC invocations=495651 (full 2):
 par new generation   total 368640K, used 4K [0x00000006c1c00000, 0x00000006dac00000, 0x00000006dac00000)
  eden space 327680K,   0% used [0x00000006c1c00000, 0x00000006c1c00000, 0x00000006d5c00000)
  from space 40960K,   0% used [0x00000006d8400000, 0x00000006d8401020, 0x00000006dac00000)
  to   space 40960K,   0% used [0x00000006d5c00000, 0x00000006d5c00000, 0x00000006d8400000)
 concurrent mark-sweep generation total 3756032K, used 1080834K [0x00000006dac00000, 0x00000007c0000000, 0x00000007c0000000)
 Metaspace       used 42573K, capacity 43892K, committed 44572K, reserved 1087488K
  class space    used 5454K, capacity 5756K, committed 5960K, reserved 1048576K
}
2020-07-01T08:31:52.773+0200: 400067.416: Total time for which application threads were stopped: 0.0106099 seconds, Stopping threads took: 0.0000486 seconds
{Heap before GC invocations=495651 (full 2):
 par new generation   total 368640K, used 327684K [0x00000006c1c00000, 0x00000006dac00000, 0x00000006dac00000)
  eden space 327680K, 100% used [0x00000006c1c00000, 0x00000006d5c00000, 0x00000006d5c00000)
  from space 40960K,   0% used [0x00000006d8400000, 0x00000006d8401020, 0x00000006dac00000)
  to   space 40960K,   0% used [0x00000006d5c00000, 0x00000006d5c00000, 0x00000006d8400000)
 concurrent mark-sweep generation total 3756032K, used 1080834K [0x00000006dac00000, 0x00000007c0000000, 0x00000007c0000000)
 Metaspace       used 42573K, capacity 43892K, committed 44572K, reserved 1087488K
  class space    used 5454K, capacity 5756K, committed 5960K, reserved 1048576K
2020-07-01T08:31:53.084+0200: 400067.727: [GC (Allocation Failure) 2020-07-01T08:31:53.084+0200: 400067.727: [ParNew
Desired survivor size 20971520 bytes, new threshold 1 (max 1)
- age   1:        272 bytes,        272 total
: 327684K->6K(368640K), 0.0086295 secs] 1408518K->1080840K(4124672K), 0.0087593 secs] [Times: user=0.04 sys=0.00, real=0.01 secs] 
Heap after GC invocations=495652 (full 2):
 par new generation   total 368640K, used 6K [0x00000006c1c00000, 0x00000006dac00000, 0x00000006dac00000)
  eden space 327680K,   0% used [0x00000006c1c00000, 0x00000006c1c00000, 0x00000006d5c00000)
  from space 40960K,   0% used [0x00000006d5c00000, 0x00000006d5c01830, 0x00000006d8400000)
  to   space 40960K,   0% used [0x00000006d8400000, 0x00000006d8400000, 0x00000006dac00000)
 concurrent mark-sweep generation total 3756032K, used 1080834K [0x00000006dac00000, 0x00000007c0000000, 0x00000007c0000000)
 Metaspace       used 42573K, capacity 43892K, committed 44572K, reserved 1087488K
  class space    used 5454K, capacity 5756K, committed 5960K, reserved 1048576K
}
2020-07-01T08:31:53.093+0200: 400067.736: Total time for which application threads were stopped: 0.0091288 seconds, Stopping threads took: 0.0001323 seconds
{Heap before GC invocations=495652 (full 2):
 par new generation   total 368640K, used 327686K [0x00000006c1c00000, 0x00000006dac00000, 0x00000006dac00000)
  eden space 327680K, 100% used [0x00000006c1c00000, 0x00000006d5c00000, 0x00000006d5c00000)
  from space 40960K,   0% used [0x00000006d5c00000, 0x00000006d5c01830, 0x00000006d8400000)
  to   space 40960K,   0% used [0x00000006d8400000, 0x00000006d8400000, 0x00000006dac00000)
 concurrent mark-sweep generation total 3756032K, used 1080834K [0x00000006dac00000, 0x00000007c0000000, 0x00000007c0000000)
 Metaspace       used 42573K, capacity 43892K, committed 44572K, reserved 1087488K
  class space    used 5454K, capacity 5756K, committed 5960K, reserved 1048576K
2020-07-01T08:31:53.485+0200: 400068.128: [GC (Allocation Failure) 2020-07-01T08:31:53.485+0200: 400068.128: [ParNew
Desired survivor size 20971520 bytes, new threshold 1 (max 1)
- age   1:        272 bytes,        272 total
: 327686K->2K(368640K), 0.0788865 secs] 1408520K->1080836K(4124672K), 0.0790307 secs] [Times: user=0.00 sys=0.00, real=0.08 secs] 
Heap after GC invocations=495653 (full 2):
 par new generation   total 368640K, used 2K [0x00000006c1c00000, 0x00000006dac00000, 0x00000006dac00000)
  eden space 327680K,   0% used [0x00000006c1c00000, 0x00000006c1c00000, 0x00000006d5c00000)
  from space 40960K,   0% used [0x00000006d8400000, 0x00000006d8400810, 0x00000006dac00000)
  to   space 40960K,   0% used [0x00000006d5c00000, 0x00000006d5c00000, 0x00000006d8400000)
 concurrent mark-sweep generation total 3756032K, used 1080834K [0x00000006dac00000, 0x00000007c0000000, 0x00000007c0000000)
 Metaspace       used 42573K, capacity 43892K, committed 44572K, reserved 1087488K
  class space    used 5454K, capacity 5756K, committed 5960K, reserved 1048576K
}
2020-07-01T08:31:53.564+0200: 400068.207: Total time for which application threads were stopped: 0.0793465 seconds, Stopping threads took: 0.0000482 seconds
{Heap before GC invocations=495653 (full 2):
 par new generation   total 368640K, used 327682K [0x00000006c1c00000, 0x00000006dac00000, 0x00000006dac00000)
  eden space 327680K, 100% used [0x00000006c1c00000, 0x00000006d5c00000, 0x00000006d5c00000)
  from space 40960K,   0% used [0x00000006d8400000, 0x00000006d8400810, 0x00000006dac00000)
  to   space 40960K,   0% used [0x00000006d5c00000, 0x00000006d5c00000, 0x00000006d8400000)
 concurrent mark-sweep generation total 3756032K, used 1080834K [0x00000006dac00000, 0x00000007c0000000, 0x00000007c0000000)
 Metaspace       used 42573K, capacity 43892K, committed 44572K, reserved 1087488K
  class space    used 5454K, capacity 5756K, committed 5960K, reserved 1048576K
2020-07-01T08:31:53.981+0200: 400068.624: [GC (Allocation Failure) 2020-07-01T08:31:53.981+0200: 400068.624: [ParNew
Desired survivor size 20971520 bytes, new threshold 1 (max 1)
- age   1:        304 bytes,        304 total
: 327682K->4K(368640K), 0.0102998 secs] 1408516K->1080838K(4124672K), 0.0104248 secs] [Times: user=0.00 sys=0.00, real=0.01 secs] 
Heap after GC invocations=495654 (full 2):
 par new generation   total 368640K, used 4K [0x00000006c1c00000, 0x00000006dac00000, 0x00000006dac00000)
  eden space 327680K,   0% used [0x00000006c1c00000, 0x00000006c1c00000, 0x00000006d5c00000)
  from space 40960K,   0% used [0x00000006d5c00000, 0x00000006d5c01020, 0x00000006d8400000)
  to   space 40960K,   0% used [0x00000006d8400000, 0x00000006d8400000, 0x00000006dac00000)
 concurrent mark-sweep generation total 3756032K, used 1080834K [0x00000006dac00000, 0x00000007c0000000, 0x00000007c0000000)
 Metaspace       used 42573K, capacity 43892K, committed 44572K, reserved 1087488K
  class space    used 5454K, capacity 5756K, committed 5960K, reserved 1048576K
}
2020-07-01T08:31:53.992+0200: 400068.635: Total time for which application threads were stopped: 0.0107762 seconds, Stopping threads took: 0.0001076 seconds
{Heap before GC invocations=495654 (full 2):
 par new generation   total 368640K, used 327684K [0x00000006c1c00000, 0x00000006dac00000, 0x00000006dac00000)
  eden space 327680K, 100% used [0x00000006c1c00000, 0x00000006d5c00000, 0x00000006d5c00000)
  from space 40960K,   0% used [0x00000006d5c00000, 0x00000006d5c01020, 0x00000006d8400000)
  to   space 40960K,   0% used [0x00000006d8400000, 0x00000006d8400000, 0x00000006dac00000)
 concurrent mark-sweep generation total 3756032K, used 1080834K [0x00000006dac00000, 0x00000007c0000000, 0x00000007c0000000)
 Metaspace       used 42573K, capacity 43892K, committed 44572K, reserved 1087488K
  class space    used 5454K, capacity 5756K, committed 5960K, reserved 1048576K
2020-07-01T08:31:54.354+0200: 400068.997: [GC (Allocation Failure) 2020-07-01T08:31:54.354+0200: 400068.997: [ParNew
Desired survivor size 20971520 bytes, new threshold 1 (max 1)
- age   1:        240 bytes,        240 total
: 327684K->4K(368640K), 0.0724597 secs] 1408518K->1080838K(4124672K), 0.0725677 secs] [Times: user=0.00 sys=0.00, real=0.07 secs] 
Heap after GC invocations=495655 (full 2):
 par new generation   total 368640K, used 4K [0x00000006c1c00000, 0x00000006dac00000, 0x00000006dac00000)
  eden space 327680K,   0% used [0x00000006c1c00000, 0x00000006c1c00000, 0x00000006d5c00000)
  from space 40960K,   0% used [0x00000006d8400000, 0x00000006d8401020, 0x00000006dac00000)
  to   space 40960K,   0% used [0x00000006d5c00000, 0x00000006d5c00000, 0x00000006d8400000)
 concurrent mark-sweep generation total 3756032K, used 1080834K [0x00000006dac00000, 0x00000007c0000000, 0x00000007c0000000)
 Metaspace       used 42573K, capacity 43892K, committed 44572K, reserved 1087488K
  class space    used 5454K, capacity 5756K, committed 5960K, reserved 1048576K
}
2020-07-01T08:31:54.427+0200: 400069.070: Total time for which application threads were stopped: 0.0728510 seconds, Stopping threads took: 0.0000491 seconds
{Heap before GC invocations=495655 (full 2):
 par new generation   total 368640K, used 327684K [0x00000006c1c00000, 0x00000006dac00000, 0x00000006dac00000)
  eden space 327680K, 100% used [0x00000006c1c00000, 0x00000006d5c00000, 0x00000006d5c00000)
  from space 40960K,   0% used [0x00000006d8400000, 0x00000006d8401020, 0x00000006dac00000)
  to   space 40960K,   0% used [0x00000006d5c00000, 0x00000006d5c00000, 0x00000006d8400000)
 concurrent mark-sweep generation total 3756032K, used 1080834K [0x00000006dac00000, 0x00000007c0000000, 0x00000007c0000000)
 Metaspace       used 42573K, capacity 43892K, committed 44572K, reserved 1087488K
  class space    used 5454K, capacity 5756K, committed 5960K, reserved 1048576K
2020-07-01T08:31:54.834+0200: 400069.477: [GC (Allocation Failure) 2020-07-01T08:31:54.834+0200: 400069.477: [ParNew
Desired survivor size 20971520 bytes, new threshold 1 (max 1)
- age   1:        272 bytes,        272 total
: 327684K->4K(368640K), 0.0181721 secs] 1408518K->1080838K(4124672K), 0.0183368 secs] [Times: user=0.00 sys=0.00, real=0.02 secs] 
Heap after GC invocations=495656 (full 2):
 par new generation   total 368640K, used 4K [0x00000006c1c00000, 0x00000006dac00000, 0x00000006dac00000)
  eden space 327680K,   0% used [0x00000006c1c00000, 0x00000006c1c00000, 0x00000006d5c00000)
  from space 40960K,   0% used [0x00000006d5c00000, 0x00000006d5c01020, 0x00000006d8400000)
  to   space 40960K,   0% used [0x00000006d8400000, 0x00000006d8400000, 0x00000006dac00000)
 concurrent mark-sweep generation total 3756032K, used 1080834K [0x00000006dac00000, 0x00000007c0000000, 0x00000007c0000000)
 Metaspace       used 42573K, capacity 43892K, committed 44572K, reserved 1087488K
  class space    used 5454K, capacity 5756K, committed 5960K, reserved 1048576K
}
2020-07-01T08:31:54.853+0200: 400069.496: Total time for which application threads were stopped: 0.0186205 seconds, Stopping threads took: 0.0000481 seconds
{Heap before GC invocations=495656 (full 2):
 par new generation   total 368640K, used 327684K [0x00000006c1c00000, 0x00000006dac00000, 0x00000006dac00000)
  eden space 327680K, 100% used [0x00000006c1c00000, 0x00000006d5c00000, 0x00000006d5c00000)
  from space 40960K,   0% used [0x00000006d5c00000, 0x00000006d5c01020, 0x00000006d8400000)
  to   space 40960K,   0% used [0x00000006d8400000, 0x00000006d8400000, 0x00000006dac00000)
 concurrent mark-sweep generation total 3756032K, used 1080834K [0x00000006dac00000, 0x00000007c0000000, 0x00000007c0000000)
 Metaspace       used 42573K, capacity 43892K, committed 44572K, reserved 1087488K
  class space    used 5454K, capacity 5756K, committed 5960K, reserved 1048576K
2020-07-01T08:31:55.203+0200: 400069.846: [GC (Allocation Failure) 2020-07-01T08:31:55.203+0200: 400069.846: [ParNew
Desired survivor size 20971520 bytes, new threshold 1 (max 1)
- age   1:        304 bytes,        304 total
: 327684K->2K(368640K), 0.0482238 secs] 1408518K->1080836K(4124672K), 0.0484182 secs] [Times: user=0.02 sys=0.00, real=0.05 secs] 
Heap after GC invocations=495657 (full 2):
 par new generation   total 368640K, used 2K [0x00000006c1c00000, 0x00000006dac00000, 0x00000006dac00000)
  eden space 327680K,   0% used [0x00000006c1c00000, 0x00000006c1c00000, 0x00000006d5c00000)
  from space 40960K,   0% used [0x00000006d8400000, 0x00000006d8400810, 0x00000006dac00000)
  to   space 40960K,   0% used [0x00000006d5c00000, 0x00000006d5c00000, 0x00000006d8400000)
 concurrent mark-sweep generation total 3756032K, used 1080834K [0x00000006dac00000, 0x00000007c0000000, 0x00000007c0000000)
 Metaspace       used 42573K, capacity 43892K, committed 44572K, reserved 1087488K
  class space    used 5454K, capacity 5756K, committed 5960K, reserved 1048576K
}
2020-07-01T08:31:55.252+0200: 400069.894: Total time for which application threads were stopped: 0.0487920 seconds, Stopping threads took: 0.0000556 seconds
{Heap before GC invocations=495657 (full 2):
 par new generation   total 368640K, used 327682K [0x00000006c1c00000, 0x00000006dac00000, 0x00000006dac00000)
  eden space 327680K, 100% used [0x00000006c1c00000, 0x00000006d5c00000, 0x00000006d5c00000)
  from space 40960K,   0% used [0x00000006d8400000, 0x00000006d8400810, 0x00000006dac00000)
  to   space 40960K,   0% used [0x00000006d5c00000, 0x00000006d5c00000, 0x00000006d8400000)
 concurrent mark-sweep generation total 3756032K, used 1080834K [0x00000006dac00000, 0x00000007c0000000, 0x00000007c0000000)
 Metaspace       used 42573K, capacity 43892K, committed 44572K, reserved 1087488K
  class space    used 5454K, capacity 5756K, committed 5960K, reserved 1048576K
2020-07-01T08:31:55.642+0200: 400070.285: [GC (Allocation Failure) 2020-07-01T08:31:55.642+0200: 400070.285: [ParNew
Desired survivor size 20971520 bytes, new threshold 1 (max 1)
- age   1:        272 bytes,        272 total
: 327682K->4K(368640K), 0.0179684 secs] 1408516K->1080838K(4124672K), 0.0182079 secs] [Times: user=0.03 sys=0.00, real=0.02 secs] 
Heap after GC invocations=495658 (full 2):
 par new generation   total 368640K, used 4K [0x00000006c1c00000, 0x00000006dac00000, 0x00000006dac00000)
  eden space 327680K,   0% used [0x00000006c1c00000, 0x00000006c1c00000, 0x00000006d5c00000)
  from space 40960K,   0% used [0x00000006d5c00000, 0x00000006d5c01020, 0x00000006d8400000)
  to   space 40960K,   0% used [0x00000006d8400000, 0x00000006d8400000, 0x00000006dac00000)
 concurrent mark-sweep generation total 3756032K, used 1080834K [0x00000006dac00000, 0x00000007c0000000, 0x00000007c0000000)
 Metaspace       used 42573K, capacity 43892K, committed 44572K, reserved 1087488K
  class space    used 5454K, capacity 5756K, committed 5960K, reserved 1048576K
}
2020-07-01T08:31:55.661+0200: 400070.303: Total time for which application threads were stopped: 0.0230138 seconds, Stopping threads took: 0.0043108 seconds
{Heap before GC invocations=495658 (full 2):
 par new generation   total 368640K, used 327684K [0x00000006c1c00000, 0x00000006dac00000, 0x00000006dac00000)
  eden space 327680K, 100% used [0x00000006c1c00000, 0x00000006d5c00000, 0x00000006d5c00000)
  from space 40960K,   0% used [0x00000006d5c00000, 0x00000006d5c01020, 0x00000006d8400000)
  to   space 40960K,   0% used [0x00000006d8400000, 0x00000006d8400000, 0x00000006dac00000)
 concurrent mark-sweep generation total 3756032K, used 1080834K [0x00000006dac00000, 0x00000007c0000000, 0x00000007c0000000)
 Metaspace       used 42573K, capacity 43892K, committed 44572K, reserved 1087488K
  class space    used 5454K, capacity 5756K, committed 5960K, reserved 1048576K
2020-07-01T08:31:56.091+0200: 400070.734: [GC (Allocation Failure) 2020-07-01T08:31:56.091+0200: 400070.734: [ParNew
Desired survivor size 20971520 bytes, new threshold 1 (max 1)
- age   1:        272 bytes,        272 total
: 327684K->4K(368640K), 0.0318432 secs] 1408518K->1080838K(4124672K), 0.0319559 secs] [Times: user=0.02 sys=0.00, real=0.03 secs] 
Heap after GC invocations=495659 (full 2):
 par new generation   total 368640K, used 4K [0x00000006c1c00000, 0x00000006dac00000, 0x00000006dac00000)
  eden space 327680K,   0% used [0x00000006c1c00000, 0x00000006c1c00000, 0x00000006d5c00000)
  from space 40960K,   0% used [0x00000006d8400000, 0x00000006d8401020, 0x00000006dac00000)
  to   space 40960K,   0% used [0x00000006d5c00000, 0x00000006d5c00000, 0x00000006d8400000)
 concurrent mark-sweep generation total 3756032K, used 1080834K [0x00000006dac00000, 0x00000007c0000000, 0x00000007c0000000)
 Metaspace       used 42573K, capacity 43892K, committed 44572K, reserved 1087488K
  class space    used 5454K, capacity 5756K, committed 5960K, reserved 1048576K
}
2020-07-01T08:31:56.123+0200: 400070.766: Total time for which application threads were stopped: 0.0322401 seconds, Stopping threads took: 0.0000468 seconds
{Heap before GC invocations=495659 (full 2):
 par new generation   total 368640K, used 327684K [0x00000006c1c00000, 0x00000006dac00000, 0x00000006dac00000)
  eden space 327680K, 100% used [0x00000006c1c00000, 0x00000006d5c00000, 0x00000006d5c00000)
  from space 40960K,   0% used [0x00000006d8400000, 0x00000006d8401020, 0x00000006dac00000)
  to   space 40960K,   0% used [0x00000006d5c00000, 0x00000006d5c00000, 0x00000006d8400000)
 concurrent mark-sweep generation total 3756032K, used 1080834K [0x00000006dac00000, 0x00000007c0000000, 0x00000007c0000000)
 Metaspace       used 42573K, capacity 43892K, committed 44572K, reserved 1087488K
  class space    used 5454K, capacity 5756K, committed 5960K, reserved 1048576K
2020-07-01T08:31:56.525+0200: 400071.168: [GC (Allocation Failure) 2020-07-01T08:31:56.525+0200: 400071.168: [ParNew
Desired survivor size 20971520 bytes, new threshold 1 (max 1)
- age   1:        272 bytes,        272 total
: 327684K->2K(368640K), 0.0263824 secs] 1408518K->1080836K(4124672K), 0.0265126 secs] [Times: user=0.02 sys=0.00, real=0.03 secs] 
Heap after GC invocations=495660 (full 2):
 par new generation   total 368640K, used 2K [0x00000006c1c00000, 0x00000006dac00000, 0x00000006dac00000)
  eden space 327680K,   0% used [0x00000006c1c00000, 0x00000006c1c00000, 0x00000006d5c00000)
  from space 40960K,   0% used [0x00000006d5c00000, 0x00000006d5c00810, 0x00000006d8400000)
  to   space 40960K,   0% used [0x00000006d8400000, 0x00000006d8400000, 0x00000006dac00000)
 concurrent mark-sweep generation total 3756032K, used 1080834K [0x00000006dac00000, 0x00000007c0000000, 0x00000007c0000000)
 Metaspace       used 42573K, capacity 43892K, committed 44572K, reserved 1087488K
  class space    used 5454K, capacity 5756K, committed 5960K, reserved 1048576K
}
2020-07-01T08:31:56.552+0200: 400071.195: Total time for which application threads were stopped: 0.0268961 seconds, Stopping threads took: 0.0001003 seconds
{Heap before GC invocations=495660 (full 2):
 par new generation   total 368640K, used 327682K [0x00000006c1c00000, 0x00000006dac00000, 0x00000006dac00000)
  eden space 327680K, 100% used [0x00000006c1c00000, 0x00000006d5c00000, 0x00000006d5c00000)
  from space 40960K,   0% used [0x00000006d5c00000, 0x00000006d5c00810, 0x00000006d8400000)
  to   space 40960K,   0% used [0x00000006d8400000, 0x00000006d8400000, 0x00000006dac00000)
 concurrent mark-sweep generation total 3756032K, used 1080834K [0x00000006dac00000, 0x00000007c0000000, 0x00000007c0000000)
 Metaspace       used 42573K, capacity 43892K, committed 44572K, reserved 1087488K
  class space    used 5454K, capacity 5756K, committed 5960K, reserved 1048576K
2020-07-01T08:31:56.931+0200: 400071.573: [GC (Allocation Failure) 2020-07-01T08:31:56.931+0200: 400071.573: [ParNew
Desired survivor size 20971520 bytes, new threshold 1 (max 1)
- age   1:        240 bytes,        240 total
: 327682K->4K(368640K), 0.0402202 secs] 1408516K->1080838K(4124672K), 0.0403327 secs] [Times: user=0.05 sys=0.00, real=0.04 secs] 
Heap after GC invocations=495661 (full 2):
 par new generation   total 368640K, used 4K [0x00000006c1c00000, 0x00000006dac00000, 0x00000006dac00000)
  eden space 327680K,   0% used [0x00000006c1c00000, 0x00000006c1c00000, 0x00000006d5c00000)
  from space 40960K,   0% used [0x00000006d8400000, 0x00000006d8401020, 0x00000006dac00000)
  to   space 40960K,   0% used [0x00000006d5c00000, 0x00000006d5c00000, 0x00000006d8400000)
 concurrent mark-sweep generation total 3756032K, used 1080834K [0x00000006dac00000, 0x00000007c0000000, 0x00000007c0000000)
 Metaspace       used 42573K, capacity 43892K, committed 44572K, reserved 1087488K
  class space    used 5454K, capacity 5756K, committed 5960K, reserved 1048576K
}
2020-07-01T08:31:56.971+0200: 400071.614: Total time for which application threads were stopped: 0.0406172 seconds, Stopping threads took: 0.0000448 seconds
{Heap before GC invocations=495661 (full 2):
 par new generation   total 368640K, used 327684K [0x00000006c1c00000, 0x00000006dac00000, 0x00000006dac00000)
  eden space 327680K, 100% used [0x00000006c1c00000, 0x00000006d5c00000, 0x00000006d5c00000)
  from space 40960K,   0% used [0x00000006d8400000, 0x00000006d8401020, 0x00000006dac00000)
  to   space 40960K,   0% used [0x00000006d5c00000, 0x00000006d5c00000, 0x00000006d8400000)
 concurrent mark-sweep generation total 3756032K, used 1080834K [0x00000006dac00000, 0x00000007c0000000, 0x00000007c0000000)
 Metaspace       used 42573K, capacity 43892K, committed 44572K, reserved 1087488K
  class space    used 5454K, capacity 5756K, committed 5960K, reserved 1048576K
2020-07-01T08:31:57.337+0200: 400071.980: [GC (Allocation Failure) 2020-07-01T08:31:57.338+0200: 400071.980: [ParNew
Desired survivor size 20971520 bytes, new threshold 1 (max 1)
- age   1:        304 bytes,        304 total
: 327684K->2K(368640K), 0.0408676 secs] 1408518K->1080836K(4124672K), 0.0409659 secs] [Times: user=0.04 sys=0.00, real=0.05 secs] 
Heap after GC invocations=495662 (full 2):
 par new generation   total 368640K, used 2K [0x00000006c1c00000, 0x00000006dac00000, 0x00000006dac00000)
  eden space 327680K,   0% used [0x00000006c1c00000, 0x00000006c1c00000, 0x00000006d5c00000)
  from space 40960K,   0% used [0x00000006d5c00000, 0x00000006d5c00810, 0x00000006d8400000)
  to   space 40960K,   0% used [0x00000006d8400000, 0x00000006d8400000, 0x00000006dac00000)
 concurrent mark-sweep generation total 3756032K, used 1080834K [0x00000006dac00000, 0x00000007c0000000, 0x00000007c0000000)
 Metaspace       used 42573K, capacity 43892K, committed 44572K, reserved 1087488K
  class space    used 5454K, capacity 5756K, committed 5960K, reserved 1048576K
}
2020-07-01T08:31:57.379+0200: 400072.021: Total time for which application threads were stopped: 0.0412629 seconds, Stopping threads took: 0.0000544 seconds
{Heap before GC invocations=495662 (full 2):
 par new generation   total 368640K, used 327682K [0x00000006c1c00000, 0x00000006dac00000, 0x00000006dac00000)
  eden space 327680K, 100% used [0x00000006c1c00000, 0x00000006d5c00000, 0x00000006d5c00000)
  from space 40960K,   0% used [0x00000006d5c00000, 0x00000006d5c00810, 0x00000006d8400000)
  to   space 40960K,   0% used [0x00000006d8400000, 0x00000006d8400000, 0x00000006dac00000)
 concurrent mark-sweep generation total 3756032K, used 1080834K [0x00000006dac00000, 0x00000007c0000000, 0x00000007c0000000)
 Metaspace       used 42573K, capacity 43892K, committed 44572K, reserved 1087488K
  class space    used 5454K, capacity 5756K, committed 5960K, reserved 1048576K
2020-07-01T08:31:57.810+0200: 400072.453: [GC (Allocation Failure) 2020-07-01T08:31:57.810+0200: 400072.453: [ParNew
Desired survivor size 20971520 bytes, new threshold 1 (max 1)
- age   1:        536 bytes,        536 total
: 327682K->4K(368640K), 0.0264348 secs] 1408516K->1080838K(4124672K), 0.0265552 secs] [Times: user=0.01 sys=0.00, real=0.02 secs] 
Heap after GC invocations=495663 (full 2):
 par new generation   total 368640K, used 4K [0x00000006c1c00000, 0x00000006dac00000, 0x00000006dac00000)
  eden space 327680K,   0% used [0x00000006c1c00000, 0x00000006c1c00000, 0x00000006d5c00000)
  from space 40960K,   0% used [0x00000006d8400000, 0x00000006d8401020, 0x00000006dac00000)
  to   space 40960K,   0% used [0x00000006d5c00000, 0x00000006d5c00000, 0x00000006d8400000)
 concurrent mark-sweep generation total 3756032K, used 1080834K [0x00000006dac00000, 0x00000007c0000000, 0x00000007c0000000)
 Metaspace       used 42573K, capacity 43892K, committed 44572K, reserved 1087488K
  class space    used 5454K, capacity 5756K, committed 5960K, reserved 1048576K
}
2020-07-01T08:31:57.836+0200: 400072.479: Total time for which application threads were stopped: 0.0268404 seconds, Stopping threads took: 0.0000504 seconds
{Heap before GC invocations=495663 (full 2):
 par new generation   total 368640K, used 327684K [0x00000006c1c00000, 0x00000006dac00000, 0x00000006dac00000)
  eden space 327680K, 100% used [0x00000006c1c00000, 0x00000006d5c00000, 0x00000006d5c00000)
  from space 40960K,   0% used [0x00000006d8400000, 0x00000006d8401020, 0x00000006dac00000)
  to   space 40960K,   0% used [0x00000006d5c00000, 0x00000006d5c00000, 0x00000006d8400000)
 concurrent mark-sweep generation total 3756032K, used 1080834K [0x00000006dac00000, 0x00000007c0000000, 0x00000007c0000000)
 Metaspace       used 42573K, capacity 43892K, committed 44572K, reserved 1087488K
  class space    used 5454K, capacity 5756K, committed 5960K, reserved 1048576K
2020-07-01T08:31:58.172+0200: 400072.815: [GC (Allocation Failure) 2020-07-01T08:31:58.172+0200: 400072.815: [ParNew
Desired survivor size 20971520 bytes, new threshold 1 (max 1)
- age   1:        728 bytes,        728 total
: 327684K->4K(368640K), 0.0120571 secs] 1408518K->1080838K(4124672K), 0.0121653 secs] [Times: user=0.03 sys=0.00, real=0.01 secs] 
Heap after GC invocations=495664 (full 2):
 par new generation   total 368640K, used 4K [0x00000006c1c00000, 0x00000006dac00000, 0x00000006dac00000)
  eden space 327680K,   0% used [0x00000006c1c00000, 0x00000006c1c00000, 0x00000006d5c00000)
  from space 40960K,   0% used [0x00000006d5c00000, 0x00000006d5c01020, 0x00000006d8400000)
  to   space 40960K,   0% used [0x00000006d8400000, 0x00000006d8400000, 0x00000006dac00000)
 concurrent mark-sweep generation total 3756032K, used 1080834K [0x00000006dac00000, 0x00000007c0000000, 0x00000007c0000000)
 Metaspace       used 42573K, capacity 43892K, committed 44572K, reserved 1087488K
  class space    used 5454K, capacity 5756K, committed 5960K, reserved 1048576K
}
2020-07-01T08:31:58.184+0200: 400072.827: Total time for which application threads were stopped: 0.0129808 seconds, Stopping threads took: 0.0001204 seconds
{Heap before GC invocations=495664 (full 2):
 par new generation   total 368640K, used 327684K [0x00000006c1c00000, 0x00000006dac00000, 0x00000006dac00000)
  eden space 327680K, 100% used [0x00000006c1c00000, 0x00000006d5c00000, 0x00000006d5c00000)
  from space 40960K,   0% used [0x00000006d5c00000, 0x00000006d5c01020, 0x00000006d8400000)
  to   space 40960K,   0% used [0x00000006d8400000, 0x00000006d8400000, 0x00000006dac00000)
 concurrent mark-sweep generation total 3756032K, used 1080834K [0x00000006dac00000, 0x00000007c0000000, 0x00000007c0000000)
 Metaspace       used 42573K, capacity 43892K, committed 44572K, reserved 1087488K
  class space    used 5454K, capacity 5756K, committed 5960K, reserved 1048576K
2020-07-01T08:31:58.508+0200: 400073.150: [GC (Allocation Failure) 2020-07-01T08:31:58.508+0200: 400073.150: [ParNew
Desired survivor size 20971520 bytes, new threshold 1 (max 1)
- age   1:        272 bytes,        272 total
: 327684K->2K(368640K), 0.0146634 secs] 1408518K->1080837K(4124672K), 0.0147812 secs] [Times: user=0.02 sys=0.00, real=0.02 secs] 
Heap after GC invocations=495665 (full 2):
 par new generation   total 368640K, used 2K [0x00000006c1c00000, 0x00000006dac00000, 0x00000006dac00000)
  eden space 327680K,   0% used [0x00000006c1c00000, 0x00000006c1c00000, 0x00000006d5c00000)
  from space 40960K,   0% used [0x00000006d8400000, 0x00000006d8400810, 0x00000006dac00000)
  to   space 40960K,   0% used [0x00000006d5c00000, 0x00000006d5c00000, 0x00000006d8400000)
 concurrent mark-sweep generation total 3756032K, used 1080835K [0x00000006dac00000, 0x00000007c0000000, 0x00000007c0000000)
 Metaspace       used 42573K, capacity 43892K, committed 44572K, reserved 1087488K
  class space    used 5454K, capacity 5756K, committed 5960K, reserved 1048576K
}
2020-07-01T08:31:58.522+0200: 400073.165: Total time for which application threads were stopped: 0.0163390 seconds, Stopping threads took: 0.0012927 seconds
{Heap before GC invocations=495665 (full 2):
 par new generation   total 368640K, used 327682K [0x00000006c1c00000, 0x00000006dac00000, 0x00000006dac00000)
  eden space 327680K, 100% used [0x00000006c1c00000, 0x00000006d5c00000, 0x00000006d5c00000)
  from space 40960K,   0% used [0x00000006d8400000, 0x00000006d8400810, 0x00000006dac00000)
  to   space 40960K,   0% used [0x00000006d5c00000, 0x00000006d5c00000, 0x00000006d8400000)
 concurrent mark-sweep generation total 3756032K, used 1080835K [0x00000006dac00000, 0x00000007c0000000, 0x00000007c0000000)
 Metaspace       used 42573K, capacity 43892K, committed 44572K, reserved 1087488K
  class space    used 5454K, capacity 5756K, committed 5960K, reserved 1048576K
2020-07-01T08:31:58.837+0200: 400073.480: [GC (Allocation Failure) 2020-07-01T08:31:58.837+0200: 400073.480: [ParNew
Desired survivor size 20971520 bytes, new threshold 1 (max 1)
- age   1:        240 bytes,        240 total
: 327682K->6K(368640K), 0.0129314 secs] 1408517K->1080841K(4124672K), 0.0130674 secs] [Times: user=0.00 sys=0.00, real=0.02 secs] 
Heap after GC invocations=495666 (full 2):
 par new generation   total 368640K, used 6K [0x00000006c1c00000, 0x00000006dac00000, 0x00000006dac00000)
  eden space 327680K,   0% used [0x00000006c1c00000, 0x00000006c1c00000, 0x00000006d5c00000)
  from space 40960K,   0% used [0x00000006d5c00000, 0x00000006d5c01830, 0x00000006d8400000)
  to   space 40960K,   0% used [0x00000006d8400000, 0x00000006d8400000, 0x00000006dac00000)
 concurrent mark-sweep generation total 3756032K, used 1080835K [0x00000006dac00000, 0x00000007c0000000, 0x00000007c0000000)
 Metaspace       used 42573K, capacity 43892K, committed 44572K, reserved 1087488K
  class space    used 5454K, capacity 5756K, committed 5960K, reserved 1048576K
}
2020-07-01T08:31:58.850+0200: 400073.493: Total time for which application threads were stopped: 0.0145799 seconds, Stopping threads took: 0.0012575 seconds
{Heap before GC invocations=495666 (full 2):
 par new generation   total 368640K, used 327686K [0x00000006c1c00000, 0x00000006dac00000, 0x00000006dac00000)
  eden space 327680K, 100% used [0x00000006c1c00000, 0x00000006d5c00000, 0x00000006d5c00000)
  from space 40960K,   0% used [0x00000006d5c00000, 0x00000006d5c01830, 0x00000006d8400000)
  to   space 40960K,   0% used [0x00000006d8400000, 0x00000006d8400000, 0x00000006dac00000)
 concurrent mark-sweep generation total 3756032K, used 1080835K [0x00000006dac00000, 0x00000007c0000000, 0x00000007c0000000)
 Metaspace       used 42573K, capacity 43892K, committed 44572K, reserved 1087488K
  class space    used 5454K, capacity 5756K, committed 5960K, reserved 1048576K
2020-07-01T08:31:59.156+0200: 400073.799: [GC (Allocation Failure) 2020-07-01T08:31:59.156+0200: 400073.799: [ParNew
Desired survivor size 20971520 bytes, new threshold 1 (max 1)
- age   1:        304 bytes,        304 total
: 327686K->6K(368640K), 0.0086981 secs] 1408521K->1080841K(4124672K), 0.0088085 secs] [Times: user=0.00 sys=0.00, real=0.01 secs] 
Heap after GC invocations=495667 (full 2):
 par new generation   total 368640K, used 6K [0x00000006c1c00000, 0x00000006dac00000, 0x00000006dac00000)
  eden space 327680K,   0% used [0x00000006c1c00000, 0x00000006c1c00000, 0x00000006d5c00000)
  from space 40960K,   0% used [0x00000006d8400000, 0x00000006d8401830, 0x00000006dac00000)
  to   space 40960K,   0% used [0x00000006d5c00000, 0x00000006d5c00000, 0x00000006d8400000)
 concurrent mark-sweep generation total 3756032K, used 1080835K [0x00000006dac00000, 0x00000007c0000000, 0x00000007c0000000)
 Metaspace       used 42573K, capacity 43892K, committed 44572K, reserved 1087488K
  class space    used 5454K, capacity 5756K, committed 5960K, reserved 1048576K
}
2020-07-01T08:31:59.165+0200: 400073.808: Total time for which application threads were stopped: 0.0090879 seconds, Stopping threads took: 0.0000493 seconds
{Heap before GC invocations=495667 (full 2):
 par new generation   total 368640K, used 327686K [0x00000006c1c00000, 0x00000006dac00000, 0x00000006dac00000)
  eden space 327680K, 100% used [0x00000006c1c00000, 0x00000006d5c00000, 0x00000006d5c00000)
  from space 40960K,   0% used [0x00000006d8400000, 0x00000006d8401830, 0x00000006dac00000)
  to   space 40960K,   0% used [0x00000006d5c00000, 0x00000006d5c00000, 0x00000006d8400000)
 concurrent mark-sweep generation total 3756032K, used 1080835K [0x00000006dac00000, 0x00000007c0000000, 0x00000007c0000000)
 Metaspace       used 42573K, capacity 43892K, committed 44572K, reserved 1087488K
  class space    used 5454K, capacity 5756K, committed 5960K, reserved 1048576K
2020-07-01T08:31:59.491+0200: 400074.134: [GC (Allocation Failure) 2020-07-01T08:31:59.491+0200: 400074.134: [ParNew
Desired survivor size 20971520 bytes, new threshold 1 (max 1)
- age   1:        240 bytes,        240 total
: 327686K->4K(368640K), 0.0133289 secs] 1408521K->1080839K(4124672K), 0.0134297 secs] [Times: user=0.04 sys=0.00, real=0.01 secs] 
Heap after GC invocations=495668 (full 2):
 par new generation   total 368640K, used 4K [0x00000006c1c00000, 0x00000006dac00000, 0x00000006dac00000)
  eden space 327680K,   0% used [0x00000006c1c00000, 0x00000006c1c00000, 0x00000006d5c00000)
  from space 40960K,   0% used [0x00000006d5c00000, 0x00000006d5c01020, 0x00000006d8400000)
  to   space 40960K,   0% used [0x00000006d8400000, 0x00000006d8400000, 0x00000006dac00000)
 concurrent mark-sweep generation total 3756032K, used 1080835K [0x00000006dac00000, 0x00000007c0000000, 0x00000007c0000000)
 Metaspace       used 42573K, capacity 43892K, committed 44572K, reserved 1087488K
  class space    used 5454K, capacity 5756K, committed 5960K, reserved 1048576K
}
2020-07-01T08:31:59.505+0200: 400074.148: Total time for which application threads were stopped: 0.0137651 seconds, Stopping threads took: 0.0001016 seconds
{Heap before GC invocations=495668 (full 2):
 par new generation   total 368640K, used 327684K [0x00000006c1c00000, 0x00000006dac00000, 0x00000006dac00000)
  eden space 327680K, 100% used [0x00000006c1c00000, 0x00000006d5c00000, 0x00000006d5c00000)
  from space 40960K,   0% used [0x00000006d5c00000, 0x00000006d5c01020, 0x00000006d8400000)
  to   space 40960K,   0% used [0x00000006d8400000, 0x00000006d8400000, 0x00000006dac00000)
 concurrent mark-sweep generation total 3756032K, used 1080835K [0x00000006dac00000, 0x00000007c0000000, 0x00000007c0000000)
 Metaspace       used 42573K, capacity 43892K, committed 44572K, reserved 1087488K
  class space    used 5454K, capacity 5756K, committed 5960K, reserved 1048576K
2020-07-01T08:31:59.807+0200: 400074.450: [GC (Allocation Failure) 2020-07-01T08:31:59.807+0200: 400074.450: [ParNew
Desired survivor size 20971520 bytes, new threshold 1 (max 1)
- age   1:        304 bytes,        304 total
: 327684K->4K(368640K), 0.0171462 secs] 1408519K->1080839K(4124672K), 0.0172766 secs] [Times: user=0.00 sys=0.00, real=0.02 secs] 
Heap after GC invocations=495669 (full 2):
 par new generation   total 368640K, used 4K [0x00000006c1c00000, 0x00000006dac00000, 0x00000006dac00000)
  eden space 327680K,   0% used [0x00000006c1c00000, 0x00000006c1c00000, 0x00000006d5c00000)
  from space 40960K,   0% used [0x00000006d8400000, 0x00000006d8401020, 0x00000006dac00000)
  to   space 40960K,   0% used [0x00000006d5c00000, 0x00000006d5c00000, 0x00000006d8400000)
 concurrent mark-sweep generation total 3756032K, used 1080835K [0x00000006dac00000, 0x00000007c0000000, 0x00000007c0000000)
 Metaspace       used 42573K, capacity 43892K, committed 44572K, reserved 1087488K
  class space    used 5454K, capacity 5756K, committed 5960K, reserved 1048576K
}
2020-07-01T08:31:59.824+0200: 400074.467: Total time for which application threads were stopped: 0.0197480 seconds, Stopping threads took: 0.0022239 seconds
{Heap before GC invocations=495669 (full 2):
 par new generation   total 368640K, used 327684K [0x00000006c1c00000, 0x00000006dac00000, 0x00000006dac00000)
  eden space 327680K, 100% used [0x00000006c1c00000, 0x00000006d5c00000, 0x00000006d5c00000)
  from space 40960K,   0% used [0x00000006d8400000, 0x00000006d8401020, 0x00000006dac00000)
  to   space 40960K,   0% used [0x00000006d5c00000, 0x00000006d5c00000, 0x00000006d8400000)
 concurrent mark-sweep generation total 3756032K, used 1080835K [0x00000006dac00000, 0x00000007c0000000, 0x00000007c0000000)
 Metaspace       used 42573K, capacity 43892K, committed 44572K, reserved 1087488K
  class space    used 5454K, capacity 5756K, committed 5960K, reserved 1048576K
2020-07-01T08:32:00.206+0200: 400074.848: [GC (Allocation Failure) 2020-07-01T08:32:00.206+0200: 400074.849: [ParNew
Desired survivor size 20971520 bytes, new threshold 1 (max 1)
- age   1:        304 bytes,        304 total
: 327684K->4K(368640K), 0.0202056 secs] 1408519K->1080839K(4124672K), 0.0204010 secs] [Times: user=0.00 sys=0.00, real=0.02 secs] 
Heap after GC invocations=495670 (full 2):
 par new generation   total 368640K, used 4K [0x00000006c1c00000, 0x00000006dac00000, 0x00000006dac00000)
  eden space 327680K,   0% used [0x00000006c1c00000, 0x00000006c1c00000, 0x00000006d5c00000)
  from space 40960K,   0% used [0x00000006d5c00000, 0x00000006d5c01020, 0x00000006d8400000)
  to   space 40960K,   0% used [0x00000006d8400000, 0x00000006d8400000, 0x00000006dac00000)
 concurrent mark-sweep generation total 3756032K, used 1080835K [0x00000006dac00000, 0x00000007c0000000, 0x00000007c0000000)
 Metaspace       used 42573K, capacity 43892K, committed 44572K, reserved 1087488K
  class space    used 5454K, capacity 5756K, committed 5960K, reserved 1048576K
}
2020-07-01T08:32:00.226+0200: 400074.869: Total time for which application threads were stopped: 0.0207683 seconds, Stopping threads took: 0.0000565 seconds
{Heap before GC invocations=495670 (full 2):
 par new generation   total 368640K, used 327684K [0x00000006c1c00000, 0x00000006dac00000, 0x00000006dac00000)
  eden space 327680K, 100% used [0x00000006c1c00000, 0x00000006d5c00000, 0x00000006d5c00000)
  from space 40960K,   0% used [0x00000006d5c00000, 0x00000006d5c01020, 0x00000006d8400000)
  to   space 40960K,   0% used [0x00000006d8400000, 0x00000006d8400000, 0x00000006dac00000)
 concurrent mark-sweep generation total 3756032K, used 1080835K [0x00000006dac00000, 0x00000007c0000000, 0x00000007c0000000)
 Metaspace       used 42573K, capacity 43892K, committed 44572K, reserved 1087488K
  class space    used 5454K, capacity 5756K, committed 5960K, reserved 1048576K
2020-07-01T08:32:00.583+0200: 400075.226: [GC (Allocation Failure) 2020-07-01T08:32:00.583+0200: 400075.226: [ParNew
Desired survivor size 20971520 bytes, new threshold 1 (max 1)
- age   1:        272 bytes,        272 total
: 327684K->4K(368640K), 0.0110839 secs] 1408519K->1080839K(4124672K), 0.0111998 secs] [Times: user=0.01 sys=0.00, real=0.01 secs] 
Heap after GC invocations=495671 (full 2):
 par new generation   total 368640K, used 4K [0x00000006c1c00000, 0x00000006dac00000, 0x00000006dac00000)
  eden space 327680K,   0% used [0x00000006c1c00000, 0x00000006c1c00000, 0x00000006d5c00000)
  from space 40960K,   0% used [0x00000006d8400000, 0x00000006d8401020, 0x00000006dac00000)
  to   space 40960K,   0% used [0x00000006d5c00000, 0x00000006d5c00000, 0x00000006d8400000)
 concurrent mark-sweep generation total 3756032K, used 1080835K [0x00000006dac00000, 0x00000007c0000000, 0x00000007c0000000)
 Metaspace       used 42573K, capacity 43892K, committed 44572K, reserved 1087488K
  class space    used 5454K, capacity 5756K, committed 5960K, reserved 1048576K
}
2020-07-01T08:32:00.594+0200: 400075.237: Total time for which application threads were stopped: 0.0114977 seconds, Stopping threads took: 0.0000466 seconds
{Heap before GC invocations=495671 (full 2):
 par new generation   total 368640K, used 327684K [0x00000006c1c00000, 0x00000006dac00000, 0x00000006dac00000)
  eden space 327680K, 100% used [0x00000006c1c00000, 0x00000006d5c00000, 0x00000006d5c00000)
  from space 40960K,   0% used [0x00000006d8400000, 0x00000006d8401020, 0x00000006dac00000)
  to   space 40960K,   0% used [0x00000006d5c00000, 0x00000006d5c00000, 0x00000006d8400000)
 concurrent mark-sweep generation total 3756032K, used 1080835K [0x00000006dac00000, 0x00000007c0000000, 0x00000007c0000000)
 Metaspace       used 42573K, capacity 43892K, committed 44572K, reserved 1087488K
  class space    used 5454K, capacity 5756K, committed 5960K, reserved 1048576K
2020-07-01T08:32:00.894+0200: 400075.537: [GC (Allocation Failure) 2020-07-01T08:32:00.894+0200: 400075.537: [ParNew
Desired survivor size 20971520 bytes, new threshold 1 (max 1)
- age   1:        272 bytes,        272 total
: 327684K->4K(368640K), 0.0106221 secs] 1408519K->1080839K(4124672K), 0.0107220 secs] [Times: user=0.03 sys=0.00, real=0.01 secs] 
Heap after GC invocations=495672 (full 2):
 par new generation   total 368640K, used 4K [0x00000006c1c00000, 0x00000006dac00000, 0x00000006dac00000)
  eden space 327680K,   0% used [0x00000006c1c00000, 0x00000006c1c00000, 0x00000006d5c00000)
  from space 40960K,   0% used [0x00000006d5c00000, 0x00000006d5c01020, 0x00000006d8400000)
  to   space 40960K,   0% used [0x00000006d8400000, 0x00000006d8400000, 0x00000006dac00000)
 concurrent mark-sweep generation total 3756032K, used 1080835K [0x00000006dac00000, 0x00000007c0000000, 0x00000007c0000000)
 Metaspace       used 42573K, capacity 43892K, committed 44572K, reserved 1087488K
  class space    used 5454K, capacity 5756K, committed 5960K, reserved 1048576K
}
2020-07-01T08:32:00.905+0200: 400075.548: Total time for which application threads were stopped: 0.0111359 seconds, Stopping threads took: 0.0001428 seconds
{Heap before GC invocations=495672 (full 2):
 par new generation   total 368640K, used 327684K [0x00000006c1c00000, 0x00000006dac00000, 0x00000006dac00000)
  eden space 327680K, 100% used [0x00000006c1c00000, 0x00000006d5c00000, 0x00000006d5c00000)
  from space 40960K,   0% used [0x00000006d5c00000, 0x00000006d5c01020, 0x00000006d8400000)
  to   space 40960K,   0% used [0x00000006d8400000, 0x00000006d8400000, 0x00000006dac00000)
 concurrent mark-sweep generation total 3756032K, used 1080835K [0x00000006dac00000, 0x00000007c0000000, 0x00000007c0000000)
 Metaspace       used 42573K, capacity 43892K, committed 44572K, reserved 1087488K
  class space    used 5454K, capacity 5756K, committed 5960K, reserved 1048576K
2020-07-01T08:32:01.236+0200: 400075.879: [GC (Allocation Failure) 2020-07-01T08:32:01.236+0200: 400075.879: [ParNew
Desired survivor size 20971520 bytes, new threshold 1 (max 1)
- age   1:        304 bytes,        304 total
: 327684K->2K(368640K), 0.0149413 secs] 1408519K->1080837K(4124672K), 0.0150539 secs] [Times: user=0.02 sys=0.00, real=0.02 secs] 
Heap after GC invocations=495673 (full 2):
 par new generation   total 368640K, used 2K [0x00000006c1c00000, 0x00000006dac00000, 0x00000006dac00000)
  eden space 327680K,   0% used [0x00000006c1c00000, 0x00000006c1c00000, 0x00000006d5c00000)
  from space 40960K,   0% used [0x00000006d8400000, 0x00000006d8400810, 0x00000006dac00000)
  to   space 40960K,   0% used [0x00000006d5c00000, 0x00000006d5c00000, 0x00000006d8400000)
 concurrent mark-sweep generation total 3756032K, used 1080835K [0x00000006dac00000, 0x00000007c0000000, 0x00000007c0000000)
 Metaspace       used 42573K, capacity 43892K, committed 44572K, reserved 1087488K
  class space    used 5454K, capacity 5756K, committed 5960K, reserved 1048576K
}
2020-07-01T08:32:01.251+0200: 400075.894: Total time for which application threads were stopped: 0.0162815 seconds, Stopping threads took: 0.0007975 seconds
{Heap before GC invocations=495673 (full 2):
 par new generation   total 368640K, used 327682K [0x00000006c1c00000, 0x00000006dac00000, 0x00000006dac00000)
  eden space 327680K, 100% used [0x00000006c1c00000, 0x00000006d5c00000, 0x00000006d5c00000)
  from space 40960K,   0% used [0x00000006d8400000, 0x00000006d8400810, 0x00000006dac00000)
  to   space 40960K,   0% used [0x00000006d5c00000, 0x00000006d5c00000, 0x00000006d8400000)
 concurrent mark-sweep generation total 3756032K, used 1080835K [0x00000006dac00000, 0x00000007c0000000, 0x00000007c0000000)
 Metaspace       used 42573K, capacity 43892K, committed 44572K, reserved 1087488K
  class space    used 5454K, capacity 5756K, committed 5960K, reserved 1048576K
2020-07-01T08:32:01.543+0200: 400076.186: [GC (Allocation Failure) 2020-07-01T08:32:01.543+0200: 400076.186: [ParNew
Desired survivor size 20971520 bytes, new threshold 1 (max 1)
- age   1:        272 bytes,        272 total
: 327682K->6K(368640K), 0.0137720 secs] 1408517K->1080841K(4124672K), 0.0138759 secs] [Times: user=0.00 sys=0.00, real=0.01 secs] 
Heap after GC invocations=495674 (full 2):
 par new generation   total 368640K, used 6K [0x00000006c1c00000, 0x00000006dac00000, 0x00000006dac00000)
  eden space 327680K,   0% used [0x00000006c1c00000, 0x00000006c1c00000, 0x00000006d5c00000)
  from space 40960K,   0% used [0x00000006d5c00000, 0x00000006d5c01830, 0x00000006d8400000)
  to   space 40960K,   0% used [0x00000006d8400000, 0x00000006d8400000, 0x00000006dac00000)
 concurrent mark-sweep generation total 3756032K, used 1080835K [0x00000006dac00000, 0x00000007c0000000, 0x00000007c0000000)
 Metaspace       used 42573K, capacity 43892K, committed 44572K, reserved 1087488K
  class space    used 5454K, capacity 5756K, committed 5960K, reserved 1048576K
}
2020-07-01T08:32:01.557+0200: 400076.200: Total time for which application threads were stopped: 0.0141499 seconds, Stopping threads took: 0.0000454 seconds
{Heap before GC invocations=495674 (full 2):
 par new generation   total 368640K, used 327686K [0x00000006c1c00000, 0x00000006dac00000, 0x00000006dac00000)
  eden space 327680K, 100% used [0x00000006c1c00000, 0x00000006d5c00000, 0x00000006d5c00000)
  from space 40960K,   0% used [0x00000006d5c00000, 0x00000006d5c01830, 0x00000006d8400000)
  to   space 40960K,   0% used [0x00000006d8400000, 0x00000006d8400000, 0x00000006dac00000)
 concurrent mark-sweep generation total 3756032K, used 1080835K [0x00000006dac00000, 0x00000007c0000000, 0x00000007c0000000)
 Metaspace       used 42573K, capacity 43892K, committed 44572K, reserved 1087488K
  class space    used 5454K, capacity 5756K, committed 5960K, reserved 1048576K
2020-07-01T08:32:01.849+0200: 400076.492: [GC (Allocation Failure) 2020-07-01T08:32:01.849+0200: 400076.492: [ParNew
Desired survivor size 20971520 bytes, new threshold 1 (max 1)
- age   1:        240 bytes,        240 total
: 327686K->6K(368640K), 0.0306978 secs] 1408521K->1080841K(4124672K), 0.0308446 secs] [Times: user=0.05 sys=0.00, real=0.03 secs] 
Heap after GC invocations=495675 (full 2):
 par new generation   total 368640K, used 6K [0x00000006c1c00000, 0x00000006dac00000, 0x00000006dac00000)
  eden space 327680K,   0% used [0x00000006c1c00000, 0x00000006c1c00000, 0x00000006d5c00000)
  from space 40960K,   0% used [0x00000006d8400000, 0x00000006d8401830, 0x00000006dac00000)
  to   space 40960K,   0% used [0x00000006d5c00000, 0x00000006d5c00000, 0x00000006d8400000)
 concurrent mark-sweep generation total 3756032K, used 1080835K [0x00000006dac00000, 0x00000007c0000000, 0x00000007c0000000)
 Metaspace       used 42573K, capacity 43892K, committed 44572K, reserved 1087488K
  class space    used 5454K, capacity 5756K, committed 5960K, reserved 1048576K
}
2020-07-01T08:32:01.880+0200: 400076.523: Total time for which application threads were stopped: 0.0311433 seconds, Stopping threads took: 0.0000471 seconds
{Heap before GC invocations=495675 (full 2):
 par new generation   total 368640K, used 327686K [0x00000006c1c00000, 0x00000006dac00000, 0x00000006dac00000)
  eden space 327680K, 100% used [0x00000006c1c00000, 0x00000006d5c00000, 0x00000006d5c00000)
  from space 40960K,   0% used [0x00000006d8400000, 0x00000006d8401830, 0x00000006dac00000)
  to   space 40960K,   0% used [0x00000006d5c00000, 0x00000006d5c00000, 0x00000006d8400000)
 concurrent mark-sweep generation total 3756032K, used 1080835K [0x00000006dac00000, 0x00000007c0000000, 0x00000007c0000000)
 Metaspace       used 42573K, capacity 43892K, committed 44572K, reserved 1087488K
  class space    used 5454K, capacity 5756K, committed 5960K, reserved 1048576K
2020-07-01T08:32:02.218+0200: 400076.861: [GC (Allocation Failure) 2020-07-01T08:32:02.218+0200: 400076.861: [ParNew
Desired survivor size 20971520 bytes, new threshold 1 (max 1)
- age   1:        304 bytes,        304 total
: 327686K->2K(368640K), 0.0187438 secs] 1408521K->1080837K(4124672K), 0.0188459 secs] [Times: user=0.00 sys=0.00, real=0.01 secs] 
Heap after GC invocations=495676 (full 2):
 par new generation   total 368640K, used 2K [0x00000006c1c00000, 0x00000006dac00000, 0x00000006dac00000)
  eden space 327680K,   0% used [0x00000006c1c00000, 0x00000006c1c00000, 0x00000006d5c00000)
  from space 40960K,   0% used [0x00000006d5c00000, 0x00000006d5c00810, 0x00000006d8400000)
  to   space 40960K,   0% used [0x00000006d8400000, 0x00000006d8400000, 0x00000006dac00000)
 concurrent mark-sweep generation total 3756032K, used 1080835K [0x00000006dac00000, 0x00000007c0000000, 0x00000007c0000000)
 Metaspace       used 42573K, capacity 43892K, committed 44572K, reserved 1087488K
  class space    used 5454K, capacity 5756K, committed 5960K, reserved 1048576K
}
2020-07-01T08:32:02.237+0200: 400076.880: Total time for which application threads were stopped: 0.0191554 seconds, Stopping threads took: 0.0000507 seconds
{Heap before GC invocations=495676 (full 2):
 par new generation   total 368640K, used 327682K [0x00000006c1c00000, 0x00000006dac00000, 0x00000006dac00000)
  eden space 327680K, 100% used [0x00000006c1c00000, 0x00000006d5c00000, 0x00000006d5c00000)
  from space 40960K,   0% used [0x00000006d5c00000, 0x00000006d5c00810, 0x00000006d8400000)
  to   space 40960K,   0% used [0x00000006d8400000, 0x00000006d8400000, 0x00000006dac00000)
 concurrent mark-sweep generation total 3756032K, used 1080835K [0x00000006dac00000, 0x00000007c0000000, 0x00000007c0000000)
 Metaspace       used 42573K, capacity 43892K, committed 44572K, reserved 1087488K
  class space    used 5454K, capacity 5756K, committed 5960K, reserved 1048576K
2020-07-01T08:32:02.537+0200: 400077.180: [GC (Allocation Failure) 2020-07-01T08:32:02.537+0200: 400077.180: [ParNew
Desired survivor size 20971520 bytes, new threshold 1 (max 1)
- age   1:        240 bytes,        240 total
: 327682K->2K(368640K), 0.0150013 secs] 1408517K->1080837K(4124672K), 0.0151244 secs] [Times: user=0.01 sys=0.00, real=0.02 secs] 
Heap after GC invocations=495677 (full 2):
 par new generation   total 368640K, used 2K [0x00000006c1c00000, 0x00000006dac00000, 0x00000006dac00000)
  eden space 327680K,   0% used [0x00000006c1c00000, 0x00000006c1c00000, 0x00000006d5c00000)
  from space 40960K,   0% used [0x00000006d8400000, 0x00000006d8400810, 0x00000006dac00000)
  to   space 40960K,   0% used [0x00000006d5c00000, 0x00000006d5c00000, 0x00000006d8400000)
 concurrent mark-sweep generation total 3756032K, used 1080835K [0x00000006dac00000, 0x00000007c0000000, 0x00000007c0000000)
 Metaspace       used 42573K, capacity 43892K, committed 44572K, reserved 1087488K
  class space    used 5454K, capacity 5756K, committed 5960K, reserved 1048576K
}
2020-07-01T08:32:02.552+0200: 400077.195: Total time for which application threads were stopped: 0.0156265 seconds, Stopping threads took: 0.0000482 seconds
{Heap before GC invocations=495677 (full 2):
 par new generation   total 368640K, used 327682K [0x00000006c1c00000, 0x00000006dac00000, 0x00000006dac00000)
  eden space 327680K, 100% used [0x00000006c1c00000, 0x00000006d5c00000, 0x00000006d5c00000)
  from space 40960K,   0% used [0x00000006d8400000, 0x00000006d8400810, 0x00000006dac00000)
  to   space 40960K,   0% used [0x00000006d5c00000, 0x00000006d5c00000, 0x00000006d8400000)
 concurrent mark-sweep generation total 3756032K, used 1080835K [0x00000006dac00000, 0x00000007c0000000, 0x00000007c0000000)
 Metaspace       used 42573K, capacity 43892K, committed 44572K, reserved 1087488K
  class space    used 5454K, capacity 5756K, committed 5960K, reserved 1048576K
2020-07-01T08:32:02.875+0200: 400077.518: [GC (Allocation Failure) 2020-07-01T08:32:02.875+0200: 400077.518: [ParNew
Desired survivor size 20971520 bytes, new threshold 1 (max 1)
- age   1:        480 bytes,        480 total
: 327682K->4K(368640K), 0.0124298 secs] 1408517K->1080839K(4124672K), 0.0125628 secs] [Times: user=0.01 sys=0.00, real=0.02 secs] 
Heap after GC invocations=495678 (full 2):
 par new generation   total 368640K, used 4K [0x00000006c1c00000, 0x00000006dac00000, 0x00000006dac00000)
  eden space 327680K,   0% used [0x00000006c1c00000, 0x00000006c1c00000, 0x00000006d5c00000)
  from space 40960K,   0% used [0x00000006d5c00000, 0x00000006d5c01020, 0x00000006d8400000)
  to   space 40960K,   0% used [0x00000006d8400000, 0x00000006d8400000, 0x00000006dac00000)
 concurrent mark-sweep generation total 3756032K, used 1080835K [0x00000006dac00000, 0x00000007c0000000, 0x00000007c0000000)
 Metaspace       used 42573K, capacity 43892K, committed 44572K, reserved 1087488K
  class space    used 5454K, capacity 5756K, committed 5960K, reserved 1048576K
}
2020-07-01T08:32:02.888+0200: 400077.531: Total time for which application threads were stopped: 0.0129559 seconds, Stopping threads took: 0.0001310 seconds
{Heap before GC invocations=495678 (full 2):
 par new generation   total 368640K, used 327684K [0x00000006c1c00000, 0x00000006dac00000, 0x00000006dac00000)
  eden space 327680K, 100% used [0x00000006c1c00000, 0x00000006d5c00000, 0x00000006d5c00000)
  from space 40960K,   0% used [0x00000006d5c00000, 0x00000006d5c01020, 0x00000006d8400000)
  to   space 40960K,   0% used [0x00000006d8400000, 0x00000006d8400000, 0x00000006dac00000)
 concurrent mark-sweep generation total 3756032K, used 1080835K [0x00000006dac00000, 0x00000007c0000000, 0x00000007c0000000)
 Metaspace       used 42573K, capacity 43892K, committed 44572K, reserved 1087488K
  class space    used 5454K, capacity 5756K, committed 5960K, reserved 1048576K
2020-07-01T08:32:03.253+0200: 400077.895: [GC (Allocation Failure) 2020-07-01T08:32:03.253+0200: 400077.896: [ParNew
Desired survivor size 20971520 bytes, new threshold 1 (max 1)
- age   1:        288 bytes,        288 total
: 327684K->4K(368640K), 0.0129161 secs] 1408519K->1080840K(4124672K), 0.0130247 secs] [Times: user=0.03 sys=0.00, real=0.01 secs] 
Heap after GC invocations=495679 (full 2):
 par new generation   total 368640K, used 4K [0x00000006c1c00000, 0x00000006dac00000, 0x00000006dac00000)
  eden space 327680K,   0% used [0x00000006c1c00000, 0x00000006c1c00000, 0x00000006d5c00000)
  from space 40960K,   0% used [0x00000006d8400000, 0x00000006d8401020, 0x00000006dac00000)
  to   space 40960K,   0% used [0x00000006d5c00000, 0x00000006d5c00000, 0x00000006d8400000)
 concurrent mark-sweep generation total 3756032K, used 1080835K [0x00000006dac00000, 0x00000007c0000000, 0x00000007c0000000)
 Metaspace       used 42573K, capacity 43892K, committed 44572K, reserved 1087488K
  class space    used 5454K, capacity 5756K, committed 5960K, reserved 1048576K
}
2020-07-01T08:32:03.266+0200: 400077.909: Total time for which application threads were stopped: 0.0141433 seconds, Stopping threads took: 0.0008158 seconds
{Heap before GC invocations=495679 (full 2):
 par new generation   total 368640K, used 327684K [0x00000006c1c00000, 0x00000006dac00000, 0x00000006dac00000)
  eden space 327680K, 100% used [0x00000006c1c00000, 0x00000006d5c00000, 0x00000006d5c00000)
  from space 40960K,   0% used [0x00000006d8400000, 0x00000006d8401020, 0x00000006dac00000)
  to   space 40960K,   0% used [0x00000006d5c00000, 0x00000006d5c00000, 0x00000006d8400000)
 concurrent mark-sweep generation total 3756032K, used 1080835K [0x00000006dac00000, 0x00000007c0000000, 0x00000007c0000000)
 Metaspace       used 42573K, capacity 43892K, committed 44572K, reserved 1087488K
  class space    used 5454K, capacity 5756K, committed 5960K, reserved 1048576K
2020-07-01T08:32:03.651+0200: 400078.294: [GC (Allocation Failure) 2020-07-01T08:32:03.651+0200: 400078.294: [ParNew
Desired survivor size 20971520 bytes, new threshold 1 (max 1)
- age   1:        272 bytes,        272 total
: 327684K->4K(368640K), 0.0139289 secs] 1408520K->1080840K(4124672K), 0.0140459 secs] [Times: user=0.01 sys=0.00, real=0.01 secs] 
Heap after GC invocations=495680 (full 2):
 par new generation   total 368640K, used 4K [0x00000006c1c00000, 0x00000006dac00000, 0x00000006dac00000)
  eden space 327680K,   0% used [0x00000006c1c00000, 0x00000006c1c00000, 0x00000006d5c00000)
  from space 40960K,   0% used [0x00000006d5c00000, 0x00000006d5c01020, 0x00000006d8400000)
  to   space 40960K,   0% used [0x00000006d8400000, 0x00000006d8400000, 0x00000006dac00000)
 concurrent mark-sweep generation total 3756032K, used 1080836K [0x00000006dac00000, 0x00000007c0000000, 0x00000007c0000000)
 Metaspace       used 42573K, capacity 43892K, committed 44572K, reserved 1087488K
  class space    used 5454K, capacity 5756K, committed 5960K, reserved 1048576K
}
2020-07-01T08:32:03.665+0200: 400078.308: Total time for which application threads were stopped: 0.0143692 seconds, Stopping threads took: 0.0000504 seconds
{Heap before GC invocations=495680 (full 2):
 par new generation   total 368640K, used 327684K [0x00000006c1c00000, 0x00000006dac00000, 0x00000006dac00000)
  eden space 327680K, 100% used [0x00000006c1c00000, 0x00000006d5c00000, 0x00000006d5c00000)
  from space 40960K,   0% used [0x00000006d5c00000, 0x00000006d5c01020, 0x00000006d8400000)
  to   space 40960K,   0% used [0x00000006d8400000, 0x00000006d8400000, 0x00000006dac00000)
 concurrent mark-sweep generation total 3756032K, used 1080836K [0x00000006dac00000, 0x00000007c0000000, 0x00000007c0000000)
 Metaspace       used 42573K, capacity 43892K, committed 44572K, reserved 1087488K
  class space    used 5454K, capacity 5756K, committed 5960K, reserved 1048576K
2020-07-01T08:32:03.968+0200: 400078.611: [GC (Allocation Failure) 2020-07-01T08:32:03.968+0200: 400078.611: [ParNew
Desired survivor size 20971520 bytes, new threshold 1 (max 1)
- age   1:        240 bytes,        240 total
: 327684K->4K(368640K), 0.0098891 secs] 1408520K->1080840K(4124672K), 0.0100060 secs] [Times: user=0.00 sys=0.00, real=0.01 secs] 
Heap after GC invocations=495681 (full 2):
 par new generation   total 368640K, used 4K [0x00000006c1c00000, 0x00000006dac00000, 0x00000006dac00000)
  eden space 327680K,   0% used [0x00000006c1c00000, 0x00000006c1c00000, 0x00000006d5c00000)
  from space 40960K,   0% used [0x00000006d8400000, 0x00000006d8401020, 0x00000006dac00000)
  to   space 40960K,   0% used [0x00000006d5c00000, 0x00000006d5c00000, 0x00000006d8400000)
 concurrent mark-sweep generation total 3756032K, used 1080836K [0x00000006dac00000, 0x00000007c0000000, 0x00000007c0000000)
 Metaspace       used 42573K, capacity 43892K, committed 44572K, reserved 1087488K
  class space    used 5454K, capacity 5756K, committed 5960K, reserved 1048576K
}
2020-07-01T08:32:03.978+0200: 400078.621: Total time for which application threads were stopped: 0.0103046 seconds, Stopping threads took: 0.0000496 seconds
{Heap before GC invocations=495681 (full 2):
 par new generation   total 368640K, used 327684K [0x00000006c1c00000, 0x00000006dac00000, 0x00000006dac00000)
  eden space 327680K, 100% used [0x00000006c1c00000, 0x00000006d5c00000, 0x00000006d5c00000)
  from space 40960K,   0% used [0x00000006d8400000, 0x00000006d8401020, 0x00000006dac00000)
  to   space 40960K,   0% used [0x00000006d5c00000, 0x00000006d5c00000, 0x00000006d8400000)
 concurrent mark-sweep generation total 3756032K, used 1080836K [0x00000006dac00000, 0x00000007c0000000, 0x00000007c0000000)
 Metaspace       used 42573K, capacity 43892K, committed 44572K, reserved 1087488K
  class space    used 5454K, capacity 5756K, committed 5960K, reserved 1048576K
2020-07-01T08:32:04.284+0200: 400078.927: [GC (Allocation Failure) 2020-07-01T08:32:04.284+0200: 400078.927: [ParNew
Desired survivor size 20971520 bytes, new threshold 1 (max 1)
- age   1:        272 bytes,        272 total
: 327684K->2K(368640K), 0.0131609 secs] 1408520K->1080838K(4124672K), 0.0132728 secs] [Times: user=0.02 sys=0.00, real=0.01 secs] 
Heap after GC invocations=495682 (full 2):
 par new generation   total 368640K, used 2K [0x00000006c1c00000, 0x00000006dac00000, 0x00000006dac00000)
  eden space 327680K,   0% used [0x00000006c1c00000, 0x00000006c1c00000, 0x00000006d5c00000)
  from space 40960K,   0% used [0x00000006d5c00000, 0x00000006d5c00810, 0x00000006d8400000)
  to   space 40960K,   0% used [0x00000006d8400000, 0x00000006d8400000, 0x00000006dac00000)
 concurrent mark-sweep generation total 3756032K, used 1080836K [0x00000006dac00000, 0x00000007c0000000, 0x00000007c0000000)
 Metaspace       used 42573K, capacity 43892K, committed 44572K, reserved 1087488K
  class space    used 5454K, capacity 5756K, committed 5960K, reserved 1048576K
}
2020-07-01T08:32:04.297+0200: 400078.940: Total time for which application threads were stopped: 0.0153674 seconds, Stopping threads took: 0.0018485 seconds
{Heap before GC invocations=495682 (full 2):
 par new generation   total 368640K, used 327682K [0x00000006c1c00000, 0x00000006dac00000, 0x00000006dac00000)
  eden space 327680K, 100% used [0x00000006c1c00000, 0x00000006d5c00000, 0x00000006d5c00000)
  from space 40960K,   0% used [0x00000006d5c00000, 0x00000006d5c00810, 0x00000006d8400000)
  to   space 40960K,   0% used [0x00000006d8400000, 0x00000006d8400000, 0x00000006dac00000)
 concurrent mark-sweep generation total 3756032K, used 1080836K [0x00000006dac00000, 0x00000007c0000000, 0x00000007c0000000)
 Metaspace       used 42573K, capacity 43892K, committed 44572K, reserved 1087488K
  class space    used 5454K, capacity 5756K, committed 5960K, reserved 1048576K
2020-07-01T08:32:04.597+0200: 400079.240: [GC (Allocation Failure) 2020-07-01T08:32:04.597+0200: 400079.240: [ParNew
Desired survivor size 20971520 bytes, new threshold 1 (max 1)
- age   1:        272 bytes,        272 total
: 327682K->4K(368640K), 0.0102032 secs] 1408518K->1080840K(4124672K), 0.0103266 secs] [Times: user=0.03 sys=0.00, real=0.01 secs] 
Heap after GC invocations=495683 (full 2):
 par new generation   total 368640K, used 4K [0x00000006c1c00000, 0x00000006dac00000, 0x00000006dac00000)
  eden space 327680K,   0% used [0x00000006c1c00000, 0x00000006c1c00000, 0x00000006d5c00000)
  from space 40960K,   0% used [0x00000006d8400000, 0x00000006d8401020, 0x00000006dac00000)
  to   space 40960K,   0% used [0x00000006d5c00000, 0x00000006d5c00000, 0x00000006d8400000)
 concurrent mark-sweep generation total 3756032K, used 1080836K [0x00000006dac00000, 0x00000007c0000000, 0x00000007c0000000)
 Metaspace       used 42573K, capacity 43892K, committed 44572K, reserved 1087488K
  class space    used 5454K, capacity 5756K, committed 5960K, reserved 1048576K
}
2020-07-01T08:32:04.607+0200: 400079.250: Total time for which application threads were stopped: 0.0107607 seconds, Stopping threads took: 0.0001331 seconds
{Heap before GC invocations=495683 (full 2):
 par new generation   total 368640K, used 327684K [0x00000006c1c00000, 0x00000006dac00000, 0x00000006dac00000)
  eden space 327680K, 100% used [0x00000006c1c00000, 0x00000006d5c00000, 0x00000006d5c00000)
  from space 40960K,   0% used [0x00000006d8400000, 0x00000006d8401020, 0x00000006dac00000)
  to   space 40960K,   0% used [0x00000006d5c00000, 0x00000006d5c00000, 0x00000006d8400000)
 concurrent mark-sweep generation total 3756032K, used 1080836K [0x00000006dac00000, 0x00000007c0000000, 0x00000007c0000000)
 Metaspace       used 42573K, capacity 43892K, committed 44572K, reserved 1087488K
  class space    used 5454K, capacity 5756K, committed 5960K, reserved 1048576K
2020-07-01T08:32:04.958+0200: 400079.601: [GC (Allocation Failure) 2020-07-01T08:32:04.958+0200: 400079.601: [ParNew
Desired survivor size 20971520 bytes, new threshold 1 (max 1)
- age   1:        240 bytes,        240 total
: 327684K->2K(368640K), 0.0285252 secs] 1408520K->1080838K(4124672K), 0.0286249 secs] [Times: user=0.03 sys=0.00, real=0.02 secs] 
Heap after GC invocations=495684 (full 2):
 par new generation   total 368640K, used 2K [0x00000006c1c00000, 0x00000006dac00000, 0x00000006dac00000)
  eden space 327680K,   0% used [0x00000006c1c00000, 0x00000006c1c00000, 0x00000006d5c00000)
  from space 40960K,   0% used [0x00000006d5c00000, 0x00000006d5c00810, 0x00000006d8400000)
  to   space 40960K,   0% used [0x00000006d8400000, 0x00000006d8400000, 0x00000006dac00000)
 concurrent mark-sweep generation total 3756032K, used 1080836K [0x00000006dac00000, 0x00000007c0000000, 0x00000007c0000000)
 Metaspace       used 42573K, capacity 43892K, committed 44572K, reserved 1087488K
  class space    used 5454K, capacity 5756K, committed 5960K, reserved 1048576K
}
2020-07-01T08:32:04.987+0200: 400079.630: Total time for which application threads were stopped: 0.0289405 seconds, Stopping threads took: 0.0000509 seconds
{Heap before GC invocations=495684 (full 2):
 par new generation   total 368640K, used 327682K [0x00000006c1c00000, 0x00000006dac00000, 0x00000006dac00000)
  eden space 327680K, 100% used [0x00000006c1c00000, 0x00000006d5c00000, 0x00000006d5c00000)
  from space 40960K,   0% used [0x00000006d5c00000, 0x00000006d5c00810, 0x00000006d8400000)
  to   space 40960K,   0% used [0x00000006d8400000, 0x00000006d8400000, 0x00000006dac00000)
 concurrent mark-sweep generation total 3756032K, used 1080836K [0x00000006dac00000, 0x00000007c0000000, 0x00000007c0000000)
 Metaspace       used 42573K, capacity 43892K, committed 44572K, reserved 1087488K
  class space    used 5454K, capacity 5756K, committed 5960K, reserved 1048576K
2020-07-01T08:32:05.363+0200: 400080.006: [GC (Allocation Failure) 2020-07-01T08:32:05.363+0200: 400080.006: [ParNew
Desired survivor size 20971520 bytes, new threshold 1 (max 1)
- age   1:        336 bytes,        336 total
: 327682K->4K(368640K), 0.0235047 secs] 1408518K->1080840K(4124672K), 0.0236300 secs] [Times: user=0.03 sys=0.01, real=0.02 secs] 
Heap after GC invocations=495685 (full 2):
 par new generation   total 368640K, used 4K [0x00000006c1c00000, 0x00000006dac00000, 0x00000006dac00000)
  eden space 327680K,   0% used [0x00000006c1c00000, 0x00000006c1c00000, 0x00000006d5c00000)
  from space 40960K,   0% used [0x00000006d8400000, 0x00000006d8401020, 0x00000006dac00000)
  to   space 40960K,   0% used [0x00000006d5c00000, 0x00000006d5c00000, 0x00000006d8400000)
 concurrent mark-sweep generation total 3756032K, used 1080836K [0x00000006dac00000, 0x00000007c0000000, 0x00000007c0000000)
 Metaspace       used 42573K, capacity 43892K, committed 44572K, reserved 1087488K
  class space    used 5454K, capacity 5756K, committed 5960K, reserved 1048576K
}
2020-07-01T08:32:05.387+0200: 400080.030: Total time for which application threads were stopped: 0.0239846 seconds, Stopping threads took: 0.0000914 seconds
{Heap before GC invocations=495685 (full 2):
 par new generation   total 368640K, used 327684K [0x00000006c1c00000, 0x00000006dac00000, 0x00000006dac00000)
  eden space 327680K, 100% used [0x00000006c1c00000, 0x00000006d5c00000, 0x00000006d5c00000)
  from space 40960K,   0% used [0x00000006d8400000, 0x00000006d8401020, 0x00000006dac00000)
  to   space 40960K,   0% used [0x00000006d5c00000, 0x00000006d5c00000, 0x00000006d8400000)
 concurrent mark-sweep generation total 3756032K, used 1080836K [0x00000006dac00000, 0x00000007c0000000, 0x00000007c0000000)
 Metaspace       used 42573K, capacity 43892K, committed 44572K, reserved 1087488K
  class space    used 5454K, capacity 5756K, committed 5960K, reserved 1048576K
2020-07-01T08:32:05.798+0200: 400080.441: [GC (Allocation Failure) 2020-07-01T08:32:05.798+0200: 400080.441: [ParNew
Desired survivor size 20971520 bytes, new threshold 1 (max 1)
- age   1:        272 bytes,        272 total
: 327684K->2K(368640K), 0.0299368 secs] 1408520K->1080838K(4124672K), 0.0300419 secs] [Times: user=0.02 sys=0.00, real=0.03 secs] 
Heap after GC invocations=495686 (full 2):
 par new generation   total 368640K, used 2K [0x00000006c1c00000, 0x00000006dac00000, 0x00000006dac00000)
  eden space 327680K,   0% used [0x00000006c1c00000, 0x00000006c1c00000, 0x00000006d5c00000)
  from space 40960K,   0% used [0x00000006d5c00000, 0x00000006d5c00810, 0x00000006d8400000)
  to   space 40960K,   0% used [0x00000006d8400000, 0x00000006d8400000, 0x00000006dac00000)
 concurrent mark-sweep generation total 3756032K, used 1080836K [0x00000006dac00000, 0x00000007c0000000, 0x00000007c0000000)
 Metaspace       used 42573K, capacity 43892K, committed 44572K, reserved 1087488K
  class space    used 5454K, capacity 5756K, committed 5960K, reserved 1048576K
}
2020-07-01T08:32:05.828+0200: 400080.471: Total time for which application threads were stopped: 0.0303523 seconds, Stopping threads took: 0.0000544 seconds
{Heap before GC invocations=495686 (full 2):
 par new generation   total 368640K, used 327682K [0x00000006c1c00000, 0x00000006dac00000, 0x00000006dac00000)
  eden space 327680K, 100% used [0x00000006c1c00000, 0x00000006d5c00000, 0x00000006d5c00000)
  from space 40960K,   0% used [0x00000006d5c00000, 0x00000006d5c00810, 0x00000006d8400000)
  to   space 40960K,   0% used [0x00000006d8400000, 0x00000006d8400000, 0x00000006dac00000)
 concurrent mark-sweep generation total 3756032K, used 1080836K [0x00000006dac00000, 0x00000007c0000000, 0x00000007c0000000)
 Metaspace       used 42573K, capacity 43892K, committed 44572K, reserved 1087488K
  class space    used 5454K, capacity 5756K, committed 5960K, reserved 1048576K
2020-07-01T08:32:06.222+0200: 400080.865: [GC (Allocation Failure) 2020-07-01T08:32:06.222+0200: 400080.865: [ParNew
Desired survivor size 20971520 bytes, new threshold 1 (max 1)
- age   1:        272 bytes,        272 total
: 327682K->4K(368640K), 0.0455724 secs] 1408518K->1080840K(4124672K), 0.0456967 secs] [Times: user=0.03 sys=0.00, real=0.05 secs] 
Heap after GC invocations=495687 (full 2):
 par new generation   total 368640K, used 4K [0x00000006c1c00000, 0x00000006dac00000, 0x00000006dac00000)
  eden space 327680K,   0% used [0x00000006c1c00000, 0x00000006c1c00000, 0x00000006d5c00000)
  from space 40960K,   0% used [0x00000006d8400000, 0x00000006d8401020, 0x00000006dac00000)
  to   space 40960K,   0% used [0x00000006d5c00000, 0x00000006d5c00000, 0x00000006d8400000)
 concurrent mark-sweep generation total 3756032K, used 1080836K [0x00000006dac00000, 0x00000007c0000000, 0x00000007c0000000)
 Metaspace       used 42573K, capacity 43892K, committed 44572K, reserved 1087488K
  class space    used 5454K, capacity 5756K, committed 5960K, reserved 1048576K
}
2020-07-01T08:32:06.268+0200: 400080.911: Total time for which application threads were stopped: 0.0460492 seconds, Stopping threads took: 0.0000486 seconds
{Heap before GC invocations=495687 (full 2):
 par new generation   total 368640K, used 327684K [0x00000006c1c00000, 0x00000006dac00000, 0x00000006dac00000)
  eden space 327680K, 100% used [0x00000006c1c00000, 0x00000006d5c00000, 0x00000006d5c00000)
  from space 40960K,   0% used [0x00000006d8400000, 0x00000006d8401020, 0x00000006dac00000)
  to   space 40960K,   0% used [0x00000006d5c00000, 0x00000006d5c00000, 0x00000006d8400000)
 concurrent mark-sweep generation total 3756032K, used 1080836K [0x00000006dac00000, 0x00000007c0000000, 0x00000007c0000000)
 Metaspace       used 42573K, capacity 43892K, committed 44572K, reserved 1087488K
  class space    used 5454K, capacity 5756K, committed 5960K, reserved 1048576K
2020-07-01T08:32:06.606+0200: 400081.249: [GC (Allocation Failure) 2020-07-01T08:32:06.606+0200: 400081.249: [ParNew
Desired survivor size 20971520 bytes, new threshold 1 (max 1)
- age   1:        240 bytes,        240 total
: 327684K->4K(368640K), 0.0122507 secs] 1408520K->1080840K(4124672K), 0.0123866 secs] [Times: user=0.00 sys=0.00, real=0.02 secs] 
Heap after GC invocations=495688 (full 2):
 par new generation   total 368640K, used 4K [0x00000006c1c00000, 0x00000006dac00000, 0x00000006dac00000)
  eden space 327680K,   0% used [0x00000006c1c00000, 0x00000006c1c00000, 0x00000006d5c00000)
  from space 40960K,   0% used [0x00000006d5c00000, 0x00000006d5c01020, 0x00000006d8400000)
  to   space 40960K,   0% used [0x00000006d8400000, 0x00000006d8400000, 0x00000006dac00000)
 concurrent mark-sweep generation total 3756032K, used 1080836K [0x00000006dac00000, 0x00000007c0000000, 0x00000007c0000000)
 Metaspace       used 42573K, capacity 43892K, committed 44572K, reserved 1087488K
  class space    used 5454K, capacity 5756K, committed 5960K, reserved 1048576K
}
2020-07-01T08:32:06.619+0200: 400081.262: Total time for which application threads were stopped: 0.0127522 seconds, Stopping threads took: 0.0001274 seconds
{Heap before GC invocations=495688 (full 2):
 par new generation   total 368640K, used 327684K [0x00000006c1c00000, 0x00000006dac00000, 0x00000006dac00000)
  eden space 327680K, 100% used [0x00000006c1c00000, 0x00000006d5c00000, 0x00000006d5c00000)
  from space 40960K,   0% used [0x00000006d5c00000, 0x00000006d5c01020, 0x00000006d8400000)
  to   space 40960K,   0% used [0x00000006d8400000, 0x00000006d8400000, 0x00000006dac00000)
 concurrent mark-sweep generation total 3756032K, used 1080836K [0x00000006dac00000, 0x00000007c0000000, 0x00000007c0000000)
 Metaspace       used 42573K, capacity 43892K, committed 44572K, reserved 1087488K
  class space    used 5454K, capacity 5756K, committed 5960K, reserved 1048576K
2020-07-01T08:32:06.905+0200: 400081.547: [GC (Allocation Failure) 2020-07-01T08:32:06.905+0200: 400081.547: [ParNew
Desired survivor size 20971520 bytes, new threshold 1 (max 1)
- age   1:        272 bytes,        272 total
: 327684K->4K(368640K), 0.0126893 secs] 1408520K->1080840K(4124672K), 0.0128095 secs] [Times: user=0.00 sys=0.00, real=0.01 secs] 
Heap after GC invocations=495689 (full 2):
 par new generation   total 368640K, used 4K [0x00000006c1c00000, 0x00000006dac00000, 0x00000006dac00000)
  eden space 327680K,   0% used [0x00000006c1c00000, 0x00000006c1c00000, 0x00000006d5c00000)
  from space 40960K,   0% used [0x00000006d8400000, 0x00000006d8401020, 0x00000006dac00000)
  to   space 40960K,   0% used [0x00000006d5c00000, 0x00000006d5c00000, 0x00000006d8400000)
 concurrent mark-sweep generation total 3756032K, used 1080836K [0x00000006dac00000, 0x00000007c0000000, 0x00000007c0000000)
 Metaspace       used 42573K, capacity 43892K, committed 44572K, reserved 1087488K
  class space    used 5454K, capacity 5756K, committed 5960K, reserved 1048576K
}
2020-07-01T08:32:06.917+0200: 400081.560: Total time for which application threads were stopped: 0.0131634 seconds, Stopping threads took: 0.0000728 seconds
{Heap before GC invocations=495689 (full 2):
 par new generation   total 368640K, used 327684K [0x00000006c1c00000, 0x00000006dac00000, 0x00000006dac00000)
  eden space 327680K, 100% used [0x00000006c1c00000, 0x00000006d5c00000, 0x00000006d5c00000)
  from space 40960K,   0% used [0x00000006d8400000, 0x00000006d8401020, 0x00000006dac00000)
  to   space 40960K,   0% used [0x00000006d5c00000, 0x00000006d5c00000, 0x00000006d8400000)
 concurrent mark-sweep generation total 3756032K, used 1080836K [0x00000006dac00000, 0x00000007c0000000, 0x00000007c0000000)
 Metaspace       used 42573K, capacity 43892K, committed 44572K, reserved 1087488K
  class space    used 5454K, capacity 5756K, committed 5960K, reserved 1048576K
2020-07-01T08:32:07.214+0200: 400081.857: [GC (Allocation Failure) 2020-07-01T08:32:07.215+0200: 400081.857: [ParNew
Desired survivor size 20971520 bytes, new threshold 1 (max 1)
- age   1:        304 bytes,        304 total
: 327684K->4K(368640K), 0.0131025 secs] 1408520K->1080840K(4124672K), 0.0132852 secs] [Times: user=0.00 sys=0.00, real=0.01 secs] 
Heap after GC invocations=495690 (full 2):
 par new generation   total 368640K, used 4K [0x00000006c1c00000, 0x00000006dac00000, 0x00000006dac00000)
  eden space 327680K,   0% used [0x00000006c1c00000, 0x00000006c1c00000, 0x00000006d5c00000)
  from space 40960K,   0% used [0x00000006d5c00000, 0x00000006d5c01020, 0x00000006d8400000)
  to   space 40960K,   0% used [0x00000006d8400000, 0x00000006d8400000, 0x00000006dac00000)
 concurrent mark-sweep generation total 3756032K, used 1080836K [0x00000006dac00000, 0x00000007c0000000, 0x00000007c0000000)
 Metaspace       used 42573K, capacity 43892K, committed 44572K, reserved 1087488K
  class space    used 5454K, capacity 5756K, committed 5960K, reserved 1048576K
}
2020-07-01T08:32:07.228+0200: 400081.871: Total time for which application threads were stopped: 0.0140837 seconds, Stopping threads took: 0.0005479 seconds
{Heap before GC invocations=495690 (full 2):
 par new generation   total 368640K, used 327684K [0x00000006c1c00000, 0x00000006dac00000, 0x00000006dac00000)
  eden space 327680K, 100% used [0x00000006c1c00000, 0x00000006d5c00000, 0x00000006d5c00000)
  from space 40960K,   0% used [0x00000006d5c00000, 0x00000006d5c01020, 0x00000006d8400000)
  to   space 40960K,   0% used [0x00000006d8400000, 0x00000006d8400000, 0x00000006dac00000)
 concurrent mark-sweep generation total 3756032K, used 1080836K [0x00000006dac00000, 0x00000007c0000000, 0x00000007c0000000)
 Metaspace       used 42573K, capacity 43892K, committed 44572K, reserved 1087488K
  class space    used 5454K, capacity 5756K, committed 5960K, reserved 1048576K
2020-07-01T08:32:07.538+0200: 400082.181: [GC (Allocation Failure) 2020-07-01T08:32:07.538+0200: 400082.181: [ParNew
Desired survivor size 20971520 bytes, new threshold 1 (max 1)
- age   1:        240 bytes,        240 total
: 327684K->4K(368640K), 0.0109101 secs] 1408520K->1080840K(4124672K), 0.0110396 secs] [Times: user=0.03 sys=0.00, real=0.01 secs] 
Heap after GC invocations=495691 (full 2):
 par new generation   total 368640K, used 4K [0x00000006c1c00000, 0x00000006dac00000, 0x00000006dac00000)
  eden space 327680K,   0% used [0x00000006c1c00000, 0x00000006c1c00000, 0x00000006d5c00000)
  from space 40960K,   0% used [0x00000006d8400000, 0x00000006d8401020, 0x00000006dac00000)
  to   space 40960K,   0% used [0x00000006d5c00000, 0x00000006d5c00000, 0x00000006d8400000)
 concurrent mark-sweep generation total 3756032K, used 1080836K [0x00000006dac00000, 0x00000007c0000000, 0x00000007c0000000)
 Metaspace       used 42573K, capacity 43892K, committed 44572K, reserved 1087488K
  class space    used 5454K, capacity 5756K, committed 5960K, reserved 1048576K
}
2020-07-01T08:32:07.549+0200: 400082.192: Total time for which application threads were stopped: 0.0114848 seconds, Stopping threads took: 0.0001306 seconds
{Heap before GC invocations=495691 (full 2):
 par new generation   total 368640K, used 327684K [0x00000006c1c00000, 0x00000006dac00000, 0x00000006dac00000)
  eden space 327680K, 100% used [0x00000006c1c00000, 0x00000006d5c00000, 0x00000006d5c00000)
  from space 40960K,   0% used [0x00000006d8400000, 0x00000006d8401020, 0x00000006dac00000)
  to   space 40960K,   0% used [0x00000006d5c00000, 0x00000006d5c00000, 0x00000006d8400000)
 concurrent mark-sweep generation total 3756032K, used 1080836K [0x00000006dac00000, 0x00000007c0000000, 0x00000007c0000000)
 Metaspace       used 42573K, capacity 43892K, committed 44572K, reserved 1087488K
  class space    used 5454K, capacity 5756K, committed 5960K, reserved 1048576K
2020-07-01T08:32:07.856+0200: 400082.499: [GC (Allocation Failure) 2020-07-01T08:32:07.856+0200: 400082.499: [ParNew
Desired survivor size 20971520 bytes, new threshold 1 (max 1)
- age   1:        568 bytes,        568 total
: 327684K->4K(368640K), 0.0093307 secs] 1408520K->1080840K(4124672K), 0.0094492 secs] [Times: user=0.00 sys=0.00, real=0.01 secs] 
Heap after GC invocations=495692 (full 2):
 par new generation   total 368640K, used 4K [0x00000006c1c00000, 0x00000006dac00000, 0x00000006dac00000)
  eden space 327680K,   0% used [0x00000006c1c00000, 0x00000006c1c00000, 0x00000006d5c00000)
  from space 40960K,   0% used [0x00000006d5c00000, 0x00000006d5c01020, 0x00000006d8400000)
  to   space 40960K,   0% used [0x00000006d8400000, 0x00000006d8400000, 0x00000006dac00000)
 concurrent mark-sweep generation total 3756032K, used 1080836K [0x00000006dac00000, 0x00000007c0000000, 0x00000007c0000000)
 Metaspace       used 42573K, capacity 43892K, committed 44572K, reserved 1087488K
  class space    used 5454K, capacity 5756K, committed 5960K, reserved 1048576K
}
2020-07-01T08:32:07.865+0200: 400082.508: Total time for which application threads were stopped: 0.0098739 seconds, Stopping threads took: 0.0001408 seconds
{Heap before GC invocations=495692 (full 2):
 par new generation   total 368640K, used 327684K [0x00000006c1c00000, 0x00000006dac00000, 0x00000006dac00000)
  eden space 327680K, 100% used [0x00000006c1c00000, 0x00000006d5c00000, 0x00000006d5c00000)
  from space 40960K,   0% used [0x00000006d5c00000, 0x00000006d5c01020, 0x00000006d8400000)
  to   space 40960K,   0% used [0x00000006d8400000, 0x00000006d8400000, 0x00000006dac00000)
 concurrent mark-sweep generation total 3756032K, used 1080836K [0x00000006dac00000, 0x00000007c0000000, 0x00000007c0000000)
 Metaspace       used 42573K, capacity 43892K, committed 44572K, reserved 1087488K
  class space    used 5454K, capacity 5756K, committed 5960K, reserved 1048576K
2020-07-01T08:32:08.149+0200: 400082.792: [GC (Allocation Failure) 2020-07-01T08:32:08.149+0200: 400082.792: [ParNew
Desired survivor size 20971520 bytes, new threshold 1 (max 1)
- age   1:        696 bytes,        696 total
: 327684K->4K(368640K), 0.0105339 secs] 1408520K->1080840K(4124672K), 0.0106527 secs] [Times: user=0.02 sys=0.00, real=0.01 secs] 
Heap after GC invocations=495693 (full 2):
 par new generation   total 368640K, used 4K [0x00000006c1c00000, 0x00000006dac00000, 0x00000006dac00000)
  eden space 327680K,   0% used [0x00000006c1c00000, 0x00000006c1c00000, 0x00000006d5c00000)
  from space 40960K,   0% used [0x00000006d8400000, 0x00000006d8401020, 0x00000006dac00000)
  to   space 40960K,   0% used [0x00000006d5c00000, 0x00000006d5c00000, 0x00000006d8400000)
 concurrent mark-sweep generation total 3756032K, used 1080836K [0x00000006dac00000, 0x00000007c0000000, 0x00000007c0000000)
 Metaspace       used 42573K, capacity 43892K, committed 44572K, reserved 1087488K
  class space    used 5454K, capacity 5756K, committed 5960K, reserved 1048576K
}
2020-07-01T08:32:08.160+0200: 400082.802: Total time for which application threads were stopped: 0.0110081 seconds, Stopping threads took: 0.0000734 seconds
{Heap before GC invocations=495693 (full 2):
 par new generation   total 368640K, used 327684K [0x00000006c1c00000, 0x00000006dac00000, 0x00000006dac00000)
  eden space 327680K, 100% used [0x00000006c1c00000, 0x00000006d5c00000, 0x00000006d5c00000)
  from space 40960K,   0% used [0x00000006d8400000, 0x00000006d8401020, 0x00000006dac00000)
  to   space 40960K,   0% used [0x00000006d5c00000, 0x00000006d5c00000, 0x00000006d8400000)
 concurrent mark-sweep generation total 3756032K, used 1080836K [0x00000006dac00000, 0x00000007c0000000, 0x00000007c0000000)
 Metaspace       used 42573K, capacity 43892K, committed 44572K, reserved 1087488K
  class space    used 5454K, capacity 5756K, committed 5960K, reserved 1048576K
2020-07-01T08:32:08.482+0200: 400083.125: [GC (Allocation Failure) 2020-07-01T08:32:08.482+0200: 400083.125: [ParNew
Desired survivor size 20971520 bytes, new threshold 1 (max 1)
- age   1:        496 bytes,        496 total
: 327684K->4K(368640K), 0.0168714 secs] 1408520K->1080841K(4124672K), 0.0169992 secs] [Times: user=0.02 sys=0.00, real=0.02 secs] 
Heap after GC invocations=495694 (full 2):
 par new generation   total 368640K, used 4K [0x00000006c1c00000, 0x00000006dac00000, 0x00000006dac00000)
  eden space 327680K,   0% used [0x00000006c1c00000, 0x00000006c1c00000, 0x00000006d5c00000)
  from space 40960K,   0% used [0x00000006d5c00000, 0x00000006d5c01020, 0x00000006d8400000)
  to   space 40960K,   0% used [0x00000006d8400000, 0x00000006d8400000, 0x00000006dac00000)
 concurrent mark-sweep generation total 3756032K, used 1080837K [0x00000006dac00000, 0x00000007c0000000, 0x00000007c0000000)
 Metaspace       used 42573K, capacity 43892K, committed 44572K, reserved 1087488K
  class space    used 5454K, capacity 5756K, committed 5960K, reserved 1048576K
}
2020-07-01T08:32:08.499+0200: 400083.142: Total time for which application threads were stopped: 0.0339813 seconds, Stopping threads took: 0.0159875 seconds
{Heap before GC invocations=495694 (full 2):
 par new generation   total 368640K, used 327684K [0x00000006c1c00000, 0x00000006dac00000, 0x00000006dac00000)
  eden space 327680K, 100% used [0x00000006c1c00000, 0x00000006d5c00000, 0x00000006d5c00000)
  from space 40960K,   0% used [0x00000006d5c00000, 0x00000006d5c01020, 0x00000006d8400000)
  to   space 40960K,   0% used [0x00000006d8400000, 0x00000006d8400000, 0x00000006dac00000)
 concurrent mark-sweep generation total 3756032K, used 1080837K [0x00000006dac00000, 0x00000007c0000000, 0x00000007c0000000)
 Metaspace       used 42573K, capacity 43892K, committed 44572K, reserved 1087488K
  class space    used 5454K, capacity 5756K, committed 5960K, reserved 1048576K
2020-07-01T08:32:08.813+0200: 400083.455: [GC (Allocation Failure) 2020-07-01T08:32:08.813+0200: 400083.456: [ParNew
Desired survivor size 20971520 bytes, new threshold 1 (max 1)
- age   1:        272 bytes,        272 total
: 327684K->6K(368640K), 0.0097021 secs] 1408521K->1080843K(4124672K), 0.0098410 secs] [Times: user=0.00 sys=0.00, real=0.01 secs] 
Heap after GC invocations=495695 (full 2):
 par new generation   total 368640K, used 6K [0x00000006c1c00000, 0x00000006dac00000, 0x00000006dac00000)
  eden space 327680K,   0% used [0x00000006c1c00000, 0x00000006c1c00000, 0x00000006d5c00000)
  from space 40960K,   0% used [0x00000006d8400000, 0x00000006d8401830, 0x00000006dac00000)
  to   space 40960K,   0% used [0x00000006d5c00000, 0x00000006d5c00000, 0x00000006d8400000)
 concurrent mark-sweep generation total 3756032K, used 1080837K [0x00000006dac00000, 0x00000007c0000000, 0x00000007c0000000)
 Metaspace       used 42573K, capacity 43892K, committed 44572K, reserved 1087488K
  class space    used 5454K, capacity 5756K, committed 5960K, reserved 1048576K
}
2020-07-01T08:32:08.823+0200: 400083.465: Total time for which application threads were stopped: 0.0102145 seconds, Stopping threads took: 0.0001163 seconds
{Heap before GC invocations=495695 (full 2):
 par new generation   total 368640K, used 327686K [0x00000006c1c00000, 0x00000006dac00000, 0x00000006dac00000)
  eden space 327680K, 100% used [0x00000006c1c00000, 0x00000006d5c00000, 0x00000006d5c00000)
  from space 40960K,   0% used [0x00000006d8400000, 0x00000006d8401830, 0x00000006dac00000)
  to   space 40960K,   0% used [0x00000006d5c00000, 0x00000006d5c00000, 0x00000006d8400000)
 concurrent mark-sweep generation total 3756032K, used 1080837K [0x00000006dac00000, 0x00000007c0000000, 0x00000007c0000000)
 Metaspace       used 42573K, capacity 43892K, committed 44572K, reserved 1087488K
  class space    used 5454K, capacity 5756K, committed 5960K, reserved 1048576K
2020-07-01T08:32:09.140+0200: 400083.782: [GC (Allocation Failure) 2020-07-01T08:32:09.140+0200: 400083.782: [ParNew
Desired survivor size 20971520 bytes, new threshold 1 (max 1)
- age   1:        240 bytes,        240 total
: 327686K->4K(368640K), 0.0079860 secs] 1408523K->1080841K(4124672K), 0.0081033 secs] [Times: user=0.00 sys=0.00, real=0.00 secs] 
Heap after GC invocations=495696 (full 2):
 par new generation   total 368640K, used 4K [0x00000006c1c00000, 0x00000006dac00000, 0x00000006dac00000)
  eden space 327680K,   0% used [0x00000006c1c00000, 0x00000006c1c00000, 0x00000006d5c00000)
  from space 40960K,   0% used [0x00000006d5c00000, 0x00000006d5c01020, 0x00000006d8400000)
  to   space 40960K,   0% used [0x00000006d8400000, 0x00000006d8400000, 0x00000006dac00000)
 concurrent mark-sweep generation total 3756032K, used 1080837K [0x00000006dac00000, 0x00000007c0000000, 0x00000007c0000000)
 Metaspace       used 42573K, capacity 43892K, committed 44572K, reserved 1087488K
  class space    used 5454K, capacity 5756K, committed 5960K, reserved 1048576K
}
2020-07-01T08:32:09.148+0200: 400083.791: Total time for which application threads were stopped: 0.0084880 seconds, Stopping threads took: 0.0001296 seconds
{Heap before GC invocations=495696 (full 2):
 par new generation   total 368640K, used 327684K [0x00000006c1c00000, 0x00000006dac00000, 0x00000006dac00000)
  eden space 327680K, 100% used [0x00000006c1c00000, 0x00000006d5c00000, 0x00000006d5c00000)
  from space 40960K,   0% used [0x00000006d5c00000, 0x00000006d5c01020, 0x00000006d8400000)
  to   space 40960K,   0% used [0x00000006d8400000, 0x00000006d8400000, 0x00000006dac00000)
 concurrent mark-sweep generation total 3756032K, used 1080837K [0x00000006dac00000, 0x00000007c0000000, 0x00000007c0000000)
 Metaspace       used 42573K, capacity 43892K, committed 44572K, reserved 1087488K
  class space    used 5454K, capacity 5756K, committed 5960K, reserved 1048576K
2020-07-01T08:32:09.450+0200: 400084.093: [GC (Allocation Failure) 2020-07-01T08:32:09.450+0200: 400084.093: [ParNew
Desired survivor size 20971520 bytes, new threshold 1 (max 1)
- age   1:        272 bytes,        272 total
: 327684K->4K(368640K), 0.0133630 secs] 1408521K->1080841K(4124672K), 0.0134614 secs] [Times: user=0.00 sys=0.00, real=0.01 secs] 
Heap after GC invocations=495697 (full 2):
 par new generation   total 368640K, used 4K [0x00000006c1c00000, 0x00000006dac00000, 0x00000006dac00000)
  eden space 327680K,   0% used [0x00000006c1c00000, 0x00000006c1c00000, 0x00000006d5c00000)
  from space 40960K,   0% used [0x00000006d8400000, 0x00000006d8401020, 0x00000006dac00000)
  to   space 40960K,   0% used [0x00000006d5c00000, 0x00000006d5c00000, 0x00000006d8400000)
 concurrent mark-sweep generation total 3756032K, used 1080837K [0x00000006dac00000, 0x00000007c0000000, 0x00000007c0000000)
 Metaspace       used 42573K, capacity 43892K, committed 44572K, reserved 1087488K
  class space    used 5454K, capacity 5756K, committed 5960K, reserved 1048576K
}
2020-07-01T08:32:09.464+0200: 400084.107: Total time for which application threads were stopped: 0.0138524 seconds, Stopping threads took: 0.0001494 seconds
{Heap before GC invocations=495697 (full 2):
 par new generation   total 368640K, used 327684K [0x00000006c1c00000, 0x00000006dac00000, 0x00000006dac00000)
  eden space 327680K, 100% used [0x00000006c1c00000, 0x00000006d5c00000, 0x00000006d5c00000)
  from space 40960K,   0% used [0x00000006d8400000, 0x00000006d8401020, 0x00000006dac00000)
  to   space 40960K,   0% used [0x00000006d5c00000, 0x00000006d5c00000, 0x00000006d8400000)
 concurrent mark-sweep generation total 3756032K, used 1080837K [0x00000006dac00000, 0x00000007c0000000, 0x00000007c0000000)
 Metaspace       used 42573K, capacity 43892K, committed 44572K, reserved 1087488K
  class space    used 5454K, capacity 5756K, committed 5960K, reserved 1048576K
2020-07-01T08:32:09.763+0200: 400084.406: [GC (Allocation Failure) 2020-07-01T08:32:09.763+0200: 400084.406: [ParNew
Desired survivor size 20971520 bytes, new threshold 1 (max 1)
- age   1:        272 bytes,        272 total
: 327684K->2K(368640K), 0.0146315 secs] 1408521K->1080839K(4124672K), 0.0147446 secs] [Times: user=0.03 sys=0.00, real=0.02 secs] 
Heap after GC invocations=495698 (full 2):
 par new generation   total 368640K, used 2K [0x00000006c1c00000, 0x00000006dac00000, 0x00000006dac00000)
  eden space 327680K,   0% used [0x00000006c1c00000, 0x00000006c1c00000, 0x00000006d5c00000)
  from space 40960K,   0% used [0x00000006d5c00000, 0x00000006d5c00810, 0x00000006d8400000)
  to   space 40960K,   0% used [0x00000006d8400000, 0x00000006d8400000, 0x00000006dac00000)
 concurrent mark-sweep generation total 3756032K, used 1080837K [0x00000006dac00000, 0x00000007c0000000, 0x00000007c0000000)
 Metaspace       used 42573K, capacity 43892K, committed 44572K, reserved 1087488K
  class space    used 5454K, capacity 5756K, committed 5960K, reserved 1048576K
}
2020-07-01T08:32:09.778+0200: 400084.421: Total time for which application threads were stopped: 0.0152355 seconds, Stopping threads took: 0.0002325 seconds
{Heap before GC invocations=495698 (full 2):
 par new generation   total 368640K, used 327682K [0x00000006c1c00000, 0x00000006dac00000, 0x00000006dac00000)
  eden space 327680K, 100% used [0x00000006c1c00000, 0x00000006d5c00000, 0x00000006d5c00000)
  from space 40960K,   0% used [0x00000006d5c00000, 0x00000006d5c00810, 0x00000006d8400000)
  to   space 40960K,   0% used [0x00000006d8400000, 0x00000006d8400000, 0x00000006dac00000)
 concurrent mark-sweep generation total 3756032K, used 1080837K [0x00000006dac00000, 0x00000007c0000000, 0x00000007c0000000)
 Metaspace       used 42573K, capacity 43892K, committed 44572K, reserved 1087488K
  class space    used 5454K, capacity 5756K, committed 5960K, reserved 1048576K
2020-07-01T08:32:10.050+0200: 400084.693: [GC (Allocation Failure) 2020-07-01T08:32:10.050+0200: 400084.693: [ParNew
Desired survivor size 20971520 bytes, new threshold 1 (max 1)
- age   1:        240 bytes,        240 total
: 327682K->4K(368640K), 0.0131058 secs] 1408519K->1080841K(4124672K), 0.0132117 secs] [Times: user=0.03 sys=0.00, real=0.01 secs] 
Heap after GC invocations=495699 (full 2):
 par new generation   total 368640K, used 4K [0x00000006c1c00000, 0x00000006dac00000, 0x00000006dac00000)
  eden space 327680K,   0% used [0x00000006c1c00000, 0x00000006c1c00000, 0x00000006d5c00000)
  from space 40960K,   0% used [0x00000006d8400000, 0x00000006d8401020, 0x00000006dac00000)
  to   space 40960K,   0% used [0x00000006d5c00000, 0x00000006d5c00000, 0x00000006d8400000)
 concurrent mark-sweep generation total 3756032K, used 1080837K [0x00000006dac00000, 0x00000007c0000000, 0x00000007c0000000)
 Metaspace       used 42573K, capacity 43892K, committed 44572K, reserved 1087488K
  class space    used 5454K, capacity 5756K, committed 5960K, reserved 1048576K
}
2020-07-01T08:32:10.063+0200: 400084.706: Total time for which application threads were stopped: 0.0135700 seconds, Stopping threads took: 0.0001116 seconds
{Heap before GC invocations=495699 (full 2):
 par new generation   total 368640K, used 327684K [0x00000006c1c00000, 0x00000006dac00000, 0x00000006dac00000)
  eden space 327680K, 100% used [0x00000006c1c00000, 0x00000006d5c00000, 0x00000006d5c00000)
  from space 40960K,   0% used [0x00000006d8400000, 0x00000006d8401020, 0x00000006dac00000)
  to   space 40960K,   0% used [0x00000006d5c00000, 0x00000006d5c00000, 0x00000006d8400000)
 concurrent mark-sweep generation total 3756032K, used 1080837K [0x00000006dac00000, 0x00000007c0000000, 0x00000007c0000000)
 Metaspace       used 42573K, capacity 43892K, committed 44572K, reserved 1087488K
  class space    used 5454K, capacity 5756K, committed 5960K, reserved 1048576K
2020-07-01T08:32:10.350+0200: 400084.992: [GC (Allocation Failure) 2020-07-01T08:32:10.350+0200: 400084.993: [ParNew
Desired survivor size 20971520 bytes, new threshold 1 (max 1)
- age   1:        304 bytes,        304 total
: 327684K->4K(368640K), 0.0167683 secs] 1408521K->1080841K(4124672K), 0.0168922 secs] [Times: user=0.01 sys=0.00, real=0.01 secs] 
Heap after GC invocations=495700 (full 2):
 par new generation   total 368640K, used 4K [0x00000006c1c00000, 0x00000006dac00000, 0x00000006dac00000)
  eden space 327680K,   0% used [0x00000006c1c00000, 0x00000006c1c00000, 0x00000006d5c00000)
  from space 40960K,   0% used [0x00000006d5c00000, 0x00000006d5c01020, 0x00000006d8400000)
  to   space 40960K,   0% used [0x00000006d8400000, 0x00000006d8400000, 0x00000006dac00000)
 concurrent mark-sweep generation total 3756032K, used 1080837K [0x00000006dac00000, 0x00000007c0000000, 0x00000007c0000000)
 Metaspace       used 42573K, capacity 43892K, committed 44572K, reserved 1087488K
  class space    used 5454K, capacity 5756K, committed 5960K, reserved 1048576K
}
2020-07-01T08:32:10.367+0200: 400085.009: Total time for which application threads were stopped: 0.0172616 seconds, Stopping threads took: 0.0001124 seconds
{Heap before GC invocations=495700 (full 2):
 par new generation   total 368640K, used 327684K [0x00000006c1c00000, 0x00000006dac00000, 0x00000006dac00000)
  eden space 327680K, 100% used [0x00000006c1c00000, 0x00000006d5c00000, 0x00000006d5c00000)
  from space 40960K,   0% used [0x00000006d5c00000, 0x00000006d5c01020, 0x00000006d8400000)
  to   space 40960K,   0% used [0x00000006d8400000, 0x00000006d8400000, 0x00000006dac00000)
 concurrent mark-sweep generation total 3756032K, used 1080837K [0x00000006dac00000, 0x00000007c0000000, 0x00000007c0000000)
 Metaspace       used 42573K, capacity 43892K, committed 44572K, reserved 1087488K
  class space    used 5454K, capacity 5756K, committed 5960K, reserved 1048576K
2020-07-01T08:32:10.662+0200: 400085.304: [GC (Allocation Failure) 2020-07-01T08:32:10.662+0200: 400085.304: [ParNew
Desired survivor size 20971520 bytes, new threshold 1 (max 1)
- age   1:        240 bytes,        240 total
: 327684K->4K(368640K), 0.0134260 secs] 1408521K->1080841K(4124672K), 0.0135394 secs] [Times: user=0.03 sys=0.00, real=0.01 secs] 
Heap after GC invocations=495701 (full 2):
 par new generation   total 368640K, used 4K [0x00000006c1c00000, 0x00000006dac00000, 0x00000006dac00000)
  eden space 327680K,   0% used [0x00000006c1c00000, 0x00000006c1c00000, 0x00000006d5c00000)
  from space 40960K,   0% used [0x00000006d8400000, 0x00000006d8401020, 0x00000006dac00000)
  to   space 40960K,   0% used [0x00000006d5c00000, 0x00000006d5c00000, 0x00000006d8400000)
 concurrent mark-sweep generation total 3756032K, used 1080837K [0x00000006dac00000, 0x00000007c0000000, 0x00000007c0000000)
 Metaspace       used 42573K, capacity 43892K, committed 44572K, reserved 1087488K
  class space    used 5454K, capacity 5756K, committed 5960K, reserved 1048576K
}
2020-07-01T08:32:10.675+0200: 400085.318: Total time for which application threads were stopped: 0.0138344 seconds, Stopping threads took: 0.0000472 seconds
{Heap before GC invocations=495701 (full 2):
 par new generation   total 368640K, used 327684K [0x00000006c1c00000, 0x00000006dac00000, 0x00000006dac00000)
  eden space 327680K, 100% used [0x00000006c1c00000, 0x00000006d5c00000, 0x00000006d5c00000)
  from space 40960K,   0% used [0x00000006d8400000, 0x00000006d8401020, 0x00000006dac00000)
  to   space 40960K,   0% used [0x00000006d5c00000, 0x00000006d5c00000, 0x00000006d8400000)
 concurrent mark-sweep generation total 3756032K, used 1080837K [0x00000006dac00000, 0x00000007c0000000, 0x00000007c0000000)
 Metaspace       used 42573K, capacity 43892K, committed 44572K, reserved 1087488K
  class space    used 5454K, capacity 5756K, committed 5960K, reserved 1048576K
2020-07-01T08:32:10.997+0200: 400085.640: [GC (Allocation Failure) 2020-07-01T08:32:10.997+0200: 400085.640: [ParNew
Desired survivor size 20971520 bytes, new threshold 1 (max 1)
- age   1:        272 bytes,        272 total
: 327684K->4K(368640K), 0.0114400 secs] 1408521K->1080841K(4124672K), 0.0115581 secs] [Times: user=0.00 sys=0.00, real=0.02 secs] 
Heap after GC invocations=495702 (full 2):
 par new generation   total 368640K, used 4K [0x00000006c1c00000, 0x00000006dac00000, 0x00000006dac00000)
  eden space 327680K,   0% used [0x00000006c1c00000, 0x00000006c1c00000, 0x00000006d5c00000)
  from space 40960K,   0% used [0x00000006d5c00000, 0x00000006d5c01020, 0x00000006d8400000)
  to   space 40960K,   0% used [0x00000006d8400000, 0x00000006d8400000, 0x00000006dac00000)
 concurrent mark-sweep generation total 3756032K, used 1080837K [0x00000006dac00000, 0x00000007c0000000, 0x00000007c0000000)
 Metaspace       used 42573K, capacity 43892K, committed 44572K, reserved 1087488K
  class space    used 5454K, capacity 5756K, committed 5960K, reserved 1048576K
}
2020-07-01T08:32:11.009+0200: 400085.652: Total time for which application threads were stopped: 0.0119464 seconds, Stopping threads took: 0.0001419 seconds
{Heap before GC invocations=495702 (full 2):
 par new generation   total 368640K, used 327684K [0x00000006c1c00000, 0x00000006dac00000, 0x00000006dac00000)
  eden space 327680K, 100% used [0x00000006c1c00000, 0x00000006d5c00000, 0x00000006d5c00000)
  from space 40960K,   0% used [0x00000006d5c00000, 0x00000006d5c01020, 0x00000006d8400000)
  to   space 40960K,   0% used [0x00000006d8400000, 0x00000006d8400000, 0x00000006dac00000)
 concurrent mark-sweep generation total 3756032K, used 1080837K [0x00000006dac00000, 0x00000007c0000000, 0x00000007c0000000)
 Metaspace       used 42573K, capacity 43892K, committed 44572K, reserved 1087488K
  class space    used 5454K, capacity 5756K, committed 5960K, reserved 1048576K
2020-07-01T08:32:11.302+0200: 400085.945: [GC (Allocation Failure) 2020-07-01T08:32:11.302+0200: 400085.945: [ParNew
Desired survivor size 20971520 bytes, new threshold 1 (max 1)
- age   1:        272 bytes,        272 total
: 327684K->4K(368640K), 0.0121725 secs] 1408521K->1080841K(4124672K), 0.0123020 secs] [Times: user=0.03 sys=0.00, real=0.01 secs] 
Heap after GC invocations=495703 (full 2):
 par new generation   total 368640K, used 4K [0x00000006c1c00000, 0x00000006dac00000, 0x00000006dac00000)
  eden space 327680K,   0% used [0x00000006c1c00000, 0x00000006c1c00000, 0x00000006d5c00000)
  from space 40960K,   0% used [0x00000006d8400000, 0x00000006d8401020, 0x00000006dac00000)
  to   space 40960K,   0% used [0x00000006d5c00000, 0x00000006d5c00000, 0x00000006d8400000)
 concurrent mark-sweep generation total 3756032K, used 1080837K [0x00000006dac00000, 0x00000007c0000000, 0x00000007c0000000)
 Metaspace       used 42573K, capacity 43892K, committed 44572K, reserved 1087488K
  class space    used 5454K, capacity 5756K, committed 5960K, reserved 1048576K
}
2020-07-01T08:32:11.314+0200: 400085.957: Total time for which application threads were stopped: 0.0126150 seconds, Stopping threads took: 0.0000513 seconds
{Heap before GC invocations=495703 (full 2):
 par new generation   total 368640K, used 327684K [0x00000006c1c00000, 0x00000006dac00000, 0x00000006dac00000)
  eden space 327680K, 100% used [0x00000006c1c00000, 0x00000006d5c00000, 0x00000006d5c00000)
  from space 40960K,   0% used [0x00000006d8400000, 0x00000006d8401020, 0x00000006dac00000)
  to   space 40960K,   0% used [0x00000006d5c00000, 0x00000006d5c00000, 0x00000006d8400000)
 concurrent mark-sweep generation total 3756032K, used 1080837K [0x00000006dac00000, 0x00000007c0000000, 0x00000007c0000000)
 Metaspace       used 42573K, capacity 43892K, committed 44572K, reserved 1087488K
  class space    used 5454K, capacity 5756K, committed 5960K, reserved 1048576K
2020-07-01T08:32:11.602+0200: 400086.245: [GC (Allocation Failure) 2020-07-01T08:32:11.602+0200: 400086.245: [ParNew
Desired survivor size 20971520 bytes, new threshold 1 (max 1)
- age   1:        240 bytes,        240 total
: 327684K->2K(368640K), 0.0122127 secs] 1408521K->1080839K(4124672K), 0.0123200 secs] [Times: user=0.02 sys=0.00, real=0.01 secs] 
Heap after GC invocations=495704 (full 2):
 par new generation   total 368640K, used 2K [0x00000006c1c00000, 0x00000006dac00000, 0x00000006dac00000)
  eden space 327680K,   0% used [0x00000006c1c00000, 0x00000006c1c00000, 0x00000006d5c00000)
  from space 40960K,   0% used [0x00000006d5c00000, 0x00000006d5c00810, 0x00000006d8400000)
  to   space 40960K,   0% used [0x00000006d8400000, 0x00000006d8400000, 0x00000006dac00000)
 concurrent mark-sweep generation total 3756032K, used 1080837K [0x00000006dac00000, 0x00000007c0000000, 0x00000007c0000000)
 Metaspace       used 42573K, capacity 43892K, committed 44572K, reserved 1087488K
  class space    used 5454K, capacity 5756K, committed 5960K, reserved 1048576K
}
2020-07-01T08:32:11.615+0200: 400086.258: Total time for which application threads were stopped: 0.0126380 seconds, Stopping threads took: 0.0000468 seconds
{Heap before GC invocations=495704 (full 2):
 par new generation   total 368640K, used 327682K [0x00000006c1c00000, 0x00000006dac00000, 0x00000006dac00000)
  eden space 327680K, 100% used [0x00000006c1c00000, 0x00000006d5c00000, 0x00000006d5c00000)
  from space 40960K,   0% used [0x00000006d5c00000, 0x00000006d5c00810, 0x00000006d8400000)
  to   space 40960K,   0% used [0x00000006d8400000, 0x00000006d8400000, 0x00000006dac00000)
 concurrent mark-sweep generation total 3756032K, used 1080837K [0x00000006dac00000, 0x00000007c0000000, 0x00000007c0000000)
 Metaspace       used 42573K, capacity 43892K, committed 44572K, reserved 1087488K
  class space    used 5454K, capacity 5756K, committed 5960K, reserved 1048576K
2020-07-01T08:32:11.963+0200: 400086.606: [GC (Allocation Failure) 2020-07-01T08:32:11.963+0200: 400086.606: [ParNew
Desired survivor size 20971520 bytes, new threshold 1 (max 1)
- age   1:        272 bytes,        272 total
: 327682K->2K(368640K), 0.0652397 secs] 1408519K->1080839K(4124672K), 0.0653830 secs] [Times: user=0.02 sys=0.00, real=0.07 secs] 
Heap after GC invocations=495705 (full 2):
 par new generation   total 368640K, used 2K [0x00000006c1c00000, 0x00000006dac00000, 0x00000006dac00000)
  eden space 327680K,   0% used [0x00000006c1c00000, 0x00000006c1c00000, 0x00000006d5c00000)
  from space 40960K,   0% used [0x00000006d8400000, 0x00000006d8400810, 0x00000006dac00000)
  to   space 40960K,   0% used [0x00000006d5c00000, 0x00000006d5c00000, 0x00000006d8400000)
 concurrent mark-sweep generation total 3756032K, used 1080837K [0x00000006dac00000, 0x00000007c0000000, 0x00000007c0000000)
 Metaspace       used 42573K, capacity 43892K, committed 44572K, reserved 1087488K
  class space    used 5454K, capacity 5756K, committed 5960K, reserved 1048576K
}
2020-07-01T08:32:12.028+0200: 400086.671: Total time for which application threads were stopped: 0.0658439 seconds, Stopping threads took: 0.0002079 seconds
{Heap before GC invocations=495705 (full 2):
 par new generation   total 368640K, used 327682K [0x00000006c1c00000, 0x00000006dac00000, 0x00000006dac00000)
  eden space 327680K, 100% used [0x00000006c1c00000, 0x00000006d5c00000, 0x00000006d5c00000)
  from space 40960K,   0% used [0x00000006d8400000, 0x00000006d8400810, 0x00000006dac00000)
  to   space 40960K,   0% used [0x00000006d5c00000, 0x00000006d5c00000, 0x00000006d8400000)
 concurrent mark-sweep generation total 3756032K, used 1080837K [0x00000006dac00000, 0x00000007c0000000, 0x00000007c0000000)
 Metaspace       used 42573K, capacity 43892K, committed 44572K, reserved 1087488K
  class space    used 5454K, capacity 5756K, committed 5960K, reserved 1048576K
2020-07-01T08:32:12.393+0200: 400087.035: [GC (Allocation Failure) 2020-07-01T08:32:12.393+0200: 400087.035: [ParNew
Desired survivor size 20971520 bytes, new threshold 1 (max 1)
- age   1:        304 bytes,        304 total
: 327682K->4K(368640K), 0.0132373 secs] 1408519K->1080841K(4124672K), 0.0133379 secs] [Times: user=0.00 sys=0.02, real=0.01 secs] 
Heap after GC invocations=495706 (full 2):
 par new generation   total 368640K, used 4K [0x00000006c1c00000, 0x00000006dac00000, 0x00000006dac00000)
  eden space 327680K,   0% used [0x00000006c1c00000, 0x00000006c1c00000, 0x00000006d5c00000)
  from space 40960K,   0% used [0x00000006d5c00000, 0x00000006d5c01020, 0x00000006d8400000)
  to   space 40960K,   0% used [0x00000006d8400000, 0x00000006d8400000, 0x00000006dac00000)
 concurrent mark-sweep generation total 3756032K, used 1080837K [0x00000006dac00000, 0x00000007c0000000, 0x00000007c0000000)
 Metaspace       used 42573K, capacity 43892K, committed 44572K, reserved 1087488K
  class space    used 5454K, capacity 5756K, committed 5960K, reserved 1048576K
}
2020-07-01T08:32:12.406+0200: 400087.049: Total time for which application threads were stopped: 0.0157893 seconds, Stopping threads took: 0.0022092 seconds
{Heap before GC invocations=495706 (full 2):
 par new generation   total 368640K, used 327684K [0x00000006c1c00000, 0x00000006dac00000, 0x00000006dac00000)
  eden space 327680K, 100% used [0x00000006c1c00000, 0x00000006d5c00000, 0x00000006d5c00000)
  from space 40960K,   0% used [0x00000006d5c00000, 0x00000006d5c01020, 0x00000006d8400000)
  to   space 40960K,   0% used [0x00000006d8400000, 0x00000006d8400000, 0x00000006dac00000)
 concurrent mark-sweep generation total 3756032K, used 1080837K [0x00000006dac00000, 0x00000007c0000000, 0x00000007c0000000)
 Metaspace       used 42573K, capacity 43892K, committed 44572K, reserved 1087488K
  class space    used 5454K, capacity 5756K, committed 5960K, reserved 1048576K
2020-07-01T08:32:12.843+0200: 400087.486: [GC (Allocation Failure) 2020-07-01T08:32:12.843+0200: 400087.486: [ParNew
Desired survivor size 20971520 bytes, new threshold 1 (max 1)
- age   1:        272 bytes,        272 total
: 327684K->2K(368640K), 0.0859663 secs] 1408521K->1080839K(4124672K), 0.0860888 secs] [Times: user=0.01 sys=0.00, real=0.09 secs] 
Heap after GC invocations=495707 (full 2):
 par new generation   total 368640K, used 2K [0x00000006c1c00000, 0x00000006dac00000, 0x00000006dac00000)
  eden space 327680K,   0% used [0x00000006c1c00000, 0x00000006c1c00000, 0x00000006d5c00000)
  from space 40960K,   0% used [0x00000006d8400000, 0x00000006d8400810, 0x00000006dac00000)
  to   space 40960K,   0% used [0x00000006d5c00000, 0x00000006d5c00000, 0x00000006d8400000)
 concurrent mark-sweep generation total 3756032K, used 1080837K [0x00000006dac00000, 0x00000007c0000000, 0x00000007c0000000)
 Metaspace       used 42573K, capacity 43892K, committed 44572K, reserved 1087488K
  class space    used 5454K, capacity 5756K, committed 5960K, reserved 1048576K
}
2020-07-01T08:32:12.929+0200: 400087.572: Total time for which application threads were stopped: 0.0863952 seconds, Stopping threads took: 0.0000495 seconds
{Heap before GC invocations=495707 (full 2):
 par new generation   total 368640K, used 327682K [0x00000006c1c00000, 0x00000006dac00000, 0x00000006dac00000)
  eden space 327680K, 100% used [0x00000006c1c00000, 0x00000006d5c00000, 0x00000006d5c00000)
  from space 40960K,   0% used [0x00000006d8400000, 0x00000006d8400810, 0x00000006dac00000)
  to   space 40960K,   0% used [0x00000006d5c00000, 0x00000006d5c00000, 0x00000006d8400000)
 concurrent mark-sweep generation total 3756032K, used 1080837K [0x00000006dac00000, 0x00000007c0000000, 0x00000007c0000000)
 Metaspace       used 42573K, capacity 43892K, committed 44572K, reserved 1087488K
  class space    used 5454K, capacity 5756K, committed 5960K, reserved 1048576K
2020-07-01T08:32:13.316+0200: 400087.959: [GC (Allocation Failure) 2020-07-01T08:32:13.316+0200: 400087.959: [ParNew
Desired survivor size 20971520 bytes, new threshold 1 (max 1)
- age   1:        272 bytes,        272 total
: 327682K->2K(368640K), 0.1033000 secs] 1408519K->1080839K(4124672K), 0.1034115 secs] [Times: user=0.00 sys=0.00, real=0.11 secs] 
Heap after GC invocations=495708 (full 2):
 par new generation   total 368640K, used 2K [0x00000006c1c00000, 0x00000006dac00000, 0x00000006dac00000)
  eden space 327680K,   0% used [0x00000006c1c00000, 0x00000006c1c00000, 0x00000006d5c00000)
  from space 40960K,   0% used [0x00000006d5c00000, 0x00000006d5c00810, 0x00000006d8400000)
  to   space 40960K,   0% used [0x00000006d8400000, 0x00000006d8400000, 0x00000006dac00000)
 concurrent mark-sweep generation total 3756032K, used 1080837K [0x00000006dac00000, 0x00000007c0000000, 0x00000007c0000000)
 Metaspace       used 42573K, capacity 43892K, committed 44572K, reserved 1087488K
  class space    used 5454K, capacity 5756K, committed 5960K, reserved 1048576K
}
2020-07-01T08:32:13.420+0200: 400088.063: Total time for which application threads were stopped: 0.1036991 seconds, Stopping threads took: 0.0000472 seconds
{Heap before GC invocations=495708 (full 2):
 par new generation   total 368640K, used 327682K [0x00000006c1c00000, 0x00000006dac00000, 0x00000006dac00000)
  eden space 327680K, 100% used [0x00000006c1c00000, 0x00000006d5c00000, 0x00000006d5c00000)
  from space 40960K,   0% used [0x00000006d5c00000, 0x00000006d5c00810, 0x00000006d8400000)
  to   space 40960K,   0% used [0x00000006d8400000, 0x00000006d8400000, 0x00000006dac00000)
 concurrent mark-sweep generation total 3756032K, used 1080837K [0x00000006dac00000, 0x00000007c0000000, 0x00000007c0000000)
 Metaspace       used 42573K, capacity 43892K, committed 44572K, reserved 1087488K
  class space    used 5454K, capacity 5756K, committed 5960K, reserved 1048576K
2020-07-01T08:32:14.005+0200: 400088.648: [GC (Allocation Failure) 2020-07-01T08:32:14.005+0200: 400088.648: [ParNew
Desired survivor size 20971520 bytes, new threshold 1 (max 1)
- age   1:        272 bytes,        272 total
: 327682K->2K(368640K), 0.0579336 secs] 1408519K->1080839K(4124672K), 0.0580649 secs] [Times: user=0.03 sys=0.00, real=0.06 secs] 
Heap after GC invocations=495709 (full 2):
 par new generation   total 368640K, used 2K [0x00000006c1c00000, 0x00000006dac00000, 0x00000006dac00000)
  eden space 327680K,   0% used [0x00000006c1c00000, 0x00000006c1c00000, 0x00000006d5c00000)
  from space 40960K,   0% used [0x00000006d8400000, 0x00000006d8400810, 0x00000006dac00000)
  to   space 40960K,   0% used [0x00000006d5c00000, 0x00000006d5c00000, 0x00000006d8400000)
 concurrent mark-sweep generation total 3756032K, used 1080837K [0x00000006dac00000, 0x00000007c0000000, 0x00000007c0000000)
 Metaspace       used 42573K, capacity 43892K, committed 44572K, reserved 1087488K
  class space    used 5454K, capacity 5756K, committed 5960K, reserved 1048576K
}
2020-07-01T08:32:14.063+0200: 400088.706: Total time for which application threads were stopped: 0.0583629 seconds, Stopping threads took: 0.0000485 seconds
{Heap before GC invocations=495709 (full 2):
 par new generation   total 368640K, used 327682K [0x00000006c1c00000, 0x00000006dac00000, 0x00000006dac00000)
  eden space 327680K, 100% used [0x00000006c1c00000, 0x00000006d5c00000, 0x00000006d5c00000)
  from space 40960K,   0% used [0x00000006d8400000, 0x00000006d8400810, 0x00000006dac00000)
  to   space 40960K,   0% used [0x00000006d5c00000, 0x00000006d5c00000, 0x00000006d8400000)
 concurrent mark-sweep generation total 3756032K, used 1080837K [0x00000006dac00000, 0x00000007c0000000, 0x00000007c0000000)
 Metaspace       used 42573K, capacity 43892K, committed 44572K, reserved 1087488K
  class space    used 5454K, capacity 5756K, committed 5960K, reserved 1048576K
2020-07-01T08:32:14.429+0200: 400089.072: [GC (Allocation Failure) 2020-07-01T08:32:14.429+0200: 400089.072: [ParNew
Desired survivor size 20971520 bytes, new threshold 1 (max 1)
- age   1:        272 bytes,        272 total
: 327682K->4K(368640K), 0.0148093 secs] 1408519K->1080841K(4124672K), 0.0149105 secs] [Times: user=0.02 sys=0.00, real=0.01 secs] 
Heap after GC invocations=495710 (full 2):
 par new generation   total 368640K, used 4K [0x00000006c1c00000, 0x00000006dac00000, 0x00000006dac00000)
  eden space 327680K,   0% used [0x00000006c1c00000, 0x00000006c1c00000, 0x00000006d5c00000)
  from space 40960K,   0% used [0x00000006d5c00000, 0x00000006d5c01020, 0x00000006d8400000)
  to   space 40960K,   0% used [0x00000006d8400000, 0x00000006d8400000, 0x00000006dac00000)
 concurrent mark-sweep generation total 3756032K, used 1080837K [0x00000006dac00000, 0x00000007c0000000, 0x00000007c0000000)
 Metaspace       used 42573K, capacity 43892K, committed 44572K, reserved 1087488K
  class space    used 5454K, capacity 5756K, committed 5960K, reserved 1048576K
}
2020-07-01T08:32:14.444+0200: 400089.087: Total time for which application threads were stopped: 0.0152442 seconds, Stopping threads took: 0.0000478 seconds
{Heap before GC invocations=495710 (full 2):
 par new generation   total 368640K, used 327684K [0x00000006c1c00000, 0x00000006dac00000, 0x00000006dac00000)
  eden space 327680K, 100% used [0x00000006c1c00000, 0x00000006d5c00000, 0x00000006d5c00000)
  from space 40960K,   0% used [0x00000006d5c00000, 0x00000006d5c01020, 0x00000006d8400000)
  to   space 40960K,   0% used [0x00000006d8400000, 0x00000006d8400000, 0x00000006dac00000)
 concurrent mark-sweep generation total 3756032K, used 1080837K [0x00000006dac00000, 0x00000007c0000000, 0x00000007c0000000)
 Metaspace       used 42573K, capacity 43892K, committed 44572K, reserved 1087488K
  class space    used 5454K, capacity 5756K, committed 5960K, reserved 1048576K
2020-07-01T08:32:14.784+0200: 400089.427: [GC (Allocation Failure) 2020-07-01T08:32:14.784+0200: 400089.427: [ParNew
Desired survivor size 20971520 bytes, new threshold 1 (max 1)
- age   1:        240 bytes,        240 total
: 327684K->2K(368640K), 0.0512574 secs] 1408521K->1080839K(4124672K), 0.0513836 secs] [Times: user=0.02 sys=0.00, real=0.05 secs] 
Heap after GC invocations=495711 (full 2):
 par new generation   total 368640K, used 2K [0x00000006c1c00000, 0x00000006dac00000, 0x00000006dac00000)
  eden space 327680K,   0% used [0x00000006c1c00000, 0x00000006c1c00000, 0x00000006d5c00000)
  from space 40960K,   0% used [0x00000006d8400000, 0x00000006d8400810, 0x00000006dac00000)
  to   space 40960K,   0% used [0x00000006d5c00000, 0x00000006d5c00000, 0x00000006d8400000)
 concurrent mark-sweep generation total 3756032K, used 1080837K [0x00000006dac00000, 0x00000007c0000000, 0x00000007c0000000)
 Metaspace       used 42573K, capacity 43892K, committed 44572K, reserved 1087488K
  class space    used 5454K, capacity 5756K, committed 5960K, reserved 1048576K
}
2020-07-01T08:32:14.836+0200: 400089.478: Total time for which application threads were stopped: 0.0516708 seconds, Stopping threads took: 0.0000521 seconds
{Heap before GC invocations=495711 (full 2):
 par new generation   total 368640K, used 327682K [0x00000006c1c00000, 0x00000006dac00000, 0x00000006dac00000)
  eden space 327680K, 100% used [0x00000006c1c00000, 0x00000006d5c00000, 0x00000006d5c00000)
  from space 40960K,   0% used [0x00000006d8400000, 0x00000006d8400810, 0x00000006dac00000)
  to   space 40960K,   0% used [0x00000006d5c00000, 0x00000006d5c00000, 0x00000006d8400000)
 concurrent mark-sweep generation total 3756032K, used 1080837K [0x00000006dac00000, 0x00000007c0000000, 0x00000007c0000000)
 Metaspace       used 42573K, capacity 43892K, committed 44572K, reserved 1087488K
  class space    used 5454K, capacity 5756K, committed 5960K, reserved 1048576K
2020-07-01T08:32:15.135+0200: 400089.778: [GC (Allocation Failure) 2020-07-01T08:32:15.135+0200: 400089.778: [ParNew
Desired survivor size 20971520 bytes, new threshold 1 (max 1)
- age   1:        304 bytes,        304 total
: 327682K->4K(368640K), 0.0116922 secs] 1408519K->1080841K(4124672K), 0.0118161 secs] [Times: user=0.01 sys=0.00, real=0.01 secs] 
Heap after GC invocations=495712 (full 2):
 par new generation   total 368640K, used 4K [0x00000006c1c00000, 0x00000006dac00000, 0x00000006dac00000)
  eden space 327680K,   0% used [0x00000006c1c00000, 0x00000006c1c00000, 0x00000006d5c00000)
  from space 40960K,   0% used [0x00000006d5c00000, 0x00000006d5c01020, 0x00000006d8400000)
  to   space 40960K,   0% used [0x00000006d8400000, 0x00000006d8400000, 0x00000006dac00000)
 concurrent mark-sweep generation total 3756032K, used 1080837K [0x00000006dac00000, 0x00000007c0000000, 0x00000007c0000000)
 Metaspace       used 42573K, capacity 43892K, committed 44572K, reserved 1087488K
  class space    used 5454K, capacity 5756K, committed 5960K, reserved 1048576K
}
2020-07-01T08:32:15.147+0200: 400089.790: Total time for which application threads were stopped: 0.0122412 seconds, Stopping threads took: 0.0001047 seconds
{Heap before GC invocations=495712 (full 2):
 par new generation   total 368640K, used 327684K [0x00000006c1c00000, 0x00000006dac00000, 0x00000006dac00000)
  eden space 327680K, 100% used [0x00000006c1c00000, 0x00000006d5c00000, 0x00000006d5c00000)
  from space 40960K,   0% used [0x00000006d5c00000, 0x00000006d5c01020, 0x00000006d8400000)
  to   space 40960K,   0% used [0x00000006d8400000, 0x00000006d8400000, 0x00000006dac00000)
 concurrent mark-sweep generation total 3756032K, used 1080837K [0x00000006dac00000, 0x00000007c0000000, 0x00000007c0000000)
 Metaspace       used 42573K, capacity 43892K, committed 44572K, reserved 1087488K
  class space    used 5454K, capacity 5756K, committed 5960K, reserved 1048576K
2020-07-01T08:32:15.461+0200: 400090.104: [GC (Allocation Failure) 2020-07-01T08:32:15.461+0200: 400090.104: [ParNew
Desired survivor size 20971520 bytes, new threshold 1 (max 1)
- age   1:        272 bytes,        272 total
: 327684K->2K(368640K), 0.0329752 secs] 1408521K->1080839K(4124672K), 0.0330907 secs] [Times: user=0.01 sys=0.00, real=0.03 secs] 
Heap after GC invocations=495713 (full 2):
 par new generation   total 368640K, used 2K [0x00000006c1c00000, 0x00000006dac00000, 0x00000006dac00000)
  eden space 327680K,   0% used [0x00000006c1c00000, 0x00000006c1c00000, 0x00000006d5c00000)
  from space 40960K,   0% used [0x00000006d8400000, 0x00000006d8400810, 0x00000006dac00000)
  to   space 40960K,   0% used [0x00000006d5c00000, 0x00000006d5c00000, 0x00000006d8400000)
 concurrent mark-sweep generation total 3756032K, used 1080837K [0x00000006dac00000, 0x00000007c0000000, 0x00000007c0000000)
 Metaspace       used 42573K, capacity 43892K, committed 44572K, reserved 1087488K
  class space    used 5454K, capacity 5756K, committed 5960K, reserved 1048576K
}
2020-07-01T08:32:15.494+0200: 400090.137: Total time for which application threads were stopped: 0.0333724 seconds, Stopping threads took: 0.0000475 seconds
{Heap before GC invocations=495713 (full 2):
 par new generation   total 368640K, used 327682K [0x00000006c1c00000, 0x00000006dac00000, 0x00000006dac00000)
  eden space 327680K, 100% used [0x00000006c1c00000, 0x00000006d5c00000, 0x00000006d5c00000)
  from space 40960K,   0% used [0x00000006d8400000, 0x00000006d8400810, 0x00000006dac00000)
  to   space 40960K,   0% used [0x00000006d5c00000, 0x00000006d5c00000, 0x00000006d8400000)
 concurrent mark-sweep generation total 3756032K, used 1080837K [0x00000006dac00000, 0x00000007c0000000, 0x00000007c0000000)
 Metaspace       used 42573K, capacity 43892K, committed 44572K, reserved 1087488K
  class space    used 5454K, capacity 5756K, committed 5960K, reserved 1048576K
2020-07-01T08:32:15.811+0200: 400090.454: [GC (Allocation Failure) 2020-07-01T08:32:15.811+0200: 400090.454: [ParNew
Desired survivor size 20971520 bytes, new threshold 1 (max 1)
- age   1:        240 bytes,        240 total
: 327682K->4K(368640K), 0.0180408 secs] 1408519K->1080841K(4124672K), 0.0181560 secs] [Times: user=0.03 sys=0.00, real=0.02 secs] 
Heap after GC invocations=495714 (full 2):
 par new generation   total 368640K, used 4K [0x00000006c1c00000, 0x00000006dac00000, 0x00000006dac00000)
  eden space 327680K,   0% used [0x00000006c1c00000, 0x00000006c1c00000, 0x00000006d5c00000)
  from space 40960K,   0% used [0x00000006d5c00000, 0x00000006d5c01020, 0x00000006d8400000)
  to   space 40960K,   0% used [0x00000006d8400000, 0x00000006d8400000, 0x00000006dac00000)
 concurrent mark-sweep generation total 3756032K, used 1080837K [0x00000006dac00000, 0x00000007c0000000, 0x00000007c0000000)
 Metaspace       used 42573K, capacity 43892K, committed 44572K, reserved 1087488K
  class space    used 5454K, capacity 5756K, committed 5960K, reserved 1048576K
}
2020-07-01T08:32:15.829+0200: 400090.472: Total time for which application threads were stopped: 0.0184810 seconds, Stopping threads took: 0.0000705 seconds
{Heap before GC invocations=495714 (full 2):
 par new generation   total 368640K, used 327684K [0x00000006c1c00000, 0x00000006dac00000, 0x00000006dac00000)
  eden space 327680K, 100% used [0x00000006c1c00000, 0x00000006d5c00000, 0x00000006d5c00000)
  from space 40960K,   0% used [0x00000006d5c00000, 0x00000006d5c01020, 0x00000006d8400000)
  to   space 40960K,   0% used [0x00000006d8400000, 0x00000006d8400000, 0x00000006dac00000)
 concurrent mark-sweep generation total 3756032K, used 1080837K [0x00000006dac00000, 0x00000007c0000000, 0x00000007c0000000)
 Metaspace       used 42573K, capacity 43892K, committed 44572K, reserved 1087488K
  class space    used 5454K, capacity 5756K, committed 5960K, reserved 1048576K
2020-07-01T08:32:16.152+0200: 400090.795: [GC (Allocation Failure) 2020-07-01T08:32:16.152+0200: 400090.795: [ParNew
Desired survivor size 20971520 bytes, new threshold 1 (max 1)
- age   1:        272 bytes,        272 total
: 327684K->2K(368640K), 0.0257533 secs] 1408521K->1080839K(4124672K), 0.0258740 secs] [Times: user=0.02 sys=0.00, real=0.03 secs] 
Heap after GC invocations=495715 (full 2):
 par new generation   total 368640K, used 2K [0x00000006c1c00000, 0x00000006dac00000, 0x00000006dac00000)
  eden space 327680K,   0% used [0x00000006c1c00000, 0x00000006c1c00000, 0x00000006d5c00000)
  from space 40960K,   0% used [0x00000006d8400000, 0x00000006d8400810, 0x00000006dac00000)
  to   space 40960K,   0% used [0x00000006d5c00000, 0x00000006d5c00000, 0x00000006d8400000)
 concurrent mark-sweep generation total 3756032K, used 1080837K [0x00000006dac00000, 0x00000007c0000000, 0x00000007c0000000)
 Metaspace       used 42573K, capacity 43892K, committed 44572K, reserved 1087488K
  class space    used 5454K, capacity 5756K, committed 5960K, reserved 1048576K
}
2020-07-01T08:32:16.178+0200: 400090.821: Total time for which application threads were stopped: 0.0261828 seconds, Stopping threads took: 0.0000465 seconds
{Heap before GC invocations=495715 (full 2):
 par new generation   total 368640K, used 327682K [0x00000006c1c00000, 0x00000006dac00000, 0x00000006dac00000)
  eden space 327680K, 100% used [0x00000006c1c00000, 0x00000006d5c00000, 0x00000006d5c00000)
  from space 40960K,   0% used [0x00000006d8400000, 0x00000006d8400810, 0x00000006dac00000)
  to   space 40960K,   0% used [0x00000006d5c00000, 0x00000006d5c00000, 0x00000006d8400000)
 concurrent mark-sweep generation total 3756032K, used 1080837K [0x00000006dac00000, 0x00000007c0000000, 0x00000007c0000000)
 Metaspace       used 42573K, capacity 43892K, committed 44572K, reserved 1087488K
  class space    used 5454K, capacity 5756K, committed 5960K, reserved 1048576K
2020-07-01T08:32:16.483+0200: 400091.125: [GC (Allocation Failure) 2020-07-01T08:32:16.483+0200: 400091.125: [ParNew
Desired survivor size 20971520 bytes, new threshold 1 (max 1)
- age   1:        272 bytes,        272 total
: 327682K->4K(368640K), 0.0102470 secs] 1408519K->1080841K(4124672K), 0.0103607 secs] [Times: user=0.00 sys=0.00, real=0.01 secs] 
Heap after GC invocations=495716 (full 2):
 par new generation   total 368640K, used 4K [0x00000006c1c00000, 0x00000006dac00000, 0x00000006dac00000)
  eden space 327680K,   0% used [0x00000006c1c00000, 0x00000006c1c00000, 0x00000006d5c00000)
  from space 40960K,   0% used [0x00000006d5c00000, 0x00000006d5c01020, 0x00000006d8400000)
  to   space 40960K,   0% used [0x00000006d8400000, 0x00000006d8400000, 0x00000006dac00000)
 concurrent mark-sweep generation total 3756032K, used 1080837K [0x00000006dac00000, 0x00000007c0000000, 0x00000007c0000000)
 Metaspace       used 42573K, capacity 43892K, committed 44572K, reserved 1087488K
  class space    used 5454K, capacity 5756K, committed 5960K, reserved 1048576K
}
2020-07-01T08:32:16.493+0200: 400091.136: Total time for which application threads were stopped: 0.0107576 seconds, Stopping threads took: 0.0000939 seconds
{Heap before GC invocations=495716 (full 2):
 par new generation   total 368640K, used 327684K [0x00000006c1c00000, 0x00000006dac00000, 0x00000006dac00000)
  eden space 327680K, 100% used [0x00000006c1c00000, 0x00000006d5c00000, 0x00000006d5c00000)
  from space 40960K,   0% used [0x00000006d5c00000, 0x00000006d5c01020, 0x00000006d8400000)
  to   space 40960K,   0% used [0x00000006d8400000, 0x00000006d8400000, 0x00000006dac00000)
 concurrent mark-sweep generation total 3756032K, used 1080837K [0x00000006dac00000, 0x00000007c0000000, 0x00000007c0000000)
 Metaspace       used 42573K, capacity 43892K, committed 44572K, reserved 1087488K
  class space    used 5454K, capacity 5756K, committed 5960K, reserved 1048576K
2020-07-01T08:32:16.777+0200: 400091.420: [GC (Allocation Failure) 2020-07-01T08:32:16.777+0200: 400091.420: [ParNew
Desired survivor size 20971520 bytes, new threshold 1 (max 1)
- age   1:        240 bytes,        240 total
: 327684K->4K(368640K), 0.0215029 secs] 1408521K->1080841K(4124672K), 0.0216307 secs] [Times: user=0.00 sys=0.00, real=0.03 secs] 
Heap after GC invocations=495717 (full 2):
 par new generation   total 368640K, used 4K [0x00000006c1c00000, 0x00000006dac00000, 0x00000006dac00000)
  eden space 327680K,   0% used [0x00000006c1c00000, 0x00000006c1c00000, 0x00000006d5c00000)
  from space 40960K,   0% used [0x00000006d8400000, 0x00000006d8401020, 0x00000006dac00000)
  to   space 40960K,   0% used [0x00000006d5c00000, 0x00000006d5c00000, 0x00000006d8400000)
 concurrent mark-sweep generation total 3756032K, used 1080837K [0x00000006dac00000, 0x00000007c0000000, 0x00000007c0000000)
 Metaspace       used 42573K, capacity 43892K, committed 44572K, reserved 1087488K
  class space    used 5454K, capacity 5756K, committed 5960K, reserved 1048576K
}
2020-07-01T08:32:16.799+0200: 400091.442: Total time for which application threads were stopped: 0.0219110 seconds, Stopping threads took: 0.0000504 seconds
{Heap before GC invocations=495717 (full 2):
 par new generation   total 368640K, used 327684K [0x00000006c1c00000, 0x00000006dac00000, 0x00000006dac00000)
  eden space 327680K, 100% used [0x00000006c1c00000, 0x00000006d5c00000, 0x00000006d5c00000)
  from space 40960K,   0% used [0x00000006d8400000, 0x00000006d8401020, 0x00000006dac00000)
  to   space 40960K,   0% used [0x00000006d5c00000, 0x00000006d5c00000, 0x00000006d8400000)
 concurrent mark-sweep generation total 3756032K, used 1080837K [0x00000006dac00000, 0x00000007c0000000, 0x00000007c0000000)
 Metaspace       used 42573K, capacity 43892K, committed 44572K, reserved 1087488K
  class space    used 5454K, capacity 5756K, committed 5960K, reserved 1048576K
2020-07-01T08:32:17.125+0200: 400091.768: [GC (Allocation Failure) 2020-07-01T08:32:17.125+0200: 400091.768: [ParNew
Desired survivor size 20971520 bytes, new threshold 1 (max 1)
- age   1:        272 bytes,        272 total
: 327684K->2K(368640K), 0.0317051 secs] 1408521K->1080839K(4124672K), 0.0318285 secs] [Times: user=0.02 sys=0.00, real=0.03 secs] 
Heap after GC invocations=495718 (full 2):
 par new generation   total 368640K, used 2K [0x00000006c1c00000, 0x00000006dac00000, 0x00000006dac00000)
  eden space 327680K,   0% used [0x00000006c1c00000, 0x00000006c1c00000, 0x00000006d5c00000)
  from space 40960K,   0% used [0x00000006d5c00000, 0x00000006d5c00810, 0x00000006d8400000)
  to   space 40960K,   0% used [0x00000006d8400000, 0x00000006d8400000, 0x00000006dac00000)
 concurrent mark-sweep generation total 3756032K, used 1080837K [0x00000006dac00000, 0x00000007c0000000, 0x00000007c0000000)
 Metaspace       used 42573K, capacity 43892K, committed 44572K, reserved 1087488K
  class space    used 5454K, capacity 5756K, committed 5960K, reserved 1048576K
}
2020-07-01T08:32:17.157+0200: 400091.800: Total time for which application threads were stopped: 0.0326307 seconds, Stopping threads took: 0.0000491 seconds
{Heap before GC invocations=495718 (full 2):
 par new generation   total 368640K, used 327682K [0x00000006c1c00000, 0x00000006dac00000, 0x00000006dac00000)
  eden space 327680K, 100% used [0x00000006c1c00000, 0x00000006d5c00000, 0x00000006d5c00000)
  from space 40960K,   0% used [0x00000006d5c00000, 0x00000006d5c00810, 0x00000006d8400000)
  to   space 40960K,   0% used [0x00000006d8400000, 0x00000006d8400000, 0x00000006dac00000)
 concurrent mark-sweep generation total 3756032K, used 1080837K [0x00000006dac00000, 0x00000007c0000000, 0x00000007c0000000)
 Metaspace       used 42573K, capacity 43892K, committed 44572K, reserved 1087488K
  class space    used 5454K, capacity 5756K, committed 5960K, reserved 1048576K
2020-07-01T08:32:17.477+0200: 400092.120: [GC (Allocation Failure) 2020-07-01T08:32:17.478+0200: 400092.120: [ParNew
Desired survivor size 20971520 bytes, new threshold 1 (max 1)
- age   1:        304 bytes,        304 total
: 327682K->4K(368640K), 0.0083928 secs] 1408519K->1080841K(4124672K), 0.0085186 secs] [Times: user=0.04 sys=0.00, real=0.01 secs] 
Heap after GC invocations=495719 (full 2):
 par new generation   total 368640K, used 4K [0x00000006c1c00000, 0x00000006dac00000, 0x00000006dac00000)
  eden space 327680K,   0% used [0x00000006c1c00000, 0x00000006c1c00000, 0x00000006d5c00000)
  from space 40960K,   0% used [0x00000006d8400000, 0x00000006d8401020, 0x00000006dac00000)
  to   space 40960K,   0% used [0x00000006d5c00000, 0x00000006d5c00000, 0x00000006d8400000)
 concurrent mark-sweep generation total 3756032K, used 1080837K [0x00000006dac00000, 0x00000007c0000000, 0x00000007c0000000)
 Metaspace       used 42573K, capacity 43892K, committed 44572K, reserved 1087488K
  class space    used 5454K, capacity 5756K, committed 5960K, reserved 1048576K
}
2020-07-01T08:32:17.486+0200: 400092.129: Total time for which application threads were stopped: 0.0088875 seconds, Stopping threads took: 0.0001163 seconds
{Heap before GC invocations=495719 (full 2):
 par new generation   total 368640K, used 327684K [0x00000006c1c00000, 0x00000006dac00000, 0x00000006dac00000)
  eden space 327680K, 100% used [0x00000006c1c00000, 0x00000006d5c00000, 0x00000006d5c00000)
  from space 40960K,   0% used [0x00000006d8400000, 0x00000006d8401020, 0x00000006dac00000)
  to   space 40960K,   0% used [0x00000006d5c00000, 0x00000006d5c00000, 0x00000006d8400000)
 concurrent mark-sweep generation total 3756032K, used 1080837K [0x00000006dac00000, 0x00000007c0000000, 0x00000007c0000000)
 Metaspace       used 42573K, capacity 43892K, committed 44572K, reserved 1087488K
  class space    used 5454K, capacity 5756K, committed 5960K, reserved 1048576K
2020-07-01T08:32:17.831+0200: 400092.474: [GC (Allocation Failure) 2020-07-01T08:32:17.831+0200: 400092.474: [ParNew
Desired survivor size 20971520 bytes, new threshold 1 (max 1)
- age   1:        504 bytes,        504 total
: 327684K->4K(368640K), 0.0127927 secs] 1408521K->1080842K(4124672K), 0.0129070 secs] [Times: user=0.03 sys=0.00, real=0.01 secs] 
Heap after GC invocations=495720 (full 2):
 par new generation   total 368640K, used 4K [0x00000006c1c00000, 0x00000006dac00000, 0x00000006dac00000)
  eden space 327680K,   0% used [0x00000006c1c00000, 0x00000006c1c00000, 0x00000006d5c00000)
  from space 40960K,   0% used [0x00000006d5c00000, 0x00000006d5c01020, 0x00000006d8400000)
  to   space 40960K,   0% used [0x00000006d8400000, 0x00000006d8400000, 0x00000006dac00000)
 concurrent mark-sweep generation total 3756032K, used 1080838K [0x00000006dac00000, 0x00000007c0000000, 0x00000007c0000000)
 Metaspace       used 42573K, capacity 43892K, committed 44572K, reserved 1087488K
  class space    used 5454K, capacity 5756K, committed 5960K, reserved 1048576K
}
2020-07-01T08:32:17.844+0200: 400092.487: Total time for which application threads were stopped: 0.0132110 seconds, Stopping threads took: 0.0000531 seconds
{Heap before GC invocations=495720 (full 2):
 par new generation   total 368640K, used 327684K [0x00000006c1c00000, 0x00000006dac00000, 0x00000006dac00000)
  eden space 327680K, 100% used [0x00000006c1c00000, 0x00000006d5c00000, 0x00000006d5c00000)
  from space 40960K,   0% used [0x00000006d5c00000, 0x00000006d5c01020, 0x00000006d8400000)
  to   space 40960K,   0% used [0x00000006d8400000, 0x00000006d8400000, 0x00000006dac00000)
 concurrent mark-sweep generation total 3756032K, used 1080838K [0x00000006dac00000, 0x00000007c0000000, 0x00000007c0000000)
 Metaspace       used 42573K, capacity 43892K, committed 44572K, reserved 1087488K
  class space    used 5454K, capacity 5756K, committed 5960K, reserved 1048576K
2020-07-01T08:32:18.153+0200: 400092.796: [GC (Allocation Failure) 2020-07-01T08:32:18.153+0200: 400092.796: [ParNew
Desired survivor size 20971520 bytes, new threshold 1 (max 1)
- age   1:        728 bytes,        728 total
: 327684K->4K(368640K), 0.0119331 secs] 1408522K->1080842K(4124672K), 0.0120438 secs] [Times: user=0.00 sys=0.00, real=0.01 secs] 
Heap after GC invocations=495721 (full 2):
 par new generation   total 368640K, used 4K [0x00000006c1c00000, 0x00000006dac00000, 0x00000006dac00000)
  eden space 327680K,   0% used [0x00000006c1c00000, 0x00000006c1c00000, 0x00000006d5c00000)
  from space 40960K,   0% used [0x00000006d8400000, 0x00000006d8401020, 0x00000006dac00000)
  to   space 40960K,   0% used [0x00000006d5c00000, 0x00000006d5c00000, 0x00000006d8400000)
 concurrent mark-sweep generation total 3756032K, used 1080838K [0x00000006dac00000, 0x00000007c0000000, 0x00000007c0000000)
 Metaspace       used 42573K, capacity 43892K, committed 44572K, reserved 1087488K
  class space    used 5454K, capacity 5756K, committed 5960K, reserved 1048576K
}
2020-07-01T08:32:18.165+0200: 400092.808: Total time for which application threads were stopped: 0.0127283 seconds, Stopping threads took: 0.0004154 seconds
{Heap before GC invocations=495721 (full 2):
 par new generation   total 368640K, used 327684K [0x00000006c1c00000, 0x00000006dac00000, 0x00000006dac00000)
  eden space 327680K, 100% used [0x00000006c1c00000, 0x00000006d5c00000, 0x00000006d5c00000)
  from space 40960K,   0% used [0x00000006d8400000, 0x00000006d8401020, 0x00000006dac00000)
  to   space 40960K,   0% used [0x00000006d5c00000, 0x00000006d5c00000, 0x00000006d8400000)
 concurrent mark-sweep generation total 3756032K, used 1080838K [0x00000006dac00000, 0x00000007c0000000, 0x00000007c0000000)
 Metaspace       used 42573K, capacity 43892K, committed 44572K, reserved 1087488K
  class space    used 5454K, capacity 5756K, committed 5960K, reserved 1048576K
2020-07-01T08:32:18.475+0200: 400093.118: [GC (Allocation Failure) 2020-07-01T08:32:18.475+0200: 400093.118: [ParNew
Desired survivor size 20971520 bytes, new threshold 1 (max 1)
- age   1:        304 bytes,        304 total
: 327684K->2K(368640K), 0.0228990 secs] 1408522K->1080840K(4124672K), 0.0230177 secs] [Times: user=0.03 sys=0.00, real=0.03 secs] 
Heap after GC invocations=495722 (full 2):
 par new generation   total 368640K, used 2K [0x00000006c1c00000, 0x00000006dac00000, 0x00000006dac00000)
  eden space 327680K,   0% used [0x00000006c1c00000, 0x00000006c1c00000, 0x00000006d5c00000)
  from space 40960K,   0% used [0x00000006d5c00000, 0x00000006d5c00810, 0x00000006d8400000)
  to   space 40960K,   0% used [0x00000006d8400000, 0x00000006d8400000, 0x00000006dac00000)
 concurrent mark-sweep generation total 3756032K, used 1080838K [0x00000006dac00000, 0x00000007c0000000, 0x00000007c0000000)
 Metaspace       used 42573K, capacity 43892K, committed 44572K, reserved 1087488K
  class space    used 5454K, capacity 5756K, committed 5960K, reserved 1048576K
}
2020-07-01T08:32:18.499+0200: 400093.141: Total time for which application threads were stopped: 0.0234882 seconds, Stopping threads took: 0.0002269 seconds
{Heap before GC invocations=495722 (full 2):
 par new generation   total 368640K, used 327682K [0x00000006c1c00000, 0x00000006dac00000, 0x00000006dac00000)
  eden space 327680K, 100% used [0x00000006c1c00000, 0x00000006d5c00000, 0x00000006d5c00000)
  from space 40960K,   0% used [0x00000006d5c00000, 0x00000006d5c00810, 0x00000006d8400000)
  to   space 40960K,   0% used [0x00000006d8400000, 0x00000006d8400000, 0x00000006dac00000)
 concurrent mark-sweep generation total 3756032K, used 1080838K [0x00000006dac00000, 0x00000007c0000000, 0x00000007c0000000)
 Metaspace       used 42573K, capacity 43892K, committed 44572K, reserved 1087488K
  class space    used 5454K, capacity 5756K, committed 5960K, reserved 1048576K
2020-07-01T08:32:18.786+0200: 400093.429: [GC (Allocation Failure) 2020-07-01T08:32:18.786+0200: 400093.429: [ParNew
Desired survivor size 20971520 bytes, new threshold 1 (max 1)
- age   1:        240 bytes,        240 total
: 327682K->4K(368640K), 0.0123021 secs] 1408520K->1080842K(4124672K), 0.0124049 secs] [Times: user=0.03 sys=0.00, real=0.02 secs] 
Heap after GC invocations=495723 (full 2):
 par new generation   total 368640K, used 4K [0x00000006c1c00000, 0x00000006dac00000, 0x00000006dac00000)
  eden space 327680K,   0% used [0x00000006c1c00000, 0x00000006c1c00000, 0x00000006d5c00000)
  from space 40960K,   0% used [0x00000006d8400000, 0x00000006d8401020, 0x00000006dac00000)
  to   space 40960K,   0% used [0x00000006d5c00000, 0x00000006d5c00000, 0x00000006d8400000)
 concurrent mark-sweep generation total 3756032K, used 1080838K [0x00000006dac00000, 0x00000007c0000000, 0x00000007c0000000)
 Metaspace       used 42573K, capacity 43892K, committed 44572K, reserved 1087488K
  class space    used 5454K, capacity 5756K, committed 5960K, reserved 1048576K
}
2020-07-01T08:32:18.799+0200: 400093.442: Total time for which application threads were stopped: 0.0127009 seconds, Stopping threads took: 0.0000653 seconds
{Heap before GC invocations=495723 (full 2):
 par new generation   total 368640K, used 327684K [0x00000006c1c00000, 0x00000006dac00000, 0x00000006dac00000)
  eden space 327680K, 100% used [0x00000006c1c00000, 0x00000006d5c00000, 0x00000006d5c00000)
  from space 40960K,   0% used [0x00000006d8400000, 0x00000006d8401020, 0x00000006dac00000)
  to   space 40960K,   0% used [0x00000006d5c00000, 0x00000006d5c00000, 0x00000006d8400000)
 concurrent mark-sweep generation total 3756032K, used 1080838K [0x00000006dac00000, 0x00000007c0000000, 0x00000007c0000000)
 Metaspace       used 42573K, capacity 43892K, committed 44572K, reserved 1087488K
  class space    used 5454K, capacity 5756K, committed 5960K, reserved 1048576K
2020-07-01T08:32:19.109+0200: 400093.752: [GC (Allocation Failure) 2020-07-01T08:32:19.109+0200: 400093.752: [ParNew
Desired survivor size 20971520 bytes, new threshold 1 (max 1)
- age   1:        272 bytes,        272 total
: 327684K->4K(368640K), 0.0164959 secs] 1408522K->1080842K(4124672K), 0.0166685 secs] [Times: user=0.02 sys=0.00, real=0.01 secs] 
Heap after GC invocations=495724 (full 2):
 par new generation   total 368640K, used 4K [0x00000006c1c00000, 0x00000006dac00000, 0x00000006dac00000)
  eden space 327680K,   0% used [0x00000006c1c00000, 0x00000006c1c00000, 0x00000006d5c00000)
  from space 40960K,   0% used [0x00000006d5c00000, 0x00000006d5c01020, 0x00000006d8400000)
  to   space 40960K,   0% used [0x00000006d8400000, 0x00000006d8400000, 0x00000006dac00000)
 concurrent mark-sweep generation total 3756032K, used 1080838K [0x00000006dac00000, 0x00000007c0000000, 0x00000007c0000000)
 Metaspace       used 42573K, capacity 43892K, committed 44572K, reserved 1087488K
  class space    used 5454K, capacity 5756K, committed 5960K, reserved 1048576K
}
2020-07-01T08:32:19.126+0200: 400093.769: Total time for which application threads were stopped: 0.0169563 seconds, Stopping threads took: 0.0000538 seconds
{Heap before GC invocations=495724 (full 2):
 par new generation   total 368640K, used 327684K [0x00000006c1c00000, 0x00000006dac00000, 0x00000006dac00000)
  eden space 327680K, 100% used [0x00000006c1c00000, 0x00000006d5c00000, 0x00000006d5c00000)
  from space 40960K,   0% used [0x00000006d5c00000, 0x00000006d5c01020, 0x00000006d8400000)
  to   space 40960K,   0% used [0x00000006d8400000, 0x00000006d8400000, 0x00000006dac00000)
 concurrent mark-sweep generation total 3756032K, used 1080838K [0x00000006dac00000, 0x00000007c0000000, 0x00000007c0000000)
 Metaspace       used 42573K, capacity 43892K, committed 44572K, reserved 1087488K
  class space    used 5454K, capacity 5756K, committed 5960K, reserved 1048576K
2020-07-01T08:32:19.440+0200: 400094.083: [GC (Allocation Failure) 2020-07-01T08:32:19.440+0200: 400094.083: [ParNew
Desired survivor size 20971520 bytes, new threshold 1 (max 1)
- age   1:        272 bytes,        272 total
: 327684K->2K(368640K), 0.0279426 secs] 1408522K->1080840K(4124672K), 0.0280668 secs] [Times: user=0.03 sys=0.00, real=0.03 secs] 
Heap after GC invocations=495725 (full 2):
 par new generation   total 368640K, used 2K [0x00000006c1c00000, 0x00000006dac00000, 0x00000006dac00000)
  eden space 327680K,   0% used [0x00000006c1c00000, 0x00000006c1c00000, 0x00000006d5c00000)
  from space 40960K,   0% used [0x00000006d8400000, 0x00000006d8400810, 0x00000006dac00000)
  to   space 40960K,   0% used [0x00000006d5c00000, 0x00000006d5c00000, 0x00000006d8400000)
 concurrent mark-sweep generation total 3756032K, used 1080838K [0x00000006dac00000, 0x00000007c0000000, 0x00000007c0000000)
 Metaspace       used 42573K, capacity 43892K, committed 44572K, reserved 1087488K
  class space    used 5454K, capacity 5756K, committed 5960K, reserved 1048576K
}
2020-07-01T08:32:19.468+0200: 400094.111: Total time for which application threads were stopped: 0.0283635 seconds, Stopping threads took: 0.0000588 seconds
{Heap before GC invocations=495725 (full 2):
 par new generation   total 368640K, used 327682K [0x00000006c1c00000, 0x00000006dac00000, 0x00000006dac00000)
  eden space 327680K, 100% used [0x00000006c1c00000, 0x00000006d5c00000, 0x00000006d5c00000)
  from space 40960K,   0% used [0x00000006d8400000, 0x00000006d8400810, 0x00000006dac00000)
  to   space 40960K,   0% used [0x00000006d5c00000, 0x00000006d5c00000, 0x00000006d8400000)
 concurrent mark-sweep generation total 3756032K, used 1080838K [0x00000006dac00000, 0x00000007c0000000, 0x00000007c0000000)
 Metaspace       used 42573K, capacity 43892K, committed 44572K, reserved 1087488K
  class space    used 5454K, capacity 5756K, committed 5960K, reserved 1048576K
2020-07-01T08:32:19.767+0200: 400094.410: [GC (Allocation Failure) 2020-07-01T08:32:19.767+0200: 400094.410: [ParNew
Desired survivor size 20971520 bytes, new threshold 1 (max 1)
- age   1:        240 bytes,        240 total
: 327682K->4K(368640K), 0.0129412 secs] 1408520K->1080842K(4124672K), 0.0130470 secs] [Times: user=0.00 sys=0.00, real=0.02 secs] 
Heap after GC invocations=495726 (full 2):
 par new generation   total 368640K, used 4K [0x00000006c1c00000, 0x00000006dac00000, 0x00000006dac00000)
  eden space 327680K,   0% used [0x00000006c1c00000, 0x00000006c1c00000, 0x00000006d5c00000)
  from space 40960K,   0% used [0x00000006d5c00000, 0x00000006d5c01020, 0x00000006d8400000)
  to   space 40960K,   0% used [0x00000006d8400000, 0x00000006d8400000, 0x00000006dac00000)
 concurrent mark-sweep generation total 3756032K, used 1080838K [0x00000006dac00000, 0x00000007c0000000, 0x00000007c0000000)
 Metaspace       used 42573K, capacity 43892K, committed 44572K, reserved 1087488K
  class space    used 5454K, capacity 5756K, committed 5960K, reserved 1048576K
}
2020-07-01T08:32:19.780+0200: 400094.423: Total time for which application threads were stopped: 0.0142647 seconds, Stopping threads took: 0.0009358 seconds
{Heap before GC invocations=495726 (full 2):
 par new generation   total 368640K, used 327684K [0x00000006c1c00000, 0x00000006dac00000, 0x00000006dac00000)
  eden space 327680K, 100% used [0x00000006c1c00000, 0x00000006d5c00000, 0x00000006d5c00000)
  from space 40960K,   0% used [0x00000006d5c00000, 0x00000006d5c01020, 0x00000006d8400000)
  to   space 40960K,   0% used [0x00000006d8400000, 0x00000006d8400000, 0x00000006dac00000)
 concurrent mark-sweep generation total 3756032K, used 1080838K [0x00000006dac00000, 0x00000007c0000000, 0x00000007c0000000)
 Metaspace       used 42573K, capacity 43892K, committed 44572K, reserved 1087488K
  class space    used 5454K, capacity 5756K, committed 5960K, reserved 1048576K
2020-07-01T08:32:20.147+0200: 400094.790: [GC (Allocation Failure) 2020-07-01T08:32:20.147+0200: 400094.790: [ParNew
Desired survivor size 20971520 bytes, new threshold 1 (max 1)
- age   1:        304 bytes,        304 total
: 327684K->2K(368640K), 0.0715809 secs] 1408522K->1080840K(4124672K), 0.0716781 secs] [Times: user=0.02 sys=0.00, real=0.08 secs] 
Heap after GC invocations=495727 (full 2):
 par new generation   total 368640K, used 2K [0x00000006c1c00000, 0x00000006dac00000, 0x00000006dac00000)
  eden space 327680K,   0% used [0x00000006c1c00000, 0x00000006c1c00000, 0x00000006d5c00000)
  from space 40960K,   0% used [0x00000006d8400000, 0x00000006d8400810, 0x00000006dac00000)
  to   space 40960K,   0% used [0x00000006d5c00000, 0x00000006d5c00000, 0x00000006d8400000)
 concurrent mark-sweep generation total 3756032K, used 1080838K [0x00000006dac00000, 0x00000007c0000000, 0x00000007c0000000)
 Metaspace       used 42573K, capacity 43892K, committed 44572K, reserved 1087488K
  class space    used 5454K, capacity 5756K, committed 5960K, reserved 1048576K
}
2020-07-01T08:32:20.219+0200: 400094.862: Total time for which application threads were stopped: 0.0719716 seconds, Stopping threads took: 0.0000519 seconds
{Heap before GC invocations=495727 (full 2):
 par new generation   total 368640K, used 327682K [0x00000006c1c00000, 0x00000006dac00000, 0x00000006dac00000)
  eden space 327680K, 100% used [0x00000006c1c00000, 0x00000006d5c00000, 0x00000006d5c00000)
  from space 40960K,   0% used [0x00000006d8400000, 0x00000006d8400810, 0x00000006dac00000)
  to   space 40960K,   0% used [0x00000006d5c00000, 0x00000006d5c00000, 0x00000006d8400000)
 concurrent mark-sweep generation total 3756032K, used 1080838K [0x00000006dac00000, 0x00000007c0000000, 0x00000007c0000000)
 Metaspace       used 42573K, capacity 43892K, committed 44572K, reserved 1087488K
  class space    used 5454K, capacity 5756K, committed 5960K, reserved 1048576K
2020-07-01T08:32:20.597+0200: 400095.240: [GC (Allocation Failure) 2020-07-01T08:32:20.597+0200: 400095.240: [ParNew
Desired survivor size 20971520 bytes, new threshold 1 (max 1)
- age   1:        272 bytes,        272 total
: 327682K->4K(368640K), 0.0117444 secs] 1408520K->1080842K(4124672K), 0.0118636 secs] [Times: user=0.03 sys=0.00, real=0.02 secs] 
Heap after GC invocations=495728 (full 2):
 par new generation   total 368640K, used 4K [0x00000006c1c00000, 0x00000006dac00000, 0x00000006dac00000)
  eden space 327680K,   0% used [0x00000006c1c00000, 0x00000006c1c00000, 0x00000006d5c00000)
  from space 40960K,   0% used [0x00000006d5c00000, 0x00000006d5c01020, 0x00000006d8400000)
  to   space 40960K,   0% used [0x00000006d8400000, 0x00000006d8400000, 0x00000006dac00000)
 concurrent mark-sweep generation total 3756032K, used 1080838K [0x00000006dac00000, 0x00000007c0000000, 0x00000007c0000000)
 Metaspace       used 42573K, capacity 43892K, committed 44572K, reserved 1087488K
  class space    used 5454K, capacity 5756K, committed 5960K, reserved 1048576K
}
2020-07-01T08:32:20.609+0200: 400095.252: Total time for which application threads were stopped: 0.0121621 seconds, Stopping threads took: 0.0000559 seconds
{Heap before GC invocations=495728 (full 2):
 par new generation   total 368640K, used 327684K [0x00000006c1c00000, 0x00000006dac00000, 0x00000006dac00000)
  eden space 327680K, 100% used [0x00000006c1c00000, 0x00000006d5c00000, 0x00000006d5c00000)
  from space 40960K,   0% used [0x00000006d5c00000, 0x00000006d5c01020, 0x00000006d8400000)
  to   space 40960K,   0% used [0x00000006d8400000, 0x00000006d8400000, 0x00000006dac00000)
 concurrent mark-sweep generation total 3756032K, used 1080838K [0x00000006dac00000, 0x00000007c0000000, 0x00000007c0000000)
 Metaspace       used 42573K, capacity 43892K, committed 44572K, reserved 1087488K
  class space    used 5454K, capacity 5756K, committed 5960K, reserved 1048576K
2020-07-01T08:32:20.990+0200: 400095.632: [GC (Allocation Failure) 2020-07-01T08:32:20.990+0200: 400095.633: [ParNew
Desired survivor size 20971520 bytes, new threshold 1 (max 1)
- age   1:        272 bytes,        272 total
: 327684K->4K(368640K), 0.0454969 secs] 1408522K->1080842K(4124672K), 0.0456023 secs] [Times: user=0.00 sys=0.00, real=0.04 secs] 
Heap after GC invocations=495729 (full 2):
 par new generation   total 368640K, used 4K [0x00000006c1c00000, 0x00000006dac00000, 0x00000006dac00000)
  eden space 327680K,   0% used [0x00000006c1c00000, 0x00000006c1c00000, 0x00000006d5c00000)
  from space 40960K,   0% used [0x00000006d8400000, 0x00000006d8401020, 0x00000006dac00000)
  to   space 40960K,   0% used [0x00000006d5c00000, 0x00000006d5c00000, 0x00000006d8400000)
 concurrent mark-sweep generation total 3756032K, used 1080838K [0x00000006dac00000, 0x00000007c0000000, 0x00000007c0000000)
 Metaspace       used 42573K, capacity 43892K, committed 44572K, reserved 1087488K
  class space    used 5454K, capacity 5756K, committed 5960K, reserved 1048576K
}
2020-07-01T08:32:21.035+0200: 400095.678: Total time for which application threads were stopped: 0.0490808 seconds, Stopping threads took: 0.0032141 seconds
{Heap before GC invocations=495729 (full 2):
 par new generation   total 368640K, used 327684K [0x00000006c1c00000, 0x00000006dac00000, 0x00000006dac00000)
  eden space 327680K, 100% used [0x00000006c1c00000, 0x00000006d5c00000, 0x00000006d5c00000)
  from space 40960K,   0% used [0x00000006d8400000, 0x00000006d8401020, 0x00000006dac00000)
  to   space 40960K,   0% used [0x00000006d5c00000, 0x00000006d5c00000, 0x00000006d8400000)
 concurrent mark-sweep generation total 3756032K, used 1080838K [0x00000006dac00000, 0x00000007c0000000, 0x00000007c0000000)
 Metaspace       used 42573K, capacity 43892K, committed 44572K, reserved 1087488K
  class space    used 5454K, capacity 5756K, committed 5960K, reserved 1048576K
2020-07-01T08:32:21.414+0200: 400096.057: [GC (Allocation Failure) 2020-07-01T08:32:21.414+0200: 400096.057: [ParNew
Desired survivor size 20971520 bytes, new threshold 1 (max 1)
- age   1:        240 bytes,        240 total
: 327684K->2K(368640K), 0.1106949 secs] 1408522K->1080841K(4124672K), 0.1108010 secs] [Times: user=0.01 sys=0.00, real=0.11 secs] 
Heap after GC invocations=495730 (full 2):
 par new generation   total 368640K, used 2K [0x00000006c1c00000, 0x00000006dac00000, 0x00000006dac00000)
  eden space 327680K,   0% used [0x00000006c1c00000, 0x00000006c1c00000, 0x00000006d5c00000)
  from space 40960K,   0% used [0x00000006d5c00000, 0x00000006d5c00810, 0x00000006d8400000)
  to   space 40960K,   0% used [0x00000006d8400000, 0x00000006d8400000, 0x00000006dac00000)
 concurrent mark-sweep generation total 3756032K, used 1080838K [0x00000006dac00000, 0x00000007c0000000, 0x00000007c0000000)
 Metaspace       used 42573K, capacity 43892K, committed 44572K, reserved 1087488K
  class space    used 5454K, capacity 5756K, committed 5960K, reserved 1048576K
}
2020-07-01T08:32:21.525+0200: 400096.168: Total time for which application threads were stopped: 0.1110999 seconds, Stopping threads took: 0.0000600 seconds
{Heap before GC invocations=495730 (full 2):
 par new generation   total 368640K, used 327682K [0x00000006c1c00000, 0x00000006dac00000, 0x00000006dac00000)
  eden space 327680K, 100% used [0x00000006c1c00000, 0x00000006d5c00000, 0x00000006d5c00000)
  from space 40960K,   0% used [0x00000006d5c00000, 0x00000006d5c00810, 0x00000006d8400000)
  to   space 40960K,   0% used [0x00000006d8400000, 0x00000006d8400000, 0x00000006dac00000)
 concurrent mark-sweep generation total 3756032K, used 1080838K [0x00000006dac00000, 0x00000007c0000000, 0x00000007c0000000)
 Metaspace       used 42573K, capacity 43892K, committed 44572K, reserved 1087488K
  class space    used 5454K, capacity 5756K, committed 5960K, reserved 1048576K
2020-07-01T08:32:21.957+0200: 400096.600: [GC (Allocation Failure) 2020-07-01T08:32:21.957+0200: 400096.600: [ParNew
Desired survivor size 20971520 bytes, new threshold 1 (max 1)
- age   1:        272 bytes,        272 total
: 327682K->4K(368640K), 0.0341864 secs] 1408521K->1080843K(4124672K), 0.0342872 secs] [Times: user=0.00 sys=0.00, real=0.04 secs] 
Heap after GC invocations=495731 (full 2):
 par new generation   total 368640K, used 4K [0x00000006c1c00000, 0x00000006dac00000, 0x00000006dac00000)
  eden space 327680K,   0% used [0x00000006c1c00000, 0x00000006c1c00000, 0x00000006d5c00000)
  from space 40960K,   0% used [0x00000006d8400000, 0x00000006d8401020, 0x00000006dac00000)
  to   space 40960K,   0% used [0x00000006d5c00000, 0x00000006d5c00000, 0x00000006d8400000)
 concurrent mark-sweep generation total 3756032K, used 1080838K [0x00000006dac00000, 0x00000007c0000000, 0x00000007c0000000)
 Metaspace       used 42573K, capacity 43892K, committed 44572K, reserved 1087488K
  class space    used 5454K, capacity 5756K, committed 5960K, reserved 1048576K
}
2020-07-01T08:32:21.992+0200: 400096.635: Total time for which application threads were stopped: 0.0346706 seconds, Stopping threads took: 0.0001449 seconds
{Heap before GC invocations=495731 (full 2):
 par new generation   total 368640K, used 327684K [0x00000006c1c00000, 0x00000006dac00000, 0x00000006dac00000)
  eden space 327680K, 100% used [0x00000006c1c00000, 0x00000006d5c00000, 0x00000006d5c00000)
  from space 40960K,   0% used [0x00000006d8400000, 0x00000006d8401020, 0x00000006dac00000)
  to   space 40960K,   0% used [0x00000006d5c00000, 0x00000006d5c00000, 0x00000006d8400000)
 concurrent mark-sweep generation total 3756032K, used 1080838K [0x00000006dac00000, 0x00000007c0000000, 0x00000007c0000000)
 Metaspace       used 42573K, capacity 43892K, committed 44572K, reserved 1087488K
  class space    used 5454K, capacity 5756K, committed 5960K, reserved 1048576K
2020-07-01T08:32:22.401+0200: 400097.043: [GC (Allocation Failure) 2020-07-01T08:32:22.401+0200: 400097.044: [ParNew
Desired survivor size 20971520 bytes, new threshold 1 (max 1)
- age   1:        304 bytes,        304 total
: 327684K->4K(368640K), 0.0087328 secs] 1408523K->1080843K(4124672K), 0.0088478 secs] [Times: user=0.03 sys=0.00, real=0.01 secs] 
Heap after GC invocations=495732 (full 2):
 par new generation   total 368640K, used 4K [0x00000006c1c00000, 0x00000006dac00000, 0x00000006dac00000)
  eden space 327680K,   0% used [0x00000006c1c00000, 0x00000006c1c00000, 0x00000006d5c00000)
  from space 40960K,   0% used [0x00000006d5c00000, 0x00000006d5c01020, 0x00000006d8400000)
  to   space 40960K,   0% used [0x00000006d8400000, 0x00000006d8400000, 0x00000006dac00000)
 concurrent mark-sweep generation total 3756032K, used 1080839K [0x00000006dac00000, 0x00000007c0000000, 0x00000007c0000000)
 Metaspace       used 42573K, capacity 43892K, committed 44572K, reserved 1087488K
  class space    used 5454K, capacity 5756K, committed 5960K, reserved 1048576K
}
2020-07-01T08:32:22.410+0200: 400097.052: Total time for which application threads were stopped: 0.0091596 seconds, Stopping threads took: 0.0000536 seconds
{Heap before GC invocations=495732 (full 2):
 par new generation   total 368640K, used 327684K [0x00000006c1c00000, 0x00000006dac00000, 0x00000006dac00000)
  eden space 327680K, 100% used [0x00000006c1c00000, 0x00000006d5c00000, 0x00000006d5c00000)
  from space 40960K,   0% used [0x00000006d5c00000, 0x00000006d5c01020, 0x00000006d8400000)
  to   space 40960K,   0% used [0x00000006d8400000, 0x00000006d8400000, 0x00000006dac00000)
 concurrent mark-sweep generation total 3756032K, used 1080839K [0x00000006dac00000, 0x00000007c0000000, 0x00000007c0000000)
 Metaspace       used 42573K, capacity 43892K, committed 44572K, reserved 1087488K
  class space    used 5454K, capacity 5756K, committed 5960K, reserved 1048576K
2020-07-01T08:32:22.807+0200: 400097.449: [GC (Allocation Failure) 2020-07-01T08:32:22.807+0200: 400097.449: [ParNew
Desired survivor size 20971520 bytes, new threshold 1 (max 1)
- age   1:        272 bytes,        272 total
: 327684K->4K(368640K), 0.0271100 secs] 1408523K->1080843K(4124672K), 0.0272063 secs] [Times: user=0.00 sys=0.00, real=0.03 secs] 
Heap after GC invocations=495733 (full 2):
 par new generation   total 368640K, used 4K [0x00000006c1c00000, 0x00000006dac00000, 0x00000006dac00000)
  eden space 327680K,   0% used [0x00000006c1c00000, 0x00000006c1c00000, 0x00000006d5c00000)
  from space 40960K,   0% used [0x00000006d8400000, 0x00000006d8401020, 0x00000006dac00000)
  to   space 40960K,   0% used [0x00000006d5c00000, 0x00000006d5c00000, 0x00000006d8400000)
 concurrent mark-sweep generation total 3756032K, used 1080839K [0x00000006dac00000, 0x00000007c0000000, 0x00000007c0000000)
 Metaspace       used 42573K, capacity 43892K, committed 44572K, reserved 1087488K
  class space    used 5454K, capacity 5756K, committed 5960K, reserved 1048576K
}
2020-07-01T08:32:22.834+0200: 400097.477: Total time for which application threads were stopped: 0.0275295 seconds, Stopping threads took: 0.0000526 seconds
{Heap before GC invocations=495733 (full 2):
 par new generation   total 368640K, used 327684K [0x00000006c1c00000, 0x00000006dac00000, 0x00000006dac00000)
  eden space 327680K, 100% used [0x00000006c1c00000, 0x00000006d5c00000, 0x00000006d5c00000)
  from space 40960K,   0% used [0x00000006d8400000, 0x00000006d8401020, 0x00000006dac00000)
  to   space 40960K,   0% used [0x00000006d5c00000, 0x00000006d5c00000, 0x00000006d8400000)
 concurrent mark-sweep generation total 3756032K, used 1080839K [0x00000006dac00000, 0x00000007c0000000, 0x00000007c0000000)
 Metaspace       used 42573K, capacity 43892K, committed 44572K, reserved 1087488K
  class space    used 5454K, capacity 5756K, committed 5960K, reserved 1048576K
2020-07-01T08:32:23.204+0200: 400097.847: [GC (Allocation Failure) 2020-07-01T08:32:23.204+0200: 400097.847: [ParNew
Desired survivor size 20971520 bytes, new threshold 1 (max 1)
- age   1:        304 bytes,        304 total
: 327684K->4K(368640K), 0.0160339 secs] 1408523K->1080843K(4124672K), 0.0161614 secs] [Times: user=0.02 sys=0.00, real=0.02 secs] 
Heap after GC invocations=495734 (full 2):
 par new generation   total 368640K, used 4K [0x00000006c1c00000, 0x00000006dac00000, 0x00000006dac00000)
  eden space 327680K,   0% used [0x00000006c1c00000, 0x00000006c1c00000, 0x00000006d5c00000)
  from space 40960K,   0% used [0x00000006d5c00000, 0x00000006d5c01020, 0x00000006d8400000)
  to   space 40960K,   0% used [0x00000006d8400000, 0x00000006d8400000, 0x00000006dac00000)
 concurrent mark-sweep generation total 3756032K, used 1080839K [0x00000006dac00000, 0x00000007c0000000, 0x00000007c0000000)
 Metaspace       used 42573K, capacity 43892K, committed 44572K, reserved 1087488K
  class space    used 5454K, capacity 5756K, committed 5960K, reserved 1048576K
}
2020-07-01T08:32:23.220+0200: 400097.863: Total time for which application threads were stopped: 0.0165396 seconds, Stopping threads took: 0.0001402 seconds
{Heap before GC invocations=495734 (full 2):
 par new generation   total 368640K, used 327684K [0x00000006c1c00000, 0x00000006dac00000, 0x00000006dac00000)
  eden space 327680K, 100% used [0x00000006c1c00000, 0x00000006d5c00000, 0x00000006d5c00000)
  from space 40960K,   0% used [0x00000006d5c00000, 0x00000006d5c01020, 0x00000006d8400000)
  to   space 40960K,   0% used [0x00000006d8400000, 0x00000006d8400000, 0x00000006dac00000)
 concurrent mark-sweep generation total 3756032K, used 1080839K [0x00000006dac00000, 0x00000007c0000000, 0x00000007c0000000)
 Metaspace       used 42573K, capacity 43892K, committed 44572K, reserved 1087488K
  class space    used 5454K, capacity 5756K, committed 5960K, reserved 1048576K
2020-07-01T08:32:24.088+0200: 400098.731: [GC (Allocation Failure) 2020-07-01T08:32:24.088+0200: 400098.731: [ParNew
Desired survivor size 20971520 bytes, new threshold 1 (max 1)
- age   1:        304 bytes,        304 total
: 327684K->2K(368640K), 0.0790974 secs] 1408523K->1080841K(4124672K), 0.0792357 secs] [Times: user=0.03 sys=0.00, real=0.07 secs] 
Heap after GC invocations=495735 (full 2):
 par new generation   total 368640K, used 2K [0x00000006c1c00000, 0x00000006dac00000, 0x00000006dac00000)
  eden space 327680K,   0% used [0x00000006c1c00000, 0x00000006c1c00000, 0x00000006d5c00000)
  from space 40960K,   0% used [0x00000006d8400000, 0x00000006d8400810, 0x00000006dac00000)
  to   space 40960K,   0% used [0x00000006d5c00000, 0x00000006d5c00000, 0x00000006d8400000)
 concurrent mark-sweep generation total 3756032K, used 1080839K [0x00000006dac00000, 0x00000007c0000000, 0x00000007c0000000)
 Metaspace       used 42573K, capacity 43892K, committed 44572K, reserved 1087488K
  class space    used 5454K, capacity 5756K, committed 5960K, reserved 1048576K
}
2020-07-01T08:32:24.167+0200: 400098.810: Total time for which application threads were stopped: 0.0829060 seconds, Stopping threads took: 0.0034178 seconds
{Heap before GC invocations=495735 (full 2):
 par new generation   total 368640K, used 327682K [0x00000006c1c00000, 0x00000006dac00000, 0x00000006dac00000)
  eden space 327680K, 100% used [0x00000006c1c00000, 0x00000006d5c00000, 0x00000006d5c00000)
  from space 40960K,   0% used [0x00000006d8400000, 0x00000006d8400810, 0x00000006dac00000)
  to   space 40960K,   0% used [0x00000006d5c00000, 0x00000006d5c00000, 0x00000006d8400000)
 concurrent mark-sweep generation total 3756032K, used 1080839K [0x00000006dac00000, 0x00000007c0000000, 0x00000007c0000000)
 Metaspace       used 42573K, capacity 43892K, committed 44572K, reserved 1087488K
  class space    used 5454K, capacity 5756K, committed 5960K, reserved 1048576K
2020-07-01T08:32:24.603+0200: 400099.246: [GC (Allocation Failure) 2020-07-01T08:32:24.604+0200: 400099.246: [ParNew
Desired survivor size 20971520 bytes, new threshold 1 (max 1)
- age   1:        240 bytes,        240 total
: 327682K->2K(368640K), 0.0853050 secs] 1408521K->1080841K(4124672K), 0.0854354 secs] [Times: user=0.01 sys=0.00, real=0.09 secs] 
Heap after GC invocations=495736 (full 2):
 par new generation   total 368640K, used 2K [0x00000006c1c00000, 0x00000006dac00000, 0x00000006dac00000)
  eden space 327680K,   0% used [0x00000006c1c00000, 0x00000006c1c00000, 0x00000006d5c00000)
  from space 40960K,   0% used [0x00000006d5c00000, 0x00000006d5c00810, 0x00000006d8400000)
  to   space 40960K,   0% used [0x00000006d8400000, 0x00000006d8400000, 0x00000006dac00000)
 concurrent mark-sweep generation total 3756032K, used 1080839K [0x00000006dac00000, 0x00000007c0000000, 0x00000007c0000000)
 Metaspace       used 42573K, capacity 43892K, committed 44572K, reserved 1087488K
  class space    used 5454K, capacity 5756K, committed 5960K, reserved 1048576K
}
2020-07-01T08:32:24.689+0200: 400099.332: Total time for which application threads were stopped: 0.0857208 seconds, Stopping threads took: 0.0000504 seconds
{Heap before GC invocations=495736 (full 2):
 par new generation   total 368640K, used 327682K [0x00000006c1c00000, 0x00000006dac00000, 0x00000006dac00000)
  eden space 327680K, 100% used [0x00000006c1c00000, 0x00000006d5c00000, 0x00000006d5c00000)
  from space 40960K,   0% used [0x00000006d5c00000, 0x00000006d5c00810, 0x00000006d8400000)
  to   space 40960K,   0% used [0x00000006d8400000, 0x00000006d8400000, 0x00000006dac00000)
 concurrent mark-sweep generation total 3756032K, used 1080839K [0x00000006dac00000, 0x00000007c0000000, 0x00000007c0000000)
 Metaspace       used 42573K, capacity 43892K, committed 44572K, reserved 1087488K
  class space    used 5454K, capacity 5756K, committed 5960K, reserved 1048576K
2020-07-01T08:32:25.107+0200: 400099.750: [GC (Allocation Failure) 2020-07-01T08:32:25.107+0200: 400099.750: [ParNew
Desired survivor size 20971520 bytes, new threshold 1 (max 1)
- age   1:        336 bytes,        336 total
: 327682K->4K(368640K), 0.0298858 secs] 1408521K->1080843K(4124672K), 0.0300143 secs] [Times: user=0.00 sys=0.00, real=0.03 secs] 
Heap after GC invocations=495737 (full 2):
 par new generation   total 368640K, used 4K [0x00000006c1c00000, 0x00000006dac00000, 0x00000006dac00000)
  eden space 327680K,   0% used [0x00000006c1c00000, 0x00000006c1c00000, 0x00000006d5c00000)
  from space 40960K,   0% used [0x00000006d8400000, 0x00000006d8401020, 0x00000006dac00000)
  to   space 40960K,   0% used [0x00000006d5c00000, 0x00000006d5c00000, 0x00000006d8400000)
 concurrent mark-sweep generation total 3756032K, used 1080839K [0x00000006dac00000, 0x00000007c0000000, 0x00000007c0000000)
 Metaspace       used 42573K, capacity 43892K, committed 44572K, reserved 1087488K
  class space    used 5454K, capacity 5756K, committed 5960K, reserved 1048576K
}
2020-07-01T08:32:25.138+0200: 400099.780: Total time for which application threads were stopped: 0.0303822 seconds, Stopping threads took: 0.0001060 seconds
{Heap before GC invocations=495737 (full 2):
 par new generation   total 368640K, used 327684K [0x00000006c1c00000, 0x00000006dac00000, 0x00000006dac00000)
  eden space 327680K, 100% used [0x00000006c1c00000, 0x00000006d5c00000, 0x00000006d5c00000)
  from space 40960K,   0% used [0x00000006d8400000, 0x00000006d8401020, 0x00000006dac00000)
  to   space 40960K,   0% used [0x00000006d5c00000, 0x00000006d5c00000, 0x00000006d8400000)
 concurrent mark-sweep generation total 3756032K, used 1080839K [0x00000006dac00000, 0x00000007c0000000, 0x00000007c0000000)
 Metaspace       used 42573K, capacity 43892K, committed 44572K, reserved 1087488K
  class space    used 5454K, capacity 5756K, committed 5960K, reserved 1048576K
2020-07-01T08:32:25.503+0200: 400100.145: [GC (Allocation Failure) 2020-07-01T08:32:25.504+0200: 400100.147: [ParNew
Desired survivor size 20971520 bytes, new threshold 1 (max 1)
- age   1:        272 bytes,        272 total
: 327684K->2K(368640K), 0.0248502 secs] 1408523K->1080841K(4124672K), 0.0267293 secs] [Times: user=0.03 sys=0.00, real=0.03 secs] 
Heap after GC invocations=495738 (full 2):
 par new generation   total 368640K, used 2K [0x00000006c1c00000, 0x00000006dac00000, 0x00000006dac00000)
  eden space 327680K,   0% used [0x00000006c1c00000, 0x00000006c1c00000, 0x00000006d5c00000)
  from space 40960K,   0% used [0x00000006d5c00000, 0x00000006d5c00810, 0x00000006d8400000)
  to   space 40960K,   0% used [0x00000006d8400000, 0x00000006d8400000, 0x00000006dac00000)
 concurrent mark-sweep generation total 3756032K, used 1080839K [0x00000006dac00000, 0x00000007c0000000, 0x00000007c0000000)
 Metaspace       used 42573K, capacity 43892K, committed 44572K, reserved 1087488K
  class space    used 5454K, capacity 5756K, committed 5960K, reserved 1048576K
}
2020-07-01T08:32:25.529+0200: 400100.172: Total time for which application threads were stopped: 0.0270569 seconds, Stopping threads took: 0.0000495 seconds
{Heap before GC invocations=495738 (full 2):
 par new generation   total 368640K, used 327682K [0x00000006c1c00000, 0x00000006dac00000, 0x00000006dac00000)
  eden space 327680K, 100% used [0x00000006c1c00000, 0x00000006d5c00000, 0x00000006d5c00000)
  from space 40960K,   0% used [0x00000006d5c00000, 0x00000006d5c00810, 0x00000006d8400000)
  to   space 40960K,   0% used [0x00000006d8400000, 0x00000006d8400000, 0x00000006dac00000)
 concurrent mark-sweep generation total 3756032K, used 1080839K [0x00000006dac00000, 0x00000007c0000000, 0x00000007c0000000)
 Metaspace       used 42573K, capacity 43892K, committed 44572K, reserved 1087488K
  class space    used 5454K, capacity 5756K, committed 5960K, reserved 1048576K
2020-07-01T08:32:25.886+0200: 400100.529: [GC (Allocation Failure) 2020-07-01T08:32:25.886+0200: 400100.529: [ParNew
Desired survivor size 20971520 bytes, new threshold 1 (max 1)
- age   1:        304 bytes,        304 total
: 327682K->2K(368640K), 0.0179521 secs] 1408521K->1080841K(4124672K), 0.0180783 secs] [Times: user=0.02 sys=0.00, real=0.02 secs] 
Heap after GC invocations=495739 (full 2):
 par new generation   total 368640K, used 2K [0x00000006c1c00000, 0x00000006dac00000, 0x00000006dac00000)
  eden space 327680K,   0% used [0x00000006c1c00000, 0x00000006c1c00000, 0x00000006d5c00000)
  from space 40960K,   0% used [0x00000006d8400000, 0x00000006d8400810, 0x00000006dac00000)
  to   space 40960K,   0% used [0x00000006d5c00000, 0x00000006d5c00000, 0x00000006d8400000)
 concurrent mark-sweep generation total 3756032K, used 1080839K [0x00000006dac00000, 0x00000007c0000000, 0x00000007c0000000)
 Metaspace       used 42573K, capacity 43892K, committed 44572K, reserved 1087488K
  class space    used 5454K, capacity 5756K, committed 5960K, reserved 1048576K
}
2020-07-01T08:32:25.904+0200: 400100.547: Total time for which application threads were stopped: 0.0304508 seconds, Stopping threads took: 0.0121164 seconds
{Heap before GC invocations=495739 (full 2):
 par new generation   total 368640K, used 327682K [0x00000006c1c00000, 0x00000006dac00000, 0x00000006dac00000)
  eden space 327680K, 100% used [0x00000006c1c00000, 0x00000006d5c00000, 0x00000006d5c00000)
  from space 40960K,   0% used [0x00000006d8400000, 0x00000006d8400810, 0x00000006dac00000)
  to   space 40960K,   0% used [0x00000006d5c00000, 0x00000006d5c00000, 0x00000006d8400000)
 concurrent mark-sweep generation total 3756032K, used 1080839K [0x00000006dac00000, 0x00000007c0000000, 0x00000007c0000000)
 Metaspace       used 42573K, capacity 43892K, committed 44572K, reserved 1087488K
  class space    used 5454K, capacity 5756K, committed 5960K, reserved 1048576K
2020-07-01T08:32:26.270+0200: 400100.913: [GC (Allocation Failure) 2020-07-01T08:32:26.270+0200: 400100.913: [ParNew
Desired survivor size 20971520 bytes, new threshold 1 (max 1)
- age   1:        272 bytes,        272 total
: 327682K->4K(368640K), 0.0328358 secs] 1408521K->1080843K(4124672K), 0.0329461 secs] [Times: user=0.05 sys=0.00, real=0.03 secs] 
Heap after GC invocations=495740 (full 2):
 par new generation   total 368640K, used 4K [0x00000006c1c00000, 0x00000006dac00000, 0x00000006dac00000)
  eden space 327680K,   0% used [0x00000006c1c00000, 0x00000006c1c00000, 0x00000006d5c00000)
  from space 40960K,   0% used [0x00000006d5c00000, 0x00000006d5c01020, 0x00000006d8400000)
  to   space 40960K,   0% used [0x00000006d8400000, 0x00000006d8400000, 0x00000006dac00000)
 concurrent mark-sweep generation total 3756032K, used 1080839K [0x00000006dac00000, 0x00000007c0000000, 0x00000007c0000000)
 Metaspace       used 42573K, capacity 43892K, committed 44572K, reserved 1087488K
  class space    used 5454K, capacity 5756K, committed 5960K, reserved 1048576K
}
2020-07-01T08:32:26.303+0200: 400100.946: Total time for which application threads were stopped: 0.0332686 seconds, Stopping threads took: 0.0000463 seconds
{Heap before GC invocations=495740 (full 2):
 par new generation   total 368640K, used 327684K [0x00000006c1c00000, 0x00000006dac00000, 0x00000006dac00000)
  eden space 327680K, 100% used [0x00000006c1c00000, 0x00000006d5c00000, 0x00000006d5c00000)
  from space 40960K,   0% used [0x00000006d5c00000, 0x00000006d5c01020, 0x00000006d8400000)
  to   space 40960K,   0% used [0x00000006d8400000, 0x00000006d8400000, 0x00000006dac00000)
 concurrent mark-sweep generation total 3756032K, used 1080839K [0x00000006dac00000, 0x00000007c0000000, 0x00000007c0000000)
 Metaspace       used 42573K, capacity 43892K, committed 44572K, reserved 1087488K
  class space    used 5454K, capacity 5756K, committed 5960K, reserved 1048576K
2020-07-01T08:32:26.625+0200: 400101.268: [GC (Allocation Failure) 2020-07-01T08:32:26.625+0200: 400101.268: [ParNew
Desired survivor size 20971520 bytes, new threshold 1 (max 1)
- age   1:        240 bytes,        240 total
: 327684K->2K(368640K), 0.0340339 secs] 1408523K->1080841K(4124672K), 0.0341474 secs] [Times: user=0.02 sys=0.00, real=0.04 secs] 
Heap after GC invocations=495741 (full 2):
 par new generation   total 368640K, used 2K [0x00000006c1c00000, 0x00000006dac00000, 0x00000006dac00000)
  eden space 327680K,   0% used [0x00000006c1c00000, 0x00000006c1c00000, 0x00000006d5c00000)
  from space 40960K,   0% used [0x00000006d8400000, 0x00000006d8400810, 0x00000006dac00000)
  to   space 40960K,   0% used [0x00000006d5c00000, 0x00000006d5c00000, 0x00000006d8400000)
 concurrent mark-sweep generation total 3756032K, used 1080839K [0x00000006dac00000, 0x00000007c0000000, 0x00000007c0000000)
 Metaspace       used 42573K, capacity 43892K, committed 44572K, reserved 1087488K
  class space    used 5454K, capacity 5756K, committed 5960K, reserved 1048576K
}
2020-07-01T08:32:26.659+0200: 400101.302: Total time for which application threads were stopped: 0.0344930 seconds, Stopping threads took: 0.0000494 seconds
{Heap before GC invocations=495741 (full 2):
 par new generation   total 368640K, used 327682K [0x00000006c1c00000, 0x00000006dac00000, 0x00000006dac00000)
  eden space 327680K, 100% used [0x00000006c1c00000, 0x00000006d5c00000, 0x00000006d5c00000)
  from space 40960K,   0% used [0x00000006d8400000, 0x00000006d8400810, 0x00000006dac00000)
  to   space 40960K,   0% used [0x00000006d5c00000, 0x00000006d5c00000, 0x00000006d8400000)
 concurrent mark-sweep generation total 3756032K, used 1080839K [0x00000006dac00000, 0x00000007c0000000, 0x00000007c0000000)
 Metaspace       used 42573K, capacity 43892K, committed 44572K, reserved 1087488K
  class space    used 5454K, capacity 5756K, committed 5960K, reserved 1048576K
2020-07-01T08:32:26.977+0200: 400101.620: [GC (Allocation Failure) 2020-07-01T08:32:26.977+0200: 400101.620: [ParNew
Desired survivor size 20971520 bytes, new threshold 1 (max 1)
- age   1:        272 bytes,        272 total
: 327682K->4K(368640K), 0.0264890 secs] 1408521K->1080843K(4124672K), 0.0266083 secs] [Times: user=0.00 sys=0.00, real=0.03 secs] 
Heap after GC invocations=495742 (full 2):
 par new generation   total 368640K, used 4K [0x00000006c1c00000, 0x00000006dac00000, 0x00000006dac00000)
  eden space 327680K,   0% used [0x00000006c1c00000, 0x00000006c1c00000, 0x00000006d5c00000)
  from space 40960K,   0% used [0x00000006d5c00000, 0x00000006d5c01020, 0x00000006d8400000)
  to   space 40960K,   0% used [0x00000006d8400000, 0x00000006d8400000, 0x00000006dac00000)
 concurrent mark-sweep generation total 3756032K, used 1080839K [0x00000006dac00000, 0x00000007c0000000, 0x00000007c0000000)
 Metaspace       used 42573K, capacity 43892K, committed 44572K, reserved 1087488K
  class space    used 5454K, capacity 5756K, committed 5960K, reserved 1048576K
}
2020-07-01T08:32:27.004+0200: 400101.646: Total time for which application threads were stopped: 0.0268885 seconds, Stopping threads took: 0.0000492 seconds
{Heap before GC invocations=495742 (full 2):
 par new generation   total 368640K, used 327684K [0x00000006c1c00000, 0x00000006dac00000, 0x00000006dac00000)
  eden space 327680K, 100% used [0x00000006c1c00000, 0x00000006d5c00000, 0x00000006d5c00000)
  from space 40960K,   0% used [0x00000006d5c00000, 0x00000006d5c01020, 0x00000006d8400000)
  to   space 40960K,   0% used [0x00000006d8400000, 0x00000006d8400000, 0x00000006dac00000)
 concurrent mark-sweep generation total 3756032K, used 1080839K [0x00000006dac00000, 0x00000007c0000000, 0x00000007c0000000)
 Metaspace       used 42573K, capacity 43892K, committed 44572K, reserved 1087488K
  class space    used 5454K, capacity 5756K, committed 5960K, reserved 1048576K
2020-07-01T08:32:27.314+0200: 400101.957: [GC (Allocation Failure) 2020-07-01T08:32:27.314+0200: 400101.957: [ParNew
Desired survivor size 20971520 bytes, new threshold 1 (max 1)
- age   1:        304 bytes,        304 total
: 327684K->4K(368640K), 0.0104454 secs] 1408523K->1080843K(4124672K), 0.0105567 secs] [Times: user=0.03 sys=0.00, real=0.01 secs] 
Heap after GC invocations=495743 (full 2):
 par new generation   total 368640K, used 4K [0x00000006c1c00000, 0x00000006dac00000, 0x00000006dac00000)
  eden space 327680K,   0% used [0x00000006c1c00000, 0x00000006c1c00000, 0x00000006d5c00000)
  from space 40960K,   0% used [0x00000006d8400000, 0x00000006d8401020, 0x00000006dac00000)
  to   space 40960K,   0% used [0x00000006d5c00000, 0x00000006d5c00000, 0x00000006d8400000)
 concurrent mark-sweep generation total 3756032K, used 1080839K [0x00000006dac00000, 0x00000007c0000000, 0x00000007c0000000)
 Metaspace       used 42573K, capacity 43892K, committed 44572K, reserved 1087488K
  class space    used 5454K, capacity 5756K, committed 5960K, reserved 1048576K
}
2020-07-01T08:32:27.325+0200: 400101.968: Total time for which application threads were stopped: 0.0108396 seconds, Stopping threads took: 0.0000478 seconds
{Heap before GC invocations=495743 (full 2):
 par new generation   total 368640K, used 327684K [0x00000006c1c00000, 0x00000006dac00000, 0x00000006dac00000)
  eden space 327680K, 100% used [0x00000006c1c00000, 0x00000006d5c00000, 0x00000006d5c00000)
  from space 40960K,   0% used [0x00000006d8400000, 0x00000006d8401020, 0x00000006dac00000)
  to   space 40960K,   0% used [0x00000006d5c00000, 0x00000006d5c00000, 0x00000006d8400000)
 concurrent mark-sweep generation total 3756032K, used 1080839K [0x00000006dac00000, 0x00000007c0000000, 0x00000007c0000000)
 Metaspace       used 42573K, capacity 43892K, committed 44572K, reserved 1087488K
  class space    used 5454K, capacity 5756K, committed 5960K, reserved 1048576K
2020-07-01T08:32:27.631+0200: 400102.274: [GC (Allocation Failure) 2020-07-01T08:32:27.631+0200: 400102.274: [ParNew
Desired survivor size 20971520 bytes, new threshold 1 (max 1)
- age   1:        240 bytes,        240 total
: 327684K->2K(368640K), 0.0331383 secs] 1408523K->1080841K(4124672K), 0.0332435 secs] [Times: user=0.01 sys=0.00, real=0.03 secs] 
Heap after GC invocations=495744 (full 2):
 par new generation   total 368640K, used 2K [0x00000006c1c00000, 0x00000006dac00000, 0x00000006dac00000)
  eden space 327680K,   0% used [0x00000006c1c00000, 0x00000006c1c00000, 0x00000006d5c00000)
  from space 40960K,   0% used [0x00000006d5c00000, 0x00000006d5c00810, 0x00000006d8400000)
  to   space 40960K,   0% used [0x00000006d8400000, 0x00000006d8400000, 0x00000006dac00000)
 concurrent mark-sweep generation total 3756032K, used 1080839K [0x00000006dac00000, 0x00000007c0000000, 0x00000007c0000000)
 Metaspace       used 42573K, capacity 43892K, committed 44572K, reserved 1087488K
  class space    used 5454K, capacity 5756K, committed 5960K, reserved 1048576K
}
2020-07-01T08:32:27.665+0200: 400102.307: Total time for which application threads were stopped: 0.0335206 seconds, Stopping threads took: 0.0000506 seconds
{Heap before GC invocations=495744 (full 2):
 par new generation   total 368640K, used 327682K [0x00000006c1c00000, 0x00000006dac00000, 0x00000006dac00000)
  eden space 327680K, 100% used [0x00000006c1c00000, 0x00000006d5c00000, 0x00000006d5c00000)
  from space 40960K,   0% used [0x00000006d5c00000, 0x00000006d5c00810, 0x00000006d8400000)
  to   space 40960K,   0% used [0x00000006d8400000, 0x00000006d8400000, 0x00000006dac00000)
 concurrent mark-sweep generation total 3756032K, used 1080839K [0x00000006dac00000, 0x00000007c0000000, 0x00000007c0000000)
 Metaspace       used 42573K, capacity 43892K, committed 44572K, reserved 1087488K
  class space    used 5454K, capacity 5756K, committed 5960K, reserved 1048576K
2020-07-01T08:32:27.980+0200: 400102.623: [GC (Allocation Failure) 2020-07-01T08:32:27.980+0200: 400102.623: [ParNew
Desired survivor size 20971520 bytes, new threshold 1 (max 1)
- age   1:        536 bytes,        536 total
: 327682K->4K(368640K), 0.0106974 secs] 1408521K->1080843K(4124672K), 0.0108118 secs] [Times: user=0.00 sys=0.00, real=0.01 secs] 
Heap after GC invocations=495745 (full 2):
 par new generation   total 368640K, used 4K [0x00000006c1c00000, 0x00000006dac00000, 0x00000006dac00000)
  eden space 327680K,   0% used [0x00000006c1c00000, 0x00000006c1c00000, 0x00000006d5c00000)
  from space 40960K,   0% used [0x00000006d8400000, 0x00000006d8401020, 0x00000006dac00000)
  to   space 40960K,   0% used [0x00000006d5c00000, 0x00000006d5c00000, 0x00000006d8400000)
 concurrent mark-sweep generation total 3756032K, used 1080839K [0x00000006dac00000, 0x00000007c0000000, 0x00000007c0000000)
 Metaspace       used 42573K, capacity 43892K, committed 44572K, reserved 1087488K
  class space    used 5454K, capacity 5756K, committed 5960K, reserved 1048576K
}
2020-07-01T08:32:27.991+0200: 400102.634: Total time for which application threads were stopped: 0.0112112 seconds, Stopping threads took: 0.0001622 seconds
{Heap before GC invocations=495745 (full 2):
 par new generation   total 368640K, used 327684K [0x00000006c1c00000, 0x00000006dac00000, 0x00000006dac00000)
  eden space 327680K, 100% used [0x00000006c1c00000, 0x00000006d5c00000, 0x00000006d5c00000)
  from space 40960K,   0% used [0x00000006d8400000, 0x00000006d8401020, 0x00000006dac00000)
  to   space 40960K,   0% used [0x00000006d5c00000, 0x00000006d5c00000, 0x00000006d8400000)
 concurrent mark-sweep generation total 3756032K, used 1080839K [0x00000006dac00000, 0x00000007c0000000, 0x00000007c0000000)
 Metaspace       used 42573K, capacity 43892K, committed 44572K, reserved 1087488K
  class space    used 5454K, capacity 5756K, committed 5960K, reserved 1048576K
2020-07-01T08:32:28.310+0200: 400102.953: [GC (Allocation Failure) 2020-07-01T08:32:28.310+0200: 400102.953: [ParNew
Desired survivor size 20971520 bytes, new threshold 1 (max 1)
- age   1:        760 bytes,        760 total
: 327684K->4K(368640K), 0.0284906 secs] 1408523K->1080843K(4124672K), 0.0285952 secs] [Times: user=0.02 sys=0.01, real=0.03 secs] 
Heap after GC invocations=495746 (full 2):
 par new generation   total 368640K, used 4K [0x00000006c1c00000, 0x00000006dac00000, 0x00000006dac00000)
  eden space 327680K,   0% used [0x00000006c1c00000, 0x00000006c1c00000, 0x00000006d5c00000)
  from space 40960K,   0% used [0x00000006d5c00000, 0x00000006d5c01020, 0x00000006d8400000)
  to   space 40960K,   0% used [0x00000006d8400000, 0x00000006d8400000, 0x00000006dac00000)
 concurrent mark-sweep generation total 3756032K, used 1080839K [0x00000006dac00000, 0x00000007c0000000, 0x00000007c0000000)
 Metaspace       used 42573K, capacity 43892K, committed 44572K, reserved 1087488K
  class space    used 5454K, capacity 5756K, committed 5960K, reserved 1048576K
}
2020-07-01T08:32:28.339+0200: 400102.982: Total time for which application threads were stopped: 0.0290450 seconds, Stopping threads took: 0.0001136 seconds
{Heap before GC invocations=495746 (full 2):
 par new generation   total 368640K, used 327684K [0x00000006c1c00000, 0x00000006dac00000, 0x00000006dac00000)
  eden space 327680K, 100% used [0x00000006c1c00000, 0x00000006d5c00000, 0x00000006d5c00000)
  from space 40960K,   0% used [0x00000006d5c00000, 0x00000006d5c01020, 0x00000006d8400000)
  to   space 40960K,   0% used [0x00000006d8400000, 0x00000006d8400000, 0x00000006dac00000)
 concurrent mark-sweep generation total 3756032K, used 1080839K [0x00000006dac00000, 0x00000007c0000000, 0x00000007c0000000)
 Metaspace       used 42573K, capacity 43892K, committed 44572K, reserved 1087488K
  class space    used 5454K, capacity 5756K, committed 5960K, reserved 1048576K
2020-07-01T08:32:28.665+0200: 400103.308: [GC (Allocation Failure) 2020-07-01T08:32:28.665+0200: 400103.308: [ParNew
Desired survivor size 20971520 bytes, new threshold 1 (max 1)
- age   1:        240 bytes,        240 total
: 327684K->4K(368640K), 0.0145489 secs] 1408523K->1080844K(4124672K), 0.0148056 secs] [Times: user=0.01 sys=0.00, real=0.02 secs] 
Heap after GC invocations=495747 (full 2):
 par new generation   total 368640K, used 4K [0x00000006c1c00000, 0x00000006dac00000, 0x00000006dac00000)
  eden space 327680K,   0% used [0x00000006c1c00000, 0x00000006c1c00000, 0x00000006d5c00000)
  from space 40960K,   0% used [0x00000006d8400000, 0x00000006d8401020, 0x00000006dac00000)
  to   space 40960K,   0% used [0x00000006d5c00000, 0x00000006d5c00000, 0x00000006d8400000)
 concurrent mark-sweep generation total 3756032K, used 1080840K [0x00000006dac00000, 0x00000007c0000000, 0x00000007c0000000)
 Metaspace       used 42573K, capacity 43892K, committed 44572K, reserved 1087488K
  class space    used 5454K, capacity 5756K, committed 5960K, reserved 1048576K
}
2020-07-01T08:32:28.680+0200: 400103.323: Total time for which application threads were stopped: 0.0151014 seconds, Stopping threads took: 0.0000497 seconds
{Heap before GC invocations=495747 (full 2):
 par new generation   total 368640K, used 327684K [0x00000006c1c00000, 0x00000006dac00000, 0x00000006dac00000)
  eden space 327680K, 100% used [0x00000006c1c00000, 0x00000006d5c00000, 0x00000006d5c00000)
  from space 40960K,   0% used [0x00000006d8400000, 0x00000006d8401020, 0x00000006dac00000)
  to   space 40960K,   0% used [0x00000006d5c00000, 0x00000006d5c00000, 0x00000006d8400000)
 concurrent mark-sweep generation total 3756032K, used 1080840K [0x00000006dac00000, 0x00000007c0000000, 0x00000007c0000000)
 Metaspace       used 42573K, capacity 43892K, committed 44572K, reserved 1087488K
  class space    used 5454K, capacity 5756K, committed 5960K, reserved 1048576K
2020-07-01T08:32:29.026+0200: 400103.669: [GC (Allocation Failure) 2020-07-01T08:32:29.026+0200: 400103.669: [ParNew
Desired survivor size 20971520 bytes, new threshold 1 (max 1)
- age   1:        272 bytes,        272 total
: 327684K->4K(368640K), 0.0247811 secs] 1408524K->1080844K(4124672K), 0.0248909 secs] [Times: user=0.02 sys=0.00, real=0.03 secs] 
Heap after GC invocations=495748 (full 2):
 par new generation   total 368640K, used 4K [0x00000006c1c00000, 0x00000006dac00000, 0x00000006dac00000)
  eden space 327680K,   0% used [0x00000006c1c00000, 0x00000006c1c00000, 0x00000006d5c00000)
  from space 40960K,   0% used [0x00000006d5c00000, 0x00000006d5c01020, 0x00000006d8400000)
  to   space 40960K,   0% used [0x00000006d8400000, 0x00000006d8400000, 0x00000006dac00000)
 concurrent mark-sweep generation total 3756032K, used 1080840K [0x00000006dac00000, 0x00000007c0000000, 0x00000007c0000000)
 Metaspace       used 42573K, capacity 43892K, committed 44572K, reserved 1087488K
  class space    used 5454K, capacity 5756K, committed 5960K, reserved 1048576K
}
2020-07-01T08:32:29.051+0200: 400103.694: Total time for which application threads were stopped: 0.0254386 seconds, Stopping threads took: 0.0000503 seconds
{Heap before GC invocations=495748 (full 2):
 par new generation   total 368640K, used 327684K [0x00000006c1c00000, 0x00000006dac00000, 0x00000006dac00000)
  eden space 327680K, 100% used [0x00000006c1c00000, 0x00000006d5c00000, 0x00000006d5c00000)
  from space 40960K,   0% used [0x00000006d5c00000, 0x00000006d5c01020, 0x00000006d8400000)
  to   space 40960K,   0% used [0x00000006d8400000, 0x00000006d8400000, 0x00000006dac00000)
 concurrent mark-sweep generation total 3756032K, used 1080840K [0x00000006dac00000, 0x00000007c0000000, 0x00000007c0000000)
 Metaspace       used 42573K, capacity 43892K, committed 44572K, reserved 1087488K
  class space    used 5454K, capacity 5756K, committed 5960K, reserved 1048576K
2020-07-01T08:32:29.364+0200: 400104.006: [GC (Allocation Failure) 2020-07-01T08:32:29.364+0200: 400104.006: [ParNew
Desired survivor size 20971520 bytes, new threshold 1 (max 1)
- age   1:        272 bytes,        272 total
: 327684K->4K(368640K), 0.0139085 secs] 1408524K->1080844K(4124672K), 0.0140211 secs] [Times: user=0.00 sys=0.00, real=0.01 secs] 
Heap after GC invocations=495749 (full 2):
 par new generation   total 368640K, used 4K [0x00000006c1c00000, 0x00000006dac00000, 0x00000006dac00000)
  eden space 327680K,   0% used [0x00000006c1c00000, 0x00000006c1c00000, 0x00000006d5c00000)
  from space 40960K,   0% used [0x00000006d8400000, 0x00000006d8401020, 0x00000006dac00000)
  to   space 40960K,   0% used [0x00000006d5c00000, 0x00000006d5c00000, 0x00000006d8400000)
 concurrent mark-sweep generation total 3756032K, used 1080840K [0x00000006dac00000, 0x00000007c0000000, 0x00000007c0000000)
 Metaspace       used 42573K, capacity 43892K, committed 44572K, reserved 1087488K
  class space    used 5454K, capacity 5756K, committed 5960K, reserved 1048576K
}
2020-07-01T08:32:29.378+0200: 400104.021: Total time for which application threads were stopped: 0.0143185 seconds, Stopping threads took: 0.0000493 seconds
{Heap before GC invocations=495749 (full 2):
 par new generation   total 368640K, used 327684K [0x00000006c1c00000, 0x00000006dac00000, 0x00000006dac00000)
  eden space 327680K, 100% used [0x00000006c1c00000, 0x00000006d5c00000, 0x00000006d5c00000)
  from space 40960K,   0% used [0x00000006d8400000, 0x00000006d8401020, 0x00000006dac00000)
  to   space 40960K,   0% used [0x00000006d5c00000, 0x00000006d5c00000, 0x00000006d8400000)
 concurrent mark-sweep generation total 3756032K, used 1080840K [0x00000006dac00000, 0x00000007c0000000, 0x00000007c0000000)
 Metaspace       used 42573K, capacity 43892K, committed 44572K, reserved 1087488K
  class space    used 5454K, capacity 5756K, committed 5960K, reserved 1048576K
2020-07-01T08:32:29.707+0200: 400104.350: [GC (Allocation Failure) 2020-07-01T08:32:29.707+0200: 400104.350: [ParNew
Desired survivor size 20971520 bytes, new threshold 1 (max 1)
- age   1:        272 bytes,        272 total
: 327684K->4K(368640K), 0.0134196 secs] 1408524K->1080844K(4124672K), 0.0135637 secs] [Times: user=0.03 sys=0.00, real=0.02 secs] 
Heap after GC invocations=495750 (full 2):
 par new generation   total 368640K, used 4K [0x00000006c1c00000, 0x00000006dac00000, 0x00000006dac00000)
  eden space 327680K,   0% used [0x00000006c1c00000, 0x00000006c1c00000, 0x00000006d5c00000)
  from space 40960K,   0% used [0x00000006d5c00000, 0x00000006d5c01020, 0x00000006d8400000)
  to   space 40960K,   0% used [0x00000006d8400000, 0x00000006d8400000, 0x00000006dac00000)
 concurrent mark-sweep generation total 3756032K, used 1080840K [0x00000006dac00000, 0x00000007c0000000, 0x00000007c0000000)
 Metaspace       used 42573K, capacity 43892K, committed 44572K, reserved 1087488K
  class space    used 5454K, capacity 5756K, committed 5960K, reserved 1048576K
}
2020-07-01T08:32:29.721+0200: 400104.364: Total time for which application threads were stopped: 0.0140661 seconds, Stopping threads took: 0.0001482 seconds
{Heap before GC invocations=495750 (full 2):
 par new generation   total 368640K, used 327684K [0x00000006c1c00000, 0x00000006dac00000, 0x00000006dac00000)
  eden space 327680K, 100% used [0x00000006c1c00000, 0x00000006d5c00000, 0x00000006d5c00000)
  from space 40960K,   0% used [0x00000006d5c00000, 0x00000006d5c01020, 0x00000006d8400000)
  to   space 40960K,   0% used [0x00000006d8400000, 0x00000006d8400000, 0x00000006dac00000)
 concurrent mark-sweep generation total 3756032K, used 1080840K [0x00000006dac00000, 0x00000007c0000000, 0x00000007c0000000)
 Metaspace       used 42573K, capacity 43892K, committed 44572K, reserved 1087488K
  class space    used 5454K, capacity 5756K, committed 5960K, reserved 1048576K
2020-07-01T08:32:30.032+0200: 400104.674: [GC (Allocation Failure) 2020-07-01T08:32:30.032+0200: 400104.674: [ParNew
Desired survivor size 20971520 bytes, new threshold 1 (max 1)
- age   1:        272 bytes,        272 total
: 327684K->2K(368640K), 0.0304877 secs] 1408524K->1080842K(4124672K), 0.0306089 secs] [Times: user=0.03 sys=0.00, real=0.03 secs] 
Heap after GC invocations=495751 (full 2):
 par new generation   total 368640K, used 2K [0x00000006c1c00000, 0x00000006dac00000, 0x00000006dac00000)
  eden space 327680K,   0% used [0x00000006c1c00000, 0x00000006c1c00000, 0x00000006d5c00000)
  from space 40960K,   0% used [0x00000006d8400000, 0x00000006d8400810, 0x00000006dac00000)
  to   space 40960K,   0% used [0x00000006d5c00000, 0x00000006d5c00000, 0x00000006d8400000)
 concurrent mark-sweep generation total 3756032K, used 1080840K [0x00000006dac00000, 0x00000007c0000000, 0x00000007c0000000)
 Metaspace       used 42573K, capacity 43892K, committed 44572K, reserved 1087488K
  class space    used 5454K, capacity 5756K, committed 5960K, reserved 1048576K
}
2020-07-01T08:32:30.062+0200: 400104.705: Total time for which application threads were stopped: 0.0309110 seconds, Stopping threads took: 0.0000465 seconds
{Heap before GC invocations=495751 (full 2):
 par new generation   total 368640K, used 327682K [0x00000006c1c00000, 0x00000006dac00000, 0x00000006dac00000)
  eden space 327680K, 100% used [0x00000006c1c00000, 0x00000006d5c00000, 0x00000006d5c00000)
  from space 40960K,   0% used [0x00000006d8400000, 0x00000006d8400810, 0x00000006dac00000)
  to   space 40960K,   0% used [0x00000006d5c00000, 0x00000006d5c00000, 0x00000006d8400000)
 concurrent mark-sweep generation total 3756032K, used 1080840K [0x00000006dac00000, 0x00000007c0000000, 0x00000007c0000000)
 Metaspace       used 42573K, capacity 43892K, committed 44572K, reserved 1087488K
  class space    used 5454K, capacity 5756K, committed 5960K, reserved 1048576K
2020-07-01T08:32:30.400+0200: 400105.043: [GC (Allocation Failure) 2020-07-01T08:32:30.400+0200: 400105.043: [ParNew
Desired survivor size 20971520 bytes, new threshold 1 (max 1)
- age   1:        304 bytes,        304 total
: 327682K->4K(368640K), 0.0140804 secs] 1408522K->1080844K(4124672K), 0.0141930 secs] [Times: user=0.00 sys=0.00, real=0.01 secs] 
Heap after GC invocations=495752 (full 2):
 par new generation   total 368640K, used 4K [0x00000006c1c00000, 0x00000006dac00000, 0x00000006dac00000)
  eden space 327680K,   0% used [0x00000006c1c00000, 0x00000006c1c00000, 0x00000006d5c00000)
  from space 40960K,   0% used [0x00000006d5c00000, 0x00000006d5c01020, 0x00000006d8400000)
  to   space 40960K,   0% used [0x00000006d8400000, 0x00000006d8400000, 0x00000006dac00000)
 concurrent mark-sweep generation total 3756032K, used 1080840K [0x00000006dac00000, 0x00000007c0000000, 0x00000007c0000000)
 Metaspace       used 42573K, capacity 43892K, committed 44572K, reserved 1087488K
  class space    used 5454K, capacity 5756K, committed 5960K, reserved 1048576K
}
2020-07-01T08:32:30.415+0200: 400105.057: Total time for which application threads were stopped: 0.0144865 seconds, Stopping threads took: 0.0000526 seconds
{Heap before GC invocations=495752 (full 2):
 par new generation   total 368640K, used 327684K [0x00000006c1c00000, 0x00000006dac00000, 0x00000006dac00000)
  eden space 327680K, 100% used [0x00000006c1c00000, 0x00000006d5c00000, 0x00000006d5c00000)
  from space 40960K,   0% used [0x00000006d5c00000, 0x00000006d5c01020, 0x00000006d8400000)
  to   space 40960K,   0% used [0x00000006d8400000, 0x00000006d8400000, 0x00000006dac00000)
 concurrent mark-sweep generation total 3756032K, used 1080840K [0x00000006dac00000, 0x00000007c0000000, 0x00000007c0000000)
 Metaspace       used 42573K, capacity 43892K, committed 44572K, reserved 1087488K
  class space    used 5454K, capacity 5756K, committed 5960K, reserved 1048576K
2020-07-01T08:32:30.773+0200: 400105.416: [GC (Allocation Failure) 2020-07-01T08:32:30.773+0200: 400105.416: [ParNew
Desired survivor size 20971520 bytes, new threshold 1 (max 1)
- age   1:        240 bytes,        240 total
: 327684K->4K(368640K), 0.0116602 secs] 1408524K->1080844K(4124672K), 0.0117730 secs] [Times: user=0.02 sys=0.00, real=0.01 secs] 
Heap after GC invocations=495753 (full 2):
 par new generation   total 368640K, used 4K [0x00000006c1c00000, 0x00000006dac00000, 0x00000006dac00000)
  eden space 327680K,   0% used [0x00000006c1c00000, 0x00000006c1c00000, 0x00000006d5c00000)
  from space 40960K,   0% used [0x00000006d8400000, 0x00000006d8401020, 0x00000006dac00000)
  to   space 40960K,   0% used [0x00000006d5c00000, 0x00000006d5c00000, 0x00000006d8400000)
 concurrent mark-sweep generation total 3756032K, used 1080840K [0x00000006dac00000, 0x00000007c0000000, 0x00000007c0000000)
 Metaspace       used 42573K, capacity 43892K, committed 44572K, reserved 1087488K
  class space    used 5454K, capacity 5756K, committed 5960K, reserved 1048576K
}
2020-07-01T08:32:30.785+0200: 400105.428: Total time for which application threads were stopped: 0.0123824 seconds, Stopping threads took: 0.0003348 seconds
{Heap before GC invocations=495753 (full 2):
 par new generation   total 368640K, used 327684K [0x00000006c1c00000, 0x00000006dac00000, 0x00000006dac00000)
  eden space 327680K, 100% used [0x00000006c1c00000, 0x00000006d5c00000, 0x00000006d5c00000)
  from space 40960K,   0% used [0x00000006d8400000, 0x00000006d8401020, 0x00000006dac00000)
  to   space 40960K,   0% used [0x00000006d5c00000, 0x00000006d5c00000, 0x00000006d8400000)
 concurrent mark-sweep generation total 3756032K, used 1080840K [0x00000006dac00000, 0x00000007c0000000, 0x00000007c0000000)
 Metaspace       used 42573K, capacity 43892K, committed 44572K, reserved 1087488K
  class space    used 5454K, capacity 5756K, committed 5960K, reserved 1048576K
2020-07-01T08:32:31.118+0200: 400105.761: [GC (Allocation Failure) 2020-07-01T08:32:31.118+0200: 400105.761: [ParNew
Desired survivor size 20971520 bytes, new threshold 1 (max 1)
- age   1:        304 bytes,        304 total
: 327684K->4K(368640K), 0.0153899 secs] 1408524K->1080844K(4124672K), 0.0155015 secs] [Times: user=0.00 sys=0.00, real=0.01 secs] 
Heap after GC invocations=495754 (full 2):
 par new generation   total 368640K, used 4K [0x00000006c1c00000, 0x00000006dac00000, 0x00000006dac00000)
  eden space 327680K,   0% used [0x00000006c1c00000, 0x00000006c1c00000, 0x00000006d5c00000)
  from space 40960K,   0% used [0x00000006d5c00000, 0x00000006d5c01020, 0x00000006d8400000)
  to   space 40960K,   0% used [0x00000006d8400000, 0x00000006d8400000, 0x00000006dac00000)
 concurrent mark-sweep generation total 3756032K, used 1080840K [0x00000006dac00000, 0x00000007c0000000, 0x00000007c0000000)
 Metaspace       used 42573K, capacity 43892K, committed 44572K, reserved 1087488K
  class space    used 5454K, capacity 5756K, committed 5960K, reserved 1048576K
}
2020-07-01T08:32:31.134+0200: 400105.777: Total time for which application threads were stopped: 0.0162005 seconds, Stopping threads took: 0.0004466 seconds
{Heap before GC invocations=495754 (full 2):
 par new generation   total 368640K, used 327684K [0x00000006c1c00000, 0x00000006dac00000, 0x00000006dac00000)
  eden space 327680K, 100% used [0x00000006c1c00000, 0x00000006d5c00000, 0x00000006d5c00000)
  from space 40960K,   0% used [0x00000006d5c00000, 0x00000006d5c01020, 0x00000006d8400000)
  to   space 40960K,   0% used [0x00000006d8400000, 0x00000006d8400000, 0x00000006dac00000)
 concurrent mark-sweep generation total 3756032K, used 1080840K [0x00000006dac00000, 0x00000007c0000000, 0x00000007c0000000)
 Metaspace       used 42573K, capacity 43892K, committed 44572K, reserved 1087488K
  class space    used 5454K, capacity 5756K, committed 5960K, reserved 1048576K
2020-07-01T08:32:31.461+0200: 400106.104: [GC (Allocation Failure) 2020-07-01T08:32:31.461+0200: 400106.104: [ParNew
Desired survivor size 20971520 bytes, new threshold 1 (max 1)
- age   1:        272 bytes,        272 total
: 327684K->4K(368640K), 0.0199209 secs] 1408524K->1080844K(4124672K), 0.0200500 secs] [Times: user=0.02 sys=0.00, real=0.02 secs] 
Heap after GC invocations=495755 (full 2):
 par new generation   total 368640K, used 4K [0x00000006c1c00000, 0x00000006dac00000, 0x00000006dac00000)
  eden space 327680K,   0% used [0x00000006c1c00000, 0x00000006c1c00000, 0x00000006d5c00000)
  from space 40960K,   0% used [0x00000006d8400000, 0x00000006d8401020, 0x00000006dac00000)
  to   space 40960K,   0% used [0x00000006d5c00000, 0x00000006d5c00000, 0x00000006d8400000)
 concurrent mark-sweep generation total 3756032K, used 1080840K [0x00000006dac00000, 0x00000007c0000000, 0x00000007c0000000)
 Metaspace       used 42573K, capacity 43892K, committed 44572K, reserved 1087488K
  class space    used 5454K, capacity 5756K, committed 5960K, reserved 1048576K
}
2020-07-01T08:32:31.481+0200: 400106.124: Total time for which application threads were stopped: 0.0203528 seconds, Stopping threads took: 0.0000531 seconds
{Heap before GC invocations=495755 (full 2):
 par new generation   total 368640K, used 327684K [0x00000006c1c00000, 0x00000006dac00000, 0x00000006dac00000)
  eden space 327680K, 100% used [0x00000006c1c00000, 0x00000006d5c00000, 0x00000006d5c00000)
  from space 40960K,   0% used [0x00000006d8400000, 0x00000006d8401020, 0x00000006dac00000)
  to   space 40960K,   0% used [0x00000006d5c00000, 0x00000006d5c00000, 0x00000006d8400000)
 concurrent mark-sweep generation total 3756032K, used 1080840K [0x00000006dac00000, 0x00000007c0000000, 0x00000007c0000000)
 Metaspace       used 42573K, capacity 43892K, committed 44572K, reserved 1087488K
  class space    used 5454K, capacity 5756K, committed 5960K, reserved 1048576K
2020-07-01T08:32:31.799+0200: 400106.442: [GC (Allocation Failure) 2020-07-01T08:32:31.799+0200: 400106.442: [ParNew
Desired survivor size 20971520 bytes, new threshold 1 (max 1)
- age   1:        272 bytes,        272 total
: 327684K->4K(368640K), 0.0136628 secs] 1408524K->1080844K(4124672K), 0.0138197 secs] [Times: user=0.03 sys=0.00, real=0.01 secs] 
Heap after GC invocations=495756 (full 2):
 par new generation   total 368640K, used 4K [0x00000006c1c00000, 0x00000006dac00000, 0x00000006dac00000)
  eden space 327680K,   0% used [0x00000006c1c00000, 0x00000006c1c00000, 0x00000006d5c00000)
  from space 40960K,   0% used [0x00000006d5c00000, 0x00000006d5c01020, 0x00000006d8400000)
  to   space 40960K,   0% used [0x00000006d8400000, 0x00000006d8400000, 0x00000006dac00000)
 concurrent mark-sweep generation total 3756032K, used 1080840K [0x00000006dac00000, 0x00000007c0000000, 0x00000007c0000000)
 Metaspace       used 42573K, capacity 43892K, committed 44572K, reserved 1087488K
  class space    used 5454K, capacity 5756K, committed 5960K, reserved 1048576K
}
2020-07-01T08:32:31.813+0200: 400106.456: Total time for which application threads were stopped: 0.0141475 seconds, Stopping threads took: 0.0000912 seconds
{Heap before GC invocations=495756 (full 2):
 par new generation   total 368640K, used 327684K [0x00000006c1c00000, 0x00000006dac00000, 0x00000006dac00000)
  eden space 327680K, 100% used [0x00000006c1c00000, 0x00000006d5c00000, 0x00000006d5c00000)
  from space 40960K,   0% used [0x00000006d5c00000, 0x00000006d5c01020, 0x00000006d8400000)
  to   space 40960K,   0% used [0x00000006d8400000, 0x00000006d8400000, 0x00000006dac00000)
 concurrent mark-sweep generation total 3756032K, used 1080840K [0x00000006dac00000, 0x00000007c0000000, 0x00000007c0000000)
 Metaspace       used 42573K, capacity 43892K, committed 44572K, reserved 1087488K
  class space    used 5454K, capacity 5756K, committed 5960K, reserved 1048576K
2020-07-01T08:32:32.206+0200: 400106.849: [GC (Allocation Failure) 2020-07-01T08:32:32.206+0200: 400106.849: [ParNew
Desired survivor size 20971520 bytes, new threshold 1 (max 1)
- age   1:        240 bytes,        240 total
: 327684K->2K(368640K), 0.0492969 secs] 1408524K->1080842K(4124672K), 0.0494735 secs] [Times: user=0.03 sys=0.00, real=0.05 secs] 
Heap after GC invocations=495757 (full 2):
 par new generation   total 368640K, used 2K [0x00000006c1c00000, 0x00000006dac00000, 0x00000006dac00000)
  eden space 327680K,   0% used [0x00000006c1c00000, 0x00000006c1c00000, 0x00000006d5c00000)
  from space 40960K,   0% used [0x00000006d8400000, 0x00000006d8400810, 0x00000006dac00000)
  to   space 40960K,   0% used [0x00000006d5c00000, 0x00000006d5c00000, 0x00000006d8400000)
 concurrent mark-sweep generation total 3756032K, used 1080840K [0x00000006dac00000, 0x00000007c0000000, 0x00000007c0000000)
 Metaspace       used 42573K, capacity 43892K, committed 44572K, reserved 1087488K
  class space    used 5454K, capacity 5756K, committed 5960K, reserved 1048576K
}
2020-07-01T08:32:32.256+0200: 400106.898: Total time for which application threads were stopped: 0.0497721 seconds, Stopping threads took: 0.0000515 seconds
{Heap before GC invocations=495757 (full 2):
 par new generation   total 368640K, used 327682K [0x00000006c1c00000, 0x00000006dac00000, 0x00000006dac00000)
  eden space 327680K, 100% used [0x00000006c1c00000, 0x00000006d5c00000, 0x00000006d5c00000)
  from space 40960K,   0% used [0x00000006d8400000, 0x00000006d8400810, 0x00000006dac00000)
  to   space 40960K,   0% used [0x00000006d5c00000, 0x00000006d5c00000, 0x00000006d8400000)
 concurrent mark-sweep generation total 3756032K, used 1080840K [0x00000006dac00000, 0x00000007c0000000, 0x00000007c0000000)
 Metaspace       used 42573K, capacity 43892K, committed 44572K, reserved 1087488K
  class space    used 5454K, capacity 5756K, committed 5960K, reserved 1048576K
2020-07-01T08:32:32.642+0200: 400107.285: [GC (Allocation Failure) 2020-07-01T08:32:32.642+0200: 400107.285: [ParNew
Desired survivor size 20971520 bytes, new threshold 1 (max 1)
- age   1:        304 bytes,        304 total
: 327682K->4K(368640K), 0.0122502 secs] 1408522K->1080844K(4124672K), 0.0123604 secs] [Times: user=0.02 sys=0.00, real=0.01 secs] 
Heap after GC invocations=495758 (full 2):
 par new generation   total 368640K, used 4K [0x00000006c1c00000, 0x00000006dac00000, 0x00000006dac00000)
  eden space 327680K,   0% used [0x00000006c1c00000, 0x00000006c1c00000, 0x00000006d5c00000)
  from space 40960K,   0% used [0x00000006d5c00000, 0x00000006d5c01020, 0x00000006d8400000)
  to   space 40960K,   0% used [0x00000006d8400000, 0x00000006d8400000, 0x00000006dac00000)
 concurrent mark-sweep generation total 3756032K, used 1080840K [0x00000006dac00000, 0x00000007c0000000, 0x00000007c0000000)
 Metaspace       used 42573K, capacity 43892K, committed 44572K, reserved 1087488K
  class space    used 5454K, capacity 5756K, committed 5960K, reserved 1048576K
}
2020-07-01T08:32:32.654+0200: 400107.297: Total time for which application threads were stopped: 0.0126695 seconds, Stopping threads took: 0.0000474 seconds
{Heap before GC invocations=495758 (full 2):
 par new generation   total 368640K, used 327684K [0x00000006c1c00000, 0x00000006dac00000, 0x00000006dac00000)
  eden space 327680K, 100% used [0x00000006c1c00000, 0x00000006d5c00000, 0x00000006d5c00000)
  from space 40960K,   0% used [0x00000006d5c00000, 0x00000006d5c01020, 0x00000006d8400000)
  to   space 40960K,   0% used [0x00000006d8400000, 0x00000006d8400000, 0x00000006dac00000)
 concurrent mark-sweep generation total 3756032K, used 1080840K [0x00000006dac00000, 0x00000007c0000000, 0x00000007c0000000)
 Metaspace       used 42573K, capacity 43892K, committed 44572K, reserved 1087488K
  class space    used 5454K, capacity 5756K, committed 5960K, reserved 1048576K
2020-07-01T08:32:33.085+0200: 400107.728: [GC (Allocation Failure) 2020-07-01T08:32:33.085+0200: 400107.728: [ParNew
Desired survivor size 20971520 bytes, new threshold 1 (max 1)
- age   1:        272 bytes,        272 total
: 327684K->2K(368640K), 0.0310707 secs] 1408524K->1080842K(4124672K), 0.0311692 secs] [Times: user=0.01 sys=0.00, real=0.03 secs] 
Heap after GC invocations=495759 (full 2):
 par new generation   total 368640K, used 2K [0x00000006c1c00000, 0x00000006dac00000, 0x00000006dac00000)
  eden space 327680K,   0% used [0x00000006c1c00000, 0x00000006c1c00000, 0x00000006d5c00000)
  from space 40960K,   0% used [0x00000006d8400000, 0x00000006d8400810, 0x00000006dac00000)
  to   space 40960K,   0% used [0x00000006d5c00000, 0x00000006d5c00000, 0x00000006d8400000)
 concurrent mark-sweep generation total 3756032K, used 1080840K [0x00000006dac00000, 0x00000007c0000000, 0x00000007c0000000)
 Metaspace       used 42573K, capacity 43892K, committed 44572K, reserved 1087488K
  class space    used 5454K, capacity 5756K, committed 5960K, reserved 1048576K
}
2020-07-01T08:32:33.116+0200: 400107.759: Total time for which application threads were stopped: 0.0314524 seconds, Stopping threads took: 0.0000464 seconds
{Heap before GC invocations=495759 (full 2):
 par new generation   total 368640K, used 327682K [0x00000006c1c00000, 0x00000006dac00000, 0x00000006dac00000)
  eden space 327680K, 100% used [0x00000006c1c00000, 0x00000006d5c00000, 0x00000006d5c00000)
  from space 40960K,   0% used [0x00000006d8400000, 0x00000006d8400810, 0x00000006dac00000)
  to   space 40960K,   0% used [0x00000006d5c00000, 0x00000006d5c00000, 0x00000006d8400000)
 concurrent mark-sweep generation total 3756032K, used 1080840K [0x00000006dac00000, 0x00000007c0000000, 0x00000007c0000000)
 Metaspace       used 42573K, capacity 43892K, committed 44572K, reserved 1087488K
  class space    used 5454K, capacity 5756K, committed 5960K, reserved 1048576K
2020-07-01T08:32:33.803+0200: 400108.446: [GC (Allocation Failure) 2020-07-01T08:32:33.803+0200: 400108.446: [ParNew
Desired survivor size 20971520 bytes, new threshold 1 (max 1)
- age   1:        272 bytes,        272 total
: 327682K->2K(368640K), 0.2076176 secs] 1408522K->1080842K(4124672K), 0.2077215 secs] [Times: user=0.03 sys=0.00, real=0.21 secs] 
Heap after GC invocations=495760 (full 2):
 par new generation   total 368640K, used 2K [0x00000006c1c00000, 0x00000006dac00000, 0x00000006dac00000)
  eden space 327680K,   0% used [0x00000006c1c00000, 0x00000006c1c00000, 0x00000006d5c00000)
  from space 40960K,   0% used [0x00000006d5c00000, 0x00000006d5c00810, 0x00000006d8400000)
  to   space 40960K,   0% used [0x00000006d8400000, 0x00000006d8400000, 0x00000006dac00000)
 concurrent mark-sweep generation total 3756032K, used 1080840K [0x00000006dac00000, 0x00000007c0000000, 0x00000007c0000000)
 Metaspace       used 42573K, capacity 43892K, committed 44572K, reserved 1087488K
  class space    used 5454K, capacity 5756K, committed 5960K, reserved 1048576K
}
2020-07-01T08:32:34.011+0200: 400108.654: Total time for which application threads were stopped: 0.2081095 seconds, Stopping threads took: 0.0000506 seconds
{Heap before GC invocations=495760 (full 2):
 par new generation   total 368640K, used 327682K [0x00000006c1c00000, 0x00000006dac00000, 0x00000006dac00000)
  eden space 327680K, 100% used [0x00000006c1c00000, 0x00000006d5c00000, 0x00000006d5c00000)
  from space 40960K,   0% used [0x00000006d5c00000, 0x00000006d5c00810, 0x00000006d8400000)
  to   space 40960K,   0% used [0x00000006d8400000, 0x00000006d8400000, 0x00000006dac00000)
 concurrent mark-sweep generation total 3756032K, used 1080840K [0x00000006dac00000, 0x00000007c0000000, 0x00000007c0000000)
 Metaspace       used 42573K, capacity 43892K, committed 44572K, reserved 1087488K
  class space    used 5454K, capacity 5756K, committed 5960K, reserved 1048576K
2020-07-01T08:32:34.666+0200: 400109.309: [GC (Allocation Failure) 2020-07-01T08:32:34.666+0200: 400109.309: [ParNew
Desired survivor size 20971520 bytes, new threshold 1 (max 1)
- age   1:        816 bytes,        816 total
: 327682K->4K(368640K), 0.0266494 secs] 1408522K->1080844K(4124672K), 0.0267546 secs] [Times: user=0.00 sys=0.00, real=0.03 secs] 
Heap after GC invocations=495761 (full 2):
 par new generation   total 368640K, used 4K [0x00000006c1c00000, 0x00000006dac00000, 0x00000006dac00000)
  eden space 327680K,   0% used [0x00000006c1c00000, 0x00000006c1c00000, 0x00000006d5c00000)
  from space 40960K,   0% used [0x00000006d8400000, 0x00000006d8401020, 0x00000006dac00000)
  to   space 40960K,   0% used [0x00000006d5c00000, 0x00000006d5c00000, 0x00000006d8400000)
 concurrent mark-sweep generation total 3756032K, used 1080840K [0x00000006dac00000, 0x00000007c0000000, 0x00000007c0000000)
 Metaspace       used 42573K, capacity 43892K, committed 44572K, reserved 1087488K
  class space    used 5454K, capacity 5756K, committed 5960K, reserved 1048576K
}
2020-07-01T08:32:34.693+0200: 400109.336: Total time for which application threads were stopped: 0.0273257 seconds, Stopping threads took: 0.0002450 seconds
{Heap before GC invocations=495761 (full 2):
 par new generation   total 368640K, used 327684K [0x00000006c1c00000, 0x00000006dac00000, 0x00000006dac00000)
  eden space 327680K, 100% used [0x00000006c1c00000, 0x00000006d5c00000, 0x00000006d5c00000)
  from space 40960K,   0% used [0x00000006d8400000, 0x00000006d8401020, 0x00000006dac00000)
  to   space 40960K,   0% used [0x00000006d5c00000, 0x00000006d5c00000, 0x00000006d8400000)
 concurrent mark-sweep generation total 3756032K, used 1080840K [0x00000006dac00000, 0x00000007c0000000, 0x00000007c0000000)
 Metaspace       used 42573K, capacity 43892K, committed 44572K, reserved 1087488K
  class space    used 5454K, capacity 5756K, committed 5960K, reserved 1048576K
2020-07-01T08:32:35.171+0200: 400109.814: [GC (Allocation Failure) 2020-07-01T08:32:35.171+0200: 400109.814: [ParNew
Desired survivor size 20971520 bytes, new threshold 1 (max 1)
- age   1:        240 bytes,        240 total
: 327684K->4K(368640K), 0.0256120 secs] 1408524K->1080845K(4124672K), 0.0257454 secs] [Times: user=0.02 sys=0.00, real=0.02 secs] 
Heap after GC invocations=495762 (full 2):
 par new generation   total 368640K, used 4K [0x00000006c1c00000, 0x00000006dac00000, 0x00000006dac00000)
  eden space 327680K,   0% used [0x00000006c1c00000, 0x00000006c1c00000, 0x00000006d5c00000)
  from space 40960K,   0% used [0x00000006d5c00000, 0x00000006d5c01020, 0x00000006d8400000)
  to   space 40960K,   0% used [0x00000006d8400000, 0x00000006d8400000, 0x00000006dac00000)
 concurrent mark-sweep generation total 3756032K, used 1080841K [0x00000006dac00000, 0x00000007c0000000, 0x00000007c0000000)
 Metaspace       used 42573K, capacity 43892K, committed 44572K, reserved 1087488K
  class space    used 5454K, capacity 5756K, committed 5960K, reserved 1048576K
}
2020-07-01T08:32:35.197+0200: 400109.840: Total time for which application threads were stopped: 0.0260778 seconds, Stopping threads took: 0.0000546 seconds
{Heap before GC invocations=495762 (full 2):
 par new generation   total 368640K, used 327684K [0x00000006c1c00000, 0x00000006dac00000, 0x00000006dac00000)
  eden space 327680K, 100% used [0x00000006c1c00000, 0x00000006d5c00000, 0x00000006d5c00000)
  from space 40960K,   0% used [0x00000006d5c00000, 0x00000006d5c01020, 0x00000006d8400000)
  to   space 40960K,   0% used [0x00000006d8400000, 0x00000006d8400000, 0x00000006dac00000)
 concurrent mark-sweep generation total 3756032K, used 1080841K [0x00000006dac00000, 0x00000007c0000000, 0x00000007c0000000)
 Metaspace       used 42573K, capacity 43892K, committed 44572K, reserved 1087488K
  class space    used 5454K, capacity 5756K, committed 5960K, reserved 1048576K
2020-07-01T08:32:35.581+0200: 400110.224: [GC (Allocation Failure) 2020-07-01T08:32:35.581+0200: 400110.224: [ParNew
Desired survivor size 20971520 bytes, new threshold 1 (max 1)
- age   1:        368 bytes,        368 total
: 327684K->4K(368640K), 0.0139968 secs] 1408525K->1080845K(4124672K), 0.0141060 secs] [Times: user=0.03 sys=0.00, real=0.01 secs] 
Heap after GC invocations=495763 (full 2):
 par new generation   total 368640K, used 4K [0x00000006c1c00000, 0x00000006dac00000, 0x00000006dac00000)
  eden space 327680K,   0% used [0x00000006c1c00000, 0x00000006c1c00000, 0x00000006d5c00000)
  from space 40960K,   0% used [0x00000006d8400000, 0x00000006d8401020, 0x00000006dac00000)
  to   space 40960K,   0% used [0x00000006d5c00000, 0x00000006d5c00000, 0x00000006d8400000)
 concurrent mark-sweep generation total 3756032K, used 1080841K [0x00000006dac00000, 0x00000007c0000000, 0x00000007c0000000)
 Metaspace       used 42573K, capacity 43892K, committed 44572K, reserved 1087488K
  class space    used 5454K, capacity 5756K, committed 5960K, reserved 1048576K
}
2020-07-01T08:32:35.596+0200: 400110.238: Total time for which application threads were stopped: 0.0144935 seconds, Stopping threads took: 0.0001444 seconds
{Heap before GC invocations=495763 (full 2):
 par new generation   total 368640K, used 327684K [0x00000006c1c00000, 0x00000006dac00000, 0x00000006dac00000)
  eden space 327680K, 100% used [0x00000006c1c00000, 0x00000006d5c00000, 0x00000006d5c00000)
  from space 40960K,   0% used [0x00000006d8400000, 0x00000006d8401020, 0x00000006dac00000)
  to   space 40960K,   0% used [0x00000006d5c00000, 0x00000006d5c00000, 0x00000006d8400000)
 concurrent mark-sweep generation total 3756032K, used 1080841K [0x00000006dac00000, 0x00000007c0000000, 0x00000007c0000000)
 Metaspace       used 42573K, capacity 43892K, committed 44572K, reserved 1087488K
  class space    used 5454K, capacity 5756K, committed 5960K, reserved 1048576K
2020-07-01T08:32:35.981+0200: 400110.624: [GC (Allocation Failure) 2020-07-01T08:32:35.981+0200: 400110.624: [ParNew
Desired survivor size 20971520 bytes, new threshold 1 (max 1)
- age   1:        240 bytes,        240 total
: 327684K->4K(368640K), 0.0189972 secs] 1408525K->1080845K(4124672K), 0.0192340 secs] [Times: user=0.03 sys=0.00, real=0.02 secs] 
Heap after GC invocations=495764 (full 2):
 par new generation   total 368640K, used 4K [0x00000006c1c00000, 0x00000006dac00000, 0x00000006dac00000)
  eden space 327680K,   0% used [0x00000006c1c00000, 0x00000006c1c00000, 0x00000006d5c00000)
  from space 40960K,   0% used [0x00000006d5c00000, 0x00000006d5c01020, 0x00000006d8400000)
  to   space 40960K,   0% used [0x00000006d8400000, 0x00000006d8400000, 0x00000006dac00000)
 concurrent mark-sweep generation total 3756032K, used 1080841K [0x00000006dac00000, 0x00000007c0000000, 0x00000007c0000000)
 Metaspace       used 42573K, capacity 43892K, committed 44572K, reserved 1087488K
  class space    used 5454K, capacity 5756K, committed 5960K, reserved 1048576K
}
2020-07-01T08:32:36.000+0200: 400110.643: Total time for which application threads were stopped: 0.0195215 seconds, Stopping threads took: 0.0000506 seconds
{Heap before GC invocations=495764 (full 2):
 par new generation   total 368640K, used 327684K [0x00000006c1c00000, 0x00000006dac00000, 0x00000006dac00000)
  eden space 327680K, 100% used [0x00000006c1c00000, 0x00000006d5c00000, 0x00000006d5c00000)
  from space 40960K,   0% used [0x00000006d5c00000, 0x00000006d5c01020, 0x00000006d8400000)
  to   space 40960K,   0% used [0x00000006d8400000, 0x00000006d8400000, 0x00000006dac00000)
 concurrent mark-sweep generation total 3756032K, used 1080841K [0x00000006dac00000, 0x00000007c0000000, 0x00000007c0000000)
 Metaspace       used 42573K, capacity 43892K, committed 44572K, reserved 1087488K
  class space    used 5454K, capacity 5756K, committed 5960K, reserved 1048576K
2020-07-01T08:32:36.349+0200: 400110.992: [GC (Allocation Failure) 2020-07-01T08:32:36.349+0200: 400110.992: [ParNew
Desired survivor size 20971520 bytes, new threshold 1 (max 1)
- age   1:        240 bytes,        240 total
: 327684K->2K(368640K), 0.0186029 secs] 1408525K->1080843K(4124672K), 0.0187100 secs] [Times: user=0.02 sys=0.00, real=0.01 secs] 
Heap after GC invocations=495765 (full 2):
 par new generation   total 368640K, used 2K [0x00000006c1c00000, 0x00000006dac00000, 0x00000006dac00000)
  eden space 327680K,   0% used [0x00000006c1c00000, 0x00000006c1c00000, 0x00000006d5c00000)
  from space 40960K,   0% used [0x00000006d8400000, 0x00000006d8400810, 0x00000006dac00000)
  to   space 40960K,   0% used [0x00000006d5c00000, 0x00000006d5c00000, 0x00000006d8400000)
 concurrent mark-sweep generation total 3756032K, used 1080841K [0x00000006dac00000, 0x00000007c0000000, 0x00000007c0000000)
 Metaspace       used 42573K, capacity 43892K, committed 44572K, reserved 1087488K
  class space    used 5454K, capacity 5756K, committed 5960K, reserved 1048576K
}
2020-07-01T08:32:36.368+0200: 400111.010: Total time for which application threads were stopped: 0.0190225 seconds, Stopping threads took: 0.0000519 seconds
{Heap before GC invocations=495765 (full 2):
 par new generation   total 368640K, used 327682K [0x00000006c1c00000, 0x00000006dac00000, 0x00000006dac00000)
  eden space 327680K, 100% used [0x00000006c1c00000, 0x00000006d5c00000, 0x00000006d5c00000)
  from space 40960K,   0% used [0x00000006d8400000, 0x00000006d8400810, 0x00000006dac00000)
  to   space 40960K,   0% used [0x00000006d5c00000, 0x00000006d5c00000, 0x00000006d8400000)
 concurrent mark-sweep generation total 3756032K, used 1080841K [0x00000006dac00000, 0x00000007c0000000, 0x00000007c0000000)
 Metaspace       used 42573K, capacity 43892K, committed 44572K, reserved 1087488K
  class space    used 5454K, capacity 5756K, committed 5960K, reserved 1048576K
2020-07-01T08:32:36.712+0200: 400111.355: [GC (Allocation Failure) 2020-07-01T08:32:36.712+0200: 400111.355: [ParNew
Desired survivor size 20971520 bytes, new threshold 1 (max 1)
- age   1:        304 bytes,        304 total
: 327682K->4K(368640K), 0.0197797 secs] 1408523K->1080845K(4124672K), 0.0198979 secs] [Times: user=0.01 sys=0.00, real=0.02 secs] 
Heap after GC invocations=495766 (full 2):
 par new generation   total 368640K, used 4K [0x00000006c1c00000, 0x00000006dac00000, 0x00000006dac00000)
  eden space 327680K,   0% used [0x00000006c1c00000, 0x00000006c1c00000, 0x00000006d5c00000)
  from space 40960K,   0% used [0x00000006d5c00000, 0x00000006d5c01020, 0x00000006d8400000)
  to   space 40960K,   0% used [0x00000006d8400000, 0x00000006d8400000, 0x00000006dac00000)
 concurrent mark-sweep generation total 3756032K, used 1080841K [0x00000006dac00000, 0x00000007c0000000, 0x00000007c0000000)
 Metaspace       used 42573K, capacity 43892K, committed 44572K, reserved 1087488K
  class space    used 5454K, capacity 5756K, committed 5960K, reserved 1048576K
}
2020-07-01T08:32:36.732+0200: 400111.375: Total time for which application threads were stopped: 0.0256450 seconds, Stopping threads took: 0.0054758 seconds
{Heap before GC invocations=495766 (full 2):
 par new generation   total 368640K, used 327684K [0x00000006c1c00000, 0x00000006dac00000, 0x00000006dac00000)
  eden space 327680K, 100% used [0x00000006c1c00000, 0x00000006d5c00000, 0x00000006d5c00000)
  from space 40960K,   0% used [0x00000006d5c00000, 0x00000006d5c01020, 0x00000006d8400000)
  to   space 40960K,   0% used [0x00000006d8400000, 0x00000006d8400000, 0x00000006dac00000)
 concurrent mark-sweep generation total 3756032K, used 1080841K [0x00000006dac00000, 0x00000007c0000000, 0x00000007c0000000)
 Metaspace       used 42573K, capacity 43892K, committed 44572K, reserved 1087488K
  class space    used 5454K, capacity 5756K, committed 5960K, reserved 1048576K
2020-07-01T08:32:37.071+0200: 400111.714: [GC (Allocation Failure) 2020-07-01T08:32:37.072+0200: 400111.714: [ParNew
Desired survivor size 20971520 bytes, new threshold 1 (max 1)
- age   1:        272 bytes,        272 total
: 327684K->4K(368640K), 0.0111279 secs] 1408525K->1080845K(4124672K), 0.0112671 secs] [Times: user=0.03 sys=0.00, real=0.01 secs] 
Heap after GC invocations=495767 (full 2):
 par new generation   total 368640K, used 4K [0x00000006c1c00000, 0x00000006dac00000, 0x00000006dac00000)
  eden space 327680K,   0% used [0x00000006c1c00000, 0x00000006c1c00000, 0x00000006d5c00000)
  from space 40960K,   0% used [0x00000006d8400000, 0x00000006d8401020, 0x00000006dac00000)
  to   space 40960K,   0% used [0x00000006d5c00000, 0x00000006d5c00000, 0x00000006d8400000)
 concurrent mark-sweep generation total 3756032K, used 1080841K [0x00000006dac00000, 0x00000007c0000000, 0x00000007c0000000)
 Metaspace       used 42573K, capacity 43892K, committed 44572K, reserved 1087488K
  class space    used 5454K, capacity 5756K, committed 5960K, reserved 1048576K
}
2020-07-01T08:32:37.083+0200: 400111.726: Total time for which application threads were stopped: 0.0116157 seconds, Stopping threads took: 0.0001108 seconds
{Heap before GC invocations=495767 (full 2):
 par new generation   total 368640K, used 327684K [0x00000006c1c00000, 0x00000006dac00000, 0x00000006dac00000)
  eden space 327680K, 100% used [0x00000006c1c00000, 0x00000006d5c00000, 0x00000006d5c00000)
  from space 40960K,   0% used [0x00000006d8400000, 0x00000006d8401020, 0x00000006dac00000)
  to   space 40960K,   0% used [0x00000006d5c00000, 0x00000006d5c00000, 0x00000006d8400000)
 concurrent mark-sweep generation total 3756032K, used 1080841K [0x00000006dac00000, 0x00000007c0000000, 0x00000007c0000000)
 Metaspace       used 42573K, capacity 43892K, committed 44572K, reserved 1087488K
  class space    used 5454K, capacity 5756K, committed 5960K, reserved 1048576K
2020-07-01T08:32:37.440+0200: 400112.083: [GC (Allocation Failure) 2020-07-01T08:32:37.440+0200: 400112.083: [ParNew
Desired survivor size 20971520 bytes, new threshold 1 (max 1)
- age   1:        304 bytes,        304 total
: 327684K->2K(368640K), 0.0144782 secs] 1408525K->1080843K(4124672K), 0.0146137 secs] [Times: user=0.02 sys=0.00, real=0.01 secs] 
Heap after GC invocations=495768 (full 2):
 par new generation   total 368640K, used 2K [0x00000006c1c00000, 0x00000006dac00000, 0x00000006dac00000)
  eden space 327680K,   0% used [0x00000006c1c00000, 0x00000006c1c00000, 0x00000006d5c00000)
  from space 40960K,   0% used [0x00000006d5c00000, 0x00000006d5c00810, 0x00000006d8400000)
  to   space 40960K,   0% used [0x00000006d8400000, 0x00000006d8400000, 0x00000006dac00000)
 concurrent mark-sweep generation total 3756032K, used 1080841K [0x00000006dac00000, 0x00000007c0000000, 0x00000007c0000000)
 Metaspace       used 42573K, capacity 43892K, committed 44572K, reserved 1087488K
  class space    used 5454K, capacity 5756K, committed 5960K, reserved 1048576K
}
2020-07-01T08:32:37.454+0200: 400112.097: Total time for which application threads were stopped: 0.0148968 seconds, Stopping threads took: 0.0000520 seconds
{Heap before GC invocations=495768 (full 2):
 par new generation   total 368640K, used 327682K [0x00000006c1c00000, 0x00000006dac00000, 0x00000006dac00000)
  eden space 327680K, 100% used [0x00000006c1c00000, 0x00000006d5c00000, 0x00000006d5c00000)
  from space 40960K,   0% used [0x00000006d5c00000, 0x00000006d5c00810, 0x00000006d8400000)
  to   space 40960K,   0% used [0x00000006d8400000, 0x00000006d8400000, 0x00000006dac00000)
 concurrent mark-sweep generation total 3756032K, used 1080841K [0x00000006dac00000, 0x00000007c0000000, 0x00000007c0000000)
 Metaspace       used 42573K, capacity 43892K, committed 44572K, reserved 1087488K
  class space    used 5454K, capacity 5756K, committed 5960K, reserved 1048576K
2020-07-01T08:32:37.773+0200: 400112.416: [GC (Allocation Failure) 2020-07-01T08:32:37.774+0200: 400112.416: [ParNew
Desired survivor size 20971520 bytes, new threshold 1 (max 1)
- age   1:        536 bytes,        536 total
: 327682K->4K(368640K), 0.0460341 secs] 1408523K->1080845K(4124672K), 0.0461524 secs] [Times: user=0.00 sys=0.00, real=0.05 secs] 
Heap after GC invocations=495769 (full 2):
 par new generation   total 368640K, used 4K [0x00000006c1c00000, 0x00000006dac00000, 0x00000006dac00000)
  eden space 327680K,   0% used [0x00000006c1c00000, 0x00000006c1c00000, 0x00000006d5c00000)
  from space 40960K,   0% used [0x00000006d8400000, 0x00000006d8401020, 0x00000006dac00000)
  to   space 40960K,   0% used [0x00000006d5c00000, 0x00000006d5c00000, 0x00000006d8400000)
 concurrent mark-sweep generation total 3756032K, used 1080841K [0x00000006dac00000, 0x00000007c0000000, 0x00000007c0000000)
 Metaspace       used 42573K, capacity 43892K, committed 44572K, reserved 1087488K
  class space    used 5454K, capacity 5756K, committed 5960K, reserved 1048576K
}
2020-07-01T08:32:37.820+0200: 400112.463: Total time for which application threads were stopped: 0.0464776 seconds, Stopping threads took: 0.0000477 seconds
{Heap before GC invocations=495769 (full 2):
 par new generation   total 368640K, used 327684K [0x00000006c1c00000, 0x00000006dac00000, 0x00000006dac00000)
  eden space 327680K, 100% used [0x00000006c1c00000, 0x00000006d5c00000, 0x00000006d5c00000)
  from space 40960K,   0% used [0x00000006d8400000, 0x00000006d8401020, 0x00000006dac00000)
  to   space 40960K,   0% used [0x00000006d5c00000, 0x00000006d5c00000, 0x00000006d8400000)
 concurrent mark-sweep generation total 3756032K, used 1080841K [0x00000006dac00000, 0x00000007c0000000, 0x00000007c0000000)
 Metaspace       used 42573K, capacity 43892K, committed 44572K, reserved 1087488K
  class space    used 5454K, capacity 5756K, committed 5960K, reserved 1048576K
2020-07-01T08:32:38.212+0200: 400112.855: [GC (Allocation Failure) 2020-07-01T08:32:38.213+0200: 400112.855: [ParNew
Desired survivor size 20971520 bytes, new threshold 1 (max 1)
- age   1:        240 bytes,        240 total
: 327684K->2K(368640K), 0.0262349 secs] 1408525K->1080843K(4124672K), 0.0263537 secs] [Times: user=0.02 sys=0.00, real=0.03 secs] 
Heap after GC invocations=495770 (full 2):
 par new generation   total 368640K, used 2K [0x00000006c1c00000, 0x00000006dac00000, 0x00000006dac00000)
  eden space 327680K,   0% used [0x00000006c1c00000, 0x00000006c1c00000, 0x00000006d5c00000)
  from space 40960K,   0% used [0x00000006d5c00000, 0x00000006d5c00810, 0x00000006d8400000)
  to   space 40960K,   0% used [0x00000006d8400000, 0x00000006d8400000, 0x00000006dac00000)
 concurrent mark-sweep generation total 3756032K, used 1080841K [0x00000006dac00000, 0x00000007c0000000, 0x00000007c0000000)
 Metaspace       used 42573K, capacity 43892K, committed 44572K, reserved 1087488K
  class space    used 5454K, capacity 5756K, committed 5960K, reserved 1048576K
}
2020-07-01T08:32:38.239+0200: 400112.882: Total time for which application threads were stopped: 0.0267501 seconds, Stopping threads took: 0.0001539 seconds
{Heap before GC invocations=495770 (full 2):
 par new generation   total 368640K, used 327682K [0x00000006c1c00000, 0x00000006dac00000, 0x00000006dac00000)
  eden space 327680K, 100% used [0x00000006c1c00000, 0x00000006d5c00000, 0x00000006d5c00000)
  from space 40960K,   0% used [0x00000006d5c00000, 0x00000006d5c00810, 0x00000006d8400000)
  to   space 40960K,   0% used [0x00000006d8400000, 0x00000006d8400000, 0x00000006dac00000)
 concurrent mark-sweep generation total 3756032K, used 1080841K [0x00000006dac00000, 0x00000007c0000000, 0x00000007c0000000)
 Metaspace       used 42573K, capacity 43892K, committed 44572K, reserved 1087488K
  class space    used 5454K, capacity 5756K, committed 5960K, reserved 1048576K
2020-07-01T08:32:38.538+0200: 400113.180: [GC (Allocation Failure) 2020-07-01T08:32:38.538+0200: 400113.181: [ParNew
Desired survivor size 20971520 bytes, new threshold 1 (max 1)
- age   1:       1008 bytes,       1008 total
: 327682K->4K(368640K), 0.0162949 secs] 1408523K->1080845K(4124672K), 0.0164039 secs] [Times: user=0.01 sys=0.00, real=0.02 secs] 
Heap after GC invocations=495771 (full 2):
 par new generation   total 368640K, used 4K [0x00000006c1c00000, 0x00000006dac00000, 0x00000006dac00000)
  eden space 327680K,   0% used [0x00000006c1c00000, 0x00000006c1c00000, 0x00000006d5c00000)
  from space 40960K,   0% used [0x00000006d8400000, 0x00000006d8401020, 0x00000006dac00000)
  to   space 40960K,   0% used [0x00000006d5c00000, 0x00000006d5c00000, 0x00000006d8400000)
 concurrent mark-sweep generation total 3756032K, used 1080841K [0x00000006dac00000, 0x00000007c0000000, 0x00000007c0000000)
 Metaspace       used 42573K, capacity 43892K, committed 44572K, reserved 1087488K
  class space    used 5454K, capacity 5756K, committed 5960K, reserved 1048576K
}
2020-07-01T08:32:38.554+0200: 400113.197: Total time for which application threads were stopped: 0.0167793 seconds, Stopping threads took: 0.0001404 seconds
{Heap before GC invocations=495771 (full 2):
 par new generation   total 368640K, used 327684K [0x00000006c1c00000, 0x00000006dac00000, 0x00000006dac00000)
  eden space 327680K, 100% used [0x00000006c1c00000, 0x00000006d5c00000, 0x00000006d5c00000)
  from space 40960K,   0% used [0x00000006d8400000, 0x00000006d8401020, 0x00000006dac00000)
  to   space 40960K,   0% used [0x00000006d5c00000, 0x00000006d5c00000, 0x00000006d8400000)
 concurrent mark-sweep generation total 3756032K, used 1080841K [0x00000006dac00000, 0x00000007c0000000, 0x00000007c0000000)
 Metaspace       used 42573K, capacity 43892K, committed 44572K, reserved 1087488K
  class space    used 5454K, capacity 5756K, committed 5960K, reserved 1048576K
2020-07-01T08:32:38.850+0200: 400113.493: [GC (Allocation Failure) 2020-07-01T08:32:38.850+0200: 400113.493: [ParNew
Desired survivor size 20971520 bytes, new threshold 1 (max 1)
- age   1:        272 bytes,        272 total
: 327684K->6K(368640K), 0.0081417 secs] 1408525K->1080848K(4124672K), 0.0082685 secs] [Times: user=0.04 sys=0.00, real=0.01 secs] 
Heap after GC invocations=495772 (full 2):
 par new generation   total 368640K, used 6K [0x00000006c1c00000, 0x00000006dac00000, 0x00000006dac00000)
  eden space 327680K,   0% used [0x00000006c1c00000, 0x00000006c1c00000, 0x00000006d5c00000)
  from space 40960K,   0% used [0x00000006d5c00000, 0x00000006d5c01830, 0x00000006d8400000)
  to   space 40960K,   0% used [0x00000006d8400000, 0x00000006d8400000, 0x00000006dac00000)
 concurrent mark-sweep generation total 3756032K, used 1080842K [0x00000006dac00000, 0x00000007c0000000, 0x00000007c0000000)
 Metaspace       used 42573K, capacity 43892K, committed 44572K, reserved 1087488K
  class space    used 5454K, capacity 5756K, committed 5960K, reserved 1048576K
}
2020-07-01T08:32:38.858+0200: 400113.501: Total time for which application threads were stopped: 0.0086579 seconds, Stopping threads took: 0.0000959 seconds
{Heap before GC invocations=495772 (full 2):
 par new generation   total 368640K, used 327686K [0x00000006c1c00000, 0x00000006dac00000, 0x00000006dac00000)
  eden space 327680K, 100% used [0x00000006c1c00000, 0x00000006d5c00000, 0x00000006d5c00000)
  from space 40960K,   0% used [0x00000006d5c00000, 0x00000006d5c01830, 0x00000006d8400000)
  to   space 40960K,   0% used [0x00000006d8400000, 0x00000006d8400000, 0x00000006dac00000)
 concurrent mark-sweep generation total 3756032K, used 1080842K [0x00000006dac00000, 0x00000007c0000000, 0x00000007c0000000)
 Metaspace       used 42573K, capacity 43892K, committed 44572K, reserved 1087488K
  class space    used 5454K, capacity 5756K, committed 5960K, reserved 1048576K
2020-07-01T08:32:39.195+0200: 400113.838: [GC (Allocation Failure) 2020-07-01T08:32:39.195+0200: 400113.838: [ParNew
Desired survivor size 20971520 bytes, new threshold 1 (max 1)
- age   1:        320 bytes,        320 total
: 327686K->6K(368640K), 0.0071698 secs] 1408528K->1080848K(4124672K), 0.0073086 secs] [Times: user=0.07 sys=0.00, real=0.01 secs] 
Heap after GC invocations=495773 (full 2):
 par new generation   total 368640K, used 6K [0x00000006c1c00000, 0x00000006dac00000, 0x00000006dac00000)
  eden space 327680K,   0% used [0x00000006c1c00000, 0x00000006c1c00000, 0x00000006d5c00000)
  from space 40960K,   0% used [0x00000006d8400000, 0x00000006d8401830, 0x00000006dac00000)
  to   space 40960K,   0% used [0x00000006d5c00000, 0x00000006d5c00000, 0x00000006d8400000)
 concurrent mark-sweep generation total 3756032K, used 1080842K [0x00000006dac00000, 0x00000007c0000000, 0x00000007c0000000)
 Metaspace       used 42573K, capacity 43892K, committed 44572K, reserved 1087488K
  class space    used 5454K, capacity 5756K, committed 5960K, reserved 1048576K
}
2020-07-01T08:32:39.203+0200: 400113.845: Total time for which application threads were stopped: 0.0076279 seconds, Stopping threads took: 0.0000525 seconds
{Heap before GC invocations=495773 (full 2):
 par new generation   total 368640K, used 327686K [0x00000006c1c00000, 0x00000006dac00000, 0x00000006dac00000)
  eden space 327680K, 100% used [0x00000006c1c00000, 0x00000006d5c00000, 0x00000006d5c00000)
  from space 40960K,   0% used [0x00000006d8400000, 0x00000006d8401830, 0x00000006dac00000)
  to   space 40960K,   0% used [0x00000006d5c00000, 0x00000006d5c00000, 0x00000006d8400000)
 concurrent mark-sweep generation total 3756032K, used 1080842K [0x00000006dac00000, 0x00000007c0000000, 0x00000007c0000000)
 Metaspace       used 42573K, capacity 43892K, committed 44572K, reserved 1087488K
  class space    used 5454K, capacity 5756K, committed 5960K, reserved 1048576K
2020-07-01T08:32:39.537+0200: 400114.180: [GC (Allocation Failure) 2020-07-01T08:32:39.537+0200: 400114.180: [ParNew
Desired survivor size 20971520 bytes, new threshold 1 (max 1)
- age   1:        304 bytes,        304 total
: 327686K->6K(368640K), 0.0119261 secs] 1408528K->1080848K(4124672K), 0.0120490 secs] [Times: user=0.05 sys=0.00, real=0.02 secs] 
Heap after GC invocations=495774 (full 2):
 par new generation   total 368640K, used 6K [0x00000006c1c00000, 0x00000006dac00000, 0x00000006dac00000)
  eden space 327680K,   0% used [0x00000006c1c00000, 0x00000006c1c00000, 0x00000006d5c00000)
  from space 40960K,   0% used [0x00000006d5c00000, 0x00000006d5c01830, 0x00000006d8400000)
  to   space 40960K,   0% used [0x00000006d8400000, 0x00000006d8400000, 0x00000006dac00000)
 concurrent mark-sweep generation total 3756032K, used 1080842K [0x00000006dac00000, 0x00000007c0000000, 0x00000007c0000000)
 Metaspace       used 42573K, capacity 43892K, committed 44572K, reserved 1087488K
  class space    used 5454K, capacity 5756K, committed 5960K, reserved 1048576K
}
2020-07-01T08:32:39.549+0200: 400114.192: Total time for which application threads were stopped: 0.0123346 seconds, Stopping threads took: 0.0000490 seconds
{Heap before GC invocations=495774 (full 2):
 par new generation   total 368640K, used 327686K [0x00000006c1c00000, 0x00000006dac00000, 0x00000006dac00000)
  eden space 327680K, 100% used [0x00000006c1c00000, 0x00000006d5c00000, 0x00000006d5c00000)
  from space 40960K,   0% used [0x00000006d5c00000, 0x00000006d5c01830, 0x00000006d8400000)
  to   space 40960K,   0% used [0x00000006d8400000, 0x00000006d8400000, 0x00000006dac00000)
 concurrent mark-sweep generation total 3756032K, used 1080842K [0x00000006dac00000, 0x00000007c0000000, 0x00000007c0000000)
 Metaspace       used 42573K, capacity 43892K, committed 44572K, reserved 1087488K
  class space    used 5454K, capacity 5756K, committed 5960K, reserved 1048576K
2020-07-01T08:32:39.877+0200: 400114.520: [GC (Allocation Failure) 2020-07-01T08:32:39.877+0200: 400114.520: [ParNew
Desired survivor size 20971520 bytes, new threshold 1 (max 1)
- age   1:        240 bytes,        240 total
: 327686K->4K(368640K), 0.0103601 secs] 1408528K->1080846K(4124672K), 0.0105821 secs] [Times: user=0.03 sys=0.00, real=0.01 secs] 
Heap after GC invocations=495775 (full 2):
 par new generation   total 368640K, used 4K [0x00000006c1c00000, 0x00000006dac00000, 0x00000006dac00000)
  eden space 327680K,   0% used [0x00000006c1c00000, 0x00000006c1c00000, 0x00000006d5c00000)
  from space 40960K,   0% used [0x00000006d8400000, 0x00000006d8401020, 0x00000006dac00000)
  to   space 40960K,   0% used [0x00000006d5c00000, 0x00000006d5c00000, 0x00000006d8400000)
 concurrent mark-sweep generation total 3756032K, used 1080842K [0x00000006dac00000, 0x00000007c0000000, 0x00000007c0000000)
 Metaspace       used 42573K, capacity 43892K, committed 44572K, reserved 1087488K
  class space    used 5454K, capacity 5756K, committed 5960K, reserved 1048576K
}
2020-07-01T08:32:39.888+0200: 400114.530: Total time for which application threads were stopped: 0.0109398 seconds, Stopping threads took: 0.0000958 seconds
{Heap before GC invocations=495775 (full 2):
 par new generation   total 368640K, used 327684K [0x00000006c1c00000, 0x00000006dac00000, 0x00000006dac00000)
  eden space 327680K, 100% used [0x00000006c1c00000, 0x00000006d5c00000, 0x00000006d5c00000)
  from space 40960K,   0% used [0x00000006d8400000, 0x00000006d8401020, 0x00000006dac00000)
  to   space 40960K,   0% used [0x00000006d5c00000, 0x00000006d5c00000, 0x00000006d8400000)
 concurrent mark-sweep generation total 3756032K, used 1080842K [0x00000006dac00000, 0x00000007c0000000, 0x00000007c0000000)
 Metaspace       used 42573K, capacity 43892K, committed 44572K, reserved 1087488K
  class space    used 5454K, capacity 5756K, committed 5960K, reserved 1048576K
2020-07-01T08:32:40.254+0200: 400114.897: [GC (Allocation Failure) 2020-07-01T08:32:40.254+0200: 400114.897: [ParNew
Desired survivor size 20971520 bytes, new threshold 1 (max 1)
- age   1:        304 bytes,        304 total
: 327684K->4K(368640K), 0.0102843 secs] 1408526K->1080846K(4124672K), 0.0103944 secs] [Times: user=0.00 sys=0.00, real=0.01 secs] 
Heap after GC invocations=495776 (full 2):
 par new generation   total 368640K, used 4K [0x00000006c1c00000, 0x00000006dac00000, 0x00000006dac00000)
  eden space 327680K,   0% used [0x00000006c1c00000, 0x00000006c1c00000, 0x00000006d5c00000)
  from space 40960K,   0% used [0x00000006d5c00000, 0x00000006d5c01020, 0x00000006d8400000)
  to   space 40960K,   0% used [0x00000006d8400000, 0x00000006d8400000, 0x00000006dac00000)
 concurrent mark-sweep generation total 3756032K, used 1080842K [0x00000006dac00000, 0x00000007c0000000, 0x00000007c0000000)
 Metaspace       used 42573K, capacity 43892K, committed 44572K, reserved 1087488K
  class space    used 5454K, capacity 5756K, committed 5960K, reserved 1048576K
}
2020-07-01T08:32:40.264+0200: 400114.907: Total time for which application threads were stopped: 0.0107775 seconds, Stopping threads took: 0.0001275 seconds
{Heap before GC invocations=495776 (full 2):
 par new generation   total 368640K, used 327684K [0x00000006c1c00000, 0x00000006dac00000, 0x00000006dac00000)
  eden space 327680K, 100% used [0x00000006c1c00000, 0x00000006d5c00000, 0x00000006d5c00000)
  from space 40960K,   0% used [0x00000006d5c00000, 0x00000006d5c01020, 0x00000006d8400000)
  to   space 40960K,   0% used [0x00000006d8400000, 0x00000006d8400000, 0x00000006dac00000)
 concurrent mark-sweep generation total 3756032K, used 1080842K [0x00000006dac00000, 0x00000007c0000000, 0x00000007c0000000)
 Metaspace       used 42573K, capacity 43892K, committed 44572K, reserved 1087488K
  class space    used 5454K, capacity 5756K, committed 5960K, reserved 1048576K
2020-07-01T08:32:40.647+0200: 400115.290: [GC (Allocation Failure) 2020-07-01T08:32:40.647+0200: 400115.290: [ParNew
Desired survivor size 20971520 bytes, new threshold 1 (max 1)
- age   1:        304 bytes,        304 total
: 327684K->6K(368640K), 0.0111790 secs] 1408526K->1080848K(4124672K), 0.0112922 secs] [Times: user=0.02 sys=0.00, real=0.02 secs] 
Heap after GC invocations=495777 (full 2):
 par new generation   total 368640K, used 6K [0x00000006c1c00000, 0x00000006dac00000, 0x00000006dac00000)
  eden space 327680K,   0% used [0x00000006c1c00000, 0x00000006c1c00000, 0x00000006d5c00000)
  from space 40960K,   0% used [0x00000006d8400000, 0x00000006d8401830, 0x00000006dac00000)
  to   space 40960K,   0% used [0x00000006d5c00000, 0x00000006d5c00000, 0x00000006d8400000)
 concurrent mark-sweep generation total 3756032K, used 1080842K [0x00000006dac00000, 0x00000007c0000000, 0x00000007c0000000)
 Metaspace       used 42573K, capacity 43892K, committed 44572K, reserved 1087488K
  class space    used 5454K, capacity 5756K, committed 5960K, reserved 1048576K
}
2020-07-01T08:32:40.658+0200: 400115.301: Total time for which application threads were stopped: 0.0115671 seconds, Stopping threads took: 0.0000478 seconds
{Heap before GC invocations=495777 (full 2):
 par new generation   total 368640K, used 327686K [0x00000006c1c00000, 0x00000006dac00000, 0x00000006dac00000)
  eden space 327680K, 100% used [0x00000006c1c00000, 0x00000006d5c00000, 0x00000006d5c00000)
  from space 40960K,   0% used [0x00000006d8400000, 0x00000006d8401830, 0x00000006dac00000)
  to   space 40960K,   0% used [0x00000006d5c00000, 0x00000006d5c00000, 0x00000006d8400000)
 concurrent mark-sweep generation total 3756032K, used 1080842K [0x00000006dac00000, 0x00000007c0000000, 0x00000007c0000000)
 Metaspace       used 42573K, capacity 43892K, committed 44572K, reserved 1087488K
  class space    used 5454K, capacity 5756K, committed 5960K, reserved 1048576K
2020-07-01T08:32:40.971+0200: 400115.614: [GC (Allocation Failure) 2020-07-01T08:32:40.971+0200: 400115.614: [ParNew
Desired survivor size 20971520 bytes, new threshold 1 (max 1)
- age   1:        240 bytes,        240 total
: 327686K->4K(368640K), 0.0108886 secs] 1408528K->1080846K(4124672K), 0.0109770 secs] [Times: user=0.05 sys=0.00, real=0.01 secs] 
Heap after GC invocations=495778 (full 2):
 par new generation   total 368640K, used 4K [0x00000006c1c00000, 0x00000006dac00000, 0x00000006dac00000)
  eden space 327680K,   0% used [0x00000006c1c00000, 0x00000006c1c00000, 0x00000006d5c00000)
  from space 40960K,   0% used [0x00000006d5c00000, 0x00000006d5c01020, 0x00000006d8400000)
  to   space 40960K,   0% used [0x00000006d8400000, 0x00000006d8400000, 0x00000006dac00000)
 concurrent mark-sweep generation total 3756032K, used 1080842K [0x00000006dac00000, 0x00000007c0000000, 0x00000007c0000000)
 Metaspace       used 42573K, capacity 43892K, committed 44572K, reserved 1087488K
  class space    used 5454K, capacity 5756K, committed 5960K, reserved 1048576K
}
2020-07-01T08:32:40.982+0200: 400115.625: Total time for which application threads were stopped: 0.0112462 seconds, Stopping threads took: 0.0000519 seconds
{Heap before GC invocations=495778 (full 2):
 par new generation   total 368640K, used 327684K [0x00000006c1c00000, 0x00000006dac00000, 0x00000006dac00000)
  eden space 327680K, 100% used [0x00000006c1c00000, 0x00000006d5c00000, 0x00000006d5c00000)
  from space 40960K,   0% used [0x00000006d5c00000, 0x00000006d5c01020, 0x00000006d8400000)
  to   space 40960K,   0% used [0x00000006d8400000, 0x00000006d8400000, 0x00000006dac00000)
 concurrent mark-sweep generation total 3756032K, used 1080842K [0x00000006dac00000, 0x00000007c0000000, 0x00000007c0000000)
 Metaspace       used 42573K, capacity 43892K, committed 44572K, reserved 1087488K
  class space    used 5454K, capacity 5756K, committed 5960K, reserved 1048576K
2020-07-01T08:32:41.253+0200: 400115.896: [GC (Allocation Failure) 2020-07-01T08:32:41.253+0200: 400115.896: [ParNew
Desired survivor size 20971520 bytes, new threshold 1 (max 1)
- age   1:        272 bytes,        272 total
: 327684K->4K(368640K), 0.0129824 secs] 1408526K->1080846K(4124672K), 0.0131050 secs] [Times: user=0.00 sys=0.00, real=0.01 secs] 
Heap after GC invocations=495779 (full 2):
 par new generation   total 368640K, used 4K [0x00000006c1c00000, 0x00000006dac00000, 0x00000006dac00000)
  eden space 327680K,   0% used [0x00000006c1c00000, 0x00000006c1c00000, 0x00000006d5c00000)
  from space 40960K,   0% used [0x00000006d8400000, 0x00000006d8401020, 0x00000006dac00000)
  to   space 40960K,   0% used [0x00000006d5c00000, 0x00000006d5c00000, 0x00000006d8400000)
 concurrent mark-sweep generation total 3756032K, used 1080842K [0x00000006dac00000, 0x00000007c0000000, 0x00000007c0000000)
 Metaspace       used 42573K, capacity 43892K, committed 44572K, reserved 1087488K
  class space    used 5454K, capacity 5756K, committed 5960K, reserved 1048576K
}
2020-07-01T08:32:41.266+0200: 400115.909: Total time for which application threads were stopped: 0.0134446 seconds, Stopping threads took: 0.0001005 seconds
{Heap before GC invocations=495779 (full 2):
 par new generation   total 368640K, used 327684K [0x00000006c1c00000, 0x00000006dac00000, 0x00000006dac00000)
  eden space 327680K, 100% used [0x00000006c1c00000, 0x00000006d5c00000, 0x00000006d5c00000)
  from space 40960K,   0% used [0x00000006d8400000, 0x00000006d8401020, 0x00000006dac00000)
  to   space 40960K,   0% used [0x00000006d5c00000, 0x00000006d5c00000, 0x00000006d8400000)
 concurrent mark-sweep generation total 3756032K, used 1080842K [0x00000006dac00000, 0x00000007c0000000, 0x00000007c0000000)
 Metaspace       used 42573K, capacity 43892K, committed 44572K, reserved 1087488K
  class space    used 5454K, capacity 5756K, committed 5960K, reserved 1048576K
2020-07-01T08:32:41.582+0200: 400116.224: [GC (Allocation Failure) 2020-07-01T08:32:41.582+0200: 400116.224: [ParNew
Desired survivor size 20971520 bytes, new threshold 1 (max 1)
- age   1:        304 bytes,        304 total
: 327684K->4K(368640K), 0.0100750 secs] 1408526K->1080846K(4124672K), 0.0101927 secs] [Times: user=0.01 sys=0.00, real=0.01 secs] 
Heap after GC invocations=495780 (full 2):
 par new generation   total 368640K, used 4K [0x00000006c1c00000, 0x00000006dac00000, 0x00000006dac00000)
  eden space 327680K,   0% used [0x00000006c1c00000, 0x00000006c1c00000, 0x00000006d5c00000)
  from space 40960K,   0% used [0x00000006d5c00000, 0x00000006d5c01020, 0x00000006d8400000)
  to   space 40960K,   0% used [0x00000006d8400000, 0x00000006d8400000, 0x00000006dac00000)
 concurrent mark-sweep generation total 3756032K, used 1080842K [0x00000006dac00000, 0x00000007c0000000, 0x00000007c0000000)
 Metaspace       used 42573K, capacity 43892K, committed 44572K, reserved 1087488K
  class space    used 5454K, capacity 5756K, committed 5960K, reserved 1048576K
}
2020-07-01T08:32:41.592+0200: 400116.235: Total time for which application threads were stopped: 0.0106076 seconds, Stopping threads took: 0.0001661 seconds
{Heap before GC invocations=495780 (full 2):
 par new generation   total 368640K, used 327684K [0x00000006c1c00000, 0x00000006dac00000, 0x00000006dac00000)
  eden space 327680K, 100% used [0x00000006c1c00000, 0x00000006d5c00000, 0x00000006d5c00000)
  from space 40960K,   0% used [0x00000006d5c00000, 0x00000006d5c01020, 0x00000006d8400000)
  to   space 40960K,   0% used [0x00000006d8400000, 0x00000006d8400000, 0x00000006dac00000)
 concurrent mark-sweep generation total 3756032K, used 1080842K [0x00000006dac00000, 0x00000007c0000000, 0x00000007c0000000)
 Metaspace       used 42573K, capacity 43892K, committed 44572K, reserved 1087488K
  class space    used 5454K, capacity 5756K, committed 5960K, reserved 1048576K
2020-07-01T08:32:41.919+0200: 400116.561: [GC (Allocation Failure) 2020-07-01T08:32:41.919+0200: 400116.561: [ParNew
Desired survivor size 20971520 bytes, new threshold 1 (max 1)
- age   1:        240 bytes,        240 total
: 327684K->6K(368640K), 0.0085295 secs] 1408526K->1080848K(4124672K), 0.0086484 secs] [Times: user=0.00 sys=0.00, real=0.00 secs] 
Heap after GC invocations=495781 (full 2):
 par new generation   total 368640K, used 6K [0x00000006c1c00000, 0x00000006dac00000, 0x00000006dac00000)
  eden space 327680K,   0% used [0x00000006c1c00000, 0x00000006c1c00000, 0x00000006d5c00000)
  from space 40960K,   0% used [0x00000006d8400000, 0x00000006d8401830, 0x00000006dac00000)
  to   space 40960K,   0% used [0x00000006d5c00000, 0x00000006d5c00000, 0x00000006d8400000)
 concurrent mark-sweep generation total 3756032K, used 1080842K [0x00000006dac00000, 0x00000007c0000000, 0x00000007c0000000)
 Metaspace       used 42573K, capacity 43892K, committed 44572K, reserved 1087488K
  class space    used 5454K, capacity 5756K, committed 5960K, reserved 1048576K
}
2020-07-01T08:32:41.927+0200: 400116.570: Total time for which application threads were stopped: 0.0090009 seconds, Stopping threads took: 0.0000914 seconds
{Heap before GC invocations=495781 (full 2):
 par new generation   total 368640K, used 327686K [0x00000006c1c00000, 0x00000006dac00000, 0x00000006dac00000)
  eden space 327680K, 100% used [0x00000006c1c00000, 0x00000006d5c00000, 0x00000006d5c00000)
  from space 40960K,   0% used [0x00000006d8400000, 0x00000006d8401830, 0x00000006dac00000)
  to   space 40960K,   0% used [0x00000006d5c00000, 0x00000006d5c00000, 0x00000006d8400000)
 concurrent mark-sweep generation total 3756032K, used 1080842K [0x00000006dac00000, 0x00000007c0000000, 0x00000007c0000000)
 Metaspace       used 42573K, capacity 43892K, committed 44572K, reserved 1087488K
  class space    used 5454K, capacity 5756K, committed 5960K, reserved 1048576K
2020-07-01T08:32:42.271+0200: 400116.914: [GC (Allocation Failure) 2020-07-01T08:32:42.271+0200: 400116.914: [ParNew
Desired survivor size 20971520 bytes, new threshold 1 (max 1)
- age   1:        240 bytes,        240 total
: 327686K->6K(368640K), 0.0057651 secs] 1408528K->1080848K(4124672K), 0.0058923 secs] [Times: user=0.06 sys=0.00, real=0.00 secs] 
Heap after GC invocations=495782 (full 2):
 par new generation   total 368640K, used 6K [0x00000006c1c00000, 0x00000006dac00000, 0x00000006dac00000)
  eden space 327680K,   0% used [0x00000006c1c00000, 0x00000006c1c00000, 0x00000006d5c00000)
  from space 40960K,   0% used [0x00000006d5c00000, 0x00000006d5c01830, 0x00000006d8400000)
  to   space 40960K,   0% used [0x00000006d8400000, 0x00000006d8400000, 0x00000006dac00000)
 concurrent mark-sweep generation total 3756032K, used 1080842K [0x00000006dac00000, 0x00000007c0000000, 0x00000007c0000000)
 Metaspace       used 42573K, capacity 43892K, committed 44572K, reserved 1087488K
  class space    used 5454K, capacity 5756K, committed 5960K, reserved 1048576K
}
2020-07-01T08:32:42.277+0200: 400116.920: Total time for which application threads were stopped: 0.0061947 seconds, Stopping threads took: 0.0000495 seconds
{Heap before GC invocations=495782 (full 2):
 par new generation   total 368640K, used 327686K [0x00000006c1c00000, 0x00000006dac00000, 0x00000006dac00000)
  eden space 327680K, 100% used [0x00000006c1c00000, 0x00000006d5c00000, 0x00000006d5c00000)
  from space 40960K,   0% used [0x00000006d5c00000, 0x00000006d5c01830, 0x00000006d8400000)
  to   space 40960K,   0% used [0x00000006d8400000, 0x00000006d8400000, 0x00000006dac00000)
 concurrent mark-sweep generation total 3756032K, used 1080842K [0x00000006dac00000, 0x00000007c0000000, 0x00000007c0000000)
 Metaspace       used 42573K, capacity 43892K, committed 44572K, reserved 1087488K
  class space    used 5454K, capacity 5756K, committed 5960K, reserved 1048576K
2020-07-01T08:32:42.575+0200: 400117.218: [GC (Allocation Failure) 2020-07-01T08:32:42.575+0200: 400117.218: [ParNew
Desired survivor size 20971520 bytes, new threshold 1 (max 1)
- age   1:        336 bytes,        336 total
: 327686K->2K(368640K), 0.0163307 secs] 1408528K->1080844K(4124672K), 0.0164225 secs] [Times: user=0.03 sys=0.00, real=0.02 secs] 
Heap after GC invocations=495783 (full 2):
 par new generation   total 368640K, used 2K [0x00000006c1c00000, 0x00000006dac00000, 0x00000006dac00000)
  eden space 327680K,   0% used [0x00000006c1c00000, 0x00000006c1c00000, 0x00000006d5c00000)
  from space 40960K,   0% used [0x00000006d8400000, 0x00000006d8400810, 0x00000006dac00000)
  to   space 40960K,   0% used [0x00000006d5c00000, 0x00000006d5c00000, 0x00000006d8400000)
 concurrent mark-sweep generation total 3756032K, used 1080842K [0x00000006dac00000, 0x00000007c0000000, 0x00000007c0000000)
 Metaspace       used 42573K, capacity 43892K, committed 44572K, reserved 1087488K
  class space    used 5454K, capacity 5756K, committed 5960K, reserved 1048576K
}
2020-07-01T08:32:42.592+0200: 400117.235: Total time for which application threads were stopped: 0.0167168 seconds, Stopping threads took: 0.0000578 seconds
{Heap before GC invocations=495783 (full 2):
 par new generation   total 368640K, used 327682K [0x00000006c1c00000, 0x00000006dac00000, 0x00000006dac00000)
  eden space 327680K, 100% used [0x00000006c1c00000, 0x00000006d5c00000, 0x00000006d5c00000)
  from space 40960K,   0% used [0x00000006d8400000, 0x00000006d8400810, 0x00000006dac00000)
  to   space 40960K,   0% used [0x00000006d5c00000, 0x00000006d5c00000, 0x00000006d8400000)
 concurrent mark-sweep generation total 3756032K, used 1080842K [0x00000006dac00000, 0x00000007c0000000, 0x00000007c0000000)
 Metaspace       used 42573K, capacity 43892K, committed 44572K, reserved 1087488K
  class space    used 5454K, capacity 5756K, committed 5960K, reserved 1048576K
2020-07-01T08:32:42.889+0200: 400117.532: [GC (Allocation Failure) 2020-07-01T08:32:42.889+0200: 400117.532: [ParNew
Desired survivor size 20971520 bytes, new threshold 1 (max 1)
- age   1:        240 bytes,        240 total
: 327682K->6K(368640K), 0.0120210 secs] 1408524K->1080848K(4124672K), 0.0121336 secs] [Times: user=0.00 sys=0.00, real=0.01 secs] 
Heap after GC invocations=495784 (full 2):
 par new generation   total 368640K, used 6K [0x00000006c1c00000, 0x00000006dac00000, 0x00000006dac00000)
  eden space 327680K,   0% used [0x00000006c1c00000, 0x00000006c1c00000, 0x00000006d5c00000)
  from space 40960K,   0% used [0x00000006d5c00000, 0x00000006d5c01830, 0x00000006d8400000)
  to   space 40960K,   0% used [0x00000006d8400000, 0x00000006d8400000, 0x00000006dac00000)
 concurrent mark-sweep generation total 3756032K, used 1080842K [0x00000006dac00000, 0x00000007c0000000, 0x00000007c0000000)
 Metaspace       used 42573K, capacity 43892K, committed 44572K, reserved 1087488K
  class space    used 5454K, capacity 5756K, committed 5960K, reserved 1048576K
}
2020-07-01T08:32:42.901+0200: 400117.544: Total time for which application threads were stopped: 0.0125765 seconds, Stopping threads took: 0.0000635 seconds
{Heap before GC invocations=495784 (full 2):
 par new generation   total 368640K, used 327686K [0x00000006c1c00000, 0x00000006dac00000, 0x00000006dac00000)
  eden space 327680K, 100% used [0x00000006c1c00000, 0x00000006d5c00000, 0x00000006d5c00000)
  from space 40960K,   0% used [0x00000006d5c00000, 0x00000006d5c01830, 0x00000006d8400000)
  to   space 40960K,   0% used [0x00000006d8400000, 0x00000006d8400000, 0x00000006dac00000)
 concurrent mark-sweep generation total 3756032K, used 1080842K [0x00000006dac00000, 0x00000007c0000000, 0x00000007c0000000)
 Metaspace       used 42573K, capacity 43892K, committed 44572K, reserved 1087488K
  class space    used 5454K, capacity 5756K, committed 5960K, reserved 1048576K
2020-07-01T08:32:43.225+0200: 400117.868: [GC (Allocation Failure) 2020-07-01T08:32:43.226+0200: 400117.868: [ParNew
Desired survivor size 20971520 bytes, new threshold 1 (max 1)
- age   1:        240 bytes,        240 total
: 327686K->6K(368640K), 0.0106654 secs] 1408528K->1080848K(4124672K), 0.0107671 secs] [Times: user=0.04 sys=0.00, real=0.01 secs] 
Heap after GC invocations=495785 (full 2):
 par new generation   total 368640K, used 6K [0x00000006c1c00000, 0x00000006dac00000, 0x00000006dac00000)
  eden space 327680K,   0% used [0x00000006c1c00000, 0x00000006c1c00000, 0x00000006d5c00000)
  from space 40960K,   0% used [0x00000006d8400000, 0x00000006d8401830, 0x00000006dac00000)
  to   space 40960K,   0% used [0x00000006d5c00000, 0x00000006d5c00000, 0x00000006d8400000)
 concurrent mark-sweep generation total 3756032K, used 1080842K [0x00000006dac00000, 0x00000007c0000000, 0x00000007c0000000)
 Metaspace       used 42573K, capacity 43892K, committed 44572K, reserved 1087488K
  class space    used 5454K, capacity 5756K, committed 5960K, reserved 1048576K
}
2020-07-01T08:32:43.236+0200: 400117.879: Total time for which application threads were stopped: 0.0111508 seconds, Stopping threads took: 0.0000463 seconds
{Heap before GC invocations=495785 (full 2):
 par new generation   total 368640K, used 327686K [0x00000006c1c00000, 0x00000006dac00000, 0x00000006dac00000)
  eden space 327680K, 100% used [0x00000006c1c00000, 0x00000006d5c00000, 0x00000006d5c00000)
  from space 40960K,   0% used [0x00000006d8400000, 0x00000006d8401830, 0x00000006dac00000)
  to   space 40960K,   0% used [0x00000006d5c00000, 0x00000006d5c00000, 0x00000006d8400000)
 concurrent mark-sweep generation total 3756032K, used 1080842K [0x00000006dac00000, 0x00000007c0000000, 0x00000007c0000000)
 Metaspace       used 42573K, capacity 43892K, committed 44572K, reserved 1087488K
  class space    used 5454K, capacity 5756K, committed 5960K, reserved 1048576K
2020-07-01T08:32:43.792+0200: 400118.435: [GC (Allocation Failure) 2020-07-01T08:32:43.792+0200: 400118.435: [ParNew
Desired survivor size 20971520 bytes, new threshold 1 (max 1)
- age   1:        304 bytes,        304 total
: 327686K->2K(368640K), 0.0971246 secs] 1408528K->1080844K(4124672K), 0.0972321 secs] [Times: user=0.03 sys=0.00, real=0.10 secs] 
Heap after GC invocations=495786 (full 2):
 par new generation   total 368640K, used 2K [0x00000006c1c00000, 0x00000006dac00000, 0x00000006dac00000)
  eden space 327680K,   0% used [0x00000006c1c00000, 0x00000006c1c00000, 0x00000006d5c00000)
  from space 40960K,   0% used [0x00000006d5c00000, 0x00000006d5c00810, 0x00000006d8400000)
  to   space 40960K,   0% used [0x00000006d8400000, 0x00000006d8400000, 0x00000006dac00000)
 concurrent mark-sweep generation total 3756032K, used 1080842K [0x00000006dac00000, 0x00000007c0000000, 0x00000007c0000000)
 Metaspace       used 42573K, capacity 43892K, committed 44572K, reserved 1087488K
  class space    used 5454K, capacity 5756K, committed 5960K, reserved 1048576K
}
2020-07-01T08:32:43.889+0200: 400118.532: Total time for which application threads were stopped: 0.0980049 seconds, Stopping threads took: 0.0000567 seconds
{Heap before GC invocations=495786 (full 2):
 par new generation   total 368640K, used 327682K [0x00000006c1c00000, 0x00000006dac00000, 0x00000006dac00000)
  eden space 327680K, 100% used [0x00000006c1c00000, 0x00000006d5c00000, 0x00000006d5c00000)
  from space 40960K,   0% used [0x00000006d5c00000, 0x00000006d5c00810, 0x00000006d8400000)
  to   space 40960K,   0% used [0x00000006d8400000, 0x00000006d8400000, 0x00000006dac00000)
 concurrent mark-sweep generation total 3756032K, used 1080842K [0x00000006dac00000, 0x00000007c0000000, 0x00000007c0000000)
 Metaspace       used 42573K, capacity 43892K, committed 44572K, reserved 1087488K
  class space    used 5454K, capacity 5756K, committed 5960K, reserved 1048576K
2020-07-01T08:32:44.401+0200: 400119.044: [GC (Allocation Failure) 2020-07-01T08:32:44.401+0200: 400119.044: [ParNew
Desired survivor size 20971520 bytes, new threshold 1 (max 1)
- age   1:        240 bytes,        240 total
: 327682K->4K(368640K), 0.0433828 secs] 1408524K->1080847K(4124672K), 0.0435120 secs] [Times: user=0.02 sys=0.00, real=0.04 secs] 
Heap after GC invocations=495787 (full 2):
 par new generation   total 368640K, used 4K [0x00000006c1c00000, 0x00000006dac00000, 0x00000006dac00000)
  eden space 327680K,   0% used [0x00000006c1c00000, 0x00000006c1c00000, 0x00000006d5c00000)
  from space 40960K,   0% used [0x00000006d8400000, 0x00000006d8401020, 0x00000006dac00000)
  to   space 40960K,   0% used [0x00000006d5c00000, 0x00000006d5c00000, 0x00000006d8400000)
 concurrent mark-sweep generation total 3756032K, used 1080842K [0x00000006dac00000, 0x00000007c0000000, 0x00000007c0000000)
 Metaspace       used 42573K, capacity 43892K, committed 44572K, reserved 1087488K
  class space    used 5454K, capacity 5756K, committed 5960K, reserved 1048576K
}
2020-07-01T08:32:44.444+0200: 400119.087: Total time for which application threads were stopped: 0.0446408 seconds, Stopping threads took: 0.0008333 seconds
{Heap before GC invocations=495787 (full 2):
 par new generation   total 368640K, used 327684K [0x00000006c1c00000, 0x00000006dac00000, 0x00000006dac00000)
  eden space 327680K, 100% used [0x00000006c1c00000, 0x00000006d5c00000, 0x00000006d5c00000)
  from space 40960K,   0% used [0x00000006d8400000, 0x00000006d8401020, 0x00000006dac00000)
  to   space 40960K,   0% used [0x00000006d5c00000, 0x00000006d5c00000, 0x00000006d8400000)
 concurrent mark-sweep generation total 3756032K, used 1080842K [0x00000006dac00000, 0x00000007c0000000, 0x00000007c0000000)
 Metaspace       used 42573K, capacity 43892K, committed 44572K, reserved 1087488K
  class space    used 5454K, capacity 5756K, committed 5960K, reserved 1048576K
2020-07-01T08:32:44.830+0200: 400119.472: [GC (Allocation Failure) 2020-07-01T08:32:44.830+0200: 400119.472: [ParNew
Desired survivor size 20971520 bytes, new threshold 1 (max 1)
- age   1:        304 bytes,        304 total
: 327684K->2K(368640K), 0.0254686 secs] 1408527K->1080844K(4124672K), 0.0255723 secs] [Times: user=0.01 sys=0.02, real=0.02 secs] 
Heap after GC invocations=495788 (full 2):
 par new generation   total 368640K, used 2K [0x00000006c1c00000, 0x00000006dac00000, 0x00000006dac00000)
  eden space 327680K,   0% used [0x00000006c1c00000, 0x00000006c1c00000, 0x00000006d5c00000)
  from space 40960K,   0% used [0x00000006d5c00000, 0x00000006d5c00810, 0x00000006d8400000)
  to   space 40960K,   0% used [0x00000006d8400000, 0x00000006d8400000, 0x00000006dac00000)
 concurrent mark-sweep generation total 3756032K, used 1080842K [0x00000006dac00000, 0x00000007c0000000, 0x00000007c0000000)
 Metaspace       used 42573K, capacity 43892K, committed 44572K, reserved 1087488K
  class space    used 5454K, capacity 5756K, committed 5960K, reserved 1048576K
}
2020-07-01T08:32:44.855+0200: 400119.498: Total time for which application threads were stopped: 0.0258485 seconds, Stopping threads took: 0.0000473 seconds
{Heap before GC invocations=495788 (full 2):
 par new generation   total 368640K, used 327682K [0x00000006c1c00000, 0x00000006dac00000, 0x00000006dac00000)
  eden space 327680K, 100% used [0x00000006c1c00000, 0x00000006d5c00000, 0x00000006d5c00000)
  from space 40960K,   0% used [0x00000006d5c00000, 0x00000006d5c00810, 0x00000006d8400000)
  to   space 40960K,   0% used [0x00000006d8400000, 0x00000006d8400000, 0x00000006dac00000)
 concurrent mark-sweep generation total 3756032K, used 1080842K [0x00000006dac00000, 0x00000007c0000000, 0x00000007c0000000)
 Metaspace       used 42573K, capacity 43892K, committed 44572K, reserved 1087488K
  class space    used 5454K, capacity 5756K, committed 5960K, reserved 1048576K
2020-07-01T08:32:45.176+0200: 400119.819: [GC (Allocation Failure) 2020-07-01T08:32:45.176+0200: 400119.819: [ParNew
Desired survivor size 20971520 bytes, new threshold 1 (max 1)
- age   1:        240 bytes,        240 total
: 327682K->2K(368640K), 0.0454423 secs] 1408524K->1080845K(4124672K), 0.0455534 secs] [Times: user=0.00 sys=0.00, real=0.05 secs] 
Heap after GC invocations=495789 (full 2):
 par new generation   total 368640K, used 2K [0x00000006c1c00000, 0x00000006dac00000, 0x00000006dac00000)
  eden space 327680K,   0% used [0x00000006c1c00000, 0x00000006c1c00000, 0x00000006d5c00000)
  from space 40960K,   0% used [0x00000006d8400000, 0x00000006d8400810, 0x00000006dac00000)
  to   space 40960K,   0% used [0x00000006d5c00000, 0x00000006d5c00000, 0x00000006d8400000)
 concurrent mark-sweep generation total 3756032K, used 1080843K [0x00000006dac00000, 0x00000007c0000000, 0x00000007c0000000)
 Metaspace       used 42573K, capacity 43892K, committed 44572K, reserved 1087488K
  class space    used 5454K, capacity 5756K, committed 5960K, reserved 1048576K
}
2020-07-01T08:32:45.222+0200: 400119.864: Total time for which application threads were stopped: 0.0458379 seconds, Stopping threads took: 0.0000469 seconds
{Heap before GC invocations=495789 (full 2):
 par new generation   total 368640K, used 327682K [0x00000006c1c00000, 0x00000006dac00000, 0x00000006dac00000)
  eden space 327680K, 100% used [0x00000006c1c00000, 0x00000006d5c00000, 0x00000006d5c00000)
  from space 40960K,   0% used [0x00000006d8400000, 0x00000006d8400810, 0x00000006dac00000)
  to   space 40960K,   0% used [0x00000006d5c00000, 0x00000006d5c00000, 0x00000006d8400000)
 concurrent mark-sweep generation total 3756032K, used 1080843K [0x00000006dac00000, 0x00000007c0000000, 0x00000007c0000000)
 Metaspace       used 42573K, capacity 43892K, committed 44572K, reserved 1087488K
  class space    used 5454K, capacity 5756K, committed 5960K, reserved 1048576K
2020-07-01T08:32:45.543+0200: 400120.186: [GC (Allocation Failure) 2020-07-01T08:32:45.543+0200: 400120.186: [ParNew
Desired survivor size 20971520 bytes, new threshold 1 (max 1)
- age   1:        272 bytes,        272 total
: 327682K->4K(368640K), 0.0176895 secs] 1408525K->1080847K(4124672K), 0.0178234 secs] [Times: user=0.00 sys=0.00, real=0.02 secs] 
Heap after GC invocations=495790 (full 2):
 par new generation   total 368640K, used 4K [0x00000006c1c00000, 0x00000006dac00000, 0x00000006dac00000)
  eden space 327680K,   0% used [0x00000006c1c00000, 0x00000006c1c00000, 0x00000006d5c00000)
  from space 40960K,   0% used [0x00000006d5c00000, 0x00000006d5c01020, 0x00000006d8400000)
  to   space 40960K,   0% used [0x00000006d8400000, 0x00000006d8400000, 0x00000006dac00000)
 concurrent mark-sweep generation total 3756032K, used 1080843K [0x00000006dac00000, 0x00000007c0000000, 0x00000007c0000000)
 Metaspace       used 42573K, capacity 43892K, committed 44572K, reserved 1087488K
  class space    used 5454K, capacity 5756K, committed 5960K, reserved 1048576K
}
2020-07-01T08:32:45.561+0200: 400120.204: Total time for which application threads were stopped: 0.0181829 seconds, Stopping threads took: 0.0000510 seconds
{Heap before GC invocations=495790 (full 2):
 par new generation   total 368640K, used 327684K [0x00000006c1c00000, 0x00000006dac00000, 0x00000006dac00000)
  eden space 327680K, 100% used [0x00000006c1c00000, 0x00000006d5c00000, 0x00000006d5c00000)
  from space 40960K,   0% used [0x00000006d5c00000, 0x00000006d5c01020, 0x00000006d8400000)
  to   space 40960K,   0% used [0x00000006d8400000, 0x00000006d8400000, 0x00000006dac00000)
 concurrent mark-sweep generation total 3756032K, used 1080843K [0x00000006dac00000, 0x00000007c0000000, 0x00000007c0000000)
 Metaspace       used 42573K, capacity 43892K, committed 44572K, reserved 1087488K
  class space    used 5454K, capacity 5756K, committed 5960K, reserved 1048576K
2020-07-01T08:32:45.868+0200: 400120.511: [GC (Allocation Failure) 2020-07-01T08:32:45.868+0200: 400120.511: [ParNew
Desired survivor size 20971520 bytes, new threshold 1 (max 1)
- age   1:        304 bytes,        304 total
: 327684K->2K(368640K), 0.0243784 secs] 1408527K->1080845K(4124672K), 0.0244890 secs] [Times: user=0.01 sys=0.00, real=0.02 secs] 
Heap after GC invocations=495791 (full 2):
 par new generation   total 368640K, used 2K [0x00000006c1c00000, 0x00000006dac00000, 0x00000006dac00000)
  eden space 327680K,   0% used [0x00000006c1c00000, 0x00000006c1c00000, 0x00000006d5c00000)
  from space 40960K,   0% used [0x00000006d8400000, 0x00000006d8400810, 0x00000006dac00000)
  to   space 40960K,   0% used [0x00000006d5c00000, 0x00000006d5c00000, 0x00000006d8400000)
 concurrent mark-sweep generation total 3756032K, used 1080843K [0x00000006dac00000, 0x00000007c0000000, 0x00000007c0000000)
 Metaspace       used 42573K, capacity 43892K, committed 44572K, reserved 1087488K
  class space    used 5454K, capacity 5756K, committed 5960K, reserved 1048576K
}
2020-07-01T08:32:45.893+0200: 400120.535: Total time for which application threads were stopped: 0.0247995 seconds, Stopping threads took: 0.0000520 seconds
{Heap before GC invocations=495791 (full 2):
 par new generation   total 368640K, used 327682K [0x00000006c1c00000, 0x00000006dac00000, 0x00000006dac00000)
  eden space 327680K, 100% used [0x00000006c1c00000, 0x00000006d5c00000, 0x00000006d5c00000)
  from space 40960K,   0% used [0x00000006d8400000, 0x00000006d8400810, 0x00000006dac00000)
  to   space 40960K,   0% used [0x00000006d5c00000, 0x00000006d5c00000, 0x00000006d8400000)
 concurrent mark-sweep generation total 3756032K, used 1080843K [0x00000006dac00000, 0x00000007c0000000, 0x00000007c0000000)
 Metaspace       used 42573K, capacity 43892K, committed 44572K, reserved 1087488K
  class space    used 5454K, capacity 5756K, committed 5960K, reserved 1048576K
2020-07-01T08:32:46.229+0200: 400120.872: [GC (Allocation Failure) 2020-07-01T08:32:46.229+0200: 400120.872: [ParNew
Desired survivor size 20971520 bytes, new threshold 1 (max 1)
- age   1:        240 bytes,        240 total
: 327682K->2K(368640K), 0.0339592 secs] 1408525K->1080845K(4124672K), 0.0341995 secs] [Times: user=0.01 sys=0.02, real=0.03 secs] 
Heap after GC invocations=495792 (full 2):
 par new generation   total 368640K, used 2K [0x00000006c1c00000, 0x00000006dac00000, 0x00000006dac00000)
  eden space 327680K,   0% used [0x00000006c1c00000, 0x00000006c1c00000, 0x00000006d5c00000)
  from space 40960K,   0% used [0x00000006d5c00000, 0x00000006d5c00810, 0x00000006d8400000)
  to   space 40960K,   0% used [0x00000006d8400000, 0x00000006d8400000, 0x00000006dac00000)
 concurrent mark-sweep generation total 3756032K, used 1080843K [0x00000006dac00000, 0x00000007c0000000, 0x00000007c0000000)
 Metaspace       used 42573K, capacity 43892K, committed 44572K, reserved 1087488K
  class space    used 5454K, capacity 5756K, committed 5960K, reserved 1048576K
}
2020-07-01T08:32:46.264+0200: 400120.906: Total time for which application threads were stopped: 0.0345081 seconds, Stopping threads took: 0.0000517 seconds
{Heap before GC invocations=495792 (full 2):
 par new generation   total 368640K, used 327682K [0x00000006c1c00000, 0x00000006dac00000, 0x00000006dac00000)
  eden space 327680K, 100% used [0x00000006c1c00000, 0x00000006d5c00000, 0x00000006d5c00000)
  from space 40960K,   0% used [0x00000006d5c00000, 0x00000006d5c00810, 0x00000006d8400000)
  to   space 40960K,   0% used [0x00000006d8400000, 0x00000006d8400000, 0x00000006dac00000)
 concurrent mark-sweep generation total 3756032K, used 1080843K [0x00000006dac00000, 0x00000007c0000000, 0x00000007c0000000)
 Metaspace       used 42573K, capacity 43892K, committed 44572K, reserved 1087488K
  class space    used 5454K, capacity 5756K, committed 5960K, reserved 1048576K
2020-07-01T08:32:46.563+0200: 400121.206: [GC (Allocation Failure) 2020-07-01T08:32:46.563+0200: 400121.206: [ParNew
Desired survivor size 20971520 bytes, new threshold 1 (max 1)
- age   1:        240 bytes,        240 total
: 327682K->2K(368640K), 0.0154934 secs] 1408525K->1080845K(4124672K), 0.0156126 secs] [Times: user=0.02 sys=0.00, real=0.02 secs] 
Heap after GC invocations=495793 (full 2):
 par new generation   total 368640K, used 2K [0x00000006c1c00000, 0x00000006dac00000, 0x00000006dac00000)
  eden space 327680K,   0% used [0x00000006c1c00000, 0x00000006c1c00000, 0x00000006d5c00000)
  from space 40960K,   0% used [0x00000006d8400000, 0x00000006d8400810, 0x00000006dac00000)
  to   space 40960K,   0% used [0x00000006d5c00000, 0x00000006d5c00000, 0x00000006d8400000)
 concurrent mark-sweep generation total 3756032K, used 1080843K [0x00000006dac00000, 0x00000007c0000000, 0x00000007c0000000)
 Metaspace       used 42573K, capacity 43892K, committed 44572K, reserved 1087488K
  class space    used 5454K, capacity 5756K, committed 5960K, reserved 1048576K
}
2020-07-01T08:32:46.579+0200: 400121.222: Total time for which application threads were stopped: 0.0158983 seconds, Stopping threads took: 0.0000482 seconds
{Heap before GC invocations=495793 (full 2):
 par new generation   total 368640K, used 327682K [0x00000006c1c00000, 0x00000006dac00000, 0x00000006dac00000)
  eden space 327680K, 100% used [0x00000006c1c00000, 0x00000006d5c00000, 0x00000006d5c00000)
  from space 40960K,   0% used [0x00000006d8400000, 0x00000006d8400810, 0x00000006dac00000)
  to   space 40960K,   0% used [0x00000006d5c00000, 0x00000006d5c00000, 0x00000006d8400000)
 concurrent mark-sweep generation total 3756032K, used 1080843K [0x00000006dac00000, 0x00000007c0000000, 0x00000007c0000000)
 Metaspace       used 42573K, capacity 43892K, committed 44572K, reserved 1087488K
  class space    used 5454K, capacity 5756K, committed 5960K, reserved 1048576K
2020-07-01T08:32:46.888+0200: 400121.530: [GC (Allocation Failure) 2020-07-01T08:32:46.888+0200: 400121.531: [ParNew
Desired survivor size 20971520 bytes, new threshold 1 (max 1)
- age   1:        304 bytes,        304 total
: 327682K->4K(368640K), 0.0092610 secs] 1408525K->1080847K(4124672K), 0.0093889 secs] [Times: user=0.00 sys=0.00, real=0.01 secs] 
Heap after GC invocations=495794 (full 2):
 par new generation   total 368640K, used 4K [0x00000006c1c00000, 0x00000006dac00000, 0x00000006dac00000)
  eden space 327680K,   0% used [0x00000006c1c00000, 0x00000006c1c00000, 0x00000006d5c00000)
  from space 40960K,   0% used [0x00000006d5c00000, 0x00000006d5c01020, 0x00000006d8400000)
  to   space 40960K,   0% used [0x00000006d8400000, 0x00000006d8400000, 0x00000006dac00000)
 concurrent mark-sweep generation total 3756032K, used 1080843K [0x00000006dac00000, 0x00000007c0000000, 0x00000007c0000000)
 Metaspace       used 42573K, capacity 43892K, committed 44572K, reserved 1087488K
  class space    used 5454K, capacity 5756K, committed 5960K, reserved 1048576K
}
2020-07-01T08:32:46.897+0200: 400121.540: Total time for which application threads were stopped: 0.0097645 seconds, Stopping threads took: 0.0000505 seconds
{Heap before GC invocations=495794 (full 2):
 par new generation   total 368640K, used 327684K [0x00000006c1c00000, 0x00000006dac00000, 0x00000006dac00000)
  eden space 327680K, 100% used [0x00000006c1c00000, 0x00000006d5c00000, 0x00000006d5c00000)
  from space 40960K,   0% used [0x00000006d5c00000, 0x00000006d5c01020, 0x00000006d8400000)
  to   space 40960K,   0% used [0x00000006d8400000, 0x00000006d8400000, 0x00000006dac00000)
 concurrent mark-sweep generation total 3756032K, used 1080843K [0x00000006dac00000, 0x00000007c0000000, 0x00000007c0000000)
 Metaspace       used 42573K, capacity 43892K, committed 44572K, reserved 1087488K
  class space    used 5454K, capacity 5756K, committed 5960K, reserved 1048576K
2020-07-01T08:32:47.197+0200: 400121.840: [GC (Allocation Failure) 2020-07-01T08:32:47.197+0200: 400121.840: [ParNew
Desired survivor size 20971520 bytes, new threshold 1 (max 1)
- age   1:        240 bytes,        240 total
: 327684K->4K(368640K), 0.0118290 secs] 1408527K->1080847K(4124672K), 0.0119458 secs] [Times: user=0.03 sys=0.00, real=0.02 secs] 
Heap after GC invocations=495795 (full 2):
 par new generation   total 368640K, used 4K [0x00000006c1c00000, 0x00000006dac00000, 0x00000006dac00000)
  eden space 327680K,   0% used [0x00000006c1c00000, 0x00000006c1c00000, 0x00000006d5c00000)
  from space 40960K,   0% used [0x00000006d8400000, 0x00000006d8401020, 0x00000006dac00000)
  to   space 40960K,   0% used [0x00000006d5c00000, 0x00000006d5c00000, 0x00000006d8400000)
 concurrent mark-sweep generation total 3756032K, used 1080843K [0x00000006dac00000, 0x00000007c0000000, 0x00000007c0000000)
 Metaspace       used 42573K, capacity 43892K, committed 44572K, reserved 1087488K
  class space    used 5454K, capacity 5756K, committed 5960K, reserved 1048576K
}
2020-07-01T08:32:47.209+0200: 400121.852: Total time for which application threads were stopped: 0.0124676 seconds, Stopping threads took: 0.0002616 seconds
{Heap before GC invocations=495795 (full 2):
 par new generation   total 368640K, used 327684K [0x00000006c1c00000, 0x00000006dac00000, 0x00000006dac00000)
  eden space 327680K, 100% used [0x00000006c1c00000, 0x00000006d5c00000, 0x00000006d5c00000)
  from space 40960K,   0% used [0x00000006d8400000, 0x00000006d8401020, 0x00000006dac00000)
  to   space 40960K,   0% used [0x00000006d5c00000, 0x00000006d5c00000, 0x00000006d8400000)
 concurrent mark-sweep generation total 3756032K, used 1080843K [0x00000006dac00000, 0x00000007c0000000, 0x00000007c0000000)
 Metaspace       used 42573K, capacity 43892K, committed 44572K, reserved 1087488K
  class space    used 5454K, capacity 5756K, committed 5960K, reserved 1048576K
2020-07-01T08:32:47.503+0200: 400122.146: [GC (Allocation Failure) 2020-07-01T08:32:47.503+0200: 400122.146: [ParNew
Desired survivor size 20971520 bytes, new threshold 1 (max 1)
- age   1:        272 bytes,        272 total
: 327684K->4K(368640K), 0.0115346 secs] 1408527K->1080847K(4124672K), 0.0116672 secs] [Times: user=0.03 sys=0.00, real=0.01 secs] 
Heap after GC invocations=495796 (full 2):
 par new generation   total 368640K, used 4K [0x00000006c1c00000, 0x00000006dac00000, 0x00000006dac00000)
  eden space 327680K,   0% used [0x00000006c1c00000, 0x00000006c1c00000, 0x00000006d5c00000)
  from space 40960K,   0% used [0x00000006d5c00000, 0x00000006d5c01020, 0x00000006d8400000)
  to   space 40960K,   0% used [0x00000006d8400000, 0x00000006d8400000, 0x00000006dac00000)
 concurrent mark-sweep generation total 3756032K, used 1080843K [0x00000006dac00000, 0x00000007c0000000, 0x00000007c0000000)
 Metaspace       used 42573K, capacity 43892K, committed 44572K, reserved 1087488K
  class space    used 5454K, capacity 5756K, committed 5960K, reserved 1048576K
}
2020-07-01T08:32:47.514+0200: 400122.157: Total time for which application threads were stopped: 0.0121085 seconds, Stopping threads took: 0.0001286 seconds
{Heap before GC invocations=495796 (full 2):
 par new generation   total 368640K, used 327684K [0x00000006c1c00000, 0x00000006dac00000, 0x00000006dac00000)
  eden space 327680K, 100% used [0x00000006c1c00000, 0x00000006d5c00000, 0x00000006d5c00000)
  from space 40960K,   0% used [0x00000006d5c00000, 0x00000006d5c01020, 0x00000006d8400000)
  to   space 40960K,   0% used [0x00000006d8400000, 0x00000006d8400000, 0x00000006dac00000)
 concurrent mark-sweep generation total 3756032K, used 1080843K [0x00000006dac00000, 0x00000007c0000000, 0x00000007c0000000)
 Metaspace       used 42573K, capacity 43892K, committed 44572K, reserved 1087488K
  class space    used 5454K, capacity 5756K, committed 5960K, reserved 1048576K
2020-07-01T08:32:47.812+0200: 400122.455: [GC (Allocation Failure) 2020-07-01T08:32:47.812+0200: 400122.455: [ParNew
Desired survivor size 20971520 bytes, new threshold 1 (max 1)
- age   1:        568 bytes,        568 total
: 327684K->4K(368640K), 0.0131334 secs] 1408527K->1080847K(4124672K), 0.0132669 secs] [Times: user=0.05 sys=0.00, real=0.01 secs] 
Heap after GC invocations=495797 (full 2):
 par new generation   total 368640K, used 4K [0x00000006c1c00000, 0x00000006dac00000, 0x00000006dac00000)
  eden space 327680K,   0% used [0x00000006c1c00000, 0x00000006c1c00000, 0x00000006d5c00000)
  from space 40960K,   0% used [0x00000006d8400000, 0x00000006d8401020, 0x00000006dac00000)
  to   space 40960K,   0% used [0x00000006d5c00000, 0x00000006d5c00000, 0x00000006d8400000)
 concurrent mark-sweep generation total 3756032K, used 1080843K [0x00000006dac00000, 0x00000007c0000000, 0x00000007c0000000)
 Metaspace       used 42573K, capacity 43892K, committed 44572K, reserved 1087488K
  class space    used 5454K, capacity 5756K, committed 5960K, reserved 1048576K
}
2020-07-01T08:32:47.825+0200: 400122.468: Total time for which application threads were stopped: 0.0137715 seconds, Stopping threads took: 0.0002196 seconds
{Heap before GC invocations=495797 (full 2):
 par new generation   total 368640K, used 327684K [0x00000006c1c00000, 0x00000006dac00000, 0x00000006dac00000)
  eden space 327680K, 100% used [0x00000006c1c00000, 0x00000006d5c00000, 0x00000006d5c00000)
  from space 40960K,   0% used [0x00000006d8400000, 0x00000006d8401020, 0x00000006dac00000)
  to   space 40960K,   0% used [0x00000006d5c00000, 0x00000006d5c00000, 0x00000006d8400000)
 concurrent mark-sweep generation total 3756032K, used 1080843K [0x00000006dac00000, 0x00000007c0000000, 0x00000007c0000000)
 Metaspace       used 42573K, capacity 43892K, committed 44572K, reserved 1087488K
  class space    used 5454K, capacity 5756K, committed 5960K, reserved 1048576K
2020-07-01T08:32:48.113+0200: 400122.756: [GC (Allocation Failure) 2020-07-01T08:32:48.113+0200: 400122.756: [ParNew
Desired survivor size 20971520 bytes, new threshold 1 (max 1)
- age   1:        240 bytes,        240 total
: 327684K->4K(368640K), 0.0168918 secs] 1408527K->1080847K(4124672K), 0.0170054 secs] [Times: user=0.02 sys=0.00, real=0.02 secs] 
Heap after GC invocations=495798 (full 2):
 par new generation   total 368640K, used 4K [0x00000006c1c00000, 0x00000006dac00000, 0x00000006dac00000)
  eden space 327680K,   0% used [0x00000006c1c00000, 0x00000006c1c00000, 0x00000006d5c00000)
  from space 40960K,   0% used [0x00000006d5c00000, 0x00000006d5c01020, 0x00000006d8400000)
  to   space 40960K,   0% used [0x00000006d8400000, 0x00000006d8400000, 0x00000006dac00000)
 concurrent mark-sweep generation total 3756032K, used 1080843K [0x00000006dac00000, 0x00000007c0000000, 0x00000007c0000000)
 Metaspace       used 42573K, capacity 43892K, committed 44572K, reserved 1087488K
  class space    used 5454K, capacity 5756K, committed 5960K, reserved 1048576K
}
2020-07-01T08:32:48.130+0200: 400122.773: Total time for which application threads were stopped: 0.0173861 seconds, Stopping threads took: 0.0001317 seconds
{Heap before GC invocations=495798 (full 2):
 par new generation   total 368640K, used 327684K [0x00000006c1c00000, 0x00000006dac00000, 0x00000006dac00000)
  eden space 327680K, 100% used [0x00000006c1c00000, 0x00000006d5c00000, 0x00000006d5c00000)
  from space 40960K,   0% used [0x00000006d5c00000, 0x00000006d5c01020, 0x00000006d8400000)
  to   space 40960K,   0% used [0x00000006d8400000, 0x00000006d8400000, 0x00000006dac00000)
 concurrent mark-sweep generation total 3756032K, used 1080843K [0x00000006dac00000, 0x00000007c0000000, 0x00000007c0000000)
 Metaspace       used 42573K, capacity 43892K, committed 44572K, reserved 1087488K
  class space    used 5454K, capacity 5756K, committed 5960K, reserved 1048576K
2020-07-01T08:32:48.419+0200: 400123.062: [GC (Allocation Failure) 2020-07-01T08:32:48.420+0200: 400123.062: [ParNew
Desired survivor size 20971520 bytes, new threshold 1 (max 1)
- age   1:        240 bytes,        240 total
: 327684K->4K(368640K), 0.0081168 secs] 1408527K->1080847K(4124672K), 0.0082511 secs] [Times: user=0.00 sys=0.00, real=0.01 secs] 
Heap after GC invocations=495799 (full 2):
 par new generation   total 368640K, used 4K [0x00000006c1c00000, 0x00000006dac00000, 0x00000006dac00000)
  eden space 327680K,   0% used [0x00000006c1c00000, 0x00000006c1c00000, 0x00000006d5c00000)
  from space 40960K,   0% used [0x00000006d8400000, 0x00000006d8401020, 0x00000006dac00000)
  to   space 40960K,   0% used [0x00000006d5c00000, 0x00000006d5c00000, 0x00000006d8400000)
 concurrent mark-sweep generation total 3756032K, used 1080843K [0x00000006dac00000, 0x00000007c0000000, 0x00000007c0000000)
 Metaspace       used 42573K, capacity 43892K, committed 44572K, reserved 1087488K
  class space    used 5454K, capacity 5756K, committed 5960K, reserved 1048576K
}
2020-07-01T08:32:48.428+0200: 400123.071: Total time for which application threads were stopped: 0.0086054 seconds, Stopping threads took: 0.0001167 seconds
{Heap before GC invocations=495799 (full 2):
 par new generation   total 368640K, used 327684K [0x00000006c1c00000, 0x00000006dac00000, 0x00000006dac00000)
  eden space 327680K, 100% used [0x00000006c1c00000, 0x00000006d5c00000, 0x00000006d5c00000)
  from space 40960K,   0% used [0x00000006d8400000, 0x00000006d8401020, 0x00000006dac00000)
  to   space 40960K,   0% used [0x00000006d5c00000, 0x00000006d5c00000, 0x00000006d8400000)
 concurrent mark-sweep generation total 3756032K, used 1080843K [0x00000006dac00000, 0x00000007c0000000, 0x00000007c0000000)
 Metaspace       used 42573K, capacity 43892K, committed 44572K, reserved 1087488K
  class space    used 5454K, capacity 5756K, committed 5960K, reserved 1048576K
2020-07-01T08:32:48.722+0200: 400123.365: [GC (Allocation Failure) 2020-07-01T08:32:48.722+0200: 400123.365: [ParNew
Desired survivor size 20971520 bytes, new threshold 1 (max 1)
- age   1:        304 bytes,        304 total
: 327684K->6K(368640K), 0.0089593 secs] 1408527K->1080849K(4124672K), 0.0090893 secs] [Times: user=0.03 sys=0.00, real=0.01 secs] 
Heap after GC invocations=495800 (full 2):
 par new generation   total 368640K, used 6K [0x00000006c1c00000, 0x00000006dac00000, 0x00000006dac00000)
  eden space 327680K,   0% used [0x00000006c1c00000, 0x00000006c1c00000, 0x00000006d5c00000)
  from space 40960K,   0% used [0x00000006d5c00000, 0x00000006d5c01830, 0x00000006d8400000)
  to   space 40960K,   0% used [0x00000006d8400000, 0x00000006d8400000, 0x00000006dac00000)
 concurrent mark-sweep generation total 3756032K, used 1080843K [0x00000006dac00000, 0x00000007c0000000, 0x00000007c0000000)
 Metaspace       used 42573K, capacity 43892K, committed 44572K, reserved 1087488K
  class space    used 5454K, capacity 5756K, committed 5960K, reserved 1048576K
}
2020-07-01T08:32:48.731+0200: 400123.374: Total time for which application threads were stopped: 0.0101496 seconds, Stopping threads took: 0.0007881 seconds
{Heap before GC invocations=495800 (full 2):
 par new generation   total 368640K, used 327686K [0x00000006c1c00000, 0x00000006dac00000, 0x00000006dac00000)
  eden space 327680K, 100% used [0x00000006c1c00000, 0x00000006d5c00000, 0x00000006d5c00000)
  from space 40960K,   0% used [0x00000006d5c00000, 0x00000006d5c01830, 0x00000006d8400000)
  to   space 40960K,   0% used [0x00000006d8400000, 0x00000006d8400000, 0x00000006dac00000)
 concurrent mark-sweep generation total 3756032K, used 1080843K [0x00000006dac00000, 0x00000007c0000000, 0x00000007c0000000)
 Metaspace       used 42573K, capacity 43892K, committed 44572K, reserved 1087488K
  class space    used 5454K, capacity 5756K, committed 5960K, reserved 1048576K
2020-07-01T08:32:49.037+0200: 400123.680: [GC (Allocation Failure) 2020-07-01T08:32:49.037+0200: 400123.680: [ParNew
Desired survivor size 20971520 bytes, new threshold 1 (max 1)
- age   1:        696 bytes,        696 total
: 327686K->4K(368640K), 0.0160168 secs] 1408529K->1080847K(4124672K), 0.0161391 secs] [Times: user=0.03 sys=0.00, real=0.02 secs] 
Heap after GC invocations=495801 (full 2):
 par new generation   total 368640K, used 4K [0x00000006c1c00000, 0x00000006dac00000, 0x00000006dac00000)
  eden space 327680K,   0% used [0x00000006c1c00000, 0x00000006c1c00000, 0x00000006d5c00000)
  from space 40960K,   0% used [0x00000006d8400000, 0x00000006d8401020, 0x00000006dac00000)
  to   space 40960K,   0% used [0x00000006d5c00000, 0x00000006d5c00000, 0x00000006d8400000)
 concurrent mark-sweep generation total 3756032K, used 1080843K [0x00000006dac00000, 0x00000007c0000000, 0x00000007c0000000)
 Metaspace       used 42573K, capacity 43892K, committed 44572K, reserved 1087488K
  class space    used 5454K, capacity 5756K, committed 5960K, reserved 1048576K
}
2020-07-01T08:32:49.053+0200: 400123.696: Total time for which application threads were stopped: 0.0165916 seconds, Stopping threads took: 0.0000514 seconds
{Heap before GC invocations=495801 (full 2):
 par new generation   total 368640K, used 327684K [0x00000006c1c00000, 0x00000006dac00000, 0x00000006dac00000)
  eden space 327680K, 100% used [0x00000006c1c00000, 0x00000006d5c00000, 0x00000006d5c00000)
  from space 40960K,   0% used [0x00000006d8400000, 0x00000006d8401020, 0x00000006dac00000)
  to   space 40960K,   0% used [0x00000006d5c00000, 0x00000006d5c00000, 0x00000006d8400000)
 concurrent mark-sweep generation total 3756032K, used 1080843K [0x00000006dac00000, 0x00000007c0000000, 0x00000007c0000000)
 Metaspace       used 42573K, capacity 43892K, committed 44572K, reserved 1087488K
  class space    used 5454K, capacity 5756K, committed 5960K, reserved 1048576K
2020-07-01T08:32:49.409+0200: 400124.052: [GC (Allocation Failure) 2020-07-01T08:32:49.410+0200: 400124.052: [ParNew
Desired survivor size 20971520 bytes, new threshold 1 (max 1)
- age   1:        240 bytes,        240 total
: 327684K->2K(368640K), 0.0374478 secs] 1408527K->1080846K(4124672K), 0.0375526 secs] [Times: user=0.01 sys=0.00, real=0.03 secs] 
Heap after GC invocations=495802 (full 2):
 par new generation   total 368640K, used 2K [0x00000006c1c00000, 0x00000006dac00000, 0x00000006dac00000)
  eden space 327680K,   0% used [0x00000006c1c00000, 0x00000006c1c00000, 0x00000006d5c00000)
  from space 40960K,   0% used [0x00000006d5c00000, 0x00000006d5c00810, 0x00000006d8400000)
  to   space 40960K,   0% used [0x00000006d8400000, 0x00000006d8400000, 0x00000006dac00000)
 concurrent mark-sweep generation total 3756032K, used 1080844K [0x00000006dac00000, 0x00000007c0000000, 0x00000007c0000000)
 Metaspace       used 42573K, capacity 43892K, committed 44572K, reserved 1087488K
  class space    used 5454K, capacity 5756K, committed 5960K, reserved 1048576K
}
2020-07-01T08:32:49.447+0200: 400124.090: Total time for which application threads were stopped: 0.0378557 seconds, Stopping threads took: 0.0000504 seconds
{Heap before GC invocations=495802 (full 2):
 par new generation   total 368640K, used 327682K [0x00000006c1c00000, 0x00000006dac00000, 0x00000006dac00000)
  eden space 327680K, 100% used [0x00000006c1c00000, 0x00000006d5c00000, 0x00000006d5c00000)
  from space 40960K,   0% used [0x00000006d5c00000, 0x00000006d5c00810, 0x00000006d8400000)
  to   space 40960K,   0% used [0x00000006d8400000, 0x00000006d8400000, 0x00000006dac00000)
 concurrent mark-sweep generation total 3756032K, used 1080844K [0x00000006dac00000, 0x00000007c0000000, 0x00000007c0000000)
 Metaspace       used 42573K, capacity 43892K, committed 44572K, reserved 1087488K
  class space    used 5454K, capacity 5756K, committed 5960K, reserved 1048576K
2020-07-01T08:32:49.882+0200: 400124.525: [GC (Allocation Failure) 2020-07-01T08:32:49.882+0200: 400124.525: [ParNew
Desired survivor size 20971520 bytes, new threshold 1 (max 1)
- age   1:        336 bytes,        336 total
: 327682K->2K(368640K), 0.0212958 secs] 1408526K->1080846K(4124672K), 0.0213966 secs] [Times: user=0.01 sys=0.00, real=0.02 secs] 
Heap after GC invocations=495803 (full 2):
 par new generation   total 368640K, used 2K [0x00000006c1c00000, 0x00000006dac00000, 0x00000006dac00000)
  eden space 327680K,   0% used [0x00000006c1c00000, 0x00000006c1c00000, 0x00000006d5c00000)
  from space 40960K,   0% used [0x00000006d8400000, 0x00000006d8400810, 0x00000006dac00000)
  to   space 40960K,   0% used [0x00000006d5c00000, 0x00000006d5c00000, 0x00000006d8400000)
 concurrent mark-sweep generation total 3756032K, used 1080844K [0x00000006dac00000, 0x00000007c0000000, 0x00000007c0000000)
 Metaspace       used 42573K, capacity 43892K, committed 44572K, reserved 1087488K
  class space    used 5454K, capacity 5756K, committed 5960K, reserved 1048576K
}
2020-07-01T08:32:49.904+0200: 400124.547: Total time for which application threads were stopped: 0.0217702 seconds, Stopping threads took: 0.0000972 seconds
{Heap before GC invocations=495803 (full 2):
 par new generation   total 368640K, used 327682K [0x00000006c1c00000, 0x00000006dac00000, 0x00000006dac00000)
  eden space 327680K, 100% used [0x00000006c1c00000, 0x00000006d5c00000, 0x00000006d5c00000)
  from space 40960K,   0% used [0x00000006d8400000, 0x00000006d8400810, 0x00000006dac00000)
  to   space 40960K,   0% used [0x00000006d5c00000, 0x00000006d5c00000, 0x00000006d8400000)
 concurrent mark-sweep generation total 3756032K, used 1080844K [0x00000006dac00000, 0x00000007c0000000, 0x00000007c0000000)
 Metaspace       used 42573K, capacity 43892K, committed 44572K, reserved 1087488K
  class space    used 5454K, capacity 5756K, committed 5960K, reserved 1048576K
2020-07-01T08:32:50.263+0200: 400124.905: [GC (Allocation Failure) 2020-07-01T08:32:50.263+0200: 400124.905: [ParNew
Desired survivor size 20971520 bytes, new threshold 1 (max 1)
- age   1:        240 bytes,        240 total
: 327682K->2K(368640K), 0.0419310 secs] 1408526K->1080846K(4124672K), 0.0420415 secs] [Times: user=0.01 sys=0.00, real=0.04 secs] 
Heap after GC invocations=495804 (full 2):
 par new generation   total 368640K, used 2K [0x00000006c1c00000, 0x00000006dac00000, 0x00000006dac00000)
  eden space 327680K,   0% used [0x00000006c1c00000, 0x00000006c1c00000, 0x00000006d5c00000)
  from space 40960K,   0% used [0x00000006d5c00000, 0x00000006d5c00810, 0x00000006d8400000)
  to   space 40960K,   0% used [0x00000006d8400000, 0x00000006d8400000, 0x00000006dac00000)
 concurrent mark-sweep generation total 3756032K, used 1080844K [0x00000006dac00000, 0x00000007c0000000, 0x00000007c0000000)
 Metaspace       used 42573K, capacity 43892K, committed 44572K, reserved 1087488K
  class space    used 5454K, capacity 5756K, committed 5960K, reserved 1048576K
}
2020-07-01T08:32:50.305+0200: 400124.948: Total time for which application threads were stopped: 0.0439900 seconds, Stopping threads took: 0.0016811 seconds
{Heap before GC invocations=495804 (full 2):
 par new generation   total 368640K, used 327682K [0x00000006c1c00000, 0x00000006dac00000, 0x00000006dac00000)
  eden space 327680K, 100% used [0x00000006c1c00000, 0x00000006d5c00000, 0x00000006d5c00000)
  from space 40960K,   0% used [0x00000006d5c00000, 0x00000006d5c00810, 0x00000006d8400000)
  to   space 40960K,   0% used [0x00000006d8400000, 0x00000006d8400000, 0x00000006dac00000)
 concurrent mark-sweep generation total 3756032K, used 1080844K [0x00000006dac00000, 0x00000007c0000000, 0x00000007c0000000)
 Metaspace       used 42573K, capacity 43892K, committed 44572K, reserved 1087488K
  class space    used 5454K, capacity 5756K, committed 5960K, reserved 1048576K
2020-07-01T08:32:50.723+0200: 400125.366: [GC (Allocation Failure) 2020-07-01T08:32:50.723+0200: 400125.366: [ParNew
Desired survivor size 20971520 bytes, new threshold 1 (max 1)
- age   1:        336 bytes,        336 total
: 327682K->2K(368640K), 0.0458892 secs] 1408526K->1080846K(4124672K), 0.0459921 secs] [Times: user=0.01 sys=0.00, real=0.05 secs] 
Heap after GC invocations=495805 (full 2):
 par new generation   total 368640K, used 2K [0x00000006c1c00000, 0x00000006dac00000, 0x00000006dac00000)
  eden space 327680K,   0% used [0x00000006c1c00000, 0x00000006c1c00000, 0x00000006d5c00000)
  from space 40960K,   0% used [0x00000006d8400000, 0x00000006d8400810, 0x00000006dac00000)
  to   space 40960K,   0% used [0x00000006d5c00000, 0x00000006d5c00000, 0x00000006d8400000)
 concurrent mark-sweep generation total 3756032K, used 1080844K [0x00000006dac00000, 0x00000007c0000000, 0x00000007c0000000)
 Metaspace       used 42573K, capacity 43892K, committed 44572K, reserved 1087488K
  class space    used 5454K, capacity 5756K, committed 5960K, reserved 1048576K
}
2020-07-01T08:32:50.773+0200: 400125.416: Total time for which application threads were stopped: 0.0498795 seconds, Stopping threads took: 0.0000489 seconds
{Heap before GC invocations=495805 (full 2):
 par new generation   total 368640K, used 327682K [0x00000006c1c00000, 0x00000006dac00000, 0x00000006dac00000)
  eden space 327680K, 100% used [0x00000006c1c00000, 0x00000006d5c00000, 0x00000006d5c00000)
  from space 40960K,   0% used [0x00000006d8400000, 0x00000006d8400810, 0x00000006dac00000)
  to   space 40960K,   0% used [0x00000006d5c00000, 0x00000006d5c00000, 0x00000006d8400000)
 concurrent mark-sweep generation total 3756032K, used 1080844K [0x00000006dac00000, 0x00000007c0000000, 0x00000007c0000000)
 Metaspace       used 42573K, capacity 43892K, committed 44572K, reserved 1087488K
  class space    used 5454K, capacity 5756K, committed 5960K, reserved 1048576K
2020-07-01T08:32:51.132+0200: 400125.774: [GC (Allocation Failure) 2020-07-01T08:32:51.132+0200: 400125.774: [ParNew
Desired survivor size 20971520 bytes, new threshold 1 (max 1)
- age   1:        272 bytes,        272 total
: 327682K->4K(368640K), 0.0113033 secs] 1408526K->1080848K(4124672K), 0.0114424 secs] [Times: user=0.03 sys=0.00, real=0.01 secs] 
Heap after GC invocations=495806 (full 2):
 par new generation   total 368640K, used 4K [0x00000006c1c00000, 0x00000006dac00000, 0x00000006dac00000)
  eden space 327680K,   0% used [0x00000006c1c00000, 0x00000006c1c00000, 0x00000006d5c00000)
  from space 40960K,   0% used [0x00000006d5c00000, 0x00000006d5c01020, 0x00000006d8400000)
  to   space 40960K,   0% used [0x00000006d8400000, 0x00000006d8400000, 0x00000006dac00000)
 concurrent mark-sweep generation total 3756032K, used 1080844K [0x00000006dac00000, 0x00000007c0000000, 0x00000007c0000000)
 Metaspace       used 42573K, capacity 43892K, committed 44572K, reserved 1087488K
  class space    used 5454K, capacity 5756K, committed 5960K, reserved 1048576K
}
2020-07-01T08:32:51.143+0200: 400125.786: Total time for which application threads were stopped: 0.0122167 seconds, Stopping threads took: 0.0005130 seconds
{Heap before GC invocations=495806 (full 2):
 par new generation   total 368640K, used 327684K [0x00000006c1c00000, 0x00000006dac00000, 0x00000006dac00000)
  eden space 327680K, 100% used [0x00000006c1c00000, 0x00000006d5c00000, 0x00000006d5c00000)
  from space 40960K,   0% used [0x00000006d5c00000, 0x00000006d5c01020, 0x00000006d8400000)
  to   space 40960K,   0% used [0x00000006d8400000, 0x00000006d8400000, 0x00000006dac00000)
 concurrent mark-sweep generation total 3756032K, used 1080844K [0x00000006dac00000, 0x00000007c0000000, 0x00000007c0000000)
 Metaspace       used 42573K, capacity 43892K, committed 44572K, reserved 1087488K
  class space    used 5454K, capacity 5756K, committed 5960K, reserved 1048576K
2020-07-01T08:32:51.452+0200: 400126.095: [GC (Allocation Failure) 2020-07-01T08:32:51.452+0200: 400126.095: [ParNew
Desired survivor size 20971520 bytes, new threshold 1 (max 1)
- age   1:        240 bytes,        240 total
: 327684K->2K(368640K), 0.0138293 secs] 1408528K->1080846K(4124672K), 0.0139509 secs] [Times: user=0.03 sys=0.00, real=0.01 secs] 
Heap after GC invocations=495807 (full 2):
 par new generation   total 368640K, used 2K [0x00000006c1c00000, 0x00000006dac00000, 0x00000006dac00000)
  eden space 327680K,   0% used [0x00000006c1c00000, 0x00000006c1c00000, 0x00000006d5c00000)
  from space 40960K,   0% used [0x00000006d8400000, 0x00000006d8400810, 0x00000006dac00000)
  to   space 40960K,   0% used [0x00000006d5c00000, 0x00000006d5c00000, 0x00000006d8400000)
 concurrent mark-sweep generation total 3756032K, used 1080844K [0x00000006dac00000, 0x00000007c0000000, 0x00000007c0000000)
 Metaspace       used 42573K, capacity 43892K, committed 44572K, reserved 1087488K
  class space    used 5454K, capacity 5756K, committed 5960K, reserved 1048576K
}
2020-07-01T08:32:51.466+0200: 400126.109: Total time for which application threads were stopped: 0.0149488 seconds, Stopping threads took: 0.0000813 seconds
{Heap before GC invocations=495807 (full 2):
 par new generation   total 368640K, used 327682K [0x00000006c1c00000, 0x00000006dac00000, 0x00000006dac00000)
  eden space 327680K, 100% used [0x00000006c1c00000, 0x00000006d5c00000, 0x00000006d5c00000)
  from space 40960K,   0% used [0x00000006d8400000, 0x00000006d8400810, 0x00000006dac00000)
  to   space 40960K,   0% used [0x00000006d5c00000, 0x00000006d5c00000, 0x00000006d8400000)
 concurrent mark-sweep generation total 3756032K, used 1080844K [0x00000006dac00000, 0x00000007c0000000, 0x00000007c0000000)
 Metaspace       used 42573K, capacity 43892K, committed 44572K, reserved 1087488K
  class space    used 5454K, capacity 5756K, committed 5960K, reserved 1048576K
2020-07-01T08:32:51.801+0200: 400126.444: [GC (Allocation Failure) 2020-07-01T08:32:51.801+0200: 400126.444: [ParNew
Desired survivor size 20971520 bytes, new threshold 1 (max 1)
- age   1:        304 bytes,        304 total
: 327682K->2K(368640K), 0.0186045 secs] 1408526K->1080846K(4124672K), 0.0187280 secs] [Times: user=0.02 sys=0.00, real=0.02 secs] 
Heap after GC invocations=495808 (full 2):
 par new generation   total 368640K, used 2K [0x00000006c1c00000, 0x00000006dac00000, 0x00000006dac00000)
  eden space 327680K,   0% used [0x00000006c1c00000, 0x00000006c1c00000, 0x00000006d5c00000)
  from space 40960K,   0% used [0x00000006d5c00000, 0x00000006d5c00810, 0x00000006d8400000)
  to   space 40960K,   0% used [0x00000006d8400000, 0x00000006d8400000, 0x00000006dac00000)
 concurrent mark-sweep generation total 3756032K, used 1080844K [0x00000006dac00000, 0x00000007c0000000, 0x00000007c0000000)
 Metaspace       used 42573K, capacity 43892K, committed 44572K, reserved 1087488K
  class space    used 5454K, capacity 5756K, committed 5960K, reserved 1048576K
}
2020-07-01T08:32:51.820+0200: 400126.462: Total time for which application threads were stopped: 0.0190145 seconds, Stopping threads took: 0.0000512 seconds
{Heap before GC invocations=495808 (full 2):
 par new generation   total 368640K, used 327682K [0x00000006c1c00000, 0x00000006dac00000, 0x00000006dac00000)
  eden space 327680K, 100% used [0x00000006c1c00000, 0x00000006d5c00000, 0x00000006d5c00000)
  from space 40960K,   0% used [0x00000006d5c00000, 0x00000006d5c00810, 0x00000006d8400000)
  to   space 40960K,   0% used [0x00000006d8400000, 0x00000006d8400000, 0x00000006dac00000)
 concurrent mark-sweep generation total 3756032K, used 1080844K [0x00000006dac00000, 0x00000007c0000000, 0x00000007c0000000)
 Metaspace       used 42573K, capacity 43892K, committed 44572K, reserved 1087488K
  class space    used 5454K, capacity 5756K, committed 5960K, reserved 1048576K
2020-07-01T08:32:52.157+0200: 400126.800: [GC (Allocation Failure) 2020-07-01T08:32:52.157+0200: 400126.800: [ParNew
Desired survivor size 20971520 bytes, new threshold 1 (max 1)
- age   1:        240 bytes,        240 total
: 327682K->2K(368640K), 0.0339664 secs] 1408526K->1080846K(4124672K), 0.0340942 secs] [Times: user=0.02 sys=0.00, real=0.04 secs] 
Heap after GC invocations=495809 (full 2):
 par new generation   total 368640K, used 2K [0x00000006c1c00000, 0x00000006dac00000, 0x00000006dac00000)
  eden space 327680K,   0% used [0x00000006c1c00000, 0x00000006c1c00000, 0x00000006d5c00000)
  from space 40960K,   0% used [0x00000006d8400000, 0x00000006d8400810, 0x00000006dac00000)
  to   space 40960K,   0% used [0x00000006d5c00000, 0x00000006d5c00000, 0x00000006d8400000)
 concurrent mark-sweep generation total 3756032K, used 1080844K [0x00000006dac00000, 0x00000007c0000000, 0x00000007c0000000)
 Metaspace       used 42573K, capacity 43892K, committed 44572K, reserved 1087488K
  class space    used 5454K, capacity 5756K, committed 5960K, reserved 1048576K
}
2020-07-01T08:32:52.192+0200: 400126.834: Total time for which application threads were stopped: 0.0344564 seconds, Stopping threads took: 0.0000489 seconds
{Heap before GC invocations=495809 (full 2):
 par new generation   total 368640K, used 327682K [0x00000006c1c00000, 0x00000006dac00000, 0x00000006dac00000)
  eden space 327680K, 100% used [0x00000006c1c00000, 0x00000006d5c00000, 0x00000006d5c00000)
  from space 40960K,   0% used [0x00000006d8400000, 0x00000006d8400810, 0x00000006dac00000)
  to   space 40960K,   0% used [0x00000006d5c00000, 0x00000006d5c00000, 0x00000006d8400000)
 concurrent mark-sweep generation total 3756032K, used 1080844K [0x00000006dac00000, 0x00000007c0000000, 0x00000007c0000000)
 Metaspace       used 42573K, capacity 43892K, committed 44572K, reserved 1087488K
  class space    used 5454K, capacity 5756K, committed 5960K, reserved 1048576K
2020-07-01T08:32:52.544+0200: 400127.187: [GC (Allocation Failure) 2020-07-01T08:32:52.544+0200: 400127.187: [ParNew
Desired survivor size 20971520 bytes, new threshold 1 (max 1)
- age   1:        272 bytes,        272 total
: 327682K->4K(368640K), 0.0138788 secs] 1408526K->1080848K(4124672K), 0.0139986 secs] [Times: user=0.02 sys=0.02, real=0.02 secs] 
Heap after GC invocations=495810 (full 2):
 par new generation   total 368640K, used 4K [0x00000006c1c00000, 0x00000006dac00000, 0x00000006dac00000)
  eden space 327680K,   0% used [0x00000006c1c00000, 0x00000006c1c00000, 0x00000006d5c00000)
  from space 40960K,   0% used [0x00000006d5c00000, 0x00000006d5c01020, 0x00000006d8400000)
  to   space 40960K,   0% used [0x00000006d8400000, 0x00000006d8400000, 0x00000006dac00000)
 concurrent mark-sweep generation total 3756032K, used 1080844K [0x00000006dac00000, 0x00000007c0000000, 0x00000007c0000000)
 Metaspace       used 42573K, capacity 43892K, committed 44572K, reserved 1087488K
  class space    used 5454K, capacity 5756K, committed 5960K, reserved 1048576K
}
2020-07-01T08:32:52.558+0200: 400127.201: Total time for which application threads were stopped: 0.0143865 seconds, Stopping threads took: 0.0001067 seconds
{Heap before GC invocations=495810 (full 2):
 par new generation   total 368640K, used 327684K [0x00000006c1c00000, 0x00000006dac00000, 0x00000006dac00000)
  eden space 327680K, 100% used [0x00000006c1c00000, 0x00000006d5c00000, 0x00000006d5c00000)
  from space 40960K,   0% used [0x00000006d5c00000, 0x00000006d5c01020, 0x00000006d8400000)
  to   space 40960K,   0% used [0x00000006d8400000, 0x00000006d8400000, 0x00000006dac00000)
 concurrent mark-sweep generation total 3756032K, used 1080844K [0x00000006dac00000, 0x00000007c0000000, 0x00000007c0000000)
 Metaspace       used 42573K, capacity 43892K, committed 44572K, reserved 1087488K
  class space    used 5454K, capacity 5756K, committed 5960K, reserved 1048576K
2020-07-01T08:32:52.914+0200: 400127.557: [GC (Allocation Failure) 2020-07-01T08:32:52.914+0200: 400127.557: [ParNew
Desired survivor size 20971520 bytes, new threshold 1 (max 1)
- age   1:        304 bytes,        304 total
: 327684K->4K(368640K), 0.0129822 secs] 1408528K->1080848K(4124672K), 0.0131116 secs] [Times: user=0.03 sys=0.00, real=0.01 secs] 
Heap after GC invocations=495811 (full 2):
 par new generation   total 368640K, used 4K [0x00000006c1c00000, 0x00000006dac00000, 0x00000006dac00000)
  eden space 327680K,   0% used [0x00000006c1c00000, 0x00000006c1c00000, 0x00000006d5c00000)
  from space 40960K,   0% used [0x00000006d8400000, 0x00000006d8401020, 0x00000006dac00000)
  to   space 40960K,   0% used [0x00000006d5c00000, 0x00000006d5c00000, 0x00000006d8400000)
 concurrent mark-sweep generation total 3756032K, used 1080844K [0x00000006dac00000, 0x00000007c0000000, 0x00000007c0000000)
 Metaspace       used 42573K, capacity 43892K, committed 44572K, reserved 1087488K
  class space    used 5454K, capacity 5756K, committed 5960K, reserved 1048576K
}
2020-07-01T08:32:52.927+0200: 400127.570: Total time for which application threads were stopped: 0.0134524 seconds, Stopping threads took: 0.0000697 seconds
{Heap before GC invocations=495811 (full 2):
 par new generation   total 368640K, used 327684K [0x00000006c1c00000, 0x00000006dac00000, 0x00000006dac00000)
  eden space 327680K, 100% used [0x00000006c1c00000, 0x00000006d5c00000, 0x00000006d5c00000)
  from space 40960K,   0% used [0x00000006d8400000, 0x00000006d8401020, 0x00000006dac00000)
  to   space 40960K,   0% used [0x00000006d5c00000, 0x00000006d5c00000, 0x00000006d8400000)
 concurrent mark-sweep generation total 3756032K, used 1080844K [0x00000006dac00000, 0x00000007c0000000, 0x00000007c0000000)
 Metaspace       used 42573K, capacity 43892K, committed 44572K, reserved 1087488K
  class space    used 5454K, capacity 5756K, committed 5960K, reserved 1048576K
2020-07-01T08:32:53.245+0200: 400127.887: [GC (Allocation Failure) 2020-07-01T08:32:53.245+0200: 400127.888: [ParNew
Desired survivor size 20971520 bytes, new threshold 1 (max 1)
- age   1:        272 bytes,        272 total
: 327684K->4K(368640K), 0.0082800 secs] 1408528K->1080848K(4124672K), 0.0084128 secs] [Times: user=0.04 sys=0.00, real=0.01 secs] 
Heap after GC invocations=495812 (full 2):
 par new generation   total 368640K, used 4K [0x00000006c1c00000, 0x00000006dac00000, 0x00000006dac00000)
  eden space 327680K,   0% used [0x00000006c1c00000, 0x00000006c1c00000, 0x00000006d5c00000)
  from space 40960K,   0% used [0x00000006d5c00000, 0x00000006d5c01020, 0x00000006d8400000)
  to   space 40960K,   0% used [0x00000006d8400000, 0x00000006d8400000, 0x00000006dac00000)
 concurrent mark-sweep generation total 3756032K, used 1080844K [0x00000006dac00000, 0x00000007c0000000, 0x00000007c0000000)
 Metaspace       used 42573K, capacity 43892K, committed 44572K, reserved 1087488K
  class space    used 5454K, capacity 5756K, committed 5960K, reserved 1048576K
}
2020-07-01T08:32:53.253+0200: 400127.896: Total time for which application threads were stopped: 0.0088498 seconds, Stopping threads took: 0.0001783 seconds
{Heap before GC invocations=495812 (full 2):
 par new generation   total 368640K, used 327684K [0x00000006c1c00000, 0x00000006dac00000, 0x00000006dac00000)
  eden space 327680K, 100% used [0x00000006c1c00000, 0x00000006d5c00000, 0x00000006d5c00000)
  from space 40960K,   0% used [0x00000006d5c00000, 0x00000006d5c01020, 0x00000006d8400000)
  to   space 40960K,   0% used [0x00000006d8400000, 0x00000006d8400000, 0x00000006dac00000)
 concurrent mark-sweep generation total 3756032K, used 1080844K [0x00000006dac00000, 0x00000007c0000000, 0x00000007c0000000)
 Metaspace       used 42573K, capacity 43892K, committed 44572K, reserved 1087488K
  class space    used 5454K, capacity 5756K, committed 5960K, reserved 1048576K
2020-07-01T08:32:53.984+0200: 400128.627: [GC (Allocation Failure) 2020-07-01T08:32:53.984+0200: 400128.627: [ParNew
Desired survivor size 20971520 bytes, new threshold 1 (max 1)
- age   1:        304 bytes,        304 total
: 327684K->2K(368640K), 0.1519952 secs] 1408528K->1080846K(4124672K), 0.1521148 secs] [Times: user=0.00 sys=0.00, real=0.15 secs] 
Heap after GC invocations=495813 (full 2):
 par new generation   total 368640K, used 2K [0x00000006c1c00000, 0x00000006dac00000, 0x00000006dac00000)
  eden space 327680K,   0% used [0x00000006c1c00000, 0x00000006c1c00000, 0x00000006d5c00000)
  from space 40960K,   0% used [0x00000006d8400000, 0x00000006d8400810, 0x00000006dac00000)
  to   space 40960K,   0% used [0x00000006d5c00000, 0x00000006d5c00000, 0x00000006d8400000)
 concurrent mark-sweep generation total 3756032K, used 1080844K [0x00000006dac00000, 0x00000007c0000000, 0x00000007c0000000)
 Metaspace       used 42573K, capacity 43892K, committed 44572K, reserved 1087488K
  class space    used 5454K, capacity 5756K, committed 5960K, reserved 1048576K
}
2020-07-01T08:32:54.137+0200: 400128.779: Total time for which application threads were stopped: 0.1524039 seconds, Stopping threads took: 0.0000479 seconds
{Heap before GC invocations=495813 (full 2):
 par new generation   total 368640K, used 327682K [0x00000006c1c00000, 0x00000006dac00000, 0x00000006dac00000)
  eden space 327680K, 100% used [0x00000006c1c00000, 0x00000006d5c00000, 0x00000006d5c00000)
  from space 40960K,   0% used [0x00000006d8400000, 0x00000006d8400810, 0x00000006dac00000)
  to   space 40960K,   0% used [0x00000006d5c00000, 0x00000006d5c00000, 0x00000006d8400000)
 concurrent mark-sweep generation total 3756032K, used 1080844K [0x00000006dac00000, 0x00000007c0000000, 0x00000007c0000000)
 Metaspace       used 42573K, capacity 43892K, committed 44572K, reserved 1087488K
  class space    used 5454K, capacity 5756K, committed 5960K, reserved 1048576K
2020-07-01T08:32:54.545+0200: 400129.188: [GC (Allocation Failure) 2020-07-01T08:32:54.545+0200: 400129.188: [ParNew
Desired survivor size 20971520 bytes, new threshold 1 (max 1)
- age   1:        240 bytes,        240 total
: 327682K->4K(368640K), 0.0227302 secs] 1408526K->1080848K(4124672K), 0.0228524 secs] [Times: user=0.04 sys=0.00, real=0.03 secs] 
Heap after GC invocations=495814 (full 2):
 par new generation   total 368640K, used 4K [0x00000006c1c00000, 0x00000006dac00000, 0x00000006dac00000)
  eden space 327680K,   0% used [0x00000006c1c00000, 0x00000006c1c00000, 0x00000006d5c00000)
  from space 40960K,   0% used [0x00000006d5c00000, 0x00000006d5c01020, 0x00000006d8400000)
  to   space 40960K,   0% used [0x00000006d8400000, 0x00000006d8400000, 0x00000006dac00000)
 concurrent mark-sweep generation total 3756032K, used 1080844K [0x00000006dac00000, 0x00000007c0000000, 0x00000007c0000000)
 Metaspace       used 42573K, capacity 43892K, committed 44572K, reserved 1087488K
  class space    used 5454K, capacity 5756K, committed 5960K, reserved 1048576K
}
2020-07-01T08:32:54.568+0200: 400129.211: Total time for which application threads were stopped: 0.0231480 seconds, Stopping threads took: 0.0000608 seconds
{Heap before GC invocations=495814 (full 2):
 par new generation   total 368640K, used 327684K [0x00000006c1c00000, 0x00000006dac00000, 0x00000006dac00000)
  eden space 327680K, 100% used [0x00000006c1c00000, 0x00000006d5c00000, 0x00000006d5c00000)
  from space 40960K,   0% used [0x00000006d5c00000, 0x00000006d5c01020, 0x00000006d8400000)
  to   space 40960K,   0% used [0x00000006d8400000, 0x00000006d8400000, 0x00000006dac00000)
 concurrent mark-sweep generation total 3756032K, used 1080844K [0x00000006dac00000, 0x00000007c0000000, 0x00000007c0000000)
 Metaspace       used 42573K, capacity 43892K, committed 44572K, reserved 1087488K
  class space    used 5454K, capacity 5756K, committed 5960K, reserved 1048576K
2020-07-01T08:32:54.875+0200: 400129.518: [GC (Allocation Failure) 2020-07-01T08:32:54.875+0200: 400129.518: [ParNew
Desired survivor size 20971520 bytes, new threshold 1 (max 1)
- age   1:        304 bytes,        304 total
: 327684K->2K(368640K), 0.0137982 secs] 1408528K->1080846K(4124672K), 0.0139168 secs] [Times: user=0.01 sys=0.00, real=0.02 secs] 
Heap after GC invocations=495815 (full 2):
 par new generation   total 368640K, used 2K [0x00000006c1c00000, 0x00000006dac00000, 0x00000006dac00000)
  eden space 327680K,   0% used [0x00000006c1c00000, 0x00000006c1c00000, 0x00000006d5c00000)
  from space 40960K,   0% used [0x00000006d8400000, 0x00000006d8400810, 0x00000006dac00000)
  to   space 40960K,   0% used [0x00000006d5c00000, 0x00000006d5c00000, 0x00000006d8400000)
 concurrent mark-sweep generation total 3756032K, used 1080844K [0x00000006dac00000, 0x00000007c0000000, 0x00000007c0000000)
 Metaspace       used 42573K, capacity 43892K, committed 44572K, reserved 1087488K
  class space    used 5454K, capacity 5756K, committed 5960K, reserved 1048576K
}
2020-07-01T08:32:54.889+0200: 400129.532: Total time for which application threads were stopped: 0.0185627 seconds, Stopping threads took: 0.0043855 seconds
{Heap before GC invocations=495815 (full 2):
 par new generation   total 368640K, used 327682K [0x00000006c1c00000, 0x00000006dac00000, 0x00000006dac00000)
  eden space 327680K, 100% used [0x00000006c1c00000, 0x00000006d5c00000, 0x00000006d5c00000)
  from space 40960K,   0% used [0x00000006d8400000, 0x00000006d8400810, 0x00000006dac00000)
  to   space 40960K,   0% used [0x00000006d5c00000, 0x00000006d5c00000, 0x00000006d8400000)
 concurrent mark-sweep generation total 3756032K, used 1080844K [0x00000006dac00000, 0x00000007c0000000, 0x00000007c0000000)
 Metaspace       used 42573K, capacity 43892K, committed 44572K, reserved 1087488K
  class space    used 5454K, capacity 5756K, committed 5960K, reserved 1048576K
2020-07-01T08:32:55.193+0200: 400129.835: [GC (Allocation Failure) 2020-07-01T08:32:55.193+0200: 400129.836: [ParNew
Desired survivor size 20971520 bytes, new threshold 1 (max 1)
- age   1:        240 bytes,        240 total
: 327682K->4K(368640K), 0.0165012 secs] 1408526K->1080848K(4124672K), 0.0167267 secs] [Times: user=0.03 sys=0.00, real=0.02 secs] 
Heap after GC invocations=495816 (full 2):
 par new generation   total 368640K, used 4K [0x00000006c1c00000, 0x00000006dac00000, 0x00000006dac00000)
  eden space 327680K,   0% used [0x00000006c1c00000, 0x00000006c1c00000, 0x00000006d5c00000)
  from space 40960K,   0% used [0x00000006d5c00000, 0x00000006d5c01020, 0x00000006d8400000)
  to   space 40960K,   0% used [0x00000006d8400000, 0x00000006d8400000, 0x00000006dac00000)
 concurrent mark-sweep generation total 3756032K, used 1080844K [0x00000006dac00000, 0x00000007c0000000, 0x00000007c0000000)
 Metaspace       used 42573K, capacity 43892K, committed 44572K, reserved 1087488K
  class space    used 5454K, capacity 5756K, committed 5960K, reserved 1048576K
}
2020-07-01T08:32:55.210+0200: 400129.852: Total time for which application threads were stopped: 0.0177292 seconds, Stopping threads took: 0.0006450 seconds
{Heap before GC invocations=495816 (full 2):
 par new generation   total 368640K, used 327684K [0x00000006c1c00000, 0x00000006dac00000, 0x00000006dac00000)
  eden space 327680K, 100% used [0x00000006c1c00000, 0x00000006d5c00000, 0x00000006d5c00000)
  from space 40960K,   0% used [0x00000006d5c00000, 0x00000006d5c01020, 0x00000006d8400000)
  to   space 40960K,   0% used [0x00000006d8400000, 0x00000006d8400000, 0x00000006dac00000)
 concurrent mark-sweep generation total 3756032K, used 1080844K [0x00000006dac00000, 0x00000007c0000000, 0x00000007c0000000)
 Metaspace       used 42573K, capacity 43892K, committed 44572K, reserved 1087488K
  class space    used 5454K, capacity 5756K, committed 5960K, reserved 1048576K
2020-07-01T08:32:55.505+0200: 400130.148: [GC (Allocation Failure) 2020-07-01T08:32:55.505+0200: 400130.148: [ParNew
Desired survivor size 20971520 bytes, new threshold 1 (max 1)
- age   1:        272 bytes,        272 total
: 327684K->4K(368640K), 0.0145860 secs] 1408528K->1080848K(4124672K), 0.0150707 secs] [Times: user=0.04 sys=0.00, real=0.02 secs] 
Heap after GC invocations=495817 (full 2):
 par new generation   total 368640K, used 4K [0x00000006c1c00000, 0x00000006dac00000, 0x00000006dac00000)
  eden space 327680K,   0% used [0x00000006c1c00000, 0x00000006c1c00000, 0x00000006d5c00000)
  from space 40960K,   0% used [0x00000006d8400000, 0x00000006d8401020, 0x00000006dac00000)
  to   space 40960K,   0% used [0x00000006d5c00000, 0x00000006d5c00000, 0x00000006d8400000)
 concurrent mark-sweep generation total 3756032K, used 1080844K [0x00000006dac00000, 0x00000007c0000000, 0x00000007c0000000)
 Metaspace       used 42573K, capacity 43892K, committed 44572K, reserved 1087488K
  class space    used 5454K, capacity 5756K, committed 5960K, reserved 1048576K
}
2020-07-01T08:32:55.520+0200: 400130.163: Total time for which application threads were stopped: 0.0154370 seconds, Stopping threads took: 0.0001008 seconds
{Heap before GC invocations=495817 (full 2):
 par new generation   total 368640K, used 327684K [0x00000006c1c00000, 0x00000006dac00000, 0x00000006dac00000)
  eden space 327680K, 100% used [0x00000006c1c00000, 0x00000006d5c00000, 0x00000006d5c00000)
  from space 40960K,   0% used [0x00000006d8400000, 0x00000006d8401020, 0x00000006dac00000)
  to   space 40960K,   0% used [0x00000006d5c00000, 0x00000006d5c00000, 0x00000006d8400000)
 concurrent mark-sweep generation total 3756032K, used 1080844K [0x00000006dac00000, 0x00000007c0000000, 0x00000007c0000000)
 Metaspace       used 42573K, capacity 43892K, committed 44572K, reserved 1087488K
  class space    used 5454K, capacity 5756K, committed 5960K, reserved 1048576K
2020-07-01T08:32:55.818+0200: 400130.460: [GC (Allocation Failure) 2020-07-01T08:32:55.818+0200: 400130.460: [ParNew
Desired survivor size 20971520 bytes, new threshold 1 (max 1)
- age   1:        304 bytes,        304 total
: 327684K->4K(368640K), 0.0118711 secs] 1408528K->1080848K(4124672K), 0.0120027 secs] [Times: user=0.04 sys=0.00, real=0.02 secs] 
Heap after GC invocations=495818 (full 2):
 par new generation   total 368640K, used 4K [0x00000006c1c00000, 0x00000006dac00000, 0x00000006dac00000)
  eden space 327680K,   0% used [0x00000006c1c00000, 0x00000006c1c00000, 0x00000006d5c00000)
  from space 40960K,   0% used [0x00000006d5c00000, 0x00000006d5c01020, 0x00000006d8400000)
  to   space 40960K,   0% used [0x00000006d8400000, 0x00000006d8400000, 0x00000006dac00000)
 concurrent mark-sweep generation total 3756032K, used 1080844K [0x00000006dac00000, 0x00000007c0000000, 0x00000007c0000000)
 Metaspace       used 42573K, capacity 43892K, committed 44572K, reserved 1087488K
  class space    used 5454K, capacity 5756K, committed 5960K, reserved 1048576K
}
2020-07-01T08:32:55.830+0200: 400130.472: Total time for which application threads were stopped: 0.0124806 seconds, Stopping threads took: 0.0000988 seconds
{Heap before GC invocations=495818 (full 2):
 par new generation   total 368640K, used 327684K [0x00000006c1c00000, 0x00000006dac00000, 0x00000006dac00000)
  eden space 327680K, 100% used [0x00000006c1c00000, 0x00000006d5c00000, 0x00000006d5c00000)
  from space 40960K,   0% used [0x00000006d5c00000, 0x00000006d5c01020, 0x00000006d8400000)
  to   space 40960K,   0% used [0x00000006d8400000, 0x00000006d8400000, 0x00000006dac00000)
 concurrent mark-sweep generation total 3756032K, used 1080844K [0x00000006dac00000, 0x00000007c0000000, 0x00000007c0000000)
 Metaspace       used 42573K, capacity 43892K, committed 44572K, reserved 1087488K
  class space    used 5454K, capacity 5756K, committed 5960K, reserved 1048576K
2020-07-01T08:32:56.121+0200: 400130.764: [GC (Allocation Failure) 2020-07-01T08:32:56.121+0200: 400130.764: [ParNew
Desired survivor size 20971520 bytes, new threshold 1 (max 1)
- age   1:        240 bytes,        240 total
: 327684K->4K(368640K), 0.0116470 secs] 1408528K->1080848K(4124672K), 0.0117639 secs] [Times: user=0.00 sys=0.00, real=0.01 secs] 
Heap after GC invocations=495819 (full 2):
 par new generation   total 368640K, used 4K [0x00000006c1c00000, 0x00000006dac00000, 0x00000006dac00000)
  eden space 327680K,   0% used [0x00000006c1c00000, 0x00000006c1c00000, 0x00000006d5c00000)
  from space 40960K,   0% used [0x00000006d8400000, 0x00000006d8401020, 0x00000006dac00000)
  to   space 40960K,   0% used [0x00000006d5c00000, 0x00000006d5c00000, 0x00000006d8400000)
 concurrent mark-sweep generation total 3756032K, used 1080844K [0x00000006dac00000, 0x00000007c0000000, 0x00000007c0000000)
 Metaspace       used 42573K, capacity 43892K, committed 44572K, reserved 1087488K
  class space    used 5454K, capacity 5756K, committed 5960K, reserved 1048576K
}
2020-07-01T08:32:56.133+0200: 400130.776: Total time for which application threads were stopped: 0.0129587 seconds, Stopping threads took: 0.0009289 seconds
{Heap before GC invocations=495819 (full 2):
 par new generation   total 368640K, used 327684K [0x00000006c1c00000, 0x00000006dac00000, 0x00000006dac00000)
  eden space 327680K, 100% used [0x00000006c1c00000, 0x00000006d5c00000, 0x00000006d5c00000)
  from space 40960K,   0% used [0x00000006d8400000, 0x00000006d8401020, 0x00000006dac00000)
  to   space 40960K,   0% used [0x00000006d5c00000, 0x00000006d5c00000, 0x00000006d8400000)
 concurrent mark-sweep generation total 3756032K, used 1080844K [0x00000006dac00000, 0x00000007c0000000, 0x00000007c0000000)
 Metaspace       used 42573K, capacity 43892K, committed 44572K, reserved 1087488K
  class space    used 5454K, capacity 5756K, committed 5960K, reserved 1048576K
2020-07-01T08:32:56.423+0200: 400131.066: [GC (Allocation Failure) 2020-07-01T08:32:56.423+0200: 400131.066: [ParNew
Desired survivor size 20971520 bytes, new threshold 1 (max 1)
- age   1:        240 bytes,        240 total
: 327684K->4K(368640K), 0.0149572 secs] 1408528K->1080848K(4124672K), 0.0151017 secs] [Times: user=0.04 sys=0.00, real=0.02 secs] 
Heap after GC invocations=495820 (full 2):
 par new generation   total 368640K, used 4K [0x00000006c1c00000, 0x00000006dac00000, 0x00000006dac00000)
  eden space 327680K,   0% used [0x00000006c1c00000, 0x00000006c1c00000, 0x00000006d5c00000)
  from space 40960K,   0% used [0x00000006d5c00000, 0x00000006d5c01020, 0x00000006d8400000)
  to   space 40960K,   0% used [0x00000006d8400000, 0x00000006d8400000, 0x00000006dac00000)
 concurrent mark-sweep generation total 3756032K, used 1080844K [0x00000006dac00000, 0x00000007c0000000, 0x00000007c0000000)
 Metaspace       used 42573K, capacity 43892K, committed 44572K, reserved 1087488K
  class space    used 5454K, capacity 5756K, committed 5960K, reserved 1048576K
}
2020-07-01T08:32:56.438+0200: 400131.081: Total time for which application threads were stopped: 0.0154777 seconds, Stopping threads took: 0.0001182 seconds
{Heap before GC invocations=495820 (full 2):
 par new generation   total 368640K, used 327684K [0x00000006c1c00000, 0x00000006dac00000, 0x00000006dac00000)
  eden space 327680K, 100% used [0x00000006c1c00000, 0x00000006d5c00000, 0x00000006d5c00000)
  from space 40960K,   0% used [0x00000006d5c00000, 0x00000006d5c01020, 0x00000006d8400000)
  to   space 40960K,   0% used [0x00000006d8400000, 0x00000006d8400000, 0x00000006dac00000)
 concurrent mark-sweep generation total 3756032K, used 1080844K [0x00000006dac00000, 0x00000007c0000000, 0x00000007c0000000)
 Metaspace       used 42573K, capacity 43892K, committed 44572K, reserved 1087488K
  class space    used 5454K, capacity 5756K, committed 5960K, reserved 1048576K
2020-07-01T08:32:56.735+0200: 400131.378: [GC (Allocation Failure) 2020-07-01T08:32:56.735+0200: 400131.378: [ParNew
Desired survivor size 20971520 bytes, new threshold 1 (max 1)
- age   1:        272 bytes,        272 total
: 327684K->4K(368640K), 0.0099202 secs] 1408528K->1080848K(4124672K), 0.0100436 secs] [Times: user=0.00 sys=0.00, real=0.01 secs] 
Heap after GC invocations=495821 (full 2):
 par new generation   total 368640K, used 4K [0x00000006c1c00000, 0x00000006dac00000, 0x00000006dac00000)
  eden space 327680K,   0% used [0x00000006c1c00000, 0x00000006c1c00000, 0x00000006d5c00000)
  from space 40960K,   0% used [0x00000006d8400000, 0x00000006d8401020, 0x00000006dac00000)
  to   space 40960K,   0% used [0x00000006d5c00000, 0x00000006d5c00000, 0x00000006d8400000)
 concurrent mark-sweep generation total 3756032K, used 1080844K [0x00000006dac00000, 0x00000007c0000000, 0x00000007c0000000)
 Metaspace       used 42573K, capacity 43892K, committed 44572K, reserved 1087488K
  class space    used 5454K, capacity 5756K, committed 5960K, reserved 1048576K
}
2020-07-01T08:32:56.745+0200: 400131.388: Total time for which application threads were stopped: 0.0104300 seconds, Stopping threads took: 0.0001429 seconds
{Heap before GC invocations=495821 (full 2):
 par new generation   total 368640K, used 327684K [0x00000006c1c00000, 0x00000006dac00000, 0x00000006dac00000)
  eden space 327680K, 100% used [0x00000006c1c00000, 0x00000006d5c00000, 0x00000006d5c00000)
  from space 40960K,   0% used [0x00000006d8400000, 0x00000006d8401020, 0x00000006dac00000)
  to   space 40960K,   0% used [0x00000006d5c00000, 0x00000006d5c00000, 0x00000006d8400000)
 concurrent mark-sweep generation total 3756032K, used 1080844K [0x00000006dac00000, 0x00000007c0000000, 0x00000007c0000000)
 Metaspace       used 42573K, capacity 43892K, committed 44572K, reserved 1087488K
  class space    used 5454K, capacity 5756K, committed 5960K, reserved 1048576K
2020-07-01T08:32:57.023+0200: 400131.666: [GC (Allocation Failure) 2020-07-01T08:32:57.023+0200: 400131.666: [ParNew
Desired survivor size 20971520 bytes, new threshold 1 (max 1)
- age   1:        272 bytes,        272 total
: 327684K->2K(368640K), 0.0220429 secs] 1408528K->1080846K(4124672K), 0.0221726 secs] [Times: user=0.01 sys=0.00, real=0.02 secs] 
Heap after GC invocations=495822 (full 2):
 par new generation   total 368640K, used 2K [0x00000006c1c00000, 0x00000006dac00000, 0x00000006dac00000)
  eden space 327680K,   0% used [0x00000006c1c00000, 0x00000006c1c00000, 0x00000006d5c00000)
  from space 40960K,   0% used [0x00000006d5c00000, 0x00000006d5c00810, 0x00000006d8400000)
  to   space 40960K,   0% used [0x00000006d8400000, 0x00000006d8400000, 0x00000006dac00000)
 concurrent mark-sweep generation total 3756032K, used 1080844K [0x00000006dac00000, 0x00000007c0000000, 0x00000007c0000000)
 Metaspace       used 42573K, capacity 43892K, committed 44572K, reserved 1087488K
  class space    used 5454K, capacity 5756K, committed 5960K, reserved 1048576K
}
2020-07-01T08:32:57.045+0200: 400131.688: Total time for which application threads were stopped: 0.0224957 seconds, Stopping threads took: 0.0000697 seconds
{Heap before GC invocations=495822 (full 2):
 par new generation   total 368640K, used 327682K [0x00000006c1c00000, 0x00000006dac00000, 0x00000006dac00000)
  eden space 327680K, 100% used [0x00000006c1c00000, 0x00000006d5c00000, 0x00000006d5c00000)
  from space 40960K,   0% used [0x00000006d5c00000, 0x00000006d5c00810, 0x00000006d8400000)
  to   space 40960K,   0% used [0x00000006d8400000, 0x00000006d8400000, 0x00000006dac00000)
 concurrent mark-sweep generation total 3756032K, used 1080844K [0x00000006dac00000, 0x00000007c0000000, 0x00000007c0000000)
 Metaspace       used 42573K, capacity 43892K, committed 44572K, reserved 1087488K
  class space    used 5454K, capacity 5756K, committed 5960K, reserved 1048576K
2020-07-01T08:32:57.374+0200: 400132.017: [GC (Allocation Failure) 2020-07-01T08:32:57.374+0200: 400132.017: [ParNew
Desired survivor size 20971520 bytes, new threshold 1 (max 1)
- age   1:        272 bytes,        272 total
: 327682K->4K(368640K), 0.0325778 secs] 1408526K->1080848K(4124672K), 0.0326845 secs] [Times: user=0.03 sys=0.00, real=0.03 secs] 
Heap after GC invocations=495823 (full 2):
 par new generation   total 368640K, used 4K [0x00000006c1c00000, 0x00000006dac00000, 0x00000006dac00000)
  eden space 327680K,   0% used [0x00000006c1c00000, 0x00000006c1c00000, 0x00000006d5c00000)
  from space 40960K,   0% used [0x00000006d8400000, 0x00000006d8401020, 0x00000006dac00000)
  to   space 40960K,   0% used [0x00000006d5c00000, 0x00000006d5c00000, 0x00000006d8400000)
 concurrent mark-sweep generation total 3756032K, used 1080844K [0x00000006dac00000, 0x00000007c0000000, 0x00000007c0000000)
 Metaspace       used 42573K, capacity 43892K, committed 44572K, reserved 1087488K
  class space    used 5454K, capacity 5756K, committed 5960K, reserved 1048576K
}
2020-07-01T08:32:57.407+0200: 400132.050: Total time for which application threads were stopped: 0.0329707 seconds, Stopping threads took: 0.0000487 seconds
{Heap before GC invocations=495823 (full 2):
 par new generation   total 368640K, used 327684K [0x00000006c1c00000, 0x00000006dac00000, 0x00000006dac00000)
  eden space 327680K, 100% used [0x00000006c1c00000, 0x00000006d5c00000, 0x00000006d5c00000)
  from space 40960K,   0% used [0x00000006d8400000, 0x00000006d8401020, 0x00000006dac00000)
  to   space 40960K,   0% used [0x00000006d5c00000, 0x00000006d5c00000, 0x00000006d8400000)
 concurrent mark-sweep generation total 3756032K, used 1080844K [0x00000006dac00000, 0x00000007c0000000, 0x00000007c0000000)
 Metaspace       used 42573K, capacity 43892K, committed 44572K, reserved 1087488K
  class space    used 5454K, capacity 5756K, committed 5960K, reserved 1048576K
2020-07-01T08:32:57.740+0200: 400132.382: [GC (Allocation Failure) 2020-07-01T08:32:57.740+0200: 400132.383: [ParNew
Desired survivor size 20971520 bytes, new threshold 1 (max 1)
- age   1:        504 bytes,        504 total
: 327684K->4K(368640K), 0.0163869 secs] 1408528K->1080848K(4124672K), 0.0165409 secs] [Times: user=0.01 sys=0.00, real=0.01 secs] 
Heap after GC invocations=495824 (full 2):
 par new generation   total 368640K, used 4K [0x00000006c1c00000, 0x00000006dac00000, 0x00000006dac00000)
  eden space 327680K,   0% used [0x00000006c1c00000, 0x00000006c1c00000, 0x00000006d5c00000)
  from space 40960K,   0% used [0x00000006d5c00000, 0x00000006d5c01020, 0x00000006d8400000)
  to   space 40960K,   0% used [0x00000006d8400000, 0x00000006d8400000, 0x00000006dac00000)
 concurrent mark-sweep generation total 3756032K, used 1080844K [0x00000006dac00000, 0x00000007c0000000, 0x00000007c0000000)
 Metaspace       used 42573K, capacity 43892K, committed 44572K, reserved 1087488K
  class space    used 5454K, capacity 5756K, committed 5960K, reserved 1048576K
}
2020-07-01T08:32:57.756+0200: 400132.399: Total time for which application threads were stopped: 0.0170425 seconds, Stopping threads took: 0.0001940 seconds
{Heap before GC invocations=495824 (full 2):
 par new generation   total 368640K, used 327684K [0x00000006c1c00000, 0x00000006dac00000, 0x00000006dac00000)
  eden space 327680K, 100% used [0x00000006c1c00000, 0x00000006d5c00000, 0x00000006d5c00000)
  from space 40960K,   0% used [0x00000006d5c00000, 0x00000006d5c01020, 0x00000006d8400000)
  to   space 40960K,   0% used [0x00000006d8400000, 0x00000006d8400000, 0x00000006dac00000)
 concurrent mark-sweep generation total 3756032K, used 1080844K [0x00000006dac00000, 0x00000007c0000000, 0x00000007c0000000)
 Metaspace       used 42573K, capacity 43892K, committed 44572K, reserved 1087488K
  class space    used 5454K, capacity 5756K, committed 5960K, reserved 1048576K
2020-07-01T08:32:58.128+0200: 400132.771: [GC (Allocation Failure) 2020-07-01T08:32:58.128+0200: 400132.771: [ParNew
Desired survivor size 20971520 bytes, new threshold 1 (max 1)
- age   1:        304 bytes,        304 total
: 327684K->4K(368640K), 0.0079364 secs] 1408528K->1080849K(4124672K), 0.0080706 secs] [Times: user=0.00 sys=0.00, real=0.01 secs] 
Heap after GC invocations=495825 (full 2):
 par new generation   total 368640K, used 4K [0x00000006c1c00000, 0x00000006dac00000, 0x00000006dac00000)
  eden space 327680K,   0% used [0x00000006c1c00000, 0x00000006c1c00000, 0x00000006d5c00000)
  from space 40960K,   0% used [0x00000006d8400000, 0x00000006d8401020, 0x00000006dac00000)
  to   space 40960K,   0% used [0x00000006d5c00000, 0x00000006d5c00000, 0x00000006d8400000)
 concurrent mark-sweep generation total 3756032K, used 1080844K [0x00000006dac00000, 0x00000007c0000000, 0x00000007c0000000)
 Metaspace       used 42573K, capacity 43892K, committed 44572K, reserved 1087488K
  class space    used 5454K, capacity 5756K, committed 5960K, reserved 1048576K
}
2020-07-01T08:32:58.136+0200: 400132.779: Total time for which application threads were stopped: 0.0084369 seconds, Stopping threads took: 0.0001242 seconds
{Heap before GC invocations=495825 (full 2):
 par new generation   total 368640K, used 327684K [0x00000006c1c00000, 0x00000006dac00000, 0x00000006dac00000)
  eden space 327680K, 100% used [0x00000006c1c00000, 0x00000006d5c00000, 0x00000006d5c00000)
  from space 40960K,   0% used [0x00000006d8400000, 0x00000006d8401020, 0x00000006dac00000)
  to   space 40960K,   0% used [0x00000006d5c00000, 0x00000006d5c00000, 0x00000006d8400000)
 concurrent mark-sweep generation total 3756032K, used 1080844K [0x00000006dac00000, 0x00000007c0000000, 0x00000007c0000000)
 Metaspace       used 42573K, capacity 43892K, committed 44572K, reserved 1087488K
  class space    used 5454K, capacity 5756K, committed 5960K, reserved 1048576K
2020-07-01T08:32:58.411+0200: 400133.054: [GC (Allocation Failure) 2020-07-01T08:32:58.411+0200: 400133.054: [ParNew
Desired survivor size 20971520 bytes, new threshold 1 (max 1)
- age   1:        240 bytes,        240 total
: 327684K->4K(368640K), 0.0095814 secs] 1408529K->1080849K(4124672K), 0.0097158 secs] [Times: user=0.04 sys=0.00, real=0.01 secs] 
Heap after GC invocations=495826 (full 2):
 par new generation   total 368640K, used 4K [0x00000006c1c00000, 0x00000006dac00000, 0x00000006dac00000)
  eden space 327680K,   0% used [0x00000006c1c00000, 0x00000006c1c00000, 0x00000006d5c00000)
  from space 40960K,   0% used [0x00000006d5c00000, 0x00000006d5c01020, 0x00000006d8400000)
  to   space 40960K,   0% used [0x00000006d8400000, 0x00000006d8400000, 0x00000006dac00000)
 concurrent mark-sweep generation total 3756032K, used 1080845K [0x00000006dac00000, 0x00000007c0000000, 0x00000007c0000000)
 Metaspace       used 42573K, capacity 43892K, committed 44572K, reserved 1087488K
  class space    used 5454K, capacity 5756K, committed 5960K, reserved 1048576K
}
2020-07-01T08:32:58.421+0200: 400133.064: Total time for which application threads were stopped: 0.0100748 seconds, Stopping threads took: 0.0001110 seconds
{Heap before GC invocations=495826 (full 2):
 par new generation   total 368640K, used 327684K [0x00000006c1c00000, 0x00000006dac00000, 0x00000006dac00000)
  eden space 327680K, 100% used [0x00000006c1c00000, 0x00000006d5c00000, 0x00000006d5c00000)
  from space 40960K,   0% used [0x00000006d5c00000, 0x00000006d5c01020, 0x00000006d8400000)
  to   space 40960K,   0% used [0x00000006d8400000, 0x00000006d8400000, 0x00000006dac00000)
 concurrent mark-sweep generation total 3756032K, used 1080845K [0x00000006dac00000, 0x00000007c0000000, 0x00000007c0000000)
 Metaspace       used 42573K, capacity 43892K, committed 44572K, reserved 1087488K
  class space    used 5454K, capacity 5756K, committed 5960K, reserved 1048576K
2020-07-01T08:32:58.729+0200: 400133.371: [GC (Allocation Failure) 2020-07-01T08:32:58.729+0200: 400133.371: [ParNew
Desired survivor size 20971520 bytes, new threshold 1 (max 1)
- age   1:        240 bytes,        240 total
: 327684K->4K(368640K), 0.0093526 secs] 1408529K->1080849K(4124672K), 0.0095124 secs] [Times: user=0.04 sys=0.00, real=0.01 secs] 
Heap after GC invocations=495827 (full 2):
 par new generation   total 368640K, used 4K [0x00000006c1c00000, 0x00000006dac00000, 0x00000006dac00000)
  eden space 327680K,   0% used [0x00000006c1c00000, 0x00000006c1c00000, 0x00000006d5c00000)
  from space 40960K,   0% used [0x00000006d8400000, 0x00000006d8401020, 0x00000006dac00000)
  to   space 40960K,   0% used [0x00000006d5c00000, 0x00000006d5c00000, 0x00000006d8400000)
 concurrent mark-sweep generation total 3756032K, used 1080845K [0x00000006dac00000, 0x00000007c0000000, 0x00000007c0000000)
 Metaspace       used 42573K, capacity 43892K, committed 44572K, reserved 1087488K
  class space    used 5454K, capacity 5756K, committed 5960K, reserved 1048576K
}
2020-07-01T08:32:58.738+0200: 400133.381: Total time for which application threads were stopped: 0.0098672 seconds, Stopping threads took: 0.0001091 seconds
{Heap before GC invocations=495827 (full 2):
 par new generation   total 368640K, used 327684K [0x00000006c1c00000, 0x00000006dac00000, 0x00000006dac00000)
  eden space 327680K, 100% used [0x00000006c1c00000, 0x00000006d5c00000, 0x00000006d5c00000)
  from space 40960K,   0% used [0x00000006d8400000, 0x00000006d8401020, 0x00000006dac00000)
  to   space 40960K,   0% used [0x00000006d5c00000, 0x00000006d5c00000, 0x00000006d8400000)
 concurrent mark-sweep generation total 3756032K, used 1080845K [0x00000006dac00000, 0x00000007c0000000, 0x00000007c0000000)
 Metaspace       used 42573K, capacity 43892K, committed 44572K, reserved 1087488K
  class space    used 5454K, capacity 5756K, committed 5960K, reserved 1048576K
2020-07-01T08:32:58.997+0200: 400133.640: [GC (Allocation Failure) 2020-07-01T08:32:58.997+0200: 400133.640: [ParNew
Desired survivor size 20971520 bytes, new threshold 1 (max 1)
- age   1:    7126784 bytes,    7126784 total
: 327684K->7043K(368640K), 0.0107964 secs] 1408529K->1087888K(4124672K), 0.0110690 secs] [Times: user=0.00 sys=0.00, real=0.02 secs] 
Heap after GC invocations=495828 (full 2):
 par new generation   total 368640K, used 7043K [0x00000006c1c00000, 0x00000006dac00000, 0x00000006dac00000)
  eden space 327680K,   0% used [0x00000006c1c00000, 0x00000006c1c00000, 0x00000006d5c00000)
  from space 40960K,  17% used [0x00000006d5c00000, 0x00000006d62e0da8, 0x00000006d8400000)
  to   space 40960K,   0% used [0x00000006d8400000, 0x00000006d8400000, 0x00000006dac00000)
 concurrent mark-sweep generation total 3756032K, used 1080845K [0x00000006dac00000, 0x00000007c0000000, 0x00000007c0000000)
 Metaspace       used 42573K, capacity 43892K, committed 44572K, reserved 1087488K
  class space    used 5454K, capacity 5756K, committed 5960K, reserved 1048576K
}
2020-07-01T08:32:59.008+0200: 400133.651: Total time for which application threads were stopped: 0.0115209 seconds, Stopping threads took: 0.0001834 seconds
{Heap before GC invocations=495828 (full 2):
 par new generation   total 368640K, used 334723K [0x00000006c1c00000, 0x00000006dac00000, 0x00000006dac00000)
  eden space 327680K, 100% used [0x00000006c1c00000, 0x00000006d5c00000, 0x00000006d5c00000)
  from space 40960K,  17% used [0x00000006d5c00000, 0x00000006d62e0da8, 0x00000006d8400000)
  to   space 40960K,   0% used [0x00000006d8400000, 0x00000006d8400000, 0x00000006dac00000)
 concurrent mark-sweep generation total 3756032K, used 1080845K [0x00000006dac00000, 0x00000007c0000000, 0x00000007c0000000)
 Metaspace       used 42573K, capacity 43892K, committed 44572K, reserved 1087488K
  class space    used 5454K, capacity 5756K, committed 5960K, reserved 1048576K
2020-07-01T08:32:59.313+0200: 400133.956: [GC (Allocation Failure) 2020-07-01T08:32:59.313+0200: 400133.956: [ParNew
Desired survivor size 20971520 bytes, new threshold 1 (max 1)
- age   1:     240856 bytes,     240856 total
: 334723K->2760K(368640K), 0.2733317 secs] 1415568K->1089471K(4124672K), 0.2734878 secs] [Times: user=0.23 sys=0.00, real=0.27 secs] 
Heap after GC invocations=495829 (full 2):
 par new generation   total 368640K, used 2760K [0x00000006c1c00000, 0x00000006dac00000, 0x00000006dac00000)
  eden space 327680K,   0% used [0x00000006c1c00000, 0x00000006c1c00000, 0x00000006d5c00000)
  from space 40960K,   6% used [0x00000006d8400000, 0x00000006d86b20f0, 0x00000006dac00000)
  to   space 40960K,   0% used [0x00000006d5c00000, 0x00000006d5c00000, 0x00000006d8400000)
 concurrent mark-sweep generation total 3756032K, used 1086710K [0x00000006dac00000, 0x00000007c0000000, 0x00000007c0000000)
 Metaspace       used 42573K, capacity 43892K, committed 44572K, reserved 1087488K
  class space    used 5454K, capacity 5756K, committed 5960K, reserved 1048576K
}
2020-07-01T08:32:59.587+0200: 400134.230: Total time for which application threads were stopped: 0.2738864 seconds, Stopping threads took: 0.0001508 seconds
{Heap before GC invocations=495829 (full 2):
 par new generation   total 368640K, used 330440K [0x00000006c1c00000, 0x00000006dac00000, 0x00000006dac00000)
  eden space 327680K, 100% used [0x00000006c1c00000, 0x00000006d5c00000, 0x00000006d5c00000)
  from space 40960K,   6% used [0x00000006d8400000, 0x00000006d86b20f0, 0x00000006dac00000)
  to   space 40960K,   0% used [0x00000006d5c00000, 0x00000006d5c00000, 0x00000006d8400000)
 concurrent mark-sweep generation total 3756032K, used 1086710K [0x00000006dac00000, 0x00000007c0000000, 0x00000007c0000000)
 Metaspace       used 42573K, capacity 43892K, committed 44572K, reserved 1087488K
  class space    used 5454K, capacity 5756K, committed 5960K, reserved 1048576K
2020-07-01T08:32:59.868+0200: 400134.510: [GC (Allocation Failure) 2020-07-01T08:32:59.868+0200: 400134.510: [ParNew
Desired survivor size 20971520 bytes, new threshold 1 (max 1)
- age   1:        600 bytes,        600 total
: 330440K->482K(368640K), 0.0111954 secs] 1417151K->1087427K(4124672K), 0.0113490 secs] [Times: user=0.04 sys=0.00, real=0.02 secs] 
Heap after GC invocations=495830 (full 2):
 par new generation   total 368640K, used 482K [0x00000006c1c00000, 0x00000006dac00000, 0x00000006dac00000)
  eden space 327680K,   0% used [0x00000006c1c00000, 0x00000006c1c00000, 0x00000006d5c00000)
  from space 40960K,   1% used [0x00000006d5c00000, 0x00000006d5c78860, 0x00000006d8400000)
  to   space 40960K,   0% used [0x00000006d8400000, 0x00000006d8400000, 0x00000006dac00000)
 concurrent mark-sweep generation total 3756032K, used 1086945K [0x00000006dac00000, 0x00000007c0000000, 0x00000007c0000000)
 Metaspace       used 42573K, capacity 43892K, committed 44572K, reserved 1087488K
  class space    used 5454K, capacity 5756K, committed 5960K, reserved 1048576K
}
2020-07-01T08:32:59.879+0200: 400134.522: Total time for which application threads were stopped: 0.0117902 seconds, Stopping threads took: 0.0001091 seconds
{Heap before GC invocations=495830 (full 2):
 par new generation   total 368640K, used 328162K [0x00000006c1c00000, 0x00000006dac00000, 0x00000006dac00000)
  eden space 327680K, 100% used [0x00000006c1c00000, 0x00000006d5c00000, 0x00000006d5c00000)
  from space 40960K,   1% used [0x00000006d5c00000, 0x00000006d5c78860, 0x00000006d8400000)
  to   space 40960K,   0% used [0x00000006d8400000, 0x00000006d8400000, 0x00000006dac00000)
 concurrent mark-sweep generation total 3756032K, used 1086945K [0x00000006dac00000, 0x00000007c0000000, 0x00000007c0000000)
 Metaspace       used 42573K, capacity 43892K, committed 44572K, reserved 1087488K
  class space    used 5454K, capacity 5756K, committed 5960K, reserved 1048576K
2020-07-01T08:33:00.171+0200: 400134.814: [GC (Allocation Failure) 2020-07-01T08:33:00.172+0200: 400134.814: [ParNew
Desired survivor size 20971520 bytes, new threshold 1 (max 1)
- age   1:        240 bytes,        240 total
: 328162K->180K(368640K), 0.0096665 secs] 1415107K->1087126K(4124672K), 0.0098234 secs] [Times: user=0.00 sys=0.00, real=0.01 secs] 
Heap after GC invocations=495831 (full 2):
 par new generation   total 368640K, used 180K [0x00000006c1c00000, 0x00000006dac00000, 0x00000006dac00000)
  eden space 327680K,   0% used [0x00000006c1c00000, 0x00000006c1c00000, 0x00000006d5c00000)
  from space 40960K,   0% used [0x00000006d8400000, 0x00000006d842d360, 0x00000006dac00000)
  to   space 40960K,   0% used [0x00000006d5c00000, 0x00000006d5c00000, 0x00000006d8400000)
 concurrent mark-sweep generation total 3756032K, used 1086946K [0x00000006dac00000, 0x00000007c0000000, 0x00000007c0000000)
 Metaspace       used 42573K, capacity 43892K, committed 44572K, reserved 1087488K
  class space    used 5454K, capacity 5756K, committed 5960K, reserved 1048576K
}
2020-07-01T08:33:00.181+0200: 400134.824: Total time for which application threads were stopped: 0.0101142 seconds, Stopping threads took: 0.0000509 seconds
{Heap before GC invocations=495831 (full 2):
 par new generation   total 368640K, used 327860K [0x00000006c1c00000, 0x00000006dac00000, 0x00000006dac00000)
  eden space 327680K, 100% used [0x00000006c1c00000, 0x00000006d5c00000, 0x00000006d5c00000)
  from space 40960K,   0% used [0x00000006d8400000, 0x00000006d842d360, 0x00000006dac00000)
  to   space 40960K,   0% used [0x00000006d5c00000, 0x00000006d5c00000, 0x00000006d8400000)
 concurrent mark-sweep generation total 3756032K, used 1086946K [0x00000006dac00000, 0x00000007c0000000, 0x00000007c0000000)
 Metaspace       used 42573K, capacity 43892K, committed 44572K, reserved 1087488K
  class space    used 5454K, capacity 5756K, committed 5960K, reserved 1048576K
2020-07-01T08:33:00.489+0200: 400135.132: [GC (Allocation Failure) 2020-07-01T08:33:00.489+0200: 400135.132: [ParNew
Desired survivor size 20971520 bytes, new threshold 1 (max 1)
- age   1:        272 bytes,        272 total
: 327860K->30K(368640K), 0.0114195 secs] 1414806K->1086976K(4124672K), 0.0115533 secs] [Times: user=0.03 sys=0.00, real=0.01 secs] 
Heap after GC invocations=495832 (full 2):
 par new generation   total 368640K, used 30K [0x00000006c1c00000, 0x00000006dac00000, 0x00000006dac00000)
  eden space 327680K,   0% used [0x00000006c1c00000, 0x00000006c1c00000, 0x00000006d5c00000)
  from space 40960K,   0% used [0x00000006d5c00000, 0x00000006d5c078a0, 0x00000006d8400000)
  to   space 40960K,   0% used [0x00000006d8400000, 0x00000006d8400000, 0x00000006dac00000)
 concurrent mark-sweep generation total 3756032K, used 1086946K [0x00000006dac00000, 0x00000007c0000000, 0x00000007c0000000)
 Metaspace       used 42573K, capacity 43892K, committed 44572K, reserved 1087488K
  class space    used 5454K, capacity 5756K, committed 5960K, reserved 1048576K
}
2020-07-01T08:33:00.501+0200: 400135.144: Total time for which application threads were stopped: 0.0118810 seconds, Stopping threads took: 0.0000522 seconds
{Heap before GC invocations=495832 (full 2):
 par new generation   total 368640K, used 327710K [0x00000006c1c00000, 0x00000006dac00000, 0x00000006dac00000)
  eden space 327680K, 100% used [0x00000006c1c00000, 0x00000006d5c00000, 0x00000006d5c00000)
  from space 40960K,   0% used [0x00000006d5c00000, 0x00000006d5c078a0, 0x00000006d8400000)
  to   space 40960K,   0% used [0x00000006d8400000, 0x00000006d8400000, 0x00000006dac00000)
 concurrent mark-sweep generation total 3756032K, used 1086946K [0x00000006dac00000, 0x00000007c0000000, 0x00000007c0000000)
 Metaspace       used 42573K, capacity 43892K, committed 44572K, reserved 1087488K
  class space    used 5454K, capacity 5756K, committed 5960K, reserved 1048576K
2020-07-01T08:33:00.790+0200: 400135.433: [GC (Allocation Failure) 2020-07-01T08:33:00.790+0200: 400135.433: [ParNew
Desired survivor size 20971520 bytes, new threshold 1 (max 1)
- age   1:        240 bytes,        240 total
: 327710K->7K(368640K), 0.0099029 secs] 1414656K->1086953K(4124672K), 0.0100574 secs] [Times: user=0.03 sys=0.00, real=0.01 secs] 
Heap after GC invocations=495833 (full 2):
 par new generation   total 368640K, used 7K [0x00000006c1c00000, 0x00000006dac00000, 0x00000006dac00000)
  eden space 327680K,   0% used [0x00000006c1c00000, 0x00000006c1c00000, 0x00000006d5c00000)
  from space 40960K,   0% used [0x00000006d8400000, 0x00000006d8401e40, 0x00000006dac00000)
  to   space 40960K,   0% used [0x00000006d5c00000, 0x00000006d5c00000, 0x00000006d8400000)
 concurrent mark-sweep generation total 3756032K, used 1086946K [0x00000006dac00000, 0x00000007c0000000, 0x00000007c0000000)
 Metaspace       used 42573K, capacity 43892K, committed 44572K, reserved 1087488K
  class space    used 5454K, capacity 5756K, committed 5960K, reserved 1048576K
}
2020-07-01T08:33:00.800+0200: 400135.443: Total time for which application threads were stopped: 0.0104340 seconds, Stopping threads took: 0.0001085 seconds
{Heap before GC invocations=495833 (full 2):
 par new generation   total 368640K, used 327687K [0x00000006c1c00000, 0x00000006dac00000, 0x00000006dac00000)
  eden space 327680K, 100% used [0x00000006c1c00000, 0x00000006d5c00000, 0x00000006d5c00000)
  from space 40960K,   0% used [0x00000006d8400000, 0x00000006d8401e40, 0x00000006dac00000)
  to   space 40960K,   0% used [0x00000006d5c00000, 0x00000006d5c00000, 0x00000006d8400000)
 concurrent mark-sweep generation total 3756032K, used 1086946K [0x00000006dac00000, 0x00000007c0000000, 0x00000007c0000000)
 Metaspace       used 42573K, capacity 43892K, committed 44572K, reserved 1087488K
  class space    used 5454K, capacity 5756K, committed 5960K, reserved 1048576K
2020-07-01T08:33:01.107+0200: 400135.750: [GC (Allocation Failure) 2020-07-01T08:33:01.107+0200: 400135.750: [ParNew
Desired survivor size 20971520 bytes, new threshold 1 (max 1)
- age   1:        304 bytes,        304 total
: 327687K->6K(368640K), 0.0112613 secs] 1414633K->1086952K(4124672K), 0.0113870 secs] [Times: user=0.00 sys=0.00, real=0.02 secs] 
Heap after GC invocations=495834 (full 2):
 par new generation   total 368640K, used 6K [0x00000006c1c00000, 0x00000006dac00000, 0x00000006dac00000)
  eden space 327680K,   0% used [0x00000006c1c00000, 0x00000006c1c00000, 0x00000006d5c00000)
  from space 40960K,   0% used [0x00000006d5c00000, 0x00000006d5c01830, 0x00000006d8400000)
  to   space 40960K,   0% used [0x00000006d8400000, 0x00000006d8400000, 0x00000006dac00000)
 concurrent mark-sweep generation total 3756032K, used 1086946K [0x00000006dac00000, 0x00000007c0000000, 0x00000007c0000000)
 Metaspace       used 42573K, capacity 43892K, committed 44572K, reserved 1087488K
  class space    used 5454K, capacity 5756K, committed 5960K, reserved 1048576K
}
2020-07-01T08:33:01.119+0200: 400135.761: Total time for which application threads were stopped: 0.0127403 seconds, Stopping threads took: 0.0010738 seconds
{Heap before GC invocations=495834 (full 2):
 par new generation   total 368640K, used 327686K [0x00000006c1c00000, 0x00000006dac00000, 0x00000006dac00000)
  eden space 327680K, 100% used [0x00000006c1c00000, 0x00000006d5c00000, 0x00000006d5c00000)
  from space 40960K,   0% used [0x00000006d5c00000, 0x00000006d5c01830, 0x00000006d8400000)
  to   space 40960K,   0% used [0x00000006d8400000, 0x00000006d8400000, 0x00000006dac00000)
 concurrent mark-sweep generation total 3756032K, used 1086946K [0x00000006dac00000, 0x00000007c0000000, 0x00000007c0000000)
 Metaspace       used 42573K, capacity 43892K, committed 44572K, reserved 1087488K
  class space    used 5454K, capacity 5756K, committed 5960K, reserved 1048576K
2020-07-01T08:33:01.417+0200: 400136.060: [GC (Allocation Failure) 2020-07-01T08:33:01.417+0200: 400136.060: [ParNew
Desired survivor size 20971520 bytes, new threshold 1 (max 1)
- age   1:        240 bytes,        240 total
: 327686K->4K(368640K), 0.0133946 secs] 1414632K->1086950K(4124672K), 0.0135733 secs] [Times: user=0.00 sys=0.00, real=0.02 secs] 
Heap after GC invocations=495835 (full 2):
 par new generation   total 368640K, used 4K [0x00000006c1c00000, 0x00000006dac00000, 0x00000006dac00000)
  eden space 327680K,   0% used [0x00000006c1c00000, 0x00000006c1c00000, 0x00000006d5c00000)
  from space 40960K,   0% used [0x00000006d8400000, 0x00000006d8401020, 0x00000006dac00000)
  to   space 40960K,   0% used [0x00000006d5c00000, 0x00000006d5c00000, 0x00000006d8400000)
 concurrent mark-sweep generation total 3756032K, used 1086946K [0x00000006dac00000, 0x00000007c0000000, 0x00000007c0000000)
 Metaspace       used 42573K, capacity 43892K, committed 44572K, reserved 1087488K
  class space    used 5454K, capacity 5756K, committed 5960K, reserved 1048576K
}
2020-07-01T08:33:01.431+0200: 400136.073: Total time for which application threads were stopped: 0.0140911 seconds, Stopping threads took: 0.0002614 seconds
{Heap before GC invocations=495835 (full 2):
 par new generation   total 368640K, used 327684K [0x00000006c1c00000, 0x00000006dac00000, 0x00000006dac00000)
  eden space 327680K, 100% used [0x00000006c1c00000, 0x00000006d5c00000, 0x00000006d5c00000)
  from space 40960K,   0% used [0x00000006d8400000, 0x00000006d8401020, 0x00000006dac00000)
  to   space 40960K,   0% used [0x00000006d5c00000, 0x00000006d5c00000, 0x00000006d8400000)
 concurrent mark-sweep generation total 3756032K, used 1086946K [0x00000006dac00000, 0x00000007c0000000, 0x00000007c0000000)
 Metaspace       used 42573K, capacity 43892K, committed 44572K, reserved 1087488K
  class space    used 5454K, capacity 5756K, committed 5960K, reserved 1048576K
2020-07-01T08:33:01.721+0200: 400136.364: [GC (Allocation Failure) 2020-07-01T08:33:01.721+0200: 400136.364: [ParNew
Desired survivor size 20971520 bytes, new threshold 1 (max 1)
- age   1:        272 bytes,        272 total
: 327684K->4K(368640K), 0.0107109 secs] 1414630K->1086950K(4124672K), 0.0108469 secs] [Times: user=0.02 sys=0.00, real=0.01 secs] 
Heap after GC invocations=495836 (full 2):
 par new generation   total 368640K, used 4K [0x00000006c1c00000, 0x00000006dac00000, 0x00000006dac00000)
  eden space 327680K,   0% used [0x00000006c1c00000, 0x00000006c1c00000, 0x00000006d5c00000)
  from space 40960K,   0% used [0x00000006d5c00000, 0x00000006d5c01020, 0x00000006d8400000)
  to   space 40960K,   0% used [0x00000006d8400000, 0x00000006d8400000, 0x00000006dac00000)
 concurrent mark-sweep generation total 3756032K, used 1086946K [0x00000006dac00000, 0x00000007c0000000, 0x00000007c0000000)
 Metaspace       used 42573K, capacity 43892K, committed 44572K, reserved 1087488K
  class space    used 5454K, capacity 5756K, committed 5960K, reserved 1048576K
}
2020-07-01T08:33:01.732+0200: 400136.375: Total time for which application threads were stopped: 0.0112183 seconds, Stopping threads took: 0.0001194 seconds
{Heap before GC invocations=495836 (full 2):
 par new generation   total 368640K, used 327684K [0x00000006c1c00000, 0x00000006dac00000, 0x00000006dac00000)
  eden space 327680K, 100% used [0x00000006c1c00000, 0x00000006d5c00000, 0x00000006d5c00000)
  from space 40960K,   0% used [0x00000006d5c00000, 0x00000006d5c01020, 0x00000006d8400000)
  to   space 40960K,   0% used [0x00000006d8400000, 0x00000006d8400000, 0x00000006dac00000)
 concurrent mark-sweep generation total 3756032K, used 1086946K [0x00000006dac00000, 0x00000007c0000000, 0x00000007c0000000)
 Metaspace       used 42573K, capacity 43892K, committed 44572K, reserved 1087488K
  class space    used 5454K, capacity 5756K, committed 5960K, reserved 1048576K
2020-07-01T08:33:02.016+0200: 400136.658: [GC (Allocation Failure) 2020-07-01T08:33:02.016+0200: 400136.658: [ParNew
Desired survivor size 20971520 bytes, new threshold 1 (max 1)
- age   1:        304 bytes,        304 total
: 327684K->4K(368640K), 0.0091591 secs] 1414630K->1086950K(4124672K), 0.0092957 secs] [Times: user=0.00 sys=0.00, real=0.01 secs] 
Heap after GC invocations=495837 (full 2):
 par new generation   total 368640K, used 4K [0x00000006c1c00000, 0x00000006dac00000, 0x00000006dac00000)
  eden space 327680K,   0% used [0x00000006c1c00000, 0x00000006c1c00000, 0x00000006d5c00000)
  from space 40960K,   0% used [0x00000006d8400000, 0x00000006d8401020, 0x00000006dac00000)
  to   space 40960K,   0% used [0x00000006d5c00000, 0x00000006d5c00000, 0x00000006d8400000)
 concurrent mark-sweep generation total 3756032K, used 1086946K [0x00000006dac00000, 0x00000007c0000000, 0x00000007c0000000)
 Metaspace       used 42573K, capacity 43892K, committed 44572K, reserved 1087488K
  class space    used 5454K, capacity 5756K, committed 5960K, reserved 1048576K
}
2020-07-01T08:33:02.025+0200: 400136.668: Total time for which application threads were stopped: 0.0096682 seconds, Stopping threads took: 0.0001102 seconds
{Heap before GC invocations=495837 (full 2):
 par new generation   total 368640K, used 327684K [0x00000006c1c00000, 0x00000006dac00000, 0x00000006dac00000)
  eden space 327680K, 100% used [0x00000006c1c00000, 0x00000006d5c00000, 0x00000006d5c00000)
  from space 40960K,   0% used [0x00000006d8400000, 0x00000006d8401020, 0x00000006dac00000)
  to   space 40960K,   0% used [0x00000006d5c00000, 0x00000006d5c00000, 0x00000006d8400000)
 concurrent mark-sweep generation total 3756032K, used 1086946K [0x00000006dac00000, 0x00000007c0000000, 0x00000007c0000000)
 Metaspace       used 42573K, capacity 43892K, committed 44572K, reserved 1087488K
  class space    used 5454K, capacity 5756K, committed 5960K, reserved 1048576K
2020-07-01T08:33:02.299+0200: 400136.942: [GC (Allocation Failure) 2020-07-01T08:33:02.299+0200: 400136.942: [ParNew
Desired survivor size 20971520 bytes, new threshold 1 (max 1)
- age   1:        240 bytes,        240 total
: 327684K->4K(368640K), 0.0074737 secs] 1414630K->1086950K(4124672K), 0.0076005 secs] [Times: user=0.00 sys=0.00, real=0.00 secs] 
Heap after GC invocations=495838 (full 2):
 par new generation   total 368640K, used 4K [0x00000006c1c00000, 0x00000006dac00000, 0x00000006dac00000)
  eden space 327680K,   0% used [0x00000006c1c00000, 0x00000006c1c00000, 0x00000006d5c00000)
  from space 40960K,   0% used [0x00000006d5c00000, 0x00000006d5c01020, 0x00000006d8400000)
  to   space 40960K,   0% used [0x00000006d8400000, 0x00000006d8400000, 0x00000006dac00000)
 concurrent mark-sweep generation total 3756032K, used 1086946K [0x00000006dac00000, 0x00000007c0000000, 0x00000007c0000000)
 Metaspace       used 42573K, capacity 43892K, committed 44572K, reserved 1087488K
  class space    used 5454K, capacity 5756K, committed 5960K, reserved 1048576K
}
2020-07-01T08:33:02.307+0200: 400136.950: Total time for which application threads were stopped: 0.0079614 seconds, Stopping threads took: 0.0000889 seconds
{Heap before GC invocations=495838 (full 2):
 par new generation   total 368640K, used 327684K [0x00000006c1c00000, 0x00000006dac00000, 0x00000006dac00000)
  eden space 327680K, 100% used [0x00000006c1c00000, 0x00000006d5c00000, 0x00000006d5c00000)
  from space 40960K,   0% used [0x00000006d5c00000, 0x00000006d5c01020, 0x00000006d8400000)
  to   space 40960K,   0% used [0x00000006d8400000, 0x00000006d8400000, 0x00000006dac00000)
 concurrent mark-sweep generation total 3756032K, used 1086946K [0x00000006dac00000, 0x00000007c0000000, 0x00000007c0000000)
 Metaspace       used 42573K, capacity 43892K, committed 44572K, reserved 1087488K
  class space    used 5454K, capacity 5756K, committed 5960K, reserved 1048576K
2020-07-01T08:33:02.587+0200: 400137.229: [GC (Allocation Failure) 2020-07-01T08:33:02.587+0200: 400137.230: [ParNew
Desired survivor size 20971520 bytes, new threshold 1 (max 1)
- age   1:        304 bytes,        304 total
: 327684K->4K(368640K), 0.0111001 secs] 1414630K->1086950K(4124672K), 0.0112400 secs] [Times: user=0.03 sys=0.00, real=0.02 secs] 
Heap after GC invocations=495839 (full 2):
 par new generation   total 368640K, used 4K [0x00000006c1c00000, 0x00000006dac00000, 0x00000006dac00000)
  eden space 327680K,   0% used [0x00000006c1c00000, 0x00000006c1c00000, 0x00000006d5c00000)
  from space 40960K,   0% used [0x00000006d8400000, 0x00000006d8401020, 0x00000006dac00000)
  to   space 40960K,   0% used [0x00000006d5c00000, 0x00000006d5c00000, 0x00000006d8400000)
 concurrent mark-sweep generation total 3756032K, used 1086946K [0x00000006dac00000, 0x00000007c0000000, 0x00000007c0000000)
 Metaspace       used 42573K, capacity 43892K, committed 44572K, reserved 1087488K
  class space    used 5454K, capacity 5756K, committed 5960K, reserved 1048576K
}
2020-07-01T08:33:02.598+0200: 400137.241: Total time for which application threads were stopped: 0.0116722 seconds, Stopping threads took: 0.0001918 seconds
{Heap before GC invocations=495839 (full 2):
 par new generation   total 368640K, used 327684K [0x00000006c1c00000, 0x00000006dac00000, 0x00000006dac00000)
  eden space 327680K, 100% used [0x00000006c1c00000, 0x00000006d5c00000, 0x00000006d5c00000)
  from space 40960K,   0% used [0x00000006d8400000, 0x00000006d8401020, 0x00000006dac00000)
  to   space 40960K,   0% used [0x00000006d5c00000, 0x00000006d5c00000, 0x00000006d8400000)
 concurrent mark-sweep generation total 3756032K, used 1086946K [0x00000006dac00000, 0x00000007c0000000, 0x00000007c0000000)
 Metaspace       used 42573K, capacity 43892K, committed 44572K, reserved 1087488K
  class space    used 5454K, capacity 5756K, committed 5960K, reserved 1048576K
2020-07-01T08:33:02.901+0200: 400137.543: [GC (Allocation Failure) 2020-07-01T08:33:02.901+0200: 400137.543: [ParNew
Desired survivor size 20971520 bytes, new threshold 1 (max 1)
- age   1:        528 bytes,        528 total
: 327684K->4K(368640K), 0.0132291 secs] 1414630K->1086950K(4124672K), 0.0133750 secs] [Times: user=0.02 sys=0.00, real=0.01 secs] 
Heap after GC invocations=495840 (full 2):
 par new generation   total 368640K, used 4K [0x00000006c1c00000, 0x00000006dac00000, 0x00000006dac00000)
  eden space 327680K,   0% used [0x00000006c1c00000, 0x00000006c1c00000, 0x00000006d5c00000)
  from space 40960K,   0% used [0x00000006d5c00000, 0x00000006d5c01020, 0x00000006d8400000)
  to   space 40960K,   0% used [0x00000006d8400000, 0x00000006d8400000, 0x00000006dac00000)
 concurrent mark-sweep generation total 3756032K, used 1086946K [0x00000006dac00000, 0x00000007c0000000, 0x00000007c0000000)
 Metaspace       used 42573K, capacity 43892K, committed 44572K, reserved 1087488K
  class space    used 5454K, capacity 5756K, committed 5960K, reserved 1048576K
}
2020-07-01T08:33:02.914+0200: 400137.557: Total time for which application threads were stopped: 0.0138452 seconds, Stopping threads took: 0.0000513 seconds
{Heap before GC invocations=495840 (full 2):
 par new generation   total 368640K, used 327684K [0x00000006c1c00000, 0x00000006dac00000, 0x00000006dac00000)
  eden space 327680K, 100% used [0x00000006c1c00000, 0x00000006d5c00000, 0x00000006d5c00000)
  from space 40960K,   0% used [0x00000006d5c00000, 0x00000006d5c01020, 0x00000006d8400000)
  to   space 40960K,   0% used [0x00000006d8400000, 0x00000006d8400000, 0x00000006dac00000)
 concurrent mark-sweep generation total 3756032K, used 1086946K [0x00000006dac00000, 0x00000007c0000000, 0x00000007c0000000)
 Metaspace       used 42573K, capacity 43892K, committed 44572K, reserved 1087488K
  class space    used 5454K, capacity 5756K, committed 5960K, reserved 1048576K
2020-07-01T08:33:03.190+0200: 400137.833: [GC (Allocation Failure) 2020-07-01T08:33:03.190+0200: 400137.833: [ParNew
Desired survivor size 20971520 bytes, new threshold 1 (max 1)
- age   1:        240 bytes,        240 total
: 327684K->4K(368640K), 0.0108510 secs] 1414630K->1086950K(4124672K), 0.0109883 secs] [Times: user=0.05 sys=0.00, real=0.01 secs] 
Heap after GC invocations=495841 (full 2):
 par new generation   total 368640K, used 4K [0x00000006c1c00000, 0x00000006dac00000, 0x00000006dac00000)
  eden space 327680K,   0% used [0x00000006c1c00000, 0x00000006c1c00000, 0x00000006d5c00000)
  from space 40960K,   0% used [0x00000006d8400000, 0x00000006d8401020, 0x00000006dac00000)
  to   space 40960K,   0% used [0x00000006d5c00000, 0x00000006d5c00000, 0x00000006d8400000)
 concurrent mark-sweep generation total 3756032K, used 1086946K [0x00000006dac00000, 0x00000007c0000000, 0x00000007c0000000)
 Metaspace       used 42573K, capacity 43892K, committed 44572K, reserved 1087488K
  class space    used 5454K, capacity 5756K, committed 5960K, reserved 1048576K
}
2020-07-01T08:33:03.201+0200: 400137.844: Total time for which application threads were stopped: 0.0113971 seconds, Stopping threads took: 0.0001300 seconds
{Heap before GC invocations=495841 (full 2):
 par new generation   total 368640K, used 327684K [0x00000006c1c00000, 0x00000006dac00000, 0x00000006dac00000)
  eden space 327680K, 100% used [0x00000006c1c00000, 0x00000006d5c00000, 0x00000006d5c00000)
  from space 40960K,   0% used [0x00000006d8400000, 0x00000006d8401020, 0x00000006dac00000)
  to   space 40960K,   0% used [0x00000006d5c00000, 0x00000006d5c00000, 0x00000006d8400000)
 concurrent mark-sweep generation total 3756032K, used 1086946K [0x00000006dac00000, 0x00000007c0000000, 0x00000007c0000000)
 Metaspace       used 42573K, capacity 43892K, committed 44572K, reserved 1087488K
  class space    used 5454K, capacity 5756K, committed 5960K, reserved 1048576K
2020-07-01T08:33:03.793+0200: 400138.436: [GC (Allocation Failure) 2020-07-01T08:33:03.793+0200: 400138.436: [ParNew
Desired survivor size 20971520 bytes, new threshold 1 (max 1)
- age   1:        240 bytes,        240 total
: 327684K->2K(368640K), 0.1764888 secs] 1414630K->1086948K(4124672K), 0.1765989 secs] [Times: user=0.02 sys=0.00, real=0.18 secs] 
Heap after GC invocations=495842 (full 2):
 par new generation   total 368640K, used 2K [0x00000006c1c00000, 0x00000006dac00000, 0x00000006dac00000)
  eden space 327680K,   0% used [0x00000006c1c00000, 0x00000006c1c00000, 0x00000006d5c00000)
  from space 40960K,   0% used [0x00000006d5c00000, 0x00000006d5c00810, 0x00000006d8400000)
  to   space 40960K,   0% used [0x00000006d8400000, 0x00000006d8400000, 0x00000006dac00000)
 concurrent mark-sweep generation total 3756032K, used 1086946K [0x00000006dac00000, 0x00000007c0000000, 0x00000007c0000000)
 Metaspace       used 42573K, capacity 43892K, committed 44572K, reserved 1087488K
  class space    used 5454K, capacity 5756K, committed 5960K, reserved 1048576K
}
2020-07-01T08:33:03.970+0200: 400138.612: Total time for which application threads were stopped: 0.1769424 seconds, Stopping threads took: 0.0000486 seconds
{Heap before GC invocations=495842 (full 2):
 par new generation   total 368640K, used 327682K [0x00000006c1c00000, 0x00000006dac00000, 0x00000006dac00000)
  eden space 327680K, 100% used [0x00000006c1c00000, 0x00000006d5c00000, 0x00000006d5c00000)
  from space 40960K,   0% used [0x00000006d5c00000, 0x00000006d5c00810, 0x00000006d8400000)
  to   space 40960K,   0% used [0x00000006d8400000, 0x00000006d8400000, 0x00000006dac00000)
 concurrent mark-sweep generation total 3756032K, used 1086946K [0x00000006dac00000, 0x00000007c0000000, 0x00000007c0000000)
 Metaspace       used 42573K, capacity 43892K, committed 44572K, reserved 1087488K
  class space    used 5454K, capacity 5756K, committed 5960K, reserved 1048576K
2020-07-01T08:33:04.519+0200: 400139.162: [GC (Allocation Failure) 2020-07-01T08:33:04.519+0200: 400139.162: [ParNew
Desired survivor size 20971520 bytes, new threshold 1 (max 1)
- age   1:        304 bytes,        304 total
: 327682K->2K(368640K), 0.0350772 secs] 1414628K->1086948K(4124672K), 0.0351898 secs] [Times: user=0.01 sys=0.00, real=0.03 secs] 
Heap after GC invocations=495843 (full 2):
 par new generation   total 368640K, used 2K [0x00000006c1c00000, 0x00000006dac00000, 0x00000006dac00000)
  eden space 327680K,   0% used [0x00000006c1c00000, 0x00000006c1c00000, 0x00000006d5c00000)
  from space 40960K,   0% used [0x00000006d8400000, 0x00000006d8400810, 0x00000006dac00000)
  to   space 40960K,   0% used [0x00000006d5c00000, 0x00000006d5c00000, 0x00000006d8400000)
 concurrent mark-sweep generation total 3756032K, used 1086946K [0x00000006dac00000, 0x00000007c0000000, 0x00000007c0000000)
 Metaspace       used 42573K, capacity 43892K, committed 44572K, reserved 1087488K
  class space    used 5454K, capacity 5756K, committed 5960K, reserved 1048576K
}
2020-07-01T08:33:04.554+0200: 400139.197: Total time for which application threads were stopped: 0.0354899 seconds, Stopping threads took: 0.0000577 seconds
{Heap before GC invocations=495843 (full 2):
 par new generation   total 368640K, used 327682K [0x00000006c1c00000, 0x00000006dac00000, 0x00000006dac00000)
  eden space 327680K, 100% used [0x00000006c1c00000, 0x00000006d5c00000, 0x00000006d5c00000)
  from space 40960K,   0% used [0x00000006d8400000, 0x00000006d8400810, 0x00000006dac00000)
  to   space 40960K,   0% used [0x00000006d5c00000, 0x00000006d5c00000, 0x00000006d8400000)
 concurrent mark-sweep generation total 3756032K, used 1086946K [0x00000006dac00000, 0x00000007c0000000, 0x00000007c0000000)
 Metaspace       used 42573K, capacity 43892K, committed 44572K, reserved 1087488K
  class space    used 5454K, capacity 5756K, committed 5960K, reserved 1048576K
2020-07-01T08:33:04.906+0200: 400139.549: [GC (Allocation Failure) 2020-07-01T08:33:04.906+0200: 400139.549: [ParNew
Desired survivor size 20971520 bytes, new threshold 1 (max 1)
- age   1:        240 bytes,        240 total
: 327682K->4K(368640K), 0.0144264 secs] 1414628K->1086950K(4124672K), 0.0145424 secs] [Times: user=0.03 sys=0.00, real=0.02 secs] 
Heap after GC invocations=495844 (full 2):
 par new generation   total 368640K, used 4K [0x00000006c1c00000, 0x00000006dac00000, 0x00000006dac00000)
  eden space 327680K,   0% used [0x00000006c1c00000, 0x00000006c1c00000, 0x00000006d5c00000)
  from space 40960K,   0% used [0x00000006d5c00000, 0x00000006d5c01020, 0x00000006d8400000)
  to   space 40960K,   0% used [0x00000006d8400000, 0x00000006d8400000, 0x00000006dac00000)
 concurrent mark-sweep generation total 3756032K, used 1086946K [0x00000006dac00000, 0x00000007c0000000, 0x00000007c0000000)
 Metaspace       used 42573K, capacity 43892K, committed 44572K, reserved 1087488K
  class space    used 5454K, capacity 5756K, committed 5960K, reserved 1048576K
}
2020-07-01T08:33:04.920+0200: 400139.563: Total time for which application threads were stopped: 0.0148560 seconds, Stopping threads took: 0.0000518 seconds
{Heap before GC invocations=495844 (full 2):
 par new generation   total 368640K, used 327684K [0x00000006c1c00000, 0x00000006dac00000, 0x00000006dac00000)
  eden space 327680K, 100% used [0x00000006c1c00000, 0x00000006d5c00000, 0x00000006d5c00000)
  from space 40960K,   0% used [0x00000006d5c00000, 0x00000006d5c01020, 0x00000006d8400000)
  to   space 40960K,   0% used [0x00000006d8400000, 0x00000006d8400000, 0x00000006dac00000)
 concurrent mark-sweep generation total 3756032K, used 1086946K [0x00000006dac00000, 0x00000007c0000000, 0x00000007c0000000)
 Metaspace       used 42573K, capacity 43892K, committed 44572K, reserved 1087488K
  class space    used 5454K, capacity 5756K, committed 5960K, reserved 1048576K
2020-07-01T08:33:05.269+0200: 400139.912: [GC (Allocation Failure) 2020-07-01T08:33:05.271+0200: 400139.913: [ParNew
Desired survivor size 20971520 bytes, new threshold 1 (max 1)
- age   1:        304 bytes,        304 total
: 327684K->2K(368640K), 0.0591897 secs] 1414630K->1086948K(4124672K), 0.0609698 secs] [Times: user=0.02 sys=0.00, real=0.06 secs] 
Heap after GC invocations=495845 (full 2):
 par new generation   total 368640K, used 2K [0x00000006c1c00000, 0x00000006dac00000, 0x00000006dac00000)
  eden space 327680K,   0% used [0x00000006c1c00000, 0x00000006c1c00000, 0x00000006d5c00000)
  from space 40960K,   0% used [0x00000006d8400000, 0x00000006d8400810, 0x00000006dac00000)
  to   space 40960K,   0% used [0x00000006d5c00000, 0x00000006d5c00000, 0x00000006d8400000)
 concurrent mark-sweep generation total 3756032K, used 1086946K [0x00000006dac00000, 0x00000007c0000000, 0x00000007c0000000)
 Metaspace       used 42573K, capacity 43892K, committed 44572K, reserved 1087488K
  class space    used 5454K, capacity 5756K, committed 5960K, reserved 1048576K
}
2020-07-01T08:33:05.330+0200: 400139.973: Total time for which application threads were stopped: 0.0636291 seconds, Stopping threads took: 0.0023518 seconds
{Heap before GC invocations=495845 (full 2):
 par new generation   total 368640K, used 327682K [0x00000006c1c00000, 0x00000006dac00000, 0x00000006dac00000)
  eden space 327680K, 100% used [0x00000006c1c00000, 0x00000006d5c00000, 0x00000006d5c00000)
  from space 40960K,   0% used [0x00000006d8400000, 0x00000006d8400810, 0x00000006dac00000)
  to   space 40960K,   0% used [0x00000006d5c00000, 0x00000006d5c00000, 0x00000006d8400000)
 concurrent mark-sweep generation total 3756032K, used 1086946K [0x00000006dac00000, 0x00000007c0000000, 0x00000007c0000000)
 Metaspace       used 42573K, capacity 43892K, committed 44572K, reserved 1087488K
  class space    used 5454K, capacity 5756K, committed 5960K, reserved 1048576K
2020-07-01T08:33:05.710+0200: 400140.353: [GC (Allocation Failure) 2020-07-01T08:33:05.710+0200: 400140.353: [ParNew
Desired survivor size 20971520 bytes, new threshold 1 (max 1)
- age   1:        304 bytes,        304 total
: 327682K->4K(368640K), 0.0162175 secs] 1414628K->1086950K(4124672K), 0.0178426 secs] [Times: user=0.03 sys=0.00, real=0.01 secs] 
Heap after GC invocations=495846 (full 2):
 par new generation   total 368640K, used 4K [0x00000006c1c00000, 0x00000006dac00000, 0x00000006dac00000)
  eden space 327680K,   0% used [0x00000006c1c00000, 0x00000006c1c00000, 0x00000006d5c00000)
  from space 40960K,   0% used [0x00000006d5c00000, 0x00000006d5c01020, 0x00000006d8400000)
  to   space 40960K,   0% used [0x00000006d8400000, 0x00000006d8400000, 0x00000006dac00000)
 concurrent mark-sweep generation total 3756032K, used 1086946K [0x00000006dac00000, 0x00000007c0000000, 0x00000007c0000000)
 Metaspace       used 42573K, capacity 43892K, committed 44572K, reserved 1087488K
  class space    used 5454K, capacity 5756K, committed 5960K, reserved 1048576K
}
2020-07-01T08:33:05.728+0200: 400140.371: Total time for which application threads were stopped: 0.0184307 seconds, Stopping threads took: 0.0002559 seconds
{Heap before GC invocations=495846 (full 2):
 par new generation   total 368640K, used 327684K [0x00000006c1c00000, 0x00000006dac00000, 0x00000006dac00000)
  eden space 327680K, 100% used [0x00000006c1c00000, 0x00000006d5c00000, 0x00000006d5c00000)
  from space 40960K,   0% used [0x00000006d5c00000, 0x00000006d5c01020, 0x00000006d8400000)
  to   space 40960K,   0% used [0x00000006d8400000, 0x00000006d8400000, 0x00000006dac00000)
 concurrent mark-sweep generation total 3756032K, used 1086946K [0x00000006dac00000, 0x00000007c0000000, 0x00000007c0000000)
 Metaspace       used 42573K, capacity 43892K, committed 44572K, reserved 1087488K
  class space    used 5454K, capacity 5756K, committed 5960K, reserved 1048576K
2020-07-01T08:33:06.042+0200: 400140.685: [GC (Allocation Failure) 2020-07-01T08:33:06.042+0200: 400140.685: [ParNew
Desired survivor size 20971520 bytes, new threshold 1 (max 1)
- age   1:        272 bytes,        272 total
: 327684K->4K(368640K), 0.0175349 secs] 1414630K->1086950K(4124672K), 0.0176825 secs] [Times: user=0.01 sys=0.01, real=0.02 secs] 
Heap after GC invocations=495847 (full 2):
 par new generation   total 368640K, used 4K [0x00000006c1c00000, 0x00000006dac00000, 0x00000006dac00000)
  eden space 327680K,   0% used [0x00000006c1c00000, 0x00000006c1c00000, 0x00000006d5c00000)
  from space 40960K,   0% used [0x00000006d8400000, 0x00000006d8401020, 0x00000006dac00000)
  to   space 40960K,   0% used [0x00000006d5c00000, 0x00000006d5c00000, 0x00000006d8400000)
 concurrent mark-sweep generation total 3756032K, used 1086946K [0x00000006dac00000, 0x00000007c0000000, 0x00000007c0000000)
 Metaspace       used 42573K, capacity 43892K, committed 44572K, reserved 1087488K
  class space    used 5454K, capacity 5756K, committed 5960K, reserved 1048576K
}
2020-07-01T08:33:06.060+0200: 400140.703: Total time for which application threads were stopped: 0.0179983 seconds, Stopping threads took: 0.0000478 seconds
{Heap before GC invocations=495847 (full 2):
 par new generation   total 368640K, used 327684K [0x00000006c1c00000, 0x00000006dac00000, 0x00000006dac00000)
  eden space 327680K, 100% used [0x00000006c1c00000, 0x00000006d5c00000, 0x00000006d5c00000)
  from space 40960K,   0% used [0x00000006d8400000, 0x00000006d8401020, 0x00000006dac00000)
  to   space 40960K,   0% used [0x00000006d5c00000, 0x00000006d5c00000, 0x00000006d8400000)
 concurrent mark-sweep generation total 3756032K, used 1086946K [0x00000006dac00000, 0x00000007c0000000, 0x00000007c0000000)
 Metaspace       used 42573K, capacity 43892K, committed 44572K, reserved 1087488K
  class space    used 5454K, capacity 5756K, committed 5960K, reserved 1048576K
2020-07-01T08:33:06.371+0200: 400141.014: [GC (Allocation Failure) 2020-07-01T08:33:06.371+0200: 400141.014: [ParNew
Desired survivor size 20971520 bytes, new threshold 1 (max 1)
- age   1:        272 bytes,        272 total
: 327684K->4K(368640K), 0.0095677 secs] 1414630K->1086950K(4124672K), 0.0097023 secs] [Times: user=0.00 sys=0.00, real=0.01 secs] 
Heap after GC invocations=495848 (full 2):
 par new generation   total 368640K, used 4K [0x00000006c1c00000, 0x00000006dac00000, 0x00000006dac00000)
  eden space 327680K,   0% used [0x00000006c1c00000, 0x00000006c1c00000, 0x00000006d5c00000)
  from space 40960K,   0% used [0x00000006d5c00000, 0x00000006d5c01020, 0x00000006d8400000)
  to   space 40960K,   0% used [0x00000006d8400000, 0x00000006d8400000, 0x00000006dac00000)
 concurrent mark-sweep generation total 3756032K, used 1086946K [0x00000006dac00000, 0x00000007c0000000, 0x00000007c0000000)
 Metaspace       used 42573K, capacity 43892K, committed 44572K, reserved 1087488K
  class space    used 5454K, capacity 5756K, committed 5960K, reserved 1048576K
}
2020-07-01T08:33:06.381+0200: 400141.024: Total time for which application threads were stopped: 0.0099941 seconds, Stopping threads took: 0.0000594 seconds
{Heap before GC invocations=495848 (full 2):
 par new generation   total 368640K, used 327684K [0x00000006c1c00000, 0x00000006dac00000, 0x00000006dac00000)
  eden space 327680K, 100% used [0x00000006c1c00000, 0x00000006d5c00000, 0x00000006d5c00000)
  from space 40960K,   0% used [0x00000006d5c00000, 0x00000006d5c01020, 0x00000006d8400000)
  to   space 40960K,   0% used [0x00000006d8400000, 0x00000006d8400000, 0x00000006dac00000)
 concurrent mark-sweep generation total 3756032K, used 1086946K [0x00000006dac00000, 0x00000007c0000000, 0x00000007c0000000)
 Metaspace       used 42573K, capacity 43892K, committed 44572K, reserved 1087488K
  class space    used 5454K, capacity 5756K, committed 5960K, reserved 1048576K
2020-07-01T08:33:06.668+0200: 400141.311: [GC (Allocation Failure) 2020-07-01T08:33:06.668+0200: 400141.311: [ParNew
Desired survivor size 20971520 bytes, new threshold 1 (max 1)
- age   1:        240 bytes,        240 total
: 327684K->4K(368640K), 0.0108338 secs] 1414630K->1086950K(4124672K), 0.0109505 secs] [Times: user=0.00 sys=0.00, real=0.01 secs] 
Heap after GC invocations=495849 (full 2):
 par new generation   total 368640K, used 4K [0x00000006c1c00000, 0x00000006dac00000, 0x00000006dac00000)
  eden space 327680K,   0% used [0x00000006c1c00000, 0x00000006c1c00000, 0x00000006d5c00000)
  from space 40960K,   0% used [0x00000006d8400000, 0x00000006d8401020, 0x00000006dac00000)
  to   space 40960K,   0% used [0x00000006d5c00000, 0x00000006d5c00000, 0x00000006d8400000)
 concurrent mark-sweep generation total 3756032K, used 1086946K [0x00000006dac00000, 0x00000007c0000000, 0x00000007c0000000)
 Metaspace       used 42573K, capacity 43892K, committed 44572K, reserved 1087488K
  class space    used 5454K, capacity 5756K, committed 5960K, reserved 1048576K
}
2020-07-01T08:33:06.679+0200: 400141.322: Total time for which application threads were stopped: 0.0143321 seconds, Stopping threads took: 0.0031301 seconds
{Heap before GC invocations=495849 (full 2):
 par new generation   total 368640K, used 327684K [0x00000006c1c00000, 0x00000006dac00000, 0x00000006dac00000)
  eden space 327680K, 100% used [0x00000006c1c00000, 0x00000006d5c00000, 0x00000006d5c00000)
  from space 40960K,   0% used [0x00000006d8400000, 0x00000006d8401020, 0x00000006dac00000)
  to   space 40960K,   0% used [0x00000006d5c00000, 0x00000006d5c00000, 0x00000006d8400000)
 concurrent mark-sweep generation total 3756032K, used 1086946K [0x00000006dac00000, 0x00000007c0000000, 0x00000007c0000000)
 Metaspace       used 42573K, capacity 43892K, committed 44572K, reserved 1087488K
  class space    used 5454K, capacity 5756K, committed 5960K, reserved 1048576K
2020-07-01T08:33:06.960+0200: 400141.603: [GC (Allocation Failure) 2020-07-01T08:33:06.960+0200: 400141.603: [ParNew
Desired survivor size 20971520 bytes, new threshold 1 (max 1)
- age   1:        240 bytes,        240 total
: 327684K->4K(368640K), 0.0102091 secs] 1414630K->1086950K(4124672K), 0.0103430 secs] [Times: user=0.02 sys=0.00, real=0.01 secs] 
Heap after GC invocations=495850 (full 2):
 par new generation   total 368640K, used 4K [0x00000006c1c00000, 0x00000006dac00000, 0x00000006dac00000)
  eden space 327680K,   0% used [0x00000006c1c00000, 0x00000006c1c00000, 0x00000006d5c00000)
  from space 40960K,   0% used [0x00000006d5c00000, 0x00000006d5c01020, 0x00000006d8400000)
  to   space 40960K,   0% used [0x00000006d8400000, 0x00000006d8400000, 0x00000006dac00000)
 concurrent mark-sweep generation total 3756032K, used 1086946K [0x00000006dac00000, 0x00000007c0000000, 0x00000007c0000000)
 Metaspace       used 42573K, capacity 43892K, committed 44572K, reserved 1087488K
  class space    used 5454K, capacity 5756K, committed 5960K, reserved 1048576K
}
2020-07-01T08:33:06.971+0200: 400141.613: Total time for which application threads were stopped: 0.0107024 seconds, Stopping threads took: 0.0001108 seconds
{Heap before GC invocations=495850 (full 2):
 par new generation   total 368640K, used 327684K [0x00000006c1c00000, 0x00000006dac00000, 0x00000006dac00000)
  eden space 327680K, 100% used [0x00000006c1c00000, 0x00000006d5c00000, 0x00000006d5c00000)
  from space 40960K,   0% used [0x00000006d5c00000, 0x00000006d5c01020, 0x00000006d8400000)
  to   space 40960K,   0% used [0x00000006d8400000, 0x00000006d8400000, 0x00000006dac00000)
 concurrent mark-sweep generation total 3756032K, used 1086946K [0x00000006dac00000, 0x00000007c0000000, 0x00000007c0000000)
 Metaspace       used 42573K, capacity 43892K, committed 44572K, reserved 1087488K
  class space    used 5454K, capacity 5756K, committed 5960K, reserved 1048576K
2020-07-01T08:33:07.261+0200: 400141.903: [GC (Allocation Failure) 2020-07-01T08:33:07.261+0200: 400141.904: [ParNew
Desired survivor size 20971520 bytes, new threshold 1 (max 1)
- age   1:        304 bytes,        304 total
: 327684K->4K(368640K), 0.0111070 secs] 1414630K->1086950K(4124672K), 0.0112337 secs] [Times: user=0.03 sys=0.00, real=0.01 secs] 
Heap after GC invocations=495851 (full 2):
 par new generation   total 368640K, used 4K [0x00000006c1c00000, 0x00000006dac00000, 0x00000006dac00000)
  eden space 327680K,   0% used [0x00000006c1c00000, 0x00000006c1c00000, 0x00000006d5c00000)
  from space 40960K,   0% used [0x00000006d8400000, 0x00000006d8401020, 0x00000006dac00000)
  to   space 40960K,   0% used [0x00000006d5c00000, 0x00000006d5c00000, 0x00000006d8400000)
 concurrent mark-sweep generation total 3756032K, used 1086946K [0x00000006dac00000, 0x00000007c0000000, 0x00000007c0000000)
 Metaspace       used 42573K, capacity 43892K, committed 44572K, reserved 1087488K
  class space    used 5454K, capacity 5756K, committed 5960K, reserved 1048576K
}
2020-07-01T08:33:07.272+0200: 400141.915: Total time for which application threads were stopped: 0.0115178 seconds, Stopping threads took: 0.0000499 seconds
{Heap before GC invocations=495851 (full 2):
 par new generation   total 368640K, used 327684K [0x00000006c1c00000, 0x00000006dac00000, 0x00000006dac00000)
  eden space 327680K, 100% used [0x00000006c1c00000, 0x00000006d5c00000, 0x00000006d5c00000)
  from space 40960K,   0% used [0x00000006d8400000, 0x00000006d8401020, 0x00000006dac00000)
  to   space 40960K,   0% used [0x00000006d5c00000, 0x00000006d5c00000, 0x00000006d8400000)
 concurrent mark-sweep generation total 3756032K, used 1086946K [0x00000006dac00000, 0x00000007c0000000, 0x00000007c0000000)
 Metaspace       used 42573K, capacity 43892K, committed 44572K, reserved 1087488K
  class space    used 5454K, capacity 5756K, committed 5960K, reserved 1048576K
2020-07-01T08:33:07.566+0200: 400142.209: [GC (Allocation Failure) 2020-07-01T08:33:07.566+0200: 400142.209: [ParNew
Desired survivor size 20971520 bytes, new threshold 1 (max 1)
- age   1:        272 bytes,        272 total
: 327684K->4K(368640K), 0.0108479 secs] 1414630K->1086950K(4124672K), 0.0109841 secs] [Times: user=0.03 sys=0.00, real=0.01 secs] 
Heap after GC invocations=495852 (full 2):
 par new generation   total 368640K, used 4K [0x00000006c1c00000, 0x00000006dac00000, 0x00000006dac00000)
  eden space 327680K,   0% used [0x00000006c1c00000, 0x00000006c1c00000, 0x00000006d5c00000)
  from space 40960K,   0% used [0x00000006d5c00000, 0x00000006d5c01020, 0x00000006d8400000)
  to   space 40960K,   0% used [0x00000006d8400000, 0x00000006d8400000, 0x00000006dac00000)
 concurrent mark-sweep generation total 3756032K, used 1086946K [0x00000006dac00000, 0x00000007c0000000, 0x00000007c0000000)
 Metaspace       used 42573K, capacity 43892K, committed 44572K, reserved 1087488K
  class space    used 5454K, capacity 5756K, committed 5960K, reserved 1048576K
}
2020-07-01T08:33:07.577+0200: 400142.220: Total time for which application threads were stopped: 0.0113518 seconds, Stopping threads took: 0.0001294 seconds
{Heap before GC invocations=495852 (full 2):
 par new generation   total 368640K, used 327684K [0x00000006c1c00000, 0x00000006dac00000, 0x00000006dac00000)
  eden space 327680K, 100% used [0x00000006c1c00000, 0x00000006d5c00000, 0x00000006d5c00000)
  from space 40960K,   0% used [0x00000006d5c00000, 0x00000006d5c01020, 0x00000006d8400000)
  to   space 40960K,   0% used [0x00000006d8400000, 0x00000006d8400000, 0x00000006dac00000)
 concurrent mark-sweep generation total 3756032K, used 1086946K [0x00000006dac00000, 0x00000007c0000000, 0x00000007c0000000)
 Metaspace       used 42573K, capacity 43892K, committed 44572K, reserved 1087488K
  class space    used 5454K, capacity 5756K, committed 5960K, reserved 1048576K
2020-07-01T08:33:07.861+0200: 400142.504: [GC (Allocation Failure) 2020-07-01T08:33:07.861+0200: 400142.504: [ParNew
Desired survivor size 20971520 bytes, new threshold 1 (max 1)
- age   1:        504 bytes,        504 total
: 327684K->4K(368640K), 0.0107962 secs] 1414630K->1086950K(4124672K), 0.0109230 secs] [Times: user=0.04 sys=0.00, real=0.01 secs] 
Heap after GC invocations=495853 (full 2):
 par new generation   total 368640K, used 4K [0x00000006c1c00000, 0x00000006dac00000, 0x00000006dac00000)
  eden space 327680K,   0% used [0x00000006c1c00000, 0x00000006c1c00000, 0x00000006d5c00000)
  from space 40960K,   0% used [0x00000006d8400000, 0x00000006d8401020, 0x00000006dac00000)
  to   space 40960K,   0% used [0x00000006d5c00000, 0x00000006d5c00000, 0x00000006d8400000)
 concurrent mark-sweep generation total 3756032K, used 1086946K [0x00000006dac00000, 0x00000007c0000000, 0x00000007c0000000)
 Metaspace       used 42573K, capacity 43892K, committed 44572K, reserved 1087488K
  class space    used 5454K, capacity 5756K, committed 5960K, reserved 1048576K
}
2020-07-01T08:33:07.872+0200: 400142.515: Total time for which application threads were stopped: 0.0113070 seconds, Stopping threads took: 0.0001134 seconds
{Heap before GC invocations=495853 (full 2):
 par new generation   total 368640K, used 327684K [0x00000006c1c00000, 0x00000006dac00000, 0x00000006dac00000)
  eden space 327680K, 100% used [0x00000006c1c00000, 0x00000006d5c00000, 0x00000006d5c00000)
  from space 40960K,   0% used [0x00000006d8400000, 0x00000006d8401020, 0x00000006dac00000)
  to   space 40960K,   0% used [0x00000006d5c00000, 0x00000006d5c00000, 0x00000006d8400000)
 concurrent mark-sweep generation total 3756032K, used 1086946K [0x00000006dac00000, 0x00000007c0000000, 0x00000007c0000000)
 Metaspace       used 42573K, capacity 43892K, committed 44572K, reserved 1087488K
  class space    used 5454K, capacity 5756K, committed 5960K, reserved 1048576K
2020-07-01T08:33:08.155+0200: 400142.798: [GC (Allocation Failure) 2020-07-01T08:33:08.155+0200: 400142.798: [ParNew
Desired survivor size 20971520 bytes, new threshold 1 (max 1)
- age   1:        336 bytes,        336 total
: 327684K->4K(368640K), 0.0635527 secs] 1414630K->1086951K(4124672K), 0.0636868 secs] [Times: user=0.13 sys=0.00, real=0.07 secs] 
Heap after GC invocations=495854 (full 2):
 par new generation   total 368640K, used 4K [0x00000006c1c00000, 0x00000006dac00000, 0x00000006dac00000)
  eden space 327680K,   0% used [0x00000006c1c00000, 0x00000006c1c00000, 0x00000006d5c00000)
  from space 40960K,   0% used [0x00000006d5c00000, 0x00000006d5c01020, 0x00000006d8400000)
  to   space 40960K,   0% used [0x00000006d8400000, 0x00000006d8400000, 0x00000006dac00000)
 concurrent mark-sweep generation total 3756032K, used 1086947K [0x00000006dac00000, 0x00000007c0000000, 0x00000007c0000000)
 Metaspace       used 42573K, capacity 43892K, committed 44572K, reserved 1087488K
  class space    used 5454K, capacity 5756K, committed 5960K, reserved 1048576K
}
2020-07-01T08:33:08.219+0200: 400142.861: Total time for which application threads were stopped: 0.0640755 seconds, Stopping threads took: 0.0001221 seconds
{Heap before GC invocations=495854 (full 2):
 par new generation   total 368640K, used 327684K [0x00000006c1c00000, 0x00000006dac00000, 0x00000006dac00000)
  eden space 327680K, 100% used [0x00000006c1c00000, 0x00000006d5c00000, 0x00000006d5c00000)
  from space 40960K,   0% used [0x00000006d5c00000, 0x00000006d5c01020, 0x00000006d8400000)
  to   space 40960K,   0% used [0x00000006d8400000, 0x00000006d8400000, 0x00000006dac00000)
 concurrent mark-sweep generation total 3756032K, used 1086947K [0x00000006dac00000, 0x00000007c0000000, 0x00000007c0000000)
 Metaspace       used 42573K, capacity 43892K, committed 44572K, reserved 1087488K
  class space    used 5454K, capacity 5756K, committed 5960K, reserved 1048576K
2020-07-01T08:33:08.500+0200: 400143.143: [GC (Allocation Failure) 2020-07-01T08:33:08.500+0200: 400143.143: [ParNew
Desired survivor size 20971520 bytes, new threshold 1 (max 1)
- age   1:        272 bytes,        272 total
: 327684K->6K(368640K), 0.0113906 secs] 1414631K->1086953K(4124672K), 0.0115010 secs] [Times: user=0.04 sys=0.00, real=0.01 secs] 
Heap after GC invocations=495855 (full 2):
 par new generation   total 368640K, used 6K [0x00000006c1c00000, 0x00000006dac00000, 0x00000006dac00000)
  eden space 327680K,   0% used [0x00000006c1c00000, 0x00000006c1c00000, 0x00000006d5c00000)
  from space 40960K,   0% used [0x00000006d8400000, 0x00000006d8401830, 0x00000006dac00000)
  to   space 40960K,   0% used [0x00000006d5c00000, 0x00000006d5c00000, 0x00000006d8400000)
 concurrent mark-sweep generation total 3756032K, used 1086947K [0x00000006dac00000, 0x00000007c0000000, 0x00000007c0000000)
 Metaspace       used 42573K, capacity 43892K, committed 44572K, reserved 1087488K
  class space    used 5454K, capacity 5756K, committed 5960K, reserved 1048576K
}
2020-07-01T08:33:08.511+0200: 400143.154: Total time for which application threads were stopped: 0.0118052 seconds, Stopping threads took: 0.0000692 seconds
{Heap before GC invocations=495855 (full 2):
 par new generation   total 368640K, used 327686K [0x00000006c1c00000, 0x00000006dac00000, 0x00000006dac00000)
  eden space 327680K, 100% used [0x00000006c1c00000, 0x00000006d5c00000, 0x00000006d5c00000)
  from space 40960K,   0% used [0x00000006d8400000, 0x00000006d8401830, 0x00000006dac00000)
  to   space 40960K,   0% used [0x00000006d5c00000, 0x00000006d5c00000, 0x00000006d8400000)
 concurrent mark-sweep generation total 3756032K, used 1086947K [0x00000006dac00000, 0x00000007c0000000, 0x00000007c0000000)
 Metaspace       used 42573K, capacity 43892K, committed 44572K, reserved 1087488K
  class space    used 5454K, capacity 5756K, committed 5960K, reserved 1048576K
2020-07-01T08:33:08.803+0200: 400143.446: [GC (Allocation Failure) 2020-07-01T08:33:08.803+0200: 400143.446: [ParNew
Desired survivor size 20971520 bytes, new threshold 1 (max 1)
- age   1:        240 bytes,        240 total
: 327686K->4K(368640K), 0.0091122 secs] 1414633K->1086951K(4124672K), 0.0092445 secs] [Times: user=0.03 sys=0.00, real=0.01 secs] 
Heap after GC invocations=495856 (full 2):
 par new generation   total 368640K, used 4K [0x00000006c1c00000, 0x00000006dac00000, 0x00000006dac00000)
  eden space 327680K,   0% used [0x00000006c1c00000, 0x00000006c1c00000, 0x00000006d5c00000)
  from space 40960K,   0% used [0x00000006d5c00000, 0x00000006d5c01020, 0x00000006d8400000)
  to   space 40960K,   0% used [0x00000006d8400000, 0x00000006d8400000, 0x00000006dac00000)
 concurrent mark-sweep generation total 3756032K, used 1086947K [0x00000006dac00000, 0x00000007c0000000, 0x00000007c0000000)
 Metaspace       used 42573K, capacity 43892K, committed 44572K, reserved 1087488K
  class space    used 5454K, capacity 5756K, committed 5960K, reserved 1048576K
}
2020-07-01T08:33:08.812+0200: 400143.455: Total time for which application threads were stopped: 0.0096581 seconds, Stopping threads took: 0.0001652 seconds
{Heap before GC invocations=495856 (full 2):
 par new generation   total 368640K, used 327684K [0x00000006c1c00000, 0x00000006dac00000, 0x00000006dac00000)
  eden space 327680K, 100% used [0x00000006c1c00000, 0x00000006d5c00000, 0x00000006d5c00000)
  from space 40960K,   0% used [0x00000006d5c00000, 0x00000006d5c01020, 0x00000006d8400000)
  to   space 40960K,   0% used [0x00000006d8400000, 0x00000006d8400000, 0x00000006dac00000)
 concurrent mark-sweep generation total 3756032K, used 1086947K [0x00000006dac00000, 0x00000007c0000000, 0x00000007c0000000)
 Metaspace       used 42573K, capacity 43892K, committed 44572K, reserved 1087488K
  class space    used 5454K, capacity 5756K, committed 5960K, reserved 1048576K
2020-07-01T08:33:09.110+0200: 400143.753: [GC (Allocation Failure) 2020-07-01T08:33:09.110+0200: 400143.753: [ParNew
Desired survivor size 20971520 bytes, new threshold 1 (max 1)
- age   1:        728 bytes,        728 total
: 327684K->4K(368640K), 0.0104746 secs] 1414631K->1086951K(4124672K), 0.0106075 secs] [Times: user=0.01 sys=0.02, real=0.01 secs] 
Heap after GC invocations=495857 (full 2):
 par new generation   total 368640K, used 4K [0x00000006c1c00000, 0x00000006dac00000, 0x00000006dac00000)
  eden space 327680K,   0% used [0x00000006c1c00000, 0x00000006c1c00000, 0x00000006d5c00000)
  from space 40960K,   0% used [0x00000006d8400000, 0x00000006d8401020, 0x00000006dac00000)
  to   space 40960K,   0% used [0x00000006d5c00000, 0x00000006d5c00000, 0x00000006d8400000)
 concurrent mark-sweep generation total 3756032K, used 1086947K [0x00000006dac00000, 0x00000007c0000000, 0x00000007c0000000)
 Metaspace       used 42573K, capacity 43892K, committed 44572K, reserved 1087488K
  class space    used 5454K, capacity 5756K, committed 5960K, reserved 1048576K
}
2020-07-01T08:33:09.120+0200: 400143.763: Total time for which application threads were stopped: 0.0109386 seconds, Stopping threads took: 0.0000940 seconds
{Heap before GC invocations=495857 (full 2):
 par new generation   total 368640K, used 327684K [0x00000006c1c00000, 0x00000006dac00000, 0x00000006dac00000)
  eden space 327680K, 100% used [0x00000006c1c00000, 0x00000006d5c00000, 0x00000006d5c00000)
  from space 40960K,   0% used [0x00000006d8400000, 0x00000006d8401020, 0x00000006dac00000)
  to   space 40960K,   0% used [0x00000006d5c00000, 0x00000006d5c00000, 0x00000006d8400000)
 concurrent mark-sweep generation total 3756032K, used 1086947K [0x00000006dac00000, 0x00000007c0000000, 0x00000007c0000000)
 Metaspace       used 42573K, capacity 43892K, committed 44572K, reserved 1087488K
  class space    used 5454K, capacity 5756K, committed 5960K, reserved 1048576K
2020-07-01T08:33:09.393+0200: 400144.036: [GC (Allocation Failure) 2020-07-01T08:33:09.393+0200: 400144.036: [ParNew
Desired survivor size 20971520 bytes, new threshold 1 (max 1)
- age   1:        272 bytes,        272 total
: 327684K->4K(368640K), 0.0103237 secs] 1414631K->1086951K(4124672K), 0.0105236 secs] [Times: user=0.01 sys=0.00, real=0.01 secs] 
Heap after GC invocations=495858 (full 2):
 par new generation   total 368640K, used 4K [0x00000006c1c00000, 0x00000006dac00000, 0x00000006dac00000)
  eden space 327680K,   0% used [0x00000006c1c00000, 0x00000006c1c00000, 0x00000006d5c00000)
  from space 40960K,   0% used [0x00000006d5c00000, 0x00000006d5c01020, 0x00000006d8400000)
  to   space 40960K,   0% used [0x00000006d8400000, 0x00000006d8400000, 0x00000006dac00000)
 concurrent mark-sweep generation total 3756032K, used 1086947K [0x00000006dac00000, 0x00000007c0000000, 0x00000007c0000000)
 Metaspace       used 42573K, capacity 43892K, committed 44572K, reserved 1087488K
  class space    used 5454K, capacity 5756K, committed 5960K, reserved 1048576K
}
2020-07-01T08:33:09.404+0200: 400144.047: Total time for which application threads were stopped: 0.0109476 seconds, Stopping threads took: 0.0001772 seconds
{Heap before GC invocations=495858 (full 2):
 par new generation   total 368640K, used 327684K [0x00000006c1c00000, 0x00000006dac00000, 0x00000006dac00000)
  eden space 327680K, 100% used [0x00000006c1c00000, 0x00000006d5c00000, 0x00000006d5c00000)
  from space 40960K,   0% used [0x00000006d5c00000, 0x00000006d5c01020, 0x00000006d8400000)
  to   space 40960K,   0% used [0x00000006d8400000, 0x00000006d8400000, 0x00000006dac00000)
 concurrent mark-sweep generation total 3756032K, used 1086947K [0x00000006dac00000, 0x00000007c0000000, 0x00000007c0000000)
 Metaspace       used 42573K, capacity 43892K, committed 44572K, reserved 1087488K
  class space    used 5454K, capacity 5756K, committed 5960K, reserved 1048576K
2020-07-01T08:33:09.692+0200: 400144.335: [GC (Allocation Failure) 2020-07-01T08:33:09.692+0200: 400144.335: [ParNew
Desired survivor size 20971520 bytes, new threshold 1 (max 1)
- age   1:        240 bytes,        240 total
: 327684K->4K(368640K), 0.0116877 secs] 1414631K->1086951K(4124672K), 0.0118055 secs] [Times: user=0.01 sys=0.00, real=0.01 secs] 
Heap after GC invocations=495859 (full 2):
 par new generation   total 368640K, used 4K [0x00000006c1c00000, 0x00000006dac00000, 0x00000006dac00000)
  eden space 327680K,   0% used [0x00000006c1c00000, 0x00000006c1c00000, 0x00000006d5c00000)
  from space 40960K,   0% used [0x00000006d8400000, 0x00000006d8401020, 0x00000006dac00000)
  to   space 40960K,   0% used [0x00000006d5c00000, 0x00000006d5c00000, 0x00000006d8400000)
 concurrent mark-sweep generation total 3756032K, used 1086947K [0x00000006dac00000, 0x00000007c0000000, 0x00000007c0000000)
 Metaspace       used 42573K, capacity 43892K, committed 44572K, reserved 1087488K
  class space    used 5454K, capacity 5756K, committed 5960K, reserved 1048576K
}
2020-07-01T08:33:09.704+0200: 400144.346: Total time for which application threads were stopped: 0.0122047 seconds, Stopping threads took: 0.0000979 seconds
{Heap before GC invocations=495859 (full 2):
 par new generation   total 368640K, used 327684K [0x00000006c1c00000, 0x00000006dac00000, 0x00000006dac00000)
  eden space 327680K, 100% used [0x00000006c1c00000, 0x00000006d5c00000, 0x00000006d5c00000)
  from space 40960K,   0% used [0x00000006d8400000, 0x00000006d8401020, 0x00000006dac00000)
  to   space 40960K,   0% used [0x00000006d5c00000, 0x00000006d5c00000, 0x00000006d8400000)
 concurrent mark-sweep generation total 3756032K, used 1086947K [0x00000006dac00000, 0x00000007c0000000, 0x00000007c0000000)
 Metaspace       used 42573K, capacity 43892K, committed 44572K, reserved 1087488K
  class space    used 5454K, capacity 5756K, committed 5960K, reserved 1048576K
2020-07-01T08:33:09.994+0200: 400144.637: [GC (Allocation Failure) 2020-07-01T08:33:09.994+0200: 400144.637: [ParNew
Desired survivor size 20971520 bytes, new threshold 1 (max 1)
- age   1:        240 bytes,        240 total
: 327684K->4K(368640K), 0.0108104 secs] 1414631K->1086951K(4124672K), 0.0109347 secs] [Times: user=0.03 sys=0.00, real=0.01 secs] 
Heap after GC invocations=495860 (full 2):
 par new generation   total 368640K, used 4K [0x00000006c1c00000, 0x00000006dac00000, 0x00000006dac00000)
  eden space 327680K,   0% used [0x00000006c1c00000, 0x00000006c1c00000, 0x00000006d5c00000)
  from space 40960K,   0% used [0x00000006d5c00000, 0x00000006d5c01020, 0x00000006d8400000)
  to   space 40960K,   0% used [0x00000006d8400000, 0x00000006d8400000, 0x00000006dac00000)
 concurrent mark-sweep generation total 3756032K, used 1086947K [0x00000006dac00000, 0x00000007c0000000, 0x00000007c0000000)
 Metaspace       used 42573K, capacity 43892K, committed 44572K, reserved 1087488K
  class space    used 5454K, capacity 5756K, committed 5960K, reserved 1048576K
}
2020-07-01T08:33:10.005+0200: 400144.648: Total time for which application threads were stopped: 0.0112860 seconds, Stopping threads took: 0.0001117 seconds
{Heap before GC invocations=495860 (full 2):
 par new generation   total 368640K, used 327684K [0x00000006c1c00000, 0x00000006dac00000, 0x00000006dac00000)
  eden space 327680K, 100% used [0x00000006c1c00000, 0x00000006d5c00000, 0x00000006d5c00000)
  from space 40960K,   0% used [0x00000006d5c00000, 0x00000006d5c01020, 0x00000006d8400000)
  to   space 40960K,   0% used [0x00000006d8400000, 0x00000006d8400000, 0x00000006dac00000)
 concurrent mark-sweep generation total 3756032K, used 1086947K [0x00000006dac00000, 0x00000007c0000000, 0x00000007c0000000)
 Metaspace       used 42573K, capacity 43892K, committed 44572K, reserved 1087488K
  class space    used 5454K, capacity 5756K, committed 5960K, reserved 1048576K
2020-07-01T08:33:10.335+0200: 400144.978: [GC (Allocation Failure) 2020-07-01T08:33:10.335+0200: 400144.978: [ParNew
Desired survivor size 20971520 bytes, new threshold 1 (max 1)
- age   1:        336 bytes,        336 total
: 327684K->4K(368640K), 0.0107329 secs] 1414631K->1086951K(4124672K), 0.0108530 secs] [Times: user=0.03 sys=0.00, real=0.01 secs] 
Heap after GC invocations=495861 (full 2):
 par new generation   total 368640K, used 4K [0x00000006c1c00000, 0x00000006dac00000, 0x00000006dac00000)
  eden space 327680K,   0% used [0x00000006c1c00000, 0x00000006c1c00000, 0x00000006d5c00000)
  from space 40960K,   0% used [0x00000006d8400000, 0x00000006d8401020, 0x00000006dac00000)
  to   space 40960K,   0% used [0x00000006d5c00000, 0x00000006d5c00000, 0x00000006d8400000)
 concurrent mark-sweep generation total 3756032K, used 1086947K [0x00000006dac00000, 0x00000007c0000000, 0x00000007c0000000)
 Metaspace       used 42573K, capacity 43892K, committed 44572K, reserved 1087488K
  class space    used 5454K, capacity 5756K, committed 5960K, reserved 1048576K
}
2020-07-01T08:33:10.346+0200: 400144.989: Total time for which application threads were stopped: 0.0112038 seconds, Stopping threads took: 0.0001163 seconds
{Heap before GC invocations=495861 (full 2):
 par new generation   total 368640K, used 327684K [0x00000006c1c00000, 0x00000006dac00000, 0x00000006dac00000)
  eden space 327680K, 100% used [0x00000006c1c00000, 0x00000006d5c00000, 0x00000006d5c00000)
  from space 40960K,   0% used [0x00000006d8400000, 0x00000006d8401020, 0x00000006dac00000)
  to   space 40960K,   0% used [0x00000006d5c00000, 0x00000006d5c00000, 0x00000006d8400000)
 concurrent mark-sweep generation total 3756032K, used 1086947K [0x00000006dac00000, 0x00000007c0000000, 0x00000007c0000000)
 Metaspace       used 42573K, capacity 43892K, committed 44572K, reserved 1087488K
  class space    used 5454K, capacity 5756K, committed 5960K, reserved 1048576K
2020-07-01T08:33:10.671+0200: 400145.314: [GC (Allocation Failure) 2020-07-01T08:33:10.671+0200: 400145.314: [ParNew
Desired survivor size 20971520 bytes, new threshold 1 (max 1)
- age   1:        272 bytes,        272 total
: 327684K->2K(368640K), 0.0378994 secs] 1414631K->1086949K(4124672K), 0.0380406 secs] [Times: user=0.01 sys=0.00, real=0.04 secs] 
Heap after GC invocations=495862 (full 2):
 par new generation   total 368640K, used 2K [0x00000006c1c00000, 0x00000006dac00000, 0x00000006dac00000)
  eden space 327680K,   0% used [0x00000006c1c00000, 0x00000006c1c00000, 0x00000006d5c00000)
  from space 40960K,   0% used [0x00000006d5c00000, 0x00000006d5c00810, 0x00000006d8400000)
  to   space 40960K,   0% used [0x00000006d8400000, 0x00000006d8400000, 0x00000006dac00000)
 concurrent mark-sweep generation total 3756032K, used 1086947K [0x00000006dac00000, 0x00000007c0000000, 0x00000007c0000000)
 Metaspace       used 42573K, capacity 43892K, committed 44572K, reserved 1087488K
  class space    used 5454K, capacity 5756K, committed 5960K, reserved 1048576K
}
2020-07-01T08:33:10.709+0200: 400145.352: Total time for which application threads were stopped: 0.0385458 seconds, Stopping threads took: 0.0001065 seconds
{Heap before GC invocations=495862 (full 2):
 par new generation   total 368640K, used 327682K [0x00000006c1c00000, 0x00000006dac00000, 0x00000006dac00000)
  eden space 327680K, 100% used [0x00000006c1c00000, 0x00000006d5c00000, 0x00000006d5c00000)
  from space 40960K,   0% used [0x00000006d5c00000, 0x00000006d5c00810, 0x00000006d8400000)
  to   space 40960K,   0% used [0x00000006d8400000, 0x00000006d8400000, 0x00000006dac00000)
 concurrent mark-sweep generation total 3756032K, used 1086947K [0x00000006dac00000, 0x00000007c0000000, 0x00000007c0000000)
 Metaspace       used 42573K, capacity 43892K, committed 44572K, reserved 1087488K
  class space    used 5454K, capacity 5756K, committed 5960K, reserved 1048576K
2020-07-01T08:33:11.042+0200: 400145.685: [GC (Allocation Failure) 2020-07-01T08:33:11.042+0200: 400145.685: [ParNew
Desired survivor size 20971520 bytes, new threshold 1 (max 1)
- age   1:        240 bytes,        240 total
: 327682K->4K(368640K), 0.0071540 secs] 1414629K->1086951K(4124672K), 0.0072815 secs] [Times: user=0.03 sys=0.00, real=0.01 secs] 
Heap after GC invocations=495863 (full 2):
 par new generation   total 368640K, used 4K [0x00000006c1c00000, 0x00000006dac00000, 0x00000006dac00000)
  eden space 327680K,   0% used [0x00000006c1c00000, 0x00000006c1c00000, 0x00000006d5c00000)
  from space 40960K,   0% used [0x00000006d8400000, 0x00000006d8401020, 0x00000006dac00000)
  to   space 40960K,   0% used [0x00000006d5c00000, 0x00000006d5c00000, 0x00000006d8400000)
 concurrent mark-sweep generation total 3756032K, used 1086947K [0x00000006dac00000, 0x00000007c0000000, 0x00000007c0000000)
 Metaspace       used 42573K, capacity 43892K, committed 44572K, reserved 1087488K
  class space    used 5454K, capacity 5756K, committed 5960K, reserved 1048576K
}
2020-07-01T08:33:11.049+0200: 400145.692: Total time for which application threads were stopped: 0.0076461 seconds, Stopping threads took: 0.0001145 seconds
{Heap before GC invocations=495863 (full 2):
 par new generation   total 368640K, used 327684K [0x00000006c1c00000, 0x00000006dac00000, 0x00000006dac00000)
  eden space 327680K, 100% used [0x00000006c1c00000, 0x00000006d5c00000, 0x00000006d5c00000)
  from space 40960K,   0% used [0x00000006d8400000, 0x00000006d8401020, 0x00000006dac00000)
  to   space 40960K,   0% used [0x00000006d5c00000, 0x00000006d5c00000, 0x00000006d8400000)
 concurrent mark-sweep generation total 3756032K, used 1086947K [0x00000006dac00000, 0x00000007c0000000, 0x00000007c0000000)
 Metaspace       used 42573K, capacity 43892K, committed 44572K, reserved 1087488K
  class space    used 5454K, capacity 5756K, committed 5960K, reserved 1048576K
2020-07-01T08:33:11.355+0200: 400145.998: [GC (Allocation Failure) 2020-07-01T08:33:11.355+0200: 400145.998: [ParNew
Desired survivor size 20971520 bytes, new threshold 1 (max 1)
- age   1:        304 bytes,        304 total
: 327684K->2K(368640K), 0.0139055 secs] 1414631K->1086949K(4124672K), 0.0140521 secs] [Times: user=0.00 sys=0.00, real=0.02 secs] 
Heap after GC invocations=495864 (full 2):
 par new generation   total 368640K, used 2K [0x00000006c1c00000, 0x00000006dac00000, 0x00000006dac00000)
  eden space 327680K,   0% used [0x00000006c1c00000, 0x00000006c1c00000, 0x00000006d5c00000)
  from space 40960K,   0% used [0x00000006d5c00000, 0x00000006d5c00810, 0x00000006d8400000)
  to   space 40960K,   0% used [0x00000006d8400000, 0x00000006d8400000, 0x00000006dac00000)
 concurrent mark-sweep generation total 3756032K, used 1086947K [0x00000006dac00000, 0x00000007c0000000, 0x00000007c0000000)
 Metaspace       used 42573K, capacity 43892K, committed 44572K, reserved 1087488K
  class space    used 5454K, capacity 5756K, committed 5960K, reserved 1048576K
}
2020-07-01T08:33:11.369+0200: 400146.012: Total time for which application threads were stopped: 0.0144541 seconds, Stopping threads took: 0.0001614 seconds
{Heap before GC invocations=495864 (full 2):
 par new generation   total 368640K, used 327682K [0x00000006c1c00000, 0x00000006dac00000, 0x00000006dac00000)
  eden space 327680K, 100% used [0x00000006c1c00000, 0x00000006d5c00000, 0x00000006d5c00000)
  from space 40960K,   0% used [0x00000006d5c00000, 0x00000006d5c00810, 0x00000006d8400000)
  to   space 40960K,   0% used [0x00000006d8400000, 0x00000006d8400000, 0x00000006dac00000)
 concurrent mark-sweep generation total 3756032K, used 1086947K [0x00000006dac00000, 0x00000007c0000000, 0x00000007c0000000)
 Metaspace       used 42573K, capacity 43892K, committed 44572K, reserved 1087488K
  class space    used 5454K, capacity 5756K, committed 5960K, reserved 1048576K
2020-07-01T08:33:11.679+0200: 400146.321: [GC (Allocation Failure) 2020-07-01T08:33:11.679+0200: 400146.321: [ParNew
Desired survivor size 20971520 bytes, new threshold 1 (max 1)
- age   1:        240 bytes,        240 total
: 327682K->4K(368640K), 0.0146479 secs] 1414629K->1086951K(4124672K), 0.0148243 secs] [Times: user=0.01 sys=0.00, real=0.01 secs] 
Heap after GC invocations=495865 (full 2):
 par new generation   total 368640K, used 4K [0x00000006c1c00000, 0x00000006dac00000, 0x00000006dac00000)
  eden space 327680K,   0% used [0x00000006c1c00000, 0x00000006c1c00000, 0x00000006d5c00000)
  from space 40960K,   0% used [0x00000006d8400000, 0x00000006d8401020, 0x00000006dac00000)
  to   space 40960K,   0% used [0x00000006d5c00000, 0x00000006d5c00000, 0x00000006d8400000)
 concurrent mark-sweep generation total 3756032K, used 1086947K [0x00000006dac00000, 0x00000007c0000000, 0x00000007c0000000)
 Metaspace       used 42573K, capacity 43892K, committed 44572K, reserved 1087488K
  class space    used 5454K, capacity 5756K, committed 5960K, reserved 1048576K
}
2020-07-01T08:33:11.694+0200: 400146.336: Total time for which application threads were stopped: 0.0151182 seconds, Stopping threads took: 0.0000520 seconds
{Heap before GC invocations=495865 (full 2):
 par new generation   total 368640K, used 327684K [0x00000006c1c00000, 0x00000006dac00000, 0x00000006dac00000)
  eden space 327680K, 100% used [0x00000006c1c00000, 0x00000006d5c00000, 0x00000006d5c00000)
  from space 40960K,   0% used [0x00000006d8400000, 0x00000006d8401020, 0x00000006dac00000)
  to   space 40960K,   0% used [0x00000006d5c00000, 0x00000006d5c00000, 0x00000006d8400000)
 concurrent mark-sweep generation total 3756032K, used 1086947K [0x00000006dac00000, 0x00000007c0000000, 0x00000007c0000000)
 Metaspace       used 42573K, capacity 43892K, committed 44572K, reserved 1087488K
  class space    used 5454K, capacity 5756K, committed 5960K, reserved 1048576K
2020-07-01T08:33:11.974+0200: 400146.617: [GC (Allocation Failure) 2020-07-01T08:33:11.974+0200: 400146.617: [ParNew
Desired survivor size 20971520 bytes, new threshold 1 (max 1)
- age   1:        240 bytes,        240 total
: 327684K->2K(368640K), 0.0224176 secs] 1414631K->1086949K(4124672K), 0.0225439 secs] [Times: user=0.03 sys=0.00, real=0.02 secs] 
Heap after GC invocations=495866 (full 2):
 par new generation   total 368640K, used 2K [0x00000006c1c00000, 0x00000006dac00000, 0x00000006dac00000)
  eden space 327680K,   0% used [0x00000006c1c00000, 0x00000006c1c00000, 0x00000006d5c00000)
  from space 40960K,   0% used [0x00000006d5c00000, 0x00000006d5c00810, 0x00000006d8400000)
  to   space 40960K,   0% used [0x00000006d8400000, 0x00000006d8400000, 0x00000006dac00000)
 concurrent mark-sweep generation total 3756032K, used 1086947K [0x00000006dac00000, 0x00000007c0000000, 0x00000007c0000000)
 Metaspace       used 42573K, capacity 43892K, committed 44572K, reserved 1087488K
  class space    used 5454K, capacity 5756K, committed 5960K, reserved 1048576K
}
2020-07-01T08:33:11.997+0200: 400146.640: Total time for which application threads were stopped: 0.0228801 seconds, Stopping threads took: 0.0000476 seconds
{Heap before GC invocations=495866 (full 2):
 par new generation   total 368640K, used 327682K [0x00000006c1c00000, 0x00000006dac00000, 0x00000006dac00000)
  eden space 327680K, 100% used [0x00000006c1c00000, 0x00000006d5c00000, 0x00000006d5c00000)
  from space 40960K,   0% used [0x00000006d5c00000, 0x00000006d5c00810, 0x00000006d8400000)
  to   space 40960K,   0% used [0x00000006d8400000, 0x00000006d8400000, 0x00000006dac00000)
 concurrent mark-sweep generation total 3756032K, used 1086947K [0x00000006dac00000, 0x00000007c0000000, 0x00000007c0000000)
 Metaspace       used 42573K, capacity 43892K, committed 44572K, reserved 1087488K
  class space    used 5454K, capacity 5756K, committed 5960K, reserved 1048576K
2020-07-01T08:33:12.316+0200: 400146.959: [GC (Allocation Failure) 2020-07-01T08:33:12.316+0200: 400146.959: [ParNew
Desired survivor size 20971520 bytes, new threshold 1 (max 1)
- age   1:        304 bytes,        304 total
: 327682K->2K(368640K), 0.0159757 secs] 1414629K->1086949K(4124672K), 0.0160868 secs] [Times: user=0.00 sys=0.00, real=0.02 secs] 
Heap after GC invocations=495867 (full 2):
 par new generation   total 368640K, used 2K [0x00000006c1c00000, 0x00000006dac00000, 0x00000006dac00000)
  eden space 327680K,   0% used [0x00000006c1c00000, 0x00000006c1c00000, 0x00000006d5c00000)
  from space 40960K,   0% used [0x00000006d8400000, 0x00000006d8400810, 0x00000006dac00000)
  to   space 40960K,   0% used [0x00000006d5c00000, 0x00000006d5c00000, 0x00000006d8400000)
 concurrent mark-sweep generation total 3756032K, used 1086947K [0x00000006dac00000, 0x00000007c0000000, 0x00000007c0000000)
 Metaspace       used 42573K, capacity 43892K, committed 44572K, reserved 1087488K
  class space    used 5454K, capacity 5756K, committed 5960K, reserved 1048576K
}
2020-07-01T08:33:12.332+0200: 400146.975: Total time for which application threads were stopped: 0.0163709 seconds, Stopping threads took: 0.0000473 seconds
{Heap before GC invocations=495867 (full 2):
 par new generation   total 368640K, used 327682K [0x00000006c1c00000, 0x00000006dac00000, 0x00000006dac00000)
  eden space 327680K, 100% used [0x00000006c1c00000, 0x00000006d5c00000, 0x00000006d5c00000)
  from space 40960K,   0% used [0x00000006d8400000, 0x00000006d8400810, 0x00000006dac00000)
  to   space 40960K,   0% used [0x00000006d5c00000, 0x00000006d5c00000, 0x00000006d8400000)
 concurrent mark-sweep generation total 3756032K, used 1086947K [0x00000006dac00000, 0x00000007c0000000, 0x00000007c0000000)
 Metaspace       used 42573K, capacity 43892K, committed 44572K, reserved 1087488K
  class space    used 5454K, capacity 5756K, committed 5960K, reserved 1048576K
2020-07-01T08:33:12.612+0200: 400147.255: [GC (Allocation Failure) 2020-07-01T08:33:12.612+0200: 400147.255: [ParNew
Desired survivor size 20971520 bytes, new threshold 1 (max 1)
- age   1:        272 bytes,        272 total
: 327682K->4K(368640K), 0.0138812 secs] 1414629K->1086952K(4124672K), 0.0140112 secs] [Times: user=0.03 sys=0.00, real=0.01 secs] 
Heap after GC invocations=495868 (full 2):
 par new generation   total 368640K, used 4K [0x00000006c1c00000, 0x00000006dac00000, 0x00000006dac00000)
  eden space 327680K,   0% used [0x00000006c1c00000, 0x00000006c1c00000, 0x00000006d5c00000)
  from space 40960K,   0% used [0x00000006d5c00000, 0x00000006d5c01020, 0x00000006d8400000)
  to   space 40960K,   0% used [0x00000006d8400000, 0x00000006d8400000, 0x00000006dac00000)
 concurrent mark-sweep generation total 3756032K, used 1086948K [0x00000006dac00000, 0x00000007c0000000, 0x00000007c0000000)
 Metaspace       used 42573K, capacity 43892K, committed 44572K, reserved 1087488K
  class space    used 5454K, capacity 5756K, committed 5960K, reserved 1048576K
}
2020-07-01T08:33:12.626+0200: 400147.269: Total time for which application threads were stopped: 0.0143350 seconds, Stopping threads took: 0.0000712 seconds
{Heap before GC invocations=495868 (full 2):
 par new generation   total 368640K, used 327684K [0x00000006c1c00000, 0x00000006dac00000, 0x00000006dac00000)
  eden space 327680K, 100% used [0x00000006c1c00000, 0x00000006d5c00000, 0x00000006d5c00000)
  from space 40960K,   0% used [0x00000006d5c00000, 0x00000006d5c01020, 0x00000006d8400000)
  to   space 40960K,   0% used [0x00000006d8400000, 0x00000006d8400000, 0x00000006dac00000)
 concurrent mark-sweep generation total 3756032K, used 1086948K [0x00000006dac00000, 0x00000007c0000000, 0x00000007c0000000)
 Metaspace       used 42573K, capacity 43892K, committed 44572K, reserved 1087488K
  class space    used 5454K, capacity 5756K, committed 5960K, reserved 1048576K
2020-07-01T08:33:12.950+0200: 400147.593: [GC (Allocation Failure) 2020-07-01T08:33:12.950+0200: 400147.593: [ParNew
Desired survivor size 20971520 bytes, new threshold 1 (max 1)
- age   1:        240 bytes,        240 total
: 327684K->6K(368640K), 0.0086258 secs] 1414632K->1086954K(4124672K), 0.0088053 secs] [Times: user=0.00 sys=0.00, real=0.01 secs] 
Heap after GC invocations=495869 (full 2):
 par new generation   total 368640K, used 6K [0x00000006c1c00000, 0x00000006dac00000, 0x00000006dac00000)
  eden space 327680K,   0% used [0x00000006c1c00000, 0x00000006c1c00000, 0x00000006d5c00000)
  from space 40960K,   0% used [0x00000006d8400000, 0x00000006d8401830, 0x00000006dac00000)
  to   space 40960K,   0% used [0x00000006d5c00000, 0x00000006d5c00000, 0x00000006d8400000)
 concurrent mark-sweep generation total 3756032K, used 1086948K [0x00000006dac00000, 0x00000007c0000000, 0x00000007c0000000)
 Metaspace       used 42573K, capacity 43892K, committed 44572K, reserved 1087488K
  class space    used 5454K, capacity 5756K, committed 5960K, reserved 1048576K
}
2020-07-01T08:33:12.959+0200: 400147.602: Total time for which application threads were stopped: 0.0092634 seconds, Stopping threads took: 0.0001696 seconds
{Heap before GC invocations=495869 (full 2):
 par new generation   total 368640K, used 327686K [0x00000006c1c00000, 0x00000006dac00000, 0x00000006dac00000)
  eden space 327680K, 100% used [0x00000006c1c00000, 0x00000006d5c00000, 0x00000006d5c00000)
  from space 40960K,   0% used [0x00000006d8400000, 0x00000006d8401830, 0x00000006dac00000)
  to   space 40960K,   0% used [0x00000006d5c00000, 0x00000006d5c00000, 0x00000006d8400000)
 concurrent mark-sweep generation total 3756032K, used 1086948K [0x00000006dac00000, 0x00000007c0000000, 0x00000007c0000000)
 Metaspace       used 42573K, capacity 43892K, committed 44572K, reserved 1087488K
  class space    used 5454K, capacity 5756K, committed 5960K, reserved 1048576K
2020-07-01T08:33:13.240+0200: 400147.883: [GC (Allocation Failure) 2020-07-01T08:33:13.240+0200: 400147.883: [ParNew
Desired survivor size 20971520 bytes, new threshold 1 (max 1)
- age   1:        304 bytes,        304 total
: 327686K->4K(368640K), 0.0110801 secs] 1414634K->1086952K(4124672K), 0.0112095 secs] [Times: user=0.03 sys=0.00, real=0.01 secs] 
Heap after GC invocations=495870 (full 2):
 par new generation   total 368640K, used 4K [0x00000006c1c00000, 0x00000006dac00000, 0x00000006dac00000)
  eden space 327680K,   0% used [0x00000006c1c00000, 0x00000006c1c00000, 0x00000006d5c00000)
  from space 40960K,   0% used [0x00000006d5c00000, 0x00000006d5c01020, 0x00000006d8400000)
  to   space 40960K,   0% used [0x00000006d8400000, 0x00000006d8400000, 0x00000006dac00000)
 concurrent mark-sweep generation total 3756032K, used 1086948K [0x00000006dac00000, 0x00000007c0000000, 0x00000007c0000000)
 Metaspace       used 42573K, capacity 43892K, committed 44572K, reserved 1087488K
  class space    used 5454K, capacity 5756K, committed 5960K, reserved 1048576K
}
2020-07-01T08:33:13.251+0200: 400147.894: Total time for which application threads were stopped: 0.0115838 seconds, Stopping threads took: 0.0001149 seconds
{Heap before GC invocations=495870 (full 2):
 par new generation   total 368640K, used 327684K [0x00000006c1c00000, 0x00000006dac00000, 0x00000006dac00000)
  eden space 327680K, 100% used [0x00000006c1c00000, 0x00000006d5c00000, 0x00000006d5c00000)
  from space 40960K,   0% used [0x00000006d5c00000, 0x00000006d5c01020, 0x00000006d8400000)
  to   space 40960K,   0% used [0x00000006d8400000, 0x00000006d8400000, 0x00000006dac00000)
 concurrent mark-sweep generation total 3756032K, used 1086948K [0x00000006dac00000, 0x00000007c0000000, 0x00000007c0000000)
 Metaspace       used 42573K, capacity 43892K, committed 44572K, reserved 1087488K
  class space    used 5454K, capacity 5756K, committed 5960K, reserved 1048576K
2020-07-01T08:33:13.934+0200: 400148.577: [GC (Allocation Failure) 2020-07-01T08:33:13.934+0200: 400148.577: [ParNew
Desired survivor size 20971520 bytes, new threshold 1 (max 1)
- age   1:        240 bytes,        240 total
: 327684K->2K(368640K), 0.1632569 secs] 1414632K->1086950K(4124672K), 0.1633780 secs] [Times: user=0.01 sys=0.00, real=0.16 secs] 
Heap after GC invocations=495871 (full 2):
 par new generation   total 368640K, used 2K [0x00000006c1c00000, 0x00000006dac00000, 0x00000006dac00000)
  eden space 327680K,   0% used [0x00000006c1c00000, 0x00000006c1c00000, 0x00000006d5c00000)
  from space 40960K,   0% used [0x00000006d8400000, 0x00000006d8400810, 0x00000006dac00000)
  to   space 40960K,   0% used [0x00000006d5c00000, 0x00000006d5c00000, 0x00000006d8400000)
 concurrent mark-sweep generation total 3756032K, used 1086948K [0x00000006dac00000, 0x00000007c0000000, 0x00000007c0000000)
 Metaspace       used 42573K, capacity 43892K, committed 44572K, reserved 1087488K
  class space    used 5454K, capacity 5756K, committed 5960K, reserved 1048576K
}
2020-07-01T08:33:14.097+0200: 400148.740: Total time for which application threads were stopped: 0.1636883 seconds, Stopping threads took: 0.0000493 seconds
{Heap before GC invocations=495871 (full 2):
 par new generation   total 368640K, used 327682K [0x00000006c1c00000, 0x00000006dac00000, 0x00000006dac00000)
  eden space 327680K, 100% used [0x00000006c1c00000, 0x00000006d5c00000, 0x00000006d5c00000)
  from space 40960K,   0% used [0x00000006d8400000, 0x00000006d8400810, 0x00000006dac00000)
  to   space 40960K,   0% used [0x00000006d5c00000, 0x00000006d5c00000, 0x00000006d8400000)
 concurrent mark-sweep generation total 3756032K, used 1086948K [0x00000006dac00000, 0x00000007c0000000, 0x00000007c0000000)
 Metaspace       used 42573K, capacity 43892K, committed 44572K, reserved 1087488K
  class space    used 5454K, capacity 5756K, committed 5960K, reserved 1048576K
2020-07-01T08:33:14.495+0200: 400149.137: [GC (Allocation Failure) 2020-07-01T08:33:14.495+0200: 400149.138: [ParNew
Desired survivor size 20971520 bytes, new threshold 1 (max 1)
- age   1:        304 bytes,        304 total
: 327682K->2K(368640K), 0.0188187 secs] 1414630K->1086950K(4124672K), 0.0189642 secs] [Times: user=0.02 sys=0.00, real=0.02 secs] 
Heap after GC invocations=495872 (full 2):
 par new generation   total 368640K, used 2K [0x00000006c1c00000, 0x00000006dac00000, 0x00000006dac00000)
  eden space 327680K,   0% used [0x00000006c1c00000, 0x00000006c1c00000, 0x00000006d5c00000)
  from space 40960K,   0% used [0x00000006d5c00000, 0x00000006d5c00810, 0x00000006d8400000)
  to   space 40960K,   0% used [0x00000006d8400000, 0x00000006d8400000, 0x00000006dac00000)
 concurrent mark-sweep generation total 3756032K, used 1086948K [0x00000006dac00000, 0x00000007c0000000, 0x00000007c0000000)
 Metaspace       used 42573K, capacity 43892K, committed 44572K, reserved 1087488K
  class space    used 5454K, capacity 5756K, committed 5960K, reserved 1048576K
}
2020-07-01T08:33:14.514+0200: 400149.157: Total time for which application threads were stopped: 0.0192595 seconds, Stopping threads took: 0.0000514 seconds
{Heap before GC invocations=495872 (full 2):
 par new generation   total 368640K, used 327682K [0x00000006c1c00000, 0x00000006dac00000, 0x00000006dac00000)
  eden space 327680K, 100% used [0x00000006c1c00000, 0x00000006d5c00000, 0x00000006d5c00000)
  from space 40960K,   0% used [0x00000006d5c00000, 0x00000006d5c00810, 0x00000006d8400000)
  to   space 40960K,   0% used [0x00000006d8400000, 0x00000006d8400000, 0x00000006dac00000)
 concurrent mark-sweep generation total 3756032K, used 1086948K [0x00000006dac00000, 0x00000007c0000000, 0x00000007c0000000)
 Metaspace       used 42573K, capacity 43892K, committed 44572K, reserved 1087488K
  class space    used 5454K, capacity 5756K, committed 5960K, reserved 1048576K
2020-07-01T08:33:14.796+0200: 400149.438: [GC (Allocation Failure) 2020-07-01T08:33:14.796+0200: 400149.439: [ParNew
Desired survivor size 20971520 bytes, new threshold 1 (max 1)
- age   1:        272 bytes,        272 total
: 327682K->4K(368640K), 0.0093013 secs] 1414630K->1086952K(4124672K), 0.0094360 secs] [Times: user=0.00 sys=0.00, real=0.01 secs] 
Heap after GC invocations=495873 (full 2):
 par new generation   total 368640K, used 4K [0x00000006c1c00000, 0x00000006dac00000, 0x00000006dac00000)
  eden space 327680K,   0% used [0x00000006c1c00000, 0x00000006c1c00000, 0x00000006d5c00000)
  from space 40960K,   0% used [0x00000006d8400000, 0x00000006d8401020, 0x00000006dac00000)
  to   space 40960K,   0% used [0x00000006d5c00000, 0x00000006d5c00000, 0x00000006d8400000)
 concurrent mark-sweep generation total 3756032K, used 1086948K [0x00000006dac00000, 0x00000007c0000000, 0x00000007c0000000)
 Metaspace       used 42573K, capacity 43892K, committed 44572K, reserved 1087488K
  class space    used 5454K, capacity 5756K, committed 5960K, reserved 1048576K
}
2020-07-01T08:33:14.805+0200: 400149.448: Total time for which application threads were stopped: 0.0098030 seconds, Stopping threads took: 0.0001348 seconds
{Heap before GC invocations=495873 (full 2):
 par new generation   total 368640K, used 327684K [0x00000006c1c00000, 0x00000006dac00000, 0x00000006dac00000)
  eden space 327680K, 100% used [0x00000006c1c00000, 0x00000006d5c00000, 0x00000006d5c00000)
  from space 40960K,   0% used [0x00000006d8400000, 0x00000006d8401020, 0x00000006dac00000)
  to   space 40960K,   0% used [0x00000006d5c00000, 0x00000006d5c00000, 0x00000006d8400000)
 concurrent mark-sweep generation total 3756032K, used 1086948K [0x00000006dac00000, 0x00000007c0000000, 0x00000007c0000000)
 Metaspace       used 42573K, capacity 43892K, committed 44572K, reserved 1087488K
  class space    used 5454K, capacity 5756K, committed 5960K, reserved 1048576K
2020-07-01T08:33:15.081+0200: 400149.724: [GC (Allocation Failure) 2020-07-01T08:33:15.081+0200: 400149.724: [ParNew
Desired survivor size 20971520 bytes, new threshold 1 (max 1)
- age   1:        240 bytes,        240 total
: 327684K->2K(368640K), 0.0627569 secs] 1414632K->1086950K(4124672K), 0.0628746 secs] [Times: user=0.04 sys=0.00, real=0.06 secs] 
Heap after GC invocations=495874 (full 2):
 par new generation   total 368640K, used 2K [0x00000006c1c00000, 0x00000006dac00000, 0x00000006dac00000)
  eden space 327680K,   0% used [0x00000006c1c00000, 0x00000006c1c00000, 0x00000006d5c00000)
  from space 40960K,   0% used [0x00000006d5c00000, 0x00000006d5c00810, 0x00000006d8400000)
  to   space 40960K,   0% used [0x00000006d8400000, 0x00000006d8400000, 0x00000006dac00000)
 concurrent mark-sweep generation total 3756032K, used 1086948K [0x00000006dac00000, 0x00000007c0000000, 0x00000007c0000000)
 Metaspace       used 42573K, capacity 43892K, committed 44572K, reserved 1087488K
  class space    used 5454K, capacity 5756K, committed 5960K, reserved 1048576K
}
2020-07-01T08:33:15.144+0200: 400149.787: Total time for which application threads were stopped: 0.0631577 seconds, Stopping threads took: 0.0000486 seconds
{Heap before GC invocations=495874 (full 2):
 par new generation   total 368640K, used 327682K [0x00000006c1c00000, 0x00000006dac00000, 0x00000006dac00000)
  eden space 327680K, 100% used [0x00000006c1c00000, 0x00000006d5c00000, 0x00000006d5c00000)
  from space 40960K,   0% used [0x00000006d5c00000, 0x00000006d5c00810, 0x00000006d8400000)
  to   space 40960K,   0% used [0x00000006d8400000, 0x00000006d8400000, 0x00000006dac00000)
 concurrent mark-sweep generation total 3756032K, used 1086948K [0x00000006dac00000, 0x00000007c0000000, 0x00000007c0000000)
 Metaspace       used 42573K, capacity 43892K, committed 44572K, reserved 1087488K
  class space    used 5454K, capacity 5756K, committed 5960K, reserved 1048576K
2020-07-01T08:33:15.510+0200: 400150.153: [GC (Allocation Failure) 2020-07-01T08:33:15.510+0200: 400150.153: [ParNew
Desired survivor size 20971520 bytes, new threshold 1 (max 1)
- age   1:        336 bytes,        336 total
: 327682K->2K(368640K), 0.0174723 secs] 1414630K->1086950K(4124672K), 0.0178568 secs] [Times: user=0.00 sys=0.00, real=0.02 secs] 
Heap after GC invocations=495875 (full 2):
 par new generation   total 368640K, used 2K [0x00000006c1c00000, 0x00000006dac00000, 0x00000006dac00000)
  eden space 327680K,   0% used [0x00000006c1c00000, 0x00000006c1c00000, 0x00000006d5c00000)
  from space 40960K,   0% used [0x00000006d8400000, 0x00000006d8400810, 0x00000006dac00000)
  to   space 40960K,   0% used [0x00000006d5c00000, 0x00000006d5c00000, 0x00000006d8400000)
 concurrent mark-sweep generation total 3756032K, used 1086948K [0x00000006dac00000, 0x00000007c0000000, 0x00000007c0000000)
 Metaspace       used 42573K, capacity 43892K, committed 44572K, reserved 1087488K
  class space    used 5454K, capacity 5756K, committed 5960K, reserved 1048576K
}
2020-07-01T08:33:15.528+0200: 400150.171: Total time for which application threads were stopped: 0.0183529 seconds, Stopping threads took: 0.0001139 seconds
{Heap before GC invocations=495875 (full 2):
 par new generation   total 368640K, used 327682K [0x00000006c1c00000, 0x00000006dac00000, 0x00000006dac00000)
  eden space 327680K, 100% used [0x00000006c1c00000, 0x00000006d5c00000, 0x00000006d5c00000)
  from space 40960K,   0% used [0x00000006d8400000, 0x00000006d8400810, 0x00000006dac00000)
  to   space 40960K,   0% used [0x00000006d5c00000, 0x00000006d5c00000, 0x00000006d8400000)
 concurrent mark-sweep generation total 3756032K, used 1086948K [0x00000006dac00000, 0x00000007c0000000, 0x00000007c0000000)
 Metaspace       used 42573K, capacity 43892K, committed 44572K, reserved 1087488K
  class space    used 5454K, capacity 5756K, committed 5960K, reserved 1048576K
2020-07-01T08:33:15.944+0200: 400150.587: [GC (Allocation Failure) 2020-07-01T08:33:15.944+0200: 400150.587: [ParNew
Desired survivor size 20971520 bytes, new threshold 1 (max 1)
- age   1:        240 bytes,        240 total
: 327682K->2K(368640K), 0.0183905 secs] 1414630K->1086950K(4124672K), 0.0184892 secs] [Times: user=0.02 sys=0.00, real=0.02 secs] 
Heap after GC invocations=495876 (full 2):
 par new generation   total 368640K, used 2K [0x00000006c1c00000, 0x00000006dac00000, 0x00000006dac00000)
  eden space 327680K,   0% used [0x00000006c1c00000, 0x00000006c1c00000, 0x00000006d5c00000)
  from space 40960K,   0% used [0x00000006d5c00000, 0x00000006d5c00810, 0x00000006d8400000)
  to   space 40960K,   0% used [0x00000006d8400000, 0x00000006d8400000, 0x00000006dac00000)
 concurrent mark-sweep generation total 3756032K, used 1086948K [0x00000006dac00000, 0x00000007c0000000, 0x00000007c0000000)
 Metaspace       used 42573K, capacity 43892K, committed 44572K, reserved 1087488K
  class space    used 5454K, capacity 5756K, committed 5960K, reserved 1048576K
}
2020-07-01T08:33:15.963+0200: 400150.606: Total time for which application threads were stopped: 0.0187726 seconds, Stopping threads took: 0.0000510 seconds
{Heap before GC invocations=495876 (full 2):
 par new generation   total 368640K, used 327682K [0x00000006c1c00000, 0x00000006dac00000, 0x00000006dac00000)
  eden space 327680K, 100% used [0x00000006c1c00000, 0x00000006d5c00000, 0x00000006d5c00000)
  from space 40960K,   0% used [0x00000006d5c00000, 0x00000006d5c00810, 0x00000006d8400000)
  to   space 40960K,   0% used [0x00000006d8400000, 0x00000006d8400000, 0x00000006dac00000)
 concurrent mark-sweep generation total 3756032K, used 1086948K [0x00000006dac00000, 0x00000007c0000000, 0x00000007c0000000)
 Metaspace       used 42573K, capacity 43892K, committed 44572K, reserved 1087488K
  class space    used 5454K, capacity 5756K, committed 5960K, reserved 1048576K
2020-07-01T08:33:16.323+0200: 400150.966: [GC (Allocation Failure) 2020-07-01T08:33:16.323+0200: 400150.966: [ParNew
Desired survivor size 20971520 bytes, new threshold 1 (max 1)
- age   1:        304 bytes,        304 total
: 327682K->2K(368640K), 0.0167409 secs] 1414630K->1086950K(4124672K), 0.0168381 secs] [Times: user=0.01 sys=0.02, real=0.02 secs] 
Heap after GC invocations=495877 (full 2):
 par new generation   total 368640K, used 2K [0x00000006c1c00000, 0x00000006dac00000, 0x00000006dac00000)
  eden space 327680K,   0% used [0x00000006c1c00000, 0x00000006c1c00000, 0x00000006d5c00000)
  from space 40960K,   0% used [0x00000006d8400000, 0x00000006d8400810, 0x00000006dac00000)
  to   space 40960K,   0% used [0x00000006d5c00000, 0x00000006d5c00000, 0x00000006d8400000)
 concurrent mark-sweep generation total 3756032K, used 1086948K [0x00000006dac00000, 0x00000007c0000000, 0x00000007c0000000)
 Metaspace       used 42573K, capacity 43892K, committed 44572K, reserved 1087488K
  class space    used 5454K, capacity 5756K, committed 5960K, reserved 1048576K
}
2020-07-01T08:33:16.340+0200: 400150.983: Total time for which application threads were stopped: 0.0171157 seconds, Stopping threads took: 0.0000508 seconds
{Heap before GC invocations=495877 (full 2):
 par new generation   total 368640K, used 327682K [0x00000006c1c00000, 0x00000006dac00000, 0x00000006dac00000)
  eden space 327680K, 100% used [0x00000006c1c00000, 0x00000006d5c00000, 0x00000006d5c00000)
  from space 40960K,   0% used [0x00000006d8400000, 0x00000006d8400810, 0x00000006dac00000)
  to   space 40960K,   0% used [0x00000006d5c00000, 0x00000006d5c00000, 0x00000006d8400000)
 concurrent mark-sweep generation total 3756032K, used 1086948K [0x00000006dac00000, 0x00000007c0000000, 0x00000007c0000000)
 Metaspace       used 42573K, capacity 43892K, committed 44572K, reserved 1087488K
  class space    used 5454K, capacity 5756K, committed 5960K, reserved 1048576K
2020-07-01T08:33:16.685+0200: 400151.328: [GC (Allocation Failure) 2020-07-01T08:33:16.686+0200: 400151.328: [ParNew
Desired survivor size 20971520 bytes, new threshold 1 (max 1)
- age   1:        240 bytes,        240 total
: 327682K->4K(368640K), 0.0185853 secs] 1414630K->1086952K(4124672K), 0.0187376 secs] [Times: user=0.00 sys=0.00, real=0.02 secs] 
Heap after GC invocations=495878 (full 2):
 par new generation   total 368640K, used 4K [0x00000006c1c00000, 0x00000006dac00000, 0x00000006dac00000)
  eden space 327680K,   0% used [0x00000006c1c00000, 0x00000006c1c00000, 0x00000006d5c00000)
  from space 40960K,   0% used [0x00000006d5c00000, 0x00000006d5c01020, 0x00000006d8400000)
  to   space 40960K,   0% used [0x00000006d8400000, 0x00000006d8400000, 0x00000006dac00000)
 concurrent mark-sweep generation total 3756032K, used 1086948K [0x00000006dac00000, 0x00000007c0000000, 0x00000007c0000000)
 Metaspace       used 42573K, capacity 43892K, committed 44572K, reserved 1087488K
  class space    used 5454K, capacity 5756K, committed 5960K, reserved 1048576K
}
2020-07-01T08:33:16.704+0200: 400151.347: Total time for which application threads were stopped: 0.0191091 seconds, Stopping threads took: 0.0001192 seconds
{Heap before GC invocations=495878 (full 2):
 par new generation   total 368640K, used 327684K [0x00000006c1c00000, 0x00000006dac00000, 0x00000006dac00000)
  eden space 327680K, 100% used [0x00000006c1c00000, 0x00000006d5c00000, 0x00000006d5c00000)
  from space 40960K,   0% used [0x00000006d5c00000, 0x00000006d5c01020, 0x00000006d8400000)
  to   space 40960K,   0% used [0x00000006d8400000, 0x00000006d8400000, 0x00000006dac00000)
 concurrent mark-sweep generation total 3756032K, used 1086948K [0x00000006dac00000, 0x00000007c0000000, 0x00000007c0000000)
 Metaspace       used 42573K, capacity 43892K, committed 44572K, reserved 1087488K
  class space    used 5454K, capacity 5756K, committed 5960K, reserved 1048576K
2020-07-01T08:33:17.055+0200: 400151.698: [GC (Allocation Failure) 2020-07-01T08:33:17.055+0200: 400151.698: [ParNew
Desired survivor size 20971520 bytes, new threshold 1 (max 1)
- age   1:        240 bytes,        240 total
: 327684K->4K(368640K), 0.0271502 secs] 1414632K->1086952K(4124672K), 0.0272761 secs] [Times: user=0.00 sys=0.00, real=0.03 secs] 
Heap after GC invocations=495879 (full 2):
 par new generation   total 368640K, used 4K [0x00000006c1c00000, 0x00000006dac00000, 0x00000006dac00000)
  eden space 327680K,   0% used [0x00000006c1c00000, 0x00000006c1c00000, 0x00000006d5c00000)
  from space 40960K,   0% used [0x00000006d8400000, 0x00000006d8401020, 0x00000006dac00000)
  to   space 40960K,   0% used [0x00000006d5c00000, 0x00000006d5c00000, 0x00000006d8400000)
 concurrent mark-sweep generation total 3756032K, used 1086948K [0x00000006dac00000, 0x00000007c0000000, 0x00000007c0000000)
 Metaspace       used 42573K, capacity 43892K, committed 44572K, reserved 1087488K
  class space    used 5454K, capacity 5756K, committed 5960K, reserved 1048576K
}
2020-07-01T08:33:17.082+0200: 400151.725: Total time for which application threads were stopped: 0.0275612 seconds, Stopping threads took: 0.0000459 seconds
{Heap before GC invocations=495879 (full 2):
 par new generation   total 368640K, used 327684K [0x00000006c1c00000, 0x00000006dac00000, 0x00000006dac00000)
  eden space 327680K, 100% used [0x00000006c1c00000, 0x00000006d5c00000, 0x00000006d5c00000)
  from space 40960K,   0% used [0x00000006d8400000, 0x00000006d8401020, 0x00000006dac00000)
  to   space 40960K,   0% used [0x00000006d5c00000, 0x00000006d5c00000, 0x00000006d8400000)
 concurrent mark-sweep generation total 3756032K, used 1086948K [0x00000006dac00000, 0x00000007c0000000, 0x00000007c0000000)
 Metaspace       used 42573K, capacity 43892K, committed 44572K, reserved 1087488K
  class space    used 5454K, capacity 5756K, committed 5960K, reserved 1048576K
2020-07-01T08:33:17.448+0200: 400152.091: [GC (Allocation Failure) 2020-07-01T08:33:17.448+0200: 400152.091: [ParNew
Desired survivor size 20971520 bytes, new threshold 1 (max 1)
- age   1:        368 bytes,        368 total
: 327684K->4K(368640K), 0.0192000 secs] 1414632K->1086952K(4124672K), 0.0193472 secs] [Times: user=0.00 sys=0.00, real=0.01 secs] 
Heap after GC invocations=495880 (full 2):
 par new generation   total 368640K, used 4K [0x00000006c1c00000, 0x00000006dac00000, 0x00000006dac00000)
  eden space 327680K,   0% used [0x00000006c1c00000, 0x00000006c1c00000, 0x00000006d5c00000)
  from space 40960K,   0% used [0x00000006d5c00000, 0x00000006d5c01020, 0x00000006d8400000)
  to   space 40960K,   0% used [0x00000006d8400000, 0x00000006d8400000, 0x00000006dac00000)
 concurrent mark-sweep generation total 3756032K, used 1086948K [0x00000006dac00000, 0x00000007c0000000, 0x00000007c0000000)
 Metaspace       used 42573K, capacity 43892K, committed 44572K, reserved 1087488K
  class space    used 5454K, capacity 5756K, committed 5960K, reserved 1048576K
}
2020-07-01T08:33:17.468+0200: 400152.111: Total time for which application threads were stopped: 0.0200694 seconds, Stopping threads took: 0.0004718 seconds
{Heap before GC invocations=495880 (full 2):
 par new generation   total 368640K, used 327684K [0x00000006c1c00000, 0x00000006dac00000, 0x00000006dac00000)
  eden space 327680K, 100% used [0x00000006c1c00000, 0x00000006d5c00000, 0x00000006d5c00000)
  from space 40960K,   0% used [0x00000006d5c00000, 0x00000006d5c01020, 0x00000006d8400000)
  to   space 40960K,   0% used [0x00000006d8400000, 0x00000006d8400000, 0x00000006dac00000)
 concurrent mark-sweep generation total 3756032K, used 1086948K [0x00000006dac00000, 0x00000007c0000000, 0x00000007c0000000)
 Metaspace       used 42573K, capacity 43892K, committed 44572K, reserved 1087488K
  class space    used 5454K, capacity 5756K, committed 5960K, reserved 1048576K
2020-07-01T08:33:17.852+0200: 400152.495: [GC (Allocation Failure) 2020-07-01T08:33:17.852+0200: 400152.495: [ParNew
Desired survivor size 20971520 bytes, new threshold 1 (max 1)
- age   1:        504 bytes,        504 total
: 327684K->6K(368640K), 0.0094008 secs] 1414632K->1086954K(4124672K), 0.0095221 secs] [Times: user=0.05 sys=0.00, real=0.01 secs] 
Heap after GC invocations=495881 (full 2):
 par new generation   total 368640K, used 6K [0x00000006c1c00000, 0x00000006dac00000, 0x00000006dac00000)
  eden space 327680K,   0% used [0x00000006c1c00000, 0x00000006c1c00000, 0x00000006d5c00000)
  from space 40960K,   0% used [0x00000006d8400000, 0x00000006d8401830, 0x00000006dac00000)
  to   space 40960K,   0% used [0x00000006d5c00000, 0x00000006d5c00000, 0x00000006d8400000)
 concurrent mark-sweep generation total 3756032K, used 1086948K [0x00000006dac00000, 0x00000007c0000000, 0x00000007c0000000)
 Metaspace       used 42573K, capacity 43892K, committed 44572K, reserved 1087488K
  class space    used 5454K, capacity 5756K, committed 5960K, reserved 1048576K
}
2020-07-01T08:33:17.862+0200: 400152.505: Total time for which application threads were stopped: 0.0098196 seconds, Stopping threads took: 0.0000458 seconds
{Heap before GC invocations=495881 (full 2):
 par new generation   total 368640K, used 327686K [0x00000006c1c00000, 0x00000006dac00000, 0x00000006dac00000)
  eden space 327680K, 100% used [0x00000006c1c00000, 0x00000006d5c00000, 0x00000006d5c00000)
  from space 40960K,   0% used [0x00000006d8400000, 0x00000006d8401830, 0x00000006dac00000)
  to   space 40960K,   0% used [0x00000006d5c00000, 0x00000006d5c00000, 0x00000006d8400000)
 concurrent mark-sweep generation total 3756032K, used 1086948K [0x00000006dac00000, 0x00000007c0000000, 0x00000007c0000000)
 Metaspace       used 42573K, capacity 43892K, committed 44572K, reserved 1087488K
  class space    used 5454K, capacity 5756K, committed 5960K, reserved 1048576K
2020-07-01T08:33:18.225+0200: 400152.867: [GC (Allocation Failure) 2020-07-01T08:33:18.225+0200: 400152.867: [ParNew
Desired survivor size 20971520 bytes, new threshold 1 (max 1)
- age   1:        304 bytes,        304 total
: 327686K->6K(368640K), 0.0104016 secs] 1414634K->1086954K(4124672K), 0.0105424 secs] [Times: user=0.00 sys=0.00, real=0.01 secs] 
Heap after GC invocations=495882 (full 2):
 par new generation   total 368640K, used 6K [0x00000006c1c00000, 0x00000006dac00000, 0x00000006dac00000)
  eden space 327680K,   0% used [0x00000006c1c00000, 0x00000006c1c00000, 0x00000006d5c00000)
  from space 40960K,   0% used [0x00000006d5c00000, 0x00000006d5c01830, 0x00000006d8400000)
  to   space 40960K,   0% used [0x00000006d8400000, 0x00000006d8400000, 0x00000006dac00000)
 concurrent mark-sweep generation total 3756032K, used 1086948K [0x00000006dac00000, 0x00000007c0000000, 0x00000007c0000000)
 Metaspace       used 42573K, capacity 43892K, committed 44572K, reserved 1087488K
  class space    used 5454K, capacity 5756K, committed 5960K, reserved 1048576K
}
2020-07-01T08:33:18.235+0200: 400152.878: Total time for which application threads were stopped: 0.0112624 seconds, Stopping threads took: 0.0004762 seconds
{Heap before GC invocations=495882 (full 2):
 par new generation   total 368640K, used 327686K [0x00000006c1c00000, 0x00000006dac00000, 0x00000006dac00000)
  eden space 327680K, 100% used [0x00000006c1c00000, 0x00000006d5c00000, 0x00000006d5c00000)
  from space 40960K,   0% used [0x00000006d5c00000, 0x00000006d5c01830, 0x00000006d8400000)
  to   space 40960K,   0% used [0x00000006d8400000, 0x00000006d8400000, 0x00000006dac00000)
 concurrent mark-sweep generation total 3756032K, used 1086948K [0x00000006dac00000, 0x00000007c0000000, 0x00000007c0000000)
 Metaspace       used 42573K, capacity 43892K, committed 44572K, reserved 1087488K
  class space    used 5454K, capacity 5756K, committed 5960K, reserved 1048576K
2020-07-01T08:33:18.556+0200: 400153.199: [GC (Allocation Failure) 2020-07-01T08:33:18.556+0200: 400153.199: [ParNew
Desired survivor size 20971520 bytes, new threshold 1 (max 1)
- age   1:        272 bytes,        272 total
: 327686K->6K(368640K), 0.0089749 secs] 1414634K->1086954K(4124672K), 0.0091179 secs] [Times: user=0.05 sys=0.00, real=0.01 secs] 
Heap after GC invocations=495883 (full 2):
 par new generation   total 368640K, used 6K [0x00000006c1c00000, 0x00000006dac00000, 0x00000006dac00000)
  eden space 327680K,   0% used [0x00000006c1c00000, 0x00000006c1c00000, 0x00000006d5c00000)
  from space 40960K,   0% used [0x00000006d8400000, 0x00000006d8401830, 0x00000006dac00000)
  to   space 40960K,   0% used [0x00000006d5c00000, 0x00000006d5c00000, 0x00000006d8400000)
 concurrent mark-sweep generation total 3756032K, used 1086948K [0x00000006dac00000, 0x00000007c0000000, 0x00000007c0000000)
 Metaspace       used 42573K, capacity 43892K, committed 44572K, reserved 1087488K
  class space    used 5454K, capacity 5756K, committed 5960K, reserved 1048576K
}
2020-07-01T08:33:18.565+0200: 400153.208: Total time for which application threads were stopped: 0.0094263 seconds, Stopping threads took: 0.0000678 seconds
{Heap before GC invocations=495883 (full 2):
 par new generation   total 368640K, used 327686K [0x00000006c1c00000, 0x00000006dac00000, 0x00000006dac00000)
  eden space 327680K, 100% used [0x00000006c1c00000, 0x00000006d5c00000, 0x00000006d5c00000)
  from space 40960K,   0% used [0x00000006d8400000, 0x00000006d8401830, 0x00000006dac00000)
  to   space 40960K,   0% used [0x00000006d5c00000, 0x00000006d5c00000, 0x00000006d8400000)
 concurrent mark-sweep generation total 3756032K, used 1086948K [0x00000006dac00000, 0x00000007c0000000, 0x00000007c0000000)
 Metaspace       used 42573K, capacity 43892K, committed 44572K, reserved 1087488K
  class space    used 5454K, capacity 5756K, committed 5960K, reserved 1048576K
2020-07-01T08:33:18.857+0200: 400153.499: [GC (Allocation Failure) 2020-07-01T08:33:18.857+0200: 400153.500: [ParNew
Desired survivor size 20971520 bytes, new threshold 1 (max 1)
- age   1:        240 bytes,        240 total
: 327686K->6K(368640K), 0.0082096 secs] 1414634K->1086954K(4124672K), 0.0083473 secs] [Times: user=0.00 sys=0.00, real=0.01 secs] 
Heap after GC invocations=495884 (full 2):
 par new generation   total 368640K, used 6K [0x00000006c1c00000, 0x00000006dac00000, 0x00000006dac00000)
  eden space 327680K,   0% used [0x00000006c1c00000, 0x00000006c1c00000, 0x00000006d5c00000)
  from space 40960K,   0% used [0x00000006d5c00000, 0x00000006d5c01830, 0x00000006d8400000)
  to   space 40960K,   0% used [0x00000006d8400000, 0x00000006d8400000, 0x00000006dac00000)
 concurrent mark-sweep generation total 3756032K, used 1086948K [0x00000006dac00000, 0x00000007c0000000, 0x00000007c0000000)
 Metaspace       used 42573K, capacity 43892K, committed 44572K, reserved 1087488K
  class space    used 5454K, capacity 5756K, committed 5960K, reserved 1048576K
}
2020-07-01T08:33:18.865+0200: 400153.508: Total time for which application threads were stopped: 0.0087035 seconds, Stopping threads took: 0.0000949 seconds
{Heap before GC invocations=495884 (full 2):
 par new generation   total 368640K, used 327686K [0x00000006c1c00000, 0x00000006dac00000, 0x00000006dac00000)
  eden space 327680K, 100% used [0x00000006c1c00000, 0x00000006d5c00000, 0x00000006d5c00000)
  from space 40960K,   0% used [0x00000006d5c00000, 0x00000006d5c01830, 0x00000006d8400000)
  to   space 40960K,   0% used [0x00000006d8400000, 0x00000006d8400000, 0x00000006dac00000)
 concurrent mark-sweep generation total 3756032K, used 1086948K [0x00000006dac00000, 0x00000007c0000000, 0x00000007c0000000)
 Metaspace       used 42573K, capacity 43892K, committed 44572K, reserved 1087488K
  class space    used 5454K, capacity 5756K, committed 5960K, reserved 1048576K
2020-07-01T08:33:19.218+0200: 400153.860: [GC (Allocation Failure) 2020-07-01T08:33:19.218+0200: 400153.861: [ParNew
Desired survivor size 20971520 bytes, new threshold 1 (max 1)
- age   1:        728 bytes,        728 total
: 327686K->4K(368640K), 0.0201345 secs] 1414634K->1086952K(4124672K), 0.0202379 secs] [Times: user=0.01 sys=0.00, real=0.03 secs] 
Heap after GC invocations=495885 (full 2):
 par new generation   total 368640K, used 4K [0x00000006c1c00000, 0x00000006dac00000, 0x00000006dac00000)
  eden space 327680K,   0% used [0x00000006c1c00000, 0x00000006c1c00000, 0x00000006d5c00000)
  from space 40960K,   0% used [0x00000006d8400000, 0x00000006d8401020, 0x00000006dac00000)
  to   space 40960K,   0% used [0x00000006d5c00000, 0x00000006d5c00000, 0x00000006d8400000)
 concurrent mark-sweep generation total 3756032K, used 1086948K [0x00000006dac00000, 0x00000007c0000000, 0x00000007c0000000)
 Metaspace       used 42573K, capacity 43892K, committed 44572K, reserved 1087488K
  class space    used 5454K, capacity 5756K, committed 5960K, reserved 1048576K
}
2020-07-01T08:33:19.238+0200: 400153.881: Total time for which application threads were stopped: 0.0208151 seconds, Stopping threads took: 0.0003150 seconds
{Heap before GC invocations=495885 (full 2):
 par new generation   total 368640K, used 327684K [0x00000006c1c00000, 0x00000006dac00000, 0x00000006dac00000)
  eden space 327680K, 100% used [0x00000006c1c00000, 0x00000006d5c00000, 0x00000006d5c00000)
  from space 40960K,   0% used [0x00000006d8400000, 0x00000006d8401020, 0x00000006dac00000)
  to   space 40960K,   0% used [0x00000006d5c00000, 0x00000006d5c00000, 0x00000006d8400000)
 concurrent mark-sweep generation total 3756032K, used 1086948K [0x00000006dac00000, 0x00000007c0000000, 0x00000007c0000000)
 Metaspace       used 42573K, capacity 43892K, committed 44572K, reserved 1087488K
  class space    used 5454K, capacity 5756K, committed 5960K, reserved 1048576K
2020-07-01T08:33:19.566+0200: 400154.209: [GC (Allocation Failure) 2020-07-01T08:33:19.566+0200: 400154.209: [ParNew
Desired survivor size 20971520 bytes, new threshold 1 (max 1)
- age   1:        304 bytes,        304 total
: 327684K->4K(368640K), 0.0133646 secs] 1414632K->1086953K(4124672K), 0.0134785 secs] [Times: user=0.03 sys=0.00, real=0.02 secs] 
Heap after GC invocations=495886 (full 2):
 par new generation   total 368640K, used 4K [0x00000006c1c00000, 0x00000006dac00000, 0x00000006dac00000)
  eden space 327680K,   0% used [0x00000006c1c00000, 0x00000006c1c00000, 0x00000006d5c00000)
  from space 40960K,   0% used [0x00000006d5c00000, 0x00000006d5c01020, 0x00000006d8400000)
  to   space 40960K,   0% used [0x00000006d8400000, 0x00000006d8400000, 0x00000006dac00000)
 concurrent mark-sweep generation total 3756032K, used 1086949K [0x00000006dac00000, 0x00000007c0000000, 0x00000007c0000000)
 Metaspace       used 42573K, capacity 43892K, committed 44572K, reserved 1087488K
  class space    used 5454K, capacity 5756K, committed 5960K, reserved 1048576K
}
2020-07-01T08:33:19.580+0200: 400154.223: Total time for which application threads were stopped: 0.0138446 seconds, Stopping threads took: 0.0001073 seconds
{Heap before GC invocations=495886 (full 2):
 par new generation   total 368640K, used 327684K [0x00000006c1c00000, 0x00000006dac00000, 0x00000006dac00000)
  eden space 327680K, 100% used [0x00000006c1c00000, 0x00000006d5c00000, 0x00000006d5c00000)
  from space 40960K,   0% used [0x00000006d5c00000, 0x00000006d5c01020, 0x00000006d8400000)
  to   space 40960K,   0% used [0x00000006d8400000, 0x00000006d8400000, 0x00000006dac00000)
 concurrent mark-sweep generation total 3756032K, used 1086949K [0x00000006dac00000, 0x00000007c0000000, 0x00000007c0000000)
 Metaspace       used 42573K, capacity 43892K, committed 44572K, reserved 1087488K
  class space    used 5454K, capacity 5756K, committed 5960K, reserved 1048576K
2020-07-01T08:33:19.869+0200: 400154.512: [GC (Allocation Failure) 2020-07-01T08:33:19.869+0200: 400154.512: [ParNew
Desired survivor size 20971520 bytes, new threshold 1 (max 1)
- age   1:        240 bytes,        240 total
: 327684K->2K(368640K), 0.0117245 secs] 1414633K->1086951K(4124672K), 0.0118452 secs] [Times: user=0.02 sys=0.00, real=0.01 secs] 
Heap after GC invocations=495887 (full 2):
 par new generation   total 368640K, used 2K [0x00000006c1c00000, 0x00000006dac00000, 0x00000006dac00000)
  eden space 327680K,   0% used [0x00000006c1c00000, 0x00000006c1c00000, 0x00000006d5c00000)
  from space 40960K,   0% used [0x00000006d8400000, 0x00000006d8400810, 0x00000006dac00000)
  to   space 40960K,   0% used [0x00000006d5c00000, 0x00000006d5c00000, 0x00000006d8400000)
 concurrent mark-sweep generation total 3756032K, used 1086949K [0x00000006dac00000, 0x00000007c0000000, 0x00000007c0000000)
 Metaspace       used 42573K, capacity 43892K, committed 44572K, reserved 1087488K
  class space    used 5454K, capacity 5756K, committed 5960K, reserved 1048576K
}
2020-07-01T08:33:19.881+0200: 400154.523: Total time for which application threads were stopped: 0.0121981 seconds, Stopping threads took: 0.0001090 seconds
{Heap before GC invocations=495887 (full 2):
 par new generation   total 368640K, used 327682K [0x00000006c1c00000, 0x00000006dac00000, 0x00000006dac00000)
  eden space 327680K, 100% used [0x00000006c1c00000, 0x00000006d5c00000, 0x00000006d5c00000)
  from space 40960K,   0% used [0x00000006d8400000, 0x00000006d8400810, 0x00000006dac00000)
  to   space 40960K,   0% used [0x00000006d5c00000, 0x00000006d5c00000, 0x00000006d8400000)
 concurrent mark-sweep generation total 3756032K, used 1086949K [0x00000006dac00000, 0x00000007c0000000, 0x00000007c0000000)
 Metaspace       used 42573K, capacity 43892K, committed 44572K, reserved 1087488K
  class space    used 5454K, capacity 5756K, committed 5960K, reserved 1048576K
2020-07-01T08:33:20.186+0200: 400154.829: [GC (Allocation Failure) 2020-07-01T08:33:20.186+0200: 400154.829: [ParNew
Desired survivor size 20971520 bytes, new threshold 1 (max 1)
- age   1:        240 bytes,        240 total
: 327682K->6K(368640K), 0.0074357 secs] 1414631K->1086955K(4124672K), 0.0080220 secs] [Times: user=0.00 sys=0.00, real=0.01 secs] 
Heap after GC invocations=495888 (full 2):
 par new generation   total 368640K, used 6K [0x00000006c1c00000, 0x00000006dac00000, 0x00000006dac00000)
  eden space 327680K,   0% used [0x00000006c1c00000, 0x00000006c1c00000, 0x00000006d5c00000)
  from space 40960K,   0% used [0x00000006d5c00000, 0x00000006d5c01830, 0x00000006d8400000)
  to   space 40960K,   0% used [0x00000006d8400000, 0x00000006d8400000, 0x00000006dac00000)
 concurrent mark-sweep generation total 3756032K, used 1086949K [0x00000006dac00000, 0x00000007c0000000, 0x00000007c0000000)
 Metaspace       used 42573K, capacity 43892K, committed 44572K, reserved 1087488K
  class space    used 5454K, capacity 5756K, committed 5960K, reserved 1048576K
}
2020-07-01T08:33:20.195+0200: 400154.837: Total time for which application threads were stopped: 0.0084646 seconds, Stopping threads took: 0.0001370 seconds
{Heap before GC invocations=495888 (full 2):
 par new generation   total 368640K, used 327686K [0x00000006c1c00000, 0x00000006dac00000, 0x00000006dac00000)
  eden space 327680K, 100% used [0x00000006c1c00000, 0x00000006d5c00000, 0x00000006d5c00000)
  from space 40960K,   0% used [0x00000006d5c00000, 0x00000006d5c01830, 0x00000006d8400000)
  to   space 40960K,   0% used [0x00000006d8400000, 0x00000006d8400000, 0x00000006dac00000)
 concurrent mark-sweep generation total 3756032K, used 1086949K [0x00000006dac00000, 0x00000007c0000000, 0x00000007c0000000)
 Metaspace       used 42573K, capacity 43892K, committed 44572K, reserved 1087488K
  class space    used 5454K, capacity 5756K, committed 5960K, reserved 1048576K
2020-07-01T08:33:20.509+0200: 400155.152: [GC (Allocation Failure) 2020-07-01T08:33:20.509+0200: 400155.152: [ParNew
Desired survivor size 20971520 bytes, new threshold 1 (max 1)
- age   1:        336 bytes,        336 total
: 327686K->8K(368640K), 0.0058332 secs] 1414635K->1086957K(4124672K), 0.0059678 secs] [Times: user=0.04 sys=0.00, real=0.00 secs] 
Heap after GC invocations=495889 (full 2):
 par new generation   total 368640K, used 8K [0x00000006c1c00000, 0x00000006dac00000, 0x00000006dac00000)
  eden space 327680K,   0% used [0x00000006c1c00000, 0x00000006c1c00000, 0x00000006d5c00000)
  from space 40960K,   0% used [0x00000006d8400000, 0x00000006d8402040, 0x00000006dac00000)
  to   space 40960K,   0% used [0x00000006d5c00000, 0x00000006d5c00000, 0x00000006d8400000)
 concurrent mark-sweep generation total 3756032K, used 1086949K [0x00000006dac00000, 0x00000007c0000000, 0x00000007c0000000)
 Metaspace       used 42573K, capacity 43892K, committed 44572K, reserved 1087488K
  class space    used 5454K, capacity 5756K, committed 5960K, reserved 1048576K
}
2020-07-01T08:33:20.515+0200: 400155.158: Total time for which application threads were stopped: 0.0067944 seconds, Stopping threads took: 0.0005825 seconds
{Heap before GC invocations=495889 (full 2):
 par new generation   total 368640K, used 327688K [0x00000006c1c00000, 0x00000006dac00000, 0x00000006dac00000)
  eden space 327680K, 100% used [0x00000006c1c00000, 0x00000006d5c00000, 0x00000006d5c00000)
  from space 40960K,   0% used [0x00000006d8400000, 0x00000006d8402040, 0x00000006dac00000)
  to   space 40960K,   0% used [0x00000006d5c00000, 0x00000006d5c00000, 0x00000006d8400000)
 concurrent mark-sweep generation total 3756032K, used 1086949K [0x00000006dac00000, 0x00000007c0000000, 0x00000007c0000000)
 Metaspace       used 42573K, capacity 43892K, committed 44572K, reserved 1087488K
  class space    used 5454K, capacity 5756K, committed 5960K, reserved 1048576K
2020-07-01T08:33:20.838+0200: 400155.481: [GC (Allocation Failure) 2020-07-01T08:33:20.839+0200: 400155.481: [ParNew
Desired survivor size 20971520 bytes, new threshold 1 (max 1)
- age   1:        240 bytes,        240 total
: 327688K->6K(368640K), 0.0078319 secs] 1414637K->1086955K(4124672K), 0.0080025 secs] [Times: user=0.02 sys=0.00, real=0.00 secs] 
Heap after GC invocations=495890 (full 2):
 par new generation   total 368640K, used 6K [0x00000006c1c00000, 0x00000006dac00000, 0x00000006dac00000)
  eden space 327680K,   0% used [0x00000006c1c00000, 0x00000006c1c00000, 0x00000006d5c00000)
  from space 40960K,   0% used [0x00000006d5c00000, 0x00000006d5c01830, 0x00000006d8400000)
  to   space 40960K,   0% used [0x00000006d8400000, 0x00000006d8400000, 0x00000006dac00000)
 concurrent mark-sweep generation total 3756032K, used 1086949K [0x00000006dac00000, 0x00000007c0000000, 0x00000007c0000000)
 Metaspace       used 42573K, capacity 43892K, committed 44572K, reserved 1087488K
  class space    used 5454K, capacity 5756K, committed 5960K, reserved 1048576K
}
2020-07-01T08:33:20.847+0200: 400155.489: Total time for which application threads were stopped: 0.0083604 seconds, Stopping threads took: 0.0000968 seconds
{Heap before GC invocations=495890 (full 2):
 par new generation   total 368640K, used 327686K [0x00000006c1c00000, 0x00000006dac00000, 0x00000006dac00000)
  eden space 327680K, 100% used [0x00000006c1c00000, 0x00000006d5c00000, 0x00000006d5c00000)
  from space 40960K,   0% used [0x00000006d5c00000, 0x00000006d5c01830, 0x00000006d8400000)
  to   space 40960K,   0% used [0x00000006d8400000, 0x00000006d8400000, 0x00000006dac00000)
 concurrent mark-sweep generation total 3756032K, used 1086949K [0x00000006dac00000, 0x00000007c0000000, 0x00000007c0000000)
 Metaspace       used 42573K, capacity 43892K, committed 44572K, reserved 1087488K
  class space    used 5454K, capacity 5756K, committed 5960K, reserved 1048576K
2020-07-01T08:33:21.125+0200: 400155.768: [GC (Allocation Failure) 2020-07-01T08:33:21.125+0200: 400155.768: [ParNew
Desired survivor size 20971520 bytes, new threshold 1 (max 1)
- age   1:        240 bytes,        240 total
: 327686K->4K(368640K), 0.0078401 secs] 1414635K->1086953K(4124672K), 0.0079679 secs] [Times: user=0.00 sys=0.00, real=0.01 secs] 
Heap after GC invocations=495891 (full 2):
 par new generation   total 368640K, used 4K [0x00000006c1c00000, 0x00000006dac00000, 0x00000006dac00000)
  eden space 327680K,   0% used [0x00000006c1c00000, 0x00000006c1c00000, 0x00000006d5c00000)
  from space 40960K,   0% used [0x00000006d8400000, 0x00000006d8401020, 0x00000006dac00000)
  to   space 40960K,   0% used [0x00000006d5c00000, 0x00000006d5c00000, 0x00000006d8400000)
 concurrent mark-sweep generation total 3756032K, used 1086949K [0x00000006dac00000, 0x00000007c0000000, 0x00000007c0000000)
 Metaspace       used 42573K, capacity 43892K, committed 44572K, reserved 1087488K
  class space    used 5454K, capacity 5756K, committed 5960K, reserved 1048576K
}
2020-07-01T08:33:21.133+0200: 400155.776: Total time for which application threads were stopped: 0.0083206 seconds, Stopping threads took: 0.0001096 seconds
{Heap before GC invocations=495891 (full 2):
 par new generation   total 368640K, used 327684K [0x00000006c1c00000, 0x00000006dac00000, 0x00000006dac00000)
  eden space 327680K, 100% used [0x00000006c1c00000, 0x00000006d5c00000, 0x00000006d5c00000)
  from space 40960K,   0% used [0x00000006d8400000, 0x00000006d8401020, 0x00000006dac00000)
  to   space 40960K,   0% used [0x00000006d5c00000, 0x00000006d5c00000, 0x00000006d8400000)
 concurrent mark-sweep generation total 3756032K, used 1086949K [0x00000006dac00000, 0x00000007c0000000, 0x00000007c0000000)
 Metaspace       used 42573K, capacity 43892K, committed 44572K, reserved 1087488K
  class space    used 5454K, capacity 5756K, committed 5960K, reserved 1048576K
2020-07-01T08:33:21.450+0200: 400156.093: [GC (Allocation Failure) 2020-07-01T08:33:21.450+0200: 400156.093: [ParNew
Desired survivor size 20971520 bytes, new threshold 1 (max 1)
- age   1:        304 bytes,        304 total
: 327684K->6K(368640K), 0.0055792 secs] 1414633K->1086955K(4124672K), 0.0057545 secs] [Times: user=0.00 sys=0.00, real=0.00 secs] 
Heap after GC invocations=495892 (full 2):
 par new generation   total 368640K, used 6K [0x00000006c1c00000, 0x00000006dac00000, 0x00000006dac00000)
  eden space 327680K,   0% used [0x00000006c1c00000, 0x00000006c1c00000, 0x00000006d5c00000)
  from space 40960K,   0% used [0x00000006d5c00000, 0x00000006d5c01830, 0x00000006d8400000)
  to   space 40960K,   0% used [0x00000006d8400000, 0x00000006d8400000, 0x00000006dac00000)
 concurrent mark-sweep generation total 3756032K, used 1086949K [0x00000006dac00000, 0x00000007c0000000, 0x00000007c0000000)
 Metaspace       used 42573K, capacity 43892K, committed 44572K, reserved 1087488K
  class space    used 5454K, capacity 5756K, committed 5960K, reserved 1048576K
}
2020-07-01T08:33:21.456+0200: 400156.099: Total time for which application threads were stopped: 0.0068026 seconds, Stopping threads took: 0.0008192 seconds
{Heap before GC invocations=495892 (full 2):
 par new generation   total 368640K, used 327686K [0x00000006c1c00000, 0x00000006dac00000, 0x00000006dac00000)
  eden space 327680K, 100% used [0x00000006c1c00000, 0x00000006d5c00000, 0x00000006d5c00000)
  from space 40960K,   0% used [0x00000006d5c00000, 0x00000006d5c01830, 0x00000006d8400000)
  to   space 40960K,   0% used [0x00000006d8400000, 0x00000006d8400000, 0x00000006dac00000)
 concurrent mark-sweep generation total 3756032K, used 1086949K [0x00000006dac00000, 0x00000007c0000000, 0x00000007c0000000)
 Metaspace       used 42573K, capacity 43892K, committed 44572K, reserved 1087488K
  class space    used 5454K, capacity 5756K, committed 5960K, reserved 1048576K
2020-07-01T08:33:21.742+0200: 400156.384: [GC (Allocation Failure) 2020-07-01T08:33:21.742+0200: 400156.384: [ParNew
Desired survivor size 20971520 bytes, new threshold 1 (max 1)
- age   1:        240 bytes,        240 total
: 327686K->4K(368640K), 0.0124551 secs] 1414635K->1086953K(4124672K), 0.0125497 secs] [Times: user=0.01 sys=0.00, real=0.01 secs] 
Heap after GC invocations=495893 (full 2):
 par new generation   total 368640K, used 4K [0x00000006c1c00000, 0x00000006dac00000, 0x00000006dac00000)
  eden space 327680K,   0% used [0x00000006c1c00000, 0x00000006c1c00000, 0x00000006d5c00000)
  from space 40960K,   0% used [0x00000006d8400000, 0x00000006d8401020, 0x00000006dac00000)
  to   space 40960K,   0% used [0x00000006d5c00000, 0x00000006d5c00000, 0x00000006d8400000)
 concurrent mark-sweep generation total 3756032K, used 1086949K [0x00000006dac00000, 0x00000007c0000000, 0x00000007c0000000)
 Metaspace       used 42573K, capacity 43892K, committed 44572K, reserved 1087488K
  class space    used 5454K, capacity 5756K, committed 5960K, reserved 1048576K
}
2020-07-01T08:33:21.754+0200: 400156.397: Total time for which application threads were stopped: 0.0128726 seconds, Stopping threads took: 0.0000841 seconds
{Heap before GC invocations=495893 (full 2):
 par new generation   total 368640K, used 327684K [0x00000006c1c00000, 0x00000006dac00000, 0x00000006dac00000)
  eden space 327680K, 100% used [0x00000006c1c00000, 0x00000006d5c00000, 0x00000006d5c00000)
  from space 40960K,   0% used [0x00000006d8400000, 0x00000006d8401020, 0x00000006dac00000)
  to   space 40960K,   0% used [0x00000006d5c00000, 0x00000006d5c00000, 0x00000006d8400000)
 concurrent mark-sweep generation total 3756032K, used 1086949K [0x00000006dac00000, 0x00000007c0000000, 0x00000007c0000000)
 Metaspace       used 42573K, capacity 43892K, committed 44572K, reserved 1087488K
  class space    used 5454K, capacity 5756K, committed 5960K, reserved 1048576K
2020-07-01T08:33:22.065+0200: 400156.708: [GC (Allocation Failure) 2020-07-01T08:33:22.065+0200: 400156.708: [ParNew
Desired survivor size 20971520 bytes, new threshold 1 (max 1)
- age   1:        272 bytes,        272 total
: 327684K->4K(368640K), 0.0161451 secs] 1414633K->1086953K(4124672K), 0.0163543 secs] [Times: user=0.03 sys=0.00, real=0.02 secs] 
Heap after GC invocations=495894 (full 2):
 par new generation   total 368640K, used 4K [0x00000006c1c00000, 0x00000006dac00000, 0x00000006dac00000)
  eden space 327680K,   0% used [0x00000006c1c00000, 0x00000006c1c00000, 0x00000006d5c00000)
  from space 40960K,   0% used [0x00000006d5c00000, 0x00000006d5c01020, 0x00000006d8400000)
  to   space 40960K,   0% used [0x00000006d8400000, 0x00000006d8400000, 0x00000006dac00000)
 concurrent mark-sweep generation total 3756032K, used 1086949K [0x00000006dac00000, 0x00000007c0000000, 0x00000007c0000000)
 Metaspace       used 42573K, capacity 43892K, committed 44572K, reserved 1087488K
  class space    used 5454K, capacity 5756K, committed 5960K, reserved 1048576K
}
2020-07-01T08:33:22.081+0200: 400156.724: Total time for which application threads were stopped: 0.0201155 seconds, Stopping threads took: 0.0034381 seconds
{Heap before GC invocations=495894 (full 2):
 par new generation   total 368640K, used 327684K [0x00000006c1c00000, 0x00000006dac00000, 0x00000006dac00000)
  eden space 327680K, 100% used [0x00000006c1c00000, 0x00000006d5c00000, 0x00000006d5c00000)
  from space 40960K,   0% used [0x00000006d5c00000, 0x00000006d5c01020, 0x00000006d8400000)
  to   space 40960K,   0% used [0x00000006d8400000, 0x00000006d8400000, 0x00000006dac00000)
 concurrent mark-sweep generation total 3756032K, used 1086949K [0x00000006dac00000, 0x00000007c0000000, 0x00000007c0000000)
 Metaspace       used 42573K, capacity 43892K, committed 44572K, reserved 1087488K
  class space    used 5454K, capacity 5756K, committed 5960K, reserved 1048576K
2020-07-01T08:33:22.410+0200: 400157.053: [GC (Allocation Failure) 2020-07-01T08:33:22.410+0200: 400157.053: [ParNew
Desired survivor size 20971520 bytes, new threshold 1 (max 1)
- age   1:        336 bytes,        336 total
: 327684K->6K(368640K), 0.0079671 secs] 1414633K->1086955K(4124672K), 0.0081223 secs] [Times: user=0.04 sys=0.00, real=0.01 secs] 
Heap after GC invocations=495895 (full 2):
 par new generation   total 368640K, used 6K [0x00000006c1c00000, 0x00000006dac00000, 0x00000006dac00000)
  eden space 327680K,   0% used [0x00000006c1c00000, 0x00000006c1c00000, 0x00000006d5c00000)
  from space 40960K,   0% used [0x00000006d8400000, 0x00000006d8401830, 0x00000006dac00000)
  to   space 40960K,   0% used [0x00000006d5c00000, 0x00000006d5c00000, 0x00000006d8400000)
 concurrent mark-sweep generation total 3756032K, used 1086949K [0x00000006dac00000, 0x00000007c0000000, 0x00000007c0000000)
 Metaspace       used 42573K, capacity 43892K, committed 44572K, reserved 1087488K
  class space    used 5454K, capacity 5756K, committed 5960K, reserved 1048576K
}
2020-07-01T08:33:22.418+0200: 400157.061: Total time for which application threads were stopped: 0.0085236 seconds, Stopping threads took: 0.0000907 seconds
{Heap before GC invocations=495895 (full 2):
 par new generation   total 368640K, used 327686K [0x00000006c1c00000, 0x00000006dac00000, 0x00000006dac00000)
  eden space 327680K, 100% used [0x00000006c1c00000, 0x00000006d5c00000, 0x00000006d5c00000)
  from space 40960K,   0% used [0x00000006d8400000, 0x00000006d8401830, 0x00000006dac00000)
  to   space 40960K,   0% used [0x00000006d5c00000, 0x00000006d5c00000, 0x00000006d8400000)
 concurrent mark-sweep generation total 3756032K, used 1086949K [0x00000006dac00000, 0x00000007c0000000, 0x00000007c0000000)
 Metaspace       used 42573K, capacity 43892K, committed 44572K, reserved 1087488K
  class space    used 5454K, capacity 5756K, committed 5960K, reserved 1048576K
2020-07-01T08:33:22.694+0200: 400157.337: [GC (Allocation Failure) 2020-07-01T08:33:22.695+0200: 400157.337: [ParNew
Desired survivor size 20971520 bytes, new threshold 1 (max 1)
- age   1:        240 bytes,        240 total
: 327686K->4K(368640K), 0.0105334 secs] 1414635K->1086953K(4124672K), 0.0106999 secs] [Times: user=0.03 sys=0.00, real=0.01 secs] 
Heap after GC invocations=495896 (full 2):
 par new generation   total 368640K, used 4K [0x00000006c1c00000, 0x00000006dac00000, 0x00000006dac00000)
  eden space 327680K,   0% used [0x00000006c1c00000, 0x00000006c1c00000, 0x00000006d5c00000)
  from space 40960K,   0% used [0x00000006d5c00000, 0x00000006d5c01020, 0x00000006d8400000)
  to   space 40960K,   0% used [0x00000006d8400000, 0x00000006d8400000, 0x00000006dac00000)
 concurrent mark-sweep generation total 3756032K, used 1086949K [0x00000006dac00000, 0x00000007c0000000, 0x00000007c0000000)
 Metaspace       used 42573K, capacity 43892K, committed 44572K, reserved 1087488K
  class space    used 5454K, capacity 5756K, committed 5960K, reserved 1048576K
}
2020-07-01T08:33:22.705+0200: 400157.348: Total time for which application threads were stopped: 0.0110915 seconds, Stopping threads took: 0.0001413 seconds
{Heap before GC invocations=495896 (full 2):
 par new generation   total 368640K, used 327684K [0x00000006c1c00000, 0x00000006dac00000, 0x00000006dac00000)
  eden space 327680K, 100% used [0x00000006c1c00000, 0x00000006d5c00000, 0x00000006d5c00000)
  from space 40960K,   0% used [0x00000006d5c00000, 0x00000006d5c01020, 0x00000006d8400000)
  to   space 40960K,   0% used [0x00000006d8400000, 0x00000006d8400000, 0x00000006dac00000)
 concurrent mark-sweep generation total 3756032K, used 1086949K [0x00000006dac00000, 0x00000007c0000000, 0x00000007c0000000)
 Metaspace       used 42573K, capacity 43892K, committed 44572K, reserved 1087488K
  class space    used 5454K, capacity 5756K, committed 5960K, reserved 1048576K
2020-07-01T08:33:23.007+0200: 400157.650: [GC (Allocation Failure) 2020-07-01T08:33:23.007+0200: 400157.650: [ParNew
Desired survivor size 20971520 bytes, new threshold 1 (max 1)
- age   1:        240 bytes,        240 total
: 327684K->4K(368640K), 0.0168747 secs] 1414633K->1086953K(4124672K), 0.0169889 secs] [Times: user=0.01 sys=0.00, real=0.02 secs] 
Heap after GC invocations=495897 (full 2):
 par new generation   total 368640K, used 4K [0x00000006c1c00000, 0x00000006dac00000, 0x00000006dac00000)
  eden space 327680K,   0% used [0x00000006c1c00000, 0x00000006c1c00000, 0x00000006d5c00000)
  from space 40960K,   0% used [0x00000006d8400000, 0x00000006d8401020, 0x00000006dac00000)
  to   space 40960K,   0% used [0x00000006d5c00000, 0x00000006d5c00000, 0x00000006d8400000)
 concurrent mark-sweep generation total 3756032K, used 1086949K [0x00000006dac00000, 0x00000007c0000000, 0x00000007c0000000)
 Metaspace       used 42573K, capacity 43892K, committed 44572K, reserved 1087488K
  class space    used 5454K, capacity 5756K, committed 5960K, reserved 1048576K
}
2020-07-01T08:33:23.024+0200: 400157.667: Total time for which application threads were stopped: 0.0174914 seconds, Stopping threads took: 0.0002723 seconds
{Heap before GC invocations=495897 (full 2):
 par new generation   total 368640K, used 327684K [0x00000006c1c00000, 0x00000006dac00000, 0x00000006dac00000)
  eden space 327680K, 100% used [0x00000006c1c00000, 0x00000006d5c00000, 0x00000006d5c00000)
  from space 40960K,   0% used [0x00000006d8400000, 0x00000006d8401020, 0x00000006dac00000)
  to   space 40960K,   0% used [0x00000006d5c00000, 0x00000006d5c00000, 0x00000006d8400000)
 concurrent mark-sweep generation total 3756032K, used 1086949K [0x00000006dac00000, 0x00000007c0000000, 0x00000007c0000000)
 Metaspace       used 42573K, capacity 43892K, committed 44572K, reserved 1087488K
  class space    used 5454K, capacity 5756K, committed 5960K, reserved 1048576K
2020-07-01T08:33:23.328+0200: 400157.971: [GC (Allocation Failure) 2020-07-01T08:33:23.328+0200: 400157.971: [ParNew
Desired survivor size 20971520 bytes, new threshold 1 (max 1)
- age   1:        272 bytes,        272 total
: 327684K->4K(368640K), 0.0113740 secs] 1414633K->1086953K(4124672K), 0.0115982 secs] [Times: user=0.01 sys=0.00, real=0.02 secs] 
Heap after GC invocations=495898 (full 2):
 par new generation   total 368640K, used 4K [0x00000006c1c00000, 0x00000006dac00000, 0x00000006dac00000)
  eden space 327680K,   0% used [0x00000006c1c00000, 0x00000006c1c00000, 0x00000006d5c00000)
  from space 40960K,   0% used [0x00000006d5c00000, 0x00000006d5c01020, 0x00000006d8400000)
  to   space 40960K,   0% used [0x00000006d8400000, 0x00000006d8400000, 0x00000006dac00000)
 concurrent mark-sweep generation total 3756032K, used 1086949K [0x00000006dac00000, 0x00000007c0000000, 0x00000007c0000000)
 Metaspace       used 42573K, capacity 43892K, committed 44572K, reserved 1087488K
  class space    used 5454K, capacity 5756K, committed 5960K, reserved 1048576K
}
2020-07-01T08:33:23.339+0200: 400157.982: Total time for which application threads were stopped: 0.0121313 seconds, Stopping threads took: 0.0002207 seconds
{Heap before GC invocations=495898 (full 2):
 par new generation   total 368640K, used 327684K [0x00000006c1c00000, 0x00000006dac00000, 0x00000006dac00000)
  eden space 327680K, 100% used [0x00000006c1c00000, 0x00000006d5c00000, 0x00000006d5c00000)
  from space 40960K,   0% used [0x00000006d5c00000, 0x00000006d5c01020, 0x00000006d8400000)
  to   space 40960K,   0% used [0x00000006d8400000, 0x00000006d8400000, 0x00000006dac00000)
 concurrent mark-sweep generation total 3756032K, used 1086949K [0x00000006dac00000, 0x00000007c0000000, 0x00000007c0000000)
 Metaspace       used 42573K, capacity 43892K, committed 44572K, reserved 1087488K
  class space    used 5454K, capacity 5756K, committed 5960K, reserved 1048576K
2020-07-01T08:33:24.202+0200: 400158.844: [GC (Allocation Failure) 2020-07-01T08:33:24.202+0200: 400158.844: [ParNew
Desired survivor size 20971520 bytes, new threshold 1 (max 1)
- age   1:        272 bytes,        272 total
: 327684K->2K(368640K), 0.0276833 secs] 1414633K->1086951K(4124672K), 0.0278111 secs] [Times: user=0.01 sys=0.00, real=0.03 secs] 
Heap after GC invocations=495899 (full 2):
 par new generation   total 368640K, used 2K [0x00000006c1c00000, 0x00000006dac00000, 0x00000006dac00000)
  eden space 327680K,   0% used [0x00000006c1c00000, 0x00000006c1c00000, 0x00000006d5c00000)
  from space 40960K,   0% used [0x00000006d8400000, 0x00000006d8400810, 0x00000006dac00000)
  to   space 40960K,   0% used [0x00000006d5c00000, 0x00000006d5c00000, 0x00000006d8400000)
 concurrent mark-sweep generation total 3756032K, used 1086949K [0x00000006dac00000, 0x00000007c0000000, 0x00000007c0000000)
 Metaspace       used 42573K, capacity 43892K, committed 44572K, reserved 1087488K
  class space    used 5454K, capacity 5756K, committed 5960K, reserved 1048576K
}
2020-07-01T08:33:24.232+0200: 400158.875: Total time for which application threads were stopped: 0.0311455 seconds, Stopping threads took: 0.0000543 seconds
{Heap before GC invocations=495899 (full 2):
 par new generation   total 368640K, used 327682K [0x00000006c1c00000, 0x00000006dac00000, 0x00000006dac00000)
  eden space 327680K, 100% used [0x00000006c1c00000, 0x00000006d5c00000, 0x00000006d5c00000)
  from space 40960K,   0% used [0x00000006d8400000, 0x00000006d8400810, 0x00000006dac00000)
  to   space 40960K,   0% used [0x00000006d5c00000, 0x00000006d5c00000, 0x00000006d8400000)
 concurrent mark-sweep generation total 3756032K, used 1086949K [0x00000006dac00000, 0x00000007c0000000, 0x00000007c0000000)
 Metaspace       used 42573K, capacity 43892K, committed 44572K, reserved 1087488K
  class space    used 5454K, capacity 5756K, committed 5960K, reserved 1048576K
2020-07-01T08:33:24.587+0200: 400159.230: [GC (Allocation Failure) 2020-07-01T08:33:24.587+0200: 400159.230: [ParNew
Desired survivor size 20971520 bytes, new threshold 1 (max 1)
- age   1:        304 bytes,        304 total
: 327682K->6K(368640K), 0.0084824 secs] 1414631K->1086955K(4124672K), 0.0086417 secs] [Times: user=0.00 sys=0.00, real=0.01 secs] 
Heap after GC invocations=495900 (full 2):
 par new generation   total 368640K, used 6K [0x00000006c1c00000, 0x00000006dac00000, 0x00000006dac00000)
  eden space 327680K,   0% used [0x00000006c1c00000, 0x00000006c1c00000, 0x00000006d5c00000)
  from space 40960K,   0% used [0x00000006d5c00000, 0x00000006d5c01830, 0x00000006d8400000)
  to   space 40960K,   0% used [0x00000006d8400000, 0x00000006d8400000, 0x00000006dac00000)
 concurrent mark-sweep generation total 3756032K, used 1086949K [0x00000006dac00000, 0x00000007c0000000, 0x00000007c0000000)
 Metaspace       used 42573K, capacity 43892K, committed 44572K, reserved 1087488K
  class space    used 5454K, capacity 5756K, committed 5960K, reserved 1048576K
}
2020-07-01T08:33:24.596+0200: 400159.239: Total time for which application threads were stopped: 0.0089699 seconds, Stopping threads took: 0.0000544 seconds
{Heap before GC invocations=495900 (full 2):
 par new generation   total 368640K, used 327686K [0x00000006c1c00000, 0x00000006dac00000, 0x00000006dac00000)
  eden space 327680K, 100% used [0x00000006c1c00000, 0x00000006d5c00000, 0x00000006d5c00000)
  from space 40960K,   0% used [0x00000006d5c00000, 0x00000006d5c01830, 0x00000006d8400000)
  to   space 40960K,   0% used [0x00000006d8400000, 0x00000006d8400000, 0x00000006dac00000)
 concurrent mark-sweep generation total 3756032K, used 1086949K [0x00000006dac00000, 0x00000007c0000000, 0x00000007c0000000)
 Metaspace       used 42573K, capacity 43892K, committed 44572K, reserved 1087488K
  class space    used 5454K, capacity 5756K, committed 5960K, reserved 1048576K
2020-07-01T08:33:24.913+0200: 400159.556: [GC (Allocation Failure) 2020-07-01T08:33:24.913+0200: 400159.556: [ParNew
Desired survivor size 20971520 bytes, new threshold 1 (max 1)
- age   1:        240 bytes,        240 total
: 327686K->4K(368640K), 0.0208014 secs] 1414635K->1086953K(4124672K), 0.0209358 secs] [Times: user=0.02 sys=0.00, real=0.02 secs] 
Heap after GC invocations=495901 (full 2):
 par new generation   total 368640K, used 4K [0x00000006c1c00000, 0x00000006dac00000, 0x00000006dac00000)
  eden space 327680K,   0% used [0x00000006c1c00000, 0x00000006c1c00000, 0x00000006d5c00000)
  from space 40960K,   0% used [0x00000006d8400000, 0x00000006d8401020, 0x00000006dac00000)
  to   space 40960K,   0% used [0x00000006d5c00000, 0x00000006d5c00000, 0x00000006d8400000)
 concurrent mark-sweep generation total 3756032K, used 1086949K [0x00000006dac00000, 0x00000007c0000000, 0x00000007c0000000)
 Metaspace       used 42573K, capacity 43892K, committed 44572K, reserved 1087488K
  class space    used 5454K, capacity 5756K, committed 5960K, reserved 1048576K
}
2020-07-01T08:33:24.934+0200: 400159.577: Total time for which application threads were stopped: 0.0212979 seconds, Stopping threads took: 0.0001130 seconds
{Heap before GC invocations=495901 (full 2):
 par new generation   total 368640K, used 327684K [0x00000006c1c00000, 0x00000006dac00000, 0x00000006dac00000)
  eden space 327680K, 100% used [0x00000006c1c00000, 0x00000006d5c00000, 0x00000006d5c00000)
  from space 40960K,   0% used [0x00000006d8400000, 0x00000006d8401020, 0x00000006dac00000)
  to   space 40960K,   0% used [0x00000006d5c00000, 0x00000006d5c00000, 0x00000006d8400000)
 concurrent mark-sweep generation total 3756032K, used 1086949K [0x00000006dac00000, 0x00000007c0000000, 0x00000007c0000000)
 Metaspace       used 42573K, capacity 43892K, committed 44572K, reserved 1087488K
  class space    used 5454K, capacity 5756K, committed 5960K, reserved 1048576K
2020-07-01T08:33:25.237+0200: 400159.880: [GC (Allocation Failure) 2020-07-01T08:33:25.237+0200: 400159.880: [ParNew
Desired survivor size 20971520 bytes, new threshold 1 (max 1)
- age   1:        272 bytes,        272 total
: 327684K->6K(368640K), 0.0119977 secs] 1414633K->1086955K(4124672K), 0.0121347 secs] [Times: user=0.03 sys=0.00, real=0.02 secs] 
Heap after GC invocations=495902 (full 2):
 par new generation   total 368640K, used 6K [0x00000006c1c00000, 0x00000006dac00000, 0x00000006dac00000)
  eden space 327680K,   0% used [0x00000006c1c00000, 0x00000006c1c00000, 0x00000006d5c00000)
  from space 40960K,   0% used [0x00000006d5c00000, 0x00000006d5c01830, 0x00000006d8400000)
  to   space 40960K,   0% used [0x00000006d8400000, 0x00000006d8400000, 0x00000006dac00000)
 concurrent mark-sweep generation total 3756032K, used 1086949K [0x00000006dac00000, 0x00000007c0000000, 0x00000007c0000000)
 Metaspace       used 42573K, capacity 43892K, committed 44572K, reserved 1087488K
  class space    used 5454K, capacity 5756K, committed 5960K, reserved 1048576K
}
2020-07-01T08:33:25.249+0200: 400159.892: Total time for which application threads were stopped: 0.0197548 seconds, Stopping threads took: 0.0073313 seconds
{Heap before GC invocations=495902 (full 2):
 par new generation   total 368640K, used 327686K [0x00000006c1c00000, 0x00000006dac00000, 0x00000006dac00000)
  eden space 327680K, 100% used [0x00000006c1c00000, 0x00000006d5c00000, 0x00000006d5c00000)
  from space 40960K,   0% used [0x00000006d5c00000, 0x00000006d5c01830, 0x00000006d8400000)
  to   space 40960K,   0% used [0x00000006d8400000, 0x00000006d8400000, 0x00000006dac00000)
 concurrent mark-sweep generation total 3756032K, used 1086949K [0x00000006dac00000, 0x00000007c0000000, 0x00000007c0000000)
 Metaspace       used 42573K, capacity 43892K, committed 44572K, reserved 1087488K
  class space    used 5454K, capacity 5756K, committed 5960K, reserved 1048576K
2020-07-01T08:33:25.581+0200: 400160.224: [GC (Allocation Failure) 2020-07-01T08:33:25.581+0200: 400160.224: [ParNew
Desired survivor size 20971520 bytes, new threshold 1 (max 1)
- age   1:        336 bytes,        336 total
: 327686K->6K(368640K), 0.0097439 secs] 1414635K->1086955K(4124672K), 0.0098764 secs] [Times: user=0.05 sys=0.00, real=0.01 secs] 
Heap after GC invocations=495903 (full 2):
 par new generation   total 368640K, used 6K [0x00000006c1c00000, 0x00000006dac00000, 0x00000006dac00000)
  eden space 327680K,   0% used [0x00000006c1c00000, 0x00000006c1c00000, 0x00000006d5c00000)
  from space 40960K,   0% used [0x00000006d8400000, 0x00000006d8401830, 0x00000006dac00000)
  to   space 40960K,   0% used [0x00000006d5c00000, 0x00000006d5c00000, 0x00000006d8400000)
 concurrent mark-sweep generation total 3756032K, used 1086949K [0x00000006dac00000, 0x00000007c0000000, 0x00000007c0000000)
 Metaspace       used 42573K, capacity 43892K, committed 44572K, reserved 1087488K
  class space    used 5454K, capacity 5756K, committed 5960K, reserved 1048576K
}
2020-07-01T08:33:25.591+0200: 400160.234: Total time for which application threads were stopped: 0.0101985 seconds, Stopping threads took: 0.0000868 seconds
{Heap before GC invocations=495903 (full 2):
 par new generation   total 368640K, used 327686K [0x00000006c1c00000, 0x00000006dac00000, 0x00000006dac00000)
  eden space 327680K, 100% used [0x00000006c1c00000, 0x00000006d5c00000, 0x00000006d5c00000)
  from space 40960K,   0% used [0x00000006d8400000, 0x00000006d8401830, 0x00000006dac00000)
  to   space 40960K,   0% used [0x00000006d5c00000, 0x00000006d5c00000, 0x00000006d8400000)
 concurrent mark-sweep generation total 3756032K, used 1086949K [0x00000006dac00000, 0x00000007c0000000, 0x00000007c0000000)
 Metaspace       used 42573K, capacity 43892K, committed 44572K, reserved 1087488K
  class space    used 5454K, capacity 5756K, committed 5960K, reserved 1048576K
2020-07-01T08:33:26.037+0200: 400160.680: [GC (Allocation Failure) 2020-07-01T08:33:26.037+0200: 400160.680: [ParNew
Desired survivor size 20971520 bytes, new threshold 1 (max 1)
- age   1:        240 bytes,        240 total
: 327686K->2K(368640K), 0.0496299 secs] 1414635K->1086951K(4124672K), 0.0497383 secs] [Times: user=0.00 sys=0.00, real=0.05 secs] 
Heap after GC invocations=495904 (full 2):
 par new generation   total 368640K, used 2K [0x00000006c1c00000, 0x00000006dac00000, 0x00000006dac00000)
  eden space 327680K,   0% used [0x00000006c1c00000, 0x00000006c1c00000, 0x00000006d5c00000)
  from space 40960K,   0% used [0x00000006d5c00000, 0x00000006d5c00810, 0x00000006d8400000)
  to   space 40960K,   0% used [0x00000006d8400000, 0x00000006d8400000, 0x00000006dac00000)
 concurrent mark-sweep generation total 3756032K, used 1086949K [0x00000006dac00000, 0x00000007c0000000, 0x00000007c0000000)
 Metaspace       used 42573K, capacity 43892K, committed 44572K, reserved 1087488K
  class space    used 5454K, capacity 5756K, committed 5960K, reserved 1048576K
}
2020-07-01T08:33:26.087+0200: 400160.730: Total time for which application threads were stopped: 0.0500452 seconds, Stopping threads took: 0.0000493 seconds
{Heap before GC invocations=495904 (full 2):
 par new generation   total 368640K, used 327682K [0x00000006c1c00000, 0x00000006dac00000, 0x00000006dac00000)
  eden space 327680K, 100% used [0x00000006c1c00000, 0x00000006d5c00000, 0x00000006d5c00000)
  from space 40960K,   0% used [0x00000006d5c00000, 0x00000006d5c00810, 0x00000006d8400000)
  to   space 40960K,   0% used [0x00000006d8400000, 0x00000006d8400000, 0x00000006dac00000)
 concurrent mark-sweep generation total 3756032K, used 1086949K [0x00000006dac00000, 0x00000007c0000000, 0x00000007c0000000)
 Metaspace       used 42573K, capacity 43892K, committed 44572K, reserved 1087488K
  class space    used 5454K, capacity 5756K, committed 5960K, reserved 1048576K
2020-07-01T08:33:26.414+0200: 400161.057: [GC (Allocation Failure) 2020-07-01T08:33:26.414+0200: 400161.057: [ParNew
Desired survivor size 20971520 bytes, new threshold 1 (max 1)
- age   1:        272 bytes,        272 total
: 327682K->2K(368640K), 0.0201258 secs] 1414631K->1086951K(4124672K), 0.0202720 secs] [Times: user=0.00 sys=0.00, real=0.02 secs] 
Heap after GC invocations=495905 (full 2):
 par new generation   total 368640K, used 2K [0x00000006c1c00000, 0x00000006dac00000, 0x00000006dac00000)
  eden space 327680K,   0% used [0x00000006c1c00000, 0x00000006c1c00000, 0x00000006d5c00000)
  from space 40960K,   0% used [0x00000006d8400000, 0x00000006d8400810, 0x00000006dac00000)
  to   space 40960K,   0% used [0x00000006d5c00000, 0x00000006d5c00000, 0x00000006d8400000)
 concurrent mark-sweep generation total 3756032K, used 1086949K [0x00000006dac00000, 0x00000007c0000000, 0x00000007c0000000)
 Metaspace       used 42573K, capacity 43892K, committed 44572K, reserved 1087488K
  class space    used 5454K, capacity 5756K, committed 5960K, reserved 1048576K
}
2020-07-01T08:33:26.434+0200: 400161.077: Total time for which application threads were stopped: 0.0205588 seconds, Stopping threads took: 0.0000495 seconds
{Heap before GC invocations=495905 (full 2):
 par new generation   total 368640K, used 327682K [0x00000006c1c00000, 0x00000006dac00000, 0x00000006dac00000)
  eden space 327680K, 100% used [0x00000006c1c00000, 0x00000006d5c00000, 0x00000006d5c00000)
  from space 40960K,   0% used [0x00000006d8400000, 0x00000006d8400810, 0x00000006dac00000)
  to   space 40960K,   0% used [0x00000006d5c00000, 0x00000006d5c00000, 0x00000006d8400000)
 concurrent mark-sweep generation total 3756032K, used 1086949K [0x00000006dac00000, 0x00000007c0000000, 0x00000007c0000000)
 Metaspace       used 42573K, capacity 43892K, committed 44572K, reserved 1087488K
  class space    used 5454K, capacity 5756K, committed 5960K, reserved 1048576K
2020-07-01T08:33:26.799+0200: 400161.442: [GC (Allocation Failure) 2020-07-01T08:33:26.799+0200: 400161.442: [ParNew
Desired survivor size 20971520 bytes, new threshold 1 (max 1)
- age   1:        272 bytes,        272 total
: 327682K->2K(368640K), 0.0270811 secs] 1414631K->1086951K(4124672K), 0.0272070 secs] [Times: user=0.02 sys=0.00, real=0.02 secs] 
Heap after GC invocations=495906 (full 2):
 par new generation   total 368640K, used 2K [0x00000006c1c00000, 0x00000006dac00000, 0x00000006dac00000)
  eden space 327680K,   0% used [0x00000006c1c00000, 0x00000006c1c00000, 0x00000006d5c00000)
  from space 40960K,   0% used [0x00000006d5c00000, 0x00000006d5c00810, 0x00000006d8400000)
  to   space 40960K,   0% used [0x00000006d8400000, 0x00000006d8400000, 0x00000006dac00000)
 concurrent mark-sweep generation total 3756032K, used 1086949K [0x00000006dac00000, 0x00000007c0000000, 0x00000007c0000000)
 Metaspace       used 42573K, capacity 43892K, committed 44572K, reserved 1087488K
  class space    used 5454K, capacity 5756K, committed 5960K, reserved 1048576K
}
2020-07-01T08:33:26.826+0200: 400161.469: Total time for which application threads were stopped: 0.0274908 seconds, Stopping threads took: 0.0000484 seconds
{Heap before GC invocations=495906 (full 2):
 par new generation   total 368640K, used 327682K [0x00000006c1c00000, 0x00000006dac00000, 0x00000006dac00000)
  eden space 327680K, 100% used [0x00000006c1c00000, 0x00000006d5c00000, 0x00000006d5c00000)
  from space 40960K,   0% used [0x00000006d5c00000, 0x00000006d5c00810, 0x00000006d8400000)
  to   space 40960K,   0% used [0x00000006d8400000, 0x00000006d8400000, 0x00000006dac00000)
 concurrent mark-sweep generation total 3756032K, used 1086949K [0x00000006dac00000, 0x00000007c0000000, 0x00000007c0000000)
 Metaspace       used 42573K, capacity 43892K, committed 44572K, reserved 1087488K
  class space    used 5454K, capacity 5756K, committed 5960K, reserved 1048576K
2020-07-01T08:33:27.130+0200: 400161.773: [GC (Allocation Failure) 2020-07-01T08:33:27.130+0200: 400161.773: [ParNew
Desired survivor size 20971520 bytes, new threshold 1 (max 1)
- age   1:        240 bytes,        240 total
: 327682K->2K(368640K), 0.0331058 secs] 1414631K->1086951K(4124672K), 0.0332261 secs] [Times: user=0.02 sys=0.00, real=0.03 secs] 
Heap after GC invocations=495907 (full 2):
 par new generation   total 368640K, used 2K [0x00000006c1c00000, 0x00000006dac00000, 0x00000006dac00000)
  eden space 327680K,   0% used [0x00000006c1c00000, 0x00000006c1c00000, 0x00000006d5c00000)
  from space 40960K,   0% used [0x00000006d8400000, 0x00000006d8400810, 0x00000006dac00000)
  to   space 40960K,   0% used [0x00000006d5c00000, 0x00000006d5c00000, 0x00000006d8400000)
 concurrent mark-sweep generation total 3756032K, used 1086949K [0x00000006dac00000, 0x00000007c0000000, 0x00000007c0000000)
 Metaspace       used 42573K, capacity 43892K, committed 44572K, reserved 1087488K
  class space    used 5454K, capacity 5756K, committed 5960K, reserved 1048576K
}
2020-07-01T08:33:27.163+0200: 400161.806: Total time for which application threads were stopped: 0.0335918 seconds, Stopping threads took: 0.0001167 seconds
{Heap before GC invocations=495907 (full 2):
 par new generation   total 368640K, used 327682K [0x00000006c1c00000, 0x00000006dac00000, 0x00000006dac00000)
  eden space 327680K, 100% used [0x00000006c1c00000, 0x00000006d5c00000, 0x00000006d5c00000)
  from space 40960K,   0% used [0x00000006d8400000, 0x00000006d8400810, 0x00000006dac00000)
  to   space 40960K,   0% used [0x00000006d5c00000, 0x00000006d5c00000, 0x00000006d8400000)
 concurrent mark-sweep generation total 3756032K, used 1086949K [0x00000006dac00000, 0x00000007c0000000, 0x00000007c0000000)
 Metaspace       used 42573K, capacity 43892K, committed 44572K, reserved 1087488K
  class space    used 5454K, capacity 5756K, committed 5960K, reserved 1048576K
2020-07-01T08:33:27.516+0200: 400162.159: [GC (Allocation Failure) 2020-07-01T08:33:27.516+0200: 400162.159: [ParNew
Desired survivor size 20971520 bytes, new threshold 1 (max 1)
- age   1:        304 bytes,        304 total
: 327682K->4K(368640K), 0.0098152 secs] 1414631K->1086953K(4124672K), 0.0099434 secs] [Times: user=0.00 sys=0.00, real=0.01 secs] 
Heap after GC invocations=495908 (full 2):
 par new generation   total 368640K, used 4K [0x00000006c1c00000, 0x00000006dac00000, 0x00000006dac00000)
  eden space 327680K,   0% used [0x00000006c1c00000, 0x00000006c1c00000, 0x00000006d5c00000)
  from space 40960K,   0% used [0x00000006d5c00000, 0x00000006d5c01020, 0x00000006d8400000)
  to   space 40960K,   0% used [0x00000006d8400000, 0x00000006d8400000, 0x00000006dac00000)
 concurrent mark-sweep generation total 3756032K, used 1086949K [0x00000006dac00000, 0x00000007c0000000, 0x00000007c0000000)
 Metaspace       used 42573K, capacity 43892K, committed 44572K, reserved 1087488K
  class space    used 5454K, capacity 5756K, committed 5960K, reserved 1048576K
}
2020-07-01T08:33:27.526+0200: 400162.169: Total time for which application threads were stopped: 0.0102888 seconds, Stopping threads took: 0.0000994 seconds
{Heap before GC invocations=495908 (full 2):
 par new generation   total 368640K, used 327684K [0x00000006c1c00000, 0x00000006dac00000, 0x00000006dac00000)
  eden space 327680K, 100% used [0x00000006c1c00000, 0x00000006d5c00000, 0x00000006d5c00000)
  from space 40960K,   0% used [0x00000006d5c00000, 0x00000006d5c01020, 0x00000006d8400000)
  to   space 40960K,   0% used [0x00000006d8400000, 0x00000006d8400000, 0x00000006dac00000)
 concurrent mark-sweep generation total 3756032K, used 1086949K [0x00000006dac00000, 0x00000007c0000000, 0x00000007c0000000)
 Metaspace       used 42573K, capacity 43892K, committed 44572K, reserved 1087488K
  class space    used 5454K, capacity 5756K, committed 5960K, reserved 1048576K
2020-07-01T08:33:27.839+0200: 400162.482: [GC (Allocation Failure) 2020-07-01T08:33:27.839+0200: 400162.482: [ParNew
Desired survivor size 20971520 bytes, new threshold 1 (max 1)
- age   1:        536 bytes,        536 total
: 327684K->4K(368640K), 0.0196537 secs] 1414633K->1086953K(4124672K), 0.0197781 secs] [Times: user=0.03 sys=0.00, real=0.02 secs] 
Heap after GC invocations=495909 (full 2):
 par new generation   total 368640K, used 4K [0x00000006c1c00000, 0x00000006dac00000, 0x00000006dac00000)
  eden space 327680K,   0% used [0x00000006c1c00000, 0x00000006c1c00000, 0x00000006d5c00000)
  from space 40960K,   0% used [0x00000006d8400000, 0x00000006d8401020, 0x00000006dac00000)
  to   space 40960K,   0% used [0x00000006d5c00000, 0x00000006d5c00000, 0x00000006d8400000)
 concurrent mark-sweep generation total 3756032K, used 1086949K [0x00000006dac00000, 0x00000007c0000000, 0x00000007c0000000)
 Metaspace       used 42573K, capacity 43892K, committed 44572K, reserved 1087488K
  class space    used 5454K, capacity 5756K, committed 5960K, reserved 1048576K
}
2020-07-01T08:33:27.859+0200: 400162.502: Total time for which application threads were stopped: 0.0201472 seconds, Stopping threads took: 0.0001009 seconds
{Heap before GC invocations=495909 (full 2):
 par new generation   total 368640K, used 327684K [0x00000006c1c00000, 0x00000006dac00000, 0x00000006dac00000)
  eden space 327680K, 100% used [0x00000006c1c00000, 0x00000006d5c00000, 0x00000006d5c00000)
  from space 40960K,   0% used [0x00000006d8400000, 0x00000006d8401020, 0x00000006dac00000)
  to   space 40960K,   0% used [0x00000006d5c00000, 0x00000006d5c00000, 0x00000006d8400000)
 concurrent mark-sweep generation total 3756032K, used 1086949K [0x00000006dac00000, 0x00000007c0000000, 0x00000007c0000000)
 Metaspace       used 42573K, capacity 43892K, committed 44572K, reserved 1087488K
  class space    used 5454K, capacity 5756K, committed 5960K, reserved 1048576K
2020-07-01T08:33:28.180+0200: 400162.823: [GC (Allocation Failure) 2020-07-01T08:33:28.180+0200: 400162.823: [ParNew
Desired survivor size 20971520 bytes, new threshold 1 (max 1)
- age   1:        240 bytes,        240 total
: 327684K->4K(368640K), 0.0121333 secs] 1414633K->1086954K(4124672K), 0.0122541 secs] [Times: user=0.04 sys=0.00, real=0.01 secs] 
Heap after GC invocations=495910 (full 2):
 par new generation   total 368640K, used 4K [0x00000006c1c00000, 0x00000006dac00000, 0x00000006dac00000)
  eden space 327680K,   0% used [0x00000006c1c00000, 0x00000006c1c00000, 0x00000006d5c00000)
  from space 40960K,   0% used [0x00000006d5c00000, 0x00000006d5c01020, 0x00000006d8400000)
  to   space 40960K,   0% used [0x00000006d8400000, 0x00000006d8400000, 0x00000006dac00000)
 concurrent mark-sweep generation total 3756032K, used 1086950K [0x00000006dac00000, 0x00000007c0000000, 0x00000007c0000000)
 Metaspace       used 42573K, capacity 43892K, committed 44572K, reserved 1087488K
  class space    used 5454K, capacity 5756K, committed 5960K, reserved 1048576K
}
2020-07-01T08:33:28.192+0200: 400162.835: Total time for which application threads were stopped: 0.0126181 seconds, Stopping threads took: 0.0001094 seconds
{Heap before GC invocations=495910 (full 2):
 par new generation   total 368640K, used 327684K [0x00000006c1c00000, 0x00000006dac00000, 0x00000006dac00000)
  eden space 327680K, 100% used [0x00000006c1c00000, 0x00000006d5c00000, 0x00000006d5c00000)
  from space 40960K,   0% used [0x00000006d5c00000, 0x00000006d5c01020, 0x00000006d8400000)
  to   space 40960K,   0% used [0x00000006d8400000, 0x00000006d8400000, 0x00000006dac00000)
 concurrent mark-sweep generation total 3756032K, used 1086950K [0x00000006dac00000, 0x00000007c0000000, 0x00000007c0000000)
 Metaspace       used 42573K, capacity 43892K, committed 44572K, reserved 1087488K
  class space    used 5454K, capacity 5756K, committed 5960K, reserved 1048576K
2020-07-01T08:33:28.529+0200: 400163.172: [GC (Allocation Failure) 2020-07-01T08:33:28.529+0200: 400163.172: [ParNew
Desired survivor size 20971520 bytes, new threshold 1 (max 1)
- age   1:        272 bytes,        272 total
: 327684K->4K(368640K), 0.0114234 secs] 1414634K->1086954K(4124672K), 0.0115699 secs] [Times: user=0.00 sys=0.00, real=0.01 secs] 
Heap after GC invocations=495911 (full 2):
 par new generation   total 368640K, used 4K [0x00000006c1c00000, 0x00000006dac00000, 0x00000006dac00000)
  eden space 327680K,   0% used [0x00000006c1c00000, 0x00000006c1c00000, 0x00000006d5c00000)
  from space 40960K,   0% used [0x00000006d8400000, 0x00000006d8401020, 0x00000006dac00000)
  to   space 40960K,   0% used [0x00000006d5c00000, 0x00000006d5c00000, 0x00000006d8400000)
 concurrent mark-sweep generation total 3756032K, used 1086950K [0x00000006dac00000, 0x00000007c0000000, 0x00000007c0000000)
 Metaspace       used 42573K, capacity 43892K, committed 44572K, reserved 1087488K
  class space    used 5454K, capacity 5756K, committed 5960K, reserved 1048576K
}
2020-07-01T08:33:28.541+0200: 400163.183: Total time for which application threads were stopped: 0.0119895 seconds, Stopping threads took: 0.0001538 seconds
{Heap before GC invocations=495911 (full 2):
 par new generation   total 368640K, used 327684K [0x00000006c1c00000, 0x00000006dac00000, 0x00000006dac00000)
  eden space 327680K, 100% used [0x00000006c1c00000, 0x00000006d5c00000, 0x00000006d5c00000)
  from space 40960K,   0% used [0x00000006d8400000, 0x00000006d8401020, 0x00000006dac00000)
  to   space 40960K,   0% used [0x00000006d5c00000, 0x00000006d5c00000, 0x00000006d8400000)
 concurrent mark-sweep generation total 3756032K, used 1086950K [0x00000006dac00000, 0x00000007c0000000, 0x00000007c0000000)
 Metaspace       used 42573K, capacity 43892K, committed 44572K, reserved 1087488K
  class space    used 5454K, capacity 5756K, committed 5960K, reserved 1048576K
2020-07-01T08:33:28.864+0200: 400163.507: [GC (Allocation Failure) 2020-07-01T08:33:28.864+0200: 400163.507: [ParNew
Desired survivor size 20971520 bytes, new threshold 1 (max 1)
- age   1:        272 bytes,        272 total
: 327684K->4K(368640K), 0.0117292 secs] 1414634K->1086954K(4124672K), 0.0118447 secs] [Times: user=0.03 sys=0.00, real=0.01 secs] 
Heap after GC invocations=495912 (full 2):
 par new generation   total 368640K, used 4K [0x00000006c1c00000, 0x00000006dac00000, 0x00000006dac00000)
  eden space 327680K,   0% used [0x00000006c1c00000, 0x00000006c1c00000, 0x00000006d5c00000)
  from space 40960K,   0% used [0x00000006d5c00000, 0x00000006d5c01020, 0x00000006d8400000)
  to   space 40960K,   0% used [0x00000006d8400000, 0x00000006d8400000, 0x00000006dac00000)
 concurrent mark-sweep generation total 3756032K, used 1086950K [0x00000006dac00000, 0x00000007c0000000, 0x00000007c0000000)
 Metaspace       used 42573K, capacity 43892K, committed 44572K, reserved 1087488K
  class space    used 5454K, capacity 5756K, committed 5960K, reserved 1048576K
}
2020-07-01T08:33:28.876+0200: 400163.519: Total time for which application threads were stopped: 0.0122094 seconds, Stopping threads took: 0.0001147 seconds
{Heap before GC invocations=495912 (full 2):
 par new generation   total 368640K, used 327684K [0x00000006c1c00000, 0x00000006dac00000, 0x00000006dac00000)
  eden space 327680K, 100% used [0x00000006c1c00000, 0x00000006d5c00000, 0x00000006d5c00000)
  from space 40960K,   0% used [0x00000006d5c00000, 0x00000006d5c01020, 0x00000006d8400000)
  to   space 40960K,   0% used [0x00000006d8400000, 0x00000006d8400000, 0x00000006dac00000)
 concurrent mark-sweep generation total 3756032K, used 1086950K [0x00000006dac00000, 0x00000007c0000000, 0x00000007c0000000)
 Metaspace       used 42573K, capacity 43892K, committed 44572K, reserved 1087488K
  class space    used 5454K, capacity 5756K, committed 5960K, reserved 1048576K
2020-07-01T08:33:29.198+0200: 400163.841: [GC (Allocation Failure) 2020-07-01T08:33:29.199+0200: 400163.841: [ParNew
Desired survivor size 20971520 bytes, new threshold 1 (max 1)
- age   1:        240 bytes,        240 total
: 327684K->4K(368640K), 0.0127529 secs] 1414634K->1086954K(4124672K), 0.0128821 secs] [Times: user=0.00 sys=0.00, real=0.01 secs] 
Heap after GC invocations=495913 (full 2):
 par new generation   total 368640K, used 4K [0x00000006c1c00000, 0x00000006dac00000, 0x00000006dac00000)
  eden space 327680K,   0% used [0x00000006c1c00000, 0x00000006c1c00000, 0x00000006d5c00000)
  from space 40960K,   0% used [0x00000006d8400000, 0x00000006d8401020, 0x00000006dac00000)
  to   space 40960K,   0% used [0x00000006d5c00000, 0x00000006d5c00000, 0x00000006d8400000)
 concurrent mark-sweep generation total 3756032K, used 1086950K [0x00000006dac00000, 0x00000007c0000000, 0x00000007c0000000)
 Metaspace       used 42573K, capacity 43892K, committed 44572K, reserved 1087488K
  class space    used 5454K, capacity 5756K, committed 5960K, reserved 1048576K
}
2020-07-01T08:33:29.211+0200: 400163.854: Total time for which application threads were stopped: 0.0131722 seconds, Stopping threads took: 0.0000491 seconds
{Heap before GC invocations=495913 (full 2):
 par new generation   total 368640K, used 327684K [0x00000006c1c00000, 0x00000006dac00000, 0x00000006dac00000)
  eden space 327680K, 100% used [0x00000006c1c00000, 0x00000006d5c00000, 0x00000006d5c00000)
  from space 40960K,   0% used [0x00000006d8400000, 0x00000006d8401020, 0x00000006dac00000)
  to   space 40960K,   0% used [0x00000006d5c00000, 0x00000006d5c00000, 0x00000006d8400000)
 concurrent mark-sweep generation total 3756032K, used 1086950K [0x00000006dac00000, 0x00000007c0000000, 0x00000007c0000000)
 Metaspace       used 42573K, capacity 43892K, committed 44572K, reserved 1087488K
  class space    used 5454K, capacity 5756K, committed 5960K, reserved 1048576K
2020-07-01T08:33:29.514+0200: 400164.157: [GC (Allocation Failure) 2020-07-01T08:33:29.514+0200: 400164.157: [ParNew
Desired survivor size 20971520 bytes, new threshold 1 (max 1)
- age   1:        728 bytes,        728 total
: 327684K->4K(368640K), 0.0124559 secs] 1414634K->1086954K(4124672K), 0.0125774 secs] [Times: user=0.00 sys=0.00, real=0.01 secs] 
Heap after GC invocations=495914 (full 2):
 par new generation   total 368640K, used 4K [0x00000006c1c00000, 0x00000006dac00000, 0x00000006dac00000)
  eden space 327680K,   0% used [0x00000006c1c00000, 0x00000006c1c00000, 0x00000006d5c00000)
  from space 40960K,   0% used [0x00000006d5c00000, 0x00000006d5c01020, 0x00000006d8400000)
  to   space 40960K,   0% used [0x00000006d8400000, 0x00000006d8400000, 0x00000006dac00000)
 concurrent mark-sweep generation total 3756032K, used 1086950K [0x00000006dac00000, 0x00000007c0000000, 0x00000007c0000000)
 Metaspace       used 42573K, capacity 43892K, committed 44572K, reserved 1087488K
  class space    used 5454K, capacity 5756K, committed 5960K, reserved 1048576K
}
2020-07-01T08:33:29.526+0200: 400164.169: Total time for which application threads were stopped: 0.0128790 seconds, Stopping threads took: 0.0000519 seconds
{Heap before GC invocations=495914 (full 2):
 par new generation   total 368640K, used 327684K [0x00000006c1c00000, 0x00000006dac00000, 0x00000006dac00000)
  eden space 327680K, 100% used [0x00000006c1c00000, 0x00000006d5c00000, 0x00000006d5c00000)
  from space 40960K,   0% used [0x00000006d5c00000, 0x00000006d5c01020, 0x00000006d8400000)
  to   space 40960K,   0% used [0x00000006d8400000, 0x00000006d8400000, 0x00000006dac00000)
 concurrent mark-sweep generation total 3756032K, used 1086950K [0x00000006dac00000, 0x00000007c0000000, 0x00000007c0000000)
 Metaspace       used 42573K, capacity 43892K, committed 44572K, reserved 1087488K
  class space    used 5454K, capacity 5756K, committed 5960K, reserved 1048576K
2020-07-01T08:33:29.852+0200: 400164.495: [GC (Allocation Failure) 2020-07-01T08:33:29.852+0200: 400164.495: [ParNew
Desired survivor size 20971520 bytes, new threshold 1 (max 1)
- age   1:        272 bytes,        272 total
: 327684K->4K(368640K), 0.0118400 secs] 1414634K->1086954K(4124672K), 0.0121863 secs] [Times: user=0.00 sys=0.00, real=0.01 secs] 
Heap after GC invocations=495915 (full 2):
 par new generation   total 368640K, used 4K [0x00000006c1c00000, 0x00000006dac00000, 0x00000006dac00000)
  eden space 327680K,   0% used [0x00000006c1c00000, 0x00000006c1c00000, 0x00000006d5c00000)
  from space 40960K,   0% used [0x00000006d8400000, 0x00000006d8401020, 0x00000006dac00000)
  to   space 40960K,   0% used [0x00000006d5c00000, 0x00000006d5c00000, 0x00000006d8400000)
 concurrent mark-sweep generation total 3756032K, used 1086950K [0x00000006dac00000, 0x00000007c0000000, 0x00000007c0000000)
 Metaspace       used 42573K, capacity 43892K, committed 44572K, reserved 1087488K
  class space    used 5454K, capacity 5756K, committed 5960K, reserved 1048576K
}
2020-07-01T08:33:29.864+0200: 400164.507: Total time for which application threads were stopped: 0.0127498 seconds, Stopping threads took: 0.0000715 seconds
{Heap before GC invocations=495915 (full 2):
 par new generation   total 368640K, used 327684K [0x00000006c1c00000, 0x00000006dac00000, 0x00000006dac00000)
  eden space 327680K, 100% used [0x00000006c1c00000, 0x00000006d5c00000, 0x00000006d5c00000)
  from space 40960K,   0% used [0x00000006d8400000, 0x00000006d8401020, 0x00000006dac00000)
  to   space 40960K,   0% used [0x00000006d5c00000, 0x00000006d5c00000, 0x00000006d8400000)
 concurrent mark-sweep generation total 3756032K, used 1086950K [0x00000006dac00000, 0x00000007c0000000, 0x00000007c0000000)
 Metaspace       used 42573K, capacity 43892K, committed 44572K, reserved 1087488K
  class space    used 5454K, capacity 5756K, committed 5960K, reserved 1048576K
2020-07-01T08:33:30.194+0200: 400164.837: [GC (Allocation Failure) 2020-07-01T08:33:30.194+0200: 400164.837: [ParNew
Desired survivor size 20971520 bytes, new threshold 1 (max 1)
- age   1:        240 bytes,        240 total
: 327684K->4K(368640K), 0.0106625 secs] 1414634K->1086954K(4124672K), 0.0108083 secs] [Times: user=0.03 sys=0.00, real=0.01 secs] 
Heap after GC invocations=495916 (full 2):
 par new generation   total 368640K, used 4K [0x00000006c1c00000, 0x00000006dac00000, 0x00000006dac00000)
  eden space 327680K,   0% used [0x00000006c1c00000, 0x00000006c1c00000, 0x00000006d5c00000)
  from space 40960K,   0% used [0x00000006d5c00000, 0x00000006d5c01020, 0x00000006d8400000)
  to   space 40960K,   0% used [0x00000006d8400000, 0x00000006d8400000, 0x00000006dac00000)
 concurrent mark-sweep generation total 3756032K, used 1086950K [0x00000006dac00000, 0x00000007c0000000, 0x00000007c0000000)
 Metaspace       used 42573K, capacity 43892K, committed 44572K, reserved 1087488K
  class space    used 5454K, capacity 5756K, committed 5960K, reserved 1048576K
}
2020-07-01T08:33:30.205+0200: 400164.848: Total time for which application threads were stopped: 0.0111251 seconds, Stopping threads took: 0.0000493 seconds
{Heap before GC invocations=495916 (full 2):
 par new generation   total 368640K, used 327684K [0x00000006c1c00000, 0x00000006dac00000, 0x00000006dac00000)
  eden space 327680K, 100% used [0x00000006c1c00000, 0x00000006d5c00000, 0x00000006d5c00000)
  from space 40960K,   0% used [0x00000006d5c00000, 0x00000006d5c01020, 0x00000006d8400000)
  to   space 40960K,   0% used [0x00000006d8400000, 0x00000006d8400000, 0x00000006dac00000)
 concurrent mark-sweep generation total 3756032K, used 1086950K [0x00000006dac00000, 0x00000007c0000000, 0x00000007c0000000)
 Metaspace       used 42573K, capacity 43892K, committed 44572K, reserved 1087488K
  class space    used 5454K, capacity 5756K, committed 5960K, reserved 1048576K
2020-07-01T08:33:30.489+0200: 400165.132: [GC (Allocation Failure) 2020-07-01T08:33:30.489+0200: 400165.132: [ParNew
Desired survivor size 20971520 bytes, new threshold 1 (max 1)
- age   1:        304 bytes,        304 total
: 327684K->2K(368640K), 0.0324047 secs] 1414634K->1086952K(4124672K), 0.0325460 secs] [Times: user=0.02 sys=0.00, real=0.03 secs] 
Heap after GC invocations=495917 (full 2):
 par new generation   total 368640K, used 2K [0x00000006c1c00000, 0x00000006dac00000, 0x00000006dac00000)
  eden space 327680K,   0% used [0x00000006c1c00000, 0x00000006c1c00000, 0x00000006d5c00000)
  from space 40960K,   0% used [0x00000006d8400000, 0x00000006d8400810, 0x00000006dac00000)
  to   space 40960K,   0% used [0x00000006d5c00000, 0x00000006d5c00000, 0x00000006d8400000)
 concurrent mark-sweep generation total 3756032K, used 1086950K [0x00000006dac00000, 0x00000007c0000000, 0x00000007c0000000)
 Metaspace       used 42573K, capacity 43892K, committed 44572K, reserved 1087488K
  class space    used 5454K, capacity 5756K, committed 5960K, reserved 1048576K
}
2020-07-01T08:33:30.522+0200: 400165.165: Total time for which application threads were stopped: 0.0330075 seconds, Stopping threads took: 0.0000499 seconds
{Heap before GC invocations=495917 (full 2):
 par new generation   total 368640K, used 327682K [0x00000006c1c00000, 0x00000006dac00000, 0x00000006dac00000)
  eden space 327680K, 100% used [0x00000006c1c00000, 0x00000006d5c00000, 0x00000006d5c00000)
  from space 40960K,   0% used [0x00000006d8400000, 0x00000006d8400810, 0x00000006dac00000)
  to   space 40960K,   0% used [0x00000006d5c00000, 0x00000006d5c00000, 0x00000006d8400000)
 concurrent mark-sweep generation total 3756032K, used 1086950K [0x00000006dac00000, 0x00000007c0000000, 0x00000007c0000000)
 Metaspace       used 42573K, capacity 43892K, committed 44572K, reserved 1087488K
  class space    used 5454K, capacity 5756K, committed 5960K, reserved 1048576K
2020-07-01T08:33:30.859+0200: 400165.502: [GC (Allocation Failure) 2020-07-01T08:33:30.859+0200: 400165.502: [ParNew
Desired survivor size 20971520 bytes, new threshold 1 (max 1)
- age   1:        304 bytes,        304 total
: 327682K->2K(368640K), 0.0213315 secs] 1414632K->1086952K(4124672K), 0.0214684 secs] [Times: user=0.00 sys=0.00, real=0.02 secs] 
Heap after GC invocations=495918 (full 2):
 par new generation   total 368640K, used 2K [0x00000006c1c00000, 0x00000006dac00000, 0x00000006dac00000)
  eden space 327680K,   0% used [0x00000006c1c00000, 0x00000006c1c00000, 0x00000006d5c00000)
  from space 40960K,   0% used [0x00000006d5c00000, 0x00000006d5c00810, 0x00000006d8400000)
  to   space 40960K,   0% used [0x00000006d8400000, 0x00000006d8400000, 0x00000006dac00000)
 concurrent mark-sweep generation total 3756032K, used 1086950K [0x00000006dac00000, 0x00000007c0000000, 0x00000007c0000000)
 Metaspace       used 42573K, capacity 43892K, committed 44572K, reserved 1087488K
  class space    used 5454K, capacity 5756K, committed 5960K, reserved 1048576K
}
2020-07-01T08:33:30.880+0200: 400165.523: Total time for which application threads were stopped: 0.0218191 seconds, Stopping threads took: 0.0001084 seconds
{Heap before GC invocations=495918 (full 2):
 par new generation   total 368640K, used 327682K [0x00000006c1c00000, 0x00000006dac00000, 0x00000006dac00000)
  eden space 327680K, 100% used [0x00000006c1c00000, 0x00000006d5c00000, 0x00000006d5c00000)
  from space 40960K,   0% used [0x00000006d5c00000, 0x00000006d5c00810, 0x00000006d8400000)
  to   space 40960K,   0% used [0x00000006d8400000, 0x00000006d8400000, 0x00000006dac00000)
 concurrent mark-sweep generation total 3756032K, used 1086950K [0x00000006dac00000, 0x00000007c0000000, 0x00000007c0000000)
 Metaspace       used 42573K, capacity 43892K, committed 44572K, reserved 1087488K
  class space    used 5454K, capacity 5756K, committed 5960K, reserved 1048576K
2020-07-01T08:33:31.185+0200: 400165.828: [GC (Allocation Failure) 2020-07-01T08:33:31.185+0200: 400165.828: [ParNew
Desired survivor size 20971520 bytes, new threshold 1 (max 1)
- age   1:        240 bytes,        240 total
: 327682K->6K(368640K), 0.0081066 secs] 1414632K->1086956K(4124672K), 0.0082333 secs] [Times: user=0.00 sys=0.00, real=0.01 secs] 
Heap after GC invocations=495919 (full 2):
 par new generation   total 368640K, used 6K [0x00000006c1c00000, 0x00000006dac00000, 0x00000006dac00000)
  eden space 327680K,   0% used [0x00000006c1c00000, 0x00000006c1c00000, 0x00000006d5c00000)
  from space 40960K,   0% used [0x00000006d8400000, 0x00000006d8401830, 0x00000006dac00000)
  to   space 40960K,   0% used [0x00000006d5c00000, 0x00000006d5c00000, 0x00000006d8400000)
 concurrent mark-sweep generation total 3756032K, used 1086950K [0x00000006dac00000, 0x00000007c0000000, 0x00000007c0000000)
 Metaspace       used 42573K, capacity 43892K, committed 44572K, reserved 1087488K
  class space    used 5454K, capacity 5756K, committed 5960K, reserved 1048576K
}
2020-07-01T08:33:31.193+0200: 400165.836: Total time for which application threads were stopped: 0.0085486 seconds, Stopping threads took: 0.0000727 seconds
{Heap before GC invocations=495919 (full 2):
 par new generation   total 368640K, used 327686K [0x00000006c1c00000, 0x00000006dac00000, 0x00000006dac00000)
  eden space 327680K, 100% used [0x00000006c1c00000, 0x00000006d5c00000, 0x00000006d5c00000)
  from space 40960K,   0% used [0x00000006d8400000, 0x00000006d8401830, 0x00000006dac00000)
  to   space 40960K,   0% used [0x00000006d5c00000, 0x00000006d5c00000, 0x00000006d8400000)
 concurrent mark-sweep generation total 3756032K, used 1086950K [0x00000006dac00000, 0x00000007c0000000, 0x00000007c0000000)
 Metaspace       used 42573K, capacity 43892K, committed 44572K, reserved 1087488K
  class space    used 5454K, capacity 5756K, committed 5960K, reserved 1048576K
2020-07-01T08:33:31.520+0200: 400166.162: [GC (Allocation Failure) 2020-07-01T08:33:31.520+0200: 400166.162: [ParNew
Desired survivor size 20971520 bytes, new threshold 1 (max 1)
- age   1:        272 bytes,        272 total
: 327686K->2K(368640K), 0.0214793 secs] 1414636K->1086952K(4124672K), 0.0215934 secs] [Times: user=0.01 sys=0.00, real=0.02 secs] 
Heap after GC invocations=495920 (full 2):
 par new generation   total 368640K, used 2K [0x00000006c1c00000, 0x00000006dac00000, 0x00000006dac00000)
  eden space 327680K,   0% used [0x00000006c1c00000, 0x00000006c1c00000, 0x00000006d5c00000)
  from space 40960K,   0% used [0x00000006d5c00000, 0x00000006d5c00810, 0x00000006d8400000)
  to   space 40960K,   0% used [0x00000006d8400000, 0x00000006d8400000, 0x00000006dac00000)
 concurrent mark-sweep generation total 3756032K, used 1086950K [0x00000006dac00000, 0x00000007c0000000, 0x00000007c0000000)
 Metaspace       used 42573K, capacity 43892K, committed 44572K, reserved 1087488K
  class space    used 5454K, capacity 5756K, committed 5960K, reserved 1048576K
}
2020-07-01T08:33:31.541+0200: 400166.184: Total time for which application threads were stopped: 0.0219612 seconds, Stopping threads took: 0.0001172 seconds
{Heap before GC invocations=495920 (full 2):
 par new generation   total 368640K, used 327682K [0x00000006c1c00000, 0x00000006dac00000, 0x00000006dac00000)
  eden space 327680K, 100% used [0x00000006c1c00000, 0x00000006d5c00000, 0x00000006d5c00000)
  from space 40960K,   0% used [0x00000006d5c00000, 0x00000006d5c00810, 0x00000006d8400000)
  to   space 40960K,   0% used [0x00000006d8400000, 0x00000006d8400000, 0x00000006dac00000)
 concurrent mark-sweep generation total 3756032K, used 1086950K [0x00000006dac00000, 0x00000007c0000000, 0x00000007c0000000)
 Metaspace       used 42573K, capacity 43892K, committed 44572K, reserved 1087488K
  class space    used 5454K, capacity 5756K, committed 5960K, reserved 1048576K
2020-07-01T08:33:31.843+0200: 400166.486: [GC (Allocation Failure) 2020-07-01T08:33:31.843+0200: 400166.486: [ParNew
Desired survivor size 20971520 bytes, new threshold 1 (max 1)
- age   1:        272 bytes,        272 total
: 327682K->2K(368640K), 0.0151118 secs] 1414632K->1086952K(4124672K), 0.0152480 secs] [Times: user=0.02 sys=0.00, real=0.02 secs] 
Heap after GC invocations=495921 (full 2):
 par new generation   total 368640K, used 2K [0x00000006c1c00000, 0x00000006dac00000, 0x00000006dac00000)
  eden space 327680K,   0% used [0x00000006c1c00000, 0x00000006c1c00000, 0x00000006d5c00000)
  from space 40960K,   0% used [0x00000006d8400000, 0x00000006d8400810, 0x00000006dac00000)
  to   space 40960K,   0% used [0x00000006d5c00000, 0x00000006d5c00000, 0x00000006d8400000)
 concurrent mark-sweep generation total 3756032K, used 1086950K [0x00000006dac00000, 0x00000007c0000000, 0x00000007c0000000)
 Metaspace       used 42573K, capacity 43892K, committed 44572K, reserved 1087488K
  class space    used 5454K, capacity 5756K, committed 5960K, reserved 1048576K
}
2020-07-01T08:33:31.858+0200: 400166.501: Total time for which application threads were stopped: 0.0155997 seconds, Stopping threads took: 0.0000814 seconds
{Heap before GC invocations=495921 (full 2):
 par new generation   total 368640K, used 327682K [0x00000006c1c00000, 0x00000006dac00000, 0x00000006dac00000)
  eden space 327680K, 100% used [0x00000006c1c00000, 0x00000006d5c00000, 0x00000006d5c00000)
  from space 40960K,   0% used [0x00000006d8400000, 0x00000006d8400810, 0x00000006dac00000)
  to   space 40960K,   0% used [0x00000006d5c00000, 0x00000006d5c00000, 0x00000006d8400000)
 concurrent mark-sweep generation total 3756032K, used 1086950K [0x00000006dac00000, 0x00000007c0000000, 0x00000007c0000000)
 Metaspace       used 42573K, capacity 43892K, committed 44572K, reserved 1087488K
  class space    used 5454K, capacity 5756K, committed 5960K, reserved 1048576K
2020-07-01T08:33:32.178+0200: 400166.820: [GC (Allocation Failure) 2020-07-01T08:33:32.178+0200: 400166.820: [ParNew
Desired survivor size 20971520 bytes, new threshold 1 (max 1)
- age   1:        240 bytes,        240 total
: 327682K->4K(368640K), 0.0091417 secs] 1414632K->1086954K(4124672K), 0.0092485 secs] [Times: user=0.03 sys=0.00, real=0.01 secs] 
Heap after GC invocations=495922 (full 2):
 par new generation   total 368640K, used 4K [0x00000006c1c00000, 0x00000006dac00000, 0x00000006dac00000)
  eden space 327680K,   0% used [0x00000006c1c00000, 0x00000006c1c00000, 0x00000006d5c00000)
  from space 40960K,   0% used [0x00000006d5c00000, 0x00000006d5c01020, 0x00000006d8400000)
  to   space 40960K,   0% used [0x00000006d8400000, 0x00000006d8400000, 0x00000006dac00000)
 concurrent mark-sweep generation total 3756032K, used 1086950K [0x00000006dac00000, 0x00000007c0000000, 0x00000007c0000000)
 Metaspace       used 42573K, capacity 43892K, committed 44572K, reserved 1087488K
  class space    used 5454K, capacity 5756K, committed 5960K, reserved 1048576K
}
2020-07-01T08:33:32.187+0200: 400166.830: Total time for which application threads were stopped: 0.0095357 seconds, Stopping threads took: 0.0000510 seconds
{Heap before GC invocations=495922 (full 2):
 par new generation   total 368640K, used 327684K [0x00000006c1c00000, 0x00000006dac00000, 0x00000006dac00000)
  eden space 327680K, 100% used [0x00000006c1c00000, 0x00000006d5c00000, 0x00000006d5c00000)
  from space 40960K,   0% used [0x00000006d5c00000, 0x00000006d5c01020, 0x00000006d8400000)
  to   space 40960K,   0% used [0x00000006d8400000, 0x00000006d8400000, 0x00000006dac00000)
 concurrent mark-sweep generation total 3756032K, used 1086950K [0x00000006dac00000, 0x00000007c0000000, 0x00000007c0000000)
 Metaspace       used 42573K, capacity 43892K, committed 44572K, reserved 1087488K
  class space    used 5454K, capacity 5756K, committed 5960K, reserved 1048576K
2020-07-01T08:33:32.540+0200: 400167.182: [GC (Allocation Failure) 2020-07-01T08:33:32.540+0200: 400167.183: [ParNew
Desired survivor size 20971520 bytes, new threshold 1 (max 1)
- age   1:        304 bytes,        304 total
: 327684K->2K(368640K), 0.0306171 secs] 1414634K->1086952K(4124672K), 0.0307484 secs] [Times: user=0.03 sys=0.00, real=0.03 secs] 
Heap after GC invocations=495923 (full 2):
 par new generation   total 368640K, used 2K [0x00000006c1c00000, 0x00000006dac00000, 0x00000006dac00000)
  eden space 327680K,   0% used [0x00000006c1c00000, 0x00000006c1c00000, 0x00000006d5c00000)
  from space 40960K,   0% used [0x00000006d8400000, 0x00000006d8400810, 0x00000006dac00000)
  to   space 40960K,   0% used [0x00000006d5c00000, 0x00000006d5c00000, 0x00000006d8400000)
 concurrent mark-sweep generation total 3756032K, used 1086950K [0x00000006dac00000, 0x00000007c0000000, 0x00000007c0000000)
 Metaspace       used 42573K, capacity 43892K, committed 44572K, reserved 1087488K
  class space    used 5454K, capacity 5756K, committed 5960K, reserved 1048576K
}
2020-07-01T08:33:32.570+0200: 400167.213: Total time for which application threads were stopped: 0.0310507 seconds, Stopping threads took: 0.0000534 seconds
{Heap before GC invocations=495923 (full 2):
 par new generation   total 368640K, used 327682K [0x00000006c1c00000, 0x00000006dac00000, 0x00000006dac00000)
  eden space 327680K, 100% used [0x00000006c1c00000, 0x00000006d5c00000, 0x00000006d5c00000)
  from space 40960K,   0% used [0x00000006d8400000, 0x00000006d8400810, 0x00000006dac00000)
  to   space 40960K,   0% used [0x00000006d5c00000, 0x00000006d5c00000, 0x00000006d8400000)
 concurrent mark-sweep generation total 3756032K, used 1086950K [0x00000006dac00000, 0x00000007c0000000, 0x00000007c0000000)
 Metaspace       used 42573K, capacity 43892K, committed 44572K, reserved 1087488K
  class space    used 5454K, capacity 5756K, committed 5960K, reserved 1048576K
2020-07-01T08:33:32.912+0200: 400167.555: [GC (Allocation Failure) 2020-07-01T08:33:32.912+0200: 400167.555: [ParNew
Desired survivor size 20971520 bytes, new threshold 1 (max 1)
- age   1:        272 bytes,        272 total
: 327682K->2K(368640K), 0.0235200 secs] 1414632K->1086952K(4124672K), 0.0238235 secs] [Times: user=0.00 sys=0.00, real=0.02 secs] 
Heap after GC invocations=495924 (full 2):
 par new generation   total 368640K, used 2K [0x00000006c1c00000, 0x00000006dac00000, 0x00000006dac00000)
  eden space 327680K,   0% used [0x00000006c1c00000, 0x00000006c1c00000, 0x00000006d5c00000)
  from space 40960K,   0% used [0x00000006d5c00000, 0x00000006d5c00810, 0x00000006d8400000)
  to   space 40960K,   0% used [0x00000006d8400000, 0x00000006d8400000, 0x00000006dac00000)
 concurrent mark-sweep generation total 3756032K, used 1086950K [0x00000006dac00000, 0x00000007c0000000, 0x00000007c0000000)
 Metaspace       used 42573K, capacity 43892K, committed 44572K, reserved 1087488K
  class space    used 5454K, capacity 5756K, committed 5960K, reserved 1048576K
}
2020-07-01T08:33:32.936+0200: 400167.578: Total time for which application threads were stopped: 0.0241096 seconds, Stopping threads took: 0.0000508 seconds
{Heap before GC invocations=495924 (full 2):
 par new generation   total 368640K, used 327682K [0x00000006c1c00000, 0x00000006dac00000, 0x00000006dac00000)
  eden space 327680K, 100% used [0x00000006c1c00000, 0x00000006d5c00000, 0x00000006d5c00000)
  from space 40960K,   0% used [0x00000006d5c00000, 0x00000006d5c00810, 0x00000006d8400000)
  to   space 40960K,   0% used [0x00000006d8400000, 0x00000006d8400000, 0x00000006dac00000)
 concurrent mark-sweep generation total 3756032K, used 1086950K [0x00000006dac00000, 0x00000007c0000000, 0x00000007c0000000)
 Metaspace       used 42573K, capacity 43892K, committed 44572K, reserved 1087488K
  class space    used 5454K, capacity 5756K, committed 5960K, reserved 1048576K
2020-07-01T08:33:33.227+0200: 400167.870: [GC (Allocation Failure) 2020-07-01T08:33:33.227+0200: 400167.870: [ParNew
Desired survivor size 20971520 bytes, new threshold 1 (max 1)
- age   1:        240 bytes,        240 total
: 327682K->4K(368640K), 0.0146586 secs] 1414632K->1086955K(4124672K), 0.0148313 secs] [Times: user=0.01 sys=0.00, real=0.02 secs] 
Heap after GC invocations=495925 (full 2):
 par new generation   total 368640K, used 4K [0x00000006c1c00000, 0x00000006dac00000, 0x00000006dac00000)
  eden space 327680K,   0% used [0x00000006c1c00000, 0x00000006c1c00000, 0x00000006d5c00000)
  from space 40960K,   0% used [0x00000006d8400000, 0x00000006d8401020, 0x00000006dac00000)
  to   space 40960K,   0% used [0x00000006d5c00000, 0x00000006d5c00000, 0x00000006d8400000)
 concurrent mark-sweep generation total 3756032K, used 1086951K [0x00000006dac00000, 0x00000007c0000000, 0x00000007c0000000)
 Metaspace       used 42573K, capacity 43892K, committed 44572K, reserved 1087488K
  class space    used 5454K, capacity 5756K, committed 5960K, reserved 1048576K
}
2020-07-01T08:33:33.242+0200: 400167.885: Total time for which application threads were stopped: 0.0151148 seconds, Stopping threads took: 0.0000491 seconds
{Heap before GC invocations=495925 (full 2):
 par new generation   total 368640K, used 327684K [0x00000006c1c00000, 0x00000006dac00000, 0x00000006dac00000)
  eden space 327680K, 100% used [0x00000006c1c00000, 0x00000006d5c00000, 0x00000006d5c00000)
  from space 40960K,   0% used [0x00000006d8400000, 0x00000006d8401020, 0x00000006dac00000)
  to   space 40960K,   0% used [0x00000006d5c00000, 0x00000006d5c00000, 0x00000006d8400000)
 concurrent mark-sweep generation total 3756032K, used 1086951K [0x00000006dac00000, 0x00000007c0000000, 0x00000007c0000000)
 Metaspace       used 42573K, capacity 43892K, committed 44572K, reserved 1087488K
  class space    used 5454K, capacity 5756K, committed 5960K, reserved 1048576K
2020-07-01T08:33:33.936+0200: 400168.578: [GC (Allocation Failure) 2020-07-01T08:33:33.936+0200: 400168.579: [ParNew
Desired survivor size 20971520 bytes, new threshold 1 (max 1)
- age   1:        304 bytes,        304 total
: 327684K->2K(368640K), 0.0764403 secs] 1414635K->1086953K(4124672K), 0.0766730 secs] [Times: user=0.01 sys=0.00, real=0.08 secs] 
Heap after GC invocations=495926 (full 2):
 par new generation   total 368640K, used 2K [0x00000006c1c00000, 0x00000006dac00000, 0x00000006dac00000)
  eden space 327680K,   0% used [0x00000006c1c00000, 0x00000006c1c00000, 0x00000006d5c00000)
  from space 40960K,   0% used [0x00000006d5c00000, 0x00000006d5c00810, 0x00000006d8400000)
  to   space 40960K,   0% used [0x00000006d8400000, 0x00000006d8400000, 0x00000006dac00000)
 concurrent mark-sweep generation total 3756032K, used 1086951K [0x00000006dac00000, 0x00000007c0000000, 0x00000007c0000000)
 Metaspace       used 42573K, capacity 43892K, committed 44572K, reserved 1087488K
  class space    used 5454K, capacity 5756K, committed 5960K, reserved 1048576K
}
2020-07-01T08:33:34.012+0200: 400168.655: Total time for which application threads were stopped: 0.0769572 seconds, Stopping threads took: 0.0000495 seconds
{Heap before GC invocations=495926 (full 2):
 par new generation   total 368640K, used 327682K [0x00000006c1c00000, 0x00000006dac00000, 0x00000006dac00000)
  eden space 327680K, 100% used [0x00000006c1c00000, 0x00000006d5c00000, 0x00000006d5c00000)
  from space 40960K,   0% used [0x00000006d5c00000, 0x00000006d5c00810, 0x00000006d8400000)
  to   space 40960K,   0% used [0x00000006d8400000, 0x00000006d8400000, 0x00000006dac00000)
 concurrent mark-sweep generation total 3756032K, used 1086951K [0x00000006dac00000, 0x00000007c0000000, 0x00000007c0000000)
 Metaspace       used 42573K, capacity 43892K, committed 44572K, reserved 1087488K
  class space    used 5454K, capacity 5756K, committed 5960K, reserved 1048576K
2020-07-01T08:33:34.479+0200: 400169.122: [GC (Allocation Failure) 2020-07-01T08:33:34.479+0200: 400169.122: [ParNew
Desired survivor size 20971520 bytes, new threshold 1 (max 1)
- age   1:        240 bytes,        240 total
: 327682K->2K(368640K), 0.0338919 secs] 1414633K->1086953K(4124672K), 0.0340062 secs] [Times: user=0.02 sys=0.00, real=0.03 secs] 
Heap after GC invocations=495927 (full 2):
 par new generation   total 368640K, used 2K [0x00000006c1c00000, 0x00000006dac00000, 0x00000006dac00000)
  eden space 327680K,   0% used [0x00000006c1c00000, 0x00000006c1c00000, 0x00000006d5c00000)
  from space 40960K,   0% used [0x00000006d8400000, 0x00000006d8400810, 0x00000006dac00000)
  to   space 40960K,   0% used [0x00000006d5c00000, 0x00000006d5c00000, 0x00000006d8400000)
 concurrent mark-sweep generation total 3756032K, used 1086951K [0x00000006dac00000, 0x00000007c0000000, 0x00000007c0000000)
 Metaspace       used 42573K, capacity 43892K, committed 44572K, reserved 1087488K
  class space    used 5454K, capacity 5756K, committed 5960K, reserved 1048576K
}
2020-07-01T08:33:34.514+0200: 400169.156: Total time for which application threads were stopped: 0.0346683 seconds, Stopping threads took: 0.0000535 seconds
{Heap before GC invocations=495927 (full 2):
 par new generation   total 368640K, used 327682K [0x00000006c1c00000, 0x00000006dac00000, 0x00000006dac00000)
  eden space 327680K, 100% used [0x00000006c1c00000, 0x00000006d5c00000, 0x00000006d5c00000)
  from space 40960K,   0% used [0x00000006d8400000, 0x00000006d8400810, 0x00000006dac00000)
  to   space 40960K,   0% used [0x00000006d5c00000, 0x00000006d5c00000, 0x00000006d8400000)
 concurrent mark-sweep generation total 3756032K, used 1086951K [0x00000006dac00000, 0x00000007c0000000, 0x00000007c0000000)
 Metaspace       used 42573K, capacity 43892K, committed 44572K, reserved 1087488K
  class space    used 5454K, capacity 5756K, committed 5960K, reserved 1048576K
2020-07-01T08:33:34.852+0200: 400169.495: [GC (Allocation Failure) 2020-07-01T08:33:34.852+0200: 400169.495: [ParNew
Desired survivor size 20971520 bytes, new threshold 1 (max 1)
- age   1:        336 bytes,        336 total
: 327682K->4K(368640K), 0.0122614 secs] 1414633K->1086955K(4124672K), 0.0123753 secs] [Times: user=0.02 sys=0.02, real=0.01 secs] 
Heap after GC invocations=495928 (full 2):
 par new generation   total 368640K, used 4K [0x00000006c1c00000, 0x00000006dac00000, 0x00000006dac00000)
  eden space 327680K,   0% used [0x00000006c1c00000, 0x00000006c1c00000, 0x00000006d5c00000)
  from space 40960K,   0% used [0x00000006d5c00000, 0x00000006d5c01020, 0x00000006d8400000)
  to   space 40960K,   0% used [0x00000006d8400000, 0x00000006d8400000, 0x00000006dac00000)
 concurrent mark-sweep generation total 3756032K, used 1086951K [0x00000006dac00000, 0x00000007c0000000, 0x00000007c0000000)
 Metaspace       used 42573K, capacity 43892K, committed 44572K, reserved 1087488K
  class space    used 5454K, capacity 5756K, committed 5960K, reserved 1048576K
}
2020-07-01T08:33:34.864+0200: 400169.507: Total time for which application threads were stopped: 0.0128305 seconds, Stopping threads took: 0.0001880 seconds
{Heap before GC invocations=495928 (full 2):
 par new generation   total 368640K, used 327684K [0x00000006c1c00000, 0x00000006dac00000, 0x00000006dac00000)
  eden space 327680K, 100% used [0x00000006c1c00000, 0x00000006d5c00000, 0x00000006d5c00000)
  from space 40960K,   0% used [0x00000006d5c00000, 0x00000006d5c01020, 0x00000006d8400000)
  to   space 40960K,   0% used [0x00000006d8400000, 0x00000006d8400000, 0x00000006dac00000)
 concurrent mark-sweep generation total 3756032K, used 1086951K [0x00000006dac00000, 0x00000007c0000000, 0x00000007c0000000)
 Metaspace       used 42573K, capacity 43892K, committed 44572K, reserved 1087488K
  class space    used 5454K, capacity 5756K, committed 5960K, reserved 1048576K
2020-07-01T08:33:35.180+0200: 400169.823: [GC (Allocation Failure) 2020-07-01T08:33:35.181+0200: 400169.823: [ParNew
Desired survivor size 20971520 bytes, new threshold 1 (max 1)
- age   1:        272 bytes,        272 total
: 327684K->4K(368640K), 0.0125559 secs] 1414635K->1086955K(4124672K), 0.0126617 secs] [Times: user=0.01 sys=0.00, real=0.01 secs] 
Heap after GC invocations=495929 (full 2):
 par new generation   total 368640K, used 4K [0x00000006c1c00000, 0x00000006dac00000, 0x00000006dac00000)
  eden space 327680K,   0% used [0x00000006c1c00000, 0x00000006c1c00000, 0x00000006d5c00000)
  from space 40960K,   0% used [0x00000006d8400000, 0x00000006d8401020, 0x00000006dac00000)
  to   space 40960K,   0% used [0x00000006d5c00000, 0x00000006d5c00000, 0x00000006d8400000)
 concurrent mark-sweep generation total 3756032K, used 1086951K [0x00000006dac00000, 0x00000007c0000000, 0x00000007c0000000)
 Metaspace       used 42573K, capacity 43892K, committed 44572K, reserved 1087488K
  class space    used 5454K, capacity 5756K, committed 5960K, reserved 1048576K
}
2020-07-01T08:33:35.193+0200: 400169.836: Total time for which application threads were stopped: 0.0132825 seconds, Stopping threads took: 0.0003723 seconds
{Heap before GC invocations=495929 (full 2):
 par new generation   total 368640K, used 327684K [0x00000006c1c00000, 0x00000006dac00000, 0x00000006dac00000)
  eden space 327680K, 100% used [0x00000006c1c00000, 0x00000006d5c00000, 0x00000006d5c00000)
  from space 40960K,   0% used [0x00000006d8400000, 0x00000006d8401020, 0x00000006dac00000)
  to   space 40960K,   0% used [0x00000006d5c00000, 0x00000006d5c00000, 0x00000006d8400000)
 concurrent mark-sweep generation total 3756032K, used 1086951K [0x00000006dac00000, 0x00000007c0000000, 0x00000007c0000000)
 Metaspace       used 42573K, capacity 43892K, committed 44572K, reserved 1087488K
  class space    used 5454K, capacity 5756K, committed 5960K, reserved 1048576K
2020-07-01T08:33:35.492+0200: 400170.135: [GC (Allocation Failure) 2020-07-01T08:33:35.492+0200: 400170.135: [ParNew
Desired survivor size 20971520 bytes, new threshold 1 (max 1)
- age   1:        272 bytes,        272 total
: 327684K->4K(368640K), 0.0096821 secs] 1414635K->1086955K(4124672K), 0.0098284 secs] [Times: user=0.03 sys=0.00, real=0.01 secs] 
Heap after GC invocations=495930 (full 2):
 par new generation   total 368640K, used 4K [0x00000006c1c00000, 0x00000006dac00000, 0x00000006dac00000)
  eden space 327680K,   0% used [0x00000006c1c00000, 0x00000006c1c00000, 0x00000006d5c00000)
  from space 40960K,   0% used [0x00000006d5c00000, 0x00000006d5c01020, 0x00000006d8400000)
  to   space 40960K,   0% used [0x00000006d8400000, 0x00000006d8400000, 0x00000006dac00000)
 concurrent mark-sweep generation total 3756032K, used 1086951K [0x00000006dac00000, 0x00000007c0000000, 0x00000007c0000000)
 Metaspace       used 42573K, capacity 43892K, committed 44572K, reserved 1087488K
  class space    used 5454K, capacity 5756K, committed 5960K, reserved 1048576K
}
2020-07-01T08:33:35.502+0200: 400170.145: Total time for which application threads were stopped: 0.0109120 seconds, Stopping threads took: 0.0001102 seconds
{Heap before GC invocations=495930 (full 2):
 par new generation   total 368640K, used 327684K [0x00000006c1c00000, 0x00000006dac00000, 0x00000006dac00000)
  eden space 327680K, 100% used [0x00000006c1c00000, 0x00000006d5c00000, 0x00000006d5c00000)
  from space 40960K,   0% used [0x00000006d5c00000, 0x00000006d5c01020, 0x00000006d8400000)
  to   space 40960K,   0% used [0x00000006d8400000, 0x00000006d8400000, 0x00000006dac00000)
 concurrent mark-sweep generation total 3756032K, used 1086951K [0x00000006dac00000, 0x00000007c0000000, 0x00000007c0000000)
 Metaspace       used 42573K, capacity 43892K, committed 44572K, reserved 1087488K
  class space    used 5454K, capacity 5756K, committed 5960K, reserved 1048576K
2020-07-01T08:33:35.811+0200: 400170.454: [GC (Allocation Failure) 2020-07-01T08:33:35.811+0200: 400170.454: [ParNew
Desired survivor size 20971520 bytes, new threshold 1 (max 1)
- age   1:        304 bytes,        304 total
: 327684K->4K(368640K), 0.0155263 secs] 1414635K->1086955K(4124672K), 0.0156593 secs] [Times: user=0.00 sys=0.00, real=0.01 secs] 
Heap after GC invocations=495931 (full 2):
 par new generation   total 368640K, used 4K [0x00000006c1c00000, 0x00000006dac00000, 0x00000006dac00000)
  eden space 327680K,   0% used [0x00000006c1c00000, 0x00000006c1c00000, 0x00000006d5c00000)
  from space 40960K,   0% used [0x00000006d8400000, 0x00000006d8401020, 0x00000006dac00000)
  to   space 40960K,   0% used [0x00000006d5c00000, 0x00000006d5c00000, 0x00000006d8400000)
 concurrent mark-sweep generation total 3756032K, used 1086951K [0x00000006dac00000, 0x00000007c0000000, 0x00000007c0000000)
 Metaspace       used 42573K, capacity 43892K, committed 44572K, reserved 1087488K
  class space    used 5454K, capacity 5756K, committed 5960K, reserved 1048576K
}
2020-07-01T08:33:35.827+0200: 400170.470: Total time for which application threads were stopped: 0.0160690 seconds, Stopping threads took: 0.0000530 seconds
{Heap before GC invocations=495931 (full 2):
 par new generation   total 368640K, used 327684K [0x00000006c1c00000, 0x00000006dac00000, 0x00000006dac00000)
  eden space 327680K, 100% used [0x00000006c1c00000, 0x00000006d5c00000, 0x00000006d5c00000)
  from space 40960K,   0% used [0x00000006d8400000, 0x00000006d8401020, 0x00000006dac00000)
  to   space 40960K,   0% used [0x00000006d5c00000, 0x00000006d5c00000, 0x00000006d8400000)
 concurrent mark-sweep generation total 3756032K, used 1086951K [0x00000006dac00000, 0x00000007c0000000, 0x00000007c0000000)
 Metaspace       used 42573K, capacity 43892K, committed 44572K, reserved 1087488K
  class space    used 5454K, capacity 5756K, committed 5960K, reserved 1048576K
2020-07-01T08:33:36.138+0200: 400170.781: [GC (Allocation Failure) 2020-07-01T08:33:36.138+0200: 400170.781: [ParNew
Desired survivor size 20971520 bytes, new threshold 1 (max 1)
- age   1:        240 bytes,        240 total
: 327684K->4K(368640K), 0.0158688 secs] 1414635K->1086955K(4124672K), 0.0159944 secs] [Times: user=0.00 sys=0.00, real=0.02 secs] 
Heap after GC invocations=495932 (full 2):
 par new generation   total 368640K, used 4K [0x00000006c1c00000, 0x00000006dac00000, 0x00000006dac00000)
  eden space 327680K,   0% used [0x00000006c1c00000, 0x00000006c1c00000, 0x00000006d5c00000)
  from space 40960K,   0% used [0x00000006d5c00000, 0x00000006d5c01020, 0x00000006d8400000)
  to   space 40960K,   0% used [0x00000006d8400000, 0x00000006d8400000, 0x00000006dac00000)
 concurrent mark-sweep generation total 3756032K, used 1086951K [0x00000006dac00000, 0x00000007c0000000, 0x00000007c0000000)
 Metaspace       used 42573K, capacity 43892K, committed 44572K, reserved 1087488K
  class space    used 5454K, capacity 5756K, committed 5960K, reserved 1048576K
}
2020-07-01T08:33:36.154+0200: 400170.797: Total time for which application threads were stopped: 0.0163274 seconds, Stopping threads took: 0.0000907 seconds
{Heap before GC invocations=495932 (full 2):
 par new generation   total 368640K, used 327684K [0x00000006c1c00000, 0x00000006dac00000, 0x00000006dac00000)
  eden space 327680K, 100% used [0x00000006c1c00000, 0x00000006d5c00000, 0x00000006d5c00000)
  from space 40960K,   0% used [0x00000006d5c00000, 0x00000006d5c01020, 0x00000006d8400000)
  to   space 40960K,   0% used [0x00000006d8400000, 0x00000006d8400000, 0x00000006dac00000)
 concurrent mark-sweep generation total 3756032K, used 1086951K [0x00000006dac00000, 0x00000007c0000000, 0x00000007c0000000)
 Metaspace       used 42573K, capacity 43892K, committed 44572K, reserved 1087488K
  class space    used 5454K, capacity 5756K, committed 5960K, reserved 1048576K
2020-07-01T08:33:36.447+0200: 400171.089: [GC (Allocation Failure) 2020-07-01T08:33:36.447+0200: 400171.089: [ParNew
Desired survivor size 20971520 bytes, new threshold 1 (max 1)
- age   1:        272 bytes,        272 total
: 327684K->4K(368640K), 0.0132283 secs] 1414635K->1086955K(4124672K), 0.0133501 secs] [Times: user=0.03 sys=0.00, real=0.02 secs] 
Heap after GC invocations=495933 (full 2):
 par new generation   total 368640K, used 4K [0x00000006c1c00000, 0x00000006dac00000, 0x00000006dac00000)
  eden space 327680K,   0% used [0x00000006c1c00000, 0x00000006c1c00000, 0x00000006d5c00000)
  from space 40960K,   0% used [0x00000006d8400000, 0x00000006d8401020, 0x00000006dac00000)
  to   space 40960K,   0% used [0x00000006d5c00000, 0x00000006d5c00000, 0x00000006d8400000)
 concurrent mark-sweep generation total 3756032K, used 1086951K [0x00000006dac00000, 0x00000007c0000000, 0x00000007c0000000)
 Metaspace       used 42573K, capacity 43892K, committed 44572K, reserved 1087488K
  class space    used 5454K, capacity 5756K, committed 5960K, reserved 1048576K
}
2020-07-01T08:33:36.460+0200: 400171.103: Total time for which application threads were stopped: 0.0137225 seconds, Stopping threads took: 0.0001097 seconds
{Heap before GC invocations=495933 (full 2):
 par new generation   total 368640K, used 327684K [0x00000006c1c00000, 0x00000006dac00000, 0x00000006dac00000)
  eden space 327680K, 100% used [0x00000006c1c00000, 0x00000006d5c00000, 0x00000006d5c00000)
  from space 40960K,   0% used [0x00000006d8400000, 0x00000006d8401020, 0x00000006dac00000)
  to   space 40960K,   0% used [0x00000006d5c00000, 0x00000006d5c00000, 0x00000006d8400000)
 concurrent mark-sweep generation total 3756032K, used 1086951K [0x00000006dac00000, 0x00000007c0000000, 0x00000007c0000000)
 Metaspace       used 42573K, capacity 43892K, committed 44572K, reserved 1087488K
  class space    used 5454K, capacity 5756K, committed 5960K, reserved 1048576K
2020-07-01T08:33:36.752+0200: 400171.395: [GC (Allocation Failure) 2020-07-01T08:33:36.752+0200: 400171.395: [ParNew
Desired survivor size 20971520 bytes, new threshold 1 (max 1)
- age   1:        336 bytes,        336 total
: 327684K->4K(368640K), 0.0106787 secs] 1414635K->1086955K(4124672K), 0.0107913 secs] [Times: user=0.03 sys=0.00, real=0.01 secs] 
Heap after GC invocations=495934 (full 2):
 par new generation   total 368640K, used 4K [0x00000006c1c00000, 0x00000006dac00000, 0x00000006dac00000)
  eden space 327680K,   0% used [0x00000006c1c00000, 0x00000006c1c00000, 0x00000006d5c00000)
  from space 40960K,   0% used [0x00000006d5c00000, 0x00000006d5c01020, 0x00000006d8400000)
  to   space 40960K,   0% used [0x00000006d8400000, 0x00000006d8400000, 0x00000006dac00000)
 concurrent mark-sweep generation total 3756032K, used 1086951K [0x00000006dac00000, 0x00000007c0000000, 0x00000007c0000000)
 Metaspace       used 42573K, capacity 43892K, committed 44572K, reserved 1087488K
  class space    used 5454K, capacity 5756K, committed 5960K, reserved 1048576K
}
2020-07-01T08:33:36.763+0200: 400171.406: Total time for which application threads were stopped: 0.0112608 seconds, Stopping threads took: 0.0002320 seconds
{Heap before GC invocations=495934 (full 2):
 par new generation   total 368640K, used 327684K [0x00000006c1c00000, 0x00000006dac00000, 0x00000006dac00000)
  eden space 327680K, 100% used [0x00000006c1c00000, 0x00000006d5c00000, 0x00000006d5c00000)
  from space 40960K,   0% used [0x00000006d5c00000, 0x00000006d5c01020, 0x00000006d8400000)
  to   space 40960K,   0% used [0x00000006d8400000, 0x00000006d8400000, 0x00000006dac00000)
 concurrent mark-sweep generation total 3756032K, used 1086951K [0x00000006dac00000, 0x00000007c0000000, 0x00000007c0000000)
 Metaspace       used 42573K, capacity 43892K, committed 44572K, reserved 1087488K
  class space    used 5454K, capacity 5756K, committed 5960K, reserved 1048576K
2020-07-01T08:33:37.037+0200: 400171.680: [GC (Allocation Failure) 2020-07-01T08:33:37.037+0200: 400171.680: [ParNew
Desired survivor size 20971520 bytes, new threshold 1 (max 1)
- age   1:        240 bytes,        240 total
: 327684K->4K(368640K), 0.0114655 secs] 1414635K->1086955K(4124672K), 0.0115856 secs] [Times: user=0.00 sys=0.00, real=0.02 secs] 
Heap after GC invocations=495935 (full 2):
 par new generation   total 368640K, used 4K [0x00000006c1c00000, 0x00000006dac00000, 0x00000006dac00000)
  eden space 327680K,   0% used [0x00000006c1c00000, 0x00000006c1c00000, 0x00000006d5c00000)
  from space 40960K,   0% used [0x00000006d8400000, 0x00000006d8401020, 0x00000006dac00000)
  to   space 40960K,   0% used [0x00000006d5c00000, 0x00000006d5c00000, 0x00000006d8400000)
 concurrent mark-sweep generation total 3756032K, used 1086951K [0x00000006dac00000, 0x00000007c0000000, 0x00000007c0000000)
 Metaspace       used 42573K, capacity 43892K, committed 44572K, reserved 1087488K
  class space    used 5454K, capacity 5756K, committed 5960K, reserved 1048576K
}
2020-07-01T08:33:37.049+0200: 400171.692: Total time for which application threads were stopped: 0.0118762 seconds, Stopping threads took: 0.0000507 seconds
{Heap before GC invocations=495935 (full 2):
 par new generation   total 368640K, used 327684K [0x00000006c1c00000, 0x00000006dac00000, 0x00000006dac00000)
  eden space 327680K, 100% used [0x00000006c1c00000, 0x00000006d5c00000, 0x00000006d5c00000)
  from space 40960K,   0% used [0x00000006d8400000, 0x00000006d8401020, 0x00000006dac00000)
  to   space 40960K,   0% used [0x00000006d5c00000, 0x00000006d5c00000, 0x00000006d8400000)
 concurrent mark-sweep generation total 3756032K, used 1086951K [0x00000006dac00000, 0x00000007c0000000, 0x00000007c0000000)
 Metaspace       used 42573K, capacity 43892K, committed 44572K, reserved 1087488K
  class space    used 5454K, capacity 5756K, committed 5960K, reserved 1048576K
2020-07-01T08:33:37.330+0200: 400171.973: [GC (Allocation Failure) 2020-07-01T08:33:37.330+0200: 400171.973: [ParNew
Desired survivor size 20971520 bytes, new threshold 1 (max 1)
- age   1:        240 bytes,        240 total
: 327684K->4K(368640K), 0.0113283 secs] 1414635K->1086955K(4124672K), 0.0114507 secs] [Times: user=0.03 sys=0.00, real=0.01 secs] 
Heap after GC invocations=495936 (full 2):
 par new generation   total 368640K, used 4K [0x00000006c1c00000, 0x00000006dac00000, 0x00000006dac00000)
  eden space 327680K,   0% used [0x00000006c1c00000, 0x00000006c1c00000, 0x00000006d5c00000)
  from space 40960K,   0% used [0x00000006d5c00000, 0x00000006d5c01020, 0x00000006d8400000)
  to   space 40960K,   0% used [0x00000006d8400000, 0x00000006d8400000, 0x00000006dac00000)
 concurrent mark-sweep generation total 3756032K, used 1086951K [0x00000006dac00000, 0x00000007c0000000, 0x00000007c0000000)
 Metaspace       used 42573K, capacity 43892K, committed 44572K, reserved 1087488K
  class space    used 5454K, capacity 5756K, committed 5960K, reserved 1048576K
}
2020-07-01T08:33:37.344+0200: 400171.987: Total time for which application threads were stopped: 0.0141552 seconds, Stopping threads took: 0.0001174 seconds
{Heap before GC invocations=495936 (full 2):
 par new generation   total 368640K, used 327684K [0x00000006c1c00000, 0x00000006dac00000, 0x00000006dac00000)
  eden space 327680K, 100% used [0x00000006c1c00000, 0x00000006d5c00000, 0x00000006d5c00000)
  from space 40960K,   0% used [0x00000006d5c00000, 0x00000006d5c01020, 0x00000006d8400000)
  to   space 40960K,   0% used [0x00000006d8400000, 0x00000006d8400000, 0x00000006dac00000)
 concurrent mark-sweep generation total 3756032K, used 1086951K [0x00000006dac00000, 0x00000007c0000000, 0x00000007c0000000)
 Metaspace       used 42573K, capacity 43892K, committed 44572K, reserved 1087488K
  class space    used 5454K, capacity 5756K, committed 5960K, reserved 1048576K
2020-07-01T08:33:37.629+0200: 400172.271: [GC (Allocation Failure) 2020-07-01T08:33:37.629+0200: 400172.272: [ParNew
Desired survivor size 20971520 bytes, new threshold 1 (max 1)
- age   1:        304 bytes,        304 total
: 327684K->6K(368640K), 0.0078136 secs] 1414635K->1086957K(4124672K), 0.0080180 secs] [Times: user=0.02 sys=0.00, real=0.00 secs] 
Heap after GC invocations=495937 (full 2):
 par new generation   total 368640K, used 6K [0x00000006c1c00000, 0x00000006dac00000, 0x00000006dac00000)
  eden space 327680K,   0% used [0x00000006c1c00000, 0x00000006c1c00000, 0x00000006d5c00000)
  from space 40960K,   0% used [0x00000006d8400000, 0x00000006d8401830, 0x00000006dac00000)
  to   space 40960K,   0% used [0x00000006d5c00000, 0x00000006d5c00000, 0x00000006d8400000)
 concurrent mark-sweep generation total 3756032K, used 1086951K [0x00000006dac00000, 0x00000007c0000000, 0x00000007c0000000)
 Metaspace       used 42573K, capacity 43892K, committed 44572K, reserved 1087488K
  class space    used 5454K, capacity 5756K, committed 5960K, reserved 1048576K
}
2020-07-01T08:33:37.637+0200: 400172.280: Total time for which application threads were stopped: 0.0083893 seconds, Stopping threads took: 0.0000974 seconds
{Heap before GC invocations=495937 (full 2):
 par new generation   total 368640K, used 327686K [0x00000006c1c00000, 0x00000006dac00000, 0x00000006dac00000)
  eden space 327680K, 100% used [0x00000006c1c00000, 0x00000006d5c00000, 0x00000006d5c00000)
  from space 40960K,   0% used [0x00000006d8400000, 0x00000006d8401830, 0x00000006dac00000)
  to   space 40960K,   0% used [0x00000006d5c00000, 0x00000006d5c00000, 0x00000006d8400000)
 concurrent mark-sweep generation total 3756032K, used 1086951K [0x00000006dac00000, 0x00000007c0000000, 0x00000007c0000000)
 Metaspace       used 42573K, capacity 43892K, committed 44572K, reserved 1087488K
  class space    used 5454K, capacity 5756K, committed 5960K, reserved 1048576K
2020-07-01T08:33:37.916+0200: 400172.559: [GC (Allocation Failure) 2020-07-01T08:33:37.916+0200: 400172.559: [ParNew
Desired survivor size 20971520 bytes, new threshold 1 (max 1)
- age   1:        568 bytes,        568 total
: 327686K->4K(368640K), 0.0100812 secs] 1414637K->1086955K(4124672K), 0.0102157 secs] [Times: user=0.03 sys=0.00, real=0.01 secs] 
Heap after GC invocations=495938 (full 2):
 par new generation   total 368640K, used 4K [0x00000006c1c00000, 0x00000006dac00000, 0x00000006dac00000)
  eden space 327680K,   0% used [0x00000006c1c00000, 0x00000006c1c00000, 0x00000006d5c00000)
  from space 40960K,   0% used [0x00000006d5c00000, 0x00000006d5c01020, 0x00000006d8400000)
  to   space 40960K,   0% used [0x00000006d8400000, 0x00000006d8400000, 0x00000006dac00000)
 concurrent mark-sweep generation total 3756032K, used 1086951K [0x00000006dac00000, 0x00000007c0000000, 0x00000007c0000000)
 Metaspace       used 42573K, capacity 43892K, committed 44572K, reserved 1087488K
  class space    used 5454K, capacity 5756K, committed 5960K, reserved 1048576K
}
2020-07-01T08:33:37.926+0200: 400172.569: Total time for which application threads were stopped: 0.0105595 seconds, Stopping threads took: 0.0001077 seconds
{Heap before GC invocations=495938 (full 2):
 par new generation   total 368640K, used 327684K [0x00000006c1c00000, 0x00000006dac00000, 0x00000006dac00000)
  eden space 327680K, 100% used [0x00000006c1c00000, 0x00000006d5c00000, 0x00000006d5c00000)
  from space 40960K,   0% used [0x00000006d5c00000, 0x00000006d5c01020, 0x00000006d8400000)
  to   space 40960K,   0% used [0x00000006d8400000, 0x00000006d8400000, 0x00000006dac00000)
 concurrent mark-sweep generation total 3756032K, used 1086951K [0x00000006dac00000, 0x00000007c0000000, 0x00000007c0000000)
 Metaspace       used 42573K, capacity 43892K, committed 44572K, reserved 1087488K
  class space    used 5454K, capacity 5756K, committed 5960K, reserved 1048576K
2020-07-01T08:33:38.202+0200: 400172.844: [GC (Allocation Failure) 2020-07-01T08:33:38.202+0200: 400172.844: [ParNew
Desired survivor size 20971520 bytes, new threshold 1 (max 1)
- age   1:        272 bytes,        272 total
: 327684K->6K(368640K), 0.0072431 secs] 1414635K->1086957K(4124672K), 0.0074390 secs] [Times: user=0.00 sys=0.00, real=0.01 secs] 
Heap after GC invocations=495939 (full 2):
 par new generation   total 368640K, used 6K [0x00000006c1c00000, 0x00000006dac00000, 0x00000006dac00000)
  eden space 327680K,   0% used [0x00000006c1c00000, 0x00000006c1c00000, 0x00000006d5c00000)
  from space 40960K,   0% used [0x00000006d8400000, 0x00000006d8401830, 0x00000006dac00000)
  to   space 40960K,   0% used [0x00000006d5c00000, 0x00000006d5c00000, 0x00000006d8400000)
 concurrent mark-sweep generation total 3756032K, used 1086951K [0x00000006dac00000, 0x00000007c0000000, 0x00000007c0000000)
 Metaspace       used 42573K, capacity 43892K, committed 44572K, reserved 1087488K
  class space    used 5454K, capacity 5756K, committed 5960K, reserved 1048576K
}
2020-07-01T08:33:38.210+0200: 400172.852: Total time for which application threads were stopped: 0.0082347 seconds, Stopping threads took: 0.0000962 seconds
{Heap before GC invocations=495939 (full 2):
 par new generation   total 368640K, used 327686K [0x00000006c1c00000, 0x00000006dac00000, 0x00000006dac00000)
  eden space 327680K, 100% used [0x00000006c1c00000, 0x00000006d5c00000, 0x00000006d5c00000)
  from space 40960K,   0% used [0x00000006d8400000, 0x00000006d8401830, 0x00000006dac00000)
  to   space 40960K,   0% used [0x00000006d5c00000, 0x00000006d5c00000, 0x00000006d8400000)
 concurrent mark-sweep generation total 3756032K, used 1086951K [0x00000006dac00000, 0x00000007c0000000, 0x00000007c0000000)
 Metaspace       used 42573K, capacity 43892K, committed 44572K, reserved 1087488K
  class space    used 5454K, capacity 5756K, committed 5960K, reserved 1048576K
2020-07-01T08:33:38.487+0200: 400173.129: [GC (Allocation Failure) 2020-07-01T08:33:38.487+0200: 400173.129: [ParNew
Desired survivor size 20971520 bytes, new threshold 1 (max 1)
- age   1:        240 bytes,        240 total
: 327686K->4K(368640K), 0.0118125 secs] 1414637K->1086955K(4124672K), 0.0119462 secs] [Times: user=0.03 sys=0.00, real=0.02 secs] 
Heap after GC invocations=495940 (full 2):
 par new generation   total 368640K, used 4K [0x00000006c1c00000, 0x00000006dac00000, 0x00000006dac00000)
  eden space 327680K,   0% used [0x00000006c1c00000, 0x00000006c1c00000, 0x00000006d5c00000)
  from space 40960K,   0% used [0x00000006d5c00000, 0x00000006d5c01020, 0x00000006d8400000)
  to   space 40960K,   0% used [0x00000006d8400000, 0x00000006d8400000, 0x00000006dac00000)
 concurrent mark-sweep generation total 3756032K, used 1086951K [0x00000006dac00000, 0x00000007c0000000, 0x00000007c0000000)
 Metaspace       used 42573K, capacity 43892K, committed 44572K, reserved 1087488K
  class space    used 5454K, capacity 5756K, committed 5960K, reserved 1048576K
}
2020-07-01T08:33:38.499+0200: 400173.141: Total time for which application threads were stopped: 0.0123255 seconds, Stopping threads took: 0.0001062 seconds
{Heap before GC invocations=495940 (full 2):
 par new generation   total 368640K, used 327684K [0x00000006c1c00000, 0x00000006dac00000, 0x00000006dac00000)
  eden space 327680K, 100% used [0x00000006c1c00000, 0x00000006d5c00000, 0x00000006d5c00000)
  from space 40960K,   0% used [0x00000006d5c00000, 0x00000006d5c01020, 0x00000006d8400000)
  to   space 40960K,   0% used [0x00000006d8400000, 0x00000006d8400000, 0x00000006dac00000)
 concurrent mark-sweep generation total 3756032K, used 1086951K [0x00000006dac00000, 0x00000007c0000000, 0x00000007c0000000)
 Metaspace       used 42573K, capacity 43892K, committed 44572K, reserved 1087488K
  class space    used 5454K, capacity 5756K, committed 5960K, reserved 1048576K
2020-07-01T08:33:38.775+0200: 400173.418: [GC (Allocation Failure) 2020-07-01T08:33:38.775+0200: 400173.418: [ParNew
Desired survivor size 20971520 bytes, new threshold 1 (max 1)
- age   1:        336 bytes,        336 total
: 327684K->4K(368640K), 0.0102979 secs] 1414635K->1086955K(4124672K), 0.0104103 secs] [Times: user=0.03 sys=0.00, real=0.01 secs] 
Heap after GC invocations=495941 (full 2):
 par new generation   total 368640K, used 4K [0x00000006c1c00000, 0x00000006dac00000, 0x00000006dac00000)
  eden space 327680K,   0% used [0x00000006c1c00000, 0x00000006c1c00000, 0x00000006d5c00000)
  from space 40960K,   0% used [0x00000006d8400000, 0x00000006d8401020, 0x00000006dac00000)
  to   space 40960K,   0% used [0x00000006d5c00000, 0x00000006d5c00000, 0x00000006d8400000)
 concurrent mark-sweep generation total 3756032K, used 1086951K [0x00000006dac00000, 0x00000007c0000000, 0x00000007c0000000)
 Metaspace       used 42573K, capacity 43892K, committed 44572K, reserved 1087488K
  class space    used 5454K, capacity 5756K, committed 5960K, reserved 1048576K
}
2020-07-01T08:33:38.785+0200: 400173.428: Total time for which application threads were stopped: 0.0107956 seconds, Stopping threads took: 0.0001191 seconds
{Heap before GC invocations=495941 (full 2):
 par new generation   total 368640K, used 327684K [0x00000006c1c00000, 0x00000006dac00000, 0x00000006dac00000)
  eden space 327680K, 100% used [0x00000006c1c00000, 0x00000006d5c00000, 0x00000006d5c00000)
  from space 40960K,   0% used [0x00000006d8400000, 0x00000006d8401020, 0x00000006dac00000)
  to   space 40960K,   0% used [0x00000006d5c00000, 0x00000006d5c00000, 0x00000006d8400000)
 concurrent mark-sweep generation total 3756032K, used 1086951K [0x00000006dac00000, 0x00000007c0000000, 0x00000007c0000000)
 Metaspace       used 42573K, capacity 43892K, committed 44572K, reserved 1087488K
  class space    used 5454K, capacity 5756K, committed 5960K, reserved 1048576K
2020-07-01T08:33:39.062+0200: 400173.704: [GC (Allocation Failure) 2020-07-01T08:33:39.062+0200: 400173.705: [ParNew
Desired survivor size 20971520 bytes, new threshold 1 (max 1)
- age   1:        240 bytes,        240 total
: 327684K->4K(368640K), 0.0099221 secs] 1414635K->1086955K(4124672K), 0.0100325 secs] [Times: user=0.00 sys=0.00, real=0.01 secs] 
Heap after GC invocations=495942 (full 2):
 par new generation   total 368640K, used 4K [0x00000006c1c00000, 0x00000006dac00000, 0x00000006dac00000)
  eden space 327680K,   0% used [0x00000006c1c00000, 0x00000006c1c00000, 0x00000006d5c00000)
  from space 40960K,   0% used [0x00000006d5c00000, 0x00000006d5c01020, 0x00000006d8400000)
  to   space 40960K,   0% used [0x00000006d8400000, 0x00000006d8400000, 0x00000006dac00000)
 concurrent mark-sweep generation total 3756032K, used 1086951K [0x00000006dac00000, 0x00000007c0000000, 0x00000007c0000000)
 Metaspace       used 42573K, capacity 43892K, committed 44572K, reserved 1087488K
  class space    used 5454K, capacity 5756K, committed 5960K, reserved 1048576K
}
2020-07-01T08:33:39.072+0200: 400173.715: Total time for which application threads were stopped: 0.0103060 seconds, Stopping threads took: 0.0000471 seconds
{Heap before GC invocations=495942 (full 2):
 par new generation   total 368640K, used 327684K [0x00000006c1c00000, 0x00000006dac00000, 0x00000006dac00000)
  eden space 327680K, 100% used [0x00000006c1c00000, 0x00000006d5c00000, 0x00000006d5c00000)
  from space 40960K,   0% used [0x00000006d5c00000, 0x00000006d5c01020, 0x00000006d8400000)
  to   space 40960K,   0% used [0x00000006d8400000, 0x00000006d8400000, 0x00000006dac00000)
 concurrent mark-sweep generation total 3756032K, used 1086951K [0x00000006dac00000, 0x00000007c0000000, 0x00000007c0000000)
 Metaspace       used 42573K, capacity 43892K, committed 44572K, reserved 1087488K
  class space    used 5454K, capacity 5756K, committed 5960K, reserved 1048576K
2020-07-01T08:33:39.349+0200: 400173.992: [GC (Allocation Failure) 2020-07-01T08:33:39.349+0200: 400173.992: [ParNew
Desired survivor size 20971520 bytes, new threshold 1 (max 1)
- age   1:        696 bytes,        696 total
: 327684K->6K(368640K), 0.0073215 secs] 1414635K->1086957K(4124672K), 0.0074483 secs] [Times: user=0.05 sys=0.00, real=0.00 secs] 
Heap after GC invocations=495943 (full 2):
 par new generation   total 368640K, used 6K [0x00000006c1c00000, 0x00000006dac00000, 0x00000006dac00000)
  eden space 327680K,   0% used [0x00000006c1c00000, 0x00000006c1c00000, 0x00000006d5c00000)
  from space 40960K,   0% used [0x00000006d8400000, 0x00000006d8401830, 0x00000006dac00000)
  to   space 40960K,   0% used [0x00000006d5c00000, 0x00000006d5c00000, 0x00000006d8400000)
 concurrent mark-sweep generation total 3756032K, used 1086951K [0x00000006dac00000, 0x00000007c0000000, 0x00000007c0000000)
 Metaspace       used 42573K, capacity 43892K, committed 44572K, reserved 1087488K
  class space    used 5454K, capacity 5756K, committed 5960K, reserved 1048576K
}
2020-07-01T08:33:39.357+0200: 400173.999: Total time for which application threads were stopped: 0.0078075 seconds, Stopping threads took: 0.0001117 seconds
{Heap before GC invocations=495943 (full 2):
 par new generation   total 368640K, used 327686K [0x00000006c1c00000, 0x00000006dac00000, 0x00000006dac00000)
  eden space 327680K, 100% used [0x00000006c1c00000, 0x00000006d5c00000, 0x00000006d5c00000)
  from space 40960K,   0% used [0x00000006d8400000, 0x00000006d8401830, 0x00000006dac00000)
  to   space 40960K,   0% used [0x00000006d5c00000, 0x00000006d5c00000, 0x00000006d8400000)
 concurrent mark-sweep generation total 3756032K, used 1086951K [0x00000006dac00000, 0x00000007c0000000, 0x00000007c0000000)
 Metaspace       used 42573K, capacity 43892K, committed 44572K, reserved 1087488K
  class space    used 5454K, capacity 5756K, committed 5960K, reserved 1048576K
2020-07-01T08:33:39.634+0200: 400174.277: [GC (Allocation Failure) 2020-07-01T08:33:39.634+0200: 400174.277: [ParNew
Desired survivor size 20971520 bytes, new threshold 1 (max 1)
- age   1:        304 bytes,        304 total
: 327686K->4K(368640K), 0.0118251 secs] 1414637K->1086956K(4124672K), 0.0119516 secs] [Times: user=0.03 sys=0.00, real=0.01 secs] 
Heap after GC invocations=495944 (full 2):
 par new generation   total 368640K, used 4K [0x00000006c1c00000, 0x00000006dac00000, 0x00000006dac00000)
  eden space 327680K,   0% used [0x00000006c1c00000, 0x00000006c1c00000, 0x00000006d5c00000)
  from space 40960K,   0% used [0x00000006d5c00000, 0x00000006d5c01020, 0x00000006d8400000)
  to   space 40960K,   0% used [0x00000006d8400000, 0x00000006d8400000, 0x00000006dac00000)
 concurrent mark-sweep generation total 3756032K, used 1086952K [0x00000006dac00000, 0x00000007c0000000, 0x00000007c0000000)
 Metaspace       used 42573K, capacity 43892K, committed 44572K, reserved 1087488K
  class space    used 5454K, capacity 5756K, committed 5960K, reserved 1048576K
}
2020-07-01T08:33:39.646+0200: 400174.289: Total time for which application threads were stopped: 0.0123011 seconds, Stopping threads took: 0.0001068 seconds
{Heap before GC invocations=495944 (full 2):
 par new generation   total 368640K, used 327684K [0x00000006c1c00000, 0x00000006dac00000, 0x00000006dac00000)
  eden space 327680K, 100% used [0x00000006c1c00000, 0x00000006d5c00000, 0x00000006d5c00000)
  from space 40960K,   0% used [0x00000006d5c00000, 0x00000006d5c01020, 0x00000006d8400000)
  to   space 40960K,   0% used [0x00000006d8400000, 0x00000006d8400000, 0x00000006dac00000)
 concurrent mark-sweep generation total 3756032K, used 1086952K [0x00000006dac00000, 0x00000007c0000000, 0x00000007c0000000)
 Metaspace       used 42573K, capacity 43892K, committed 44572K, reserved 1087488K
  class space    used 5454K, capacity 5756K, committed 5960K, reserved 1048576K
2020-07-01T08:33:39.920+0200: 400174.563: [GC (Allocation Failure) 2020-07-01T08:33:39.920+0200: 400174.563: [ParNew
Desired survivor size 20971520 bytes, new threshold 1 (max 1)
- age   1:        304 bytes,        304 total
: 327684K->4K(368640K), 0.0089830 secs] 1414636K->1086956K(4124672K), 0.0091171 secs] [Times: user=0.00 sys=0.00, real=0.01 secs] 
Heap after GC invocations=495945 (full 2):
 par new generation   total 368640K, used 4K [0x00000006c1c00000, 0x00000006dac00000, 0x00000006dac00000)
  eden space 327680K,   0% used [0x00000006c1c00000, 0x00000006c1c00000, 0x00000006d5c00000)
  from space 40960K,   0% used [0x00000006d8400000, 0x00000006d8401020, 0x00000006dac00000)
  to   space 40960K,   0% used [0x00000006d5c00000, 0x00000006d5c00000, 0x00000006d8400000)
 concurrent mark-sweep generation total 3756032K, used 1086952K [0x00000006dac00000, 0x00000007c0000000, 0x00000007c0000000)
 Metaspace       used 42573K, capacity 43892K, committed 44572K, reserved 1087488K
  class space    used 5454K, capacity 5756K, committed 5960K, reserved 1048576K
}
2020-07-01T08:33:39.929+0200: 400174.572: Total time for which application threads were stopped: 0.0094607 seconds, Stopping threads took: 0.0001113 seconds
{Heap before GC invocations=495945 (full 2):
 par new generation   total 368640K, used 327684K [0x00000006c1c00000, 0x00000006dac00000, 0x00000006dac00000)
  eden space 327680K, 100% used [0x00000006c1c00000, 0x00000006d5c00000, 0x00000006d5c00000)
  from space 40960K,   0% used [0x00000006d8400000, 0x00000006d8401020, 0x00000006dac00000)
  to   space 40960K,   0% used [0x00000006d5c00000, 0x00000006d5c00000, 0x00000006d8400000)
 concurrent mark-sweep generation total 3756032K, used 1086952K [0x00000006dac00000, 0x00000007c0000000, 0x00000007c0000000)
 Metaspace       used 42573K, capacity 43892K, committed 44572K, reserved 1087488K
  class space    used 5454K, capacity 5756K, committed 5960K, reserved 1048576K
2020-07-01T08:33:40.201+0200: 400174.844: [GC (Allocation Failure) 2020-07-01T08:33:40.201+0200: 400174.844: [ParNew
Desired survivor size 20971520 bytes, new threshold 1 (max 1)
- age   1:        240 bytes,        240 total
: 327684K->4K(368640K), 0.0093423 secs] 1414636K->1086956K(4124672K), 0.0095040 secs] [Times: user=0.00 sys=0.00, real=0.01 secs] 
Heap after GC invocations=495946 (full 2):
 par new generation   total 368640K, used 4K [0x00000006c1c00000, 0x00000006dac00000, 0x00000006dac00000)
  eden space 327680K,   0% used [0x00000006c1c00000, 0x00000006c1c00000, 0x00000006d5c00000)
  from space 40960K,   0% used [0x00000006d5c00000, 0x00000006d5c01020, 0x00000006d8400000)
  to   space 40960K,   0% used [0x00000006d8400000, 0x00000006d8400000, 0x00000006dac00000)
 concurrent mark-sweep generation total 3756032K, used 1086952K [0x00000006dac00000, 0x00000007c0000000, 0x00000007c0000000)
 Metaspace       used 42573K, capacity 43892K, committed 44572K, reserved 1087488K
  class space    used 5454K, capacity 5756K, committed 5960K, reserved 1048576K
}
2020-07-01T08:33:40.211+0200: 400174.854: Total time for which application threads were stopped: 0.0101793 seconds, Stopping threads took: 0.0000949 seconds
{Heap before GC invocations=495946 (full 2):
 par new generation   total 368640K, used 327684K [0x00000006c1c00000, 0x00000006dac00000, 0x00000006dac00000)
  eden space 327680K, 100% used [0x00000006c1c00000, 0x00000006d5c00000, 0x00000006d5c00000)
  from space 40960K,   0% used [0x00000006d5c00000, 0x00000006d5c01020, 0x00000006d8400000)
  to   space 40960K,   0% used [0x00000006d8400000, 0x00000006d8400000, 0x00000006dac00000)
 concurrent mark-sweep generation total 3756032K, used 1086952K [0x00000006dac00000, 0x00000007c0000000, 0x00000007c0000000)
 Metaspace       used 42573K, capacity 43892K, committed 44572K, reserved 1087488K
  class space    used 5454K, capacity 5756K, committed 5960K, reserved 1048576K
2020-07-01T08:33:40.490+0200: 400175.132: [GC (Allocation Failure) 2020-07-01T08:33:40.490+0200: 400175.132: [ParNew
Desired survivor size 20971520 bytes, new threshold 1 (max 1)
- age   1:        272 bytes,        272 total
: 327684K->4K(368640K), 0.0112028 secs] 1414636K->1086956K(4124672K), 0.0113153 secs] [Times: user=0.02 sys=0.00, real=0.01 secs] 
Heap after GC invocations=495947 (full 2):
 par new generation   total 368640K, used 4K [0x00000006c1c00000, 0x00000006dac00000, 0x00000006dac00000)
  eden space 327680K,   0% used [0x00000006c1c00000, 0x00000006c1c00000, 0x00000006d5c00000)
  from space 40960K,   0% used [0x00000006d8400000, 0x00000006d8401020, 0x00000006dac00000)
  to   space 40960K,   0% used [0x00000006d5c00000, 0x00000006d5c00000, 0x00000006d8400000)
 concurrent mark-sweep generation total 3756032K, used 1086952K [0x00000006dac00000, 0x00000007c0000000, 0x00000007c0000000)
 Metaspace       used 42573K, capacity 43892K, committed 44572K, reserved 1087488K
  class space    used 5454K, capacity 5756K, committed 5960K, reserved 1048576K
}
2020-07-01T08:33:40.501+0200: 400175.144: Total time for which application threads were stopped: 0.0116600 seconds, Stopping threads took: 0.0000971 seconds
{Heap before GC invocations=495947 (full 2):
 par new generation   total 368640K, used 327684K [0x00000006c1c00000, 0x00000006dac00000, 0x00000006dac00000)
  eden space 327680K, 100% used [0x00000006c1c00000, 0x00000006d5c00000, 0x00000006d5c00000)
  from space 40960K,   0% used [0x00000006d8400000, 0x00000006d8401020, 0x00000006dac00000)
  to   space 40960K,   0% used [0x00000006d5c00000, 0x00000006d5c00000, 0x00000006d8400000)
 concurrent mark-sweep generation total 3756032K, used 1086952K [0x00000006dac00000, 0x00000007c0000000, 0x00000007c0000000)
 Metaspace       used 42573K, capacity 43892K, committed 44572K, reserved 1087488K
  class space    used 5454K, capacity 5756K, committed 5960K, reserved 1048576K
2020-07-01T08:33:40.782+0200: 400175.425: [GC (Allocation Failure) 2020-07-01T08:33:40.782+0200: 400175.425: [ParNew
Desired survivor size 20971520 bytes, new threshold 1 (max 1)
- age   1:        304 bytes,        304 total
: 327684K->4K(368640K), 0.0090202 secs] 1414636K->1086956K(4124672K), 0.0091580 secs] [Times: user=0.00 sys=0.00, real=0.01 secs] 
Heap after GC invocations=495948 (full 2):
 par new generation   total 368640K, used 4K [0x00000006c1c00000, 0x00000006dac00000, 0x00000006dac00000)
  eden space 327680K,   0% used [0x00000006c1c00000, 0x00000006c1c00000, 0x00000006d5c00000)
  from space 40960K,   0% used [0x00000006d5c00000, 0x00000006d5c01020, 0x00000006d8400000)
  to   space 40960K,   0% used [0x00000006d8400000, 0x00000006d8400000, 0x00000006dac00000)
 concurrent mark-sweep generation total 3756032K, used 1086952K [0x00000006dac00000, 0x00000007c0000000, 0x00000007c0000000)
 Metaspace       used 42573K, capacity 43892K, committed 44572K, reserved 1087488K
  class space    used 5454K, capacity 5756K, committed 5960K, reserved 1048576K
}
2020-07-01T08:33:40.792+0200: 400175.434: Total time for which application threads were stopped: 0.0094970 seconds, Stopping threads took: 0.0000555 seconds
{Heap before GC invocations=495948 (full 2):
 par new generation   total 368640K, used 327684K [0x00000006c1c00000, 0x00000006dac00000, 0x00000006dac00000)
  eden space 327680K, 100% used [0x00000006c1c00000, 0x00000006d5c00000, 0x00000006d5c00000)
  from space 40960K,   0% used [0x00000006d5c00000, 0x00000006d5c01020, 0x00000006d8400000)
  to   space 40960K,   0% used [0x00000006d8400000, 0x00000006d8400000, 0x00000006dac00000)
 concurrent mark-sweep generation total 3756032K, used 1086952K [0x00000006dac00000, 0x00000007c0000000, 0x00000007c0000000)
 Metaspace       used 42573K, capacity 43892K, committed 44572K, reserved 1087488K
  class space    used 5454K, capacity 5756K, committed 5960K, reserved 1048576K
2020-07-01T08:33:41.067+0200: 400175.710: [GC (Allocation Failure) 2020-07-01T08:33:41.067+0200: 400175.710: [ParNew
Desired survivor size 20971520 bytes, new threshold 1 (max 1)
- age   1:        240 bytes,        240 total
: 327684K->4K(368640K), 0.0095218 secs] 1414636K->1086956K(4124672K), 0.0096440 secs] [Times: user=0.03 sys=0.00, real=0.01 secs] 
Heap after GC invocations=495949 (full 2):
 par new generation   total 368640K, used 4K [0x00000006c1c00000, 0x00000006dac00000, 0x00000006dac00000)
  eden space 327680K,   0% used [0x00000006c1c00000, 0x00000006c1c00000, 0x00000006d5c00000)
  from space 40960K,   0% used [0x00000006d8400000, 0x00000006d8401020, 0x00000006dac00000)
  to   space 40960K,   0% used [0x00000006d5c00000, 0x00000006d5c00000, 0x00000006d8400000)
 concurrent mark-sweep generation total 3756032K, used 1086952K [0x00000006dac00000, 0x00000007c0000000, 0x00000007c0000000)
 Metaspace       used 42573K, capacity 43892K, committed 44572K, reserved 1087488K
  class space    used 5454K, capacity 5756K, committed 5960K, reserved 1048576K
}
2020-07-01T08:33:41.077+0200: 400175.720: Total time for which application threads were stopped: 0.0099825 seconds, Stopping threads took: 0.0000994 seconds
{Heap before GC invocations=495949 (full 2):
 par new generation   total 368640K, used 327684K [0x00000006c1c00000, 0x00000006dac00000, 0x00000006dac00000)
  eden space 327680K, 100% used [0x00000006c1c00000, 0x00000006d5c00000, 0x00000006d5c00000)
  from space 40960K,   0% used [0x00000006d8400000, 0x00000006d8401020, 0x00000006dac00000)
  to   space 40960K,   0% used [0x00000006d5c00000, 0x00000006d5c00000, 0x00000006d8400000)
 concurrent mark-sweep generation total 3756032K, used 1086952K [0x00000006dac00000, 0x00000007c0000000, 0x00000007c0000000)
 Metaspace       used 42573K, capacity 43892K, committed 44572K, reserved 1087488K
  class space    used 5454K, capacity 5756K, committed 5960K, reserved 1048576K
2020-07-01T08:33:41.389+0200: 400176.032: [GC (Allocation Failure) 2020-07-01T08:33:41.389+0200: 400176.032: [ParNew
Desired survivor size 20971520 bytes, new threshold 1 (max 1)
- age   1:        240 bytes,        240 total
: 327684K->4K(368640K), 0.0103428 secs] 1414636K->1086956K(4124672K), 0.0104629 secs] [Times: user=0.00 sys=0.00, real=0.01 secs] 
Heap after GC invocations=495950 (full 2):
 par new generation   total 368640K, used 4K [0x00000006c1c00000, 0x00000006dac00000, 0x00000006dac00000)
  eden space 327680K,   0% used [0x00000006c1c00000, 0x00000006c1c00000, 0x00000006d5c00000)
  from space 40960K,   0% used [0x00000006d5c00000, 0x00000006d5c01020, 0x00000006d8400000)
  to   space 40960K,   0% used [0x00000006d8400000, 0x00000006d8400000, 0x00000006dac00000)
 concurrent mark-sweep generation total 3756032K, used 1086952K [0x00000006dac00000, 0x00000007c0000000, 0x00000007c0000000)
 Metaspace       used 42573K, capacity 43892K, committed 44572K, reserved 1087488K
  class space    used 5454K, capacity 5756K, committed 5960K, reserved 1048576K
}
2020-07-01T08:33:41.399+0200: 400176.042: Total time for which application threads were stopped: 0.0108035 seconds, Stopping threads took: 0.0001036 seconds
{Heap before GC invocations=495950 (full 2):
 par new generation   total 368640K, used 327684K [0x00000006c1c00000, 0x00000006dac00000, 0x00000006dac00000)
  eden space 327680K, 100% used [0x00000006c1c00000, 0x00000006d5c00000, 0x00000006d5c00000)
  from space 40960K,   0% used [0x00000006d5c00000, 0x00000006d5c01020, 0x00000006d8400000)
  to   space 40960K,   0% used [0x00000006d8400000, 0x00000006d8400000, 0x00000006dac00000)
 concurrent mark-sweep generation total 3756032K, used 1086952K [0x00000006dac00000, 0x00000007c0000000, 0x00000007c0000000)
 Metaspace       used 42573K, capacity 43892K, committed 44572K, reserved 1087488K
  class space    used 5454K, capacity 5756K, committed 5960K, reserved 1048576K
2020-07-01T08:33:41.683+0200: 400176.325: [GC (Allocation Failure) 2020-07-01T08:33:41.683+0200: 400176.326: [ParNew
Desired survivor size 20971520 bytes, new threshold 1 (max 1)
- age   1:        272 bytes,        272 total
: 327684K->4K(368640K), 0.0101842 secs] 1414636K->1086956K(4124672K), 0.0103135 secs] [Times: user=0.03 sys=0.00, real=0.01 secs] 
Heap after GC invocations=495951 (full 2):
 par new generation   total 368640K, used 4K [0x00000006c1c00000, 0x00000006dac00000, 0x00000006dac00000)
  eden space 327680K,   0% used [0x00000006c1c00000, 0x00000006c1c00000, 0x00000006d5c00000)
  from space 40960K,   0% used [0x00000006d8400000, 0x00000006d8401020, 0x00000006dac00000)
  to   space 40960K,   0% used [0x00000006d5c00000, 0x00000006d5c00000, 0x00000006d8400000)
 concurrent mark-sweep generation total 3756032K, used 1086952K [0x00000006dac00000, 0x00000007c0000000, 0x00000007c0000000)
 Metaspace       used 42573K, capacity 43892K, committed 44572K, reserved 1087488K
  class space    used 5454K, capacity 5756K, committed 5960K, reserved 1048576K
}
2020-07-01T08:33:41.693+0200: 400176.336: Total time for which application threads were stopped: 0.0106626 seconds, Stopping threads took: 0.0000960 seconds
{Heap before GC invocations=495951 (full 2):
 par new generation   total 368640K, used 327684K [0x00000006c1c00000, 0x00000006dac00000, 0x00000006dac00000)
  eden space 327680K, 100% used [0x00000006c1c00000, 0x00000006d5c00000, 0x00000006d5c00000)
  from space 40960K,   0% used [0x00000006d8400000, 0x00000006d8401020, 0x00000006dac00000)
  to   space 40960K,   0% used [0x00000006d5c00000, 0x00000006d5c00000, 0x00000006d8400000)
 concurrent mark-sweep generation total 3756032K, used 1086952K [0x00000006dac00000, 0x00000007c0000000, 0x00000007c0000000)
 Metaspace       used 42573K, capacity 43892K, committed 44572K, reserved 1087488K
  class space    used 5454K, capacity 5756K, committed 5960K, reserved 1048576K
2020-07-01T08:33:41.967+0200: 400176.610: [GC (Allocation Failure) 2020-07-01T08:33:41.967+0200: 400176.610: [ParNew
Desired survivor size 20971520 bytes, new threshold 1 (max 1)
- age   1:        272 bytes,        272 total
: 327684K->4K(368640K), 0.0088183 secs] 1414636K->1086956K(4124672K), 0.0089424 secs] [Times: user=0.00 sys=0.00, real=0.01 secs] 
Heap after GC invocations=495952 (full 2):
 par new generation   total 368640K, used 4K [0x00000006c1c00000, 0x00000006dac00000, 0x00000006dac00000)
  eden space 327680K,   0% used [0x00000006c1c00000, 0x00000006c1c00000, 0x00000006d5c00000)
  from space 40960K,   0% used [0x00000006d5c00000, 0x00000006d5c01020, 0x00000006d8400000)
  to   space 40960K,   0% used [0x00000006d8400000, 0x00000006d8400000, 0x00000006dac00000)
 concurrent mark-sweep generation total 3756032K, used 1086952K [0x00000006dac00000, 0x00000007c0000000, 0x00000007c0000000)
 Metaspace       used 42573K, capacity 43892K, committed 44572K, reserved 1087488K
  class space    used 5454K, capacity 5756K, committed 5960K, reserved 1048576K
}
2020-07-01T08:33:41.976+0200: 400176.619: Total time for which application threads were stopped: 0.0093129 seconds, Stopping threads took: 0.0001129 seconds
{Heap before GC invocations=495952 (full 2):
 par new generation   total 368640K, used 327684K [0x00000006c1c00000, 0x00000006dac00000, 0x00000006dac00000)
  eden space 327680K, 100% used [0x00000006c1c00000, 0x00000006d5c00000, 0x00000006d5c00000)
  from space 40960K,   0% used [0x00000006d5c00000, 0x00000006d5c01020, 0x00000006d8400000)
  to   space 40960K,   0% used [0x00000006d8400000, 0x00000006d8400000, 0x00000006dac00000)
 concurrent mark-sweep generation total 3756032K, used 1086952K [0x00000006dac00000, 0x00000007c0000000, 0x00000007c0000000)
 Metaspace       used 42573K, capacity 43892K, committed 44572K, reserved 1087488K
  class space    used 5454K, capacity 5756K, committed 5960K, reserved 1048576K
2020-07-01T08:33:42.254+0200: 400176.897: [GC (Allocation Failure) 2020-07-01T08:33:42.254+0200: 400176.897: [ParNew
Desired survivor size 20971520 bytes, new threshold 1 (max 1)
- age   1:        240 bytes,        240 total
: 327684K->4K(368640K), 0.0108215 secs] 1414636K->1086956K(4124672K), 0.0109385 secs] [Times: user=0.01 sys=0.00, real=0.01 secs] 
Heap after GC invocations=495953 (full 2):
 par new generation   total 368640K, used 4K [0x00000006c1c00000, 0x00000006dac00000, 0x00000006dac00000)
  eden space 327680K,   0% used [0x00000006c1c00000, 0x00000006c1c00000, 0x00000006d5c00000)
  from space 40960K,   0% used [0x00000006d8400000, 0x00000006d8401020, 0x00000006dac00000)
  to   space 40960K,   0% used [0x00000006d5c00000, 0x00000006d5c00000, 0x00000006d8400000)
 concurrent mark-sweep generation total 3756032K, used 1086952K [0x00000006dac00000, 0x00000007c0000000, 0x00000007c0000000)
 Metaspace       used 42573K, capacity 43892K, committed 44572K, reserved 1087488K
  class space    used 5454K, capacity 5756K, committed 5960K, reserved 1048576K
}
2020-07-01T08:33:42.265+0200: 400176.908: Total time for which application threads were stopped: 0.0113041 seconds, Stopping threads took: 0.0000981 seconds
{Heap before GC invocations=495953 (full 2):
 par new generation   total 368640K, used 327684K [0x00000006c1c00000, 0x00000006dac00000, 0x00000006dac00000)
  eden space 327680K, 100% used [0x00000006c1c00000, 0x00000006d5c00000, 0x00000006d5c00000)
  from space 40960K,   0% used [0x00000006d8400000, 0x00000006d8401020, 0x00000006dac00000)
  to   space 40960K,   0% used [0x00000006d5c00000, 0x00000006d5c00000, 0x00000006d8400000)
 concurrent mark-sweep generation total 3756032K, used 1086952K [0x00000006dac00000, 0x00000007c0000000, 0x00000007c0000000)
 Metaspace       used 42573K, capacity 43892K, committed 44572K, reserved 1087488K
  class space    used 5454K, capacity 5756K, committed 5960K, reserved 1048576K
2020-07-01T08:33:42.555+0200: 400177.198: [GC (Allocation Failure) 2020-07-01T08:33:42.555+0200: 400177.198: [ParNew
Desired survivor size 20971520 bytes, new threshold 1 (max 1)
- age   1:        272 bytes,        272 total
: 327684K->4K(368640K), 0.0110380 secs] 1414636K->1086956K(4124672K), 0.0111528 secs] [Times: user=0.01 sys=0.00, real=0.01 secs] 
Heap after GC invocations=495954 (full 2):
 par new generation   total 368640K, used 4K [0x00000006c1c00000, 0x00000006dac00000, 0x00000006dac00000)
  eden space 327680K,   0% used [0x00000006c1c00000, 0x00000006c1c00000, 0x00000006d5c00000)
  from space 40960K,   0% used [0x00000006d5c00000, 0x00000006d5c01020, 0x00000006d8400000)
  to   space 40960K,   0% used [0x00000006d8400000, 0x00000006d8400000, 0x00000006dac00000)
 concurrent mark-sweep generation total 3756032K, used 1086952K [0x00000006dac00000, 0x00000007c0000000, 0x00000007c0000000)
 Metaspace       used 42573K, capacity 43892K, committed 44572K, reserved 1087488K
  class space    used 5454K, capacity 5756K, committed 5960K, reserved 1048576K
}
2020-07-01T08:33:42.566+0200: 400177.209: Total time for which application threads were stopped: 0.0114400 seconds, Stopping threads took: 0.0000523 seconds
{Heap before GC invocations=495954 (full 2):
 par new generation   total 368640K, used 327684K [0x00000006c1c00000, 0x00000006dac00000, 0x00000006dac00000)
  eden space 327680K, 100% used [0x00000006c1c00000, 0x00000006d5c00000, 0x00000006d5c00000)
  from space 40960K,   0% used [0x00000006d5c00000, 0x00000006d5c01020, 0x00000006d8400000)
  to   space 40960K,   0% used [0x00000006d8400000, 0x00000006d8400000, 0x00000006dac00000)
 concurrent mark-sweep generation total 3756032K, used 1086952K [0x00000006dac00000, 0x00000007c0000000, 0x00000007c0000000)
 Metaspace       used 42573K, capacity 43892K, committed 44572K, reserved 1087488K
  class space    used 5454K, capacity 5756K, committed 5960K, reserved 1048576K
2020-07-01T08:33:42.849+0200: 400177.492: [GC (Allocation Failure) 2020-07-01T08:33:42.849+0200: 400177.492: [ParNew
Desired survivor size 20971520 bytes, new threshold 1 (max 1)
- age   1:        304 bytes,        304 total
: 327684K->4K(368640K), 0.0076744 secs] 1414636K->1086956K(4124672K), 0.0078019 secs] [Times: user=0.05 sys=0.00, real=0.00 secs] 
Heap after GC invocations=495955 (full 2):
 par new generation   total 368640K, used 4K [0x00000006c1c00000, 0x00000006dac00000, 0x00000006dac00000)
  eden space 327680K,   0% used [0x00000006c1c00000, 0x00000006c1c00000, 0x00000006d5c00000)
  from space 40960K,   0% used [0x00000006d8400000, 0x00000006d8401020, 0x00000006dac00000)
  to   space 40960K,   0% used [0x00000006d5c00000, 0x00000006d5c00000, 0x00000006d8400000)
 concurrent mark-sweep generation total 3756032K, used 1086952K [0x00000006dac00000, 0x00000007c0000000, 0x00000007c0000000)
 Metaspace       used 42573K, capacity 43892K, committed 44572K, reserved 1087488K
  class space    used 5454K, capacity 5756K, committed 5960K, reserved 1048576K
}
2020-07-01T08:33:42.857+0200: 400177.500: Total time for which application threads were stopped: 0.0081452 seconds, Stopping threads took: 0.0001122 seconds
{Heap before GC invocations=495955 (full 2):
 par new generation   total 368640K, used 327684K [0x00000006c1c00000, 0x00000006dac00000, 0x00000006dac00000)
  eden space 327680K, 100% used [0x00000006c1c00000, 0x00000006d5c00000, 0x00000006d5c00000)
  from space 40960K,   0% used [0x00000006d8400000, 0x00000006d8401020, 0x00000006dac00000)
  to   space 40960K,   0% used [0x00000006d5c00000, 0x00000006d5c00000, 0x00000006d8400000)
 concurrent mark-sweep generation total 3756032K, used 1086952K [0x00000006dac00000, 0x00000007c0000000, 0x00000007c0000000)
 Metaspace       used 42573K, capacity 43892K, committed 44572K, reserved 1087488K
  class space    used 5454K, capacity 5756K, committed 5960K, reserved 1048576K
2020-07-01T08:33:43.139+0200: 400177.781: [GC (Allocation Failure) 2020-07-01T08:33:43.139+0200: 400177.781: [ParNew
Desired survivor size 20971520 bytes, new threshold 1 (max 1)
- age   1:        240 bytes,        240 total
: 327684K->4K(368640K), 0.0125447 secs] 1414636K->1086956K(4124672K), 0.0126756 secs] [Times: user=0.01 sys=0.00, real=0.01 secs] 
Heap after GC invocations=495956 (full 2):
 par new generation   total 368640K, used 4K [0x00000006c1c00000, 0x00000006dac00000, 0x00000006dac00000)
  eden space 327680K,   0% used [0x00000006c1c00000, 0x00000006c1c00000, 0x00000006d5c00000)
  from space 40960K,   0% used [0x00000006d5c00000, 0x00000006d5c01020, 0x00000006d8400000)
  to   space 40960K,   0% used [0x00000006d8400000, 0x00000006d8400000, 0x00000006dac00000)
 concurrent mark-sweep generation total 3756032K, used 1086952K [0x00000006dac00000, 0x00000007c0000000, 0x00000007c0000000)
 Metaspace       used 42573K, capacity 43892K, committed 44572K, reserved 1087488K
  class space    used 5454K, capacity 5756K, committed 5960K, reserved 1048576K
}
2020-07-01T08:33:43.151+0200: 400177.794: Total time for which application threads were stopped: 0.0129683 seconds, Stopping threads took: 0.0000497 seconds
{Heap before GC invocations=495956 (full 2):
 par new generation   total 368640K, used 327684K [0x00000006c1c00000, 0x00000006dac00000, 0x00000006dac00000)
  eden space 327680K, 100% used [0x00000006c1c00000, 0x00000006d5c00000, 0x00000006d5c00000)
  from space 40960K,   0% used [0x00000006d5c00000, 0x00000006d5c01020, 0x00000006d8400000)
  to   space 40960K,   0% used [0x00000006d8400000, 0x00000006d8400000, 0x00000006dac00000)
 concurrent mark-sweep generation total 3756032K, used 1086952K [0x00000006dac00000, 0x00000007c0000000, 0x00000007c0000000)
 Metaspace       used 42573K, capacity 43892K, committed 44572K, reserved 1087488K
  class space    used 5454K, capacity 5756K, committed 5960K, reserved 1048576K
2020-07-01T08:33:43.440+0200: 400178.083: [GC (Allocation Failure) 2020-07-01T08:33:43.441+0200: 400178.083: [ParNew
Desired survivor size 20971520 bytes, new threshold 1 (max 1)
- age   1:        240 bytes,        240 total
: 327684K->4K(368640K), 0.0130959 secs] 1414636K->1086956K(4124672K), 0.0132310 secs] [Times: user=0.03 sys=0.00, real=0.01 secs] 
Heap after GC invocations=495957 (full 2):
 par new generation   total 368640K, used 4K [0x00000006c1c00000, 0x00000006dac00000, 0x00000006dac00000)
  eden space 327680K,   0% used [0x00000006c1c00000, 0x00000006c1c00000, 0x00000006d5c00000)
  from space 40960K,   0% used [0x00000006d8400000, 0x00000006d8401020, 0x00000006dac00000)
  to   space 40960K,   0% used [0x00000006d5c00000, 0x00000006d5c00000, 0x00000006d8400000)
 concurrent mark-sweep generation total 3756032K, used 1086952K [0x00000006dac00000, 0x00000007c0000000, 0x00000007c0000000)
 Metaspace       used 42573K, capacity 43892K, committed 44572K, reserved 1087488K
  class space    used 5454K, capacity 5756K, committed 5960K, reserved 1048576K
}
2020-07-01T08:33:43.454+0200: 400178.097: Total time for which application threads were stopped: 0.0135869 seconds, Stopping threads took: 0.0001114 seconds
{Heap before GC invocations=495957 (full 2):
 par new generation   total 368640K, used 327684K [0x00000006c1c00000, 0x00000006dac00000, 0x00000006dac00000)
  eden space 327680K, 100% used [0x00000006c1c00000, 0x00000006d5c00000, 0x00000006d5c00000)
  from space 40960K,   0% used [0x00000006d8400000, 0x00000006d8401020, 0x00000006dac00000)
  to   space 40960K,   0% used [0x00000006d5c00000, 0x00000006d5c00000, 0x00000006d8400000)
 concurrent mark-sweep generation total 3756032K, used 1086952K [0x00000006dac00000, 0x00000007c0000000, 0x00000007c0000000)
 Metaspace       used 42573K, capacity 43892K, committed 44572K, reserved 1087488K
  class space    used 5454K, capacity 5756K, committed 5960K, reserved 1048576K
2020-07-01T08:33:43.746+0200: 400178.389: [GC (Allocation Failure) 2020-07-01T08:33:43.746+0200: 400178.389: [ParNew
Desired survivor size 20971520 bytes, new threshold 1 (max 1)
- age   1:        304 bytes,        304 total
: 327684K->4K(368640K), 0.0134910 secs] 1414636K->1086956K(4124672K), 0.0136245 secs] [Times: user=0.00 sys=0.00, real=0.02 secs] 
Heap after GC invocations=495958 (full 2):
 par new generation   total 368640K, used 4K [0x00000006c1c00000, 0x00000006dac00000, 0x00000006dac00000)
  eden space 327680K,   0% used [0x00000006c1c00000, 0x00000006c1c00000, 0x00000006d5c00000)
  from space 40960K,   0% used [0x00000006d5c00000, 0x00000006d5c01020, 0x00000006d8400000)
  to   space 40960K,   0% used [0x00000006d8400000, 0x00000006d8400000, 0x00000006dac00000)
 concurrent mark-sweep generation total 3756032K, used 1086952K [0x00000006dac00000, 0x00000007c0000000, 0x00000007c0000000)
 Metaspace       used 42573K, capacity 43892K, committed 44572K, reserved 1087488K
  class space    used 5454K, capacity 5756K, committed 5960K, reserved 1048576K
}
2020-07-01T08:33:43.760+0200: 400178.403: Total time for which application threads were stopped: 0.0140032 seconds, Stopping threads took: 0.0001278 seconds
{Heap before GC invocations=495958 (full 2):
 par new generation   total 368640K, used 327684K [0x00000006c1c00000, 0x00000006dac00000, 0x00000006dac00000)
  eden space 327680K, 100% used [0x00000006c1c00000, 0x00000006d5c00000, 0x00000006d5c00000)
  from space 40960K,   0% used [0x00000006d5c00000, 0x00000006d5c01020, 0x00000006d8400000)
  to   space 40960K,   0% used [0x00000006d8400000, 0x00000006d8400000, 0x00000006dac00000)
 concurrent mark-sweep generation total 3756032K, used 1086952K [0x00000006dac00000, 0x00000007c0000000, 0x00000007c0000000)
 Metaspace       used 42573K, capacity 43892K, committed 44572K, reserved 1087488K
  class space    used 5454K, capacity 5756K, committed 5960K, reserved 1048576K
2020-07-01T08:33:44.046+0200: 400178.689: [GC (Allocation Failure) 2020-07-01T08:33:44.046+0200: 400178.689: [ParNew
Desired survivor size 20971520 bytes, new threshold 1 (max 1)
- age   1:        272 bytes,        272 total
: 327684K->4K(368640K), 0.0129986 secs] 1414636K->1086956K(4124672K), 0.0131674 secs] [Times: user=0.02 sys=0.00, real=0.02 secs] 
Heap after GC invocations=495959 (full 2):
 par new generation   total 368640K, used 4K [0x00000006c1c00000, 0x00000006dac00000, 0x00000006dac00000)
  eden space 327680K,   0% used [0x00000006c1c00000, 0x00000006c1c00000, 0x00000006d5c00000)
  from space 40960K,   0% used [0x00000006d8400000, 0x00000006d8401020, 0x00000006dac00000)
  to   space 40960K,   0% used [0x00000006d5c00000, 0x00000006d5c00000, 0x00000006d8400000)
 concurrent mark-sweep generation total 3756032K, used 1086952K [0x00000006dac00000, 0x00000007c0000000, 0x00000007c0000000)
 Metaspace       used 42573K, capacity 43892K, committed 44572K, reserved 1087488K
  class space    used 5454K, capacity 5756K, committed 5960K, reserved 1048576K
}
2020-07-01T08:33:44.060+0200: 400178.702: Total time for which application threads were stopped: 0.0135833 seconds, Stopping threads took: 0.0000529 seconds
{Heap before GC invocations=495959 (full 2):
 par new generation   total 368640K, used 327684K [0x00000006c1c00000, 0x00000006dac00000, 0x00000006dac00000)
  eden space 327680K, 100% used [0x00000006c1c00000, 0x00000006d5c00000, 0x00000006d5c00000)
  from space 40960K,   0% used [0x00000006d8400000, 0x00000006d8401020, 0x00000006dac00000)
  to   space 40960K,   0% used [0x00000006d5c00000, 0x00000006d5c00000, 0x00000006d8400000)
 concurrent mark-sweep generation total 3756032K, used 1086952K [0x00000006dac00000, 0x00000007c0000000, 0x00000007c0000000)
 Metaspace       used 42573K, capacity 43892K, committed 44572K, reserved 1087488K
  class space    used 5454K, capacity 5756K, committed 5960K, reserved 1048576K
2020-07-01T08:33:44.359+0200: 400179.002: [GC (Allocation Failure) 2020-07-01T08:33:44.359+0200: 400179.002: [ParNew
Desired survivor size 20971520 bytes, new threshold 1 (max 1)
- age   1:        240 bytes,        240 total
: 327684K->4K(368640K), 0.0110859 secs] 1414636K->1086956K(4124672K), 0.0112142 secs] [Times: user=0.00 sys=0.00, real=0.01 secs] 
Heap after GC invocations=495960 (full 2):
 par new generation   total 368640K, used 4K [0x00000006c1c00000, 0x00000006dac00000, 0x00000006dac00000)
  eden space 327680K,   0% used [0x00000006c1c00000, 0x00000006c1c00000, 0x00000006d5c00000)
  from space 40960K,   0% used [0x00000006d5c00000, 0x00000006d5c01020, 0x00000006d8400000)
  to   space 40960K,   0% used [0x00000006d8400000, 0x00000006d8400000, 0x00000006dac00000)
 concurrent mark-sweep generation total 3756032K, used 1086952K [0x00000006dac00000, 0x00000007c0000000, 0x00000007c0000000)
 Metaspace       used 42573K, capacity 43892K, committed 44572K, reserved 1087488K
  class space    used 5454K, capacity 5756K, committed 5960K, reserved 1048576K
}
2020-07-01T08:33:44.370+0200: 400179.013: Total time for which application threads were stopped: 0.0115005 seconds, Stopping threads took: 0.0000516 seconds
{Heap before GC invocations=495960 (full 2):
 par new generation   total 368640K, used 327684K [0x00000006c1c00000, 0x00000006dac00000, 0x00000006dac00000)
  eden space 327680K, 100% used [0x00000006c1c00000, 0x00000006d5c00000, 0x00000006d5c00000)
  from space 40960K,   0% used [0x00000006d5c00000, 0x00000006d5c01020, 0x00000006d8400000)
  to   space 40960K,   0% used [0x00000006d8400000, 0x00000006d8400000, 0x00000006dac00000)
 concurrent mark-sweep generation total 3756032K, used 1086952K [0x00000006dac00000, 0x00000007c0000000, 0x00000007c0000000)
 Metaspace       used 42573K, capacity 43892K, committed 44572K, reserved 1087488K
  class space    used 5454K, capacity 5756K, committed 5960K, reserved 1048576K
2020-07-01T08:33:44.660+0200: 400179.303: [GC (Allocation Failure) 2020-07-01T08:33:44.660+0200: 400179.303: [ParNew
Desired survivor size 20971520 bytes, new threshold 1 (max 1)
- age   1:        272 bytes,        272 total
: 327684K->4K(368640K), 0.0090597 secs] 1414636K->1086956K(4124672K), 0.0091745 secs] [Times: user=0.03 sys=0.00, real=0.01 secs] 
Heap after GC invocations=495961 (full 2):
 par new generation   total 368640K, used 4K [0x00000006c1c00000, 0x00000006dac00000, 0x00000006dac00000)
  eden space 327680K,   0% used [0x00000006c1c00000, 0x00000006c1c00000, 0x00000006d5c00000)
  from space 40960K,   0% used [0x00000006d8400000, 0x00000006d8401020, 0x00000006dac00000)
  to   space 40960K,   0% used [0x00000006d5c00000, 0x00000006d5c00000, 0x00000006d8400000)
 concurrent mark-sweep generation total 3756032K, used 1086952K [0x00000006dac00000, 0x00000007c0000000, 0x00000007c0000000)
 Metaspace       used 42573K, capacity 43892K, committed 44572K, reserved 1087488K
  class space    used 5454K, capacity 5756K, committed 5960K, reserved 1048576K
}
2020-07-01T08:33:44.669+0200: 400179.312: Total time for which application threads were stopped: 0.0095516 seconds, Stopping threads took: 0.0000995 seconds
{Heap before GC invocations=495961 (full 2):
 par new generation   total 368640K, used 327684K [0x00000006c1c00000, 0x00000006dac00000, 0x00000006dac00000)
  eden space 327680K, 100% used [0x00000006c1c00000, 0x00000006d5c00000, 0x00000006d5c00000)
  from space 40960K,   0% used [0x00000006d8400000, 0x00000006d8401020, 0x00000006dac00000)
  to   space 40960K,   0% used [0x00000006d5c00000, 0x00000006d5c00000, 0x00000006d8400000)
 concurrent mark-sweep generation total 3756032K, used 1086952K [0x00000006dac00000, 0x00000007c0000000, 0x00000007c0000000)
 Metaspace       used 42573K, capacity 43892K, committed 44572K, reserved 1087488K
  class space    used 5454K, capacity 5756K, committed 5960K, reserved 1048576K
2020-07-01T08:33:44.955+0200: 400179.598: [GC (Allocation Failure) 2020-07-01T08:33:44.956+0200: 400179.598: [ParNew
Desired survivor size 20971520 bytes, new threshold 1 (max 1)
- age   1:        272 bytes,        272 total
: 327684K->4K(368640K), 0.0111626 secs] 1414636K->1086956K(4124672K), 0.0112949 secs] [Times: user=0.03 sys=0.00, real=0.01 secs] 
Heap after GC invocations=495962 (full 2):
 par new generation   total 368640K, used 4K [0x00000006c1c00000, 0x00000006dac00000, 0x00000006dac00000)
  eden space 327680K,   0% used [0x00000006c1c00000, 0x00000006c1c00000, 0x00000006d5c00000)
  from space 40960K,   0% used [0x00000006d5c00000, 0x00000006d5c01020, 0x00000006d8400000)
  to   space 40960K,   0% used [0x00000006d8400000, 0x00000006d8400000, 0x00000006dac00000)
 concurrent mark-sweep generation total 3756032K, used 1086952K [0x00000006dac00000, 0x00000007c0000000, 0x00000007c0000000)
 Metaspace       used 42573K, capacity 43892K, committed 44572K, reserved 1087488K
  class space    used 5454K, capacity 5756K, committed 5960K, reserved 1048576K
}
2020-07-01T08:33:44.967+0200: 400179.610: Total time for which application threads were stopped: 0.0116582 seconds, Stopping threads took: 0.0001311 seconds
{Heap before GC invocations=495962 (full 2):
 par new generation   total 368640K, used 327684K [0x00000006c1c00000, 0x00000006dac00000, 0x00000006dac00000)
  eden space 327680K, 100% used [0x00000006c1c00000, 0x00000006d5c00000, 0x00000006d5c00000)
  from space 40960K,   0% used [0x00000006d5c00000, 0x00000006d5c01020, 0x00000006d8400000)
  to   space 40960K,   0% used [0x00000006d8400000, 0x00000006d8400000, 0x00000006dac00000)
 concurrent mark-sweep generation total 3756032K, used 1086952K [0x00000006dac00000, 0x00000007c0000000, 0x00000007c0000000)
 Metaspace       used 42573K, capacity 43892K, committed 44572K, reserved 1087488K
  class space    used 5454K, capacity 5756K, committed 5960K, reserved 1048576K
2020-07-01T08:33:45.240+0200: 400179.883: [GC (Allocation Failure) 2020-07-01T08:33:45.240+0200: 400179.883: [ParNew
Desired survivor size 20971520 bytes, new threshold 1 (max 1)
- age   1:        240 bytes,        240 total
: 327684K->4K(368640K), 0.0110518 secs] 1414636K->1086956K(4124672K), 0.0111912 secs] [Times: user=0.03 sys=0.00, real=0.01 secs] 
Heap after GC invocations=495963 (full 2):
 par new generation   total 368640K, used 4K [0x00000006c1c00000, 0x00000006dac00000, 0x00000006dac00000)
  eden space 327680K,   0% used [0x00000006c1c00000, 0x00000006c1c00000, 0x00000006d5c00000)
  from space 40960K,   0% used [0x00000006d8400000, 0x00000006d8401020, 0x00000006dac00000)
  to   space 40960K,   0% used [0x00000006d5c00000, 0x00000006d5c00000, 0x00000006d8400000)
 concurrent mark-sweep generation total 3756032K, used 1086952K [0x00000006dac00000, 0x00000007c0000000, 0x00000007c0000000)
 Metaspace       used 42573K, capacity 43892K, committed 44572K, reserved 1087488K
  class space    used 5454K, capacity 5756K, committed 5960K, reserved 1048576K
}
2020-07-01T08:33:45.251+0200: 400179.894: Total time for which application threads were stopped: 0.0115393 seconds, Stopping threads took: 0.0001062 seconds
{Heap before GC invocations=495963 (full 2):
 par new generation   total 368640K, used 327684K [0x00000006c1c00000, 0x00000006dac00000, 0x00000006dac00000)
  eden space 327680K, 100% used [0x00000006c1c00000, 0x00000006d5c00000, 0x00000006d5c00000)
  from space 40960K,   0% used [0x00000006d8400000, 0x00000006d8401020, 0x00000006dac00000)
  to   space 40960K,   0% used [0x00000006d5c00000, 0x00000006d5c00000, 0x00000006d8400000)
 concurrent mark-sweep generation total 3756032K, used 1086952K [0x00000006dac00000, 0x00000007c0000000, 0x00000007c0000000)
 Metaspace       used 42573K, capacity 43892K, committed 44572K, reserved 1087488K
  class space    used 5454K, capacity 5756K, committed 5960K, reserved 1048576K
2020-07-01T08:33:45.527+0200: 400180.170: [GC (Allocation Failure) 2020-07-01T08:33:45.527+0200: 400180.170: [ParNew
Desired survivor size 20971520 bytes, new threshold 1 (max 1)
- age   1:        272 bytes,        272 total
: 327684K->6K(368640K), 0.0085379 secs] 1414636K->1086958K(4124672K), 0.0086737 secs] [Times: user=0.00 sys=0.00, real=0.01 secs] 
Heap after GC invocations=495964 (full 2):
 par new generation   total 368640K, used 6K [0x00000006c1c00000, 0x00000006dac00000, 0x00000006dac00000)
  eden space 327680K,   0% used [0x00000006c1c00000, 0x00000006c1c00000, 0x00000006d5c00000)
  from space 40960K,   0% used [0x00000006d5c00000, 0x00000006d5c01830, 0x00000006d8400000)
  to   space 40960K,   0% used [0x00000006d8400000, 0x00000006d8400000, 0x00000006dac00000)
 concurrent mark-sweep generation total 3756032K, used 1086952K [0x00000006dac00000, 0x00000007c0000000, 0x00000007c0000000)
 Metaspace       used 42573K, capacity 43892K, committed 44572K, reserved 1087488K
  class space    used 5454K, capacity 5756K, committed 5960K, reserved 1048576K
}
2020-07-01T08:33:45.536+0200: 400180.179: Total time for which application threads were stopped: 0.0090702 seconds, Stopping threads took: 0.0001285 seconds
{Heap before GC invocations=495964 (full 2):
 par new generation   total 368640K, used 327686K [0x00000006c1c00000, 0x00000006dac00000, 0x00000006dac00000)
  eden space 327680K, 100% used [0x00000006c1c00000, 0x00000006d5c00000, 0x00000006d5c00000)
  from space 40960K,   0% used [0x00000006d5c00000, 0x00000006d5c01830, 0x00000006d8400000)
  to   space 40960K,   0% used [0x00000006d8400000, 0x00000006d8400000, 0x00000006dac00000)
 concurrent mark-sweep generation total 3756032K, used 1086952K [0x00000006dac00000, 0x00000007c0000000, 0x00000007c0000000)
 Metaspace       used 42573K, capacity 43892K, committed 44572K, reserved 1087488K
  class space    used 5454K, capacity 5756K, committed 5960K, reserved 1048576K
2020-07-01T08:33:45.814+0200: 400180.457: [GC (Allocation Failure) 2020-07-01T08:33:45.814+0200: 400180.457: [ParNew
Desired survivor size 20971520 bytes, new threshold 1 (max 1)
- age   1:        304 bytes,        304 total
: 327686K->4K(368640K), 0.0101292 secs] 1414638K->1086956K(4124672K), 0.0102635 secs] [Times: user=0.03 sys=0.00, real=0.01 secs] 
Heap after GC invocations=495965 (full 2):
 par new generation   total 368640K, used 4K [0x00000006c1c00000, 0x00000006dac00000, 0x00000006dac00000)
  eden space 327680K,   0% used [0x00000006c1c00000, 0x00000006c1c00000, 0x00000006d5c00000)
  from space 40960K,   0% used [0x00000006d8400000, 0x00000006d8401020, 0x00000006dac00000)
  to   space 40960K,   0% used [0x00000006d5c00000, 0x00000006d5c00000, 0x00000006d8400000)
 concurrent mark-sweep generation total 3756032K, used 1086952K [0x00000006dac00000, 0x00000007c0000000, 0x00000007c0000000)
 Metaspace       used 42573K, capacity 43892K, committed 44572K, reserved 1087488K
  class space    used 5454K, capacity 5756K, committed 5960K, reserved 1048576K
}
2020-07-01T08:33:45.824+0200: 400180.467: Total time for which application threads were stopped: 0.0106012 seconds, Stopping threads took: 0.0000986 seconds
{Heap before GC invocations=495965 (full 2):
 par new generation   total 368640K, used 327684K [0x00000006c1c00000, 0x00000006dac00000, 0x00000006dac00000)
  eden space 327680K, 100% used [0x00000006c1c00000, 0x00000006d5c00000, 0x00000006d5c00000)
  from space 40960K,   0% used [0x00000006d8400000, 0x00000006d8401020, 0x00000006dac00000)
  to   space 40960K,   0% used [0x00000006d5c00000, 0x00000006d5c00000, 0x00000006d8400000)
 concurrent mark-sweep generation total 3756032K, used 1086952K [0x00000006dac00000, 0x00000007c0000000, 0x00000007c0000000)
 Metaspace       used 42573K, capacity 43892K, committed 44572K, reserved 1087488K
  class space    used 5454K, capacity 5756K, committed 5960K, reserved 1048576K
2020-07-01T08:33:46.096+0200: 400180.739: [GC (Allocation Failure) 2020-07-01T08:33:46.096+0200: 400180.739: [ParNew
Desired survivor size 20971520 bytes, new threshold 1 (max 1)
- age   1:        240 bytes,        240 total
: 327684K->4K(368640K), 0.0079011 secs] 1414636K->1086956K(4124672K), 0.0080206 secs] [Times: user=0.00 sys=0.00, real=0.01 secs] 
Heap after GC invocations=495966 (full 2):
 par new generation   total 368640K, used 4K [0x00000006c1c00000, 0x00000006dac00000, 0x00000006dac00000)
  eden space 327680K,   0% used [0x00000006c1c00000, 0x00000006c1c00000, 0x00000006d5c00000)
  from space 40960K,   0% used [0x00000006d5c00000, 0x00000006d5c01020, 0x00000006d8400000)
  to   space 40960K,   0% used [0x00000006d8400000, 0x00000006d8400000, 0x00000006dac00000)
 concurrent mark-sweep generation total 3756032K, used 1086952K [0x00000006dac00000, 0x00000007c0000000, 0x00000007c0000000)
 Metaspace       used 42573K, capacity 43892K, committed 44572K, reserved 1087488K
  class space    used 5454K, capacity 5756K, committed 5960K, reserved 1048576K
}
2020-07-01T08:33:46.104+0200: 400180.747: Total time for which application threads were stopped: 0.0083614 seconds, Stopping threads took: 0.0000946 seconds
{Heap before GC invocations=495966 (full 2):
 par new generation   total 368640K, used 327684K [0x00000006c1c00000, 0x00000006dac00000, 0x00000006dac00000)
  eden space 327680K, 100% used [0x00000006c1c00000, 0x00000006d5c00000, 0x00000006d5c00000)
  from space 40960K,   0% used [0x00000006d5c00000, 0x00000006d5c01020, 0x00000006d8400000)
  to   space 40960K,   0% used [0x00000006d8400000, 0x00000006d8400000, 0x00000006dac00000)
 concurrent mark-sweep generation total 3756032K, used 1086952K [0x00000006dac00000, 0x00000007c0000000, 0x00000007c0000000)
 Metaspace       used 42573K, capacity 43892K, committed 44572K, reserved 1087488K
  class space    used 5454K, capacity 5756K, committed 5960K, reserved 1048576K
2020-07-01T08:33:46.377+0200: 400181.020: [GC (Allocation Failure) 2020-07-01T08:33:46.378+0200: 400181.020: [ParNew
Desired survivor size 20971520 bytes, new threshold 1 (max 1)
- age   1:        240 bytes,        240 total
: 327684K->4K(368640K), 0.0092623 secs] 1414636K->1086956K(4124672K), 0.0094017 secs] [Times: user=0.03 sys=0.00, real=0.01 secs] 
Heap after GC invocations=495967 (full 2):
 par new generation   total 368640K, used 4K [0x00000006c1c00000, 0x00000006dac00000, 0x00000006dac00000)
  eden space 327680K,   0% used [0x00000006c1c00000, 0x00000006c1c00000, 0x00000006d5c00000)
  from space 40960K,   0% used [0x00000006d8400000, 0x00000006d8401020, 0x00000006dac00000)
  to   space 40960K,   0% used [0x00000006d5c00000, 0x00000006d5c00000, 0x00000006d8400000)
 concurrent mark-sweep generation total 3756032K, used 1086952K [0x00000006dac00000, 0x00000007c0000000, 0x00000007c0000000)
 Metaspace       used 42573K, capacity 43892K, committed 44572K, reserved 1087488K
  class space    used 5454K, capacity 5756K, committed 5960K, reserved 1048576K
}
2020-07-01T08:33:46.387+0200: 400181.030: Total time for which application threads were stopped: 0.0098125 seconds, Stopping threads took: 0.0000988 seconds
{Heap before GC invocations=495967 (full 2):
 par new generation   total 368640K, used 327684K [0x00000006c1c00000, 0x00000006dac00000, 0x00000006dac00000)
  eden space 327680K, 100% used [0x00000006c1c00000, 0x00000006d5c00000, 0x00000006d5c00000)
  from space 40960K,   0% used [0x00000006d8400000, 0x00000006d8401020, 0x00000006dac00000)
  to   space 40960K,   0% used [0x00000006d5c00000, 0x00000006d5c00000, 0x00000006d8400000)
 concurrent mark-sweep generation total 3756032K, used 1086952K [0x00000006dac00000, 0x00000007c0000000, 0x00000007c0000000)
 Metaspace       used 42573K, capacity 43892K, committed 44572K, reserved 1087488K
  class space    used 5454K, capacity 5756K, committed 5960K, reserved 1048576K
2020-07-01T08:33:46.659+0200: 400181.302: [GC (Allocation Failure) 2020-07-01T08:33:46.659+0200: 400181.302: [ParNew
Desired survivor size 20971520 bytes, new threshold 1 (max 1)
- age   1:        272 bytes,        272 total
: 327684K->4K(368640K), 0.0113467 secs] 1414636K->1086956K(4124672K), 0.0114708 secs] [Times: user=0.02 sys=0.00, real=0.01 secs] 
Heap after GC invocations=495968 (full 2):
 par new generation   total 368640K, used 4K [0x00000006c1c00000, 0x00000006dac00000, 0x00000006dac00000)
  eden space 327680K,   0% used [0x00000006c1c00000, 0x00000006c1c00000, 0x00000006d5c00000)
  from space 40960K,   0% used [0x00000006d5c00000, 0x00000006d5c01020, 0x00000006d8400000)
  to   space 40960K,   0% used [0x00000006d8400000, 0x00000006d8400000, 0x00000006dac00000)
 concurrent mark-sweep generation total 3756032K, used 1086952K [0x00000006dac00000, 0x00000007c0000000, 0x00000007c0000000)
 Metaspace       used 42573K, capacity 43892K, committed 44572K, reserved 1087488K
  class space    used 5454K, capacity 5756K, committed 5960K, reserved 1048576K
}
2020-07-01T08:33:46.671+0200: 400181.313: Total time for which application threads were stopped: 0.0117454 seconds, Stopping threads took: 0.0000508 seconds
{Heap before GC invocations=495968 (full 2):
 par new generation   total 368640K, used 327684K [0x00000006c1c00000, 0x00000006dac00000, 0x00000006dac00000)
  eden space 327680K, 100% used [0x00000006c1c00000, 0x00000006d5c00000, 0x00000006d5c00000)
  from space 40960K,   0% used [0x00000006d5c00000, 0x00000006d5c01020, 0x00000006d8400000)
  to   space 40960K,   0% used [0x00000006d8400000, 0x00000006d8400000, 0x00000006dac00000)
 concurrent mark-sweep generation total 3756032K, used 1086952K [0x00000006dac00000, 0x00000007c0000000, 0x00000007c0000000)
 Metaspace       used 42573K, capacity 43892K, committed 44572K, reserved 1087488K
  class space    used 5454K, capacity 5756K, committed 5960K, reserved 1048576K
2020-07-01T08:33:46.948+0200: 400181.591: [GC (Allocation Failure) 2020-07-01T08:33:46.948+0200: 400181.591: [ParNew
Desired survivor size 20971520 bytes, new threshold 1 (max 1)
- age   1:        272 bytes,        272 total
: 327684K->4K(368640K), 0.0104223 secs] 1414636K->1086956K(4124672K), 0.0105575 secs] [Times: user=0.03 sys=0.00, real=0.01 secs] 
Heap after GC invocations=495969 (full 2):
 par new generation   total 368640K, used 4K [0x00000006c1c00000, 0x00000006dac00000, 0x00000006dac00000)
  eden space 327680K,   0% used [0x00000006c1c00000, 0x00000006c1c00000, 0x00000006d5c00000)
  from space 40960K,   0% used [0x00000006d8400000, 0x00000006d8401020, 0x00000006dac00000)
  to   space 40960K,   0% used [0x00000006d5c00000, 0x00000006d5c00000, 0x00000006d8400000)
 concurrent mark-sweep generation total 3756032K, used 1086952K [0x00000006dac00000, 0x00000007c0000000, 0x00000007c0000000)
 Metaspace       used 42573K, capacity 43892K, committed 44572K, reserved 1087488K
  class space    used 5454K, capacity 5756K, committed 5960K, reserved 1048576K
}
2020-07-01T08:33:46.959+0200: 400181.601: Total time for which application threads were stopped: 0.0109052 seconds, Stopping threads took: 0.0001014 seconds
{Heap before GC invocations=495969 (full 2):
 par new generation   total 368640K, used 327684K [0x00000006c1c00000, 0x00000006dac00000, 0x00000006dac00000)
  eden space 327680K, 100% used [0x00000006c1c00000, 0x00000006d5c00000, 0x00000006d5c00000)
  from space 40960K,   0% used [0x00000006d8400000, 0x00000006d8401020, 0x00000006dac00000)
  to   space 40960K,   0% used [0x00000006d5c00000, 0x00000006d5c00000, 0x00000006d8400000)
 concurrent mark-sweep generation total 3756032K, used 1086952K [0x00000006dac00000, 0x00000007c0000000, 0x00000007c0000000)
 Metaspace       used 42573K, capacity 43892K, committed 44572K, reserved 1087488K
  class space    used 5454K, capacity 5756K, committed 5960K, reserved 1048576K
2020-07-01T08:33:47.238+0200: 400181.881: [GC (Allocation Failure) 2020-07-01T08:33:47.238+0200: 400181.881: [ParNew
Desired survivor size 20971520 bytes, new threshold 1 (max 1)
- age   1:        240 bytes,        240 total
: 327684K->4K(368640K), 0.0071511 secs] 1414636K->1086956K(4124672K), 0.0072928 secs] [Times: user=0.00 sys=0.00, real=0.00 secs] 
Heap after GC invocations=495970 (full 2):
 par new generation   total 368640K, used 4K [0x00000006c1c00000, 0x00000006dac00000, 0x00000006dac00000)
  eden space 327680K,   0% used [0x00000006c1c00000, 0x00000006c1c00000, 0x00000006d5c00000)
  from space 40960K,   0% used [0x00000006d5c00000, 0x00000006d5c01020, 0x00000006d8400000)
  to   space 40960K,   0% used [0x00000006d8400000, 0x00000006d8400000, 0x00000006dac00000)
 concurrent mark-sweep generation total 3756032K, used 1086952K [0x00000006dac00000, 0x00000007c0000000, 0x00000007c0000000)
 Metaspace       used 42573K, capacity 43892K, committed 44572K, reserved 1087488K
  class space    used 5454K, capacity 5756K, committed 5960K, reserved 1048576K
}
2020-07-01T08:33:47.245+0200: 400181.888: Total time for which application threads were stopped: 0.0076682 seconds, Stopping threads took: 0.0001102 seconds
{Heap before GC invocations=495970 (full 2):
 par new generation   total 368640K, used 327684K [0x00000006c1c00000, 0x00000006dac00000, 0x00000006dac00000)
  eden space 327680K, 100% used [0x00000006c1c00000, 0x00000006d5c00000, 0x00000006d5c00000)
  from space 40960K,   0% used [0x00000006d5c00000, 0x00000006d5c01020, 0x00000006d8400000)
  to   space 40960K,   0% used [0x00000006d8400000, 0x00000006d8400000, 0x00000006dac00000)
 concurrent mark-sweep generation total 3756032K, used 1086952K [0x00000006dac00000, 0x00000007c0000000, 0x00000007c0000000)
 Metaspace       used 42573K, capacity 43892K, committed 44572K, reserved 1087488K
  class space    used 5454K, capacity 5756K, committed 5960K, reserved 1048576K
2020-07-01T08:33:47.519+0200: 400182.162: [GC (Allocation Failure) 2020-07-01T08:33:47.519+0200: 400182.162: [ParNew
Desired survivor size 20971520 bytes, new threshold 1 (max 1)
- age   1:        272 bytes,        272 total
: 327684K->4K(368640K), 0.0100342 secs] 1414636K->1086956K(4124672K), 0.0102019 secs] [Times: user=0.03 sys=0.00, real=0.01 secs] 
Heap after GC invocations=495971 (full 2):
 par new generation   total 368640K, used 4K [0x00000006c1c00000, 0x00000006dac00000, 0x00000006dac00000)
  eden space 327680K,   0% used [0x00000006c1c00000, 0x00000006c1c00000, 0x00000006d5c00000)
  from space 40960K,   0% used [0x00000006d8400000, 0x00000006d8401020, 0x00000006dac00000)
  to   space 40960K,   0% used [0x00000006d5c00000, 0x00000006d5c00000, 0x00000006d8400000)
 concurrent mark-sweep generation total 3756032K, used 1086952K [0x00000006dac00000, 0x00000007c0000000, 0x00000007c0000000)
 Metaspace       used 42573K, capacity 43892K, committed 44572K, reserved 1087488K
  class space    used 5454K, capacity 5756K, committed 5960K, reserved 1048576K
}
2020-07-01T08:33:47.529+0200: 400182.172: Total time for which application threads were stopped: 0.0106009 seconds, Stopping threads took: 0.0001001 seconds
{Heap before GC invocations=495971 (full 2):
 par new generation   total 368640K, used 327684K [0x00000006c1c00000, 0x00000006dac00000, 0x00000006dac00000)
  eden space 327680K, 100% used [0x00000006c1c00000, 0x00000006d5c00000, 0x00000006d5c00000)
  from space 40960K,   0% used [0x00000006d8400000, 0x00000006d8401020, 0x00000006dac00000)
  to   space 40960K,   0% used [0x00000006d5c00000, 0x00000006d5c00000, 0x00000006d8400000)
 concurrent mark-sweep generation total 3756032K, used 1086952K [0x00000006dac00000, 0x00000007c0000000, 0x00000007c0000000)
 Metaspace       used 42573K, capacity 43892K, committed 44572K, reserved 1087488K
  class space    used 5454K, capacity 5756K, committed 5960K, reserved 1048576K
2020-07-01T08:33:47.805+0200: 400182.448: [GC (Allocation Failure) 2020-07-01T08:33:47.805+0200: 400182.448: [ParNew
Desired survivor size 20971520 bytes, new threshold 1 (max 1)
- age   1:        568 bytes,        568 total
: 327684K->4K(368640K), 0.0102242 secs] 1414636K->1086956K(4124672K), 0.0103549 secs] [Times: user=0.03 sys=0.00, real=0.01 secs] 
Heap after GC invocations=495972 (full 2):
 par new generation   total 368640K, used 4K [0x00000006c1c00000, 0x00000006dac00000, 0x00000006dac00000)
  eden space 327680K,   0% used [0x00000006c1c00000, 0x00000006c1c00000, 0x00000006d5c00000)
  from space 40960K,   0% used [0x00000006d5c00000, 0x00000006d5c01020, 0x00000006d8400000)
  to   space 40960K,   0% used [0x00000006d8400000, 0x00000006d8400000, 0x00000006dac00000)
 concurrent mark-sweep generation total 3756032K, used 1086952K [0x00000006dac00000, 0x00000007c0000000, 0x00000007c0000000)
 Metaspace       used 42573K, capacity 43892K, committed 44572K, reserved 1087488K
  class space    used 5454K, capacity 5756K, committed 5960K, reserved 1048576K
}
2020-07-01T08:33:47.816+0200: 400182.459: Total time for which application threads were stopped: 0.0107231 seconds, Stopping threads took: 0.0001139 seconds
{Heap before GC invocations=495972 (full 2):
 par new generation   total 368640K, used 327684K [0x00000006c1c00000, 0x00000006dac00000, 0x00000006dac00000)
  eden space 327680K, 100% used [0x00000006c1c00000, 0x00000006d5c00000, 0x00000006d5c00000)
  from space 40960K,   0% used [0x00000006d5c00000, 0x00000006d5c01020, 0x00000006d8400000)
  to   space 40960K,   0% used [0x00000006d8400000, 0x00000006d8400000, 0x00000006dac00000)
 concurrent mark-sweep generation total 3756032K, used 1086952K [0x00000006dac00000, 0x00000007c0000000, 0x00000007c0000000)
 Metaspace       used 42573K, capacity 43892K, committed 44572K, reserved 1087488K
  class space    used 5454K, capacity 5756K, committed 5960K, reserved 1048576K
2020-07-01T08:33:48.097+0200: 400182.740: [GC (Allocation Failure) 2020-07-01T08:33:48.098+0200: 400182.740: [ParNew
Desired survivor size 20971520 bytes, new threshold 1 (max 1)
- age   1:        240 bytes,        240 total
: 327684K->4K(368640K), 0.0110129 secs] 1414636K->1086957K(4124672K), 0.0111457 secs] [Times: user=0.03 sys=0.00, real=0.02 secs] 
Heap after GC invocations=495973 (full 2):
 par new generation   total 368640K, used 4K [0x00000006c1c00000, 0x00000006dac00000, 0x00000006dac00000)
  eden space 327680K,   0% used [0x00000006c1c00000, 0x00000006c1c00000, 0x00000006d5c00000)
  from space 40960K,   0% used [0x00000006d8400000, 0x00000006d8401020, 0x00000006dac00000)
  to   space 40960K,   0% used [0x00000006d5c00000, 0x00000006d5c00000, 0x00000006d8400000)
 concurrent mark-sweep generation total 3756032K, used 1086953K [0x00000006dac00000, 0x00000007c0000000, 0x00000007c0000000)
 Metaspace       used 42573K, capacity 43892K, committed 44572K, reserved 1087488K
  class space    used 5454K, capacity 5756K, committed 5960K, reserved 1048576K
}
2020-07-01T08:33:48.109+0200: 400182.752: Total time for which application threads were stopped: 0.0114971 seconds, Stopping threads took: 0.0001024 seconds
{Heap before GC invocations=495973 (full 2):
 par new generation   total 368640K, used 327684K [0x00000006c1c00000, 0x00000006dac00000, 0x00000006dac00000)
  eden space 327680K, 100% used [0x00000006c1c00000, 0x00000006d5c00000, 0x00000006d5c00000)
  from space 40960K,   0% used [0x00000006d8400000, 0x00000006d8401020, 0x00000006dac00000)
  to   space 40960K,   0% used [0x00000006d5c00000, 0x00000006d5c00000, 0x00000006d8400000)
 concurrent mark-sweep generation total 3756032K, used 1086953K [0x00000006dac00000, 0x00000007c0000000, 0x00000007c0000000)
 Metaspace       used 42573K, capacity 43892K, committed 44572K, reserved 1087488K
  class space    used 5454K, capacity 5756K, committed 5960K, reserved 1048576K
2020-07-01T08:33:48.388+0200: 400183.030: [GC (Allocation Failure) 2020-07-01T08:33:48.388+0200: 400183.031: [ParNew
Desired survivor size 20971520 bytes, new threshold 1 (max 1)
- age   1:        240 bytes,        240 total
: 327684K->4K(368640K), 0.0111505 secs] 1414637K->1086957K(4124672K), 0.0112715 secs] [Times: user=0.00 sys=0.00, real=0.02 secs] 
Heap after GC invocations=495974 (full 2):
 par new generation   total 368640K, used 4K [0x00000006c1c00000, 0x00000006dac00000, 0x00000006dac00000)
  eden space 327680K,   0% used [0x00000006c1c00000, 0x00000006c1c00000, 0x00000006d5c00000)
  from space 40960K,   0% used [0x00000006d5c00000, 0x00000006d5c01020, 0x00000006d8400000)
  to   space 40960K,   0% used [0x00000006d8400000, 0x00000006d8400000, 0x00000006dac00000)
 concurrent mark-sweep generation total 3756032K, used 1086953K [0x00000006dac00000, 0x00000007c0000000, 0x00000007c0000000)
 Metaspace       used 42573K, capacity 43892K, committed 44572K, reserved 1087488K
  class space    used 5454K, capacity 5756K, committed 5960K, reserved 1048576K
}
2020-07-01T08:33:48.399+0200: 400183.042: Total time for which application threads were stopped: 0.0115585 seconds, Stopping threads took: 0.0000510 seconds
{Heap before GC invocations=495974 (full 2):
 par new generation   total 368640K, used 327684K [0x00000006c1c00000, 0x00000006dac00000, 0x00000006dac00000)
  eden space 327680K, 100% used [0x00000006c1c00000, 0x00000006d5c00000, 0x00000006d5c00000)
  from space 40960K,   0% used [0x00000006d5c00000, 0x00000006d5c01020, 0x00000006d8400000)
  to   space 40960K,   0% used [0x00000006d8400000, 0x00000006d8400000, 0x00000006dac00000)
 concurrent mark-sweep generation total 3756032K, used 1086953K [0x00000006dac00000, 0x00000007c0000000, 0x00000007c0000000)
 Metaspace       used 42573K, capacity 43892K, committed 44572K, reserved 1087488K
  class space    used 5454K, capacity 5756K, committed 5960K, reserved 1048576K
2020-07-01T08:33:48.687+0200: 400183.329: [GC (Allocation Failure) 2020-07-01T08:33:48.687+0200: 400183.329: [ParNew
Desired survivor size 20971520 bytes, new threshold 1 (max 1)
- age   1:        272 bytes,        272 total
: 327684K->4K(368640K), 0.0124738 secs] 1414637K->1086957K(4124672K), 0.0125929 secs] [Times: user=0.01 sys=0.00, real=0.02 secs] 
Heap after GC invocations=495975 (full 2):
 par new generation   total 368640K, used 4K [0x00000006c1c00000, 0x00000006dac00000, 0x00000006dac00000)
  eden space 327680K,   0% used [0x00000006c1c00000, 0x00000006c1c00000, 0x00000006d5c00000)
  from space 40960K,   0% used [0x00000006d8400000, 0x00000006d8401020, 0x00000006dac00000)
  to   space 40960K,   0% used [0x00000006d5c00000, 0x00000006d5c00000, 0x00000006d8400000)
 concurrent mark-sweep generation total 3756032K, used 1086953K [0x00000006dac00000, 0x00000007c0000000, 0x00000007c0000000)
 Metaspace       used 42573K, capacity 43892K, committed 44572K, reserved 1087488K
  class space    used 5454K, capacity 5756K, committed 5960K, reserved 1048576K
}
2020-07-01T08:33:48.699+0200: 400183.342: Total time for which application threads were stopped: 0.0131229 seconds, Stopping threads took: 0.0001330 seconds
{Heap before GC invocations=495975 (full 2):
 par new generation   total 368640K, used 327684K [0x00000006c1c00000, 0x00000006dac00000, 0x00000006dac00000)
  eden space 327680K, 100% used [0x00000006c1c00000, 0x00000006d5c00000, 0x00000006d5c00000)
  from space 40960K,   0% used [0x00000006d8400000, 0x00000006d8401020, 0x00000006dac00000)
  to   space 40960K,   0% used [0x00000006d5c00000, 0x00000006d5c00000, 0x00000006d8400000)
 concurrent mark-sweep generation total 3756032K, used 1086953K [0x00000006dac00000, 0x00000007c0000000, 0x00000007c0000000)
 Metaspace       used 42573K, capacity 43892K, committed 44572K, reserved 1087488K
  class space    used 5454K, capacity 5756K, committed 5960K, reserved 1048576K
2020-07-01T08:33:49.037+0200: 400183.680: [GC (Allocation Failure) 2020-07-01T08:33:49.037+0200: 400183.680: [ParNew
Desired survivor size 20971520 bytes, new threshold 1 (max 1)
- age   1:        272 bytes,        272 total
: 327684K->2K(368640K), 0.0251247 secs] 1414637K->1086955K(4124672K), 0.0252553 secs] [Times: user=0.00 sys=0.00, real=0.03 secs] 
Heap after GC invocations=495976 (full 2):
 par new generation   total 368640K, used 2K [0x00000006c1c00000, 0x00000006dac00000, 0x00000006dac00000)
  eden space 327680K,   0% used [0x00000006c1c00000, 0x00000006c1c00000, 0x00000006d5c00000)
  from space 40960K,   0% used [0x00000006d5c00000, 0x00000006d5c00810, 0x00000006d8400000)
  to   space 40960K,   0% used [0x00000006d8400000, 0x00000006d8400000, 0x00000006dac00000)
 concurrent mark-sweep generation total 3756032K, used 1086953K [0x00000006dac00000, 0x00000007c0000000, 0x00000007c0000000)
 Metaspace       used 42573K, capacity 43892K, committed 44572K, reserved 1087488K
  class space    used 5454K, capacity 5756K, committed 5960K, reserved 1048576K
}
2020-07-01T08:33:49.062+0200: 400183.705: Total time for which application threads were stopped: 0.0257201 seconds, Stopping threads took: 0.0002262 seconds
{Heap before GC invocations=495976 (full 2):
 par new generation   total 368640K, used 327682K [0x00000006c1c00000, 0x00000006dac00000, 0x00000006dac00000)
  eden space 327680K, 100% used [0x00000006c1c00000, 0x00000006d5c00000, 0x00000006d5c00000)
  from space 40960K,   0% used [0x00000006d5c00000, 0x00000006d5c00810, 0x00000006d8400000)
  to   space 40960K,   0% used [0x00000006d8400000, 0x00000006d8400000, 0x00000006dac00000)
 concurrent mark-sweep generation total 3756032K, used 1086953K [0x00000006dac00000, 0x00000007c0000000, 0x00000007c0000000)
 Metaspace       used 42573K, capacity 43892K, committed 44572K, reserved 1087488K
  class space    used 5454K, capacity 5756K, committed 5960K, reserved 1048576K
2020-07-01T08:33:49.382+0200: 400184.025: [GC (Allocation Failure) 2020-07-01T08:33:49.382+0200: 400184.025: [ParNew
Desired survivor size 20971520 bytes, new threshold 1 (max 1)
- age   1:        696 bytes,        696 total
: 327682K->2K(368640K), 0.0345166 secs] 1414635K->1086955K(4124672K), 0.0346433 secs] [Times: user=0.00 sys=0.00, real=0.03 secs] 
Heap after GC invocations=495977 (full 2):
 par new generation   total 368640K, used 2K [0x00000006c1c00000, 0x00000006dac00000, 0x00000006dac00000)
  eden space 327680K,   0% used [0x00000006c1c00000, 0x00000006c1c00000, 0x00000006d5c00000)
  from space 40960K,   0% used [0x00000006d8400000, 0x00000006d8400810, 0x00000006dac00000)
  to   space 40960K,   0% used [0x00000006d5c00000, 0x00000006d5c00000, 0x00000006d8400000)
 concurrent mark-sweep generation total 3756032K, used 1086953K [0x00000006dac00000, 0x00000007c0000000, 0x00000007c0000000)
 Metaspace       used 42573K, capacity 43892K, committed 44572K, reserved 1087488K
  class space    used 5454K, capacity 5756K, committed 5960K, reserved 1048576K
}
2020-07-01T08:33:49.417+0200: 400184.060: Total time for which application threads were stopped: 0.0349492 seconds, Stopping threads took: 0.0000502 seconds
{Heap before GC invocations=495977 (full 2):
 par new generation   total 368640K, used 327682K [0x00000006c1c00000, 0x00000006dac00000, 0x00000006dac00000)
  eden space 327680K, 100% used [0x00000006c1c00000, 0x00000006d5c00000, 0x00000006d5c00000)
  from space 40960K,   0% used [0x00000006d8400000, 0x00000006d8400810, 0x00000006dac00000)
  to   space 40960K,   0% used [0x00000006d5c00000, 0x00000006d5c00000, 0x00000006d8400000)
 concurrent mark-sweep generation total 3756032K, used 1086953K [0x00000006dac00000, 0x00000007c0000000, 0x00000007c0000000)
 Metaspace       used 42573K, capacity 43892K, committed 44572K, reserved 1087488K
  class space    used 5454K, capacity 5756K, committed 5960K, reserved 1048576K
2020-07-01T08:33:49.751+0200: 400184.393: [GC (Allocation Failure) 2020-07-01T08:33:49.751+0200: 400184.393: [ParNew
Desired survivor size 20971520 bytes, new threshold 1 (max 1)
- age   1:        272 bytes,        272 total
: 327682K->2K(368640K), 0.0207020 secs] 1414635K->1086955K(4124672K), 0.0208350 secs] [Times: user=0.01 sys=0.00, real=0.02 secs] 
Heap after GC invocations=495978 (full 2):
 par new generation   total 368640K, used 2K [0x00000006c1c00000, 0x00000006dac00000, 0x00000006dac00000)
  eden space 327680K,   0% used [0x00000006c1c00000, 0x00000006c1c00000, 0x00000006d5c00000)
  from space 40960K,   0% used [0x00000006d5c00000, 0x00000006d5c00810, 0x00000006d8400000)
  to   space 40960K,   0% used [0x00000006d8400000, 0x00000006d8400000, 0x00000006dac00000)
 concurrent mark-sweep generation total 3756032K, used 1086953K [0x00000006dac00000, 0x00000007c0000000, 0x00000007c0000000)
 Metaspace       used 42573K, capacity 43892K, committed 44572K, reserved 1087488K
  class space    used 5454K, capacity 5756K, committed 5960K, reserved 1048576K
}
2020-07-01T08:33:49.771+0200: 400184.414: Total time for which application threads were stopped: 0.0211244 seconds, Stopping threads took: 0.0000508 seconds
{Heap before GC invocations=495978 (full 2):
 par new generation   total 368640K, used 327682K [0x00000006c1c00000, 0x00000006dac00000, 0x00000006dac00000)
  eden space 327680K, 100% used [0x00000006c1c00000, 0x00000006d5c00000, 0x00000006d5c00000)
  from space 40960K,   0% used [0x00000006d5c00000, 0x00000006d5c00810, 0x00000006d8400000)
  to   space 40960K,   0% used [0x00000006d8400000, 0x00000006d8400000, 0x00000006dac00000)
 concurrent mark-sweep generation total 3756032K, used 1086953K [0x00000006dac00000, 0x00000007c0000000, 0x00000007c0000000)
 Metaspace       used 42573K, capacity 43892K, committed 44572K, reserved 1087488K
  class space    used 5454K, capacity 5756K, committed 5960K, reserved 1048576K
2020-07-01T08:33:50.075+0200: 400184.718: [GC (Allocation Failure) 2020-07-01T08:33:50.076+0200: 400184.718: [ParNew
Desired survivor size 20971520 bytes, new threshold 1 (max 1)
- age   1:        272 bytes,        272 total
: 327682K->2K(368640K), 0.0161493 secs] 1414635K->1086955K(4124672K), 0.0162795 secs] [Times: user=0.03 sys=0.00, real=0.02 secs] 
Heap after GC invocations=495979 (full 2):
 par new generation   total 368640K, used 2K [0x00000006c1c00000, 0x00000006dac00000, 0x00000006dac00000)
  eden space 327680K,   0% used [0x00000006c1c00000, 0x00000006c1c00000, 0x00000006d5c00000)
  from space 40960K,   0% used [0x00000006d8400000, 0x00000006d8400810, 0x00000006dac00000)
  to   space 40960K,   0% used [0x00000006d5c00000, 0x00000006d5c00000, 0x00000006d8400000)
 concurrent mark-sweep generation total 3756032K, used 1086953K [0x00000006dac00000, 0x00000007c0000000, 0x00000007c0000000)
 Metaspace       used 42573K, capacity 43892K, committed 44572K, reserved 1087488K
  class space    used 5454K, capacity 5756K, committed 5960K, reserved 1048576K
}
2020-07-01T08:33:50.092+0200: 400184.735: Total time for which application threads were stopped: 0.0165685 seconds, Stopping threads took: 0.0000497 seconds
{Heap before GC invocations=495979 (full 2):
 par new generation   total 368640K, used 327682K [0x00000006c1c00000, 0x00000006dac00000, 0x00000006dac00000)
  eden space 327680K, 100% used [0x00000006c1c00000, 0x00000006d5c00000, 0x00000006d5c00000)
  from space 40960K,   0% used [0x00000006d8400000, 0x00000006d8400810, 0x00000006dac00000)
  to   space 40960K,   0% used [0x00000006d5c00000, 0x00000006d5c00000, 0x00000006d8400000)
 concurrent mark-sweep generation total 3756032K, used 1086953K [0x00000006dac00000, 0x00000007c0000000, 0x00000007c0000000)
 Metaspace       used 42573K, capacity 43892K, committed 44572K, reserved 1087488K
  class space    used 5454K, capacity 5756K, committed 5960K, reserved 1048576K
2020-07-01T08:33:50.446+0200: 400185.089: [GC (Allocation Failure) 2020-07-01T08:33:50.446+0200: 400185.089: [ParNew
Desired survivor size 20971520 bytes, new threshold 1 (max 1)
- age   1:        240 bytes,        240 total
: 327682K->2K(368640K), 0.0140796 secs] 1414635K->1086955K(4124672K), 0.0142102 secs] [Times: user=0.01 sys=0.00, real=0.02 secs] 
Heap after GC invocations=495980 (full 2):
 par new generation   total 368640K, used 2K [0x00000006c1c00000, 0x00000006dac00000, 0x00000006dac00000)
  eden space 327680K,   0% used [0x00000006c1c00000, 0x00000006c1c00000, 0x00000006d5c00000)
  from space 40960K,   0% used [0x00000006d5c00000, 0x00000006d5c00810, 0x00000006d8400000)
  to   space 40960K,   0% used [0x00000006d8400000, 0x00000006d8400000, 0x00000006dac00000)
 concurrent mark-sweep generation total 3756032K, used 1086953K [0x00000006dac00000, 0x00000007c0000000, 0x00000007c0000000)
 Metaspace       used 42573K, capacity 43892K, committed 44572K, reserved 1087488K
  class space    used 5454K, capacity 5756K, committed 5960K, reserved 1048576K
}
2020-07-01T08:33:50.460+0200: 400185.103: Total time for which application threads were stopped: 0.0144970 seconds, Stopping threads took: 0.0000502 seconds
{Heap before GC invocations=495980 (full 2):
 par new generation   total 368640K, used 327682K [0x00000006c1c00000, 0x00000006dac00000, 0x00000006dac00000)
  eden space 327680K, 100% used [0x00000006c1c00000, 0x00000006d5c00000, 0x00000006d5c00000)
  from space 40960K,   0% used [0x00000006d5c00000, 0x00000006d5c00810, 0x00000006d8400000)
  to   space 40960K,   0% used [0x00000006d8400000, 0x00000006d8400000, 0x00000006dac00000)
 concurrent mark-sweep generation total 3756032K, used 1086953K [0x00000006dac00000, 0x00000007c0000000, 0x00000007c0000000)
 Metaspace       used 42573K, capacity 43892K, committed 44572K, reserved 1087488K
  class space    used 5454K, capacity 5756K, committed 5960K, reserved 1048576K
2020-07-01T08:33:50.817+0200: 400185.460: [GC (Allocation Failure) 2020-07-01T08:33:50.817+0200: 400185.460: [ParNew
Desired survivor size 20971520 bytes, new threshold 1 (max 1)
- age   1:        304 bytes,        304 total
: 327682K->2K(368640K), 0.0360010 secs] 1414635K->1086955K(4124672K), 0.0361387 secs] [Times: user=0.02 sys=0.00, real=0.04 secs] 
Heap after GC invocations=495981 (full 2):
 par new generation   total 368640K, used 2K [0x00000006c1c00000, 0x00000006dac00000, 0x00000006dac00000)
  eden space 327680K,   0% used [0x00000006c1c00000, 0x00000006c1c00000, 0x00000006d5c00000)
  from space 40960K,   0% used [0x00000006d8400000, 0x00000006d8400810, 0x00000006dac00000)
  to   space 40960K,   0% used [0x00000006d5c00000, 0x00000006d5c00000, 0x00000006d8400000)
 concurrent mark-sweep generation total 3756032K, used 1086953K [0x00000006dac00000, 0x00000007c0000000, 0x00000007c0000000)
 Metaspace       used 42573K, capacity 43892K, committed 44572K, reserved 1087488K
  class space    used 5454K, capacity 5756K, committed 5960K, reserved 1048576K
}
2020-07-01T08:33:50.854+0200: 400185.496: Total time for which application threads were stopped: 0.0365126 seconds, Stopping threads took: 0.0000532 seconds
{Heap before GC invocations=495981 (full 2):
 par new generation   total 368640K, used 327682K [0x00000006c1c00000, 0x00000006dac00000, 0x00000006dac00000)
  eden space 327680K, 100% used [0x00000006c1c00000, 0x00000006d5c00000, 0x00000006d5c00000)
  from space 40960K,   0% used [0x00000006d8400000, 0x00000006d8400810, 0x00000006dac00000)
  to   space 40960K,   0% used [0x00000006d5c00000, 0x00000006d5c00000, 0x00000006d8400000)
 concurrent mark-sweep generation total 3756032K, used 1086953K [0x00000006dac00000, 0x00000007c0000000, 0x00000007c0000000)
 Metaspace       used 42573K, capacity 43892K, committed 44572K, reserved 1087488K
  class space    used 5454K, capacity 5756K, committed 5960K, reserved 1048576K
2020-07-01T08:33:51.214+0200: 400185.857: [GC (Allocation Failure) 2020-07-01T08:33:51.214+0200: 400185.857: [ParNew
Desired survivor size 20971520 bytes, new threshold 1 (max 1)
- age   1:        272 bytes,        272 total
: 327682K->2K(368640K), 0.0272079 secs] 1414635K->1086955K(4124672K), 0.0273206 secs] [Times: user=0.04 sys=0.00, real=0.03 secs] 
Heap after GC invocations=495982 (full 2):
 par new generation   total 368640K, used 2K [0x00000006c1c00000, 0x00000006dac00000, 0x00000006dac00000)
  eden space 327680K,   0% used [0x00000006c1c00000, 0x00000006c1c00000, 0x00000006d5c00000)
  from space 40960K,   0% used [0x00000006d5c00000, 0x00000006d5c00810, 0x00000006d8400000)
  to   space 40960K,   0% used [0x00000006d8400000, 0x00000006d8400000, 0x00000006dac00000)
 concurrent mark-sweep generation total 3756032K, used 1086953K [0x00000006dac00000, 0x00000007c0000000, 0x00000007c0000000)
 Metaspace       used 42573K, capacity 43892K, committed 44572K, reserved 1087488K
  class space    used 5454K, capacity 5756K, committed 5960K, reserved 1048576K
}
2020-07-01T08:33:51.241+0200: 400185.884: Total time for which application threads were stopped: 0.0276359 seconds, Stopping threads took: 0.0000519 seconds
{Heap before GC invocations=495982 (full 2):
 par new generation   total 368640K, used 327682K [0x00000006c1c00000, 0x00000006dac00000, 0x00000006dac00000)
  eden space 327680K, 100% used [0x00000006c1c00000, 0x00000006d5c00000, 0x00000006d5c00000)
  from space 40960K,   0% used [0x00000006d5c00000, 0x00000006d5c00810, 0x00000006d8400000)
  to   space 40960K,   0% used [0x00000006d8400000, 0x00000006d8400000, 0x00000006dac00000)
 concurrent mark-sweep generation total 3756032K, used 1086953K [0x00000006dac00000, 0x00000007c0000000, 0x00000007c0000000)
 Metaspace       used 42573K, capacity 43892K, committed 44572K, reserved 1087488K
  class space    used 5454K, capacity 5756K, committed 5960K, reserved 1048576K
2020-07-01T08:33:51.579+0200: 400186.222: [GC (Allocation Failure) 2020-07-01T08:33:51.579+0200: 400186.222: [ParNew
Desired survivor size 20971520 bytes, new threshold 1 (max 1)
- age   1:        240 bytes,        240 total
: 327682K->2K(368640K), 0.0290874 secs] 1414635K->1086955K(4124672K), 0.0292175 secs] [Times: user=0.01 sys=0.00, real=0.03 secs] 
Heap after GC invocations=495983 (full 2):
 par new generation   total 368640K, used 2K [0x00000006c1c00000, 0x00000006dac00000, 0x00000006dac00000)
  eden space 327680K,   0% used [0x00000006c1c00000, 0x00000006c1c00000, 0x00000006d5c00000)
  from space 40960K,   0% used [0x00000006d8400000, 0x00000006d8400810, 0x00000006dac00000)
  to   space 40960K,   0% used [0x00000006d5c00000, 0x00000006d5c00000, 0x00000006d8400000)
 concurrent mark-sweep generation total 3756032K, used 1086953K [0x00000006dac00000, 0x00000007c0000000, 0x00000007c0000000)
 Metaspace       used 42573K, capacity 43892K, committed 44572K, reserved 1087488K
  class space    used 5454K, capacity 5756K, committed 5960K, reserved 1048576K
}
2020-07-01T08:33:51.608+0200: 400186.251: Total time for which application threads were stopped: 0.0295027 seconds, Stopping threads took: 0.0000492 seconds
{Heap before GC invocations=495983 (full 2):
 par new generation   total 368640K, used 327682K [0x00000006c1c00000, 0x00000006dac00000, 0x00000006dac00000)
  eden space 327680K, 100% used [0x00000006c1c00000, 0x00000006d5c00000, 0x00000006d5c00000)
  from space 40960K,   0% used [0x00000006d8400000, 0x00000006d8400810, 0x00000006dac00000)
  to   space 40960K,   0% used [0x00000006d5c00000, 0x00000006d5c00000, 0x00000006d8400000)
 concurrent mark-sweep generation total 3756032K, used 1086953K [0x00000006dac00000, 0x00000007c0000000, 0x00000007c0000000)
 Metaspace       used 42573K, capacity 43892K, committed 44572K, reserved 1087488K
  class space    used 5454K, capacity 5756K, committed 5960K, reserved 1048576K
2020-07-01T08:33:51.928+0200: 400186.571: [GC (Allocation Failure) 2020-07-01T08:33:51.928+0200: 400186.571: [ParNew
Desired survivor size 20971520 bytes, new threshold 1 (max 1)
- age   1:        304 bytes,        304 total
: 327682K->2K(368640K), 0.0282949 secs] 1414635K->1086955K(4124672K), 0.0284176 secs] [Times: user=0.02 sys=0.00, real=0.02 secs] 
Heap after GC invocations=495984 (full 2):
 par new generation   total 368640K, used 2K [0x00000006c1c00000, 0x00000006dac00000, 0x00000006dac00000)
  eden space 327680K,   0% used [0x00000006c1c00000, 0x00000006c1c00000, 0x00000006d5c00000)
  from space 40960K,   0% used [0x00000006d5c00000, 0x00000006d5c00810, 0x00000006d8400000)
  to   space 40960K,   0% used [0x00000006d8400000, 0x00000006d8400000, 0x00000006dac00000)
 concurrent mark-sweep generation total 3756032K, used 1086953K [0x00000006dac00000, 0x00000007c0000000, 0x00000007c0000000)
 Metaspace       used 42573K, capacity 43892K, committed 44572K, reserved 1087488K
  class space    used 5454K, capacity 5756K, committed 5960K, reserved 1048576K
}
2020-07-01T08:33:51.956+0200: 400186.599: Total time for which application threads were stopped: 0.0287040 seconds, Stopping threads took: 0.0000498 seconds
{Heap before GC invocations=495984 (full 2):
 par new generation   total 368640K, used 327682K [0x00000006c1c00000, 0x00000006dac00000, 0x00000006dac00000)
  eden space 327680K, 100% used [0x00000006c1c00000, 0x00000006d5c00000, 0x00000006d5c00000)
  from space 40960K,   0% used [0x00000006d5c00000, 0x00000006d5c00810, 0x00000006d8400000)
  to   space 40960K,   0% used [0x00000006d8400000, 0x00000006d8400000, 0x00000006dac00000)
 concurrent mark-sweep generation total 3756032K, used 1086953K [0x00000006dac00000, 0x00000007c0000000, 0x00000007c0000000)
 Metaspace       used 42573K, capacity 43892K, committed 44572K, reserved 1087488K
  class space    used 5454K, capacity 5756K, committed 5960K, reserved 1048576K
2020-07-01T08:33:52.306+0200: 400186.949: [GC (Allocation Failure) 2020-07-01T08:33:52.306+0200: 400186.949: [ParNew
Desired survivor size 20971520 bytes, new threshold 1 (max 1)
- age   1:        240 bytes,        240 total
: 327682K->2K(368640K), 0.0189292 secs] 1414635K->1086955K(4124672K), 0.0190413 secs] [Times: user=0.02 sys=0.00, real=0.02 secs] 
Heap after GC invocations=495985 (full 2):
 par new generation   total 368640K, used 2K [0x00000006c1c00000, 0x00000006dac00000, 0x00000006dac00000)
  eden space 327680K,   0% used [0x00000006c1c00000, 0x00000006c1c00000, 0x00000006d5c00000)
  from space 40960K,   0% used [0x00000006d8400000, 0x00000006d8400810, 0x00000006dac00000)
  to   space 40960K,   0% used [0x00000006d5c00000, 0x00000006d5c00000, 0x00000006d8400000)
 concurrent mark-sweep generation total 3756032K, used 1086953K [0x00000006dac00000, 0x00000007c0000000, 0x00000007c0000000)
 Metaspace       used 42573K, capacity 43892K, committed 44572K, reserved 1087488K
  class space    used 5454K, capacity 5756K, committed 5960K, reserved 1048576K
}
2020-07-01T08:33:52.326+0200: 400186.968: Total time for which application threads were stopped: 0.0193614 seconds, Stopping threads took: 0.0000475 seconds
{Heap before GC invocations=495985 (full 2):
 par new generation   total 368640K, used 327682K [0x00000006c1c00000, 0x00000006dac00000, 0x00000006dac00000)
  eden space 327680K, 100% used [0x00000006c1c00000, 0x00000006d5c00000, 0x00000006d5c00000)
  from space 40960K,   0% used [0x00000006d8400000, 0x00000006d8400810, 0x00000006dac00000)
  to   space 40960K,   0% used [0x00000006d5c00000, 0x00000006d5c00000, 0x00000006d8400000)
 concurrent mark-sweep generation total 3756032K, used 1086953K [0x00000006dac00000, 0x00000007c0000000, 0x00000007c0000000)
 Metaspace       used 42573K, capacity 43892K, committed 44572K, reserved 1087488K
  class space    used 5454K, capacity 5756K, committed 5960K, reserved 1048576K
2020-07-01T08:33:52.670+0200: 400187.313: [GC (Allocation Failure) 2020-07-01T08:33:52.670+0200: 400187.313: [ParNew
Desired survivor size 20971520 bytes, new threshold 1 (max 1)
- age   1:        272 bytes,        272 total
: 327682K->2K(368640K), 0.0264867 secs] 1414635K->1086955K(4124672K), 0.0266021 secs] [Times: user=0.02 sys=0.00, real=0.02 secs] 
Heap after GC invocations=495986 (full 2):
 par new generation   total 368640K, used 2K [0x00000006c1c00000, 0x00000006dac00000, 0x00000006dac00000)
  eden space 327680K,   0% used [0x00000006c1c00000, 0x00000006c1c00000, 0x00000006d5c00000)
  from space 40960K,   0% used [0x00000006d5c00000, 0x00000006d5c00810, 0x00000006d8400000)
  to   space 40960K,   0% used [0x00000006d8400000, 0x00000006d8400000, 0x00000006dac00000)
 concurrent mark-sweep generation total 3756032K, used 1086953K [0x00000006dac00000, 0x00000007c0000000, 0x00000007c0000000)
 Metaspace       used 42573K, capacity 43892K, committed 44572K, reserved 1087488K
  class space    used 5454K, capacity 5756K, committed 5960K, reserved 1048576K
}
2020-07-01T08:33:52.697+0200: 400187.340: Total time for which application threads were stopped: 0.0269057 seconds, Stopping threads took: 0.0000509 seconds
{Heap before GC invocations=495986 (full 2):
 par new generation   total 368640K, used 327682K [0x00000006c1c00000, 0x00000006dac00000, 0x00000006dac00000)
  eden space 327680K, 100% used [0x00000006c1c00000, 0x00000006d5c00000, 0x00000006d5c00000)
  from space 40960K,   0% used [0x00000006d5c00000, 0x00000006d5c00810, 0x00000006d8400000)
  to   space 40960K,   0% used [0x00000006d8400000, 0x00000006d8400000, 0x00000006dac00000)
 concurrent mark-sweep generation total 3756032K, used 1086953K [0x00000006dac00000, 0x00000007c0000000, 0x00000007c0000000)
 Metaspace       used 42573K, capacity 43892K, committed 44572K, reserved 1087488K
  class space    used 5454K, capacity 5756K, committed 5960K, reserved 1048576K
2020-07-01T08:33:53.001+0200: 400187.644: [GC (Allocation Failure) 2020-07-01T08:33:53.001+0200: 400187.644: [ParNew
Desired survivor size 20971520 bytes, new threshold 1 (max 1)
- age   1:        336 bytes,        336 total
: 327682K->6K(368640K), 0.0117834 secs] 1414635K->1086959K(4124672K), 0.0119126 secs] [Times: user=0.03 sys=0.00, real=0.01 secs] 
Heap after GC invocations=495987 (full 2):
 par new generation   total 368640K, used 6K [0x00000006c1c00000, 0x00000006dac00000, 0x00000006dac00000)
  eden space 327680K,   0% used [0x00000006c1c00000, 0x00000006c1c00000, 0x00000006d5c00000)
  from space 40960K,   0% used [0x00000006d8400000, 0x00000006d8401830, 0x00000006dac00000)
  to   space 40960K,   0% used [0x00000006d5c00000, 0x00000006d5c00000, 0x00000006d8400000)
 concurrent mark-sweep generation total 3756032K, used 1086953K [0x00000006dac00000, 0x00000007c0000000, 0x00000007c0000000)
 Metaspace       used 42573K, capacity 43892K, committed 44572K, reserved 1087488K
  class space    used 5454K, capacity 5756K, committed 5960K, reserved 1048576K
}
2020-07-01T08:33:53.013+0200: 400187.656: Total time for which application threads were stopped: 0.0123321 seconds, Stopping threads took: 0.0001730 seconds
{Heap before GC invocations=495987 (full 2):
 par new generation   total 368640K, used 327686K [0x00000006c1c00000, 0x00000006dac00000, 0x00000006dac00000)
  eden space 327680K, 100% used [0x00000006c1c00000, 0x00000006d5c00000, 0x00000006d5c00000)
  from space 40960K,   0% used [0x00000006d8400000, 0x00000006d8401830, 0x00000006dac00000)
  to   space 40960K,   0% used [0x00000006d5c00000, 0x00000006d5c00000, 0x00000006d8400000)
 concurrent mark-sweep generation total 3756032K, used 1086953K [0x00000006dac00000, 0x00000007c0000000, 0x00000007c0000000)
 Metaspace       used 42573K, capacity 43892K, committed 44572K, reserved 1087488K
  class space    used 5454K, capacity 5756K, committed 5960K, reserved 1048576K
2020-07-01T08:33:53.319+0200: 400187.962: [GC (Allocation Failure) 2020-07-01T08:33:53.319+0200: 400187.962: [ParNew
Desired survivor size 20971520 bytes, new threshold 1 (max 1)
- age   1:        240 bytes,        240 total
: 327686K->6K(368640K), 0.0104688 secs] 1414639K->1086960K(4124672K), 0.0105981 secs] [Times: user=0.03 sys=0.00, real=0.01 secs] 
Heap after GC invocations=495988 (full 2):
 par new generation   total 368640K, used 6K [0x00000006c1c00000, 0x00000006dac00000, 0x00000006dac00000)
  eden space 327680K,   0% used [0x00000006c1c00000, 0x00000006c1c00000, 0x00000006d5c00000)
  from space 40960K,   0% used [0x00000006d5c00000, 0x00000006d5c01830, 0x00000006d8400000)
  to   space 40960K,   0% used [0x00000006d8400000, 0x00000006d8400000, 0x00000006dac00000)
 concurrent mark-sweep generation total 3756032K, used 1086953K [0x00000006dac00000, 0x00000007c0000000, 0x00000007c0000000)
 Metaspace       used 42573K, capacity 43892K, committed 44572K, reserved 1087488K
  class space    used 5454K, capacity 5756K, committed 5960K, reserved 1048576K
}
2020-07-01T08:33:53.330+0200: 400187.972: Total time for which application threads were stopped: 0.0109640 seconds, Stopping threads took: 0.0001007 seconds
{Heap before GC invocations=495988 (full 2):
 par new generation   total 368640K, used 327686K [0x00000006c1c00000, 0x00000006dac00000, 0x00000006dac00000)
  eden space 327680K, 100% used [0x00000006c1c00000, 0x00000006d5c00000, 0x00000006d5c00000)
  from space 40960K,   0% used [0x00000006d5c00000, 0x00000006d5c01830, 0x00000006d8400000)
  to   space 40960K,   0% used [0x00000006d8400000, 0x00000006d8400000, 0x00000006dac00000)
 concurrent mark-sweep generation total 3756032K, used 1086953K [0x00000006dac00000, 0x00000007c0000000, 0x00000007c0000000)
 Metaspace       used 42573K, capacity 43892K, committed 44572K, reserved 1087488K
  class space    used 5454K, capacity 5756K, committed 5960K, reserved 1048576K
2020-07-01T08:33:53.599+0200: 400188.242: [GC (Allocation Failure) 2020-07-01T08:33:53.600+0200: 400188.242: [ParNew
Desired survivor size 20971520 bytes, new threshold 1 (max 1)
- age   1:        240 bytes,        240 total
: 327686K->4K(368640K), 0.0111674 secs] 1414640K->1086958K(4124672K), 0.0112881 secs] [Times: user=0.03 sys=0.00, real=0.01 secs] 
Heap after GC invocations=495989 (full 2):
 par new generation   total 368640K, used 4K [0x00000006c1c00000, 0x00000006dac00000, 0x00000006dac00000)
  eden space 327680K,   0% used [0x00000006c1c00000, 0x00000006c1c00000, 0x00000006d5c00000)
  from space 40960K,   0% used [0x00000006d8400000, 0x00000006d8401020, 0x00000006dac00000)
  to   space 40960K,   0% used [0x00000006d5c00000, 0x00000006d5c00000, 0x00000006d8400000)
 concurrent mark-sweep generation total 3756032K, used 1086953K [0x00000006dac00000, 0x00000007c0000000, 0x00000007c0000000)
 Metaspace       used 42573K, capacity 43892K, committed 44572K, reserved 1087488K
  class space    used 5454K, capacity 5756K, committed 5960K, reserved 1048576K
}
2020-07-01T08:33:53.611+0200: 400188.254: Total time for which application threads were stopped: 0.0116569 seconds, Stopping threads took: 0.0001122 seconds
{Heap before GC invocations=495989 (full 2):
 par new generation   total 368640K, used 327684K [0x00000006c1c00000, 0x00000006dac00000, 0x00000006dac00000)
  eden space 327680K, 100% used [0x00000006c1c00000, 0x00000006d5c00000, 0x00000006d5c00000)
  from space 40960K,   0% used [0x00000006d8400000, 0x00000006d8401020, 0x00000006dac00000)
  to   space 40960K,   0% used [0x00000006d5c00000, 0x00000006d5c00000, 0x00000006d8400000)
 concurrent mark-sweep generation total 3756032K, used 1086953K [0x00000006dac00000, 0x00000007c0000000, 0x00000007c0000000)
 Metaspace       used 42573K, capacity 43892K, committed 44572K, reserved 1087488K
  class space    used 5454K, capacity 5756K, committed 5960K, reserved 1048576K
2020-07-01T08:33:53.885+0200: 400188.528: [GC (Allocation Failure) 2020-07-01T08:33:53.885+0200: 400188.528: [ParNew
Desired survivor size 20971520 bytes, new threshold 1 (max 1)
- age   1:        272 bytes,        272 total
: 327684K->4K(368640K), 0.0114685 secs] 1414638K->1086958K(4124672K), 0.0115900 secs] [Times: user=0.04 sys=0.00, real=0.01 secs] 
Heap after GC invocations=495990 (full 2):
 par new generation   total 368640K, used 4K [0x00000006c1c00000, 0x00000006dac00000, 0x00000006dac00000)
  eden space 327680K,   0% used [0x00000006c1c00000, 0x00000006c1c00000, 0x00000006d5c00000)
  from space 40960K,   0% used [0x00000006d5c00000, 0x00000006d5c01020, 0x00000006d8400000)
  to   space 40960K,   0% used [0x00000006d8400000, 0x00000006d8400000, 0x00000006dac00000)
 concurrent mark-sweep generation total 3756032K, used 1086953K [0x00000006dac00000, 0x00000007c0000000, 0x00000007c0000000)
 Metaspace       used 42573K, capacity 43892K, committed 44572K, reserved 1087488K
  class space    used 5454K, capacity 5756K, committed 5960K, reserved 1048576K
}
2020-07-01T08:33:53.897+0200: 400188.540: Total time for which application threads were stopped: 0.0119374 seconds, Stopping threads took: 0.0001072 seconds
{Heap before GC invocations=495990 (full 2):
 par new generation   total 368640K, used 327684K [0x00000006c1c00000, 0x00000006dac00000, 0x00000006dac00000)
  eden space 327680K, 100% used [0x00000006c1c00000, 0x00000006d5c00000, 0x00000006d5c00000)
  from space 40960K,   0% used [0x00000006d5c00000, 0x00000006d5c01020, 0x00000006d8400000)
  to   space 40960K,   0% used [0x00000006d8400000, 0x00000006d8400000, 0x00000006dac00000)
 concurrent mark-sweep generation total 3756032K, used 1086953K [0x00000006dac00000, 0x00000007c0000000, 0x00000007c0000000)
 Metaspace       used 42573K, capacity 43892K, committed 44572K, reserved 1087488K
  class space    used 5454K, capacity 5756K, committed 5960K, reserved 1048576K
2020-07-01T08:33:54.169+0200: 400188.812: [GC (Allocation Failure) 2020-07-01T08:33:54.169+0200: 400188.812: [ParNew
Desired survivor size 20971520 bytes, new threshold 1 (max 1)
- age   1:        272 bytes,        272 total
: 327684K->4K(368640K), 0.0097700 secs] 1414638K->1086958K(4124672K), 0.0098945 secs] [Times: user=0.00 sys=0.00, real=0.01 secs] 
Heap after GC invocations=495991 (full 2):
 par new generation   total 368640K, used 4K [0x00000006c1c00000, 0x00000006dac00000, 0x00000006dac00000)
  eden space 327680K,   0% used [0x00000006c1c00000, 0x00000006c1c00000, 0x00000006d5c00000)
  from space 40960K,   0% used [0x00000006d8400000, 0x00000006d8401020, 0x00000006dac00000)
  to   space 40960K,   0% used [0x00000006d5c00000, 0x00000006d5c00000, 0x00000006d8400000)
 concurrent mark-sweep generation total 3756032K, used 1086954K [0x00000006dac00000, 0x00000007c0000000, 0x00000007c0000000)
 Metaspace       used 42573K, capacity 43892K, committed 44572K, reserved 1087488K
  class space    used 5454K, capacity 5756K, committed 5960K, reserved 1048576K
}
2020-07-01T08:33:54.179+0200: 400188.822: Total time for which application threads were stopped: 0.0102432 seconds, Stopping threads took: 0.0001054 seconds
{Heap before GC invocations=495991 (full 2):
 par new generation   total 368640K, used 327684K [0x00000006c1c00000, 0x00000006dac00000, 0x00000006dac00000)
  eden space 327680K, 100% used [0x00000006c1c00000, 0x00000006d5c00000, 0x00000006d5c00000)
  from space 40960K,   0% used [0x00000006d8400000, 0x00000006d8401020, 0x00000006dac00000)
  to   space 40960K,   0% used [0x00000006d5c00000, 0x00000006d5c00000, 0x00000006d8400000)
 concurrent mark-sweep generation total 3756032K, used 1086954K [0x00000006dac00000, 0x00000007c0000000, 0x00000007c0000000)
 Metaspace       used 42573K, capacity 43892K, committed 44572K, reserved 1087488K
  class space    used 5454K, capacity 5756K, committed 5960K, reserved 1048576K
2020-07-01T08:33:54.449+0200: 400189.092: [GC (Allocation Failure) 2020-07-01T08:33:54.449+0200: 400189.092: [ParNew
Desired survivor size 20971520 bytes, new threshold 1 (max 1)
- age   1:        240 bytes,        240 total
: 327684K->4K(368640K), 0.0110257 secs] 1414638K->1086958K(4124672K), 0.0111510 secs] [Times: user=0.00 sys=0.00, real=0.01 secs] 
Heap after GC invocations=495992 (full 2):
 par new generation   total 368640K, used 4K [0x00000006c1c00000, 0x00000006dac00000, 0x00000006dac00000)
  eden space 327680K,   0% used [0x00000006c1c00000, 0x00000006c1c00000, 0x00000006d5c00000)
  from space 40960K,   0% used [0x00000006d5c00000, 0x00000006d5c01020, 0x00000006d8400000)
  to   space 40960K,   0% used [0x00000006d8400000, 0x00000006d8400000, 0x00000006dac00000)
 concurrent mark-sweep generation total 3756032K, used 1086954K [0x00000006dac00000, 0x00000007c0000000, 0x00000007c0000000)
 Metaspace       used 42573K, capacity 43892K, committed 44572K, reserved 1087488K
  class space    used 5454K, capacity 5756K, committed 5960K, reserved 1048576K
}
2020-07-01T08:33:54.461+0200: 400189.103: Total time for which application threads were stopped: 0.0116329 seconds, Stopping threads took: 0.0001605 seconds
{Heap before GC invocations=495992 (full 2):
 par new generation   total 368640K, used 327684K [0x00000006c1c00000, 0x00000006dac00000, 0x00000006dac00000)
  eden space 327680K, 100% used [0x00000006c1c00000, 0x00000006d5c00000, 0x00000006d5c00000)
  from space 40960K,   0% used [0x00000006d5c00000, 0x00000006d5c01020, 0x00000006d8400000)
  to   space 40960K,   0% used [0x00000006d8400000, 0x00000006d8400000, 0x00000006dac00000)
 concurrent mark-sweep generation total 3756032K, used 1086954K [0x00000006dac00000, 0x00000007c0000000, 0x00000007c0000000)
 Metaspace       used 42573K, capacity 43892K, committed 44572K, reserved 1087488K
  class space    used 5454K, capacity 5756K, committed 5960K, reserved 1048576K
2020-07-01T08:33:54.735+0200: 400189.377: [GC (Allocation Failure) 2020-07-01T08:33:54.735+0200: 400189.378: [ParNew
Desired survivor size 20971520 bytes, new threshold 1 (max 1)
- age   1:        272 bytes,        272 total
: 327684K->4K(368640K), 0.0108027 secs] 1414638K->1086958K(4124672K), 0.0109814 secs] [Times: user=0.01 sys=0.00, real=0.01 secs] 
Heap after GC invocations=495993 (full 2):
 par new generation   total 368640K, used 4K [0x00000006c1c00000, 0x00000006dac00000, 0x00000006dac00000)
  eden space 327680K,   0% used [0x00000006c1c00000, 0x00000006c1c00000, 0x00000006d5c00000)
  from space 40960K,   0% used [0x00000006d8400000, 0x00000006d8401020, 0x00000006dac00000)
  to   space 40960K,   0% used [0x00000006d5c00000, 0x00000006d5c00000, 0x00000006d8400000)
 concurrent mark-sweep generation total 3756032K, used 1086954K [0x00000006dac00000, 0x00000007c0000000, 0x00000007c0000000)
 Metaspace       used 42573K, capacity 43892K, committed 44572K, reserved 1087488K
  class space    used 5454K, capacity 5756K, committed 5960K, reserved 1048576K
}
2020-07-01T08:33:54.746+0200: 400189.389: Total time for which application threads were stopped: 0.0113400 seconds, Stopping threads took: 0.0001088 seconds
{Heap before GC invocations=495993 (full 2):
 par new generation   total 368640K, used 327684K [0x00000006c1c00000, 0x00000006dac00000, 0x00000006dac00000)
  eden space 327680K, 100% used [0x00000006c1c00000, 0x00000006d5c00000, 0x00000006d5c00000)
  from space 40960K,   0% used [0x00000006d8400000, 0x00000006d8401020, 0x00000006dac00000)
  to   space 40960K,   0% used [0x00000006d5c00000, 0x00000006d5c00000, 0x00000006d8400000)
 concurrent mark-sweep generation total 3756032K, used 1086954K [0x00000006dac00000, 0x00000007c0000000, 0x00000007c0000000)
 Metaspace       used 42573K, capacity 43892K, committed 44572K, reserved 1087488K
  class space    used 5454K, capacity 5756K, committed 5960K, reserved 1048576K
2020-07-01T08:33:55.027+0200: 400189.670: [GC (Allocation Failure) 2020-07-01T08:33:55.027+0200: 400189.670: [ParNew
Desired survivor size 20971520 bytes, new threshold 1 (max 1)
- age   1:        272 bytes,        272 total
: 327684K->4K(368640K), 0.0090178 secs] 1414638K->1086958K(4124672K), 0.0091548 secs] [Times: user=0.00 sys=0.00, real=0.01 secs] 
Heap after GC invocations=495994 (full 2):
 par new generation   total 368640K, used 4K [0x00000006c1c00000, 0x00000006dac00000, 0x00000006dac00000)
  eden space 327680K,   0% used [0x00000006c1c00000, 0x00000006c1c00000, 0x00000006d5c00000)
  from space 40960K,   0% used [0x00000006d5c00000, 0x00000006d5c01020, 0x00000006d8400000)
  to   space 40960K,   0% used [0x00000006d8400000, 0x00000006d8400000, 0x00000006dac00000)
 concurrent mark-sweep generation total 3756032K, used 1086954K [0x00000006dac00000, 0x00000007c0000000, 0x00000007c0000000)
 Metaspace       used 42573K, capacity 43892K, committed 44572K, reserved 1087488K
  class space    used 5454K, capacity 5756K, committed 5960K, reserved 1048576K
}
2020-07-01T08:33:55.037+0200: 400189.679: Total time for which application threads were stopped: 0.0095457 seconds, Stopping threads took: 0.0000526 seconds
{Heap before GC invocations=495994 (full 2):
 par new generation   total 368640K, used 327684K [0x00000006c1c00000, 0x00000006dac00000, 0x00000006dac00000)
  eden space 327680K, 100% used [0x00000006c1c00000, 0x00000006d5c00000, 0x00000006d5c00000)
  from space 40960K,   0% used [0x00000006d5c00000, 0x00000006d5c01020, 0x00000006d8400000)
  to   space 40960K,   0% used [0x00000006d8400000, 0x00000006d8400000, 0x00000006dac00000)
 concurrent mark-sweep generation total 3756032K, used 1086954K [0x00000006dac00000, 0x00000007c0000000, 0x00000007c0000000)
 Metaspace       used 42573K, capacity 43892K, committed 44572K, reserved 1087488K
  class space    used 5454K, capacity 5756K, committed 5960K, reserved 1048576K
2020-07-01T08:33:55.326+0200: 400189.969: [GC (Allocation Failure) 2020-07-01T08:33:55.326+0200: 400189.969: [ParNew
Desired survivor size 20971520 bytes, new threshold 1 (max 1)
- age   1:        240 bytes,        240 total
: 327684K->4K(368640K), 0.0099226 secs] 1414638K->1086958K(4124672K), 0.0101086 secs] [Times: user=0.00 sys=0.00, real=0.01 secs] 
Heap after GC invocations=495995 (full 2):
 par new generation   total 368640K, used 4K [0x00000006c1c00000, 0x00000006dac00000, 0x00000006dac00000)
  eden space 327680K,   0% used [0x00000006c1c00000, 0x00000006c1c00000, 0x00000006d5c00000)
  from space 40960K,   0% used [0x00000006d8400000, 0x00000006d8401020, 0x00000006dac00000)
  to   space 40960K,   0% used [0x00000006d5c00000, 0x00000006d5c00000, 0x00000006d8400000)
 concurrent mark-sweep generation total 3756032K, used 1086954K [0x00000006dac00000, 0x00000007c0000000, 0x00000007c0000000)
 Metaspace       used 42573K, capacity 43892K, committed 44572K, reserved 1087488K
  class space    used 5454K, capacity 5756K, committed 5960K, reserved 1048576K
}
2020-07-01T08:33:55.337+0200: 400189.979: Total time for which application threads were stopped: 0.0104660 seconds, Stopping threads took: 0.0000974 seconds
{Heap before GC invocations=495995 (full 2):
 par new generation   total 368640K, used 327684K [0x00000006c1c00000, 0x00000006dac00000, 0x00000006dac00000)
  eden space 327680K, 100% used [0x00000006c1c00000, 0x00000006d5c00000, 0x00000006d5c00000)
  from space 40960K,   0% used [0x00000006d8400000, 0x00000006d8401020, 0x00000006dac00000)
  to   space 40960K,   0% used [0x00000006d5c00000, 0x00000006d5c00000, 0x00000006d8400000)
 concurrent mark-sweep generation total 3756032K, used 1086954K [0x00000006dac00000, 0x00000007c0000000, 0x00000007c0000000)
 Metaspace       used 42573K, capacity 43892K, committed 44572K, reserved 1087488K
  class space    used 5454K, capacity 5756K, committed 5960K, reserved 1048576K
2020-07-01T08:33:55.614+0200: 400190.257: [GC (Allocation Failure) 2020-07-01T08:33:55.614+0200: 400190.257: [ParNew
Desired survivor size 20971520 bytes, new threshold 1 (max 1)
- age   1:        272 bytes,        272 total
: 327684K->4K(368640K), 0.0106198 secs] 1414638K->1086958K(4124672K), 0.0107433 secs] [Times: user=0.03 sys=0.00, real=0.01 secs] 
Heap after GC invocations=495996 (full 2):
 par new generation   total 368640K, used 4K [0x00000006c1c00000, 0x00000006dac00000, 0x00000006dac00000)
  eden space 327680K,   0% used [0x00000006c1c00000, 0x00000006c1c00000, 0x00000006d5c00000)
  from space 40960K,   0% used [0x00000006d5c00000, 0x00000006d5c01020, 0x00000006d8400000)
  to   space 40960K,   0% used [0x00000006d8400000, 0x00000006d8400000, 0x00000006dac00000)
 concurrent mark-sweep generation total 3756032K, used 1086954K [0x00000006dac00000, 0x00000007c0000000, 0x00000007c0000000)
 Metaspace       used 42573K, capacity 43892K, committed 44572K, reserved 1087488K
  class space    used 5454K, capacity 5756K, committed 5960K, reserved 1048576K
}
2020-07-01T08:33:55.625+0200: 400190.268: Total time for which application threads were stopped: 0.0111784 seconds, Stopping threads took: 0.0000801 seconds
{Heap before GC invocations=495996 (full 2):
 par new generation   total 368640K, used 327684K [0x00000006c1c00000, 0x00000006dac00000, 0x00000006dac00000)
  eden space 327680K, 100% used [0x00000006c1c00000, 0x00000006d5c00000, 0x00000006d5c00000)
  from space 40960K,   0% used [0x00000006d5c00000, 0x00000006d5c01020, 0x00000006d8400000)
  to   space 40960K,   0% used [0x00000006d8400000, 0x00000006d8400000, 0x00000006dac00000)
 concurrent mark-sweep generation total 3756032K, used 1086954K [0x00000006dac00000, 0x00000007c0000000, 0x00000007c0000000)
 Metaspace       used 42573K, capacity 43892K, committed 44572K, reserved 1087488K
  class space    used 5454K, capacity 5756K, committed 5960K, reserved 1048576K
2020-07-01T08:33:55.896+0200: 400190.539: [GC (Allocation Failure) 2020-07-01T08:33:55.896+0200: 400190.539: [ParNew
Desired survivor size 20971520 bytes, new threshold 1 (max 1)
- age   1:        272 bytes,        272 total
: 327684K->4K(368640K), 0.0091130 secs] 1414638K->1086958K(4124672K), 0.0092488 secs] [Times: user=0.03 sys=0.00, real=0.01 secs] 
Heap after GC invocations=495997 (full 2):
 par new generation   total 368640K, used 4K [0x00000006c1c00000, 0x00000006dac00000, 0x00000006dac00000)
  eden space 327680K,   0% used [0x00000006c1c00000, 0x00000006c1c00000, 0x00000006d5c00000)
  from space 40960K,   0% used [0x00000006d8400000, 0x00000006d8401020, 0x00000006dac00000)
  to   space 40960K,   0% used [0x00000006d5c00000, 0x00000006d5c00000, 0x00000006d8400000)
 concurrent mark-sweep generation total 3756032K, used 1086954K [0x00000006dac00000, 0x00000007c0000000, 0x00000007c0000000)
 Metaspace       used 42573K, capacity 43892K, committed 44572K, reserved 1087488K
  class space    used 5454K, capacity 5756K, committed 5960K, reserved 1048576K
}
2020-07-01T08:33:55.905+0200: 400190.548: Total time for which application threads were stopped: 0.0096239 seconds, Stopping threads took: 0.0001081 seconds
{Heap before GC invocations=495997 (full 2):
 par new generation   total 368640K, used 327684K [0x00000006c1c00000, 0x00000006dac00000, 0x00000006dac00000)
  eden space 327680K, 100% used [0x00000006c1c00000, 0x00000006d5c00000, 0x00000006d5c00000)
  from space 40960K,   0% used [0x00000006d8400000, 0x00000006d8401020, 0x00000006dac00000)
  to   space 40960K,   0% used [0x00000006d5c00000, 0x00000006d5c00000, 0x00000006d8400000)
 concurrent mark-sweep generation total 3756032K, used 1086954K [0x00000006dac00000, 0x00000007c0000000, 0x00000007c0000000)
 Metaspace       used 42573K, capacity 43892K, committed 44572K, reserved 1087488K
  class space    used 5454K, capacity 5756K, committed 5960K, reserved 1048576K
2020-07-01T08:33:56.179+0200: 400190.822: [GC (Allocation Failure) 2020-07-01T08:33:56.179+0200: 400190.822: [ParNew
Desired survivor size 20971520 bytes, new threshold 1 (max 1)
- age   1:        272 bytes,        272 total
: 327684K->4K(368640K), 0.0090806 secs] 1414638K->1086958K(4124672K), 0.0092155 secs] [Times: user=0.01 sys=0.00, real=0.01 secs] 
Heap after GC invocations=495998 (full 2):
 par new generation   total 368640K, used 4K [0x00000006c1c00000, 0x00000006dac00000, 0x00000006dac00000)
  eden space 327680K,   0% used [0x00000006c1c00000, 0x00000006c1c00000, 0x00000006d5c00000)
  from space 40960K,   0% used [0x00000006d5c00000, 0x00000006d5c01020, 0x00000006d8400000)
  to   space 40960K,   0% used [0x00000006d8400000, 0x00000006d8400000, 0x00000006dac00000)
 concurrent mark-sweep generation total 3756032K, used 1086954K [0x00000006dac00000, 0x00000007c0000000, 0x00000007c0000000)
 Metaspace       used 42573K, capacity 43892K, committed 44572K, reserved 1087488K
  class space    used 5454K, capacity 5756K, committed 5960K, reserved 1048576K
}
2020-07-01T08:33:56.188+0200: 400190.831: Total time for which application threads were stopped: 0.0095688 seconds, Stopping threads took: 0.0001095 seconds
{Heap before GC invocations=495998 (full 2):
 par new generation   total 368640K, used 327684K [0x00000006c1c00000, 0x00000006dac00000, 0x00000006dac00000)
  eden space 327680K, 100% used [0x00000006c1c00000, 0x00000006d5c00000, 0x00000006d5c00000)
  from space 40960K,   0% used [0x00000006d5c00000, 0x00000006d5c01020, 0x00000006d8400000)
  to   space 40960K,   0% used [0x00000006d8400000, 0x00000006d8400000, 0x00000006dac00000)
 concurrent mark-sweep generation total 3756032K, used 1086954K [0x00000006dac00000, 0x00000007c0000000, 0x00000007c0000000)
 Metaspace       used 42573K, capacity 43892K, committed 44572K, reserved 1087488K
  class space    used 5454K, capacity 5756K, committed 5960K, reserved 1048576K
2020-07-01T08:33:56.462+0200: 400191.105: [GC (Allocation Failure) 2020-07-01T08:33:56.462+0200: 400191.105: [ParNew
Desired survivor size 20971520 bytes, new threshold 1 (max 1)
- age   1:        272 bytes,        272 total
: 327684K->4K(368640K), 0.0089642 secs] 1414638K->1086958K(4124672K), 0.0090956 secs] [Times: user=0.03 sys=0.00, real=0.01 secs] 
Heap after GC invocations=495999 (full 2):
 par new generation   total 368640K, used 4K [0x00000006c1c00000, 0x00000006dac00000, 0x00000006dac00000)
  eden space 327680K,   0% used [0x00000006c1c00000, 0x00000006c1c00000, 0x00000006d5c00000)
  from space 40960K,   0% used [0x00000006d8400000, 0x00000006d8401020, 0x00000006dac00000)
  to   space 40960K,   0% used [0x00000006d5c00000, 0x00000006d5c00000, 0x00000006d8400000)
 concurrent mark-sweep generation total 3756032K, used 1086954K [0x00000006dac00000, 0x00000007c0000000, 0x00000007c0000000)
 Metaspace       used 42573K, capacity 43892K, committed 44572K, reserved 1087488K
  class space    used 5454K, capacity 5756K, committed 5960K, reserved 1048576K
}
2020-07-01T08:33:56.472+0200: 400191.114: Total time for which application threads were stopped: 0.0095091 seconds, Stopping threads took: 0.0001673 seconds
{Heap before GC invocations=495999 (full 2):
 par new generation   total 368640K, used 327684K [0x00000006c1c00000, 0x00000006dac00000, 0x00000006dac00000)
  eden space 327680K, 100% used [0x00000006c1c00000, 0x00000006d5c00000, 0x00000006d5c00000)
  from space 40960K,   0% used [0x00000006d8400000, 0x00000006d8401020, 0x00000006dac00000)
  to   space 40960K,   0% used [0x00000006d5c00000, 0x00000006d5c00000, 0x00000006d8400000)
 concurrent mark-sweep generation total 3756032K, used 1086954K [0x00000006dac00000, 0x00000007c0000000, 0x00000007c0000000)
 Metaspace       used 42573K, capacity 43892K, committed 44572K, reserved 1087488K
  class space    used 5454K, capacity 5756K, committed 5960K, reserved 1048576K
2020-07-01T08:33:56.766+0200: 400191.409: [GC (Allocation Failure) 2020-07-01T08:33:56.766+0200: 400191.409: [ParNew
Desired survivor size 20971520 bytes, new threshold 1 (max 1)
- age   1:        304 bytes,        304 total
: 327684K->4K(368640K), 0.0102647 secs] 1414638K->1086958K(4124672K), 0.0103795 secs] [Times: user=0.02 sys=0.00, real=0.01 secs] 
Heap after GC invocations=496000 (full 2):
 par new generation   total 368640K, used 4K [0x00000006c1c00000, 0x00000006dac00000, 0x00000006dac00000)
  eden space 327680K,   0% used [0x00000006c1c00000, 0x00000006c1c00000, 0x00000006d5c00000)
  from space 40960K,   0% used [0x00000006d5c00000, 0x00000006d5c01020, 0x00000006d8400000)
  to   space 40960K,   0% used [0x00000006d8400000, 0x00000006d8400000, 0x00000006dac00000)
 concurrent mark-sweep generation total 3756032K, used 1086954K [0x00000006dac00000, 0x00000007c0000000, 0x00000007c0000000)
 Metaspace       used 42573K, capacity 43892K, committed 44572K, reserved 1087488K
  class space    used 5454K, capacity 5756K, committed 5960K, reserved 1048576K
}
2020-07-01T08:33:56.777+0200: 400191.420: Total time for which application threads were stopped: 0.0107232 seconds, Stopping threads took: 0.0000962 seconds
{Heap before GC invocations=496000 (full 2):
 par new generation   total 368640K, used 327684K [0x00000006c1c00000, 0x00000006dac00000, 0x00000006dac00000)
  eden space 327680K, 100% used [0x00000006c1c00000, 0x00000006d5c00000, 0x00000006d5c00000)
  from space 40960K,   0% used [0x00000006d5c00000, 0x00000006d5c01020, 0x00000006d8400000)
  to   space 40960K,   0% used [0x00000006d8400000, 0x00000006d8400000, 0x00000006dac00000)
 concurrent mark-sweep generation total 3756032K, used 1086954K [0x00000006dac00000, 0x00000007c0000000, 0x00000007c0000000)
 Metaspace       used 42573K, capacity 43892K, committed 44572K, reserved 1087488K
  class space    used 5454K, capacity 5756K, committed 5960K, reserved 1048576K
2020-07-01T08:33:57.072+0200: 400191.715: [GC (Allocation Failure) 2020-07-01T08:33:57.072+0200: 400191.715: [ParNew
Desired survivor size 20971520 bytes, new threshold 1 (max 1)
- age   1:        304 bytes,        304 total
: 327684K->4K(368640K), 0.0124489 secs] 1414638K->1086958K(4124672K), 0.0125847 secs] [Times: user=0.01 sys=0.00, real=0.01 secs] 
Heap after GC invocations=496001 (full 2):
 par new generation   total 368640K, used 4K [0x00000006c1c00000, 0x00000006dac00000, 0x00000006dac00000)
  eden space 327680K,   0% used [0x00000006c1c00000, 0x00000006c1c00000, 0x00000006d5c00000)
  from space 40960K,   0% used [0x00000006d8400000, 0x00000006d8401020, 0x00000006dac00000)
  to   space 40960K,   0% used [0x00000006d5c00000, 0x00000006d5c00000, 0x00000006d8400000)
 concurrent mark-sweep generation total 3756032K, used 1086954K [0x00000006dac00000, 0x00000007c0000000, 0x00000007c0000000)
 Metaspace       used 42573K, capacity 43892K, committed 44572K, reserved 1087488K
  class space    used 5454K, capacity 5756K, committed 5960K, reserved 1048576K
}
2020-07-01T08:33:57.085+0200: 400191.727: Total time for which application threads were stopped: 0.0130505 seconds, Stopping threads took: 0.0000984 seconds
{Heap before GC invocations=496001 (full 2):
 par new generation   total 368640K, used 327684K [0x00000006c1c00000, 0x00000006dac00000, 0x00000006dac00000)
  eden space 327680K, 100% used [0x00000006c1c00000, 0x00000006d5c00000, 0x00000006d5c00000)
  from space 40960K,   0% used [0x00000006d8400000, 0x00000006d8401020, 0x00000006dac00000)
  to   space 40960K,   0% used [0x00000006d5c00000, 0x00000006d5c00000, 0x00000006d8400000)
 concurrent mark-sweep generation total 3756032K, used 1086954K [0x00000006dac00000, 0x00000007c0000000, 0x00000007c0000000)
 Metaspace       used 42573K, capacity 43892K, committed 44572K, reserved 1087488K
  class space    used 5454K, capacity 5756K, committed 5960K, reserved 1048576K
2020-07-01T08:33:57.377+0200: 400192.020: [GC (Allocation Failure) 2020-07-01T08:33:57.377+0200: 400192.020: [ParNew
Desired survivor size 20971520 bytes, new threshold 1 (max 1)
- age   1:        240 bytes,        240 total
: 327684K->4K(368640K), 0.0109658 secs] 1414638K->1086958K(4124672K), 0.0111046 secs] [Times: user=0.04 sys=0.00, real=0.02 secs] 
Heap after GC invocations=496002 (full 2):
 par new generation   total 368640K, used 4K [0x00000006c1c00000, 0x00000006dac00000, 0x00000006dac00000)
  eden space 327680K,   0% used [0x00000006c1c00000, 0x00000006c1c00000, 0x00000006d5c00000)
  from space 40960K,   0% used [0x00000006d5c00000, 0x00000006d5c01020, 0x00000006d8400000)
  to   space 40960K,   0% used [0x00000006d8400000, 0x00000006d8400000, 0x00000006dac00000)
 concurrent mark-sweep generation total 3756032K, used 1086954K [0x00000006dac00000, 0x00000007c0000000, 0x00000007c0000000)
 Metaspace       used 42573K, capacity 43892K, committed 44572K, reserved 1087488K
  class space    used 5454K, capacity 5756K, committed 5960K, reserved 1048576K
}
2020-07-01T08:33:57.389+0200: 400192.031: Total time for which application threads were stopped: 0.0115036 seconds, Stopping threads took: 0.0001594 seconds
{Heap before GC invocations=496002 (full 2):
 par new generation   total 368640K, used 327684K [0x00000006c1c00000, 0x00000006dac00000, 0x00000006dac00000)
  eden space 327680K, 100% used [0x00000006c1c00000, 0x00000006d5c00000, 0x00000006d5c00000)
  from space 40960K,   0% used [0x00000006d5c00000, 0x00000006d5c01020, 0x00000006d8400000)
  to   space 40960K,   0% used [0x00000006d8400000, 0x00000006d8400000, 0x00000006dac00000)
 concurrent mark-sweep generation total 3756032K, used 1086954K [0x00000006dac00000, 0x00000007c0000000, 0x00000007c0000000)
 Metaspace       used 42573K, capacity 43892K, committed 44572K, reserved 1087488K
  class space    used 5454K, capacity 5756K, committed 5960K, reserved 1048576K
2020-07-01T08:33:57.673+0200: 400192.315: [GC (Allocation Failure) 2020-07-01T08:33:57.673+0200: 400192.316: [ParNew
Desired survivor size 20971520 bytes, new threshold 1 (max 1)
- age   1:        272 bytes,        272 total
: 327684K->4K(368640K), 0.0106192 secs] 1414638K->1086958K(4124672K), 0.0107405 secs] [Times: user=0.03 sys=0.00, real=0.01 secs] 
Heap after GC invocations=496003 (full 2):
 par new generation   total 368640K, used 4K [0x00000006c1c00000, 0x00000006dac00000, 0x00000006dac00000)
  eden space 327680K,   0% used [0x00000006c1c00000, 0x00000006c1c00000, 0x00000006d5c00000)
  from space 40960K,   0% used [0x00000006d8400000, 0x00000006d8401020, 0x00000006dac00000)
  to   space 40960K,   0% used [0x00000006d5c00000, 0x00000006d5c00000, 0x00000006d8400000)
 concurrent mark-sweep generation total 3756032K, used 1086954K [0x00000006dac00000, 0x00000007c0000000, 0x00000007c0000000)
 Metaspace       used 42573K, capacity 43892K, committed 44572K, reserved 1087488K
  class space    used 5454K, capacity 5756K, committed 5960K, reserved 1048576K
}
2020-07-01T08:33:57.683+0200: 400192.326: Total time for which application threads were stopped: 0.0112012 seconds, Stopping threads took: 0.0001699 seconds
{Heap before GC invocations=496003 (full 2):
 par new generation   total 368640K, used 327684K [0x00000006c1c00000, 0x00000006dac00000, 0x00000006dac00000)
  eden space 327680K, 100% used [0x00000006c1c00000, 0x00000006d5c00000, 0x00000006d5c00000)
  from space 40960K,   0% used [0x00000006d8400000, 0x00000006d8401020, 0x00000006dac00000)
  to   space 40960K,   0% used [0x00000006d5c00000, 0x00000006d5c00000, 0x00000006d8400000)
 concurrent mark-sweep generation total 3756032K, used 1086954K [0x00000006dac00000, 0x00000007c0000000, 0x00000007c0000000)
 Metaspace       used 42573K, capacity 43892K, committed 44572K, reserved 1087488K
  class space    used 5454K, capacity 5756K, committed 5960K, reserved 1048576K
2020-07-01T08:33:57.984+0200: 400192.627: [GC (Allocation Failure) 2020-07-01T08:33:57.984+0200: 400192.627: [ParNew
Desired survivor size 20971520 bytes, new threshold 1 (max 1)
- age   1:        568 bytes,        568 total
: 327684K->4K(368640K), 0.0128181 secs] 1414638K->1086958K(4124672K), 0.0129345 secs] [Times: user=0.01 sys=0.00, real=0.01 secs] 
Heap after GC invocations=496004 (full 2):
 par new generation   total 368640K, used 4K [0x00000006c1c00000, 0x00000006dac00000, 0x00000006dac00000)
  eden space 327680K,   0% used [0x00000006c1c00000, 0x00000006c1c00000, 0x00000006d5c00000)
  from space 40960K,   0% used [0x00000006d5c00000, 0x00000006d5c01020, 0x00000006d8400000)
  to   space 40960K,   0% used [0x00000006d8400000, 0x00000006d8400000, 0x00000006dac00000)
 concurrent mark-sweep generation total 3756032K, used 1086954K [0x00000006dac00000, 0x00000007c0000000, 0x00000007c0000000)
 Metaspace       used 42573K, capacity 43892K, committed 44572K, reserved 1087488K
  class space    used 5454K, capacity 5756K, committed 5960K, reserved 1048576K
}
2020-07-01T08:33:57.997+0200: 400192.640: Total time for which application threads were stopped: 0.0133041 seconds, Stopping threads took: 0.0001208 seconds
{Heap before GC invocations=496004 (full 2):
 par new generation   total 368640K, used 327684K [0x00000006c1c00000, 0x00000006dac00000, 0x00000006dac00000)
  eden space 327680K, 100% used [0x00000006c1c00000, 0x00000006d5c00000, 0x00000006d5c00000)
  from space 40960K,   0% used [0x00000006d5c00000, 0x00000006d5c01020, 0x00000006d8400000)
  to   space 40960K,   0% used [0x00000006d8400000, 0x00000006d8400000, 0x00000006dac00000)
 concurrent mark-sweep generation total 3756032K, used 1086954K [0x00000006dac00000, 0x00000007c0000000, 0x00000007c0000000)
 Metaspace       used 42573K, capacity 43892K, committed 44572K, reserved 1087488K
  class space    used 5454K, capacity 5756K, committed 5960K, reserved 1048576K
2020-07-01T08:33:58.359+0200: 400193.002: [GC (Allocation Failure) 2020-07-01T08:33:58.359+0200: 400193.002: [ParNew
Desired survivor size 20971520 bytes, new threshold 1 (max 1)
- age   1:        240 bytes,        240 total
: 327684K->4K(368640K), 0.0146745 secs] 1414638K->1086958K(4124672K), 0.0147874 secs] [Times: user=0.04 sys=0.00, real=0.01 secs] 
Heap after GC invocations=496005 (full 2):
 par new generation   total 368640K, used 4K [0x00000006c1c00000, 0x00000006dac00000, 0x00000006dac00000)
  eden space 327680K,   0% used [0x00000006c1c00000, 0x00000006c1c00000, 0x00000006d5c00000)
  from space 40960K,   0% used [0x00000006d8400000, 0x00000006d8401020, 0x00000006dac00000)
  to   space 40960K,   0% used [0x00000006d5c00000, 0x00000006d5c00000, 0x00000006d8400000)
 concurrent mark-sweep generation total 3756032K, used 1086954K [0x00000006dac00000, 0x00000007c0000000, 0x00000007c0000000)
 Metaspace       used 42573K, capacity 43892K, committed 44572K, reserved 1087488K
  class space    used 5454K, capacity 5756K, committed 5960K, reserved 1048576K
}
2020-07-01T08:33:58.374+0200: 400193.017: Total time for which application threads were stopped: 0.0152005 seconds, Stopping threads took: 0.0000455 seconds
{Heap before GC invocations=496005 (full 2):
 par new generation   total 368640K, used 327684K [0x00000006c1c00000, 0x00000006dac00000, 0x00000006dac00000)
  eden space 327680K, 100% used [0x00000006c1c00000, 0x00000006d5c00000, 0x00000006d5c00000)
  from space 40960K,   0% used [0x00000006d8400000, 0x00000006d8401020, 0x00000006dac00000)
  to   space 40960K,   0% used [0x00000006d5c00000, 0x00000006d5c00000, 0x00000006d8400000)
 concurrent mark-sweep generation total 3756032K, used 1086954K [0x00000006dac00000, 0x00000007c0000000, 0x00000007c0000000)
 Metaspace       used 42573K, capacity 43892K, committed 44572K, reserved 1087488K
  class space    used 5454K, capacity 5756K, committed 5960K, reserved 1048576K
2020-07-01T08:33:58.668+0200: 400193.311: [GC (Allocation Failure) 2020-07-01T08:33:58.668+0200: 400193.311: [ParNew
Desired survivor size 20971520 bytes, new threshold 1 (max 1)
- age   1:        240 bytes,        240 total
: 327684K->4K(368640K), 0.0118336 secs] 1414638K->1086958K(4124672K), 0.0119487 secs] [Times: user=0.00 sys=0.00, real=0.02 secs] 
Heap after GC invocations=496006 (full 2):
 par new generation   total 368640K, used 4K [0x00000006c1c00000, 0x00000006dac00000, 0x00000006dac00000)
  eden space 327680K,   0% used [0x00000006c1c00000, 0x00000006c1c00000, 0x00000006d5c00000)
  from space 40960K,   0% used [0x00000006d5c00000, 0x00000006d5c01020, 0x00000006d8400000)
  to   space 40960K,   0% used [0x00000006d8400000, 0x00000006d8400000, 0x00000006dac00000)
 concurrent mark-sweep generation total 3756032K, used 1086954K [0x00000006dac00000, 0x00000007c0000000, 0x00000007c0000000)
 Metaspace       used 42573K, capacity 43892K, committed 44572K, reserved 1087488K
  class space    used 5454K, capacity 5756K, committed 5960K, reserved 1048576K
}
2020-07-01T08:33:58.680+0200: 400193.323: Total time for which application threads were stopped: 0.0122841 seconds, Stopping threads took: 0.0000955 seconds
{Heap before GC invocations=496006 (full 2):
 par new generation   total 368640K, used 327684K [0x00000006c1c00000, 0x00000006dac00000, 0x00000006dac00000)
  eden space 327680K, 100% used [0x00000006c1c00000, 0x00000006d5c00000, 0x00000006d5c00000)
  from space 40960K,   0% used [0x00000006d5c00000, 0x00000006d5c01020, 0x00000006d8400000)
  to   space 40960K,   0% used [0x00000006d8400000, 0x00000006d8400000, 0x00000006dac00000)
 concurrent mark-sweep generation total 3756032K, used 1086954K [0x00000006dac00000, 0x00000007c0000000, 0x00000007c0000000)
 Metaspace       used 42573K, capacity 43892K, committed 44572K, reserved 1087488K
  class space    used 5454K, capacity 5756K, committed 5960K, reserved 1048576K
2020-07-01T08:33:58.970+0200: 400193.613: [GC (Allocation Failure) 2020-07-01T08:33:58.970+0200: 400193.613: [ParNew
Desired survivor size 20971520 bytes, new threshold 1 (max 1)
- age   1:        272 bytes,        272 total
: 327684K->4K(368640K), 0.0181436 secs] 1414638K->1086958K(4124672K), 0.0182693 secs] [Times: user=0.03 sys=0.00, real=0.02 secs] 
Heap after GC invocations=496007 (full 2):
 par new generation   total 368640K, used 4K [0x00000006c1c00000, 0x00000006dac00000, 0x00000006dac00000)
  eden space 327680K,   0% used [0x00000006c1c00000, 0x00000006c1c00000, 0x00000006d5c00000)
  from space 40960K,   0% used [0x00000006d8400000, 0x00000006d8401020, 0x00000006dac00000)
  to   space 40960K,   0% used [0x00000006d5c00000, 0x00000006d5c00000, 0x00000006d8400000)
 concurrent mark-sweep generation total 3756032K, used 1086954K [0x00000006dac00000, 0x00000007c0000000, 0x00000007c0000000)
 Metaspace       used 42573K, capacity 43892K, committed 44572K, reserved 1087488K
  class space    used 5454K, capacity 5756K, committed 5960K, reserved 1048576K
}
2020-07-01T08:33:58.989+0200: 400193.631: Total time for which application threads were stopped: 0.0185645 seconds, Stopping threads took: 0.0000485 seconds
{Heap before GC invocations=496007 (full 2):
 par new generation   total 368640K, used 327684K [0x00000006c1c00000, 0x00000006dac00000, 0x00000006dac00000)
  eden space 327680K, 100% used [0x00000006c1c00000, 0x00000006d5c00000, 0x00000006d5c00000)
  from space 40960K,   0% used [0x00000006d8400000, 0x00000006d8401020, 0x00000006dac00000)
  to   space 40960K,   0% used [0x00000006d5c00000, 0x00000006d5c00000, 0x00000006d8400000)
 concurrent mark-sweep generation total 3756032K, used 1086954K [0x00000006dac00000, 0x00000007c0000000, 0x00000007c0000000)
 Metaspace       used 42573K, capacity 43892K, committed 44572K, reserved 1087488K
  class space    used 5454K, capacity 5756K, committed 5960K, reserved 1048576K
2020-07-01T08:33:59.386+0200: 400194.029: [GC (Allocation Failure) 2020-07-01T08:33:59.386+0200: 400194.029: [ParNew
Desired survivor size 20971520 bytes, new threshold 1 (max 1)
- age   1:        304 bytes,        304 total
: 327684K->4K(368640K), 0.0309665 secs] 1414638K->1086958K(4124672K), 0.0310638 secs] [Times: user=0.03 sys=0.00, real=0.03 secs] 
Heap after GC invocations=496008 (full 2):
 par new generation   total 368640K, used 4K [0x00000006c1c00000, 0x00000006dac00000, 0x00000006dac00000)
  eden space 327680K,   0% used [0x00000006c1c00000, 0x00000006c1c00000, 0x00000006d5c00000)
  from space 40960K,   0% used [0x00000006d5c00000, 0x00000006d5c01020, 0x00000006d8400000)
  to   space 40960K,   0% used [0x00000006d8400000, 0x00000006d8400000, 0x00000006dac00000)
 concurrent mark-sweep generation total 3756032K, used 1086954K [0x00000006dac00000, 0x00000007c0000000, 0x00000007c0000000)
 Metaspace       used 42573K, capacity 43892K, committed 44572K, reserved 1087488K
  class space    used 5454K, capacity 5756K, committed 5960K, reserved 1048576K
}
2020-07-01T08:33:59.417+0200: 400194.060: Total time for which application threads were stopped: 0.0315417 seconds, Stopping threads took: 0.0002273 seconds
{Heap before GC invocations=496008 (full 2):
 par new generation   total 368640K, used 327684K [0x00000006c1c00000, 0x00000006dac00000, 0x00000006dac00000)
  eden space 327680K, 100% used [0x00000006c1c00000, 0x00000006d5c00000, 0x00000006d5c00000)
  from space 40960K,   0% used [0x00000006d5c00000, 0x00000006d5c01020, 0x00000006d8400000)
  to   space 40960K,   0% used [0x00000006d8400000, 0x00000006d8400000, 0x00000006dac00000)
 concurrent mark-sweep generation total 3756032K, used 1086954K [0x00000006dac00000, 0x00000007c0000000, 0x00000007c0000000)
 Metaspace       used 42573K, capacity 43892K, committed 44572K, reserved 1087488K
  class space    used 5454K, capacity 5756K, committed 5960K, reserved 1048576K
2020-07-01T08:33:59.748+0200: 400194.390: [GC (Allocation Failure) 2020-07-01T08:33:59.748+0200: 400194.390: [ParNew
Desired survivor size 20971520 bytes, new threshold 1 (max 1)
- age   1:        696 bytes,        696 total
: 327684K->6K(368640K), 0.0070417 secs] 1414638K->1086960K(4124672K), 0.0071757 secs] [Times: user=0.00 sys=0.00, real=0.01 secs] 
Heap after GC invocations=496009 (full 2):
 par new generation   total 368640K, used 6K [0x00000006c1c00000, 0x00000006dac00000, 0x00000006dac00000)
  eden space 327680K,   0% used [0x00000006c1c00000, 0x00000006c1c00000, 0x00000006d5c00000)
  from space 40960K,   0% used [0x00000006d8400000, 0x00000006d8401830, 0x00000006dac00000)
  to   space 40960K,   0% used [0x00000006d5c00000, 0x00000006d5c00000, 0x00000006d8400000)
 concurrent mark-sweep generation total 3756032K, used 1086954K [0x00000006dac00000, 0x00000007c0000000, 0x00000007c0000000)
 Metaspace       used 42573K, capacity 43892K, committed 44572K, reserved 1087488K
  class space    used 5454K, capacity 5756K, committed 5960K, reserved 1048576K
}
2020-07-01T08:33:59.755+0200: 400194.398: Total time for which application threads were stopped: 0.0077501 seconds, Stopping threads took: 0.0003409 seconds
{Heap before GC invocations=496009 (full 2):
 par new generation   total 368640K, used 327686K [0x00000006c1c00000, 0x00000006dac00000, 0x00000006dac00000)
  eden space 327680K, 100% used [0x00000006c1c00000, 0x00000006d5c00000, 0x00000006d5c00000)
  from space 40960K,   0% used [0x00000006d8400000, 0x00000006d8401830, 0x00000006dac00000)
  to   space 40960K,   0% used [0x00000006d5c00000, 0x00000006d5c00000, 0x00000006d8400000)
 concurrent mark-sweep generation total 3756032K, used 1086954K [0x00000006dac00000, 0x00000007c0000000, 0x00000007c0000000)
 Metaspace       used 42573K, capacity 43892K, committed 44572K, reserved 1087488K
  class space    used 5454K, capacity 5756K, committed 5960K, reserved 1048576K
2020-07-01T08:34:00.138+0200: 400194.781: [GC (Allocation Failure) 2020-07-01T08:34:00.138+0200: 400194.781: [ParNew
Desired survivor size 20971520 bytes, new threshold 1 (max 1)
- age   1:        336 bytes,        336 total
: 327686K->4K(368640K), 0.0123156 secs] 1414640K->1086959K(4124672K), 0.0124339 secs] [Times: user=0.00 sys=0.00, real=0.02 secs] 
Heap after GC invocations=496010 (full 2):
 par new generation   total 368640K, used 4K [0x00000006c1c00000, 0x00000006dac00000, 0x00000006dac00000)
  eden space 327680K,   0% used [0x00000006c1c00000, 0x00000006c1c00000, 0x00000006d5c00000)
  from space 40960K,   0% used [0x00000006d5c00000, 0x00000006d5c01020, 0x00000006d8400000)
  to   space 40960K,   0% used [0x00000006d8400000, 0x00000006d8400000, 0x00000006dac00000)
 concurrent mark-sweep generation total 3756032K, used 1086955K [0x00000006dac00000, 0x00000007c0000000, 0x00000007c0000000)
 Metaspace       used 42573K, capacity 43892K, committed 44572K, reserved 1087488K
  class space    used 5454K, capacity 5756K, committed 5960K, reserved 1048576K
}
2020-07-01T08:34:00.150+0200: 400194.793: Total time for which application threads were stopped: 0.0242043 seconds, Stopping threads took: 0.0114950 seconds
{Heap before GC invocations=496010 (full 2):
 par new generation   total 368640K, used 327684K [0x00000006c1c00000, 0x00000006dac00000, 0x00000006dac00000)
  eden space 327680K, 100% used [0x00000006c1c00000, 0x00000006d5c00000, 0x00000006d5c00000)
  from space 40960K,   0% used [0x00000006d5c00000, 0x00000006d5c01020, 0x00000006d8400000)
  to   space 40960K,   0% used [0x00000006d8400000, 0x00000006d8400000, 0x00000006dac00000)
 concurrent mark-sweep generation total 3756032K, used 1086955K [0x00000006dac00000, 0x00000007c0000000, 0x00000007c0000000)
 Metaspace       used 42573K, capacity 43892K, committed 44572K, reserved 1087488K
  class space    used 5454K, capacity 5756K, committed 5960K, reserved 1048576K
2020-07-01T08:34:00.424+0200: 400195.067: [GC (Allocation Failure) 2020-07-01T08:34:00.425+0200: 400195.067: [ParNew
Desired survivor size 20971520 bytes, new threshold 1 (max 1)
- age   1:        240 bytes,        240 total
: 327684K->6K(368640K), 0.0063957 secs] 1414639K->1086961K(4124672K), 0.0065291 secs] [Times: user=0.00 sys=0.00, real=0.01 secs] 
Heap after GC invocations=496011 (full 2):
 par new generation   total 368640K, used 6K [0x00000006c1c00000, 0x00000006dac00000, 0x00000006dac00000)
  eden space 327680K,   0% used [0x00000006c1c00000, 0x00000006c1c00000, 0x00000006d5c00000)
  from space 40960K,   0% used [0x00000006d8400000, 0x00000006d8401830, 0x00000006dac00000)
  to   space 40960K,   0% used [0x00000006d5c00000, 0x00000006d5c00000, 0x00000006d8400000)
 concurrent mark-sweep generation total 3756032K, used 1086955K [0x00000006dac00000, 0x00000007c0000000, 0x00000007c0000000)
 Metaspace       used 42573K, capacity 43892K, committed 44572K, reserved 1087488K
  class space    used 5454K, capacity 5756K, committed 5960K, reserved 1048576K
}
2020-07-01T08:34:00.431+0200: 400195.074: Total time for which application threads were stopped: 0.0090338 seconds, Stopping threads took: 0.0022577 seconds
{Heap before GC invocations=496011 (full 2):
 par new generation   total 368640K, used 327686K [0x00000006c1c00000, 0x00000006dac00000, 0x00000006dac00000)
  eden space 327680K, 100% used [0x00000006c1c00000, 0x00000006d5c00000, 0x00000006d5c00000)
  from space 40960K,   0% used [0x00000006d8400000, 0x00000006d8401830, 0x00000006dac00000)
  to   space 40960K,   0% used [0x00000006d5c00000, 0x00000006d5c00000, 0x00000006d8400000)
 concurrent mark-sweep generation total 3756032K, used 1086955K [0x00000006dac00000, 0x00000007c0000000, 0x00000007c0000000)
 Metaspace       used 42573K, capacity 43892K, committed 44572K, reserved 1087488K
  class space    used 5454K, capacity 5756K, committed 5960K, reserved 1048576K
2020-07-01T08:34:00.719+0200: 400195.361: [GC (Allocation Failure) 2020-07-01T08:34:00.719+0200: 400195.362: [ParNew
Desired survivor size 20971520 bytes, new threshold 1 (max 1)
- age   1:        272 bytes,        272 total
: 327686K->2K(368640K), 0.0386520 secs] 1414641K->1086957K(4124672K), 0.0388140 secs] [Times: user=0.01 sys=0.00, real=0.03 secs] 
Heap after GC invocations=496012 (full 2):
 par new generation   total 368640K, used 2K [0x00000006c1c00000, 0x00000006dac00000, 0x00000006dac00000)
  eden space 327680K,   0% used [0x00000006c1c00000, 0x00000006c1c00000, 0x00000006d5c00000)
  from space 40960K,   0% used [0x00000006d5c00000, 0x00000006d5c00810, 0x00000006d8400000)
  to   space 40960K,   0% used [0x00000006d8400000, 0x00000006d8400000, 0x00000006dac00000)
 concurrent mark-sweep generation total 3756032K, used 1086955K [0x00000006dac00000, 0x00000007c0000000, 0x00000007c0000000)
 Metaspace       used 42573K, capacity 43892K, committed 44572K, reserved 1087488K
  class space    used 5454K, capacity 5756K, committed 5960K, reserved 1048576K
}
2020-07-01T08:34:00.758+0200: 400195.400: Total time for which application threads were stopped: 0.0391766 seconds, Stopping threads took: 0.0000483 seconds
{Heap before GC invocations=496012 (full 2):
 par new generation   total 368640K, used 327682K [0x00000006c1c00000, 0x00000006dac00000, 0x00000006dac00000)
  eden space 327680K, 100% used [0x00000006c1c00000, 0x00000006d5c00000, 0x00000006d5c00000)
  from space 40960K,   0% used [0x00000006d5c00000, 0x00000006d5c00810, 0x00000006d8400000)
  to   space 40960K,   0% used [0x00000006d8400000, 0x00000006d8400000, 0x00000006dac00000)
 concurrent mark-sweep generation total 3756032K, used 1086955K [0x00000006dac00000, 0x00000007c0000000, 0x00000007c0000000)
 Metaspace       used 42573K, capacity 43892K, committed 44572K, reserved 1087488K
  class space    used 5454K, capacity 5756K, committed 5960K, reserved 1048576K
2020-07-01T08:34:01.026+0200: 400195.669: [GC (Allocation Failure) 2020-07-01T08:34:01.026+0200: 400195.669: [ParNew
Desired survivor size 20971520 bytes, new threshold 1 (max 1)
- age   1:        304 bytes,        304 total
: 327682K->4K(368640K), 0.0098416 secs] 1414637K->1086959K(4124672K), 0.0099858 secs] [Times: user=0.03 sys=0.00, real=0.01 secs] 
Heap after GC invocations=496013 (full 2):
 par new generation   total 368640K, used 4K [0x00000006c1c00000, 0x00000006dac00000, 0x00000006dac00000)
  eden space 327680K,   0% used [0x00000006c1c00000, 0x00000006c1c00000, 0x00000006d5c00000)
  from space 40960K,   0% used [0x00000006d8400000, 0x00000006d8401020, 0x00000006dac00000)
  to   space 40960K,   0% used [0x00000006d5c00000, 0x00000006d5c00000, 0x00000006d8400000)
 concurrent mark-sweep generation total 3756032K, used 1086955K [0x00000006dac00000, 0x00000007c0000000, 0x00000007c0000000)
 Metaspace       used 42573K, capacity 43892K, committed 44572K, reserved 1087488K
  class space    used 5454K, capacity 5756K, committed 5960K, reserved 1048576K
}
2020-07-01T08:34:01.036+0200: 400195.679: Total time for which application threads were stopped: 0.0103751 seconds, Stopping threads took: 0.0001509 seconds
{Heap before GC invocations=496013 (full 2):
 par new generation   total 368640K, used 327684K [0x00000006c1c00000, 0x00000006dac00000, 0x00000006dac00000)
  eden space 327680K, 100% used [0x00000006c1c00000, 0x00000006d5c00000, 0x00000006d5c00000)
  from space 40960K,   0% used [0x00000006d8400000, 0x00000006d8401020, 0x00000006dac00000)
  to   space 40960K,   0% used [0x00000006d5c00000, 0x00000006d5c00000, 0x00000006d8400000)
 concurrent mark-sweep generation total 3756032K, used 1086955K [0x00000006dac00000, 0x00000007c0000000, 0x00000007c0000000)
 Metaspace       used 42573K, capacity 43892K, committed 44572K, reserved 1087488K
  class space    used 5454K, capacity 5756K, committed 5960K, reserved 1048576K
2020-07-01T08:34:01.317+0200: 400195.960: [GC (Allocation Failure) 2020-07-01T08:34:01.317+0200: 400195.960: [ParNew
Desired survivor size 20971520 bytes, new threshold 1 (max 1)
- age   1:        272 bytes,        272 total
: 327684K->4K(368640K), 0.0104727 secs] 1414639K->1086959K(4124672K), 0.0105738 secs] [Times: user=0.04 sys=0.00, real=0.01 secs] 
Heap after GC invocations=496014 (full 2):
 par new generation   total 368640K, used 4K [0x00000006c1c00000, 0x00000006dac00000, 0x00000006dac00000)
  eden space 327680K,   0% used [0x00000006c1c00000, 0x00000006c1c00000, 0x00000006d5c00000)
  from space 40960K,   0% used [0x00000006d5c00000, 0x00000006d5c01020, 0x00000006d8400000)
  to   space 40960K,   0% used [0x00000006d8400000, 0x00000006d8400000, 0x00000006dac00000)
 concurrent mark-sweep generation total 3756032K, used 1086955K [0x00000006dac00000, 0x00000007c0000000, 0x00000007c0000000)
 Metaspace       used 42573K, capacity 43892K, committed 44572K, reserved 1087488K
  class space    used 5454K, capacity 5756K, committed 5960K, reserved 1048576K
}
2020-07-01T08:34:01.327+0200: 400195.970: Total time for which application threads were stopped: 0.0109017 seconds, Stopping threads took: 0.0000992 seconds
{Heap before GC invocations=496014 (full 2):
 par new generation   total 368640K, used 327684K [0x00000006c1c00000, 0x00000006dac00000, 0x00000006dac00000)
  eden space 327680K, 100% used [0x00000006c1c00000, 0x00000006d5c00000, 0x00000006d5c00000)
  from space 40960K,   0% used [0x00000006d5c00000, 0x00000006d5c01020, 0x00000006d8400000)
  to   space 40960K,   0% used [0x00000006d8400000, 0x00000006d8400000, 0x00000006dac00000)
 concurrent mark-sweep generation total 3756032K, used 1086955K [0x00000006dac00000, 0x00000007c0000000, 0x00000007c0000000)
 Metaspace       used 42573K, capacity 43892K, committed 44572K, reserved 1087488K
  class space    used 5454K, capacity 5756K, committed 5960K, reserved 1048576K
2020-07-01T08:34:01.603+0200: 400196.246: [GC (Allocation Failure) 2020-07-01T08:34:01.603+0200: 400196.246: [ParNew
Desired survivor size 20971520 bytes, new threshold 1 (max 1)
- age   1:        272 bytes,        272 total
: 327684K->6K(368640K), 0.0070966 secs] 1414639K->1086961K(4124672K), 0.0072125 secs] [Times: user=0.03 sys=0.00, real=0.01 secs] 
Heap after GC invocations=496015 (full 2):
 par new generation   total 368640K, used 6K [0x00000006c1c00000, 0x00000006dac00000, 0x00000006dac00000)
  eden space 327680K,   0% used [0x00000006c1c00000, 0x00000006c1c00000, 0x00000006d5c00000)
  from space 40960K,   0% used [0x00000006d8400000, 0x00000006d8401830, 0x00000006dac00000)
  to   space 40960K,   0% used [0x00000006d5c00000, 0x00000006d5c00000, 0x00000006d8400000)
 concurrent mark-sweep generation total 3756032K, used 1086955K [0x00000006dac00000, 0x00000007c0000000, 0x00000007c0000000)
 Metaspace       used 42573K, capacity 43892K, committed 44572K, reserved 1087488K
  class space    used 5454K, capacity 5756K, committed 5960K, reserved 1048576K
}
2020-07-01T08:34:01.610+0200: 400196.253: Total time for which application threads were stopped: 0.0075668 seconds, Stopping threads took: 0.0001126 seconds
{Heap before GC invocations=496015 (full 2):
 par new generation   total 368640K, used 327686K [0x00000006c1c00000, 0x00000006dac00000, 0x00000006dac00000)
  eden space 327680K, 100% used [0x00000006c1c00000, 0x00000006d5c00000, 0x00000006d5c00000)
  from space 40960K,   0% used [0x00000006d8400000, 0x00000006d8401830, 0x00000006dac00000)
  to   space 40960K,   0% used [0x00000006d5c00000, 0x00000006d5c00000, 0x00000006d8400000)
 concurrent mark-sweep generation total 3756032K, used 1086955K [0x00000006dac00000, 0x00000007c0000000, 0x00000007c0000000)
 Metaspace       used 42573K, capacity 43892K, committed 44572K, reserved 1087488K
  class space    used 5454K, capacity 5756K, committed 5960K, reserved 1048576K
2020-07-01T08:34:01.889+0200: 400196.532: [GC (Allocation Failure) 2020-07-01T08:34:01.889+0200: 400196.532: [ParNew
Desired survivor size 20971520 bytes, new threshold 1 (max 1)
- age   1:        272 bytes,        272 total
: 327686K->4K(368640K), 0.0090447 secs] 1414641K->1086959K(4124672K), 0.0091818 secs] [Times: user=0.00 sys=0.00, real=0.01 secs] 
Heap after GC invocations=496016 (full 2):
 par new generation   total 368640K, used 4K [0x00000006c1c00000, 0x00000006dac00000, 0x00000006dac00000)
  eden space 327680K,   0% used [0x00000006c1c00000, 0x00000006c1c00000, 0x00000006d5c00000)
  from space 40960K,   0% used [0x00000006d5c00000, 0x00000006d5c01020, 0x00000006d8400000)
  to   space 40960K,   0% used [0x00000006d8400000, 0x00000006d8400000, 0x00000006dac00000)
 concurrent mark-sweep generation total 3756032K, used 1086955K [0x00000006dac00000, 0x00000007c0000000, 0x00000007c0000000)
 Metaspace       used 42573K, capacity 43892K, committed 44572K, reserved 1087488K
  class space    used 5454K, capacity 5756K, committed 5960K, reserved 1048576K
}
2020-07-01T08:34:01.898+0200: 400196.541: Total time for which application threads were stopped: 0.0095274 seconds, Stopping threads took: 0.0000952 seconds
{Heap before GC invocations=496016 (full 2):
 par new generation   total 368640K, used 327684K [0x00000006c1c00000, 0x00000006dac00000, 0x00000006dac00000)
  eden space 327680K, 100% used [0x00000006c1c00000, 0x00000006d5c00000, 0x00000006d5c00000)
  from space 40960K,   0% used [0x00000006d5c00000, 0x00000006d5c01020, 0x00000006d8400000)
  to   space 40960K,   0% used [0x00000006d8400000, 0x00000006d8400000, 0x00000006dac00000)
 concurrent mark-sweep generation total 3756032K, used 1086955K [0x00000006dac00000, 0x00000007c0000000, 0x00000007c0000000)
 Metaspace       used 42573K, capacity 43892K, committed 44572K, reserved 1087488K
  class space    used 5454K, capacity 5756K, committed 5960K, reserved 1048576K
2020-07-01T08:34:02.207+0200: 400196.850: [GC (Allocation Failure) 2020-07-01T08:34:02.207+0200: 400196.850: [ParNew
Desired survivor size 20971520 bytes, new threshold 1 (max 1)
- age   1:        272 bytes,        272 total
: 327684K->6K(368640K), 0.0091036 secs] 1414639K->1086961K(4124672K), 0.0092846 secs] [Times: user=0.01 sys=0.00, real=0.01 secs] 
Heap after GC invocations=496017 (full 2):
 par new generation   total 368640K, used 6K [0x00000006c1c00000, 0x00000006dac00000, 0x00000006dac00000)
  eden space 327680K,   0% used [0x00000006c1c00000, 0x00000006c1c00000, 0x00000006d5c00000)
  from space 40960K,   0% used [0x00000006d8400000, 0x00000006d8401830, 0x00000006dac00000)
  to   space 40960K,   0% used [0x00000006d5c00000, 0x00000006d5c00000, 0x00000006d8400000)
 concurrent mark-sweep generation total 3756032K, used 1086955K [0x00000006dac00000, 0x00000007c0000000, 0x00000007c0000000)
 Metaspace       used 42573K, capacity 43892K, committed 44572K, reserved 1087488K
  class space    used 5454K, capacity 5756K, committed 5960K, reserved 1048576K
}
2020-07-01T08:34:02.216+0200: 400196.859: Total time for which application threads were stopped: 0.0131736 seconds, Stopping threads took: 0.0036294 seconds
{Heap before GC invocations=496017 (full 2):
 par new generation   total 368640K, used 327686K [0x00000006c1c00000, 0x00000006dac00000, 0x00000006dac00000)
  eden space 327680K, 100% used [0x00000006c1c00000, 0x00000006d5c00000, 0x00000006d5c00000)
  from space 40960K,   0% used [0x00000006d8400000, 0x00000006d8401830, 0x00000006dac00000)
  to   space 40960K,   0% used [0x00000006d5c00000, 0x00000006d5c00000, 0x00000006d8400000)
 concurrent mark-sweep generation total 3756032K, used 1086955K [0x00000006dac00000, 0x00000007c0000000, 0x00000007c0000000)
 Metaspace       used 42573K, capacity 43892K, committed 44572K, reserved 1087488K
  class space    used 5454K, capacity 5756K, committed 5960K, reserved 1048576K
2020-07-01T08:34:02.508+0200: 400197.151: [GC (Allocation Failure) 2020-07-01T08:34:02.508+0200: 400197.151: [ParNew
Desired survivor size 20971520 bytes, new threshold 1 (max 1)
- age   1:        272 bytes,        272 total
: 327686K->4K(368640K), 0.0118762 secs] 1414641K->1086959K(4124672K), 0.0119888 secs] [Times: user=0.03 sys=0.00, real=0.01 secs] 
Heap after GC invocations=496018 (full 2):
 par new generation   total 368640K, used 4K [0x00000006c1c00000, 0x00000006dac00000, 0x00000006dac00000)
  eden space 327680K,   0% used [0x00000006c1c00000, 0x00000006c1c00000, 0x00000006d5c00000)
  from space 40960K,   0% used [0x00000006d5c00000, 0x00000006d5c01020, 0x00000006d8400000)
  to   space 40960K,   0% used [0x00000006d8400000, 0x00000006d8400000, 0x00000006dac00000)
 concurrent mark-sweep generation total 3756032K, used 1086955K [0x00000006dac00000, 0x00000007c0000000, 0x00000007c0000000)
 Metaspace       used 42573K, capacity 43892K, committed 44572K, reserved 1087488K
  class space    used 5454K, capacity 5756K, committed 5960K, reserved 1048576K
}
2020-07-01T08:34:02.520+0200: 400197.163: Total time for which application threads were stopped: 0.0123251 seconds, Stopping threads took: 0.0000959 seconds
{Heap before GC invocations=496018 (full 2):
 par new generation   total 368640K, used 327684K [0x00000006c1c00000, 0x00000006dac00000, 0x00000006dac00000)
  eden space 327680K, 100% used [0x00000006c1c00000, 0x00000006d5c00000, 0x00000006d5c00000)
  from space 40960K,   0% used [0x00000006d5c00000, 0x00000006d5c01020, 0x00000006d8400000)
  to   space 40960K,   0% used [0x00000006d8400000, 0x00000006d8400000, 0x00000006dac00000)
 concurrent mark-sweep generation total 3756032K, used 1086955K [0x00000006dac00000, 0x00000007c0000000, 0x00000007c0000000)
 Metaspace       used 42573K, capacity 43892K, committed 44572K, reserved 1087488K
  class space    used 5454K, capacity 5756K, committed 5960K, reserved 1048576K
2020-07-01T08:34:02.815+0200: 400197.458: [GC (Allocation Failure) 2020-07-01T08:34:02.815+0200: 400197.458: [ParNew
Desired survivor size 20971520 bytes, new threshold 1 (max 1)
- age   1:        496 bytes,        496 total
: 327684K->4K(368640K), 0.0095585 secs] 1414639K->1086959K(4124672K), 0.0097011 secs] [Times: user=0.04 sys=0.00, real=0.01 secs] 
Heap after GC invocations=496019 (full 2):
 par new generation   total 368640K, used 4K [0x00000006c1c00000, 0x00000006dac00000, 0x00000006dac00000)
  eden space 327680K,   0% used [0x00000006c1c00000, 0x00000006c1c00000, 0x00000006d5c00000)
  from space 40960K,   0% used [0x00000006d8400000, 0x00000006d8401020, 0x00000006dac00000)
  to   space 40960K,   0% used [0x00000006d5c00000, 0x00000006d5c00000, 0x00000006d8400000)
 concurrent mark-sweep generation total 3756032K, used 1086955K [0x00000006dac00000, 0x00000007c0000000, 0x00000007c0000000)
 Metaspace       used 42573K, capacity 43892K, committed 44572K, reserved 1087488K
  class space    used 5454K, capacity 5756K, committed 5960K, reserved 1048576K
}
2020-07-01T08:34:02.825+0200: 400197.468: Total time for which application threads were stopped: 0.0100543 seconds, Stopping threads took: 0.0001223 seconds
{Heap before GC invocations=496019 (full 2):
 par new generation   total 368640K, used 327684K [0x00000006c1c00000, 0x00000006dac00000, 0x00000006dac00000)
  eden space 327680K, 100% used [0x00000006c1c00000, 0x00000006d5c00000, 0x00000006d5c00000)
  from space 40960K,   0% used [0x00000006d8400000, 0x00000006d8401020, 0x00000006dac00000)
  to   space 40960K,   0% used [0x00000006d5c00000, 0x00000006d5c00000, 0x00000006d8400000)
 concurrent mark-sweep generation total 3756032K, used 1086955K [0x00000006dac00000, 0x00000007c0000000, 0x00000007c0000000)
 Metaspace       used 42573K, capacity 43892K, committed 44572K, reserved 1087488K
  class space    used 5454K, capacity 5756K, committed 5960K, reserved 1048576K
2020-07-01T08:34:03.115+0200: 400197.758: [GC (Allocation Failure) 2020-07-01T08:34:03.115+0200: 400197.758: [ParNew
Desired survivor size 20971520 bytes, new threshold 1 (max 1)
- age   1:        272 bytes,        272 total
: 327684K->6K(368640K), 0.0077055 secs] 1414639K->1086961K(4124672K), 0.0078406 secs] [Times: user=0.05 sys=0.00, real=0.01 secs] 
Heap after GC invocations=496020 (full 2):
 par new generation   total 368640K, used 6K [0x00000006c1c00000, 0x00000006dac00000, 0x00000006dac00000)
  eden space 327680K,   0% used [0x00000006c1c00000, 0x00000006c1c00000, 0x00000006d5c00000)
  from space 40960K,   0% used [0x00000006d5c00000, 0x00000006d5c01830, 0x00000006d8400000)
  to   space 40960K,   0% used [0x00000006d8400000, 0x00000006d8400000, 0x00000006dac00000)
 concurrent mark-sweep generation total 3756032K, used 1086955K [0x00000006dac00000, 0x00000007c0000000, 0x00000007c0000000)
 Metaspace       used 42573K, capacity 43892K, committed 44572K, reserved 1087488K
  class space    used 5454K, capacity 5756K, committed 5960K, reserved 1048576K
}
2020-07-01T08:34:03.123+0200: 400197.766: Total time for which application threads were stopped: 0.0081507 seconds, Stopping threads took: 0.0000518 seconds
{Heap before GC invocations=496020 (full 2):
 par new generation   total 368640K, used 327686K [0x00000006c1c00000, 0x00000006dac00000, 0x00000006dac00000)
  eden space 327680K, 100% used [0x00000006c1c00000, 0x00000006d5c00000, 0x00000006d5c00000)
  from space 40960K,   0% used [0x00000006d5c00000, 0x00000006d5c01830, 0x00000006d8400000)
  to   space 40960K,   0% used [0x00000006d8400000, 0x00000006d8400000, 0x00000006dac00000)
 concurrent mark-sweep generation total 3756032K, used 1086955K [0x00000006dac00000, 0x00000007c0000000, 0x00000007c0000000)
 Metaspace       used 42573K, capacity 43892K, committed 44572K, reserved 1087488K
  class space    used 5454K, capacity 5756K, committed 5960K, reserved 1048576K
2020-07-01T08:34:03.826+0200: 400198.469: [GC (Allocation Failure) 2020-07-01T08:34:03.826+0200: 400198.469: [ParNew
Desired survivor size 20971520 bytes, new threshold 1 (max 1)
- age   1:        240 bytes,        240 total
: 327686K->2K(368640K), 0.1590204 secs] 1414641K->1086957K(4124672K), 0.1591451 secs] [Times: user=0.03 sys=0.00, real=0.16 secs] 
Heap after GC invocations=496021 (full 2):
 par new generation   total 368640K, used 2K [0x00000006c1c00000, 0x00000006dac00000, 0x00000006dac00000)
  eden space 327680K,   0% used [0x00000006c1c00000, 0x00000006c1c00000, 0x00000006d5c00000)
  from space 40960K,   0% used [0x00000006d8400000, 0x00000006d8400810, 0x00000006dac00000)
  to   space 40960K,   0% used [0x00000006d5c00000, 0x00000006d5c00000, 0x00000006d8400000)
 concurrent mark-sweep generation total 3756032K, used 1086955K [0x00000006dac00000, 0x00000007c0000000, 0x00000007c0000000)
 Metaspace       used 42573K, capacity 43892K, committed 44572K, reserved 1087488K
  class space    used 5454K, capacity 5756K, committed 5960K, reserved 1048576K
}
2020-07-01T08:34:03.986+0200: 400198.629: Total time for which application threads were stopped: 0.1602875 seconds, Stopping threads took: 0.0000723 seconds
{Heap before GC invocations=496021 (full 2):
 par new generation   total 368640K, used 327682K [0x00000006c1c00000, 0x00000006dac00000, 0x00000006dac00000)
  eden space 327680K, 100% used [0x00000006c1c00000, 0x00000006d5c00000, 0x00000006d5c00000)
  from space 40960K,   0% used [0x00000006d8400000, 0x00000006d8400810, 0x00000006dac00000)
  to   space 40960K,   0% used [0x00000006d5c00000, 0x00000006d5c00000, 0x00000006d8400000)
 concurrent mark-sweep generation total 3756032K, used 1086955K [0x00000006dac00000, 0x00000007c0000000, 0x00000007c0000000)
 Metaspace       used 42573K, capacity 43892K, committed 44572K, reserved 1087488K
  class space    used 5454K, capacity 5756K, committed 5960K, reserved 1048576K
2020-07-01T08:34:04.580+0200: 400199.223: [GC (Allocation Failure) 2020-07-01T08:34:04.580+0200: 400199.223: [ParNew
Desired survivor size 20971520 bytes, new threshold 1 (max 1)
- age   1:        304 bytes,        304 total
: 327682K->6K(368640K), 0.0241523 secs] 1414637K->1086961K(4124672K), 0.0242651 secs] [Times: user=0.03 sys=0.00, real=0.02 secs] 
Heap after GC invocations=496022 (full 2):
 par new generation   total 368640K, used 6K [0x00000006c1c00000, 0x00000006dac00000, 0x00000006dac00000)
  eden space 327680K,   0% used [0x00000006c1c00000, 0x00000006c1c00000, 0x00000006d5c00000)
  from space 40960K,   0% used [0x00000006d5c00000, 0x00000006d5c01830, 0x00000006d8400000)
  to   space 40960K,   0% used [0x00000006d8400000, 0x00000006d8400000, 0x00000006dac00000)
 concurrent mark-sweep generation total 3756032K, used 1086955K [0x00000006dac00000, 0x00000007c0000000, 0x00000007c0000000)
 Metaspace       used 42573K, capacity 43892K, committed 44572K, reserved 1087488K
  class space    used 5454K, capacity 5756K, committed 5960K, reserved 1048576K
}
2020-07-01T08:34:04.604+0200: 400199.247: Total time for which application threads were stopped: 0.0247626 seconds, Stopping threads took: 0.0000502 seconds
{Heap before GC invocations=496022 (full 2):
 par new generation   total 368640K, used 327686K [0x00000006c1c00000, 0x00000006dac00000, 0x00000006dac00000)
  eden space 327680K, 100% used [0x00000006c1c00000, 0x00000006d5c00000, 0x00000006d5c00000)
  from space 40960K,   0% used [0x00000006d5c00000, 0x00000006d5c01830, 0x00000006d8400000)
  to   space 40960K,   0% used [0x00000006d8400000, 0x00000006d8400000, 0x00000006dac00000)
 concurrent mark-sweep generation total 3756032K, used 1086955K [0x00000006dac00000, 0x00000007c0000000, 0x00000007c0000000)
 Metaspace       used 42573K, capacity 43892K, committed 44572K, reserved 1087488K
  class space    used 5454K, capacity 5756K, committed 5960K, reserved 1048576K
2020-07-01T08:34:04.959+0200: 400199.602: [GC (Allocation Failure) 2020-07-01T08:34:04.959+0200: 400199.602: [ParNew
Desired survivor size 20971520 bytes, new threshold 1 (max 1)
- age   1:        240 bytes,        240 total
: 327686K->4K(368640K), 0.0127736 secs] 1414641K->1086959K(4124672K), 0.0128777 secs] [Times: user=0.03 sys=0.00, real=0.01 secs] 
Heap after GC invocations=496023 (full 2):
 par new generation   total 368640K, used 4K [0x00000006c1c00000, 0x00000006dac00000, 0x00000006dac00000)
  eden space 327680K,   0% used [0x00000006c1c00000, 0x00000006c1c00000, 0x00000006d5c00000)
  from space 40960K,   0% used [0x00000006d8400000, 0x00000006d8401020, 0x00000006dac00000)
  to   space 40960K,   0% used [0x00000006d5c00000, 0x00000006d5c00000, 0x00000006d8400000)
 concurrent mark-sweep generation total 3756032K, used 1086955K [0x00000006dac00000, 0x00000007c0000000, 0x00000007c0000000)
 Metaspace       used 42573K, capacity 43892K, committed 44572K, reserved 1087488K
  class space    used 5454K, capacity 5756K, committed 5960K, reserved 1048576K
}
2020-07-01T08:34:04.972+0200: 400199.615: Total time for which application threads were stopped: 0.0131927 seconds, Stopping threads took: 0.0000905 seconds
{Heap before GC invocations=496023 (full 2):
 par new generation   total 368640K, used 327684K [0x00000006c1c00000, 0x00000006dac00000, 0x00000006dac00000)
  eden space 327680K, 100% used [0x00000006c1c00000, 0x00000006d5c00000, 0x00000006d5c00000)
  from space 40960K,   0% used [0x00000006d8400000, 0x00000006d8401020, 0x00000006dac00000)
  to   space 40960K,   0% used [0x00000006d5c00000, 0x00000006d5c00000, 0x00000006d8400000)
 concurrent mark-sweep generation total 3756032K, used 1086955K [0x00000006dac00000, 0x00000007c0000000, 0x00000007c0000000)
 Metaspace       used 42573K, capacity 43892K, committed 44572K, reserved 1087488K
  class space    used 5454K, capacity 5756K, committed 5960K, reserved 1048576K
2020-07-01T08:34:05.314+0200: 400199.957: [GC (Allocation Failure) 2020-07-01T08:34:05.314+0200: 400199.957: [ParNew
Desired survivor size 20971520 bytes, new threshold 1 (max 1)
- age   1:        272 bytes,        272 total
: 327684K->4K(368640K), 0.0202641 secs] 1414639K->1086959K(4124672K), 0.0204172 secs] [Times: user=0.04 sys=0.00, real=0.02 secs] 
Heap after GC invocations=496024 (full 2):
 par new generation   total 368640K, used 4K [0x00000006c1c00000, 0x00000006dac00000, 0x00000006dac00000)
  eden space 327680K,   0% used [0x00000006c1c00000, 0x00000006c1c00000, 0x00000006d5c00000)
  from space 40960K,   0% used [0x00000006d5c00000, 0x00000006d5c01020, 0x00000006d8400000)
  to   space 40960K,   0% used [0x00000006d8400000, 0x00000006d8400000, 0x00000006dac00000)
 concurrent mark-sweep generation total 3756032K, used 1086955K [0x00000006dac00000, 0x00000007c0000000, 0x00000007c0000000)
 Metaspace       used 42573K, capacity 43892K, committed 44572K, reserved 1087488K
  class space    used 5454K, capacity 5756K, committed 5960K, reserved 1048576K
}
2020-07-01T08:34:05.334+0200: 400199.977: Total time for which application threads were stopped: 0.0207975 seconds, Stopping threads took: 0.0000511 seconds
{Heap before GC invocations=496024 (full 2):
 par new generation   total 368640K, used 327684K [0x00000006c1c00000, 0x00000006dac00000, 0x00000006dac00000)
  eden space 327680K, 100% used [0x00000006c1c00000, 0x00000006d5c00000, 0x00000006d5c00000)
  from space 40960K,   0% used [0x00000006d5c00000, 0x00000006d5c01020, 0x00000006d8400000)
  to   space 40960K,   0% used [0x00000006d8400000, 0x00000006d8400000, 0x00000006dac00000)
 concurrent mark-sweep generation total 3756032K, used 1086955K [0x00000006dac00000, 0x00000007c0000000, 0x00000007c0000000)
 Metaspace       used 42573K, capacity 43892K, committed 44572K, reserved 1087488K
  class space    used 5454K, capacity 5756K, committed 5960K, reserved 1048576K
2020-07-01T08:34:05.640+0200: 400200.283: [GC (Allocation Failure) 2020-07-01T08:34:05.640+0200: 400200.283: [ParNew
Desired survivor size 20971520 bytes, new threshold 1 (max 1)
- age   1:        304 bytes,        304 total
: 327684K->6K(368640K), 0.0071235 secs] 1414639K->1086961K(4124672K), 0.0072489 secs] [Times: user=0.00 sys=0.00, real=0.00 secs] 
Heap after GC invocations=496025 (full 2):
 par new generation   total 368640K, used 6K [0x00000006c1c00000, 0x00000006dac00000, 0x00000006dac00000)
  eden space 327680K,   0% used [0x00000006c1c00000, 0x00000006c1c00000, 0x00000006d5c00000)
  from space 40960K,   0% used [0x00000006d8400000, 0x00000006d8401830, 0x00000006dac00000)
  to   space 40960K,   0% used [0x00000006d5c00000, 0x00000006d5c00000, 0x00000006d8400000)
 concurrent mark-sweep generation total 3756032K, used 1086955K [0x00000006dac00000, 0x00000007c0000000, 0x00000007c0000000)
 Metaspace       used 42573K, capacity 43892K, committed 44572K, reserved 1087488K
  class space    used 5454K, capacity 5756K, committed 5960K, reserved 1048576K
}
2020-07-01T08:34:05.648+0200: 400200.291: Total time for which application threads were stopped: 0.0084520 seconds, Stopping threads took: 0.0009604 seconds
{Heap before GC invocations=496025 (full 2):
 par new generation   total 368640K, used 327686K [0x00000006c1c00000, 0x00000006dac00000, 0x00000006dac00000)
  eden space 327680K, 100% used [0x00000006c1c00000, 0x00000006d5c00000, 0x00000006d5c00000)
  from space 40960K,   0% used [0x00000006d8400000, 0x00000006d8401830, 0x00000006dac00000)
  to   space 40960K,   0% used [0x00000006d5c00000, 0x00000006d5c00000, 0x00000006d8400000)
 concurrent mark-sweep generation total 3756032K, used 1086955K [0x00000006dac00000, 0x00000007c0000000, 0x00000007c0000000)
 Metaspace       used 42573K, capacity 43892K, committed 44572K, reserved 1087488K
  class space    used 5454K, capacity 5756K, committed 5960K, reserved 1048576K
2020-07-01T08:34:05.962+0200: 400200.605: [GC (Allocation Failure) 2020-07-01T08:34:05.962+0200: 400200.605: [ParNew
Desired survivor size 20971520 bytes, new threshold 1 (max 1)
- age   1:        240 bytes,        240 total
: 327686K->2K(368640K), 0.0145296 secs] 1414641K->1086957K(4124672K), 0.0147080 secs] [Times: user=0.01 sys=0.00, real=0.01 secs] 
Heap after GC invocations=496026 (full 2):
 par new generation   total 368640K, used 2K [0x00000006c1c00000, 0x00000006dac00000, 0x00000006dac00000)
  eden space 327680K,   0% used [0x00000006c1c00000, 0x00000006c1c00000, 0x00000006d5c00000)
  from space 40960K,   0% used [0x00000006d5c00000, 0x00000006d5c00810, 0x00000006d8400000)
  to   space 40960K,   0% used [0x00000006d8400000, 0x00000006d8400000, 0x00000006dac00000)
 concurrent mark-sweep generation total 3756032K, used 1086955K [0x00000006dac00000, 0x00000007c0000000, 0x00000007c0000000)
 Metaspace       used 42573K, capacity 43892K, committed 44572K, reserved 1087488K
  class space    used 5454K, capacity 5756K, committed 5960K, reserved 1048576K
}
2020-07-01T08:34:05.977+0200: 400200.619: Total time for which application threads were stopped: 0.0150238 seconds, Stopping threads took: 0.0000557 seconds
{Heap before GC invocations=496026 (full 2):
 par new generation   total 368640K, used 327682K [0x00000006c1c00000, 0x00000006dac00000, 0x00000006dac00000)
  eden space 327680K, 100% used [0x00000006c1c00000, 0x00000006d5c00000, 0x00000006d5c00000)
  from space 40960K,   0% used [0x00000006d5c00000, 0x00000006d5c00810, 0x00000006d8400000)
  to   space 40960K,   0% used [0x00000006d8400000, 0x00000006d8400000, 0x00000006dac00000)
 concurrent mark-sweep generation total 3756032K, used 1086955K [0x00000006dac00000, 0x00000007c0000000, 0x00000007c0000000)
 Metaspace       used 42573K, capacity 43892K, committed 44572K, reserved 1087488K
  class space    used 5454K, capacity 5756K, committed 5960K, reserved 1048576K
2020-07-01T08:34:06.294+0200: 400200.937: [GC (Allocation Failure) 2020-07-01T08:34:06.294+0200: 400200.937: [ParNew
Desired survivor size 20971520 bytes, new threshold 1 (max 1)
- age   1:        272 bytes,        272 total
: 327682K->4K(368640K), 0.0135144 secs] 1414637K->1086959K(4124672K), 0.0136513 secs] [Times: user=0.00 sys=0.00, real=0.02 secs] 
Heap after GC invocations=496027 (full 2):
 par new generation   total 368640K, used 4K [0x00000006c1c00000, 0x00000006dac00000, 0x00000006dac00000)
  eden space 327680K,   0% used [0x00000006c1c00000, 0x00000006c1c00000, 0x00000006d5c00000)
  from space 40960K,   0% used [0x00000006d8400000, 0x00000006d8401020, 0x00000006dac00000)
  to   space 40960K,   0% used [0x00000006d5c00000, 0x00000006d5c00000, 0x00000006d8400000)
 concurrent mark-sweep generation total 3756032K, used 1086955K [0x00000006dac00000, 0x00000007c0000000, 0x00000007c0000000)
 Metaspace       used 42573K, capacity 43892K, committed 44572K, reserved 1087488K
  class space    used 5454K, capacity 5756K, committed 5960K, reserved 1048576K
}
2020-07-01T08:34:06.308+0200: 400200.951: Total time for which application threads were stopped: 0.0139674 seconds, Stopping threads took: 0.0000715 seconds
{Heap before GC invocations=496027 (full 2):
 par new generation   total 368640K, used 327684K [0x00000006c1c00000, 0x00000006dac00000, 0x00000006dac00000)
  eden space 327680K, 100% used [0x00000006c1c00000, 0x00000006d5c00000, 0x00000006d5c00000)
  from space 40960K,   0% used [0x00000006d8400000, 0x00000006d8401020, 0x00000006dac00000)
  to   space 40960K,   0% used [0x00000006d5c00000, 0x00000006d5c00000, 0x00000006d8400000)
 concurrent mark-sweep generation total 3756032K, used 1086955K [0x00000006dac00000, 0x00000007c0000000, 0x00000007c0000000)
 Metaspace       used 42573K, capacity 43892K, committed 44572K, reserved 1087488K
  class space    used 5454K, capacity 5756K, committed 5960K, reserved 1048576K
2020-07-01T08:34:06.602+0200: 400201.245: [GC (Allocation Failure) 2020-07-01T08:34:06.602+0200: 400201.245: [ParNew
Desired survivor size 20971520 bytes, new threshold 1 (max 1)
- age   1:        272 bytes,        272 total
: 327684K->4K(368640K), 0.0109632 secs] 1414639K->1086959K(4124672K), 0.0110771 secs] [Times: user=0.02 sys=0.00, real=0.01 secs] 
Heap after GC invocations=496028 (full 2):
 par new generation   total 368640K, used 4K [0x00000006c1c00000, 0x00000006dac00000, 0x00000006dac00000)
  eden space 327680K,   0% used [0x00000006c1c00000, 0x00000006c1c00000, 0x00000006d5c00000)
  from space 40960K,   0% used [0x00000006d5c00000, 0x00000006d5c01020, 0x00000006d8400000)
  to   space 40960K,   0% used [0x00000006d8400000, 0x00000006d8400000, 0x00000006dac00000)
 concurrent mark-sweep generation total 3756032K, used 1086955K [0x00000006dac00000, 0x00000007c0000000, 0x00000007c0000000)
 Metaspace       used 42573K, capacity 43892K, committed 44572K, reserved 1087488K
  class space    used 5454K, capacity 5756K, committed 5960K, reserved 1048576K
}
2020-07-01T08:34:06.613+0200: 400201.256: Total time for which application threads were stopped: 0.0115816 seconds, Stopping threads took: 0.0002467 seconds
{Heap before GC invocations=496028 (full 2):
 par new generation   total 368640K, used 327684K [0x00000006c1c00000, 0x00000006dac00000, 0x00000006dac00000)
  eden space 327680K, 100% used [0x00000006c1c00000, 0x00000006d5c00000, 0x00000006d5c00000)
  from space 40960K,   0% used [0x00000006d5c00000, 0x00000006d5c01020, 0x00000006d8400000)
  to   space 40960K,   0% used [0x00000006d8400000, 0x00000006d8400000, 0x00000006dac00000)
 concurrent mark-sweep generation total 3756032K, used 1086955K [0x00000006dac00000, 0x00000007c0000000, 0x00000007c0000000)
 Metaspace       used 42573K, capacity 43892K, committed 44572K, reserved 1087488K
  class space    used 5454K, capacity 5756K, committed 5960K, reserved 1048576K
2020-07-01T08:34:06.919+0200: 400201.562: [GC (Allocation Failure) 2020-07-01T08:34:06.919+0200: 400201.562: [ParNew
Desired survivor size 20971520 bytes, new threshold 1 (max 1)
- age   1:        240 bytes,        240 total
: 327684K->6K(368640K), 0.0121110 secs] 1414639K->1086961K(4124672K), 0.0122275 secs] [Times: user=0.00 sys=0.00, real=0.01 secs] 
Heap after GC invocations=496029 (full 2):
 par new generation   total 368640K, used 6K [0x00000006c1c00000, 0x00000006dac00000, 0x00000006dac00000)
  eden space 327680K,   0% used [0x00000006c1c00000, 0x00000006c1c00000, 0x00000006d5c00000)
  from space 40960K,   0% used [0x00000006d8400000, 0x00000006d8401830, 0x00000006dac00000)
  to   space 40960K,   0% used [0x00000006d5c00000, 0x00000006d5c00000, 0x00000006d8400000)
 concurrent mark-sweep generation total 3756032K, used 1086955K [0x00000006dac00000, 0x00000007c0000000, 0x00000007c0000000)
 Metaspace       used 42573K, capacity 43892K, committed 44572K, reserved 1087488K
  class space    used 5454K, capacity 5756K, committed 5960K, reserved 1048576K
}
2020-07-01T08:34:06.931+0200: 400201.574: Total time for which application threads were stopped: 0.0128440 seconds, Stopping threads took: 0.0001301 seconds
{Heap before GC invocations=496029 (full 2):
 par new generation   total 368640K, used 327686K [0x00000006c1c00000, 0x00000006dac00000, 0x00000006dac00000)
  eden space 327680K, 100% used [0x00000006c1c00000, 0x00000006d5c00000, 0x00000006d5c00000)
  from space 40960K,   0% used [0x00000006d8400000, 0x00000006d8401830, 0x00000006dac00000)
  to   space 40960K,   0% used [0x00000006d5c00000, 0x00000006d5c00000, 0x00000006d8400000)
 concurrent mark-sweep generation total 3756032K, used 1086955K [0x00000006dac00000, 0x00000007c0000000, 0x00000007c0000000)
 Metaspace       used 42573K, capacity 43892K, committed 44572K, reserved 1087488K
  class space    used 5454K, capacity 5756K, committed 5960K, reserved 1048576K
2020-07-01T08:34:07.210+0200: 400201.853: [GC (Allocation Failure) 2020-07-01T08:34:07.210+0200: 400201.853: [ParNew
Desired survivor size 20971520 bytes, new threshold 1 (max 1)
- age   1:        272 bytes,        272 total
: 327686K->6K(368640K), 0.0050082 secs] 1414641K->1086961K(4124672K), 0.0051396 secs] [Times: user=0.07 sys=0.00, real=0.00 secs] 
Heap after GC invocations=496030 (full 2):
 par new generation   total 368640K, used 6K [0x00000006c1c00000, 0x00000006dac00000, 0x00000006dac00000)
  eden space 327680K,   0% used [0x00000006c1c00000, 0x00000006c1c00000, 0x00000006d5c00000)
  from space 40960K,   0% used [0x00000006d5c00000, 0x00000006d5c01830, 0x00000006d8400000)
  to   space 40960K,   0% used [0x00000006d8400000, 0x00000006d8400000, 0x00000006dac00000)
 concurrent mark-sweep generation total 3756032K, used 1086955K [0x00000006dac00000, 0x00000007c0000000, 0x00000007c0000000)
 Metaspace       used 42573K, capacity 43892K, committed 44572K, reserved 1087488K
  class space    used 5454K, capacity 5756K, committed 5960K, reserved 1048576K
}
2020-07-01T08:34:07.215+0200: 400201.858: Total time for which application threads were stopped: 0.0054069 seconds, Stopping threads took: 0.0000453 seconds
{Heap before GC invocations=496030 (full 2):
 par new generation   total 368640K, used 327686K [0x00000006c1c00000, 0x00000006dac00000, 0x00000006dac00000)
  eden space 327680K, 100% used [0x00000006c1c00000, 0x00000006d5c00000, 0x00000006d5c00000)
  from space 40960K,   0% used [0x00000006d5c00000, 0x00000006d5c01830, 0x00000006d8400000)
  to   space 40960K,   0% used [0x00000006d8400000, 0x00000006d8400000, 0x00000006dac00000)
 concurrent mark-sweep generation total 3756032K, used 1086955K [0x00000006dac00000, 0x00000007c0000000, 0x00000007c0000000)
 Metaspace       used 42573K, capacity 43892K, committed 44572K, reserved 1087488K
  class space    used 5454K, capacity 5756K, committed 5960K, reserved 1048576K
2020-07-01T08:34:07.490+0200: 400202.133: [GC (Allocation Failure) 2020-07-01T08:34:07.490+0200: 400202.133: [ParNew
Desired survivor size 20971520 bytes, new threshold 1 (max 1)
- age   1:        304 bytes,        304 total
: 327686K->8K(368640K), 0.0100232 secs] 1414641K->1086964K(4124672K), 0.0102154 secs] [Times: user=0.06 sys=0.00, real=0.01 secs] 
Heap after GC invocations=496031 (full 2):
 par new generation   total 368640K, used 8K [0x00000006c1c00000, 0x00000006dac00000, 0x00000006dac00000)
  eden space 327680K,   0% used [0x00000006c1c00000, 0x00000006c1c00000, 0x00000006d5c00000)
  from space 40960K,   0% used [0x00000006d8400000, 0x00000006d8402040, 0x00000006dac00000)
  to   space 40960K,   0% used [0x00000006d5c00000, 0x00000006d5c00000, 0x00000006d8400000)
 concurrent mark-sweep generation total 3756032K, used 1086955K [0x00000006dac00000, 0x00000007c0000000, 0x00000007c0000000)
 Metaspace       used 42573K, capacity 43892K, committed 44572K, reserved 1087488K
  class space    used 5454K, capacity 5756K, committed 5960K, reserved 1048576K
}
2020-07-01T08:34:07.500+0200: 400202.143: Total time for which application threads were stopped: 0.0104964 seconds, Stopping threads took: 0.0000461 seconds
{Heap before GC invocations=496031 (full 2):
 par new generation   total 368640K, used 327688K [0x00000006c1c00000, 0x00000006dac00000, 0x00000006dac00000)
  eden space 327680K, 100% used [0x00000006c1c00000, 0x00000006d5c00000, 0x00000006d5c00000)
  from space 40960K,   0% used [0x00000006d8400000, 0x00000006d8402040, 0x00000006dac00000)
  to   space 40960K,   0% used [0x00000006d5c00000, 0x00000006d5c00000, 0x00000006d8400000)
 concurrent mark-sweep generation total 3756032K, used 1086955K [0x00000006dac00000, 0x00000007c0000000, 0x00000007c0000000)
 Metaspace       used 42573K, capacity 43892K, committed 44572K, reserved 1087488K
  class space    used 5454K, capacity 5756K, committed 5960K, reserved 1048576K
2020-07-01T08:34:07.778+0200: 400202.421: [GC (Allocation Failure) 2020-07-01T08:34:07.778+0200: 400202.421: [ParNew
Desired survivor size 20971520 bytes, new threshold 1 (max 1)
- age   1:        272 bytes,        272 total
: 327688K->6K(368640K), 0.0053848 secs] 1414644K->1086962K(4124672K), 0.0056177 secs] [Times: user=0.00 sys=0.00, real=0.00 secs] 
Heap after GC invocations=496032 (full 2):
 par new generation   total 368640K, used 6K [0x00000006c1c00000, 0x00000006dac00000, 0x00000006dac00000)
  eden space 327680K,   0% used [0x00000006c1c00000, 0x00000006c1c00000, 0x00000006d5c00000)
  from space 40960K,   0% used [0x00000006d5c00000, 0x00000006d5c01830, 0x00000006d8400000)
  to   space 40960K,   0% used [0x00000006d8400000, 0x00000006d8400000, 0x00000006dac00000)
 concurrent mark-sweep generation total 3756032K, used 1086956K [0x00000006dac00000, 0x00000007c0000000, 0x00000007c0000000)
 Metaspace       used 42573K, capacity 43892K, committed 44572K, reserved 1087488K
  class space    used 5454K, capacity 5756K, committed 5960K, reserved 1048576K
}
2020-07-01T08:34:07.784+0200: 400202.427: Total time for which application threads were stopped: 0.0075570 seconds, Stopping threads took: 0.0016957 seconds
{Heap before GC invocations=496032 (full 2):
 par new generation   total 368640K, used 327686K [0x00000006c1c00000, 0x00000006dac00000, 0x00000006dac00000)
  eden space 327680K, 100% used [0x00000006c1c00000, 0x00000006d5c00000, 0x00000006d5c00000)
  from space 40960K,   0% used [0x00000006d5c00000, 0x00000006d5c01830, 0x00000006d8400000)
  to   space 40960K,   0% used [0x00000006d8400000, 0x00000006d8400000, 0x00000006dac00000)
 concurrent mark-sweep generation total 3756032K, used 1086956K [0x00000006dac00000, 0x00000007c0000000, 0x00000007c0000000)
 Metaspace       used 42573K, capacity 43892K, committed 44572K, reserved 1087488K
  class space    used 5454K, capacity 5756K, committed 5960K, reserved 1048576K
2020-07-01T08:34:08.063+0200: 400202.706: [GC (Allocation Failure) 2020-07-01T08:34:08.063+0200: 400202.706: [ParNew
Desired survivor size 20971520 bytes, new threshold 1 (max 1)
- age   1:        504 bytes,        504 total
: 327686K->6K(368640K), 0.0075463 secs] 1414642K->1086962K(4124672K), 0.0077369 secs] [Times: user=0.00 sys=0.00, real=0.01 secs] 
Heap after GC invocations=496033 (full 2):
 par new generation   total 368640K, used 6K [0x00000006c1c00000, 0x00000006dac00000, 0x00000006dac00000)
  eden space 327680K,   0% used [0x00000006c1c00000, 0x00000006c1c00000, 0x00000006d5c00000)
  from space 40960K,   0% used [0x00000006d8400000, 0x00000006d8401830, 0x00000006dac00000)
  to   space 40960K,   0% used [0x00000006d5c00000, 0x00000006d5c00000, 0x00000006d8400000)
 concurrent mark-sweep generation total 3756032K, used 1086956K [0x00000006dac00000, 0x00000007c0000000, 0x00000007c0000000)
 Metaspace       used 42573K, capacity 43892K, committed 44572K, reserved 1087488K
  class space    used 5454K, capacity 5756K, committed 5960K, reserved 1048576K
}
2020-07-01T08:34:08.071+0200: 400202.714: Total time for which application threads were stopped: 0.0081186 seconds, Stopping threads took: 0.0001336 seconds
{Heap before GC invocations=496033 (full 2):
 par new generation   total 368640K, used 327686K [0x00000006c1c00000, 0x00000006dac00000, 0x00000006dac00000)
  eden space 327680K, 100% used [0x00000006c1c00000, 0x00000006d5c00000, 0x00000006d5c00000)
  from space 40960K,   0% used [0x00000006d8400000, 0x00000006d8401830, 0x00000006dac00000)
  to   space 40960K,   0% used [0x00000006d5c00000, 0x00000006d5c00000, 0x00000006d8400000)
 concurrent mark-sweep generation total 3756032K, used 1086956K [0x00000006dac00000, 0x00000007c0000000, 0x00000007c0000000)
 Metaspace       used 42573K, capacity 43892K, committed 44572K, reserved 1087488K
  class space    used 5454K, capacity 5756K, committed 5960K, reserved 1048576K
2020-07-01T08:34:08.349+0200: 400202.992: [GC (Allocation Failure) 2020-07-01T08:34:08.349+0200: 400202.992: [ParNew
Desired survivor size 20971520 bytes, new threshold 1 (max 1)
- age   1:        304 bytes,        304 total
: 327686K->4K(368640K), 0.0084264 secs] 1414642K->1086960K(4124672K), 0.0085464 secs] [Times: user=0.05 sys=0.00, real=0.00 secs] 
Heap after GC invocations=496034 (full 2):
 par new generation   total 368640K, used 4K [0x00000006c1c00000, 0x00000006dac00000, 0x00000006dac00000)
  eden space 327680K,   0% used [0x00000006c1c00000, 0x00000006c1c00000, 0x00000006d5c00000)
  from space 40960K,   0% used [0x00000006d5c00000, 0x00000006d5c01020, 0x00000006d8400000)
  to   space 40960K,   0% used [0x00000006d8400000, 0x00000006d8400000, 0x00000006dac00000)
 concurrent mark-sweep generation total 3756032K, used 1086956K [0x00000006dac00000, 0x00000007c0000000, 0x00000007c0000000)
 Metaspace       used 42573K, capacity 43892K, committed 44572K, reserved 1087488K
  class space    used 5454K, capacity 5756K, committed 5960K, reserved 1048576K
}
2020-07-01T08:34:08.358+0200: 400203.000: Total time for which application threads were stopped: 0.0088877 seconds, Stopping threads took: 0.0000952 seconds
{Heap before GC invocations=496034 (full 2):
 par new generation   total 368640K, used 327684K [0x00000006c1c00000, 0x00000006dac00000, 0x00000006dac00000)
  eden space 327680K, 100% used [0x00000006c1c00000, 0x00000006d5c00000, 0x00000006d5c00000)
  from space 40960K,   0% used [0x00000006d5c00000, 0x00000006d5c01020, 0x00000006d8400000)
  to   space 40960K,   0% used [0x00000006d8400000, 0x00000006d8400000, 0x00000006dac00000)
 concurrent mark-sweep generation total 3756032K, used 1086956K [0x00000006dac00000, 0x00000007c0000000, 0x00000007c0000000)
 Metaspace       used 42573K, capacity 43892K, committed 44572K, reserved 1087488K
  class space    used 5454K, capacity 5756K, committed 5960K, reserved 1048576K
2020-07-01T08:34:08.660+0200: 400203.303: [GC (Allocation Failure) 2020-07-01T08:34:08.661+0200: 400203.303: [ParNew
Desired survivor size 20971520 bytes, new threshold 1 (max 1)
- age   1:        272 bytes,        272 total
: 327684K->6K(368640K), 0.0066373 secs] 1414640K->1086962K(4124672K), 0.0067586 secs] [Times: user=0.03 sys=0.00, real=0.00 secs] 
Heap after GC invocations=496035 (full 2):
 par new generation   total 368640K, used 6K [0x00000006c1c00000, 0x00000006dac00000, 0x00000006dac00000)
  eden space 327680K,   0% used [0x00000006c1c00000, 0x00000006c1c00000, 0x00000006d5c00000)
  from space 40960K,   0% used [0x00000006d8400000, 0x00000006d8401830, 0x00000006dac00000)
  to   space 40960K,   0% used [0x00000006d5c00000, 0x00000006d5c00000, 0x00000006d8400000)
 concurrent mark-sweep generation total 3756032K, used 1086956K [0x00000006dac00000, 0x00000007c0000000, 0x00000007c0000000)
 Metaspace       used 42573K, capacity 43892K, committed 44572K, reserved 1087488K
  class space    used 5454K, capacity 5756K, committed 5960K, reserved 1048576K
}
2020-07-01T08:34:08.667+0200: 400203.310: Total time for which application threads were stopped: 0.0071125 seconds, Stopping threads took: 0.0001084 seconds
{Heap before GC invocations=496035 (full 2):
 par new generation   total 368640K, used 327686K [0x00000006c1c00000, 0x00000006dac00000, 0x00000006dac00000)
  eden space 327680K, 100% used [0x00000006c1c00000, 0x00000006d5c00000, 0x00000006d5c00000)
  from space 40960K,   0% used [0x00000006d8400000, 0x00000006d8401830, 0x00000006dac00000)
  to   space 40960K,   0% used [0x00000006d5c00000, 0x00000006d5c00000, 0x00000006d8400000)
 concurrent mark-sweep generation total 3756032K, used 1086956K [0x00000006dac00000, 0x00000007c0000000, 0x00000007c0000000)
 Metaspace       used 42573K, capacity 43892K, committed 44572K, reserved 1087488K
  class space    used 5454K, capacity 5756K, committed 5960K, reserved 1048576K
2020-07-01T08:34:08.946+0200: 400203.589: [GC (Allocation Failure) 2020-07-01T08:34:08.946+0200: 400203.589: [ParNew
Desired survivor size 20971520 bytes, new threshold 1 (max 1)
- age   1:        240 bytes,        240 total
: 327686K->6K(368640K), 0.0101651 secs] 1414642K->1086962K(4124672K), 0.0102848 secs] [Times: user=0.00 sys=0.00, real=0.01 secs] 
Heap after GC invocations=496036 (full 2):
 par new generation   total 368640K, used 6K [0x00000006c1c00000, 0x00000006dac00000, 0x00000006dac00000)
  eden space 327680K,   0% used [0x00000006c1c00000, 0x00000006c1c00000, 0x00000006d5c00000)
  from space 40960K,   0% used [0x00000006d5c00000, 0x00000006d5c01830, 0x00000006d8400000)
  to   space 40960K,   0% used [0x00000006d8400000, 0x00000006d8400000, 0x00000006dac00000)
 concurrent mark-sweep generation total 3756032K, used 1086956K [0x00000006dac00000, 0x00000007c0000000, 0x00000007c0000000)
 Metaspace       used 42573K, capacity 43892K, committed 44572K, reserved 1087488K
  class space    used 5454K, capacity 5756K, committed 5960K, reserved 1048576K
}
2020-07-01T08:34:08.957+0200: 400203.599: Total time for which application threads were stopped: 0.0105832 seconds, Stopping threads took: 0.0000499 seconds
{Heap before GC invocations=496036 (full 2):
 par new generation   total 368640K, used 327686K [0x00000006c1c00000, 0x00000006dac00000, 0x00000006dac00000)
  eden space 327680K, 100% used [0x00000006c1c00000, 0x00000006d5c00000, 0x00000006d5c00000)
  from space 40960K,   0% used [0x00000006d5c00000, 0x00000006d5c01830, 0x00000006d8400000)
  to   space 40960K,   0% used [0x00000006d8400000, 0x00000006d8400000, 0x00000006dac00000)
 concurrent mark-sweep generation total 3756032K, used 1086956K [0x00000006dac00000, 0x00000007c0000000, 0x00000007c0000000)
 Metaspace       used 42573K, capacity 43892K, committed 44572K, reserved 1087488K
  class space    used 5454K, capacity 5756K, committed 5960K, reserved 1048576K
2020-07-01T08:34:09.241+0200: 400203.884: [GC (Allocation Failure) 2020-07-01T08:34:09.241+0200: 400203.884: [ParNew
Desired survivor size 20971520 bytes, new threshold 1 (max 1)
- age   1:        272 bytes,        272 total
: 327686K->4K(368640K), 0.0077274 secs] 1414642K->1086960K(4124672K), 0.0078433 secs] [Times: user=0.06 sys=0.00, real=0.01 secs] 
Heap after GC invocations=496037 (full 2):
 par new generation   total 368640K, used 4K [0x00000006c1c00000, 0x00000006dac00000, 0x00000006dac00000)
  eden space 327680K,   0% used [0x00000006c1c00000, 0x00000006c1c00000, 0x00000006d5c00000)
  from space 40960K,   0% used [0x00000006d8400000, 0x00000006d8401020, 0x00000006dac00000)
  to   space 40960K,   0% used [0x00000006d5c00000, 0x00000006d5c00000, 0x00000006d8400000)
 concurrent mark-sweep generation total 3756032K, used 1086956K [0x00000006dac00000, 0x00000007c0000000, 0x00000007c0000000)
 Metaspace       used 42573K, capacity 43892K, committed 44572K, reserved 1087488K
  class space    used 5454K, capacity 5756K, committed 5960K, reserved 1048576K
}
2020-07-01T08:34:09.249+0200: 400203.892: Total time for which application threads were stopped: 0.0081276 seconds, Stopping threads took: 0.0000496 seconds
{Heap before GC invocations=496037 (full 2):
 par new generation   total 368640K, used 327684K [0x00000006c1c00000, 0x00000006dac00000, 0x00000006dac00000)
  eden space 327680K, 100% used [0x00000006c1c00000, 0x00000006d5c00000, 0x00000006d5c00000)
  from space 40960K,   0% used [0x00000006d8400000, 0x00000006d8401020, 0x00000006dac00000)
  to   space 40960K,   0% used [0x00000006d5c00000, 0x00000006d5c00000, 0x00000006d8400000)
 concurrent mark-sweep generation total 3756032K, used 1086956K [0x00000006dac00000, 0x00000007c0000000, 0x00000007c0000000)
 Metaspace       used 42573K, capacity 43892K, committed 44572K, reserved 1087488K
  class space    used 5454K, capacity 5756K, committed 5960K, reserved 1048576K
2020-07-01T08:34:09.524+0200: 400204.167: [GC (Allocation Failure) 2020-07-01T08:34:09.524+0200: 400204.167: [ParNew
Desired survivor size 20971520 bytes, new threshold 1 (max 1)
- age   1:        272 bytes,        272 total
: 327684K->8K(368640K), 0.0087388 secs] 1414640K->1086964K(4124672K), 0.0088709 secs] [Times: user=0.00 sys=0.00, real=0.01 secs] 
Heap after GC invocations=496038 (full 2):
 par new generation   total 368640K, used 8K [0x00000006c1c00000, 0x00000006dac00000, 0x00000006dac00000)
  eden space 327680K,   0% used [0x00000006c1c00000, 0x00000006c1c00000, 0x00000006d5c00000)
  from space 40960K,   0% used [0x00000006d5c00000, 0x00000006d5c02040, 0x00000006d8400000)
  to   space 40960K,   0% used [0x00000006d8400000, 0x00000006d8400000, 0x00000006dac00000)
 concurrent mark-sweep generation total 3756032K, used 1086956K [0x00000006dac00000, 0x00000007c0000000, 0x00000007c0000000)
 Metaspace       used 42573K, capacity 43892K, committed 44572K, reserved 1087488K
  class space    used 5454K, capacity 5756K, committed 5960K, reserved 1048576K
}
2020-07-01T08:34:09.533+0200: 400204.176: Total time for which application threads were stopped: 0.0091579 seconds, Stopping threads took: 0.0000504 seconds
{Heap before GC invocations=496038 (full 2):
 par new generation   total 368640K, used 327688K [0x00000006c1c00000, 0x00000006dac00000, 0x00000006dac00000)
  eden space 327680K, 100% used [0x00000006c1c00000, 0x00000006d5c00000, 0x00000006d5c00000)
  from space 40960K,   0% used [0x00000006d5c00000, 0x00000006d5c02040, 0x00000006d8400000)
  to   space 40960K,   0% used [0x00000006d8400000, 0x00000006d8400000, 0x00000006dac00000)
 concurrent mark-sweep generation total 3756032K, used 1086956K [0x00000006dac00000, 0x00000007c0000000, 0x00000007c0000000)
 Metaspace       used 42573K, capacity 43892K, committed 44572K, reserved 1087488K
  class space    used 5454K, capacity 5756K, committed 5960K, reserved 1048576K
2020-07-01T08:34:09.811+0200: 400204.454: [GC (Allocation Failure) 2020-07-01T08:34:09.812+0200: 400204.454: [ParNew
Desired survivor size 20971520 bytes, new threshold 1 (max 1)
- age   1:        728 bytes,        728 total
: 327688K->8K(368640K), 0.0066763 secs] 1414644K->1086964K(4124672K), 0.0067985 secs] [Times: user=0.00 sys=0.00, real=0.01 secs] 
Heap after GC invocations=496039 (full 2):
 par new generation   total 368640K, used 8K [0x00000006c1c00000, 0x00000006dac00000, 0x00000006dac00000)
  eden space 327680K,   0% used [0x00000006c1c00000, 0x00000006c1c00000, 0x00000006d5c00000)
  from space 40960K,   0% used [0x00000006d8400000, 0x00000006d8402040, 0x00000006dac00000)
  to   space 40960K,   0% used [0x00000006d5c00000, 0x00000006d5c00000, 0x00000006d8400000)
 concurrent mark-sweep generation total 3756032K, used 1086956K [0x00000006dac00000, 0x00000007c0000000, 0x00000007c0000000)
 Metaspace       used 42573K, capacity 43892K, committed 44572K, reserved 1087488K
  class space    used 5454K, capacity 5756K, committed 5960K, reserved 1048576K
}
2020-07-01T08:34:09.818+0200: 400204.461: Total time for which application threads were stopped: 0.0071736 seconds, Stopping threads took: 0.0001319 seconds
{Heap before GC invocations=496039 (full 2):
 par new generation   total 368640K, used 327688K [0x00000006c1c00000, 0x00000006dac00000, 0x00000006dac00000)
  eden space 327680K, 100% used [0x00000006c1c00000, 0x00000006d5c00000, 0x00000006d5c00000)
  from space 40960K,   0% used [0x00000006d8400000, 0x00000006d8402040, 0x00000006dac00000)
  to   space 40960K,   0% used [0x00000006d5c00000, 0x00000006d5c00000, 0x00000006d8400000)
 concurrent mark-sweep generation total 3756032K, used 1086956K [0x00000006dac00000, 0x00000007c0000000, 0x00000007c0000000)
 Metaspace       used 42573K, capacity 43892K, committed 44572K, reserved 1087488K
  class space    used 5454K, capacity 5756K, committed 5960K, reserved 1048576K
2020-07-01T08:34:10.104+0200: 400204.747: [GC (Allocation Failure) 2020-07-01T08:34:10.104+0200: 400204.747: [ParNew
Desired survivor size 20971520 bytes, new threshold 1 (max 1)
- age   1:        240 bytes,        240 total
: 327688K->6K(368640K), 0.0070895 secs] 1414644K->1086962K(4124672K), 0.0072389 secs] [Times: user=0.00 sys=0.00, real=0.01 secs] 
Heap after GC invocations=496040 (full 2):
 par new generation   total 368640K, used 6K [0x00000006c1c00000, 0x00000006dac00000, 0x00000006dac00000)
  eden space 327680K,   0% used [0x00000006c1c00000, 0x00000006c1c00000, 0x00000006d5c00000)
  from space 40960K,   0% used [0x00000006d5c00000, 0x00000006d5c01830, 0x00000006d8400000)
  to   space 40960K,   0% used [0x00000006d8400000, 0x00000006d8400000, 0x00000006dac00000)
 concurrent mark-sweep generation total 3756032K, used 1086956K [0x00000006dac00000, 0x00000007c0000000, 0x00000007c0000000)
 Metaspace       used 42573K, capacity 43892K, committed 44572K, reserved 1087488K
  class space    used 5454K, capacity 5756K, committed 5960K, reserved 1048576K
}
2020-07-01T08:34:10.112+0200: 400204.754: Total time for which application threads were stopped: 0.0075304 seconds, Stopping threads took: 0.0000528 seconds
{Heap before GC invocations=496040 (full 2):
 par new generation   total 368640K, used 327686K [0x00000006c1c00000, 0x00000006dac00000, 0x00000006dac00000)
  eden space 327680K, 100% used [0x00000006c1c00000, 0x00000006d5c00000, 0x00000006d5c00000)
  from space 40960K,   0% used [0x00000006d5c00000, 0x00000006d5c01830, 0x00000006d8400000)
  to   space 40960K,   0% used [0x00000006d8400000, 0x00000006d8400000, 0x00000006dac00000)
 concurrent mark-sweep generation total 3756032K, used 1086956K [0x00000006dac00000, 0x00000007c0000000, 0x00000007c0000000)
 Metaspace       used 42573K, capacity 43892K, committed 44572K, reserved 1087488K
  class space    used 5454K, capacity 5756K, committed 5960K, reserved 1048576K
2020-07-01T08:34:10.405+0200: 400205.048: [GC (Allocation Failure) 2020-07-01T08:34:10.405+0200: 400205.048: [ParNew
Desired survivor size 20971520 bytes, new threshold 1 (max 1)
- age   1:        272 bytes,        272 total
: 327686K->4K(368640K), 0.0052504 secs] 1414642K->1086960K(4124672K), 0.0053645 secs] [Times: user=0.00 sys=0.00, real=0.01 secs] 
Heap after GC invocations=496041 (full 2):
 par new generation   total 368640K, used 4K [0x00000006c1c00000, 0x00000006dac00000, 0x00000006dac00000)
  eden space 327680K,   0% used [0x00000006c1c00000, 0x00000006c1c00000, 0x00000006d5c00000)
  from space 40960K,   0% used [0x00000006d8400000, 0x00000006d8401020, 0x00000006dac00000)
  to   space 40960K,   0% used [0x00000006d5c00000, 0x00000006d5c00000, 0x00000006d8400000)
 concurrent mark-sweep generation total 3756032K, used 1086956K [0x00000006dac00000, 0x00000007c0000000, 0x00000007c0000000)
 Metaspace       used 42573K, capacity 43892K, committed 44572K, reserved 1087488K
  class space    used 5454K, capacity 5756K, committed 5960K, reserved 1048576K
}
2020-07-01T08:34:10.411+0200: 400205.053: Total time for which application threads were stopped: 0.0057517 seconds, Stopping threads took: 0.0001278 seconds
{Heap before GC invocations=496041 (full 2):
 par new generation   total 368640K, used 327684K [0x00000006c1c00000, 0x00000006dac00000, 0x00000006dac00000)
  eden space 327680K, 100% used [0x00000006c1c00000, 0x00000006d5c00000, 0x00000006d5c00000)
  from space 40960K,   0% used [0x00000006d8400000, 0x00000006d8401020, 0x00000006dac00000)
  to   space 40960K,   0% used [0x00000006d5c00000, 0x00000006d5c00000, 0x00000006d8400000)
 concurrent mark-sweep generation total 3756032K, used 1086956K [0x00000006dac00000, 0x00000007c0000000, 0x00000007c0000000)
 Metaspace       used 42573K, capacity 43892K, committed 44572K, reserved 1087488K
  class space    used 5454K, capacity 5756K, committed 5960K, reserved 1048576K
2020-07-01T08:34:10.694+0200: 400205.337: [GC (Allocation Failure) 2020-07-01T08:34:10.694+0200: 400205.337: [ParNew
Desired survivor size 20971520 bytes, new threshold 1 (max 1)
- age   1:        304 bytes,        304 total
: 327684K->6K(368640K), 0.0116749 secs] 1414640K->1086962K(4124672K), 0.0117906 secs] [Times: user=0.02 sys=0.00, real=0.01 secs] 
Heap after GC invocations=496042 (full 2):
 par new generation   total 368640K, used 6K [0x00000006c1c00000, 0x00000006dac00000, 0x00000006dac00000)
  eden space 327680K,   0% used [0x00000006c1c00000, 0x00000006c1c00000, 0x00000006d5c00000)
  from space 40960K,   0% used [0x00000006d5c00000, 0x00000006d5c01830, 0x00000006d8400000)
  to   space 40960K,   0% used [0x00000006d8400000, 0x00000006d8400000, 0x00000006dac00000)
 concurrent mark-sweep generation total 3756032K, used 1086956K [0x00000006dac00000, 0x00000007c0000000, 0x00000007c0000000)
 Metaspace       used 42573K, capacity 43892K, committed 44572K, reserved 1087488K
  class space    used 5454K, capacity 5756K, committed 5960K, reserved 1048576K
}
2020-07-01T08:34:10.706+0200: 400205.349: Total time for which application threads were stopped: 0.0135042 seconds, Stopping threads took: 0.0014306 seconds
{Heap before GC invocations=496042 (full 2):
 par new generation   total 368640K, used 327686K [0x00000006c1c00000, 0x00000006dac00000, 0x00000006dac00000)
  eden space 327680K, 100% used [0x00000006c1c00000, 0x00000006d5c00000, 0x00000006d5c00000)
  from space 40960K,   0% used [0x00000006d5c00000, 0x00000006d5c01830, 0x00000006d8400000)
  to   space 40960K,   0% used [0x00000006d8400000, 0x00000006d8400000, 0x00000006dac00000)
 concurrent mark-sweep generation total 3756032K, used 1086956K [0x00000006dac00000, 0x00000007c0000000, 0x00000007c0000000)
 Metaspace       used 42573K, capacity 43892K, committed 44572K, reserved 1087488K
  class space    used 5454K, capacity 5756K, committed 5960K, reserved 1048576K
2020-07-01T08:34:10.992+0200: 400205.635: [GC (Allocation Failure) 2020-07-01T08:34:10.992+0200: 400205.635: [ParNew
Desired survivor size 20971520 bytes, new threshold 1 (max 1)
- age   1:        240 bytes,        240 total
: 327686K->2K(368640K), 0.0108157 secs] 1414642K->1086958K(4124672K), 0.0109214 secs] [Times: user=0.01 sys=0.00, real=0.01 secs] 
Heap after GC invocations=496043 (full 2):
 par new generation   total 368640K, used 2K [0x00000006c1c00000, 0x00000006dac00000, 0x00000006dac00000)
  eden space 327680K,   0% used [0x00000006c1c00000, 0x00000006c1c00000, 0x00000006d5c00000)
  from space 40960K,   0% used [0x00000006d8400000, 0x00000006d8400810, 0x00000006dac00000)
  to   space 40960K,   0% used [0x00000006d5c00000, 0x00000006d5c00000, 0x00000006d8400000)
 concurrent mark-sweep generation total 3756032K, used 1086956K [0x00000006dac00000, 0x00000007c0000000, 0x00000007c0000000)
 Metaspace       used 42573K, capacity 43892K, committed 44572K, reserved 1087488K
  class space    used 5454K, capacity 5756K, committed 5960K, reserved 1048576K
}
2020-07-01T08:34:11.004+0200: 400205.646: Total time for which application threads were stopped: 0.0120185 seconds, Stopping threads took: 0.0000941 seconds
{Heap before GC invocations=496043 (full 2):
 par new generation   total 368640K, used 327682K [0x00000006c1c00000, 0x00000006dac00000, 0x00000006dac00000)
  eden space 327680K, 100% used [0x00000006c1c00000, 0x00000006d5c00000, 0x00000006d5c00000)
  from space 40960K,   0% used [0x00000006d8400000, 0x00000006d8400810, 0x00000006dac00000)
  to   space 40960K,   0% used [0x00000006d5c00000, 0x00000006d5c00000, 0x00000006d8400000)
 concurrent mark-sweep generation total 3756032K, used 1086956K [0x00000006dac00000, 0x00000007c0000000, 0x00000007c0000000)
 Metaspace       used 42573K, capacity 43892K, committed 44572K, reserved 1087488K
  class space    used 5454K, capacity 5756K, committed 5960K, reserved 1048576K
2020-07-01T08:34:11.290+0200: 400205.933: [GC (Allocation Failure) 2020-07-01T08:34:11.290+0200: 400205.933: [ParNew
Desired survivor size 20971520 bytes, new threshold 1 (max 1)
- age   1:        272 bytes,        272 total
: 327682K->6K(368640K), 0.0070903 secs] 1414638K->1086963K(4124672K), 0.0072149 secs] [Times: user=0.03 sys=0.00, real=0.00 secs] 
Heap after GC invocations=496044 (full 2):
 par new generation   total 368640K, used 6K [0x00000006c1c00000, 0x00000006dac00000, 0x00000006dac00000)
  eden space 327680K,   0% used [0x00000006c1c00000, 0x00000006c1c00000, 0x00000006d5c00000)
  from space 40960K,   0% used [0x00000006d5c00000, 0x00000006d5c01830, 0x00000006d8400000)
  to   space 40960K,   0% used [0x00000006d8400000, 0x00000006d8400000, 0x00000006dac00000)
 concurrent mark-sweep generation total 3756032K, used 1086956K [0x00000006dac00000, 0x00000007c0000000, 0x00000007c0000000)
 Metaspace       used 42573K, capacity 43892K, committed 44572K, reserved 1087488K
  class space    used 5454K, capacity 5756K, committed 5960K, reserved 1048576K
}
2020-07-01T08:34:11.297+0200: 400205.940: Total time for which application threads were stopped: 0.0076166 seconds, Stopping threads took: 0.0000638 seconds
{Heap before GC invocations=496044 (full 2):
 par new generation   total 368640K, used 327686K [0x00000006c1c00000, 0x00000006dac00000, 0x00000006dac00000)
  eden space 327680K, 100% used [0x00000006c1c00000, 0x00000006d5c00000, 0x00000006d5c00000)
  from space 40960K,   0% used [0x00000006d5c00000, 0x00000006d5c01830, 0x00000006d8400000)
  to   space 40960K,   0% used [0x00000006d8400000, 0x00000006d8400000, 0x00000006dac00000)
 concurrent mark-sweep generation total 3756032K, used 1086956K [0x00000006dac00000, 0x00000007c0000000, 0x00000007c0000000)
 Metaspace       used 42573K, capacity 43892K, committed 44572K, reserved 1087488K
  class space    used 5454K, capacity 5756K, committed 5960K, reserved 1048576K
2020-07-01T08:34:11.586+0200: 400206.228: [GC (Allocation Failure) 2020-07-01T08:34:11.586+0200: 400206.229: [ParNew
Desired survivor size 20971520 bytes, new threshold 1 (max 1)
- age   1:        272 bytes,        272 total
: 327686K->6K(368640K), 0.0100106 secs] 1414643K->1086963K(4124672K), 0.0101260 secs] [Times: user=0.04 sys=0.00, real=0.01 secs] 
Heap after GC invocations=496045 (full 2):
 par new generation   total 368640K, used 6K [0x00000006c1c00000, 0x00000006dac00000, 0x00000006dac00000)
  eden space 327680K,   0% used [0x00000006c1c00000, 0x00000006c1c00000, 0x00000006d5c00000)
  from space 40960K,   0% used [0x00000006d8400000, 0x00000006d8401830, 0x00000006dac00000)
  to   space 40960K,   0% used [0x00000006d5c00000, 0x00000006d5c00000, 0x00000006d8400000)
 concurrent mark-sweep generation total 3756032K, used 1086957K [0x00000006dac00000, 0x00000007c0000000, 0x00000007c0000000)
 Metaspace       used 42573K, capacity 43892K, committed 44572K, reserved 1087488K
  class space    used 5454K, capacity 5756K, committed 5960K, reserved 1048576K
}
2020-07-01T08:34:11.596+0200: 400206.239: Total time for which application threads were stopped: 0.0105851 seconds, Stopping threads took: 0.0002127 seconds
{Heap before GC invocations=496045 (full 2):
 par new generation   total 368640K, used 327686K [0x00000006c1c00000, 0x00000006dac00000, 0x00000006dac00000)
  eden space 327680K, 100% used [0x00000006c1c00000, 0x00000006d5c00000, 0x00000006d5c00000)
  from space 40960K,   0% used [0x00000006d8400000, 0x00000006d8401830, 0x00000006dac00000)
  to   space 40960K,   0% used [0x00000006d5c00000, 0x00000006d5c00000, 0x00000006d8400000)
 concurrent mark-sweep generation total 3756032K, used 1086957K [0x00000006dac00000, 0x00000007c0000000, 0x00000007c0000000)
 Metaspace       used 42573K, capacity 43892K, committed 44572K, reserved 1087488K
  class space    used 5454K, capacity 5756K, committed 5960K, reserved 1048576K
2020-07-01T08:34:11.879+0200: 400206.522: [GC (Allocation Failure) 2020-07-01T08:34:11.879+0200: 400206.522: [ParNew
Desired survivor size 20971520 bytes, new threshold 1 (max 1)
- age   1:        240 bytes,        240 total
: 327686K->4K(368640K), 0.0119079 secs] 1414643K->1086961K(4124672K), 0.0120229 secs] [Times: user=0.03 sys=0.00, real=0.01 secs] 
Heap after GC invocations=496046 (full 2):
 par new generation   total 368640K, used 4K [0x00000006c1c00000, 0x00000006dac00000, 0x00000006dac00000)
  eden space 327680K,   0% used [0x00000006c1c00000, 0x00000006c1c00000, 0x00000006d5c00000)
  from space 40960K,   0% used [0x00000006d5c00000, 0x00000006d5c01020, 0x00000006d8400000)
  to   space 40960K,   0% used [0x00000006d8400000, 0x00000006d8400000, 0x00000006dac00000)
 concurrent mark-sweep generation total 3756032K, used 1086957K [0x00000006dac00000, 0x00000007c0000000, 0x00000007c0000000)
 Metaspace       used 42573K, capacity 43892K, committed 44572K, reserved 1087488K
  class space    used 5454K, capacity 5756K, committed 5960K, reserved 1048576K
}
2020-07-01T08:34:11.891+0200: 400206.534: Total time for which application threads were stopped: 0.0124940 seconds, Stopping threads took: 0.0002141 seconds
{Heap before GC invocations=496046 (full 2):
 par new generation   total 368640K, used 327684K [0x00000006c1c00000, 0x00000006dac00000, 0x00000006dac00000)
  eden space 327680K, 100% used [0x00000006c1c00000, 0x00000006d5c00000, 0x00000006d5c00000)
  from space 40960K,   0% used [0x00000006d5c00000, 0x00000006d5c01020, 0x00000006d8400000)
  to   space 40960K,   0% used [0x00000006d8400000, 0x00000006d8400000, 0x00000006dac00000)
 concurrent mark-sweep generation total 3756032K, used 1086957K [0x00000006dac00000, 0x00000007c0000000, 0x00000007c0000000)
 Metaspace       used 42573K, capacity 43892K, committed 44572K, reserved 1087488K
  class space    used 5454K, capacity 5756K, committed 5960K, reserved 1048576K
2020-07-01T08:34:12.187+0200: 400206.829: [GC (Allocation Failure) 2020-07-01T08:34:12.187+0200: 400206.830: [ParNew
Desired survivor size 20971520 bytes, new threshold 1 (max 1)
- age   1:        240 bytes,        240 total
: 327684K->6K(368640K), 0.0072745 secs] 1414641K->1086963K(4124672K), 0.0074122 secs] [Times: user=0.00 sys=0.00, real=0.01 secs] 
Heap after GC invocations=496047 (full 2):
 par new generation   total 368640K, used 6K [0x00000006c1c00000, 0x00000006dac00000, 0x00000006dac00000)
  eden space 327680K,   0% used [0x00000006c1c00000, 0x00000006c1c00000, 0x00000006d5c00000)
  from space 40960K,   0% used [0x00000006d8400000, 0x00000006d8401830, 0x00000006dac00000)
  to   space 40960K,   0% used [0x00000006d5c00000, 0x00000006d5c00000, 0x00000006d8400000)
 concurrent mark-sweep generation total 3756032K, used 1086957K [0x00000006dac00000, 0x00000007c0000000, 0x00000007c0000000)
 Metaspace       used 42573K, capacity 43892K, committed 44572K, reserved 1087488K
  class space    used 5454K, capacity 5756K, committed 5960K, reserved 1048576K
}
2020-07-01T08:34:12.194+0200: 400206.837: Total time for which application threads were stopped: 0.0082045 seconds, Stopping threads took: 0.0005028 seconds
{Heap before GC invocations=496047 (full 2):
 par new generation   total 368640K, used 327686K [0x00000006c1c00000, 0x00000006dac00000, 0x00000006dac00000)
  eden space 327680K, 100% used [0x00000006c1c00000, 0x00000006d5c00000, 0x00000006d5c00000)
  from space 40960K,   0% used [0x00000006d8400000, 0x00000006d8401830, 0x00000006dac00000)
  to   space 40960K,   0% used [0x00000006d5c00000, 0x00000006d5c00000, 0x00000006d8400000)
 concurrent mark-sweep generation total 3756032K, used 1086957K [0x00000006dac00000, 0x00000007c0000000, 0x00000007c0000000)
 Metaspace       used 42573K, capacity 43892K, committed 44572K, reserved 1087488K
  class space    used 5454K, capacity 5756K, committed 5960K, reserved 1048576K
2020-07-01T08:34:12.485+0200: 400207.128: [GC (Allocation Failure) 2020-07-01T08:34:12.485+0200: 400207.128: [ParNew
Desired survivor size 20971520 bytes, new threshold 1 (max 1)
- age   1:        368 bytes,        368 total
: 327686K->8K(368640K), 0.0063226 secs] 1414643K->1086965K(4124672K), 0.0064426 secs] [Times: user=0.00 sys=0.00, real=0.01 secs] 
Heap after GC invocations=496048 (full 2):
 par new generation   total 368640K, used 8K [0x00000006c1c00000, 0x00000006dac00000, 0x00000006dac00000)
  eden space 327680K,   0% used [0x00000006c1c00000, 0x00000006c1c00000, 0x00000006d5c00000)
  from space 40960K,   0% used [0x00000006d5c00000, 0x00000006d5c02040, 0x00000006d8400000)
  to   space 40960K,   0% used [0x00000006d8400000, 0x00000006d8400000, 0x00000006dac00000)
 concurrent mark-sweep generation total 3756032K, used 1086957K [0x00000006dac00000, 0x00000007c0000000, 0x00000007c0000000)
 Metaspace       used 42573K, capacity 43892K, committed 44572K, reserved 1087488K
  class space    used 5454K, capacity 5756K, committed 5960K, reserved 1048576K
}
2020-07-01T08:34:12.491+0200: 400207.134: Total time for which application threads were stopped: 0.0068408 seconds, Stopping threads took: 0.0001405 seconds
{Heap before GC invocations=496048 (full 2):
 par new generation   total 368640K, used 327688K [0x00000006c1c00000, 0x00000006dac00000, 0x00000006dac00000)
  eden space 327680K, 100% used [0x00000006c1c00000, 0x00000006d5c00000, 0x00000006d5c00000)
  from space 40960K,   0% used [0x00000006d5c00000, 0x00000006d5c02040, 0x00000006d8400000)
  to   space 40960K,   0% used [0x00000006d8400000, 0x00000006d8400000, 0x00000006dac00000)
 concurrent mark-sweep generation total 3756032K, used 1086957K [0x00000006dac00000, 0x00000007c0000000, 0x00000007c0000000)
 Metaspace       used 42573K, capacity 43892K, committed 44572K, reserved 1087488K
  class space    used 5454K, capacity 5756K, committed 5960K, reserved 1048576K
2020-07-01T08:34:12.774+0200: 400207.416: [GC (Allocation Failure) 2020-07-01T08:34:12.774+0200: 400207.416: [ParNew
Desired survivor size 20971520 bytes, new threshold 1 (max 1)
- age   1:        240 bytes,        240 total
: 327688K->8K(368640K), 0.0111441 secs] 1414645K->1086965K(4124672K), 0.0112416 secs] [Times: user=0.00 sys=0.00, real=0.01 secs] 
Heap after GC invocations=496049 (full 2):
 par new generation   total 368640K, used 8K [0x00000006c1c00000, 0x00000006dac00000, 0x00000006dac00000)
  eden space 327680K,   0% used [0x00000006c1c00000, 0x00000006c1c00000, 0x00000006d5c00000)
  from space 40960K,   0% used [0x00000006d8400000, 0x00000006d8402040, 0x00000006dac00000)
  to   space 40960K,   0% used [0x00000006d5c00000, 0x00000006d5c00000, 0x00000006d8400000)
 concurrent mark-sweep generation total 3756032K, used 1086957K [0x00000006dac00000, 0x00000007c0000000, 0x00000007c0000000)
 Metaspace       used 42573K, capacity 43892K, committed 44572K, reserved 1087488K
  class space    used 5454K, capacity 5756K, committed 5960K, reserved 1048576K
}
2020-07-01T08:34:12.785+0200: 400207.428: Total time for which application threads were stopped: 0.0115665 seconds, Stopping threads took: 0.0000914 seconds
{Heap before GC invocations=496049 (full 2):
 par new generation   total 368640K, used 327688K [0x00000006c1c00000, 0x00000006dac00000, 0x00000006dac00000)
  eden space 327680K, 100% used [0x00000006c1c00000, 0x00000006d5c00000, 0x00000006d5c00000)
  from space 40960K,   0% used [0x00000006d8400000, 0x00000006d8402040, 0x00000006dac00000)
  to   space 40960K,   0% used [0x00000006d5c00000, 0x00000006d5c00000, 0x00000006d8400000)
 concurrent mark-sweep generation total 3756032K, used 1086957K [0x00000006dac00000, 0x00000007c0000000, 0x00000007c0000000)
 Metaspace       used 42573K, capacity 43892K, committed 44572K, reserved 1087488K
  class space    used 5454K, capacity 5756K, committed 5960K, reserved 1048576K
2020-07-01T08:34:13.058+0200: 400207.700: [GC (Allocation Failure) 2020-07-01T08:34:13.058+0200: 400207.701: [ParNew
Desired survivor size 20971520 bytes, new threshold 1 (max 1)
- age   1:        240 bytes,        240 total
: 327688K->6K(368640K), 0.0096003 secs] 1414645K->1086963K(4124672K), 0.0097572 secs] [Times: user=0.00 sys=0.02, real=0.01 secs] 
Heap after GC invocations=496050 (full 2):
 par new generation   total 368640K, used 6K [0x00000006c1c00000, 0x00000006dac00000, 0x00000006dac00000)
  eden space 327680K,   0% used [0x00000006c1c00000, 0x00000006c1c00000, 0x00000006d5c00000)
  from space 40960K,   0% used [0x00000006d5c00000, 0x00000006d5c01830, 0x00000006d8400000)
  to   space 40960K,   0% used [0x00000006d8400000, 0x00000006d8400000, 0x00000006dac00000)
 concurrent mark-sweep generation total 3756032K, used 1086957K [0x00000006dac00000, 0x00000007c0000000, 0x00000007c0000000)
 Metaspace       used 42573K, capacity 43892K, committed 44572K, reserved 1087488K
  class space    used 5454K, capacity 5756K, committed 5960K, reserved 1048576K
}
2020-07-01T08:34:13.067+0200: 400207.710: Total time for which application threads were stopped: 0.0101314 seconds, Stopping threads took: 0.0001213 seconds
{Heap before GC invocations=496050 (full 2):
 par new generation   total 368640K, used 327686K [0x00000006c1c00000, 0x00000006dac00000, 0x00000006dac00000)
  eden space 327680K, 100% used [0x00000006c1c00000, 0x00000006d5c00000, 0x00000006d5c00000)
  from space 40960K,   0% used [0x00000006d5c00000, 0x00000006d5c01830, 0x00000006d8400000)
  to   space 40960K,   0% used [0x00000006d8400000, 0x00000006d8400000, 0x00000006dac00000)
 concurrent mark-sweep generation total 3756032K, used 1086957K [0x00000006dac00000, 0x00000007c0000000, 0x00000007c0000000)
 Metaspace       used 42573K, capacity 43892K, committed 44572K, reserved 1087488K
  class space    used 5454K, capacity 5756K, committed 5960K, reserved 1048576K
2020-07-01T08:34:13.344+0200: 400207.987: [GC (Allocation Failure) 2020-07-01T08:34:13.344+0200: 400207.987: [ParNew
Desired survivor size 20971520 bytes, new threshold 1 (max 1)
- age   1:        272 bytes,        272 total
: 327686K->6K(368640K), 0.0207411 secs] 1414643K->1086963K(4124672K), 0.0208332 secs] [Times: user=0.03 sys=0.00, real=0.02 secs] 
Heap after GC invocations=496051 (full 2):
 par new generation   total 368640K, used 6K [0x00000006c1c00000, 0x00000006dac00000, 0x00000006dac00000)
  eden space 327680K,   0% used [0x00000006c1c00000, 0x00000006c1c00000, 0x00000006d5c00000)
  from space 40960K,   0% used [0x00000006d8400000, 0x00000006d8401830, 0x00000006dac00000)
  to   space 40960K,   0% used [0x00000006d5c00000, 0x00000006d5c00000, 0x00000006d8400000)
 concurrent mark-sweep generation total 3756032K, used 1086957K [0x00000006dac00000, 0x00000007c0000000, 0x00000007c0000000)
 Metaspace       used 42573K, capacity 43892K, committed 44572K, reserved 1087488K
  class space    used 5454K, capacity 5756K, committed 5960K, reserved 1048576K
}
2020-07-01T08:34:13.365+0200: 400208.008: Total time for which application threads were stopped: 0.0212319 seconds, Stopping threads took: 0.0001469 seconds
{Heap before GC invocations=496051 (full 2):
 par new generation   total 368640K, used 327686K [0x00000006c1c00000, 0x00000006dac00000, 0x00000006dac00000)
  eden space 327680K, 100% used [0x00000006c1c00000, 0x00000006d5c00000, 0x00000006d5c00000)
  from space 40960K,   0% used [0x00000006d8400000, 0x00000006d8401830, 0x00000006dac00000)
  to   space 40960K,   0% used [0x00000006d5c00000, 0x00000006d5c00000, 0x00000006d8400000)
 concurrent mark-sweep generation total 3756032K, used 1086957K [0x00000006dac00000, 0x00000007c0000000, 0x00000007c0000000)
 Metaspace       used 42573K, capacity 43892K, committed 44572K, reserved 1087488K
  class space    used 5454K, capacity 5756K, committed 5960K, reserved 1048576K
2020-07-01T08:34:13.984+0200: 400208.627: [GC (Allocation Failure) 2020-07-01T08:34:13.984+0200: 400208.627: [ParNew
Desired survivor size 20971520 bytes, new threshold 1 (max 1)
- age   1:        272 bytes,        272 total
: 327686K->4K(368640K), 0.0442025 secs] 1414643K->1086961K(4124672K), 0.0443465 secs] [Times: user=0.03 sys=0.00, real=0.05 secs] 
Heap after GC invocations=496052 (full 2):
 par new generation   total 368640K, used 4K [0x00000006c1c00000, 0x00000006dac00000, 0x00000006dac00000)
  eden space 327680K,   0% used [0x00000006c1c00000, 0x00000006c1c00000, 0x00000006d5c00000)
  from space 40960K,   0% used [0x00000006d5c00000, 0x00000006d5c01020, 0x00000006d8400000)
  to   space 40960K,   0% used [0x00000006d8400000, 0x00000006d8400000, 0x00000006dac00000)
 concurrent mark-sweep generation total 3756032K, used 1086957K [0x00000006dac00000, 0x00000007c0000000, 0x00000007c0000000)
 Metaspace       used 42573K, capacity 43892K, committed 44572K, reserved 1087488K
  class space    used 5454K, capacity 5756K, committed 5960K, reserved 1048576K
}
2020-07-01T08:34:14.028+0200: 400208.671: Total time for which application threads were stopped: 0.0447319 seconds, Stopping threads took: 0.0000654 seconds
{Heap before GC invocations=496052 (full 2):
 par new generation   total 368640K, used 327684K [0x00000006c1c00000, 0x00000006dac00000, 0x00000006dac00000)
  eden space 327680K, 100% used [0x00000006c1c00000, 0x00000006d5c00000, 0x00000006d5c00000)
  from space 40960K,   0% used [0x00000006d5c00000, 0x00000006d5c01020, 0x00000006d8400000)
  to   space 40960K,   0% used [0x00000006d8400000, 0x00000006d8400000, 0x00000006dac00000)
 concurrent mark-sweep generation total 3756032K, used 1086957K [0x00000006dac00000, 0x00000007c0000000, 0x00000007c0000000)
 Metaspace       used 42573K, capacity 43892K, committed 44572K, reserved 1087488K
  class space    used 5454K, capacity 5756K, committed 5960K, reserved 1048576K
2020-07-01T08:34:14.397+0200: 400209.040: [GC (Allocation Failure) 2020-07-01T08:34:14.397+0200: 400209.040: [ParNew
Desired survivor size 20971520 bytes, new threshold 1 (max 1)
- age   1:        272 bytes,        272 total
: 327684K->4K(368640K), 0.0159057 secs] 1414641K->1086961K(4124672K), 0.0160424 secs] [Times: user=0.00 sys=0.00, real=0.02 secs] 
Heap after GC invocations=496053 (full 2):
 par new generation   total 368640K, used 4K [0x00000006c1c00000, 0x00000006dac00000, 0x00000006dac00000)
  eden space 327680K,   0% used [0x00000006c1c00000, 0x00000006c1c00000, 0x00000006d5c00000)
  from space 40960K,   0% used [0x00000006d8400000, 0x00000006d8401020, 0x00000006dac00000)
  to   space 40960K,   0% used [0x00000006d5c00000, 0x00000006d5c00000, 0x00000006d8400000)
 concurrent mark-sweep generation total 3756032K, used 1086957K [0x00000006dac00000, 0x00000007c0000000, 0x00000007c0000000)
 Metaspace       used 42573K, capacity 43892K, committed 44572K, reserved 1087488K
  class space    used 5454K, capacity 5756K, committed 5960K, reserved 1048576K
}
2020-07-01T08:34:14.413+0200: 400209.056: Total time for which application threads were stopped: 0.0163398 seconds, Stopping threads took: 0.0000540 seconds
{Heap before GC invocations=496053 (full 2):
 par new generation   total 368640K, used 327684K [0x00000006c1c00000, 0x00000006dac00000, 0x00000006dac00000)
  eden space 327680K, 100% used [0x00000006c1c00000, 0x00000006d5c00000, 0x00000006d5c00000)
  from space 40960K,   0% used [0x00000006d8400000, 0x00000006d8401020, 0x00000006dac00000)
  to   space 40960K,   0% used [0x00000006d5c00000, 0x00000006d5c00000, 0x00000006d8400000)
 concurrent mark-sweep generation total 3756032K, used 1086957K [0x00000006dac00000, 0x00000007c0000000, 0x00000007c0000000)
 Metaspace       used 42573K, capacity 43892K, committed 44572K, reserved 1087488K
  class space    used 5454K, capacity 5756K, committed 5960K, reserved 1048576K
2020-07-01T08:34:14.758+0200: 400209.401: [GC (Allocation Failure) 2020-07-01T08:34:14.758+0200: 400209.401: [ParNew
Desired survivor size 20971520 bytes, new threshold 1 (max 1)
- age   1:        304 bytes,        304 total
: 327684K->2K(368640K), 0.0621057 secs] 1414641K->1086959K(4124672K), 0.0622938 secs] [Times: user=0.01 sys=0.00, real=0.06 secs] 
Heap after GC invocations=496054 (full 2):
 par new generation   total 368640K, used 2K [0x00000006c1c00000, 0x00000006dac00000, 0x00000006dac00000)
  eden space 327680K,   0% used [0x00000006c1c00000, 0x00000006c1c00000, 0x00000006d5c00000)
  from space 40960K,   0% used [0x00000006d5c00000, 0x00000006d5c00810, 0x00000006d8400000)
  to   space 40960K,   0% used [0x00000006d8400000, 0x00000006d8400000, 0x00000006dac00000)
 concurrent mark-sweep generation total 3756032K, used 1086957K [0x00000006dac00000, 0x00000007c0000000, 0x00000007c0000000)
 Metaspace       used 42573K, capacity 43892K, committed 44572K, reserved 1087488K
  class space    used 5454K, capacity 5756K, committed 5960K, reserved 1048576K
}
2020-07-01T08:34:14.821+0200: 400209.463: Total time for which application threads were stopped: 0.0780717 seconds, Stopping threads took: 0.0133601 seconds
{Heap before GC invocations=496054 (full 2):
 par new generation   total 368640K, used 327682K [0x00000006c1c00000, 0x00000006dac00000, 0x00000006dac00000)
  eden space 327680K, 100% used [0x00000006c1c00000, 0x00000006d5c00000, 0x00000006d5c00000)
  from space 40960K,   0% used [0x00000006d5c00000, 0x00000006d5c00810, 0x00000006d8400000)
  to   space 40960K,   0% used [0x00000006d8400000, 0x00000006d8400000, 0x00000006dac00000)
 concurrent mark-sweep generation total 3756032K, used 1086957K [0x00000006dac00000, 0x00000007c0000000, 0x00000007c0000000)
 Metaspace       used 42573K, capacity 43892K, committed 44572K, reserved 1087488K
  class space    used 5454K, capacity 5756K, committed 5960K, reserved 1048576K
2020-07-01T08:34:15.323+0200: 400209.966: [GC (Allocation Failure) 2020-07-01T08:34:15.323+0200: 400209.966: [ParNew
Desired survivor size 20971520 bytes, new threshold 1 (max 1)
- age   1:        272 bytes,        272 total
: 327682K->4K(368640K), 0.0574244 secs] 1414639K->1086961K(4124672K), 0.0575450 secs] [Times: user=0.02 sys=0.00, real=0.06 secs] 
Heap after GC invocations=496055 (full 2):
 par new generation   total 368640K, used 4K [0x00000006c1c00000, 0x00000006dac00000, 0x00000006dac00000)
  eden space 327680K,   0% used [0x00000006c1c00000, 0x00000006c1c00000, 0x00000006d5c00000)
  from space 40960K,   0% used [0x00000006d8400000, 0x00000006d8401020, 0x00000006dac00000)
  to   space 40960K,   0% used [0x00000006d5c00000, 0x00000006d5c00000, 0x00000006d8400000)
 concurrent mark-sweep generation total 3756032K, used 1086957K [0x00000006dac00000, 0x00000007c0000000, 0x00000007c0000000)
 Metaspace       used 42573K, capacity 43892K, committed 44572K, reserved 1087488K
  class space    used 5454K, capacity 5756K, committed 5960K, reserved 1048576K
}
2020-07-01T08:34:15.380+0200: 400210.023: Total time for which application threads were stopped: 0.0578593 seconds, Stopping threads took: 0.0000492 seconds
{Heap before GC invocations=496055 (full 2):
 par new generation   total 368640K, used 327684K [0x00000006c1c00000, 0x00000006dac00000, 0x00000006dac00000)
  eden space 327680K, 100% used [0x00000006c1c00000, 0x00000006d5c00000, 0x00000006d5c00000)
  from space 40960K,   0% used [0x00000006d8400000, 0x00000006d8401020, 0x00000006dac00000)
  to   space 40960K,   0% used [0x00000006d5c00000, 0x00000006d5c00000, 0x00000006d8400000)
 concurrent mark-sweep generation total 3756032K, used 1086957K [0x00000006dac00000, 0x00000007c0000000, 0x00000007c0000000)
 Metaspace       used 42573K, capacity 43892K, committed 44572K, reserved 1087488K
  class space    used 5454K, capacity 5756K, committed 5960K, reserved 1048576K
2020-07-01T08:34:15.789+0200: 400210.431: [GC (Allocation Failure) 2020-07-01T08:34:15.789+0200: 400210.432: [ParNew
Desired survivor size 20971520 bytes, new threshold 1 (max 1)
- age   1:        304 bytes,        304 total
: 327684K->4K(368640K), 0.0242507 secs] 1414641K->1086961K(4124672K), 0.0244442 secs] [Times: user=0.00 sys=0.00, real=0.02 secs] 
Heap after GC invocations=496056 (full 2):
 par new generation   total 368640K, used 4K [0x00000006c1c00000, 0x00000006dac00000, 0x00000006dac00000)
  eden space 327680K,   0% used [0x00000006c1c00000, 0x00000006c1c00000, 0x00000006d5c00000)
  from space 40960K,   0% used [0x00000006d5c00000, 0x00000006d5c01020, 0x00000006d8400000)
  to   space 40960K,   0% used [0x00000006d8400000, 0x00000006d8400000, 0x00000006dac00000)
 concurrent mark-sweep generation total 3756032K, used 1086957K [0x00000006dac00000, 0x00000007c0000000, 0x00000007c0000000)
 Metaspace       used 42573K, capacity 43892K, committed 44572K, reserved 1087488K
  class space    used 5454K, capacity 5756K, committed 5960K, reserved 1048576K
}
2020-07-01T08:34:15.813+0200: 400210.456: Total time for which application threads were stopped: 0.0247567 seconds, Stopping threads took: 0.0000504 seconds
{Heap before GC invocations=496056 (full 2):
 par new generation   total 368640K, used 327684K [0x00000006c1c00000, 0x00000006dac00000, 0x00000006dac00000)
  eden space 327680K, 100% used [0x00000006c1c00000, 0x00000006d5c00000, 0x00000006d5c00000)
  from space 40960K,   0% used [0x00000006d5c00000, 0x00000006d5c01020, 0x00000006d8400000)
  to   space 40960K,   0% used [0x00000006d8400000, 0x00000006d8400000, 0x00000006dac00000)
 concurrent mark-sweep generation total 3756032K, used 1086957K [0x00000006dac00000, 0x00000007c0000000, 0x00000007c0000000)
 Metaspace       used 42573K, capacity 43892K, committed 44572K, reserved 1087488K
  class space    used 5454K, capacity 5756K, committed 5960K, reserved 1048576K
2020-07-01T08:34:16.148+0200: 400210.791: [GC (Allocation Failure) 2020-07-01T08:34:16.148+0200: 400210.791: [ParNew
Desired survivor size 20971520 bytes, new threshold 1 (max 1)
- age   1:        240 bytes,        240 total
: 327684K->2K(368640K), 0.0400439 secs] 1414641K->1086959K(4124672K), 0.0401572 secs] [Times: user=0.05 sys=0.00, real=0.04 secs] 
Heap after GC invocations=496057 (full 2):
 par new generation   total 368640K, used 2K [0x00000006c1c00000, 0x00000006dac00000, 0x00000006dac00000)
  eden space 327680K,   0% used [0x00000006c1c00000, 0x00000006c1c00000, 0x00000006d5c00000)
  from space 40960K,   0% used [0x00000006d8400000, 0x00000006d8400810, 0x00000006dac00000)
  to   space 40960K,   0% used [0x00000006d5c00000, 0x00000006d5c00000, 0x00000006d8400000)
 concurrent mark-sweep generation total 3756032K, used 1086957K [0x00000006dac00000, 0x00000007c0000000, 0x00000007c0000000)
 Metaspace       used 42573K, capacity 43892K, committed 44572K, reserved 1087488K
  class space    used 5454K, capacity 5756K, committed 5960K, reserved 1048576K
}
2020-07-01T08:34:16.189+0200: 400210.831: Total time for which application threads were stopped: 0.0407153 seconds, Stopping threads took: 0.0000519 seconds
{Heap before GC invocations=496057 (full 2):
 par new generation   total 368640K, used 327682K [0x00000006c1c00000, 0x00000006dac00000, 0x00000006dac00000)
  eden space 327680K, 100% used [0x00000006c1c00000, 0x00000006d5c00000, 0x00000006d5c00000)
  from space 40960K,   0% used [0x00000006d8400000, 0x00000006d8400810, 0x00000006dac00000)
  to   space 40960K,   0% used [0x00000006d5c00000, 0x00000006d5c00000, 0x00000006d8400000)
 concurrent mark-sweep generation total 3756032K, used 1086957K [0x00000006dac00000, 0x00000007c0000000, 0x00000007c0000000)
 Metaspace       used 42573K, capacity 43892K, committed 44572K, reserved 1087488K
  class space    used 5454K, capacity 5756K, committed 5960K, reserved 1048576K
2020-07-01T08:34:16.552+0200: 400211.195: [GC (Allocation Failure) 2020-07-01T08:34:16.552+0200: 400211.195: [ParNew
Desired survivor size 20971520 bytes, new threshold 1 (max 1)
- age   1:        304 bytes,        304 total
: 327682K->4K(368640K), 0.0216254 secs] 1414639K->1086961K(4124672K), 0.0218922 secs] [Times: user=0.00 sys=0.00, real=0.02 secs] 
Heap after GC invocations=496058 (full 2):
 par new generation   total 368640K, used 4K [0x00000006c1c00000, 0x00000006dac00000, 0x00000006dac00000)
  eden space 327680K,   0% used [0x00000006c1c00000, 0x00000006c1c00000, 0x00000006d5c00000)
  from space 40960K,   0% used [0x00000006d5c00000, 0x00000006d5c01020, 0x00000006d8400000)
  to   space 40960K,   0% used [0x00000006d8400000, 0x00000006d8400000, 0x00000006dac00000)
 concurrent mark-sweep generation total 3756032K, used 1086957K [0x00000006dac00000, 0x00000007c0000000, 0x00000007c0000000)
 Metaspace       used 42573K, capacity 43892K, committed 44572K, reserved 1087488K
  class space    used 5454K, capacity 5756K, committed 5960K, reserved 1048576K
}
2020-07-01T08:34:16.574+0200: 400211.217: Total time for which application threads were stopped: 0.0242012 seconds, Stopping threads took: 0.0020253 seconds
{Heap before GC invocations=496058 (full 2):
 par new generation   total 368640K, used 327684K [0x00000006c1c00000, 0x00000006dac00000, 0x00000006dac00000)
  eden space 327680K, 100% used [0x00000006c1c00000, 0x00000006d5c00000, 0x00000006d5c00000)
  from space 40960K,   0% used [0x00000006d5c00000, 0x00000006d5c01020, 0x00000006d8400000)
  to   space 40960K,   0% used [0x00000006d8400000, 0x00000006d8400000, 0x00000006dac00000)
 concurrent mark-sweep generation total 3756032K, used 1086957K [0x00000006dac00000, 0x00000007c0000000, 0x00000007c0000000)
 Metaspace       used 42573K, capacity 43892K, committed 44572K, reserved 1087488K
  class space    used 5454K, capacity 5756K, committed 5960K, reserved 1048576K
2020-07-01T08:34:16.943+0200: 400211.585: [GC (Allocation Failure) 2020-07-01T08:34:16.943+0200: 400211.585: [ParNew
Desired survivor size 20971520 bytes, new threshold 1 (max 1)
- age   1:        272 bytes,        272 total
: 327684K->4K(368640K), 0.0192966 secs] 1414641K->1086961K(4124672K), 0.0194605 secs] [Times: user=0.03 sys=0.00, real=0.02 secs] 
Heap after GC invocations=496059 (full 2):
 par new generation   total 368640K, used 4K [0x00000006c1c00000, 0x00000006dac00000, 0x00000006dac00000)
  eden space 327680K,   0% used [0x00000006c1c00000, 0x00000006c1c00000, 0x00000006d5c00000)
  from space 40960K,   0% used [0x00000006d8400000, 0x00000006d8401020, 0x00000006dac00000)
  to   space 40960K,   0% used [0x00000006d5c00000, 0x00000006d5c00000, 0x00000006d8400000)
 concurrent mark-sweep generation total 3756032K, used 1086957K [0x00000006dac00000, 0x00000007c0000000, 0x00000007c0000000)
 Metaspace       used 42573K, capacity 43892K, committed 44572K, reserved 1087488K
  class space    used 5454K, capacity 5756K, committed 5960K, reserved 1048576K
}
2020-07-01T08:34:16.962+0200: 400211.605: Total time for which application threads were stopped: 0.0201248 seconds, Stopping threads took: 0.0003638 seconds
{Heap before GC invocations=496059 (full 2):
 par new generation   total 368640K, used 327684K [0x00000006c1c00000, 0x00000006dac00000, 0x00000006dac00000)
  eden space 327680K, 100% used [0x00000006c1c00000, 0x00000006d5c00000, 0x00000006d5c00000)
  from space 40960K,   0% used [0x00000006d8400000, 0x00000006d8401020, 0x00000006dac00000)
  to   space 40960K,   0% used [0x00000006d5c00000, 0x00000006d5c00000, 0x00000006d8400000)
 concurrent mark-sweep generation total 3756032K, used 1086957K [0x00000006dac00000, 0x00000007c0000000, 0x00000007c0000000)
 Metaspace       used 42573K, capacity 43892K, committed 44572K, reserved 1087488K
  class space    used 5454K, capacity 5756K, committed 5960K, reserved 1048576K
2020-07-01T08:34:17.287+0200: 400211.930: [GC (Allocation Failure) 2020-07-01T08:34:17.288+0200: 400211.930: [ParNew
Desired survivor size 20971520 bytes, new threshold 1 (max 1)
- age   1:        240 bytes,        240 total
: 327684K->4K(368640K), 0.0099042 secs] 1414641K->1086961K(4124672K), 0.0100765 secs] [Times: user=0.03 sys=0.00, real=0.01 secs] 
Heap after GC invocations=496060 (full 2):
 par new generation   total 368640K, used 4K [0x00000006c1c00000, 0x00000006dac00000, 0x00000006dac00000)
  eden space 327680K,   0% used [0x00000006c1c00000, 0x00000006c1c00000, 0x00000006d5c00000)
  from space 40960K,   0% used [0x00000006d5c00000, 0x00000006d5c01020, 0x00000006d8400000)
  to   space 40960K,   0% used [0x00000006d8400000, 0x00000006d8400000, 0x00000006dac00000)
 concurrent mark-sweep generation total 3756032K, used 1086957K [0x00000006dac00000, 0x00000007c0000000, 0x00000007c0000000)
 Metaspace       used 42573K, capacity 43892K, committed 44572K, reserved 1087488K
  class space    used 5454K, capacity 5756K, committed 5960K, reserved 1048576K
}
2020-07-01T08:34:17.298+0200: 400211.940: Total time for which application threads were stopped: 0.0104771 seconds, Stopping threads took: 0.0001568 seconds
{Heap before GC invocations=496060 (full 2):
 par new generation   total 368640K, used 327684K [0x00000006c1c00000, 0x00000006dac00000, 0x00000006dac00000)
  eden space 327680K, 100% used [0x00000006c1c00000, 0x00000006d5c00000, 0x00000006d5c00000)
  from space 40960K,   0% used [0x00000006d5c00000, 0x00000006d5c01020, 0x00000006d8400000)
  to   space 40960K,   0% used [0x00000006d8400000, 0x00000006d8400000, 0x00000006dac00000)
 concurrent mark-sweep generation total 3756032K, used 1086957K [0x00000006dac00000, 0x00000007c0000000, 0x00000007c0000000)
 Metaspace       used 42573K, capacity 43892K, committed 44572K, reserved 1087488K
  class space    used 5454K, capacity 5756K, committed 5960K, reserved 1048576K
2020-07-01T08:34:17.611+0200: 400212.254: [GC (Allocation Failure) 2020-07-01T08:34:17.611+0200: 400212.254: [ParNew
Desired survivor size 20971520 bytes, new threshold 1 (max 1)
- age   1:        336 bytes,        336 total
: 327684K->2K(368640K), 0.0226884 secs] 1414641K->1086959K(4124672K), 0.0228916 secs] [Times: user=0.02 sys=0.00, real=0.02 secs] 
Heap after GC invocations=496061 (full 2):
 par new generation   total 368640K, used 2K [0x00000006c1c00000, 0x00000006dac00000, 0x00000006dac00000)
  eden space 327680K,   0% used [0x00000006c1c00000, 0x00000006c1c00000, 0x00000006d5c00000)
  from space 40960K,   0% used [0x00000006d8400000, 0x00000006d8400810, 0x00000006dac00000)
  to   space 40960K,   0% used [0x00000006d5c00000, 0x00000006d5c00000, 0x00000006d8400000)
 concurrent mark-sweep generation total 3756032K, used 1086957K [0x00000006dac00000, 0x00000007c0000000, 0x00000007c0000000)
 Metaspace       used 42573K, capacity 43892K, committed 44572K, reserved 1087488K
  class space    used 5454K, capacity 5756K, committed 5960K, reserved 1048576K
}
2020-07-01T08:34:17.634+0200: 400212.277: Total time for which application threads were stopped: 0.0231861 seconds, Stopping threads took: 0.0000493 seconds
{Heap before GC invocations=496061 (full 2):
 par new generation   total 368640K, used 327682K [0x00000006c1c00000, 0x00000006dac00000, 0x00000006dac00000)
  eden space 327680K, 100% used [0x00000006c1c00000, 0x00000006d5c00000, 0x00000006d5c00000)
  from space 40960K,   0% used [0x00000006d8400000, 0x00000006d8400810, 0x00000006dac00000)
  to   space 40960K,   0% used [0x00000006d5c00000, 0x00000006d5c00000, 0x00000006d8400000)
 concurrent mark-sweep generation total 3756032K, used 1086957K [0x00000006dac00000, 0x00000007c0000000, 0x00000007c0000000)
 Metaspace       used 42573K, capacity 43892K, committed 44572K, reserved 1087488K
  class space    used 5454K, capacity 5756K, committed 5960K, reserved 1048576K
2020-07-01T08:34:17.978+0200: 400212.621: [GC (Allocation Failure) 2020-07-01T08:34:17.978+0200: 400212.621: [ParNew
Desired survivor size 20971520 bytes, new threshold 1 (max 1)
- age   1:        504 bytes,        504 total
: 327682K->4K(368640K), 0.0129836 secs] 1414639K->1086961K(4124672K), 0.0131031 secs] [Times: user=0.01 sys=0.00, real=0.01 secs] 
Heap after GC invocations=496062 (full 2):
 par new generation   total 368640K, used 4K [0x00000006c1c00000, 0x00000006dac00000, 0x00000006dac00000)
  eden space 327680K,   0% used [0x00000006c1c00000, 0x00000006c1c00000, 0x00000006d5c00000)
  from space 40960K,   0% used [0x00000006d5c00000, 0x00000006d5c01020, 0x00000006d8400000)
  to   space 40960K,   0% used [0x00000006d8400000, 0x00000006d8400000, 0x00000006dac00000)
 concurrent mark-sweep generation total 3756032K, used 1086957K [0x00000006dac00000, 0x00000007c0000000, 0x00000007c0000000)
 Metaspace       used 42573K, capacity 43892K, committed 44572K, reserved 1087488K
  class space    used 5454K, capacity 5756K, committed 5960K, reserved 1048576K
}
2020-07-01T08:34:17.992+0200: 400212.634: Total time for which application threads were stopped: 0.0135608 seconds, Stopping threads took: 0.0000502 seconds
{Heap before GC invocations=496062 (full 2):
 par new generation   total 368640K, used 327684K [0x00000006c1c00000, 0x00000006dac00000, 0x00000006dac00000)
  eden space 327680K, 100% used [0x00000006c1c00000, 0x00000006d5c00000, 0x00000006d5c00000)
  from space 40960K,   0% used [0x00000006d5c00000, 0x00000006d5c01020, 0x00000006d8400000)
  to   space 40960K,   0% used [0x00000006d8400000, 0x00000006d8400000, 0x00000006dac00000)
 concurrent mark-sweep generation total 3756032K, used 1086957K [0x00000006dac00000, 0x00000007c0000000, 0x00000007c0000000)
 Metaspace       used 42573K, capacity 43892K, committed 44572K, reserved 1087488K
  class space    used 5454K, capacity 5756K, committed 5960K, reserved 1048576K
2020-07-01T08:34:18.333+0200: 400212.976: [GC (Allocation Failure) 2020-07-01T08:34:18.333+0200: 400212.976: [ParNew
Desired survivor size 20971520 bytes, new threshold 1 (max 1)
- age   1:        272 bytes,        272 total
: 327684K->4K(368640K), 0.0202103 secs] 1414641K->1086961K(4124672K), 0.0203263 secs] [Times: user=0.01 sys=0.00, real=0.02 secs] 
Heap after GC invocations=496063 (full 2):
 par new generation   total 368640K, used 4K [0x00000006c1c00000, 0x00000006dac00000, 0x00000006dac00000)
  eden space 327680K,   0% used [0x00000006c1c00000, 0x00000006c1c00000, 0x00000006d5c00000)
  from space 40960K,   0% used [0x00000006d8400000, 0x00000006d8401020, 0x00000006dac00000)
  to   space 40960K,   0% used [0x00000006d5c00000, 0x00000006d5c00000, 0x00000006d8400000)
 concurrent mark-sweep generation total 3756032K, used 1086957K [0x00000006dac00000, 0x00000007c0000000, 0x00000007c0000000)
 Metaspace       used 42573K, capacity 43892K, committed 44572K, reserved 1087488K
  class space    used 5454K, capacity 5756K, committed 5960K, reserved 1048576K
}
2020-07-01T08:34:18.354+0200: 400212.997: Total time for which application threads were stopped: 0.0206163 seconds, Stopping threads took: 0.0000508 seconds
{Heap before GC invocations=496063 (full 2):
 par new generation   total 368640K, used 327684K [0x00000006c1c00000, 0x00000006dac00000, 0x00000006dac00000)
  eden space 327680K, 100% used [0x00000006c1c00000, 0x00000006d5c00000, 0x00000006d5c00000)
  from space 40960K,   0% used [0x00000006d8400000, 0x00000006d8401020, 0x00000006dac00000)
  to   space 40960K,   0% used [0x00000006d5c00000, 0x00000006d5c00000, 0x00000006d8400000)
 concurrent mark-sweep generation total 3756032K, used 1086957K [0x00000006dac00000, 0x00000007c0000000, 0x00000007c0000000)
 Metaspace       used 42573K, capacity 43892K, committed 44572K, reserved 1087488K
  class space    used 5454K, capacity 5756K, committed 5960K, reserved 1048576K
2020-07-01T08:34:18.670+0200: 400213.313: [GC (Allocation Failure) 2020-07-01T08:34:18.670+0200: 400213.313: [ParNew
Desired survivor size 20971520 bytes, new threshold 1 (max 1)
- age   1:        272 bytes,        272 total
: 327684K->2K(368640K), 0.0185158 secs] 1414641K->1086959K(4124672K), 0.0186406 secs] [Times: user=0.02 sys=0.00, real=0.02 secs] 
Heap after GC invocations=496064 (full 2):
 par new generation   total 368640K, used 2K [0x00000006c1c00000, 0x00000006dac00000, 0x00000006dac00000)
  eden space 327680K,   0% used [0x00000006c1c00000, 0x00000006c1c00000, 0x00000006d5c00000)
  from space 40960K,   0% used [0x00000006d5c00000, 0x00000006d5c00810, 0x00000006d8400000)
  to   space 40960K,   0% used [0x00000006d8400000, 0x00000006d8400000, 0x00000006dac00000)
 concurrent mark-sweep generation total 3756032K, used 1086957K [0x00000006dac00000, 0x00000007c0000000, 0x00000007c0000000)
 Metaspace       used 42573K, capacity 43892K, committed 44572K, reserved 1087488K
  class space    used 5454K, capacity 5756K, committed 5960K, reserved 1048576K
}
2020-07-01T08:34:18.689+0200: 400213.332: Total time for which application threads were stopped: 0.0189490 seconds, Stopping threads took: 0.0000518 seconds
{Heap before GC invocations=496064 (full 2):
 par new generation   total 368640K, used 327682K [0x00000006c1c00000, 0x00000006dac00000, 0x00000006dac00000)
  eden space 327680K, 100% used [0x00000006c1c00000, 0x00000006d5c00000, 0x00000006d5c00000)
  from space 40960K,   0% used [0x00000006d5c00000, 0x00000006d5c00810, 0x00000006d8400000)
  to   space 40960K,   0% used [0x00000006d8400000, 0x00000006d8400000, 0x00000006dac00000)
 concurrent mark-sweep generation total 3756032K, used 1086957K [0x00000006dac00000, 0x00000007c0000000, 0x00000007c0000000)
 Metaspace       used 42573K, capacity 43892K, committed 44572K, reserved 1087488K
  class space    used 5454K, capacity 5756K, committed 5960K, reserved 1048576K
2020-07-01T08:34:19.005+0200: 400213.648: [GC (Allocation Failure) 2020-07-01T08:34:19.006+0200: 400213.648: [ParNew
Desired survivor size 20971520 bytes, new threshold 1 (max 1)
- age   1:        240 bytes,        240 total
: 327682K->4K(368640K), 0.0126592 secs] 1414639K->1086961K(4124672K), 0.0127808 secs] [Times: user=0.03 sys=0.00, real=0.02 secs] 
Heap after GC invocations=496065 (full 2):
 par new generation   total 368640K, used 4K [0x00000006c1c00000, 0x00000006dac00000, 0x00000006dac00000)
  eden space 327680K,   0% used [0x00000006c1c00000, 0x00000006c1c00000, 0x00000006d5c00000)
  from space 40960K,   0% used [0x00000006d8400000, 0x00000006d8401020, 0x00000006dac00000)
  to   space 40960K,   0% used [0x00000006d5c00000, 0x00000006d5c00000, 0x00000006d8400000)
 concurrent mark-sweep generation total 3756032K, used 1086957K [0x00000006dac00000, 0x00000007c0000000, 0x00000007c0000000)
 Metaspace       used 42573K, capacity 43892K, committed 44572K, reserved 1087488K
  class space    used 5454K, capacity 5756K, committed 5960K, reserved 1048576K
}
2020-07-01T08:34:19.018+0200: 400213.661: Total time for which application threads were stopped: 0.0130668 seconds, Stopping threads took: 0.0000519 seconds
{Heap before GC invocations=496065 (full 2):
 par new generation   total 368640K, used 327684K [0x00000006c1c00000, 0x00000006dac00000, 0x00000006dac00000)
  eden space 327680K, 100% used [0x00000006c1c00000, 0x00000006d5c00000, 0x00000006d5c00000)
  from space 40960K,   0% used [0x00000006d8400000, 0x00000006d8401020, 0x00000006dac00000)
  to   space 40960K,   0% used [0x00000006d5c00000, 0x00000006d5c00000, 0x00000006d8400000)
 concurrent mark-sweep generation total 3756032K, used 1086957K [0x00000006dac00000, 0x00000007c0000000, 0x00000007c0000000)
 Metaspace       used 42573K, capacity 43892K, committed 44572K, reserved 1087488K
  class space    used 5454K, capacity 5756K, committed 5960K, reserved 1048576K
2020-07-01T08:34:19.347+0200: 400213.989: [GC (Allocation Failure) 2020-07-01T08:34:19.347+0200: 400213.990: [ParNew
Desired survivor size 20971520 bytes, new threshold 1 (max 1)
- age   1:        272 bytes,        272 total
: 327684K->2K(368640K), 0.0183631 secs] 1414641K->1086959K(4124672K), 0.0184762 secs] [Times: user=0.03 sys=0.00, real=0.02 secs] 
Heap after GC invocations=496066 (full 2):
 par new generation   total 368640K, used 2K [0x00000006c1c00000, 0x00000006dac00000, 0x00000006dac00000)
  eden space 327680K,   0% used [0x00000006c1c00000, 0x00000006c1c00000, 0x00000006d5c00000)
  from space 40960K,   0% used [0x00000006d5c00000, 0x00000006d5c00810, 0x00000006d8400000)
  to   space 40960K,   0% used [0x00000006d8400000, 0x00000006d8400000, 0x00000006dac00000)
 concurrent mark-sweep generation total 3756032K, used 1086957K [0x00000006dac00000, 0x00000007c0000000, 0x00000007c0000000)
 Metaspace       used 42573K, capacity 43892K, committed 44572K, reserved 1087488K
  class space    used 5454K, capacity 5756K, committed 5960K, reserved 1048576K
}
2020-07-01T08:34:19.365+0200: 400214.008: Total time for which application threads were stopped: 0.0187898 seconds, Stopping threads took: 0.0000532 seconds
{Heap before GC invocations=496066 (full 2):
 par new generation   total 368640K, used 327682K [0x00000006c1c00000, 0x00000006dac00000, 0x00000006dac00000)
  eden space 327680K, 100% used [0x00000006c1c00000, 0x00000006d5c00000, 0x00000006d5c00000)
  from space 40960K,   0% used [0x00000006d5c00000, 0x00000006d5c00810, 0x00000006d8400000)
  to   space 40960K,   0% used [0x00000006d8400000, 0x00000006d8400000, 0x00000006dac00000)
 concurrent mark-sweep generation total 3756032K, used 1086957K [0x00000006dac00000, 0x00000007c0000000, 0x00000007c0000000)
 Metaspace       used 42573K, capacity 43892K, committed 44572K, reserved 1087488K
  class space    used 5454K, capacity 5756K, committed 5960K, reserved 1048576K
2020-07-01T08:34:19.716+0200: 400214.359: [GC (Allocation Failure) 2020-07-01T08:34:19.716+0200: 400214.359: [ParNew
Desired survivor size 20971520 bytes, new threshold 1 (max 1)
- age   1:        728 bytes,        728 total
: 327682K->4K(368640K), 0.0171718 secs] 1414639K->1086961K(4124672K), 0.0172676 secs] [Times: user=0.01 sys=0.00, real=0.02 secs] 
Heap after GC invocations=496067 (full 2):
 par new generation   total 368640K, used 4K [0x00000006c1c00000, 0x00000006dac00000, 0x00000006dac00000)
  eden space 327680K,   0% used [0x00000006c1c00000, 0x00000006c1c00000, 0x00000006d5c00000)
  from space 40960K,   0% used [0x00000006d8400000, 0x00000006d8401020, 0x00000006dac00000)
  to   space 40960K,   0% used [0x00000006d5c00000, 0x00000006d5c00000, 0x00000006d8400000)
 concurrent mark-sweep generation total 3756032K, used 1086957K [0x00000006dac00000, 0x00000007c0000000, 0x00000007c0000000)
 Metaspace       used 42573K, capacity 43892K, committed 44572K, reserved 1087488K
  class space    used 5454K, capacity 5756K, committed 5960K, reserved 1048576K
}
2020-07-01T08:34:19.733+0200: 400214.376: Total time for which application threads were stopped: 0.0175531 seconds, Stopping threads took: 0.0000480 seconds
{Heap before GC invocations=496067 (full 2):
 par new generation   total 368640K, used 327684K [0x00000006c1c00000, 0x00000006dac00000, 0x00000006dac00000)
  eden space 327680K, 100% used [0x00000006c1c00000, 0x00000006d5c00000, 0x00000006d5c00000)
  from space 40960K,   0% used [0x00000006d8400000, 0x00000006d8401020, 0x00000006dac00000)
  to   space 40960K,   0% used [0x00000006d5c00000, 0x00000006d5c00000, 0x00000006d8400000)
 concurrent mark-sweep generation total 3756032K, used 1086957K [0x00000006dac00000, 0x00000007c0000000, 0x00000007c0000000)
 Metaspace       used 42573K, capacity 43892K, committed 44572K, reserved 1087488K
  class space    used 5454K, capacity 5756K, committed 5960K, reserved 1048576K
2020-07-01T08:34:20.074+0200: 400214.717: [GC (Allocation Failure) 2020-07-01T08:34:20.074+0200: 400214.717: [ParNew
Desired survivor size 20971520 bytes, new threshold 1 (max 1)
- age   1:        240 bytes,        240 total
: 327684K->4K(368640K), 0.0159086 secs] 1414641K->1086962K(4124672K), 0.0160476 secs] [Times: user=0.00 sys=0.00, real=0.02 secs] 
Heap after GC invocations=496068 (full 2):
 par new generation   total 368640K, used 4K [0x00000006c1c00000, 0x00000006dac00000, 0x00000006dac00000)
  eden space 327680K,   0% used [0x00000006c1c00000, 0x00000006c1c00000, 0x00000006d5c00000)
  from space 40960K,   0% used [0x00000006d5c00000, 0x00000006d5c01020, 0x00000006d8400000)
  to   space 40960K,   0% used [0x00000006d8400000, 0x00000006d8400000, 0x00000006dac00000)
 concurrent mark-sweep generation total 3756032K, used 1086958K [0x00000006dac00000, 0x00000007c0000000, 0x00000007c0000000)
 Metaspace       used 42573K, capacity 43892K, committed 44572K, reserved 1087488K
  class space    used 5454K, capacity 5756K, committed 5960K, reserved 1048576K
}
2020-07-01T08:34:20.090+0200: 400214.733: Total time for which application threads were stopped: 0.0163423 seconds, Stopping threads took: 0.0000498 seconds
{Heap before GC invocations=496068 (full 2):
 par new generation   total 368640K, used 327684K [0x00000006c1c00000, 0x00000006dac00000, 0x00000006dac00000)
  eden space 327680K, 100% used [0x00000006c1c00000, 0x00000006d5c00000, 0x00000006d5c00000)
  from space 40960K,   0% used [0x00000006d5c00000, 0x00000006d5c01020, 0x00000006d8400000)
  to   space 40960K,   0% used [0x00000006d8400000, 0x00000006d8400000, 0x00000006dac00000)
 concurrent mark-sweep generation total 3756032K, used 1086958K [0x00000006dac00000, 0x00000007c0000000, 0x00000007c0000000)
 Metaspace       used 42573K, capacity 43892K, committed 44572K, reserved 1087488K
  class space    used 5454K, capacity 5756K, committed 5960K, reserved 1048576K
2020-07-01T08:34:20.395+0200: 400215.038: [GC (Allocation Failure) 2020-07-01T08:34:20.395+0200: 400215.038: [ParNew
Desired survivor size 20971520 bytes, new threshold 1 (max 1)
- age   1:        272 bytes,        272 total
: 327684K->4K(368640K), 0.0114665 secs] 1414642K->1086962K(4124672K), 0.0115875 secs] [Times: user=0.03 sys=0.00, real=0.01 secs] 
Heap after GC invocations=496069 (full 2):
 par new generation   total 368640K, used 4K [0x00000006c1c00000, 0x00000006dac00000, 0x00000006dac00000)
  eden space 327680K,   0% used [0x00000006c1c00000, 0x00000006c1c00000, 0x00000006d5c00000)
  from space 40960K,   0% used [0x00000006d8400000, 0x00000006d8401020, 0x00000006dac00000)
  to   space 40960K,   0% used [0x00000006d5c00000, 0x00000006d5c00000, 0x00000006d8400000)
 concurrent mark-sweep generation total 3756032K, used 1086958K [0x00000006dac00000, 0x00000007c0000000, 0x00000007c0000000)
 Metaspace       used 42573K, capacity 43892K, committed 44572K, reserved 1087488K
  class space    used 5454K, capacity 5756K, committed 5960K, reserved 1048576K
}
2020-07-01T08:34:20.407+0200: 400215.049: Total time for which application threads were stopped: 0.0118908 seconds, Stopping threads took: 0.0000501 seconds
{Heap before GC invocations=496069 (full 2):
 par new generation   total 368640K, used 327684K [0x00000006c1c00000, 0x00000006dac00000, 0x00000006dac00000)
  eden space 327680K, 100% used [0x00000006c1c00000, 0x00000006d5c00000, 0x00000006d5c00000)
  from space 40960K,   0% used [0x00000006d8400000, 0x00000006d8401020, 0x00000006dac00000)
  to   space 40960K,   0% used [0x00000006d5c00000, 0x00000006d5c00000, 0x00000006d8400000)
 concurrent mark-sweep generation total 3756032K, used 1086958K [0x00000006dac00000, 0x00000007c0000000, 0x00000007c0000000)
 Metaspace       used 42573K, capacity 43892K, committed 44572K, reserved 1087488K
  class space    used 5454K, capacity 5756K, committed 5960K, reserved 1048576K
2020-07-01T08:34:20.687+0200: 400215.330: [GC (Allocation Failure) 2020-07-01T08:34:20.687+0200: 400215.330: [ParNew
Desired survivor size 20971520 bytes, new threshold 1 (max 1)
- age   1:        336 bytes,        336 total
: 327684K->4K(368640K), 0.0104673 secs] 1414642K->1086962K(4124672K), 0.0105992 secs] [Times: user=0.00 sys=0.00, real=0.01 secs] 
Heap after GC invocations=496070 (full 2):
 par new generation   total 368640K, used 4K [0x00000006c1c00000, 0x00000006dac00000, 0x00000006dac00000)
  eden space 327680K,   0% used [0x00000006c1c00000, 0x00000006c1c00000, 0x00000006d5c00000)
  from space 40960K,   0% used [0x00000006d5c00000, 0x00000006d5c01020, 0x00000006d8400000)
  to   space 40960K,   0% used [0x00000006d8400000, 0x00000006d8400000, 0x00000006dac00000)
 concurrent mark-sweep generation total 3756032K, used 1086958K [0x00000006dac00000, 0x00000007c0000000, 0x00000007c0000000)
 Metaspace       used 42573K, capacity 43892K, committed 44572K, reserved 1087488K
  class space    used 5454K, capacity 5756K, committed 5960K, reserved 1048576K
}
2020-07-01T08:34:20.697+0200: 400215.340: Total time for which application threads were stopped: 0.0109567 seconds, Stopping threads took: 0.0001235 seconds
{Heap before GC invocations=496070 (full 2):
 par new generation   total 368640K, used 327684K [0x00000006c1c00000, 0x00000006dac00000, 0x00000006dac00000)
  eden space 327680K, 100% used [0x00000006c1c00000, 0x00000006d5c00000, 0x00000006d5c00000)
  from space 40960K,   0% used [0x00000006d5c00000, 0x00000006d5c01020, 0x00000006d8400000)
  to   space 40960K,   0% used [0x00000006d8400000, 0x00000006d8400000, 0x00000006dac00000)
 concurrent mark-sweep generation total 3756032K, used 1086958K [0x00000006dac00000, 0x00000007c0000000, 0x00000007c0000000)
 Metaspace       used 42573K, capacity 43892K, committed 44572K, reserved 1087488K
  class space    used 5454K, capacity 5756K, committed 5960K, reserved 1048576K
2020-07-01T08:34:20.986+0200: 400215.629: [GC (Allocation Failure) 2020-07-01T08:34:20.986+0200: 400215.629: [ParNew
Desired survivor size 20971520 bytes, new threshold 1 (max 1)
- age   1:        240 bytes,        240 total
: 327684K->4K(368640K), 0.0103811 secs] 1414642K->1086962K(4124672K), 0.0105081 secs] [Times: user=0.03 sys=0.00, real=0.01 secs] 
Heap after GC invocations=496071 (full 2):
 par new generation   total 368640K, used 4K [0x00000006c1c00000, 0x00000006dac00000, 0x00000006dac00000)
  eden space 327680K,   0% used [0x00000006c1c00000, 0x00000006c1c00000, 0x00000006d5c00000)
  from space 40960K,   0% used [0x00000006d8400000, 0x00000006d8401020, 0x00000006dac00000)
  to   space 40960K,   0% used [0x00000006d5c00000, 0x00000006d5c00000, 0x00000006d8400000)
 concurrent mark-sweep generation total 3756032K, used 1086958K [0x00000006dac00000, 0x00000007c0000000, 0x00000007c0000000)
 Metaspace       used 42573K, capacity 43892K, committed 44572K, reserved 1087488K
  class space    used 5454K, capacity 5756K, committed 5960K, reserved 1048576K
}
2020-07-01T08:34:20.997+0200: 400215.640: Total time for which application threads were stopped: 0.0108740 seconds, Stopping threads took: 0.0001298 seconds
{Heap before GC invocations=496071 (full 2):
 par new generation   total 368640K, used 327684K [0x00000006c1c00000, 0x00000006dac00000, 0x00000006dac00000)
  eden space 327680K, 100% used [0x00000006c1c00000, 0x00000006d5c00000, 0x00000006d5c00000)
  from space 40960K,   0% used [0x00000006d8400000, 0x00000006d8401020, 0x00000006dac00000)
  to   space 40960K,   0% used [0x00000006d5c00000, 0x00000006d5c00000, 0x00000006d8400000)
 concurrent mark-sweep generation total 3756032K, used 1086958K [0x00000006dac00000, 0x00000007c0000000, 0x00000007c0000000)
 Metaspace       used 42573K, capacity 43892K, committed 44572K, reserved 1087488K
  class space    used 5454K, capacity 5756K, committed 5960K, reserved 1048576K
2020-07-01T08:34:21.292+0200: 400215.934: [GC (Allocation Failure) 2020-07-01T08:34:21.292+0200: 400215.934: [ParNew
Desired survivor size 20971520 bytes, new threshold 1 (max 1)
- age   1:        272 bytes,        272 total
: 327684K->4K(368640K), 0.0120462 secs] 1414642K->1086962K(4124672K), 0.0121752 secs] [Times: user=0.03 sys=0.00, real=0.01 secs] 
Heap after GC invocations=496072 (full 2):
 par new generation   total 368640K, used 4K [0x00000006c1c00000, 0x00000006dac00000, 0x00000006dac00000)
  eden space 327680K,   0% used [0x00000006c1c00000, 0x00000006c1c00000, 0x00000006d5c00000)
  from space 40960K,   0% used [0x00000006d5c00000, 0x00000006d5c01020, 0x00000006d8400000)
  to   space 40960K,   0% used [0x00000006d8400000, 0x00000006d8400000, 0x00000006dac00000)
 concurrent mark-sweep generation total 3756032K, used 1086958K [0x00000006dac00000, 0x00000007c0000000, 0x00000007c0000000)
 Metaspace       used 42573K, capacity 43892K, committed 44572K, reserved 1087488K
  class space    used 5454K, capacity 5756K, committed 5960K, reserved 1048576K
}
2020-07-01T08:34:21.304+0200: 400215.947: Total time for which application threads were stopped: 0.0125102 seconds, Stopping threads took: 0.0000992 seconds
{Heap before GC invocations=496072 (full 2):
 par new generation   total 368640K, used 327684K [0x00000006c1c00000, 0x00000006dac00000, 0x00000006dac00000)
  eden space 327680K, 100% used [0x00000006c1c00000, 0x00000006d5c00000, 0x00000006d5c00000)
  from space 40960K,   0% used [0x00000006d5c00000, 0x00000006d5c01020, 0x00000006d8400000)
  to   space 40960K,   0% used [0x00000006d8400000, 0x00000006d8400000, 0x00000006dac00000)
 concurrent mark-sweep generation total 3756032K, used 1086958K [0x00000006dac00000, 0x00000007c0000000, 0x00000007c0000000)
 Metaspace       used 42573K, capacity 43892K, committed 44572K, reserved 1087488K
  class space    used 5454K, capacity 5756K, committed 5960K, reserved 1048576K
2020-07-01T08:34:21.594+0200: 400216.237: [GC (Allocation Failure) 2020-07-01T08:34:21.594+0200: 400216.237: [ParNew
Desired survivor size 20971520 bytes, new threshold 1 (max 1)
- age   1:        272 bytes,        272 total
: 327684K->4K(368640K), 0.0107588 secs] 1414642K->1086962K(4124672K), 0.0109691 secs] [Times: user=0.02 sys=0.00, real=0.01 secs] 
Heap after GC invocations=496073 (full 2):
 par new generation   total 368640K, used 4K [0x00000006c1c00000, 0x00000006dac00000, 0x00000006dac00000)
  eden space 327680K,   0% used [0x00000006c1c00000, 0x00000006c1c00000, 0x00000006d5c00000)
  from space 40960K,   0% used [0x00000006d8400000, 0x00000006d8401020, 0x00000006dac00000)
  to   space 40960K,   0% used [0x00000006d5c00000, 0x00000006d5c00000, 0x00000006d8400000)
 concurrent mark-sweep generation total 3756032K, used 1086958K [0x00000006dac00000, 0x00000007c0000000, 0x00000007c0000000)
 Metaspace       used 42573K, capacity 43892K, committed 44572K, reserved 1087488K
  class space    used 5454K, capacity 5756K, committed 5960K, reserved 1048576K
}
2020-07-01T08:34:21.605+0200: 400216.248: Total time for which application threads were stopped: 0.0112789 seconds, Stopping threads took: 0.0000504 seconds
{Heap before GC invocations=496073 (full 2):
 par new generation   total 368640K, used 327684K [0x00000006c1c00000, 0x00000006dac00000, 0x00000006dac00000)
  eden space 327680K, 100% used [0x00000006c1c00000, 0x00000006d5c00000, 0x00000006d5c00000)
  from space 40960K,   0% used [0x00000006d8400000, 0x00000006d8401020, 0x00000006dac00000)
  to   space 40960K,   0% used [0x00000006d5c00000, 0x00000006d5c00000, 0x00000006d8400000)
 concurrent mark-sweep generation total 3756032K, used 1086958K [0x00000006dac00000, 0x00000007c0000000, 0x00000007c0000000)
 Metaspace       used 42573K, capacity 43892K, committed 44572K, reserved 1087488K
  class space    used 5454K, capacity 5756K, committed 5960K, reserved 1048576K
2020-07-01T08:34:21.892+0200: 400216.535: [GC (Allocation Failure) 2020-07-01T08:34:21.892+0200: 400216.535: [ParNew
Desired survivor size 20971520 bytes, new threshold 1 (max 1)
- age   1:        272 bytes,        272 total
: 327684K->4K(368640K), 0.0132992 secs] 1414642K->1086962K(4124672K), 0.0134443 secs] [Times: user=0.03 sys=0.00, real=0.01 secs] 
Heap after GC invocations=496074 (full 2):
 par new generation   total 368640K, used 4K [0x00000006c1c00000, 0x00000006dac00000, 0x00000006dac00000)
  eden space 327680K,   0% used [0x00000006c1c00000, 0x00000006c1c00000, 0x00000006d5c00000)
  from space 40960K,   0% used [0x00000006d5c00000, 0x00000006d5c01020, 0x00000006d8400000)
  to   space 40960K,   0% used [0x00000006d8400000, 0x00000006d8400000, 0x00000006dac00000)
 concurrent mark-sweep generation total 3756032K, used 1086958K [0x00000006dac00000, 0x00000007c0000000, 0x00000007c0000000)
 Metaspace       used 42573K, capacity 43892K, committed 44572K, reserved 1087488K
  class space    used 5454K, capacity 5756K, committed 5960K, reserved 1048576K
}
2020-07-01T08:34:21.906+0200: 400216.548: Total time for which application threads were stopped: 0.0138304 seconds, Stopping threads took: 0.0001232 seconds
{Heap before GC invocations=496074 (full 2):
 par new generation   total 368640K, used 327684K [0x00000006c1c00000, 0x00000006dac00000, 0x00000006dac00000)
  eden space 327680K, 100% used [0x00000006c1c00000, 0x00000006d5c00000, 0x00000006d5c00000)
  from space 40960K,   0% used [0x00000006d5c00000, 0x00000006d5c01020, 0x00000006d8400000)
  to   space 40960K,   0% used [0x00000006d8400000, 0x00000006d8400000, 0x00000006dac00000)
 concurrent mark-sweep generation total 3756032K, used 1086958K [0x00000006dac00000, 0x00000007c0000000, 0x00000007c0000000)
 Metaspace       used 42573K, capacity 43892K, committed 44572K, reserved 1087488K
  class space    used 5454K, capacity 5756K, committed 5960K, reserved 1048576K
2020-07-01T08:34:22.195+0200: 400216.837: [GC (Allocation Failure) 2020-07-01T08:34:22.195+0200: 400216.837: [ParNew
Desired survivor size 20971520 bytes, new threshold 1 (max 1)
- age   1:        240 bytes,        240 total
: 327684K->4K(368640K), 0.0167382 secs] 1414642K->1086962K(4124672K), 0.0168660 secs] [Times: user=0.02 sys=0.00, real=0.02 secs] 
Heap after GC invocations=496075 (full 2):
 par new generation   total 368640K, used 4K [0x00000006c1c00000, 0x00000006dac00000, 0x00000006dac00000)
  eden space 327680K,   0% used [0x00000006c1c00000, 0x00000006c1c00000, 0x00000006d5c00000)
  from space 40960K,   0% used [0x00000006d8400000, 0x00000006d8401020, 0x00000006dac00000)
  to   space 40960K,   0% used [0x00000006d5c00000, 0x00000006d5c00000, 0x00000006d8400000)
 concurrent mark-sweep generation total 3756032K, used 1086958K [0x00000006dac00000, 0x00000007c0000000, 0x00000007c0000000)
 Metaspace       used 42573K, capacity 43892K, committed 44572K, reserved 1087488K
  class space    used 5454K, capacity 5756K, committed 5960K, reserved 1048576K
}
2020-07-01T08:34:22.212+0200: 400216.854: Total time for which application threads were stopped: 0.0171728 seconds, Stopping threads took: 0.0000478 seconds
{Heap before GC invocations=496075 (full 2):
 par new generation   total 368640K, used 327684K [0x00000006c1c00000, 0x00000006dac00000, 0x00000006dac00000)
  eden space 327680K, 100% used [0x00000006c1c00000, 0x00000006d5c00000, 0x00000006d5c00000)
  from space 40960K,   0% used [0x00000006d8400000, 0x00000006d8401020, 0x00000006dac00000)
  to   space 40960K,   0% used [0x00000006d5c00000, 0x00000006d5c00000, 0x00000006d8400000)
 concurrent mark-sweep generation total 3756032K, used 1086958K [0x00000006dac00000, 0x00000007c0000000, 0x00000007c0000000)
 Metaspace       used 42573K, capacity 43892K, committed 44572K, reserved 1087488K
  class space    used 5454K, capacity 5756K, committed 5960K, reserved 1048576K
2020-07-01T08:34:22.700+0200: 400217.343: [GC (Allocation Failure) 2020-07-01T08:34:22.700+0200: 400217.343: [ParNew
Desired survivor size 20971520 bytes, new threshold 1 (max 1)
- age   1:        304 bytes,        304 total
: 327684K->2K(368640K), 0.1548744 secs] 1414642K->1086960K(4124672K), 0.1549975 secs] [Times: user=0.03 sys=0.00, real=0.15 secs] 
Heap after GC invocations=496076 (full 2):
 par new generation   total 368640K, used 2K [0x00000006c1c00000, 0x00000006dac00000, 0x00000006dac00000)
  eden space 327680K,   0% used [0x00000006c1c00000, 0x00000006c1c00000, 0x00000006d5c00000)
  from space 40960K,   0% used [0x00000006d5c00000, 0x00000006d5c00810, 0x00000006d8400000)
  to   space 40960K,   0% used [0x00000006d8400000, 0x00000006d8400000, 0x00000006dac00000)
 concurrent mark-sweep generation total 3756032K, used 1086958K [0x00000006dac00000, 0x00000007c0000000, 0x00000007c0000000)
 Metaspace       used 42573K, capacity 43892K, committed 44572K, reserved 1087488K
  class space    used 5454K, capacity 5756K, committed 5960K, reserved 1048576K
}
2020-07-01T08:34:22.855+0200: 400217.498: Total time for which application threads were stopped: 0.1553155 seconds, Stopping threads took: 0.0000526 seconds
{Heap before GC invocations=496076 (full 2):
 par new generation   total 368640K, used 327682K [0x00000006c1c00000, 0x00000006dac00000, 0x00000006dac00000)
  eden space 327680K, 100% used [0x00000006c1c00000, 0x00000006d5c00000, 0x00000006d5c00000)
  from space 40960K,   0% used [0x00000006d5c00000, 0x00000006d5c00810, 0x00000006d8400000)
  to   space 40960K,   0% used [0x00000006d8400000, 0x00000006d8400000, 0x00000006dac00000)
 concurrent mark-sweep generation total 3756032K, used 1086958K [0x00000006dac00000, 0x00000007c0000000, 0x00000007c0000000)
 Metaspace       used 42573K, capacity 43892K, committed 44572K, reserved 1087488K
  class space    used 5454K, capacity 5756K, committed 5960K, reserved 1048576K
2020-07-01T08:34:23.390+0200: 400218.033: [GC (Allocation Failure) 2020-07-01T08:34:23.390+0200: 400218.033: [ParNew
Desired survivor size 20971520 bytes, new threshold 1 (max 1)
- age   1:        304 bytes,        304 total
: 327682K->2K(368640K), 0.0312451 secs] 1414640K->1086960K(4124672K), 0.0313645 secs] [Times: user=0.03 sys=0.00, real=0.03 secs] 
Heap after GC invocations=496077 (full 2):
 par new generation   total 368640K, used 2K [0x00000006c1c00000, 0x00000006dac00000, 0x00000006dac00000)
  eden space 327680K,   0% used [0x00000006c1c00000, 0x00000006c1c00000, 0x00000006d5c00000)
  from space 40960K,   0% used [0x00000006d8400000, 0x00000006d8400810, 0x00000006dac00000)
  to   space 40960K,   0% used [0x00000006d5c00000, 0x00000006d5c00000, 0x00000006d8400000)
 concurrent mark-sweep generation total 3756032K, used 1086958K [0x00000006dac00000, 0x00000007c0000000, 0x00000007c0000000)
 Metaspace       used 42573K, capacity 43892K, committed 44572K, reserved 1087488K
  class space    used 5454K, capacity 5756K, committed 5960K, reserved 1048576K
}
2020-07-01T08:34:23.422+0200: 400218.064: Total time for which application threads were stopped: 0.0316842 seconds, Stopping threads took: 0.0000514 seconds
{Heap before GC invocations=496077 (full 2):
 par new generation   total 368640K, used 327682K [0x00000006c1c00000, 0x00000006dac00000, 0x00000006dac00000)
  eden space 327680K, 100% used [0x00000006c1c00000, 0x00000006d5c00000, 0x00000006d5c00000)
  from space 40960K,   0% used [0x00000006d8400000, 0x00000006d8400810, 0x00000006dac00000)
  to   space 40960K,   0% used [0x00000006d5c00000, 0x00000006d5c00000, 0x00000006d8400000)
 concurrent mark-sweep generation total 3756032K, used 1086958K [0x00000006dac00000, 0x00000007c0000000, 0x00000007c0000000)
 Metaspace       used 42573K, capacity 43892K, committed 44572K, reserved 1087488K
  class space    used 5454K, capacity 5756K, committed 5960K, reserved 1048576K
2020-07-01T08:34:23.800+0200: 400218.443: [GC (Allocation Failure) 2020-07-01T08:34:23.800+0200: 400218.443: [ParNew
Desired survivor size 20971520 bytes, new threshold 1 (max 1)
- age   1:        240 bytes,        240 total
: 327682K->4K(368640K), 0.0166264 secs] 1414640K->1086962K(4124672K), 0.0167816 secs] [Times: user=0.03 sys=0.00, real=0.01 secs] 
Heap after GC invocations=496078 (full 2):
 par new generation   total 368640K, used 4K [0x00000006c1c00000, 0x00000006dac00000, 0x00000006dac00000)
  eden space 327680K,   0% used [0x00000006c1c00000, 0x00000006c1c00000, 0x00000006d5c00000)
  from space 40960K,   0% used [0x00000006d5c00000, 0x00000006d5c01020, 0x00000006d8400000)
  to   space 40960K,   0% used [0x00000006d8400000, 0x00000006d8400000, 0x00000006dac00000)
 concurrent mark-sweep generation total 3756032K, used 1086958K [0x00000006dac00000, 0x00000007c0000000, 0x00000007c0000000)
 Metaspace       used 42573K, capacity 43892K, committed 44572K, reserved 1087488K
  class space    used 5454K, capacity 5756K, committed 5960K, reserved 1048576K
}
2020-07-01T08:34:23.817+0200: 400218.460: Total time for which application threads were stopped: 0.0170827 seconds, Stopping threads took: 0.0000479 seconds
{Heap before GC invocations=496078 (full 2):
 par new generation   total 368640K, used 327684K [0x00000006c1c00000, 0x00000006dac00000, 0x00000006dac00000)
  eden space 327680K, 100% used [0x00000006c1c00000, 0x00000006d5c00000, 0x00000006d5c00000)
  from space 40960K,   0% used [0x00000006d5c00000, 0x00000006d5c01020, 0x00000006d8400000)
  to   space 40960K,   0% used [0x00000006d8400000, 0x00000006d8400000, 0x00000006dac00000)
 concurrent mark-sweep generation total 3756032K, used 1086958K [0x00000006dac00000, 0x00000007c0000000, 0x00000007c0000000)
 Metaspace       used 42573K, capacity 43892K, committed 44572K, reserved 1087488K
  class space    used 5454K, capacity 5756K, committed 5960K, reserved 1048576K
2020-07-01T08:34:24.169+0200: 400218.812: [GC (Allocation Failure) 2020-07-01T08:34:24.169+0200: 400218.812: [ParNew
Desired survivor size 20971520 bytes, new threshold 1 (max 1)
- age   1:        272 bytes,        272 total
: 327684K->4K(368640K), 0.0137342 secs] 1414642K->1086962K(4124672K), 0.0138658 secs] [Times: user=0.00 sys=0.00, real=0.01 secs] 
Heap after GC invocations=496079 (full 2):
 par new generation   total 368640K, used 4K [0x00000006c1c00000, 0x00000006dac00000, 0x00000006dac00000)
  eden space 327680K,   0% used [0x00000006c1c00000, 0x00000006c1c00000, 0x00000006d5c00000)
  from space 40960K,   0% used [0x00000006d8400000, 0x00000006d8401020, 0x00000006dac00000)
  to   space 40960K,   0% used [0x00000006d5c00000, 0x00000006d5c00000, 0x00000006d8400000)
 concurrent mark-sweep generation total 3756032K, used 1086958K [0x00000006dac00000, 0x00000007c0000000, 0x00000007c0000000)
 Metaspace       used 42573K, capacity 43892K, committed 44572K, reserved 1087488K
  class space    used 5454K, capacity 5756K, committed 5960K, reserved 1048576K
}
2020-07-01T08:34:24.183+0200: 400218.826: Total time for which application threads were stopped: 0.0143485 seconds, Stopping threads took: 0.0002206 seconds
{Heap before GC invocations=496079 (full 2):
 par new generation   total 368640K, used 327684K [0x00000006c1c00000, 0x00000006dac00000, 0x00000006dac00000)
  eden space 327680K, 100% used [0x00000006c1c00000, 0x00000006d5c00000, 0x00000006d5c00000)
  from space 40960K,   0% used [0x00000006d8400000, 0x00000006d8401020, 0x00000006dac00000)
  to   space 40960K,   0% used [0x00000006d5c00000, 0x00000006d5c00000, 0x00000006d8400000)
 concurrent mark-sweep generation total 3756032K, used 1086958K [0x00000006dac00000, 0x00000007c0000000, 0x00000007c0000000)
 Metaspace       used 42573K, capacity 43892K, committed 44572K, reserved 1087488K
  class space    used 5454K, capacity 5756K, committed 5960K, reserved 1048576K
2020-07-01T08:34:24.592+0200: 400219.235: [GC (Allocation Failure) 2020-07-01T08:34:24.592+0200: 400219.235: [ParNew
Desired survivor size 20971520 bytes, new threshold 1 (max 1)
- age   1:        272 bytes,        272 total
: 327684K->4K(368640K), 0.0337905 secs] 1414642K->1086962K(4124672K), 0.0339147 secs] [Times: user=0.02 sys=0.00, real=0.03 secs] 
Heap after GC invocations=496080 (full 2):
 par new generation   total 368640K, used 4K [0x00000006c1c00000, 0x00000006dac00000, 0x00000006dac00000)
  eden space 327680K,   0% used [0x00000006c1c00000, 0x00000006c1c00000, 0x00000006d5c00000)
  from space 40960K,   0% used [0x00000006d5c00000, 0x00000006d5c01020, 0x00000006d8400000)
  to   space 40960K,   0% used [0x00000006d8400000, 0x00000006d8400000, 0x00000006dac00000)
 concurrent mark-sweep generation total 3756032K, used 1086958K [0x00000006dac00000, 0x00000007c0000000, 0x00000007c0000000)
 Metaspace       used 42573K, capacity 43892K, committed 44572K, reserved 1087488K
  class space    used 5454K, capacity 5756K, committed 5960K, reserved 1048576K
}
2020-07-01T08:34:24.626+0200: 400219.269: Total time for which application threads were stopped: 0.0343900 seconds, Stopping threads took: 0.0000506 seconds
{Heap before GC invocations=496080 (full 2):
 par new generation   total 368640K, used 327684K [0x00000006c1c00000, 0x00000006dac00000, 0x00000006dac00000)
  eden space 327680K, 100% used [0x00000006c1c00000, 0x00000006d5c00000, 0x00000006d5c00000)
  from space 40960K,   0% used [0x00000006d5c00000, 0x00000006d5c01020, 0x00000006d8400000)
  to   space 40960K,   0% used [0x00000006d8400000, 0x00000006d8400000, 0x00000006dac00000)
 concurrent mark-sweep generation total 3756032K, used 1086958K [0x00000006dac00000, 0x00000007c0000000, 0x00000007c0000000)
 Metaspace       used 42573K, capacity 43892K, committed 44572K, reserved 1087488K
  class space    used 5454K, capacity 5756K, committed 5960K, reserved 1048576K
2020-07-01T08:34:25.050+0200: 400219.693: [GC (Allocation Failure) 2020-07-01T08:34:25.050+0200: 400219.693: [ParNew
Desired survivor size 20971520 bytes, new threshold 1 (max 1)
- age   1:        240 bytes,        240 total
: 327684K->2K(368640K), 0.0496826 secs] 1414642K->1086960K(4124672K), 0.0497840 secs] [Times: user=0.03 sys=0.00, real=0.05 secs] 
Heap after GC invocations=496081 (full 2):
 par new generation   total 368640K, used 2K [0x00000006c1c00000, 0x00000006dac00000, 0x00000006dac00000)
  eden space 327680K,   0% used [0x00000006c1c00000, 0x00000006c1c00000, 0x00000006d5c00000)
  from space 40960K,   0% used [0x00000006d8400000, 0x00000006d8400810, 0x00000006dac00000)
  to   space 40960K,   0% used [0x00000006d5c00000, 0x00000006d5c00000, 0x00000006d8400000)
 concurrent mark-sweep generation total 3756032K, used 1086958K [0x00000006dac00000, 0x00000007c0000000, 0x00000007c0000000)
 Metaspace       used 42573K, capacity 43892K, committed 44572K, reserved 1087488K
  class space    used 5454K, capacity 5756K, committed 5960K, reserved 1048576K
}
2020-07-01T08:34:25.100+0200: 400219.743: Total time for which application threads were stopped: 0.0500651 seconds, Stopping threads took: 0.0000509 seconds
{Heap before GC invocations=496081 (full 2):
 par new generation   total 368640K, used 327682K [0x00000006c1c00000, 0x00000006dac00000, 0x00000006dac00000)
  eden space 327680K, 100% used [0x00000006c1c00000, 0x00000006d5c00000, 0x00000006d5c00000)
  from space 40960K,   0% used [0x00000006d8400000, 0x00000006d8400810, 0x00000006dac00000)
  to   space 40960K,   0% used [0x00000006d5c00000, 0x00000006d5c00000, 0x00000006d8400000)
 concurrent mark-sweep generation total 3756032K, used 1086958K [0x00000006dac00000, 0x00000007c0000000, 0x00000007c0000000)
 Metaspace       used 42573K, capacity 43892K, committed 44572K, reserved 1087488K
  class space    used 5454K, capacity 5756K, committed 5960K, reserved 1048576K
2020-07-01T08:34:25.517+0200: 400220.160: [GC (Allocation Failure) 2020-07-01T08:34:25.517+0200: 400220.160: [ParNew
Desired survivor size 20971520 bytes, new threshold 1 (max 1)
- age   1:        304 bytes,        304 total
: 327682K->4K(368640K), 0.0108971 secs] 1414640K->1086962K(4124672K), 0.0110008 secs] [Times: user=0.05 sys=0.00, real=0.02 secs] 
Heap after GC invocations=496082 (full 2):
 par new generation   total 368640K, used 4K [0x00000006c1c00000, 0x00000006dac00000, 0x00000006dac00000)
  eden space 327680K,   0% used [0x00000006c1c00000, 0x00000006c1c00000, 0x00000006d5c00000)
  from space 40960K,   0% used [0x00000006d5c00000, 0x00000006d5c01020, 0x00000006d8400000)
  to   space 40960K,   0% used [0x00000006d8400000, 0x00000006d8400000, 0x00000006dac00000)
 concurrent mark-sweep generation total 3756032K, used 1086958K [0x00000006dac00000, 0x00000007c0000000, 0x00000007c0000000)
 Metaspace       used 42573K, capacity 43892K, committed 44572K, reserved 1087488K
  class space    used 5454K, capacity 5756K, committed 5960K, reserved 1048576K
}
2020-07-01T08:34:25.528+0200: 400220.171: Total time for which application threads were stopped: 0.0112727 seconds, Stopping threads took: 0.0000469 seconds
{Heap before GC invocations=496082 (full 2):
 par new generation   total 368640K, used 327684K [0x00000006c1c00000, 0x00000006dac00000, 0x00000006dac00000)
  eden space 327680K, 100% used [0x00000006c1c00000, 0x00000006d5c00000, 0x00000006d5c00000)
  from space 40960K,   0% used [0x00000006d5c00000, 0x00000006d5c01020, 0x00000006d8400000)
  to   space 40960K,   0% used [0x00000006d8400000, 0x00000006d8400000, 0x00000006dac00000)
 concurrent mark-sweep generation total 3756032K, used 1086958K [0x00000006dac00000, 0x00000007c0000000, 0x00000007c0000000)
 Metaspace       used 42573K, capacity 43892K, committed 44572K, reserved 1087488K
  class space    used 5454K, capacity 5756K, committed 5960K, reserved 1048576K
2020-07-01T08:34:25.973+0200: 400220.616: [GC (Allocation Failure) 2020-07-01T08:34:25.973+0200: 400220.616: [ParNew
Desired survivor size 20971520 bytes, new threshold 1 (max 1)
- age   1:        304 bytes,        304 total
: 327684K->6K(368640K), 0.0149574 secs] 1414642K->1086964K(4124672K), 0.0151132 secs] [Times: user=0.02 sys=0.00, real=0.02 secs] 
Heap after GC invocations=496083 (full 2):
 par new generation   total 368640K, used 6K [0x00000006c1c00000, 0x00000006dac00000, 0x00000006dac00000)
  eden space 327680K,   0% used [0x00000006c1c00000, 0x00000006c1c00000, 0x00000006d5c00000)
  from space 40960K,   0% used [0x00000006d8400000, 0x00000006d8401830, 0x00000006dac00000)
  to   space 40960K,   0% used [0x00000006d5c00000, 0x00000006d5c00000, 0x00000006d8400000)
 concurrent mark-sweep generation total 3756032K, used 1086958K [0x00000006dac00000, 0x00000007c0000000, 0x00000007c0000000)
 Metaspace       used 42573K, capacity 43892K, committed 44572K, reserved 1087488K
  class space    used 5454K, capacity 5756K, committed 5960K, reserved 1048576K
}
2020-07-01T08:34:25.989+0200: 400220.631: Total time for which application threads were stopped: 0.0154613 seconds, Stopping threads took: 0.0000962 seconds
{Heap before GC invocations=496083 (full 2):
 par new generation   total 368640K, used 327686K [0x00000006c1c00000, 0x00000006dac00000, 0x00000006dac00000)
  eden space 327680K, 100% used [0x00000006c1c00000, 0x00000006d5c00000, 0x00000006d5c00000)
  from space 40960K,   0% used [0x00000006d8400000, 0x00000006d8401830, 0x00000006dac00000)
  to   space 40960K,   0% used [0x00000006d5c00000, 0x00000006d5c00000, 0x00000006d8400000)
 concurrent mark-sweep generation total 3756032K, used 1086958K [0x00000006dac00000, 0x00000007c0000000, 0x00000007c0000000)
 Metaspace       used 42573K, capacity 43892K, committed 44572K, reserved 1087488K
  class space    used 5454K, capacity 5756K, committed 5960K, reserved 1048576K
2020-07-01T08:34:26.319+0200: 400220.962: [GC (Allocation Failure) 2020-07-01T08:34:26.319+0200: 400220.962: [ParNew
Desired survivor size 20971520 bytes, new threshold 1 (max 1)
- age   1:        272 bytes,        272 total
: 327686K->2K(368640K), 0.0211183 secs] 1414644K->1086960K(4124672K), 0.0212294 secs] [Times: user=0.03 sys=0.00, real=0.02 secs] 
Heap after GC invocations=496084 (full 2):
 par new generation   total 368640K, used 2K [0x00000006c1c00000, 0x00000006dac00000, 0x00000006dac00000)
  eden space 327680K,   0% used [0x00000006c1c00000, 0x00000006c1c00000, 0x00000006d5c00000)
  from space 40960K,   0% used [0x00000006d5c00000, 0x00000006d5c00810, 0x00000006d8400000)
  to   space 40960K,   0% used [0x00000006d8400000, 0x00000006d8400000, 0x00000006dac00000)
 concurrent mark-sweep generation total 3756032K, used 1086958K [0x00000006dac00000, 0x00000007c0000000, 0x00000007c0000000)
 Metaspace       used 42573K, capacity 43892K, committed 44572K, reserved 1087488K
  class space    used 5454K, capacity 5756K, committed 5960K, reserved 1048576K
}
2020-07-01T08:34:26.340+0200: 400220.983: Total time for which application threads were stopped: 0.0215038 seconds, Stopping threads took: 0.0000481 seconds
{Heap before GC invocations=496084 (full 2):
 par new generation   total 368640K, used 327682K [0x00000006c1c00000, 0x00000006dac00000, 0x00000006dac00000)
  eden space 327680K, 100% used [0x00000006c1c00000, 0x00000006d5c00000, 0x00000006d5c00000)
  from space 40960K,   0% used [0x00000006d5c00000, 0x00000006d5c00810, 0x00000006d8400000)
  to   space 40960K,   0% used [0x00000006d8400000, 0x00000006d8400000, 0x00000006dac00000)
 concurrent mark-sweep generation total 3756032K, used 1086958K [0x00000006dac00000, 0x00000007c0000000, 0x00000007c0000000)
 Metaspace       used 42573K, capacity 43892K, committed 44572K, reserved 1087488K
  class space    used 5454K, capacity 5756K, committed 5960K, reserved 1048576K
2020-07-01T08:34:26.700+0200: 400221.343: [GC (Allocation Failure) 2020-07-01T08:34:26.701+0200: 400221.343: [ParNew
Desired survivor size 20971520 bytes, new threshold 1 (max 1)
- age   1:        272 bytes,        272 total
: 327682K->4K(368640K), 0.0181146 secs] 1414640K->1086962K(4124672K), 0.0182473 secs] [Times: user=0.00 sys=0.00, real=0.02 secs] 
Heap after GC invocations=496085 (full 2):
 par new generation   total 368640K, used 4K [0x00000006c1c00000, 0x00000006dac00000, 0x00000006dac00000)
  eden space 327680K,   0% used [0x00000006c1c00000, 0x00000006c1c00000, 0x00000006d5c00000)
  from space 40960K,   0% used [0x00000006d8400000, 0x00000006d8401020, 0x00000006dac00000)
  to   space 40960K,   0% used [0x00000006d5c00000, 0x00000006d5c00000, 0x00000006d8400000)
 concurrent mark-sweep generation total 3756032K, used 1086958K [0x00000006dac00000, 0x00000007c0000000, 0x00000007c0000000)
 Metaspace       used 42573K, capacity 43892K, committed 44572K, reserved 1087488K
  class space    used 5454K, capacity 5756K, committed 5960K, reserved 1048576K
}
2020-07-01T08:34:26.719+0200: 400221.362: Total time for which application threads were stopped: 0.0186247 seconds, Stopping threads took: 0.0000607 seconds
{Heap before GC invocations=496085 (full 2):
 par new generation   total 368640K, used 327684K [0x00000006c1c00000, 0x00000006dac00000, 0x00000006dac00000)
  eden space 327680K, 100% used [0x00000006c1c00000, 0x00000006d5c00000, 0x00000006d5c00000)
  from space 40960K,   0% used [0x00000006d8400000, 0x00000006d8401020, 0x00000006dac00000)
  to   space 40960K,   0% used [0x00000006d5c00000, 0x00000006d5c00000, 0x00000006d8400000)
 concurrent mark-sweep generation total 3756032K, used 1086958K [0x00000006dac00000, 0x00000007c0000000, 0x00000007c0000000)
 Metaspace       used 42573K, capacity 43892K, committed 44572K, reserved 1087488K
  class space    used 5454K, capacity 5756K, committed 5960K, reserved 1048576K
2020-07-01T08:34:27.096+0200: 400221.739: [GC (Allocation Failure) 2020-07-01T08:34:27.096+0200: 400221.739: [ParNew
Desired survivor size 20971520 bytes, new threshold 1 (max 1)
- age   1:        240 bytes,        240 total
: 327684K->4K(368640K), 0.0160453 secs] 1414642K->1086962K(4124672K), 0.0161713 secs] [Times: user=0.03 sys=0.00, real=0.02 secs] 
Heap after GC invocations=496086 (full 2):
 par new generation   total 368640K, used 4K [0x00000006c1c00000, 0x00000006dac00000, 0x00000006dac00000)
  eden space 327680K,   0% used [0x00000006c1c00000, 0x00000006c1c00000, 0x00000006d5c00000)
  from space 40960K,   0% used [0x00000006d5c00000, 0x00000006d5c01020, 0x00000006d8400000)
  to   space 40960K,   0% used [0x00000006d8400000, 0x00000006d8400000, 0x00000006dac00000)
 concurrent mark-sweep generation total 3756032K, used 1086958K [0x00000006dac00000, 0x00000007c0000000, 0x00000007c0000000)
 Metaspace       used 42573K, capacity 43892K, committed 44572K, reserved 1087488K
  class space    used 5454K, capacity 5756K, committed 5960K, reserved 1048576K
}
2020-07-01T08:34:27.112+0200: 400221.755: Total time for which application threads were stopped: 0.0164936 seconds, Stopping threads took: 0.0000510 seconds
{Heap before GC invocations=496086 (full 2):
 par new generation   total 368640K, used 327684K [0x00000006c1c00000, 0x00000006dac00000, 0x00000006dac00000)
  eden space 327680K, 100% used [0x00000006c1c00000, 0x00000006d5c00000, 0x00000006d5c00000)
  from space 40960K,   0% used [0x00000006d5c00000, 0x00000006d5c01020, 0x00000006d8400000)
  to   space 40960K,   0% used [0x00000006d8400000, 0x00000006d8400000, 0x00000006dac00000)
 concurrent mark-sweep generation total 3756032K, used 1086958K [0x00000006dac00000, 0x00000007c0000000, 0x00000007c0000000)
 Metaspace       used 42573K, capacity 43892K, committed 44572K, reserved 1087488K
  class space    used 5454K, capacity 5756K, committed 5960K, reserved 1048576K
2020-07-01T08:34:27.485+0200: 400222.128: [GC (Allocation Failure) 2020-07-01T08:34:27.485+0200: 400222.128: [ParNew
Desired survivor size 20971520 bytes, new threshold 1 (max 1)
- age   1:        336 bytes,        336 total
: 327684K->4K(368640K), 0.0176506 secs] 1414642K->1086962K(4124672K), 0.0177924 secs] [Times: user=0.03 sys=0.00, real=0.02 secs] 
Heap after GC invocations=496087 (full 2):
 par new generation   total 368640K, used 4K [0x00000006c1c00000, 0x00000006dac00000, 0x00000006dac00000)
  eden space 327680K,   0% used [0x00000006c1c00000, 0x00000006c1c00000, 0x00000006d5c00000)
  from space 40960K,   0% used [0x00000006d8400000, 0x00000006d8401020, 0x00000006dac00000)
  to   space 40960K,   0% used [0x00000006d5c00000, 0x00000006d5c00000, 0x00000006d8400000)
 concurrent mark-sweep generation total 3756032K, used 1086958K [0x00000006dac00000, 0x00000007c0000000, 0x00000007c0000000)
 Metaspace       used 42573K, capacity 43892K, committed 44572K, reserved 1087488K
  class space    used 5454K, capacity 5756K, committed 5960K, reserved 1048576K
}
2020-07-01T08:34:27.503+0200: 400222.145: Total time for which application threads were stopped: 0.0222232 seconds, Stopping threads took: 0.0041694 seconds
{Heap before GC invocations=496087 (full 2):
 par new generation   total 368640K, used 327684K [0x00000006c1c00000, 0x00000006dac00000, 0x00000006dac00000)
  eden space 327680K, 100% used [0x00000006c1c00000, 0x00000006d5c00000, 0x00000006d5c00000)
  from space 40960K,   0% used [0x00000006d8400000, 0x00000006d8401020, 0x00000006dac00000)
  to   space 40960K,   0% used [0x00000006d5c00000, 0x00000006d5c00000, 0x00000006d8400000)
 concurrent mark-sweep generation total 3756032K, used 1086958K [0x00000006dac00000, 0x00000007c0000000, 0x00000007c0000000)
 Metaspace       used 42573K, capacity 43892K, committed 44572K, reserved 1087488K
  class space    used 5454K, capacity 5756K, committed 5960K, reserved 1048576K
2020-07-01T08:34:27.866+0200: 400222.509: [GC (Allocation Failure) 2020-07-01T08:34:27.866+0200: 400222.509: [ParNew
Desired survivor size 20971520 bytes, new threshold 1 (max 1)
- age   1:        536 bytes,        536 total
: 327684K->4K(368640K), 0.0362981 secs] 1414642K->1086962K(4124672K), 0.0364041 secs] [Times: user=0.03 sys=0.00, real=0.04 secs] 
Heap after GC invocations=496088 (full 2):
 par new generation   total 368640K, used 4K [0x00000006c1c00000, 0x00000006dac00000, 0x00000006dac00000)
  eden space 327680K,   0% used [0x00000006c1c00000, 0x00000006c1c00000, 0x00000006d5c00000)
  from space 40960K,   0% used [0x00000006d5c00000, 0x00000006d5c01020, 0x00000006d8400000)
  to   space 40960K,   0% used [0x00000006d8400000, 0x00000006d8400000, 0x00000006dac00000)
 concurrent mark-sweep generation total 3756032K, used 1086958K [0x00000006dac00000, 0x00000007c0000000, 0x00000007c0000000)
 Metaspace       used 42573K, capacity 43892K, committed 44572K, reserved 1087488K
  class space    used 5454K, capacity 5756K, committed 5960K, reserved 1048576K
}
2020-07-01T08:34:27.902+0200: 400222.545: Total time for which application threads were stopped: 0.0367448 seconds, Stopping threads took: 0.0000887 seconds
{Heap before GC invocations=496088 (full 2):
 par new generation   total 368640K, used 327684K [0x00000006c1c00000, 0x00000006dac00000, 0x00000006dac00000)
  eden space 327680K, 100% used [0x00000006c1c00000, 0x00000006d5c00000, 0x00000006d5c00000)
  from space 40960K,   0% used [0x00000006d5c00000, 0x00000006d5c01020, 0x00000006d8400000)
  to   space 40960K,   0% used [0x00000006d8400000, 0x00000006d8400000, 0x00000006dac00000)
 concurrent mark-sweep generation total 3756032K, used 1086958K [0x00000006dac00000, 0x00000007c0000000, 0x00000007c0000000)
 Metaspace       used 42573K, capacity 43892K, committed 44572K, reserved 1087488K
  class space    used 5454K, capacity 5756K, committed 5960K, reserved 1048576K
2020-07-01T08:34:28.353+0200: 400222.996: [GC (Allocation Failure) 2020-07-01T08:34:28.354+0200: 400222.996: [ParNew
Desired survivor size 20971520 bytes, new threshold 1 (max 1)
- age   1:        272 bytes,        272 total
: 327684K->2K(368640K), 0.0674297 secs] 1414642K->1086961K(4124672K), 0.0675405 secs] [Times: user=0.03 sys=0.00, real=0.07 secs] 
Heap after GC invocations=496089 (full 2):
 par new generation   total 368640K, used 2K [0x00000006c1c00000, 0x00000006dac00000, 0x00000006dac00000)
  eden space 327680K,   0% used [0x00000006c1c00000, 0x00000006c1c00000, 0x00000006d5c00000)
  from space 40960K,   0% used [0x00000006d8400000, 0x00000006d8400810, 0x00000006dac00000)
  to   space 40960K,   0% used [0x00000006d5c00000, 0x00000006d5c00000, 0x00000006d8400000)
 concurrent mark-sweep generation total 3756032K, used 1086959K [0x00000006dac00000, 0x00000007c0000000, 0x00000007c0000000)
 Metaspace       used 42573K, capacity 43892K, committed 44572K, reserved 1087488K
  class space    used 5454K, capacity 5756K, committed 5960K, reserved 1048576K
}
2020-07-01T08:34:28.421+0200: 400223.064: Total time for which application threads were stopped: 0.0678343 seconds, Stopping threads took: 0.0000513 seconds
{Heap before GC invocations=496089 (full 2):
 par new generation   total 368640K, used 327682K [0x00000006c1c00000, 0x00000006dac00000, 0x00000006dac00000)
  eden space 327680K, 100% used [0x00000006c1c00000, 0x00000006d5c00000, 0x00000006d5c00000)
  from space 40960K,   0% used [0x00000006d8400000, 0x00000006d8400810, 0x00000006dac00000)
  to   space 40960K,   0% used [0x00000006d5c00000, 0x00000006d5c00000, 0x00000006d8400000)
 concurrent mark-sweep generation total 3756032K, used 1086959K [0x00000006dac00000, 0x00000007c0000000, 0x00000007c0000000)
 Metaspace       used 42573K, capacity 43892K, committed 44572K, reserved 1087488K
  class space    used 5454K, capacity 5756K, committed 5960K, reserved 1048576K
2020-07-01T08:34:28.822+0200: 400223.465: [GC (Allocation Failure) 2020-07-01T08:34:28.822+0200: 400223.465: [ParNew
Desired survivor size 20971520 bytes, new threshold 1 (max 1)
- age   1:        272 bytes,        272 total
: 327682K->2K(368640K), 0.0493301 secs] 1414641K->1086961K(4124672K), 0.0494529 secs] [Times: user=0.02 sys=0.00, real=0.05 secs] 
Heap after GC invocations=496090 (full 2):
 par new generation   total 368640K, used 2K [0x00000006c1c00000, 0x00000006dac00000, 0x00000006dac00000)
  eden space 327680K,   0% used [0x00000006c1c00000, 0x00000006c1c00000, 0x00000006d5c00000)
  from space 40960K,   0% used [0x00000006d5c00000, 0x00000006d5c00810, 0x00000006d8400000)
  to   space 40960K,   0% used [0x00000006d8400000, 0x00000006d8400000, 0x00000006dac00000)
 concurrent mark-sweep generation total 3756032K, used 1086959K [0x00000006dac00000, 0x00000007c0000000, 0x00000007c0000000)
 Metaspace       used 42573K, capacity 43892K, committed 44572K, reserved 1087488K
  class space    used 5454K, capacity 5756K, committed 5960K, reserved 1048576K
}
2020-07-01T08:34:28.871+0200: 400223.514: Total time for which application threads were stopped: 0.0497357 seconds, Stopping threads took: 0.0000440 seconds
{Heap before GC invocations=496090 (full 2):
 par new generation   total 368640K, used 327682K [0x00000006c1c00000, 0x00000006dac00000, 0x00000006dac00000)
  eden space 327680K, 100% used [0x00000006c1c00000, 0x00000006d5c00000, 0x00000006d5c00000)
  from space 40960K,   0% used [0x00000006d5c00000, 0x00000006d5c00810, 0x00000006d8400000)
  to   space 40960K,   0% used [0x00000006d8400000, 0x00000006d8400000, 0x00000006dac00000)
 concurrent mark-sweep generation total 3756032K, used 1086959K [0x00000006dac00000, 0x00000007c0000000, 0x00000007c0000000)
 Metaspace       used 42573K, capacity 43892K, committed 44572K, reserved 1087488K
  class space    used 5454K, capacity 5756K, committed 5960K, reserved 1048576K
2020-07-01T08:34:29.215+0200: 400223.858: [GC (Allocation Failure) 2020-07-01T08:34:29.215+0200: 400223.858: [ParNew
Desired survivor size 20971520 bytes, new threshold 1 (max 1)
- age   1:        272 bytes,        272 total
: 327682K->2K(368640K), 0.0127670 secs] 1414641K->1086961K(4124672K), 0.0128932 secs] [Times: user=0.00 sys=0.00, real=0.02 secs] 
Heap after GC invocations=496091 (full 2):
 par new generation   total 368640K, used 2K [0x00000006c1c00000, 0x00000006dac00000, 0x00000006dac00000)
  eden space 327680K,   0% used [0x00000006c1c00000, 0x00000006c1c00000, 0x00000006d5c00000)
  from space 40960K,   0% used [0x00000006d8400000, 0x00000006d8400810, 0x00000006dac00000)
  to   space 40960K,   0% used [0x00000006d5c00000, 0x00000006d5c00000, 0x00000006d8400000)
 concurrent mark-sweep generation total 3756032K, used 1086959K [0x00000006dac00000, 0x00000007c0000000, 0x00000007c0000000)
 Metaspace       used 42573K, capacity 43892K, committed 44572K, reserved 1087488K
  class space    used 5454K, capacity 5756K, committed 5960K, reserved 1048576K
}
2020-07-01T08:34:29.228+0200: 400223.871: Total time for which application threads were stopped: 0.0133223 seconds, Stopping threads took: 0.0001743 seconds
{Heap before GC invocations=496091 (full 2):
 par new generation   total 368640K, used 327682K [0x00000006c1c00000, 0x00000006dac00000, 0x00000006dac00000)
  eden space 327680K, 100% used [0x00000006c1c00000, 0x00000006d5c00000, 0x00000006d5c00000)
  from space 40960K,   0% used [0x00000006d8400000, 0x00000006d8400810, 0x00000006dac00000)
  to   space 40960K,   0% used [0x00000006d5c00000, 0x00000006d5c00000, 0x00000006d8400000)
 concurrent mark-sweep generation total 3756032K, used 1086959K [0x00000006dac00000, 0x00000007c0000000, 0x00000007c0000000)
 Metaspace       used 42573K, capacity 43892K, committed 44572K, reserved 1087488K
  class space    used 5454K, capacity 5756K, committed 5960K, reserved 1048576K
2020-07-01T08:34:29.539+0200: 400224.182: [GC (Allocation Failure) 2020-07-01T08:34:29.540+0200: 400224.182: [ParNew
Desired survivor size 20971520 bytes, new threshold 1 (max 1)
- age   1:        304 bytes,        304 total
: 327682K->4K(368640K), 0.0095046 secs] 1414641K->1086963K(4124672K), 0.0096359 secs] [Times: user=0.02 sys=0.00, real=0.01 secs] 
Heap after GC invocations=496092 (full 2):
 par new generation   total 368640K, used 4K [0x00000006c1c00000, 0x00000006dac00000, 0x00000006dac00000)
  eden space 327680K,   0% used [0x00000006c1c00000, 0x00000006c1c00000, 0x00000006d5c00000)
  from space 40960K,   0% used [0x00000006d5c00000, 0x00000006d5c01020, 0x00000006d8400000)
  to   space 40960K,   0% used [0x00000006d8400000, 0x00000006d8400000, 0x00000006dac00000)
 concurrent mark-sweep generation total 3756032K, used 1086959K [0x00000006dac00000, 0x00000007c0000000, 0x00000007c0000000)
 Metaspace       used 42573K, capacity 43892K, committed 44572K, reserved 1087488K
  class space    used 5454K, capacity 5756K, committed 5960K, reserved 1048576K
}
2020-07-01T08:34:29.549+0200: 400224.192: Total time for which application threads were stopped: 0.0099836 seconds, Stopping threads took: 0.0000966 seconds
{Heap before GC invocations=496092 (full 2):
 par new generation   total 368640K, used 327684K [0x00000006c1c00000, 0x00000006dac00000, 0x00000006dac00000)
  eden space 327680K, 100% used [0x00000006c1c00000, 0x00000006d5c00000, 0x00000006d5c00000)
  from space 40960K,   0% used [0x00000006d5c00000, 0x00000006d5c01020, 0x00000006d8400000)
  to   space 40960K,   0% used [0x00000006d8400000, 0x00000006d8400000, 0x00000006dac00000)
 concurrent mark-sweep generation total 3756032K, used 1086959K [0x00000006dac00000, 0x00000007c0000000, 0x00000007c0000000)
 Metaspace       used 42573K, capacity 43892K, committed 44572K, reserved 1087488K
  class space    used 5454K, capacity 5756K, committed 5960K, reserved 1048576K
2020-07-01T08:34:29.877+0200: 400224.520: [GC (Allocation Failure) 2020-07-01T08:34:29.877+0200: 400224.520: [ParNew
Desired survivor size 20971520 bytes, new threshold 1 (max 1)
- age   1:        696 bytes,        696 total
: 327684K->2K(368640K), 0.0468909 secs] 1414643K->1086961K(4124672K), 0.0470812 secs] [Times: user=0.04 sys=0.00, real=0.05 secs] 
Heap after GC invocations=496093 (full 2):
 par new generation   total 368640K, used 2K [0x00000006c1c00000, 0x00000006dac00000, 0x00000006dac00000)
  eden space 327680K,   0% used [0x00000006c1c00000, 0x00000006c1c00000, 0x00000006d5c00000)
  from space 40960K,   0% used [0x00000006d8400000, 0x00000006d8400810, 0x00000006dac00000)
  to   space 40960K,   0% used [0x00000006d5c00000, 0x00000006d5c00000, 0x00000006d8400000)
 concurrent mark-sweep generation total 3756032K, used 1086959K [0x00000006dac00000, 0x00000007c0000000, 0x00000007c0000000)
 Metaspace       used 42573K, capacity 43892K, committed 44572K, reserved 1087488K
  class space    used 5454K, capacity 5756K, committed 5960K, reserved 1048576K
}
2020-07-01T08:34:29.924+0200: 400224.567: Total time for which application threads were stopped: 0.0493953 seconds, Stopping threads took: 0.0020455 seconds
{Heap before GC invocations=496093 (full 2):
 par new generation   total 368640K, used 327682K [0x00000006c1c00000, 0x00000006dac00000, 0x00000006dac00000)
  eden space 327680K, 100% used [0x00000006c1c00000, 0x00000006d5c00000, 0x00000006d5c00000)
  from space 40960K,   0% used [0x00000006d8400000, 0x00000006d8400810, 0x00000006dac00000)
  to   space 40960K,   0% used [0x00000006d5c00000, 0x00000006d5c00000, 0x00000006d8400000)
 concurrent mark-sweep generation total 3756032K, used 1086959K [0x00000006dac00000, 0x00000007c0000000, 0x00000007c0000000)
 Metaspace       used 42573K, capacity 43892K, committed 44572K, reserved 1087488K
  class space    used 5454K, capacity 5756K, committed 5960K, reserved 1048576K
2020-07-01T08:34:30.323+0200: 400224.966: [GC (Allocation Failure) 2020-07-01T08:34:30.323+0200: 400224.966: [ParNew
Desired survivor size 20971520 bytes, new threshold 1 (max 1)
- age   1:        272 bytes,        272 total
: 327682K->2K(368640K), 0.0283973 secs] 1414641K->1086961K(4124672K), 0.0285288 secs] [Times: user=0.02 sys=0.00, real=0.03 secs] 
Heap after GC invocations=496094 (full 2):
 par new generation   total 368640K, used 2K [0x00000006c1c00000, 0x00000006dac00000, 0x00000006dac00000)
  eden space 327680K,   0% used [0x00000006c1c00000, 0x00000006c1c00000, 0x00000006d5c00000)
  from space 40960K,   0% used [0x00000006d5c00000, 0x00000006d5c00810, 0x00000006d8400000)
  to   space 40960K,   0% used [0x00000006d8400000, 0x00000006d8400000, 0x00000006dac00000)
 concurrent mark-sweep generation total 3756032K, used 1086959K [0x00000006dac00000, 0x00000007c0000000, 0x00000007c0000000)
 Metaspace       used 42573K, capacity 43892K, committed 44572K, reserved 1087488K
  class space    used 5454K, capacity 5756K, committed 5960K, reserved 1048576K
}
2020-07-01T08:34:30.351+0200: 400224.994: Total time for which application threads were stopped: 0.0288328 seconds, Stopping threads took: 0.0000514 seconds
{Heap before GC invocations=496094 (full 2):
 par new generation   total 368640K, used 327682K [0x00000006c1c00000, 0x00000006dac00000, 0x00000006dac00000)
  eden space 327680K, 100% used [0x00000006c1c00000, 0x00000006d5c00000, 0x00000006d5c00000)
  from space 40960K,   0% used [0x00000006d5c00000, 0x00000006d5c00810, 0x00000006d8400000)
  to   space 40960K,   0% used [0x00000006d8400000, 0x00000006d8400000, 0x00000006dac00000)
 concurrent mark-sweep generation total 3756032K, used 1086959K [0x00000006dac00000, 0x00000007c0000000, 0x00000007c0000000)
 Metaspace       used 42573K, capacity 43892K, committed 44572K, reserved 1087488K
  class space    used 5454K, capacity 5756K, committed 5960K, reserved 1048576K
2020-07-01T08:34:30.689+0200: 400225.332: [GC (Allocation Failure) 2020-07-01T08:34:30.689+0200: 400225.332: [ParNew
Desired survivor size 20971520 bytes, new threshold 1 (max 1)
- age   1:        304 bytes,        304 total
: 327682K->2K(368640K), 0.0553007 secs] 1414641K->1086961K(4124672K), 0.0554440 secs] [Times: user=0.03 sys=0.00, real=0.05 secs] 
Heap after GC invocations=496095 (full 2):
 par new generation   total 368640K, used 2K [0x00000006c1c00000, 0x00000006dac00000, 0x00000006dac00000)
  eden space 327680K,   0% used [0x00000006c1c00000, 0x00000006c1c00000, 0x00000006d5c00000)
  from space 40960K,   0% used [0x00000006d8400000, 0x00000006d8400810, 0x00000006dac00000)
  to   space 40960K,   0% used [0x00000006d5c00000, 0x00000006d5c00000, 0x00000006d8400000)
 concurrent mark-sweep generation total 3756032K, used 1086959K [0x00000006dac00000, 0x00000007c0000000, 0x00000007c0000000)
 Metaspace       used 42573K, capacity 43892K, committed 44572K, reserved 1087488K
  class space    used 5454K, capacity 5756K, committed 5960K, reserved 1048576K
}
2020-07-01T08:34:30.745+0200: 400225.388: Total time for which application threads were stopped: 0.0557441 seconds, Stopping threads took: 0.0000517 seconds
{Heap before GC invocations=496095 (full 2):
 par new generation   total 368640K, used 327682K [0x00000006c1c00000, 0x00000006dac00000, 0x00000006dac00000)
  eden space 327680K, 100% used [0x00000006c1c00000, 0x00000006d5c00000, 0x00000006d5c00000)
  from space 40960K,   0% used [0x00000006d8400000, 0x00000006d8400810, 0x00000006dac00000)
  to   space 40960K,   0% used [0x00000006d5c00000, 0x00000006d5c00000, 0x00000006d8400000)
 concurrent mark-sweep generation total 3756032K, used 1086959K [0x00000006dac00000, 0x00000007c0000000, 0x00000007c0000000)
 Metaspace       used 42573K, capacity 43892K, committed 44572K, reserved 1087488K
  class space    used 5454K, capacity 5756K, committed 5960K, reserved 1048576K
2020-07-01T08:34:31.084+0200: 400225.726: [GC (Allocation Failure) 2020-07-01T08:34:31.084+0200: 400225.726: [ParNew
Desired survivor size 20971520 bytes, new threshold 1 (max 1)
- age   1:        240 bytes,        240 total
: 327682K->4K(368640K), 0.0163896 secs] 1414641K->1086963K(4124672K), 0.0165074 secs] [Times: user=0.00 sys=0.00, real=0.02 secs] 
Heap after GC invocations=496096 (full 2):
 par new generation   total 368640K, used 4K [0x00000006c1c00000, 0x00000006dac00000, 0x00000006dac00000)
  eden space 327680K,   0% used [0x00000006c1c00000, 0x00000006c1c00000, 0x00000006d5c00000)
  from space 40960K,   0% used [0x00000006d5c00000, 0x00000006d5c01020, 0x00000006d8400000)
  to   space 40960K,   0% used [0x00000006d8400000, 0x00000006d8400000, 0x00000006dac00000)
 concurrent mark-sweep generation total 3756032K, used 1086959K [0x00000006dac00000, 0x00000007c0000000, 0x00000007c0000000)
 Metaspace       used 42573K, capacity 43892K, committed 44572K, reserved 1087488K
  class space    used 5454K, capacity 5756K, committed 5960K, reserved 1048576K
}
2020-07-01T08:34:31.100+0200: 400225.743: Total time for which application threads were stopped: 0.0172882 seconds, Stopping threads took: 0.0004916 seconds
{Heap before GC invocations=496096 (full 2):
 par new generation   total 368640K, used 327684K [0x00000006c1c00000, 0x00000006dac00000, 0x00000006dac00000)
  eden space 327680K, 100% used [0x00000006c1c00000, 0x00000006d5c00000, 0x00000006d5c00000)
  from space 40960K,   0% used [0x00000006d5c00000, 0x00000006d5c01020, 0x00000006d8400000)
  to   space 40960K,   0% used [0x00000006d8400000, 0x00000006d8400000, 0x00000006dac00000)
 concurrent mark-sweep generation total 3756032K, used 1086959K [0x00000006dac00000, 0x00000007c0000000, 0x00000007c0000000)
 Metaspace       used 42573K, capacity 43892K, committed 44572K, reserved 1087488K
  class space    used 5454K, capacity 5756K, committed 5960K, reserved 1048576K
2020-07-01T08:34:31.414+0200: 400226.057: [GC (Allocation Failure) 2020-07-01T08:34:31.415+0200: 400226.057: [ParNew
Desired survivor size 20971520 bytes, new threshold 1 (max 1)
- age   1:        272 bytes,        272 total
: 327684K->4K(368640K), 0.0150114 secs] 1414643K->1086963K(4124672K), 0.0151280 secs] [Times: user=0.03 sys=0.00, real=0.02 secs] 
Heap after GC invocations=496097 (full 2):
 par new generation   total 368640K, used 4K [0x00000006c1c00000, 0x00000006dac00000, 0x00000006dac00000)
  eden space 327680K,   0% used [0x00000006c1c00000, 0x00000006c1c00000, 0x00000006d5c00000)
  from space 40960K,   0% used [0x00000006d8400000, 0x00000006d8401020, 0x00000006dac00000)
  to   space 40960K,   0% used [0x00000006d5c00000, 0x00000006d5c00000, 0x00000006d8400000)
 concurrent mark-sweep generation total 3756032K, used 1086959K [0x00000006dac00000, 0x00000007c0000000, 0x00000007c0000000)
 Metaspace       used 42573K, capacity 43892K, committed 44572K, reserved 1087488K
  class space    used 5454K, capacity 5756K, committed 5960K, reserved 1048576K
}
2020-07-01T08:34:31.430+0200: 400226.073: Total time for which application threads were stopped: 0.0155006 seconds, Stopping threads took: 0.0000967 seconds
{Heap before GC invocations=496097 (full 2):
 par new generation   total 368640K, used 327684K [0x00000006c1c00000, 0x00000006dac00000, 0x00000006dac00000)
  eden space 327680K, 100% used [0x00000006c1c00000, 0x00000006d5c00000, 0x00000006d5c00000)
  from space 40960K,   0% used [0x00000006d8400000, 0x00000006d8401020, 0x00000006dac00000)
  to   space 40960K,   0% used [0x00000006d5c00000, 0x00000006d5c00000, 0x00000006d8400000)
 concurrent mark-sweep generation total 3756032K, used 1086959K [0x00000006dac00000, 0x00000007c0000000, 0x00000007c0000000)
 Metaspace       used 42573K, capacity 43892K, committed 44572K, reserved 1087488K
  class space    used 5454K, capacity 5756K, committed 5960K, reserved 1048576K
2020-07-01T08:34:31.747+0200: 400226.390: [GC (Allocation Failure) 2020-07-01T08:34:31.747+0200: 400226.390: [ParNew
Desired survivor size 20971520 bytes, new threshold 1 (max 1)
- age   1:        272 bytes,        272 total
: 327684K->4K(368640K), 0.0203741 secs] 1414643K->1086963K(4124672K), 0.0205138 secs] [Times: user=0.03 sys=0.00, real=0.02 secs] 
Heap after GC invocations=496098 (full 2):
 par new generation   total 368640K, used 4K [0x00000006c1c00000, 0x00000006dac00000, 0x00000006dac00000)
  eden space 327680K,   0% used [0x00000006c1c00000, 0x00000006c1c00000, 0x00000006d5c00000)
  from space 40960K,   0% used [0x00000006d5c00000, 0x00000006d5c01020, 0x00000006d8400000)
  to   space 40960K,   0% used [0x00000006d8400000, 0x00000006d8400000, 0x00000006dac00000)
 concurrent mark-sweep generation total 3756032K, used 1086959K [0x00000006dac00000, 0x00000007c0000000, 0x00000007c0000000)
 Metaspace       used 42573K, capacity 43892K, committed 44572K, reserved 1087488K
  class space    used 5454K, capacity 5756K, committed 5960K, reserved 1048576K
}
2020-07-01T08:34:31.768+0200: 400226.410: Total time for which application threads were stopped: 0.0208737 seconds, Stopping threads took: 0.0000533 seconds
{Heap before GC invocations=496098 (full 2):
 par new generation   total 368640K, used 327684K [0x00000006c1c00000, 0x00000006dac00000, 0x00000006dac00000)
  eden space 327680K, 100% used [0x00000006c1c00000, 0x00000006d5c00000, 0x00000006d5c00000)
  from space 40960K,   0% used [0x00000006d5c00000, 0x00000006d5c01020, 0x00000006d8400000)
  to   space 40960K,   0% used [0x00000006d8400000, 0x00000006d8400000, 0x00000006dac00000)
 concurrent mark-sweep generation total 3756032K, used 1086959K [0x00000006dac00000, 0x00000007c0000000, 0x00000007c0000000)
 Metaspace       used 42573K, capacity 43892K, committed 44572K, reserved 1087488K
  class space    used 5454K, capacity 5756K, committed 5960K, reserved 1048576K
2020-07-01T08:34:32.081+0200: 400226.724: [GC (Allocation Failure) 2020-07-01T08:34:32.081+0200: 400226.724: [ParNew
Desired survivor size 20971520 bytes, new threshold 1 (max 1)
- age   1:        240 bytes,        240 total
: 327684K->4K(368640K), 0.0187350 secs] 1414643K->1086964K(4124672K), 0.0188468 secs] [Times: user=0.02 sys=0.00, real=0.02 secs] 
Heap after GC invocations=496099 (full 2):
 par new generation   total 368640K, used 4K [0x00000006c1c00000, 0x00000006dac00000, 0x00000006dac00000)
  eden space 327680K,   0% used [0x00000006c1c00000, 0x00000006c1c00000, 0x00000006d5c00000)
  from space 40960K,   0% used [0x00000006d8400000, 0x00000006d8401020, 0x00000006dac00000)
  to   space 40960K,   0% used [0x00000006d5c00000, 0x00000006d5c00000, 0x00000006d8400000)
 concurrent mark-sweep generation total 3756032K, used 1086959K [0x00000006dac00000, 0x00000007c0000000, 0x00000007c0000000)
 Metaspace       used 42573K, capacity 43892K, committed 44572K, reserved 1087488K
  class space    used 5454K, capacity 5756K, committed 5960K, reserved 1048576K
}
2020-07-01T08:34:32.100+0200: 400226.743: Total time for which application threads were stopped: 0.0191570 seconds, Stopping threads took: 0.0000701 seconds
{Heap before GC invocations=496099 (full 2):
 par new generation   total 368640K, used 327684K [0x00000006c1c00000, 0x00000006dac00000, 0x00000006dac00000)
  eden space 327680K, 100% used [0x00000006c1c00000, 0x00000006d5c00000, 0x00000006d5c00000)
  from space 40960K,   0% used [0x00000006d8400000, 0x00000006d8401020, 0x00000006dac00000)
  to   space 40960K,   0% used [0x00000006d5c00000, 0x00000006d5c00000, 0x00000006d8400000)
 concurrent mark-sweep generation total 3756032K, used 1086959K [0x00000006dac00000, 0x00000007c0000000, 0x00000007c0000000)
 Metaspace       used 42573K, capacity 43892K, committed 44572K, reserved 1087488K
  class space    used 5454K, capacity 5756K, committed 5960K, reserved 1048576K
2020-07-01T08:34:32.409+0200: 400227.052: [GC (Allocation Failure) 2020-07-01T08:34:32.409+0200: 400227.052: [ParNew
Desired survivor size 20971520 bytes, new threshold 1 (max 1)
- age   1:        272 bytes,        272 total
: 327684K->4K(368640K), 0.0103599 secs] 1414644K->1086964K(4124672K), 0.0104777 secs] [Times: user=0.03 sys=0.00, real=0.01 secs] 
Heap after GC invocations=496100 (full 2):
 par new generation   total 368640K, used 4K [0x00000006c1c00000, 0x00000006dac00000, 0x00000006dac00000)
  eden space 327680K,   0% used [0x00000006c1c00000, 0x00000006c1c00000, 0x00000006d5c00000)
  from space 40960K,   0% used [0x00000006d5c00000, 0x00000006d5c01020, 0x00000006d8400000)
  to   space 40960K,   0% used [0x00000006d8400000, 0x00000006d8400000, 0x00000006dac00000)
 concurrent mark-sweep generation total 3756032K, used 1086959K [0x00000006dac00000, 0x00000007c0000000, 0x00000007c0000000)
 Metaspace       used 42573K, capacity 43892K, committed 44572K, reserved 1087488K
  class space    used 5454K, capacity 5756K, committed 5960K, reserved 1048576K
}
2020-07-01T08:34:32.419+0200: 400227.062: Total time for which application threads were stopped: 0.0108126 seconds, Stopping threads took: 0.0000562 seconds
{Heap before GC invocations=496100 (full 2):
 par new generation   total 368640K, used 327684K [0x00000006c1c00000, 0x00000006dac00000, 0x00000006dac00000)
  eden space 327680K, 100% used [0x00000006c1c00000, 0x00000006d5c00000, 0x00000006d5c00000)
  from space 40960K,   0% used [0x00000006d5c00000, 0x00000006d5c01020, 0x00000006d8400000)
  to   space 40960K,   0% used [0x00000006d8400000, 0x00000006d8400000, 0x00000006dac00000)
 concurrent mark-sweep generation total 3756032K, used 1086959K [0x00000006dac00000, 0x00000007c0000000, 0x00000007c0000000)
 Metaspace       used 42573K, capacity 43892K, committed 44572K, reserved 1087488K
  class space    used 5454K, capacity 5756K, committed 5960K, reserved 1048576K
2020-07-01T08:34:32.725+0200: 400227.368: [GC (Allocation Failure) 2020-07-01T08:34:32.726+0200: 400227.368: [ParNew
Desired survivor size 20971520 bytes, new threshold 1 (max 1)
- age   1:        304 bytes,        304 total
: 327684K->2K(368640K), 0.0155636 secs] 1414644K->1086962K(4124672K), 0.0157091 secs] [Times: user=0.02 sys=0.00, real=0.02 secs] 
Heap after GC invocations=496101 (full 2):
 par new generation   total 368640K, used 2K [0x00000006c1c00000, 0x00000006dac00000, 0x00000006dac00000)
  eden space 327680K,   0% used [0x00000006c1c00000, 0x00000006c1c00000, 0x00000006d5c00000)
  from space 40960K,   0% used [0x00000006d8400000, 0x00000006d8400810, 0x00000006dac00000)
  to   space 40960K,   0% used [0x00000006d5c00000, 0x00000006d5c00000, 0x00000006d8400000)
 concurrent mark-sweep generation total 3756032K, used 1086960K [0x00000006dac00000, 0x00000007c0000000, 0x00000007c0000000)
 Metaspace       used 42573K, capacity 43892K, committed 44572K, reserved 1087488K
  class space    used 5454K, capacity 5756K, committed 5960K, reserved 1048576K
}
2020-07-01T08:34:32.741+0200: 400227.384: Total time for which application threads were stopped: 0.0159946 seconds, Stopping threads took: 0.0000477 seconds
{Heap before GC invocations=496101 (full 2):
 par new generation   total 368640K, used 327682K [0x00000006c1c00000, 0x00000006dac00000, 0x00000006dac00000)
  eden space 327680K, 100% used [0x00000006c1c00000, 0x00000006d5c00000, 0x00000006d5c00000)
  from space 40960K,   0% used [0x00000006d8400000, 0x00000006d8400810, 0x00000006dac00000)
  to   space 40960K,   0% used [0x00000006d5c00000, 0x00000006d5c00000, 0x00000006d8400000)
 concurrent mark-sweep generation total 3756032K, used 1086960K [0x00000006dac00000, 0x00000007c0000000, 0x00000007c0000000)
 Metaspace       used 42573K, capacity 43892K, committed 44572K, reserved 1087488K
  class space    used 5454K, capacity 5756K, committed 5960K, reserved 1048576K
2020-07-01T08:34:33.054+0200: 400227.697: [GC (Allocation Failure) 2020-07-01T08:34:33.054+0200: 400227.697: [ParNew
Desired survivor size 20971520 bytes, new threshold 1 (max 1)
- age   1:        240 bytes,        240 total
: 327682K->2K(368640K), 0.0344476 secs] 1414642K->1086962K(4124672K), 0.0345707 secs] [Times: user=0.02 sys=0.00, real=0.04 secs] 
Heap after GC invocations=496102 (full 2):
 par new generation   total 368640K, used 2K [0x00000006c1c00000, 0x00000006dac00000, 0x00000006dac00000)
  eden space 327680K,   0% used [0x00000006c1c00000, 0x00000006c1c00000, 0x00000006d5c00000)
  from space 40960K,   0% used [0x00000006d5c00000, 0x00000006d5c00810, 0x00000006d8400000)
  to   space 40960K,   0% used [0x00000006d8400000, 0x00000006d8400000, 0x00000006dac00000)
 concurrent mark-sweep generation total 3756032K, used 1086960K [0x00000006dac00000, 0x00000007c0000000, 0x00000007c0000000)
 Metaspace       used 42573K, capacity 43892K, committed 44572K, reserved 1087488K
  class space    used 5454K, capacity 5756K, committed 5960K, reserved 1048576K
}
2020-07-01T08:34:33.089+0200: 400227.732: Total time for which application threads were stopped: 0.0422748 seconds, Stopping threads took: 0.0072730 seconds
{Heap before GC invocations=496102 (full 2):
 par new generation   total 368640K, used 327682K [0x00000006c1c00000, 0x00000006dac00000, 0x00000006dac00000)
  eden space 327680K, 100% used [0x00000006c1c00000, 0x00000006d5c00000, 0x00000006d5c00000)
  from space 40960K,   0% used [0x00000006d5c00000, 0x00000006d5c00810, 0x00000006d8400000)
  to   space 40960K,   0% used [0x00000006d8400000, 0x00000006d8400000, 0x00000006dac00000)
 concurrent mark-sweep generation total 3756032K, used 1086960K [0x00000006dac00000, 0x00000007c0000000, 0x00000007c0000000)
 Metaspace       used 42573K, capacity 43892K, committed 44572K, reserved 1087488K
  class space    used 5454K, capacity 5756K, committed 5960K, reserved 1048576K
2020-07-01T08:34:33.595+0200: 400228.237: [GC (Allocation Failure) 2020-07-01T08:34:33.595+0200: 400228.237: [ParNew
Desired survivor size 20971520 bytes, new threshold 1 (max 1)
- age   1:        272 bytes,        272 total
: 327682K->2K(368640K), 0.3009262 secs] 1414642K->1086962K(4124672K), 0.3010356 secs] [Times: user=0.01 sys=0.00, real=0.30 secs] 
Heap after GC invocations=496103 (full 2):
 par new generation   total 368640K, used 2K [0x00000006c1c00000, 0x00000006dac00000, 0x00000006dac00000)
  eden space 327680K,   0% used [0x00000006c1c00000, 0x00000006c1c00000, 0x00000006d5c00000)
  from space 40960K,   0% used [0x00000006d8400000, 0x00000006d8400810, 0x00000006dac00000)
  to   space 40960K,   0% used [0x00000006d5c00000, 0x00000006d5c00000, 0x00000006d8400000)
 concurrent mark-sweep generation total 3756032K, used 1086960K [0x00000006dac00000, 0x00000007c0000000, 0x00000007c0000000)
 Metaspace       used 42573K, capacity 43892K, committed 44572K, reserved 1087488K
  class space    used 5454K, capacity 5756K, committed 5960K, reserved 1048576K
}
2020-07-01T08:34:33.896+0200: 400228.539: Total time for which application threads were stopped: 0.3013383 seconds, Stopping threads took: 0.0000499 seconds
{Heap before GC invocations=496103 (full 2):
 par new generation   total 368640K, used 327682K [0x00000006c1c00000, 0x00000006dac00000, 0x00000006dac00000)
  eden space 327680K, 100% used [0x00000006c1c00000, 0x00000006d5c00000, 0x00000006d5c00000)
  from space 40960K,   0% used [0x00000006d8400000, 0x00000006d8400810, 0x00000006dac00000)
  to   space 40960K,   0% used [0x00000006d5c00000, 0x00000006d5c00000, 0x00000006d8400000)
 concurrent mark-sweep generation total 3756032K, used 1086960K [0x00000006dac00000, 0x00000007c0000000, 0x00000007c0000000)
 Metaspace       used 42573K, capacity 43892K, committed 44572K, reserved 1087488K
  class space    used 5454K, capacity 5756K, committed 5960K, reserved 1048576K
2020-07-01T08:34:34.442+0200: 400229.085: [GC (Allocation Failure) 2020-07-01T08:34:34.442+0200: 400229.085: [ParNew
Desired survivor size 20971520 bytes, new threshold 1 (max 1)
- age   1:        816 bytes,        816 total
: 327682K->4K(368640K), 0.0202697 secs] 1414642K->1086964K(4124672K), 0.0203838 secs] [Times: user=0.01 sys=0.00, real=0.02 secs] 
Heap after GC invocations=496104 (full 2):
 par new generation   total 368640K, used 4K [0x00000006c1c00000, 0x00000006dac00000, 0x00000006dac00000)
  eden space 327680K,   0% used [0x00000006c1c00000, 0x00000006c1c00000, 0x00000006d5c00000)
  from space 40960K,   0% used [0x00000006d5c00000, 0x00000006d5c01020, 0x00000006d8400000)
  to   space 40960K,   0% used [0x00000006d8400000, 0x00000006d8400000, 0x00000006dac00000)
 concurrent mark-sweep generation total 3756032K, used 1086960K [0x00000006dac00000, 0x00000007c0000000, 0x00000007c0000000)
 Metaspace       used 42573K, capacity 43892K, committed 44572K, reserved 1087488K
  class space    used 5454K, capacity 5756K, committed 5960K, reserved 1048576K
}
2020-07-01T08:34:34.462+0200: 400229.105: Total time for which application threads were stopped: 0.0206715 seconds, Stopping threads took: 0.0000496 seconds
{Heap before GC invocations=496104 (full 2):
 par new generation   total 368640K, used 327684K [0x00000006c1c00000, 0x00000006dac00000, 0x00000006dac00000)
  eden space 327680K, 100% used [0x00000006c1c00000, 0x00000006d5c00000, 0x00000006d5c00000)
  from space 40960K,   0% used [0x00000006d5c00000, 0x00000006d5c01020, 0x00000006d8400000)
  to   space 40960K,   0% used [0x00000006d8400000, 0x00000006d8400000, 0x00000006dac00000)
 concurrent mark-sweep generation total 3756032K, used 1086960K [0x00000006dac00000, 0x00000007c0000000, 0x00000007c0000000)
 Metaspace       used 42573K, capacity 43892K, committed 44572K, reserved 1087488K
  class space    used 5454K, capacity 5756K, committed 5960K, reserved 1048576K
2020-07-01T08:34:34.776+0200: 400229.419: [GC (Allocation Failure) 2020-07-01T08:34:34.776+0200: 400229.419: [ParNew
Desired survivor size 20971520 bytes, new threshold 1 (max 1)
- age   1:        240 bytes,        240 total
: 327684K->4K(368640K), 0.0148948 secs] 1414644K->1086964K(4124672K), 0.0150146 secs] [Times: user=0.00 sys=0.01, real=0.02 secs] 
Heap after GC invocations=496105 (full 2):
 par new generation   total 368640K, used 4K [0x00000006c1c00000, 0x00000006dac00000, 0x00000006dac00000)
  eden space 327680K,   0% used [0x00000006c1c00000, 0x00000006c1c00000, 0x00000006d5c00000)
  from space 40960K,   0% used [0x00000006d8400000, 0x00000006d8401020, 0x00000006dac00000)
  to   space 40960K,   0% used [0x00000006d5c00000, 0x00000006d5c00000, 0x00000006d8400000)
 concurrent mark-sweep generation total 3756032K, used 1086960K [0x00000006dac00000, 0x00000007c0000000, 0x00000007c0000000)
 Metaspace       used 42573K, capacity 43892K, committed 44572K, reserved 1087488K
  class space    used 5454K, capacity 5756K, committed 5960K, reserved 1048576K
}
2020-07-01T08:34:34.791+0200: 400229.434: Total time for which application threads were stopped: 0.0154348 seconds, Stopping threads took: 0.0001265 seconds
{Heap before GC invocations=496105 (full 2):
 par new generation   total 368640K, used 327684K [0x00000006c1c00000, 0x00000006dac00000, 0x00000006dac00000)
  eden space 327680K, 100% used [0x00000006c1c00000, 0x00000006d5c00000, 0x00000006d5c00000)
  from space 40960K,   0% used [0x00000006d8400000, 0x00000006d8401020, 0x00000006dac00000)
  to   space 40960K,   0% used [0x00000006d5c00000, 0x00000006d5c00000, 0x00000006d8400000)
 concurrent mark-sweep generation total 3756032K, used 1086960K [0x00000006dac00000, 0x00000007c0000000, 0x00000007c0000000)
 Metaspace       used 42573K, capacity 43892K, committed 44572K, reserved 1087488K
  class space    used 5454K, capacity 5756K, committed 5960K, reserved 1048576K
2020-07-01T08:34:35.116+0200: 400229.759: [GC (Allocation Failure) 2020-07-01T08:34:35.116+0200: 400229.759: [ParNew
Desired survivor size 20971520 bytes, new threshold 1 (max 1)
- age   1:        272 bytes,        272 total
: 327684K->4K(368640K), 0.0273291 secs] 1414644K->1086964K(4124672K), 0.0274595 secs] [Times: user=0.00 sys=0.00, real=0.03 secs] 
Heap after GC invocations=496106 (full 2):
 par new generation   total 368640K, used 4K [0x00000006c1c00000, 0x00000006dac00000, 0x00000006dac00000)
  eden space 327680K,   0% used [0x00000006c1c00000, 0x00000006c1c00000, 0x00000006d5c00000)
  from space 40960K,   0% used [0x00000006d5c00000, 0x00000006d5c01020, 0x00000006d8400000)
  to   space 40960K,   0% used [0x00000006d8400000, 0x00000006d8400000, 0x00000006dac00000)
 concurrent mark-sweep generation total 3756032K, used 1086960K [0x00000006dac00000, 0x00000007c0000000, 0x00000007c0000000)
 Metaspace       used 42573K, capacity 43892K, committed 44572K, reserved 1087488K
  class space    used 5454K, capacity 5756K, committed 5960K, reserved 1048576K
}
2020-07-01T08:34:35.143+0200: 400229.786: Total time for which application threads were stopped: 0.0277563 seconds, Stopping threads took: 0.0000505 seconds
{Heap before GC invocations=496106 (full 2):
 par new generation   total 368640K, used 327684K [0x00000006c1c00000, 0x00000006dac00000, 0x00000006dac00000)
  eden space 327680K, 100% used [0x00000006c1c00000, 0x00000006d5c00000, 0x00000006d5c00000)
  from space 40960K,   0% used [0x00000006d5c00000, 0x00000006d5c01020, 0x00000006d8400000)
  to   space 40960K,   0% used [0x00000006d8400000, 0x00000006d8400000, 0x00000006dac00000)
 concurrent mark-sweep generation total 3756032K, used 1086960K [0x00000006dac00000, 0x00000007c0000000, 0x00000007c0000000)
 Metaspace       used 42573K, capacity 43892K, committed 44572K, reserved 1087488K
  class space    used 5454K, capacity 5756K, committed 5960K, reserved 1048576K
2020-07-01T08:34:35.470+0200: 400230.112: [GC (Allocation Failure) 2020-07-01T08:34:35.470+0200: 400230.113: [ParNew
Desired survivor size 20971520 bytes, new threshold 1 (max 1)
- age   1:        272 bytes,        272 total
: 327684K->4K(368640K), 0.0182207 secs] 1414644K->1086964K(4124672K), 0.0183659 secs] [Times: user=0.02 sys=0.00, real=0.02 secs] 
Heap after GC invocations=496107 (full 2):
 par new generation   total 368640K, used 4K [0x00000006c1c00000, 0x00000006dac00000, 0x00000006dac00000)
  eden space 327680K,   0% used [0x00000006c1c00000, 0x00000006c1c00000, 0x00000006d5c00000)
  from space 40960K,   0% used [0x00000006d8400000, 0x00000006d8401020, 0x00000006dac00000)
  to   space 40960K,   0% used [0x00000006d5c00000, 0x00000006d5c00000, 0x00000006d8400000)
 concurrent mark-sweep generation total 3756032K, used 1086960K [0x00000006dac00000, 0x00000007c0000000, 0x00000007c0000000)
 Metaspace       used 42573K, capacity 43892K, committed 44572K, reserved 1087488K
  class space    used 5454K, capacity 5756K, committed 5960K, reserved 1048576K
}
2020-07-01T08:34:35.488+0200: 400230.131: Total time for which application threads were stopped: 0.0186983 seconds, Stopping threads took: 0.0000528 seconds
{Heap before GC invocations=496107 (full 2):
 par new generation   total 368640K, used 327684K [0x00000006c1c00000, 0x00000006dac00000, 0x00000006dac00000)
  eden space 327680K, 100% used [0x00000006c1c00000, 0x00000006d5c00000, 0x00000006d5c00000)
  from space 40960K,   0% used [0x00000006d8400000, 0x00000006d8401020, 0x00000006dac00000)
  to   space 40960K,   0% used [0x00000006d5c00000, 0x00000006d5c00000, 0x00000006d8400000)
 concurrent mark-sweep generation total 3756032K, used 1086960K [0x00000006dac00000, 0x00000007c0000000, 0x00000007c0000000)
 Metaspace       used 42573K, capacity 43892K, committed 44572K, reserved 1087488K
  class space    used 5454K, capacity 5756K, committed 5960K, reserved 1048576K
2020-07-01T08:34:35.818+0200: 400230.460: [GC (Allocation Failure) 2020-07-01T08:34:35.818+0200: 400230.461: [ParNew
Desired survivor size 20971520 bytes, new threshold 1 (max 1)
- age   1:        272 bytes,        272 total
: 327684K->4K(368640K), 0.0157180 secs] 1414644K->1086964K(4124672K), 0.0158490 secs] [Times: user=0.03 sys=0.00, real=0.02 secs] 
Heap after GC invocations=496108 (full 2):
 par new generation   total 368640K, used 4K [0x00000006c1c00000, 0x00000006dac00000, 0x00000006dac00000)
  eden space 327680K,   0% used [0x00000006c1c00000, 0x00000006c1c00000, 0x00000006d5c00000)
  from space 40960K,   0% used [0x00000006d5c00000, 0x00000006d5c01020, 0x00000006d8400000)
  to   space 40960K,   0% used [0x00000006d8400000, 0x00000006d8400000, 0x00000006dac00000)
 concurrent mark-sweep generation total 3756032K, used 1086960K [0x00000006dac00000, 0x00000007c0000000, 0x00000007c0000000)
 Metaspace       used 42573K, capacity 43892K, committed 44572K, reserved 1087488K
  class space    used 5454K, capacity 5756K, committed 5960K, reserved 1048576K
}
2020-07-01T08:34:35.834+0200: 400230.476: Total time for which application threads were stopped: 0.0162500 seconds, Stopping threads took: 0.0001451 seconds
{Heap before GC invocations=496108 (full 2):
 par new generation   total 368640K, used 327684K [0x00000006c1c00000, 0x00000006dac00000, 0x00000006dac00000)
  eden space 327680K, 100% used [0x00000006c1c00000, 0x00000006d5c00000, 0x00000006d5c00000)
  from space 40960K,   0% used [0x00000006d5c00000, 0x00000006d5c01020, 0x00000006d8400000)
  to   space 40960K,   0% used [0x00000006d8400000, 0x00000006d8400000, 0x00000006dac00000)
 concurrent mark-sweep generation total 3756032K, used 1086960K [0x00000006dac00000, 0x00000007c0000000, 0x00000007c0000000)
 Metaspace       used 42573K, capacity 43892K, committed 44572K, reserved 1087488K
  class space    used 5454K, capacity 5756K, committed 5960K, reserved 1048576K
2020-07-01T08:34:36.130+0200: 400230.773: [GC (Allocation Failure) 2020-07-01T08:34:36.131+0200: 400230.773: [ParNew
Desired survivor size 20971520 bytes, new threshold 1 (max 1)
- age   1:        304 bytes,        304 total
: 327684K->4K(368640K), 0.0082756 secs] 1414644K->1086964K(4124672K), 0.0084085 secs] [Times: user=0.05 sys=0.00, real=0.01 secs] 
Heap after GC invocations=496109 (full 2):
 par new generation   total 368640K, used 4K [0x00000006c1c00000, 0x00000006dac00000, 0x00000006dac00000)
  eden space 327680K,   0% used [0x00000006c1c00000, 0x00000006c1c00000, 0x00000006d5c00000)
  from space 40960K,   0% used [0x00000006d8400000, 0x00000006d8401020, 0x00000006dac00000)
  to   space 40960K,   0% used [0x00000006d5c00000, 0x00000006d5c00000, 0x00000006d8400000)
 concurrent mark-sweep generation total 3756032K, used 1086960K [0x00000006dac00000, 0x00000007c0000000, 0x00000007c0000000)
 Metaspace       used 42573K, capacity 43892K, committed 44572K, reserved 1087488K
  class space    used 5454K, capacity 5756K, committed 5960K, reserved 1048576K
}
2020-07-01T08:34:36.139+0200: 400230.782: Total time for which application threads were stopped: 0.0087893 seconds, Stopping threads took: 0.0001413 seconds
{Heap before GC invocations=496109 (full 2):
 par new generation   total 368640K, used 327684K [0x00000006c1c00000, 0x00000006dac00000, 0x00000006dac00000)
  eden space 327680K, 100% used [0x00000006c1c00000, 0x00000006d5c00000, 0x00000006d5c00000)
  from space 40960K,   0% used [0x00000006d8400000, 0x00000006d8401020, 0x00000006dac00000)
  to   space 40960K,   0% used [0x00000006d5c00000, 0x00000006d5c00000, 0x00000006d8400000)
 concurrent mark-sweep generation total 3756032K, used 1086960K [0x00000006dac00000, 0x00000007c0000000, 0x00000007c0000000)
 Metaspace       used 42573K, capacity 43892K, committed 44572K, reserved 1087488K
  class space    used 5454K, capacity 5756K, committed 5960K, reserved 1048576K
2020-07-01T08:34:36.430+0200: 400231.073: [GC (Allocation Failure) 2020-07-01T08:34:36.430+0200: 400231.073: [ParNew
Desired survivor size 20971520 bytes, new threshold 1 (max 1)
- age   1:        272 bytes,        272 total
: 327684K->6K(368640K), 0.0077424 secs] 1414644K->1086966K(4124672K), 0.0078780 secs] [Times: user=0.05 sys=0.00, real=0.00 secs] 
Heap after GC invocations=496110 (full 2):
 par new generation   total 368640K, used 6K [0x00000006c1c00000, 0x00000006dac00000, 0x00000006dac00000)
  eden space 327680K,   0% used [0x00000006c1c00000, 0x00000006c1c00000, 0x00000006d5c00000)
  from space 40960K,   0% used [0x00000006d5c00000, 0x00000006d5c01830, 0x00000006d8400000)
  to   space 40960K,   0% used [0x00000006d8400000, 0x00000006d8400000, 0x00000006dac00000)
